198.46.218.94 - - [11/Nov/2016:16:59:28 -0800] "GET /Dental-Links.html HTTP/1.1" 200 27799 "-" "Mozilla/5.0 (Windows NT 10.0; Win64; x64) AppleWebKit/537.36 (KHTML, like Gecko) Chrome/54.0.2840.71 Safari/537.36" "www.superior-dentistry.com"
198.46.218.94 - - [11/Nov/2016:16:59:28 -0800] "GET /css/bootstrap-theme.css HTTP/1.1" 200 19156 "http://www.superior-dentistry.com/Dental-Links.html" "Mozilla/5.0 (Windows NT 10.0; Win64; x64) AppleWebKit/537.36 (KHTML, like Gecko) Chrome/54.0.2840.71 Safari/537.36" "www.superior-dentistry.com"
198.46.218.94 - - [11/Nov/2016:16:59:28 -0800] "GET /css/bootstrap.css HTTP/1.1" 200 138415 "http://www.superior-dentistry.com/Dental-Links.html" "Mozilla/5.0 (Windows NT 10.0; Win64; x64) AppleWebKit/537.36 (KHTML, like Gecko) Chrome/54.0.2840.71 Safari/537.36" "www.superior-dentistry.com"
198.46.218.94 - - [11/Nov/2016:16:59:29 -0800] "GET /css/font-awesome.css HTTP/1.1" 200 28747 "http://www.superior-dentistry.com/Dental-Links.html" "Mozilla/5.0 (Windows NT 10.0; Win64; x64) AppleWebKit/537.36 (KHTML, like Gecko) Chrome/54.0.2840.71 Safari/537.36" "www.superior-dentistry.com"[0]
198.46.218.94 - - [11/Nov/2016:16:59:29 -0800] "GET /theme.css HTTP/1.1" 200 1926 "http://www.superior-dentistry.com/Dental-Links.html" "Mozilla/5.0 (Windows NT 10.0; Win64; x64) AppleWebKit/537.36 (KHTML, like Gecko) Chrome/54.0.2840.71 Safari/537.36" "www.superior-dentistry.com"
198.46.218.94 - - [11/Nov/2016:16:59:29 -0800] "GET /js/ie-emulation-modes-warning.js HTTP/1.1" 200 2132 "http://www.superior-dentistry.com/Dental-Links.html" "Mozilla/5.0 (Windows NT 10.0; Win64; x64) AppleWebKit/537.36 (KHTML, like Gecko) Chrome/54.0.2840.71 Safari/537.36" "www.superior-dentistry.com"
198.46.218.94 - - [11/Nov/2016:16:59:41 -0800] "GET /img/doctor-achievement.jpg HTTP/1.1" 200 200838 "http://www.superior-dentistry.com/Dental-Links.html" "Mozilla/5.0 (Windows NT 10.0; Win64; x64) AppleWebKit/537.36 (KHTML, like Gecko) Chrome/54.0.2840.71 Safari/537.36" "www.superior-dentistry.com"
198.46.218.94 - - [11/Nov/2016:16:59:42 -0800] "GET /fonts/fontawesome-webfont.woff2?v=4.3.0 HTTP/1.1" 200 56780 "http://www.superior-dentistry.com/css/font-awesome.css" "Mozilla/5.0 (Windows NT 10.0; Win64; x64) AppleWebKit/537.36 (KHTML, like Gecko) Chrome/54.0.2840.71 Safari/537.36" "www.superior-dentistry.com"
199.16.156.125 - - [11/Nov/2016:17:00:10 -0800] "GET /robots.txt HTTP/1.1" 200 49 "-" "Twitterbot/1.0" "www.superior-dentistry.com"
199.16.156.125 - - [11/Nov/2016:17:00:10 -0800] "GET /images/logo1.jpg HTTP/1.1" 404 89 "-" "Twitterbot/1.0" "www.superior-dentistry.com"
199.16.156.124 - - [11/Nov/2016:17:00:10 -0800] "GET /robots.txt HTTP/1.1" 200 49 "-" "Twitterbot/1.0" "www.superior-dentistry.com"
199.16.156.124 - - [11/Nov/2016:17:00:10 -0800] "GET /images/endodontia-root-canal-treatment.jpg HTTP/1.1" 404 89 "-" "Twitterbot/1.0" "www.superior-dentistry.com"
199.16.156.125 - - [11/Nov/2016:17:00:10 -0800] "GET /images/logo1.jpg HTTP/1.1" 404 89 "-" "Twitterbot/1.0" "www.superior-dentistry.com"
199.16.156.124 - - [11/Nov/2016:17:00:10 -0800] "GET /robots.txt HTTP/1.1" 200 49 "-" "Twitterbot/1.0" "www.superior-dentistry.com"
199.16.156.125 - - [11/Nov/2016:17:00:10 -0800] "GET /robots.txt HTTP/1.1" 200 49 "-" "Twitterbot/1.0" "www.superior-dentistry.com"
199.16.156.124 - - [11/Nov/2016:17:00:10 -0800] "GET /images/logo1.jpg HTTP/1.1" 404 89 "-" "Twitterbot/1.0" "www.superior-dentistry.com"
198.46.218.94 - - [11/Nov/2016:17:00:16 -0800] "GET /assets/flash/ZeroClipboard.swf?noCache=1478912393605 HTTP/1.1" 404 89 "http://www.superior-dentistry.com/Dental-Links.html" "Mozilla/5.0 (Windows NT 10.0; Win64; x64) AppleWebKit/537.36 (KHTML, like Gecko) Chrome/54.0.2840.71 Safari/537.36" "www.superior-dentistry.com"
180.76.15.148 - - [11/Nov/2016:17:03:23 -0800] "GET /Dental-Sites-We-Like.html HTTP/1.1" 200 41846 "-" "Mozilla/5.0 (compatible; Baiduspider/2.0; +http://www.baidu.com/search/spider.html)" "superior-dentistry.com"
198.16.7.150 - - [11/Nov/2016:17:09:24 -0800] "GET / HTTP/1.1" 200 38900 "-" "FreeWebMonitoring SiteChecker/0.2 (+http://www.freewebmonitoring.com/bot.html)" "www.superior-dentistry.com"
91.219.237.244 - - [11/Nov/2016:17:15:12 -0800] "GET / HTTP/1.1" 200 38900 "-" "Mozilla/5.0 (Windows NT 10.0; WOW64) AppleWebKit/537.36 (KHTML, like Gecko) Chrome/52.0.2743.116 Safari/537.36" "superior-dentistry.com"
216.19.219.104 - - [11/Nov/2016:17:38:55 -0800] "GET / HTTP/1.1" 200 38900 "-" "=Mozilla/5.0 (Windows; U; Windows NT 6.1; en-US) AppleWebKit/534.16 (KHTML, like Gecko) Chrome/10.0.648.204 Safari/534.16" "superior-dentistry.com"
71.189.164.218 - - [11/Nov/2016:18:02:19 -0800] "GET /robots.txt HTTP/1.1" 200 49 "-" "Mozilla/5.0 (compatible; GimmeUSAbot/1.0; +https://gimmeusa.com/crawler.html)" "superior-dentistry.com"
198.16.7.150 - - [11/Nov/2016:18:10:22 -0800] "GET / HTTP/1.1" 200 38900 "-" "FreeWebMonitoring SiteChecker/0.2 (+http://www.freewebmonitoring.com/bot.html)" "www.superior-dentistry.com"
163.172.64.223 - - [11/Nov/2016:18:17:56 -0800] "GET /Bowie-Dentists/www.superior-dentistry.com HTTP/1.1" 404 89 "-" "Mozilla/5.0 (compatible; AhrefsBot/5.1; +http://ahrefs.com/robot/)" "www.superior-dentistry.com"
199.59.148.211 - - [11/Nov/2016:18:19:04 -0800] "GET /images/logo1.jpg HTTP/1.1" 404 89 "-" "Twitterbot/1.0" "www.superior-dentistry.com"
54.242.164.91 - - [11/Nov/2016:18:23:28 -0800] "GET / HTTP/1.1" 200 38900 "-" "Mozilla/5.0 (X11; Linux x86_64) AppleWebKit/537.36 (KHTML, like Gecko) Chrome/43.0.2357.134 Safari/537.36 http://notifyninja.com/monitoring" "superior-dentistry.com"
199.16.156.126 - - [11/Nov/2016:18:25:32 -0800] "GET /robots.txt HTTP/1.1" 200 49 "-" "Twitterbot/1.0" "www.superior-dentistry.com"
199.16.156.126 - - [11/Nov/2016:18:25:32 -0800] "GET /images/logo1.jpg HTTP/1.1" 404 89 "-" "Twitterbot/1.0" "www.superior-dentistry.com"
108.62.46.223 - - [11/Nov/2016:18:26:12 -0800] "GET /contact-us.php HTTP/1.1" 200 73 "-" "Mozilla/5.0 (Macintosh; Intel Mac OS X 10_8_8) AppleWebKit/537.36 (KHTML, like Gecko) Chrome/35.0.1929.52 Safari/537.36" "www.superior-dentistry.com"
207.46.13.99 - - [11/Nov/2016:18:28:50 -0800] "GET /robots.txt HTTP/1.1" 200 49 "-" "Mozilla/5.0 (compatible; bingbot/2.0; +http://www.bing.com/bingbot.htm)" "www.superior-dentistry.com"
198.16.7.150 - - [11/Nov/2016:19:10:55 -0800] "GET / HTTP/1.1" 200 38900 "-" "FreeWebMonitoring SiteChecker/0.2 (+http://www.freewebmonitoring.com/bot.html)" "www.superior-dentistry.com"
54.243.142.136 - - [11/Nov/2016:19:16:07 -0800] "GET /Dental-LinkExchange.html HTTP/1.1" 200 24959 "-" "Mozilla/5.0 (Windows; U; Windows NT 5.1; en-US; rv:1.7.5) Gecko/20041107 Firefox/1.0" "www.superior-dentistry.com"
157.55.39.201 - - [11/Nov/2016:19:36:03 -0800] "GET /Dentist-Bowie-MD/contact-us.html HTTP/1.1" 404 89 "-" "Mozilla/5.0 (compatible; bingbot/2.0; +http://www.bing.com/bingbot.htm)" "www.superior-dentistry.com"
31.13.113.86 - - [11/Nov/2016:19:43:09 -0800] "GET / HTTP/1.1" 304 - "-" "facebookexternalhit/1.1 (+http://www.facebook.com/externalhit_uatext.php)" "www.superior-dentistry.com"
73.172.128.59 - - [11/Nov/2016:19:43:09 -0800] "GET / HTTP/1.1" 200 38900 "http://l.facebook.com/?u=http%3A%2F%2Fwww.superior-dentistry.com%2F&e=ATM9aEngGftrLlBVSjcXEX0Xh-lDcZGjCf1V5BKb8h3rkhBD9g5zbvbt3KQKJifJ0TS-HCK-stNkZm06njrCuYY" "Mozilla/5.0 (iPhone; CPU iPhone OS 10_0_2 like Mac OS X) AppleWebKit/602.1.50 (KHTML, like Gecko) Version/10.0 Mobile/14A456 Safari/602.1" "www.superior-dentistry.com"
31.13.114.75 - - [11/Nov/2016:19:43:09 -0800] "GET / HTTP/1.1" 304 - "-" "facebookexternalhit/1.1 (+http://www.facebook.com/externalhit_uatext.php)" "www.superior-dentistry.com"
73.172.128.59 - - [11/Nov/2016:19:43:10 -0800] "GET /img/slider3.jpg HTTP/1.1" 200 217901 "http://www.superior-dentistry.com/" "Mozilla/5.0 (iPhone; CPU iPhone OS 10_0_2 like Mac OS X) AppleWebKit/602.1.50 (KHTML, like Gecko) Version/10.0 Mobile/14A456 Safari/602.1" "www.superior-dentistry.com"
73.172.128.59 - - [11/Nov/2016:19:43:10 -0800] "GET /img/slider1.jpg HTTP/1.1" 200 268888 "http://www.superior-dentistry.com/" "Mozilla/5.0 (iPhone; CPU iPhone OS 10_0_2 like Mac OS X) AppleWebKit/602.1.50 (KHTML, like Gecko) Version/10.0 Mobile/14A456 Safari/602.1" "www.superior-dentistry.com"
73.172.128.59 - - [11/Nov/2016:19:43:10 -0800] "GET /img/offer-31-05-2014-whitening.jpg HTTP/1.1" 200 15686 "http://www.superior-dentistry.com/" "Mozilla/5.0 (iPhone; CPU iPhone OS 10_0_2 like Mac OS X) AppleWebKit/602.1.50 (KHTML, like Gecko) Version/10.0 Mobile/14A456 Safari/602.1" "www.superior-dentistry.com"
73.172.128.59 - - [11/Nov/2016:19:43:10 -0800] "GET /img/offer-31-05-2014-sonicare-brush.jpg HTTP/1.1" 200 13165 "http://www.superior-dentistry.com/" "Mozilla/5.0 (iPhone; CPU iPhone OS 10_0_2 like Mac OS X) AppleWebKit/602.1.50 (KHTML, like Gecko) Version/10.0 Mobile/14A456 Safari/602.1" "www.superior-dentistry.com"
73.172.128.59 - - [11/Nov/2016:19:43:10 -0800] "GET /img/patients-choice-winner-2015.png HTTP/1.1" 200 9818 "http://www.superior-dentistry.com/" "Mozilla/5.0 (iPhone; CPU iPhone OS 10_0_2 like Mac OS X) AppleWebKit/602.1.50 (KHTML, like Gecko) Version/10.0 Mobile/14A456 Safari/602.1" "www.superior-dentistry.com"
73.172.128.59 - - [11/Nov/2016:19:43:10 -0800] "GET /img/offer-31-05-2014-new-patient.jpg HTTP/1.1" 200 15365 "http://www.superior-dentistry.com/" "Mozilla/5.0 (iPhone; CPU iPhone OS 10_0_2 like Mac OS X) AppleWebKit/602.1.50 (KHTML, like Gecko) Version/10.0 Mobile/14A456 Safari/602.1" "www.superior-dentistry.com"
73.172.128.59 - - [11/Nov/2016:19:43:10 -0800] "GET /img/zocdoc-apt.jpg HTTP/1.1" 200 79396 "http://www.superior-dentistry.com/" "Mozilla/5.0 (iPhone; CPU iPhone OS 10_0_2 like Mac OS X) AppleWebKit/602.1.50 (KHTML, like Gecko) Version/10.0 Mobile/14A456 Safari/602.1" "www.superior-dentistry.com"
73.172.128.59 - - [11/Nov/2016:19:43:10 -0800] "GET /fonts/fontawesome-webfont.woff2?v=4.3.0 HTTP/1.1" 200 56780 "http://www.superior-dentistry.com/" "Mozilla/5.0 (iPhone; CPU iPhone OS 10_0_2 like Mac OS X) AppleWebKit/602.1.50 (KHTML, like Gecko) Version/10.0 Mobile/14A456 Safari/602.1" "www.superior-dentistry.com"
199.59.148.209 - - [11/Nov/2016:19:43:21 -0800] "GET /images/endodontia-root-canal-treatment.jpg HTTP/1.1" 404 89 "-" "Twitterbot/1.0" "www.superior-dentistry.com"
199.59.148.211 - - [11/Nov/2016:19:43:26 -0800] "GET /images/logo1.jpg HTTP/1.1" 404 89 "-" "Twitterbot/1.0" "www.superior-dentistry.com"
199.59.148.211 - - [11/Nov/2016:19:43:33 -0800] "GET /robots.txt HTTP/1.1" 200 49 "-" "Twitterbot/1.0" "www.superior-dentistry.com"
73.172.128.59 - - [11/Nov/2016:19:44:15 -0800] "GET /services.html HTTP/1.1" 200 34139 "http://www.superior-dentistry.com/" "Mozilla/5.0 (iPhone; CPU iPhone OS 10_0_2 like Mac OS X) AppleWebKit/602.1.50 (KHTML, like Gecko) Version/10.0 Mobile/14A456 Safari/602.1" "www.superior-dentistry.com"
73.172.128.59 - - [11/Nov/2016:19:44:16 -0800] "GET /img/dental-extractions.jpg HTTP/1.1" 200 165246 "http://www.superior-dentistry.com/services.html" "Mozilla/5.0 (iPhone; CPU iPhone OS 10_0_2 like Mac OS X) AppleWebKit/602.1.50 (KHTML, like Gecko) Version/10.0 Mobile/14A456 Safari/602.1" "www.superior-dentistry.com"
73.172.128.59 - - [11/Nov/2016:19:44:16 -0800] "GET /img/invisalign.jpg HTTP/1.1" 200 142640 "http://www.superior-dentistry.com/services.html" "Mozilla/5.0 (iPhone; CPU iPhone OS 10_0_2 like Mac OS X) AppleWebKit/602.1.50 (KHTML, like Gecko) Version/10.0 Mobile/14A456 Safari/602.1" "www.superior-dentistry.com"
73.172.128.59 - - [11/Nov/2016:19:44:16 -0800] "GET /img/endodontia-root-canal-treatment.jpg HTTP/1.1" 200 126762 "http://www.superior-dentistry.com/services.html" "Mozilla/5.0 (iPhone; CPU iPhone OS 10_0_2 like Mac OS X) AppleWebKit/602.1.50 (KHTML, like Gecko) Version/10.0 Mobile/14A456 Safari/602.1" "www.superior-dentistry.com"
73.172.128.59 - - [11/Nov/2016:19:44:16 -0800] "GET /img/dentures.jpg HTTP/1.1" 200 126240 "http://www.superior-dentistry.com/services.html" "Mozilla/5.0 (iPhone; CPU iPhone OS 10_0_2 like Mac OS X) AppleWebKit/602.1.50 (KHTML, like Gecko) Version/10.0 Mobile/14A456 Safari/602.1" "www.superior-dentistry.com"
73.172.128.59 - - [11/Nov/2016:19:44:16 -0800] "GET /img/Teeth-Whitening1.jpg HTTP/1.1" 200 150063 "http://www.superior-dentistry.com/services.html" "Mozilla/5.0 (iPhone; CPU iPhone OS 10_0_2 like Mac OS X) AppleWebKit/602.1.50 (KHTML, like Gecko) Version/10.0 Mobile/14A456 Safari/602.1" "www.superior-dentistry.com"
73.172.128.59 - - [11/Nov/2016:19:44:16 -0800] "GET /img/care3.jpg HTTP/1.1" 200 62411 "http://www.superior-dentistry.com/services.html" "Mozilla/5.0 (iPhone; CPU iPhone OS 10_0_2 like Mac OS X) AppleWebKit/602.1.50 (KHTML, like Gecko) Version/10.0 Mobile/14A456 Safari/602.1" "www.superior-dentistry.com"
73.172.128.59 - - [11/Nov/2016:19:44:16 -0800] "GET /img/SnapOnSmile.jpg HTTP/1.1" 200 71471 "http://www.superior-dentistry.com/services.html" "Mozilla/5.0 (iPhone; CPU iPhone OS 10_0_2 like Mac OS X) AppleWebKit/602.1.50 (KHTML, like Gecko) Version/10.0 Mobile/14A456 Safari/602.1" "www.superior-dentistry.com"
73.172.128.59 - - [11/Nov/2016:19:44:16 -0800] "GET /img/Lumineers.jpg HTTP/1.1" 200 70250 "http://www.superior-dentistry.com/services.html" "Mozilla/5.0 (iPhone; CPU iPhone OS 10_0_2 like Mac OS X) AppleWebKit/602.1.50 (KHTML, like Gecko) Version/10.0 Mobile/14A456 Safari/602.1" "www.superior-dentistry.com"
73.172.128.59 - - [11/Nov/2016:19:44:16 -0800] "GET /img/implant-before-and-after.jpg HTTP/1.1" 200 122702 "http://www.superior-dentistry.com/services.html" "Mozilla/5.0 (iPhone; CPU iPhone OS 10_0_2 like Mac OS X) AppleWebKit/602.1.50 (KHTML, like Gecko) Version/10.0 Mobile/14A456 Safari/602.1" "www.superior-dentistry.com"
73.172.128.59 - - [11/Nov/2016:19:44:16 -0800] "GET /img/porcelain-veneers.jpg HTTP/1.1" 200 151567 "http://www.superior-dentistry.com/services.html" "Mozilla/5.0 (iPhone; CPU iPhone OS 10_0_2 like Mac OS X) AppleWebKit/602.1.50 (KHTML, like Gecko) Version/10.0 Mobile/14A456 Safari/602.1" "www.superior-dentistry.com"
73.172.128.59 - - [11/Nov/2016:19:44:33 -0800] "GET /contact-us.html HTTP/1.1" 200 23728 "http://www.superior-dentistry.com/services.html" "Mozilla/5.0 (iPhone; CPU iPhone OS 10_0_2 like Mac OS X) AppleWebKit/602.1.50 (KHTML, like Gecko) Version/10.0 Mobile/14A456 Safari/602.1" "www.superior-dentistry.com"
73.172.128.59 - - [11/Nov/2016:19:44:33 -0800] "GET /img/contact-img.jpg HTTP/1.1" 200 83148 "http://www.superior-dentistry.com/contact-us.html" "Mozilla/5.0 (iPhone; CPU iPhone OS 10_0_2 like Mac OS X) AppleWebKit/602.1.50 (KHTML, like Gecko) Version/10.0 Mobile/14A456 Safari/602.1" "www.superior-dentistry.com"
31.13.113.83 - - [11/Nov/2016:19:44:40 -0800] "GET /images/care2.jpg HTTP/1.1" 404 89 "-" "facebookexternalhit/1.1 (+http://www.facebook.com/externalhit_uatext.php)" "www.superior-dentistry.com"
220.181.108.110 - - [11/Nov/2016:20:09:50 -0800] "GET /favicon.ico HTTP/1.1" 200 688 "-" "Mozilla/5.0 (compatible; Baiduspider/2.0; +http://www.baidu.com/search/spider.html)" "superior-dentistry.com"
207.46.13.99 - - [11/Nov/2016:20:11:45 -0800] "GET /firstvisit.php HTTP/1.1" 200 73 "-" "Mozilla/5.0 (iPhone; CPU iPhone OS 7_0 like Mac OS X) AppleWebKit/537.51.1 (KHTML, like Gecko) Version/7.0 Mobile/11A465 Safari/9537.53 (compatible; bingbot/2.0; +http://www.bing.com/bingbot.htm)" "www.superior-dentistry.com"
207.46.13.99 - - [11/Nov/2016:20:11:46 -0800] "GET /Dentist-Bowie-MD/blog.php HTTP/1.1" 200 416 "-" "Mozilla/5.0 (compatible; bingbot/2.0; +http://www.bing.com/bingbot.htm)" "www.superior-dentistry.com"
207.46.13.99 - - [11/Nov/2016:20:11:46 -0800] "GET /Bowie-Dentists/index.html HTTP/1.1" 404 89 "-" "Mozilla/5.0 (compatible; bingbot/2.0; +http://www.bing.com/bingbot.htm)" "www.superior-dentistry.com"
198.16.7.150 - - [11/Nov/2016:20:23:33 -0800] "GET / HTTP/1.1" 200 38900 "-" "FreeWebMonitoring SiteChecker/0.2 (+http://www.freewebmonitoring.com/bot.html)" "www.superior-dentistry.com"
174.205.23.56 - - [11/Nov/2016:20:41:54 -0800] "GET / HTTP/1.1" 200 38900 "https://www.google.com/" "Mozilla/5.0 (iPhone; CPU iPhone OS 10_0_1 like Mac OS X) AppleWebKit/602.1.50 (KHTML, like Gecko) Version/10.0 Mobile/14A403 Safari/602.1" "www.superior-dentistry.com"
174.205.23.56 - - [11/Nov/2016:20:41:54 -0800] "GET /theme.css HTTP/1.1" 200 1926 "http://www.superior-dentistry.com/" "Mozilla/5.0 (iPhone; CPU iPhone OS 10_0_1 like Mac OS X) AppleWebKit/602.1.50 (KHTML, like Gecko) Version/10.0 Mobile/14A403 Safari/602.1" "www.superior-dentistry.com"
174.205.23.56 - - [11/Nov/2016:20:41:54 -0800] "GET /css/bootstrap.css HTTP/1.1" 200 138415 "http://www.superior-dentistry.com/" "Mozilla/5.0 (iPhone; CPU iPhone OS 10_0_1 like Mac OS X) AppleWebKit/602.1.50 (KHTML, like Gecko) Version/10.0 Mobile/14A403 Safari/602.1" "www.superior-dentistry.com"
174.205.23.56 - - [11/Nov/2016:20:41:54 -0800] "GET /css/font-awesome.css HTTP/1.1" 200 28747 "http://www.superior-dentistry.com/" "Mozilla/5.0 (iPhone; CPU iPhone OS 10_0_1 like Mac OS X) AppleWebKit/602.1.50 (KHTML, like Gecko) Version/10.0 Mobile/14A403 Safari/602.1" "www.superior-dentistry.com"
174.205.23.56 - - [11/Nov/2016:20:41:54 -0800] "GET /js/ie-emulation-modes-warning.js HTTP/1.1" 200 2132 "http://www.superior-dentistry.com/" "Mozilla/5.0 (iPhone; CPU iPhone OS 10_0_1 like Mac OS X) AppleWebKit/602.1.50 (KHTML, like Gecko) Version/10.0 Mobile/14A403 Safari/602.1" "www.superior-dentistry.com"
174.205.23.56 - - [11/Nov/2016:20:41:54 -0800] "GET /js/docs.min.js HTTP/1.1" 200 43299 "http://www.superior-dentistry.com/" "Mozilla/5.0 (iPhone; CPU iPhone OS 10_0_1 like Mac OS X) AppleWebKit/602.1.50 (KHTML, like Gecko) Version/10.0 Mobile/14A403 Safari/602.1" "www.superior-dentistry.com"
174.205.23.56 - - [11/Nov/2016:20:41:54 -0800] "GET /js/bootstrap.min.js HTTP/1.1" 200 35601 "http://www.superior-dentistry.com/" "Mozilla/5.0 (iPhone; CPU iPhone OS 10_0_1 like Mac OS X) AppleWebKit/602.1.50 (KHTML, like Gecko) Version/10.0 Mobile/14A403 Safari/602.1" "www.superior-dentistry.com"[0]
174.205.23.56 - - [11/Nov/2016:20:41:54 -0800] "GET /js/ie10-viewport-bug-workaround.js HTTP/1.1" 200 694 "http://www.superior-dentistry.com/" "Mozilla/5.0 (iPhone; CPU iPhone OS 10_0_1 like Mac OS X) AppleWebKit/602.1.50 (KHTML, like Gecko) Version/10.0 Mobile/14A403 Safari/602.1" "www.superior-dentistry.com"
174.205.23.56 - - [11/Nov/2016:20:41:54 -0800] "GET /img/dental-implants.jpg HTTP/1.1" 200 22844 "http://www.superior-dentistry.com/" "Mozilla/5.0 (iPhone; CPU iPhone OS 10_0_1 like Mac OS X) AppleWebKit/602.1.50 (KHTML, like Gecko) Version/10.0 Mobile/14A403 Safari/602.1" "www.superior-dentistry.com"
174.205.23.56 - - [11/Nov/2016:20:41:54 -0800] "GET /img/logo.jpg HTTP/1.1" 200 139628 "http://www.superior-dentistry.com/" "Mozilla/5.0 (iPhone; CPU iPhone OS 10_0_1 like Mac OS X) AppleWebKit/602.1.50 (KHTML, like Gecko) Version/10.0 Mobile/14A403 Safari/602.1" "www.superior-dentistry.com"
174.205.23.56 - - [11/Nov/2016:20:41:55 -0800] "GET /img/slider3.jpg HTTP/1.1" 200 217901 "http://www.superior-dentistry.com/" "Mozilla/5.0 (iPhone; CPU iPhone OS 10_0_1 like Mac OS X) AppleWebKit/602.1.50 (KHTML, like Gecko) Version/10.0 Mobile/14A403 Safari/602.1" "www.superior-dentistry.com"
174.205.23.56 - - [11/Nov/2016:20:41:55 -0800] "GET /img/offer-31-05-2014-sonicare-brush.jpg HTTP/1.1" 200 13165 "http://www.superior-dentistry.com/" "Mozilla/5.0 (iPhone; CPU iPhone OS 10_0_1 like Mac OS X) AppleWebKit/602.1.50 (KHTML, like Gecko) Version/10.0 Mobile/14A403 Safari/602.1" "www.superior-dentistry.com"
174.205.23.56 - - [11/Nov/2016:20:41:55 -0800] "GET /img/offer-31-05-2014-whitening.jpg HTTP/1.1" 200 15686 "http://www.superior-dentistry.com/" "Mozilla/5.0 (iPhone; CPU iPhone OS 10_0_1 like Mac OS X) AppleWebKit/602.1.50 (KHTML, like Gecko) Version/10.0 Mobile/14A403 Safari/602.1" "www.superior-dentistry.com"[0]
174.205.23.56 - - [11/Nov/2016:20:41:55 -0800] "GET /img/meetdr-melika.jpg HTTP/1.1" 200 75968 "http://www.superior-dentistry.com/" "Mozilla/5.0 (iPhone; CPU iPhone OS 10_0_1 like Mac OS X) AppleWebKit/602.1.50 (KHTML, like Gecko) Version/10.0 Mobile/14A403 Safari/602.1" "www.superior-dentistry.com"
174.205.23.56 - - [11/Nov/2016:20:41:55 -0800] "GET /img/patients-choice-winner-2015.png HTTP/1.1" 200 9818 "http://www.superior-dentistry.com/" "Mozilla/5.0 (iPhone; CPU iPhone OS 10_0_1 like Mac OS X) AppleWebKit/602.1.50 (KHTML, like Gecko) Version/10.0 Mobile/14A403 Safari/602.1" "www.superior-dentistry.com"
174.205.23.56 - - [11/Nov/2016:20:42:08 -0800] "GET /css/bootstrap-theme.css HTTP/1.1" 200 19156 "http://www.superior-dentistry.com/" "Mozilla/5.0 (iPhone; CPU iPhone OS 10_0_1 like Mac OS X) AppleWebKit/602.1.50 (KHTML, like Gecko) Version/10.0 Mobile/14A403 Safari/602.1" "www.superior-dentistry.com"[0]
174.205.23.56 - - [11/Nov/2016:20:42:08 -0800] "GET /img/zocdoc-apt.jpg HTTP/1.1" 200 79396 "http://www.superior-dentistry.com/" "Mozilla/5.0 (iPhone; CPU iPhone OS 10_0_1 like Mac OS X) AppleWebKit/602.1.50 (KHTML, like Gecko) Version/10.0 Mobile/14A403 Safari/602.1" "www.superior-dentistry.com"
174.205.23.56 - - [11/Nov/2016:20:42:32 -0800] "GET /img/dental-extractions.jpg HTTP/1.1" 200 165246 "http://www.superior-dentistry.com/services.html" "Mozilla/5.0 (iPhone; CPU iPhone OS 10_0_1 like Mac OS X) AppleWebKit/602.1.50 (KHTML, like Gecko) Version/10.0 Mobile/14A403 Safari/602.1" "www.superior-dentistry.com"
174.205.23.56 - - [11/Nov/2016:20:42:32 -0800] "GET /img/doctor-achievement.jpg HTTP/1.1" 200 200838 "http://www.superior-dentistry.com/services.html" "Mozilla/5.0 (iPhone; CPU iPhone OS 10_0_1 like Mac OS X) AppleWebKit/602.1.50 (KHTML, like Gecko) Version/10.0 Mobile/14A403 Safari/602.1" "www.superior-dentistry.com"
174.205.23.56 - - [11/Nov/2016:20:42:33 -0800] "GET /img/dentures.jpg HTTP/1.1" 200 126240 "http://www.superior-dentistry.com/services.html" "Mozilla/5.0 (iPhone; CPU iPhone OS 10_0_1 like Mac OS X) AppleWebKit/602.1.50 (KHTML, like Gecko) Version/10.0 Mobile/14A403 Safari/602.1" "www.superior-dentistry.com"
174.205.23.56 - - [11/Nov/2016:20:42:33 -0800] "GET /img/care3.jpg HTTP/1.1" 200 62411 "http://www.superior-dentistry.com/services.html" "Mozilla/5.0 (iPhone; CPU iPhone OS 10_0_1 like Mac OS X) AppleWebKit/602.1.50 (KHTML, like Gecko) Version/10.0 Mobile/14A403 Safari/602.1" "www.superior-dentistry.com"
174.205.23.56 - - [11/Nov/2016:20:42:33 -0800] "GET /img/bridges-dentist-md.jpg HTTP/1.1" 200 67242 "http://www.superior-dentistry.com/services.html" "Mozilla/5.0 (iPhone; CPU iPhone OS 10_0_1 like Mac OS X) AppleWebKit/602.1.50 (KHTML, like Gecko) Version/10.0 Mobile/14A403 Safari/602.1" "www.superior-dentistry.com"
174.205.23.56 - - [11/Nov/2016:20:42:33 -0800] "GET /img/Teeth-Whitening1.jpg HTTP/1.1" 200 150063 "http://www.superior-dentistry.com/services.html" "Mozilla/5.0 (iPhone; CPU iPhone OS 10_0_1 like Mac OS X) AppleWebKit/602.1.50 (KHTML, like Gecko) Version/10.0 Mobile/14A403 Safari/602.1" "www.superior-dentistry.com"
174.205.23.56 - - [11/Nov/2016:20:42:33 -0800] "GET /img/Lumineers.jpg HTTP/1.1" 200 70250 "http://www.superior-dentistry.com/services.html" "Mozilla/5.0 (iPhone; CPU iPhone OS 10_0_1 like Mac OS X) AppleWebKit/602.1.50 (KHTML, like Gecko) Version/10.0 Mobile/14A403 Safari/602.1" "www.superior-dentistry.com"
174.205.23.56 - - [11/Nov/2016:20:42:33 -0800] "GET /img/porcelain-veneers.jpg HTTP/1.1" 200 151567 "http://www.superior-dentistry.com/services.html" "Mozilla/5.0 (iPhone; CPU iPhone OS 10_0_1 like Mac OS X) AppleWebKit/602.1.50 (KHTML, like Gecko) Version/10.0 Mobile/14A403 Safari/602.1" "www.superior-dentistry.com"
174.205.23.56 - - [11/Nov/2016:20:42:33 -0800] "GET /img/implant-before-and-after.jpg HTTP/1.1" 200 122702 "http://www.superior-dentistry.com/services.html" "Mozilla/5.0 (iPhone; CPU iPhone OS 10_0_1 like Mac OS X) AppleWebKit/602.1.50 (KHTML, like Gecko) Version/10.0 Mobile/14A403 Safari/602.1" "www.superior-dentistry.com"
174.205.23.56 - - [11/Nov/2016:20:42:33 -0800] "GET /img/SnapOnSmile.jpg HTTP/1.1" 200 71471 "http://www.superior-dentistry.com/services.html" "Mozilla/5.0 (iPhone; CPU iPhone OS 10_0_1 like Mac OS X) AppleWebKit/602.1.50 (KHTML, like Gecko) Version/10.0 Mobile/14A403 Safari/602.1" "www.superior-dentistry.com"
199.59.148.209 - - [11/Nov/2016:20:42:34 -0800] "GET /robots.txt HTTP/1.1" 200 49 "-" "Twitterbot/1.0" "www.superior-dentistry.com"
199.59.148.211 - - [11/Nov/2016:20:42:34 -0800] "GET /robots.txt HTTP/1.1" 200 49 "-" "Twitterbot/1.0" "www.superior-dentistry.com"
199.59.148.209 - - [11/Nov/2016:20:42:34 -0800] "GET /images/logo1.jpg HTTP/1.1" 404 89 "-" "Twitterbot/1.0" "www.superior-dentistry.com"
199.59.148.211 - - [11/Nov/2016:20:42:34 -0800] "GET /images/endodontia-root-canal-treatment.jpg HTTP/1.1" 404 89 "-" "Twitterbot/1.0" "www.superior-dentistry.com"
45.33.116.199 - - [11/Nov/2016:20:51:03 -0800] "GET /robots.txt HTTP/1.1" 200 49 "http://www.secretsearchenginelabs.com/secret-web-crawler.php" "Mozilla/5.0 (compatible; SecretSerachEngineLabs.com-SBSearch/0.9; http://www.secretsearchenginelabs.com/secret-web-crawler.php)" "www.superior-dentistry.com"
45.33.116.199 - - [11/Nov/2016:20:51:03 -0800] "HEAD / HTTP/1.1" 200 0 "http://www.secretsearchenginelabs.com/secret-web-crawler.php" "Mozilla/5.0 (compatible; SecretSerachEngineLabs.com-SBSearch/0.9; http://www.secretsearchenginelabs.com/secret-web-crawler.php)" "www.superior-dentistry.com"
198.16.7.150 - - [11/Nov/2016:21:33:55 -0800] "GET / HTTP/1.1" 200 38900 "-" "FreeWebMonitoring SiteChecker/0.2 (+http://www.freewebmonitoring.com/bot.html)" "www.superior-dentistry.com"
54.242.164.91 - - [11/Nov/2016:22:29:26 -0800] "GET / HTTP/1.1" 200 38900 "-" "Mozilla/5.0 (X11; Linux x86_64) AppleWebKit/537.36 (KHTML, like Gecko) Chrome/43.0.2357.134 Safari/537.36 http://notifyninja.com/monitoring" "superior-dentistry.com"
198.16.7.150 - - [11/Nov/2016:22:45:01 -0800] "GET / HTTP/1.1" 200 38900 "-" "FreeWebMonitoring SiteChecker/0.2 (+http://www.freewebmonitoring.com/bot.html)" "www.superior-dentistry.com"
163.172.65.112 - - [11/Nov/2016:23:04:35 -0800] "GET /Dentist-Bowie-MD/services.html HTTP/1.1" 404 89 "-" "Mozilla/5.0 (compatible; AhrefsBot/5.1; +http://ahrefs.com/robot/)" "www.superior-dentistry.com"
23.99.101.118 - - [11/Nov/2016:23:05:21 -0800] "GET /favicon.ico HTTP/1.1" 200 688 "-" "Mozilla/5.0 (Windows NT 6.1; WOW64) SkypeUriPreview Preview/0.5" "www.superior-dentistry.com"
198.16.7.150 - - [11/Nov/2016:23:47:10 -0800] "GET / HTTP/1.1" 200 38900 "-" "FreeWebMonitoring SiteChecker/0.2 (+http://www.freewebmonitoring.com/bot.html)" "www.superior-dentistry.com"
180.76.15.152 - - [12/Nov/2016:00:06:46 -0800] "GET /Dentist-Bowie-MD/css/bootstrap.css HTTP/1.1" 200 138415 "-" "Mozilla/5.0 (compatible; Baiduspider/2.0; +http://www.baidu.com/search/spider.html)" "www.superior-dentistry.com"
180.76.15.141 - - [12/Nov/2016:00:40:16 -0800] "GET /Dentists-Bowie-MD.html HTTP/1.1" 200 27344 "-" "Mozilla/5.0 (compatible; Baiduspider/2.0; +http://www.baidu.com/search/spider.html)" "www.superior-dentistry.com"
198.16.7.150 - - [12/Nov/2016:00:47:56 -0800] "GET / HTTP/1.1" 200 38900 "-" "FreeWebMonitoring SiteChecker/0.2 (+http://www.freewebmonitoring.com/bot.html)" "www.superior-dentistry.com"
207.46.13.231 - - [12/Nov/2016:01:46:00 -0800] "GET /robots.txt HTTP/1.1" 200 49 "-" "Mozilla/5.0 (compatible; bingbot/2.0; +http://www.bing.com/bingbot.htm)" "www.superior-dentistry.com"
198.16.7.150 - - [12/Nov/2016:01:48:31 -0800] "GET / HTTP/1.1" 200 38900 "-" "FreeWebMonitoring SiteChecker/0.2 (+http://www.freewebmonitoring.com/bot.html)" "www.superior-dentistry.com"
66.249.69.55 - - [12/Nov/2016:01:54:38 -0800] "GET /img/offer-31-05-2014-new-patient.jpg HTTP/1.1" 200 15365 "-" "Googlebot-Image/1.0" "www.superior-dentistry.com"
163.172.65.120 - - [12/Nov/2016:01:59:09 -0800] "GET / HTTP/1.1" 200 38900 "-" "Mozilla/5.0 (compatible; AhrefsBot/5.1; +http://ahrefs.com/robot/)" "www.superior-dentistry.com"
163.172.65.197 - - [12/Nov/2016:02:09:12 -0800] "GET /Bowie-Dentists/contact-us.html HTTP/1.1" 404 89 "-" "Mozilla/5.0 (compatible; AhrefsBot/5.1; +http://ahrefs.com/robot/)" "www.superior-dentistry.com"
157.55.39.135 - - [12/Nov/2016:02:30:35 -0800] "GET /robots.txt HTTP/1.1" 200 49 "-" "Mozilla/5.0 (compatible; bingbot/2.0; +http://www.bing.com/bingbot.htm)" "www.superior-dentistry.com"
151.80.31.159 - - [12/Nov/2016:02:44:05 -0800] "GET /robots.txt HTTP/1.1" 200 49 "-" "Mozilla/5.0 (compatible; AhrefsBot/5.1; +http://ahrefs.com/robot/)" "superior-dentistry.com"
52.15.45.70 - - [12/Nov/2016:02:46:14 -0800] "GET /xmlrpc.php HTTP/1.1" 200 73 "-" "-" "www.superior-dentistry.com"
198.16.7.150 - - [12/Nov/2016:02:49:27 -0800] "GET / HTTP/1.1" 200 38900 "-" "FreeWebMonitoring SiteChecker/0.2 (+http://www.freewebmonitoring.com/bot.html)" "www.superior-dentistry.com"
220.181.108.99 - - [12/Nov/2016:02:53:38 -0800] "GET / HTTP/1.1" 200 38900 "-" "Mozilla/5.0 (compatible; Baiduspider/2.0; +http://www.baidu.com/search/spider.html)" "superior-dentistry.com"
66.102.6.158 - - [12/Nov/2016:02:56:17 -0800] "GET / HTTP/1.1" 200 38900 "-" "Mozilla/5.0 (X11; Linux x86_64) AppleWebKit/537.36 (KHTML, like Gecko) Chrome/49.0.2623.75 Safari/537.36 Google Favicon" "superior-dentistry.com"
198.16.7.150 - - [12/Nov/2016:03:51:34 -0800] "GET / HTTP/1.1" 200 38900 "-" "FreeWebMonitoring SiteChecker/0.2 (+http://www.freewebmonitoring.com/bot.html)" "www.superior-dentistry.com"
40.77.167.3 - - [12/Nov/2016:04:18:28 -0800] "GET /Dentist-Bowie-MD/Periodontal-Services-Maryland-MD.html HTTP/1.1" 200 25411 "-" "Mozilla/5.0 (compatible; bingbot/2.0; +http://www.bing.com/bingbot.htm)" "www.superior-dentistry.com"
40.77.167.3 - - [12/Nov/2016:04:20:06 -0800] "GET /meet-staff.html HTTP/1.1" 200 22168 "-" "Mozilla/5.0 (compatible; bingbot/2.0; +http://www.bing.com/bingbot.htm)" "www.superior-dentistry.com"
198.16.7.150 - - [12/Nov/2016:05:04:56 -0800] "GET / HTTP/1.1" 200 38900 "-" "FreeWebMonitoring SiteChecker/0.2 (+http://www.freewebmonitoring.com/bot.html)" "www.superior-dentistry.com"
199.16.156.124 - - [12/Nov/2016:05:17:04 -0800] "GET /robots.txt HTTP/1.1" 200 49 "-" "Twitterbot/1.0" "www.superior-dentistry.com"
199.16.156.124 - - [12/Nov/2016:05:17:04 -0800] "GET /robots.txt HTTP/1.1" 200 49 "-" "Twitterbot/1.0" "www.superior-dentistry.com"
199.16.156.124 - - [12/Nov/2016:05:17:04 -0800] "GET /images/logo1.jpg HTTP/1.1" 404 89 "-" "Twitterbot/1.0" "www.superior-dentistry.com"
199.16.156.124 - - [12/Nov/2016:05:17:04 -0800] "GET /images/endodontia-root-canal-treatment.jpg HTTP/1.1" 404 89 "-" "Twitterbot/1.0" "www.superior-dentistry.com"
71.191.197.212 - - [12/Nov/2016:06:05:21 -0800] "GET / HTTP/1.1" 200 38900 "http://m.facebook.com" "Mozilla/5.0 (iPhone; CPU iPhone OS 9_3_3 like Mac OS X) AppleWebKit/601.1.46 (KHTML, like Gecko) Mobile/13G34 [FBAN/FBIOS;FBAV/68.0.0.49.70;FBBV/41924288;FBRV/0;FBDV/iPhone7,2;FBMD/iPhone;FBSN/iPhone OS;FBSV/9.3.3;FBSS/2;FBCR/Sprint;FBID/phone;FBLC/en_US;FBOP/5]" "www.superior-dentistry.com"
71.191.197.212 - - [12/Nov/2016:06:05:21 -0800] "GET /js/ie-emulation-modes-warning.js HTTP/1.1" 200 2132 "http://www.superior-dentistry.com/" "Mozilla/5.0 (iPhone; CPU iPhone OS 9_3_3 like Mac OS X) AppleWebKit/601.1.46 (KHTML, like Gecko) Mobile/13G34 [FBAN/FBIOS;FBAV/68.0.0.49.70;FBBV/41924288;FBRV/0;FBDV/iPhone7,2;FBMD/iPhone;FBSN/iPhone OS;FBSV/9.3.3;FBSS/2;FBCR/Sprint;FBID/phone;FBLC/en_US;FBOP/5]" "www.superior-dentistry.com"
71.191.197.212 - - [12/Nov/2016:06:05:21 -0800] "GET /js/docs.min.js HTTP/1.1" 200 43299 "http://www.superior-dentistry.com/" "Mozilla/5.0 (iPhone; CPU iPhone OS 9_3_3 like Mac OS X) AppleWebKit/601.1.46 (KHTML, like Gecko) Mobile/13G34 [FBAN/FBIOS;FBAV/68.0.0.49.70;FBBV/41924288;FBRV/0;FBDV/iPhone7,2;FBMD/iPhone;FBSN/iPhone OS;FBSV/9.3.3;FBSS/2;FBCR/Sprint;FBID/phone;FBLC/en_US;FBOP/5]" "www.superior-dentistry.com"
71.191.197.212 - - [12/Nov/2016:06:05:21 -0800] "GET /css/font-awesome.css HTTP/1.1" 200 28747 "http://www.superior-dentistry.com/" "Mozilla/5.0 (iPhone; CPU iPhone OS 9_3_3 like Mac OS X) AppleWebKit/601.1.46 (KHTML, like Gecko) Mobile/13G34 [FBAN/FBIOS;FBAV/68.0.0.49.70;FBBV/41924288;FBRV/0;FBDV/iPhone7,2;FBMD/iPhone;FBSN/iPhone OS;FBSV/9.3.3;FBSS/2;FBCR/Sprint;FBID/phone;FBLC/en_US;FBOP/5]" "www.superior-dentistry.com"
71.191.197.212 - - [12/Nov/2016:06:05:21 -0800] "GET /css/bootstrap.css HTTP/1.1" 200 138415 "http://www.superior-dentistry.com/" "Mozilla/5.0 (iPhone; CPU iPhone OS 9_3_3 like Mac OS X) AppleWebKit/601.1.46 (KHTML, like Gecko) Mobile/13G34 [FBAN/FBIOS;FBAV/68.0.0.49.70;FBBV/41924288;FBRV/0;FBDV/iPhone7,2;FBMD/iPhone;FBSN/iPhone OS;FBSV/9.3.3;FBSS/2;FBCR/Sprint;FBID/phone;FBLC/en_US;FBOP/5]" "www.superior-dentistry.com"
71.191.197.212 - - [12/Nov/2016:06:05:21 -0800] "GET /theme.css HTTP/1.1" 200 1926 "http://www.superior-dentistry.com/" "Mozilla/5.0 (iPhone; CPU iPhone OS 9_3_3 like Mac OS X) AppleWebKit/601.1.46 (KHTML, like Gecko) Mobile/13G34 [FBAN/FBIOS;FBAV/68.0.0.49.70;FBBV/41924288;FBRV/0;FBDV/iPhone7,2;FBMD/iPhone;FBSN/iPhone OS;FBSV/9.3.3;FBSS/2;FBCR/Sprint;FBID/phone;FBLC/en_US;FBOP/5]" "www.superior-dentistry.com"
71.191.197.212 - - [12/Nov/2016:06:05:22 -0800] "GET /js/bootstrap.min.js HTTP/1.1" 200 35601 "http://www.superior-dentistry.com/" "Mozilla/5.0 (iPhone; CPU iPhone OS 9_3_3 like Mac OS X) AppleWebKit/601.1.46 (KHTML, like Gecko) Mobile/13G34 [FBAN/FBIOS;FBAV/68.0.0.49.70;FBBV/41924288;FBRV/0;FBDV/iPhone7,2;FBMD/iPhone;FBSN/iPhone OS;FBSV/9.3.3;FBSS/2;FBCR/Sprint;FBID/phone;FBLC/en_US;FBOP/5]" "www.superior-dentistry.com"
71.191.197.212 - - [12/Nov/2016:06:05:22 -0800] "GET /js/ie10-viewport-bug-workaround.js HTTP/1.1" 200 694 "http://www.superior-dentistry.com/" "Mozilla/5.0 (iPhone; CPU iPhone OS 9_3_3 like Mac OS X) AppleWebKit/601.1.46 (KHTML, like Gecko) Mobile/13G34 [FBAN/FBIOS;FBAV/68.0.0.49.70;FBBV/41924288;FBRV/0;FBDV/iPhone7,2;FBMD/iPhone;FBSN/iPhone OS;FBSV/9.3.3;FBSS/2;FBCR/Sprint;FBID/phone;FBLC/en_US;FBOP/5]" "www.superior-dentistry.com"
71.191.197.212 - - [12/Nov/2016:06:05:22 -0800] "GET /img/dental-implants.jpg HTTP/1.1" 200 22844 "http://www.superior-dentistry.com/" "Mozilla/5.0 (iPhone; CPU iPhone OS 9_3_3 like Mac OS X) AppleWebKit/601.1.46 (KHTML, like Gecko) Mobile/13G34 [FBAN/FBIOS;FBAV/68.0.0.49.70;FBBV/41924288;FBRV/0;FBDV/iPhone7,2;FBMD/iPhone;FBSN/iPhone OS;FBSV/9.3.3;FBSS/2;FBCR/Sprint;FBID/phone;FBLC/en_US;FBOP/5]" "www.superior-dentistry.com"
71.191.197.212 - - [12/Nov/2016:06:05:22 -0800] "GET /img/wisdom-teeth-extraction.jpg HTTP/1.1" 200 23758 "http://www.superior-dentistry.com/" "Mozilla/5.0 (iPhone; CPU iPhone OS 9_3_3 like Mac OS X) AppleWebKit/601.1.46 (KHTML, like Gecko) Mobile/13G34 [FBAN/FBIOS;FBAV/68.0.0.49.70;FBBV/41924288;FBRV/0;FBDV/iPhone7,2;FBMD/iPhone;FBSN/iPhone OS;FBSV/9.3.3;FBSS/2;FBCR/Sprint;FBID/phone;FBLC/en_US;FBOP/5]" "www.superior-dentistry.com"
71.191.197.212 - - [12/Nov/2016:06:05:22 -0800] "GET /img/extraction.jpg HTTP/1.1" 200 30135 "http://www.superior-dentistry.com/" "Mozilla/5.0 (iPhone; CPU iPhone OS 9_3_3 like Mac OS X) AppleWebKit/601.1.46 (KHTML, like Gecko) Mobile/13G34 [FBAN/FBIOS;FBAV/68.0.0.49.70;FBBV/41924288;FBRV/0;FBDV/iPhone7,2;FBMD/iPhone;FBSN/iPhone OS;FBSV/9.3.3;FBSS/2;FBCR/Sprint;FBID/phone;FBLC/en_US;FBOP/5]" "www.superior-dentistry.com"
71.191.197.212 - - [12/Nov/2016:06:05:22 -0800] "GET /img/jaw-surgery.jpg HTTP/1.1" 200 27058 "http://www.superior-dentistry.com/" "Mozilla/5.0 (iPhone; CPU iPhone OS 9_3_3 like Mac OS X) AppleWebKit/601.1.46 (KHTML, like Gecko) Mobile/13G34 [FBAN/FBIOS;FBAV/68.0.0.49.70;FBBV/41924288;FBRV/0;FBDV/iPhone7,2;FBMD/iPhone;FBSN/iPhone OS;FBSV/9.3.3;FBSS/2;FBCR/Sprint;FBID/phone;FBLC/en_US;FBOP/5]" "www.superior-dentistry.com"
71.191.197.212 - - [12/Nov/2016:06:05:22 -0800] "GET /img/logo.jpg HTTP/1.1" 200 139628 "http://www.superior-dentistry.com/" "Mozilla/5.0 (iPhone; CPU iPhone OS 9_3_3 like Mac OS X) AppleWebKit/601.1.46 (KHTML, like Gecko) Mobile/13G34 [FBAN/FBIOS;FBAV/68.0.0.49.70;FBBV/41924288;FBRV/0;FBDV/iPhone7,2;FBMD/iPhone;FBSN/iPhone OS;FBSV/9.3.3;FBSS/2;FBCR/Sprint;FBID/phone;FBLC/en_US;FBOP/5]" "www.superior-dentistry.com"
71.191.197.212 - - [12/Nov/2016:06:05:22 -0800] "GET /img/slider2.jpg HTTP/1.1" 200 345766 "http://www.superior-dentistry.com/" "Mozilla/5.0 (iPhone; CPU iPhone OS 9_3_3 like Mac OS X) AppleWebKit/601.1.46 (KHTML, like Gecko) Mobile/13G34 [FBAN/FBIOS;FBAV/68.0.0.49.70;FBBV/41924288;FBRV/0;FBDV/iPhone7,2;FBMD/iPhone;FBSN/iPhone OS;FBSV/9.3.3;FBSS/2;FBCR/Sprint;FBID/phone;FBLC/en_US;FBOP/5]" "www.superior-dentistry.com"[0]
71.191.197.212 - - [12/Nov/2016:06:05:22 -0800] "GET /img/slider3.jpg HTTP/1.1" 200 217901 "http://www.superior-dentistry.com/" "Mozilla/5.0 (iPhone; CPU iPhone OS 9_3_3 like Mac OS X) AppleWebKit/601.1.46 (KHTML, like Gecko) Mobile/13G34 [FBAN/FBIOS;FBAV/68.0.0.49.70;FBBV/41924288;FBRV/0;FBDV/iPhone7,2;FBMD/iPhone;FBSN/iPhone OS;FBSV/9.3.3;FBSS/2;FBCR/Sprint;FBID/phone;FBLC/en_US;FBOP/5]" "www.superior-dentistry.com"
71.191.197.212 - - [12/Nov/2016:06:05:22 -0800] "GET /img/meetdr-ali.jpg HTTP/1.1" 200 60533 "http://www.superior-dentistry.com/" "Mozilla/5.0 (iPhone; CPU iPhone OS 9_3_3 like Mac OS X) AppleWebKit/601.1.46 (KHTML, like Gecko) Mobile/13G34 [FBAN/FBIOS;FBAV/68.0.0.49.70;FBBV/41924288;FBRV/0;FBDV/iPhone7,2;FBMD/iPhone;FBSN/iPhone OS;FBSV/9.3.3;FBSS/2;FBCR/Sprint;FBID/phone;FBLC/en_US;FBOP/5]" "www.superior-dentistry.com"
71.191.197.212 - - [12/Nov/2016:06:05:22 -0800] "GET /img/slider1.jpg HTTP/1.1" 200 268888 "http://www.superior-dentistry.com/" "Mozilla/5.0 (iPhone; CPU iPhone OS 9_3_3 like Mac OS X) AppleWebKit/601.1.46 (KHTML, like Gecko) Mobile/13G34 [FBAN/FBIOS;FBAV/68.0.0.49.70;FBBV/41924288;FBRV/0;FBDV/iPhone7,2;FBMD/iPhone;FBSN/iPhone OS;FBSV/9.3.3;FBSS/2;FBCR/Sprint;FBID/phone;FBLC/en_US;FBOP/5]" "www.superior-dentistry.com"
71.191.197.212 - - [12/Nov/2016:06:05:22 -0800] "GET /img/offer-31-05-2014-whitening.jpg HTTP/1.1" 200 15686 "http://www.superior-dentistry.com/" "Mozilla/5.0 (iPhone; CPU iPhone OS 9_3_3 like Mac OS X) AppleWebKit/601.1.46 (KHTML, like Gecko) Mobile/13G34 [FBAN/FBIOS;FBAV/68.0.0.49.70;FBBV/41924288;FBRV/0;FBDV/iPhone7,2;FBMD/iPhone;FBSN/iPhone OS;FBSV/9.3.3;FBSS/2;FBCR/Sprint;FBID/phone;FBLC/en_US;FBOP/5]" "www.superior-dentistry.com"
71.191.197.212 - - [12/Nov/2016:06:05:22 -0800] "GET /img/offer-31-05-2014-sonicare-brush.jpg HTTP/1.1" 200 13165 "http://www.superior-dentistry.com/" "Mozilla/5.0 (iPhone; CPU iPhone OS 9_3_3 like Mac OS X) AppleWebKit/601.1.46 (KHTML, like Gecko) Mobile/13G34 [FBAN/FBIOS;FBAV/68.0.0.49.70;FBBV/41924288;FBRV/0;FBDV/iPhone7,2;FBMD/iPhone;FBSN/iPhone OS;FBSV/9.3.3;FBSS/2;FBCR/Sprint;FBID/phone;FBLC/en_US;FBOP/5]" "www.superior-dentistry.com"
71.191.197.212 - - [12/Nov/2016:06:05:22 -0800] "GET /img/meetdr-melika.jpg HTTP/1.1" 200 75968 "http://www.superior-dentistry.com/" "Mozilla/5.0 (iPhone; CPU iPhone OS 9_3_3 like Mac OS X) AppleWebKit/601.1.46 (KHTML, like Gecko) Mobile/13G34 [FBAN/FBIOS;FBAV/68.0.0.49.70;FBBV/41924288;FBRV/0;FBDV/iPhone7,2;FBMD/iPhone;FBSN/iPhone OS;FBSV/9.3.3;FBSS/2;FBCR/Sprint;FBID/phone;FBLC/en_US;FBOP/5]" "www.superior-dentistry.com"
71.191.197.212 - - [12/Nov/2016:06:05:22 -0800] "GET /img/offer-31-05-2014-new-patient.jpg HTTP/1.1" 200 15365 "http://www.superior-dentistry.com/" "Mozilla/5.0 (iPhone; CPU iPhone OS 9_3_3 like Mac OS X) AppleWebKit/601.1.46 (KHTML, like Gecko) Mobile/13G34 [FBAN/FBIOS;FBAV/68.0.0.49.70;FBBV/41924288;FBRV/0;FBDV/iPhone7,2;FBMD/iPhone;FBSN/iPhone OS;FBSV/9.3.3;FBSS/2;FBCR/Sprint;FBID/phone;FBLC/en_US;FBOP/5]" "www.superior-dentistry.com"
71.191.197.212 - - [12/Nov/2016:06:05:34 -0800] "GET /css/bootstrap-theme.css HTTP/1.1" 200 19156 "http://www.superior-dentistry.com/" "Mozilla/5.0 (iPhone; CPU iPhone OS 9_3_3 like Mac OS X) AppleWebKit/601.1.46 (KHTML, like Gecko) Mobile/13G34 [FBAN/FBIOS;FBAV/68.0.0.49.70;FBBV/41924288;FBRV/0;FBDV/iPhone7,2;FBMD/iPhone;FBSN/iPhone OS;FBSV/9.3.3;FBSS/2;FBCR/Sprint;FBID/phone;FBLC/en_US;FBOP/5]" "www.superior-dentistry.com"
71.191.197.212 - - [12/Nov/2016:06:05:35 -0800] "GET /img/zocdoc-apt.jpg HTTP/1.1" 200 79396 "http://www.superior-dentistry.com/" "Mozilla/5.0 (iPhone; CPU iPhone OS 9_3_3 like Mac OS X) AppleWebKit/601.1.46 (KHTML, like Gecko) Mobile/13G34 [FBAN/FBIOS;FBAV/68.0.0.49.70;FBBV/41924288;FBRV/0;FBDV/iPhone7,2;FBMD/iPhone;FBSN/iPhone OS;FBSV/9.3.3;FBSS/2;FBCR/Sprint;FBID/phone;FBLC/en_US;FBOP/5]" "www.superior-dentistry.com"
71.191.197.212 - - [12/Nov/2016:06:05:35 -0800] "GET /fonts/fontawesome-webfont.woff?v=4.3.0 HTTP/1.1" 200 71508 "http://www.superior-dentistry.com/" "Mozilla/5.0 (iPhone; CPU iPhone OS 9_3_3 like Mac OS X) AppleWebKit/601.1.46 (KHTML, like Gecko) Mobile/13G34 [FBAN/FBIOS;FBAV/68.0.0.49.70;FBBV/41924288;FBRV/0;FBDV/iPhone7,2;FBMD/iPhone;FBSN/iPhone OS;FBSV/9.3.3;FBSS/2;FBCR/Sprint;FBID/phone;FBLC/en_US;FBOP/5]" "www.superior-dentistry.com"
198.16.7.150 - - [12/Nov/2016:06:06:35 -0800] "GET / HTTP/1.1" 200 38900 "-" "FreeWebMonitoring SiteChecker/0.2 (+http://www.freewebmonitoring.com/bot.html)" "www.superior-dentistry.com"
166.137.244.90 - - [12/Nov/2016:06:06:47 -0800] "GET /firstvisit.html HTTP/1.1" 200 24044 "-" "Mozilla/5.0 (iPhone; CPU iPhone OS 10_1_1 like Mac OS X) AppleWebKit/602.2.14 (KHTML, like Gecko) Version/10.0 Mobile/14B100 Safari/602.1" "www.superior-dentistry.com"
166.137.244.90 - - [12/Nov/2016:06:06:47 -0800] "GET /apple-touch-icon-120x120-precomposed.png HTTP/1.1" 404 89 "-" "MobileSafari/602.1 CFNetwork/808.1.4 Darwin/16.1.0" "www.superior-dentistry.com"
166.137.244.90 - - [12/Nov/2016:06:06:47 -0800] "GET /apple-touch-icon-120x120.png HTTP/1.1" 404 89 "-" "MobileSafari/602.1 CFNetwork/808.1.4 Darwin/16.1.0" "www.superior-dentistry.com"[0]
166.137.244.90 - - [12/Nov/2016:06:06:48 -0800] "GET /apple-touch-icon-precomposed.png HTTP/1.1" 404 89 "-" "MobileSafari/602.1 CFNetwork/808.1.4 Darwin/16.1.0" "www.superior-dentistry.com"
166.137.244.90 - - [12/Nov/2016:06:06:48 -0800] "GET /apple-touch-icon.png HTTP/1.1" 404 89 "-" "MobileSafari/602.1 CFNetwork/808.1.4 Darwin/16.1.0" "www.superior-dentistry.com"
166.137.244.90 - - [12/Nov/2016:06:06:48 -0800] "GET /favicon.ico HTTP/1.1" 200 688 "-" "MobileSafari/602.1 CFNetwork/808.1.4 Darwin/16.1.0" "www.superior-dentistry.com"
173.252.74.101 - - [12/Nov/2016:06:07:29 -0800] "GET /images/care5.jpg HTTP/1.1" 404 89 "-" "facebookexternalhit/1.1 (+http://www.facebook.com/externalhit_uatext.php)" "www.superior-dentistry.com"
95.211.135.133 - - [12/Nov/2016:06:12:18 -0800] "HEAD / HTTP/1.1" 200 0 "-" "-" "www.superior-dentistry.com"
95.211.135.133 - - [12/Nov/2016:06:12:18 -0800] "GET / HTTP/1.1" 200 38900 "-" "-" "www.superior-dentistry.com"
95.211.135.133 - - [12/Nov/2016:06:12:19 -0800] "GET / HTTP/1.1" 200 38900 "-" "-" "www.superior-dentistry.com"
180.76.15.26 - - [12/Nov/2016:06:13:11 -0800] "GET /js/docs.min.js HTTP/1.1" 200 43299 "-" "Mozilla/5.0 (compatible; Baiduspider/2.0; +http://www.baidu.com/search/spider.html)" "www.superior-dentistry.com"
46.229.167.149 - - [12/Nov/2016:06:28:24 -0800] "GET / HTTP/1.1" 200 38900 "-" "Mozilla/5.0 (X11; Arch Linux i686; rv:2.0) Gecko/20110321 Firefox/4.0" "www.superior-dentistry.com"
46.229.167.149 - - [12/Nov/2016:06:28:29 -0800] "GET /index.html HTTP/1.1" 200 38900 "-" "Mozilla/5.0 (X11; Linux i686; rv:2.0b12pre) Gecko/20100101 Firefox/4.0b12pre" "www.superior-dentistry.com"
54.242.164.91 - - [12/Nov/2016:06:33:53 -0800] "GET / HTTP/1.1" 200 38900 "-" "Mozilla/5.0 (X11; Linux x86_64) AppleWebKit/537.36 (KHTML, like Gecko) Chrome/43.0.2357.134 Safari/537.36 http://notifyninja.com/monitoring" "superior-dentistry.com"
198.16.7.150 - - [12/Nov/2016:07:07:37 -0800] "GET / HTTP/1.1" 200 38900 "-" "FreeWebMonitoring SiteChecker/0.2 (+http://www.freewebmonitoring.com/bot.html)" "www.superior-dentistry.com"
40.77.167.89 - - [12/Nov/2016:07:08:41 -0800] "GET /Dental-Links.html HTTP/1.1" 200 27799 "-" "Mozilla/5.0 (iPhone; CPU iPhone OS 7_0 like Mac OS X) AppleWebKit/537.51.1 (KHTML, like Gecko) Version/7.0 Mobile/11A465 Safari/9537.53 (compatible; bingbot/2.0; +http://www.bing.com/bingbot.htm)" "www.superior-dentistry.com"
40.77.167.89 - - [12/Nov/2016:07:08:41 -0800] "GET /Dentist-Bowie-MD/Tooth-Extractions-Maryland-MD.html HTTP/1.1" 200 31634 "-" "Mozilla/5.0 (compatible; bingbot/2.0; +http://www.bing.com/bingbot.htm)" "www.superior-dentistry.com"
40.77.167.89 - - [12/Nov/2016:07:08:41 -0800] "GET /Dentist-Bowie-MD/css/bootstrap.css.map HTTP/1.1" 200 282 "-" "Mozilla/5.0 (compatible; bingbot/2.0; +http://www.bing.com/bingbot.htm)" "www.superior-dentistry.com"
40.77.167.89 - - [12/Nov/2016:07:08:41 -0800] "GET /Dentist-Bowie-MD/css/?S=D HTTP/1.1" 200 1872 "-" "Mozilla/5.0 (compatible; bingbot/2.0; +http://www.bing.com/bingbot.htm)" "www.superior-dentistry.com"
40.77.167.89 - - [12/Nov/2016:07:08:41 -0800] "GET /special-offers.html HTTP/1.1" 200 23685 "-" "Mozilla/5.0 (compatible; bingbot/2.0; +http://www.bing.com/bingbot.htm)" "www.superior-dentistry.com"
40.77.167.89 - - [12/Nov/2016:07:08:42 -0800] "GET /sitemap.html HTTP/1.1" 200 8341 "-" "Mozilla/5.0 (compatible; bingbot/2.0; +http://www.bing.com/bingbot.htm)" "www.superior-dentistry.com"
40.77.167.89 - - [12/Nov/2016:07:08:42 -0800] "GET /services.html HTTP/1.1" 200 34139 "-" "Mozilla/5.0 (compatible; bingbot/2.0; +http://www.bing.com/bingbot.htm)" "www.superior-dentistry.com"
40.77.167.89 - - [12/Nov/2016:07:08:42 -0800] "GET /contact-us.html HTTP/1.1" 200 23728 "-" "Mozilla/5.0 (compatible; bingbot/2.0; +http://www.bing.com/bingbot.htm)" "www.superior-dentistry.com"[0]
40.77.167.89 - - [12/Nov/2016:07:08:43 -0800] "GET /Bowie-Dentists/blog.php HTTP/1.1" 200 416 "-" "Mozilla/5.0 (compatible; bingbot/2.0; +http://www.bing.com/bingbot.htm)" "www.superior-dentistry.com"
40.77.167.89 - - [12/Nov/2016:07:08:43 -0800] "GET /Dentist-Bowie-MD/?D=A HTTP/1.1" 200 2249 "-" "Mozilla/5.0 (compatible; bingbot/2.0; +http://www.bing.com/bingbot.htm)" "www.superior-dentistry.com"
40.77.167.89 - - [12/Nov/2016:07:08:43 -0800] "GET /Dentist-Bowie-MD/?M=A HTTP/1.1" 200 2249 "-" "Mozilla/5.0 (compatible; bingbot/2.0; +http://www.bing.com/bingbot.htm)" "www.superior-dentistry.com"
40.77.167.3 - - [12/Nov/2016:07:47:43 -0800] "GET /Dentist-Bowie-MD/meet-staff.html HTTP/1.1" 404 89 "-" "Mozilla/5.0 (compatible; bingbot/2.0; +http://www.bing.com/bingbot.htm)" "www.superior-dentistry.com"
40.77.167.3 - - [12/Nov/2016:07:47:43 -0800] "GET /Dentist-Bowie-MD/Tooth-Extractions-Maryland-MD HTTP/1.1" 200 31634 "-" "Mozilla/5.0 (compatible; bingbot/2.0; +http://www.bing.com/bingbot.htm)" "www.superior-dentistry.com"
40.77.167.3 - - [12/Nov/2016:07:47:43 -0800] "GET /Dentist-Bowie-MD/index.html HTTP/1.1" 404 89 "-" "Mozilla/5.0 (compatible; bingbot/2.0; +http://www.bing.com/bingbot.htm)" "www.superior-dentistry.com"
40.77.167.3 - - [12/Nov/2016:07:47:43 -0800] "GET / HTTP/1.1" 200 38900 "-" "Mozilla/5.0 (compatible; bingbot/2.0; +http://www.bing.com/bingbot.htm)" "www.superior-dentistry.com"
40.77.167.3 - - [12/Nov/2016:07:47:43 -0800] "GET /?_escaped_fragment_= HTTP/1.1" 200 38900 "-" "Mozilla/5.0 (compatible; bingbot/2.0; +http://www.bing.com/bingbot.htm)" "www.superior-dentistry.com"
40.77.167.3 - - [12/Nov/2016:07:47:43 -0800] "GET /?_escaped_fragment_=about_us/cjg9 HTTP/1.1" 200 38900 "-" "Mozilla/5.0 (compatible; bingbot/2.0; +http://www.bing.com/bingbot.htm)" "www.superior-dentistry.com"
40.77.167.3 - - [12/Nov/2016:07:47:43 -0800] "GET /Dentist-Bowie-MD/css/bootstrap-theme.css.map HTTP/1.1" 200 911 "-" "Mozilla/5.0 (compatible; bingbot/2.0; +http://www.bing.com/bingbot.htm)" "www.superior-dentistry.com"
40.77.167.3 - - [12/Nov/2016:07:47:43 -0800] "GET /Dentist-Bowie-MD/css/ HTTP/1.1" 200 1872 "-" "Mozilla/5.0 (compatible; bingbot/2.0; +http://www.bing.com/bingbot.htm)" "www.superior-dentistry.com"
40.77.167.3 - - [12/Nov/2016:07:47:44 -0800] "GET /testimonials.html HTTP/1.1" 200 24785 "-" "Mozilla/5.0 (compatible; bingbot/2.0; +http://www.bing.com/bingbot.htm)" "www.superior-dentistry.com"
180.76.15.141 - - [12/Nov/2016:07:50:37 -0800] "GET /Dentist-Bowie-MD/js/bootstrap.min.js HTTP/1.1" 200 35601 "-" "Mozilla/5.0 (compatible; Baiduspider/2.0; +http://www.baidu.com/search/spider.html)" "www.superior-dentistry.com"
198.16.7.150 - - [12/Nov/2016:08:08:07 -0800] "GET / HTTP/1.1" 200 38900 "-" "FreeWebMonitoring SiteChecker/0.2 (+http://www.freewebmonitoring.com/bot.html)" "www.superior-dentistry.com"
131.253.27.73 - - [12/Nov/2016:08:09:51 -0800] "GET /css/bootstrap.css HTTP/1.1" 200 138415 "-" "Mozilla/5.0 (iPhone; CPU iPhone OS 7_0 like Mac OS X) AppleWebKit/537.51.1 (KHTML, like Gecko) Version/7.0 Mobile/11A465 Safari/9537.53 BingPreview/1.0b" "www.superior-dentistry.com"
131.253.27.190 - - [12/Nov/2016:08:09:51 -0800] "GET /css/bootstrap-theme.css HTTP/1.1" 200 19156 "-" "Mozilla/5.0 (iPhone; CPU iPhone OS 7_0 like Mac OS X) AppleWebKit/537.51.1 (KHTML, like Gecko) Version/7.0 Mobile/11A465 Safari/9537.53 BingPreview/1.0b" "www.superior-dentistry.com"
131.253.27.62 - - [12/Nov/2016:08:09:54 -0800] "GET /js/bootstrap.min.js HTTP/1.1" 200 35601 "-" "Mozilla/5.0 (iPhone; CPU iPhone OS 7_0 like Mac OS X) AppleWebKit/537.51.1 (KHTML, like Gecko) Version/7.0 Mobile/11A465 Safari/9537.53 BingPreview/1.0b" "www.superior-dentistry.com"[0]
131.253.27.62 - - [12/Nov/2016:08:09:54 -0800] "GET /js/docs.min.js HTTP/1.1" 200 43299 "-" "Mozilla/5.0 (iPhone; CPU iPhone OS 7_0 like Mac OS X) AppleWebKit/537.51.1 (KHTML, like Gecko) Version/7.0 Mobile/11A465 Safari/9537.53 BingPreview/1.0b" "www.superior-dentistry.com"
131.253.27.121 - - [12/Nov/2016:08:09:54 -0800] "GET /js/ie10-viewport-bug-workaround.js HTTP/1.1" 200 694 "-" "Mozilla/5.0 (iPhone; CPU iPhone OS 7_0 like Mac OS X) AppleWebKit/537.51.1 (KHTML, like Gecko) Version/7.0 Mobile/11A465 Safari/9537.53 BingPreview/1.0b" "www.superior-dentistry.com"
