198.16.7.150 - - [01/Jul/2016:17:22:11 -0700] "GET / HTTP/1.1" 200 38900 "-" "FreeWebMonitoring SiteChecker/0.2 (+http://www.freewebmonitoring.com/bot.html)" "www.superior-dentistry.com"
66.87.81.50 - - [01/Jul/2016:18:03:22 -0700] "GET /img/meetdr-ali.jpg HTTP/1.1" 200 60533 "http://www.superior-dentistry.com/" "Mozilla/5.0 (iPhone; CPU iPhone OS 9_3_2 like Mac OS X) AppleWebKit/601.1.46 (KHTML, like Gecko) Version/9.0 Mobile/13F69 Safari/601.1" "www.superior-dentistry.com"
66.87.81.50 - - [01/Jul/2016:18:03:22 -0700] "GET /css/bootstrap.css HTTP/1.1" 200 138415 "http://www.superior-dentistry.com/" "Mozilla/5.0 (iPhone; CPU iPhone OS 9_3_2 like Mac OS X) AppleWebKit/601.1.46 (KHTML, like Gecko) Version/9.0 Mobile/13F69 Safari/601.1" "www.superior-dentistry.com"
66.87.81.50 - - [01/Jul/2016:18:03:22 -0700] "GET /img/offer-31-05-2014-new-patient.jpg HTTP/1.1" 200 15365 "http://www.superior-dentistry.com/" "Mozilla/5.0 (iPhone; CPU iPhone OS 9_3_2 like Mac OS X) AppleWebKit/601.1.46 (KHTML, like Gecko) Version/9.0 Mobile/13F69 Safari/601.1" "www.superior-dentistry.com"
66.87.81.50 - - [01/Jul/2016:18:03:22 -0700] "GET /img/offer-31-05-2014-whitening.jpg HTTP/1.1" 200 15686 "http://www.superior-dentistry.com/" "Mozilla/5.0 (iPhone; CPU iPhone OS 9_3_2 like Mac OS X) AppleWebKit/601.1.46 (KHTML, like Gecko) Version/9.0 Mobile/13F69 Safari/601.1" "www.superior-dentistry.com"
66.87.81.50 - - [01/Jul/2016:18:03:50 -0700] "GET /css/font-awesome.css HTTP/1.1" 200 28747 "http://www.superior-dentistry.com/" "Mozilla/5.0 (iPhone; CPU iPhone OS 9_3_2 like Mac OS X) AppleWebKit/601.1.46 (KHTML, like Gecko) Version/9.0 Mobile/13F69 Safari/601.1" "www.superior-dentistry.com"
66.87.81.50 - - [01/Jul/2016:18:03:50 -0700] "GET /img/offer-31-05-2014-whitening.jpg HTTP/1.1" 200 15686 "http://www.superior-dentistry.com/" "Mozilla/5.0 (iPhone; CPU iPhone OS 9_3_2 like Mac OS X) AppleWebKit/601.1.46 (KHTML, like Gecko) Version/9.0 Mobile/13F69 Safari/601.1" "www.superior-dentistry.com"
66.87.81.50 - - [01/Jul/2016:18:03:50 -0700] "GET /theme.css HTTP/1.1" 200 1926 "http://www.superior-dentistry.com/" "Mozilla/5.0 (iPhone; CPU iPhone OS 9_3_2 like Mac OS X) AppleWebKit/601.1.46 (KHTML, like Gecko) Version/9.0 Mobile/13F69 Safari/601.1" "www.superior-dentistry.com"
66.87.81.50 - - [01/Jul/2016:18:04:29 -0700] "GET /services.html HTTP/1.1" 200 34139 "http://www.superior-dentistry.com/" "Mozilla/5.0 (iPhone; CPU iPhone OS 9_3_2 like Mac OS X) AppleWebKit/601.1.46 (KHTML, like Gecko) Version/9.0 Mobile/13F69 Safari/601.1" "www.superior-dentistry.com"
66.87.81.50 - - [01/Jul/2016:18:04:30 -0700] "GET /img/Lumineers.jpg HTTP/1.1" 200 70250 "http://www.superior-dentistry.com/services.html" "Mozilla/5.0 (iPhone; CPU iPhone OS 9_3_2 like Mac OS X) AppleWebKit/601.1.46 (KHTML, like Gecko) Version/9.0 Mobile/13F69 Safari/601.1" "www.superior-dentistry.com"[0]
66.87.81.50 - - [01/Jul/2016:18:04:30 -0700] "GET /img/porcelain-veneers.jpg HTTP/1.1" 200 151567 "http://www.superior-dentistry.com/services.html" "Mozilla/5.0 (iPhone; CPU iPhone OS 9_3_2 like Mac OS X) AppleWebKit/601.1.46 (KHTML, like Gecko) Version/9.0 Mobile/13F69 Safari/601.1" "www.superior-dentistry.com"
66.87.81.50 - - [01/Jul/2016:18:04:30 -0700] "GET /img/dentures.jpg HTTP/1.1" 200 126240 "http://www.superior-dentistry.com/services.html" "Mozilla/5.0 (iPhone; CPU iPhone OS 9_3_2 like Mac OS X) AppleWebKit/601.1.46 (KHTML, like Gecko) Version/9.0 Mobile/13F69 Safari/601.1" "www.superior-dentistry.com"
66.87.81.50 - - [01/Jul/2016:18:04:30 -0700] "GET /img/dental-extractions.jpg HTTP/1.1" 200 165246 "http://www.superior-dentistry.com/services.html" "Mozilla/5.0 (iPhone; CPU iPhone OS 9_3_2 like Mac OS X) AppleWebKit/601.1.46 (KHTML, like Gecko) Version/9.0 Mobile/13F69 Safari/601.1" "www.superior-dentistry.com"
195.1.111.141 - - [01/Jul/2016:18:29:45 -0700] "GET /robots.txt HTTP/1.1" 200 49 "-" "Mozilla/5.0 (compatible; MJ12bot/v1.4.5; http://www.majestic12.co.uk/bot.php?+)" "superior-dentistry.com"
195.1.111.141 - - [01/Jul/2016:18:29:55 -0700] "GET /Patient-Before-After-Gallery.html HTTP/1.1" 200 23825 "-" "Mozilla/5.0 (compatible; MJ12bot/v1.4.5; http://www.majestic12.co.uk/bot.php?+)" "www.superior-dentistry.com"
141.8.143.182 - - [01/Jul/2016:19:38:12 -0700] "GET /Bowie-Dentists/services.html HTTP/1.1" 404 89 "-" "Mozilla/5.0 (compatible; YandexBot/3.0; +http://yandex.com/bots)" "www.superior-dentistry.com"
23.81.233.243 - - [01/Jul/2016:19:39:12 -0700] "GET /contact-us.php HTTP/1.1" 200 73 "-" "Mozilla/5.0 (Windows NT 10.0; Win64; x64) AppleWebKit/537.36 (KHTML, like Gecko) Chrome/32.0.1737.78 Safari/537.36" "www.superior-dentistry.com"
138.201.125.143 - - [01/Jul/2016:19:39:53 -0700] "GET /robots.txt HTTP/1.1" 200 49 "-" "Mozilla/5.0 (compatible; MJ12bot/v1.4.5; http://www.majestic12.co.uk/bot.php?+)" "www.superior-dentistry.com"
198.16.7.150 - - [01/Jul/2016:20:25:49 -0700] "GET / HTTP/1.1" 200 38900 "-" "FreeWebMonitoring SiteChecker/0.2 (+http://www.freewebmonitoring.com/bot.html)" "www.superior-dentistry.com"
65.36.241.48 - - [01/Jul/2016:22:19:40 -0700] "HEAD / HTTP/1.1" 200 0 "-" "InternetSeer.com" "www.superior-dentistry.com"
198.16.7.150 - - [01/Jul/2016:22:27:56 -0700] "GET / HTTP/1.1" 200 38900 "-" "FreeWebMonitoring SiteChecker/0.2 (+http://www.freewebmonitoring.com/bot.html)" "www.superior-dentistry.com"
198.16.7.150 - - [01/Jul/2016:23:40:15 -0700] "GET / HTTP/1.1" 200 38900 "-" "FreeWebMonitoring SiteChecker/0.2 (+http://www.freewebmonitoring.com/bot.html)" "www.superior-dentistry.com"
144.76.12.78 - - [02/Jul/2016:00:01:36 -0700] "GET /robots.txt HTTP/1.1" 200 49 "-" "Mozilla/5.0 (compatible; MJ12bot/v1.4.5; http://www.majestic12.co.uk/bot.php?+)" "superior-dentistry.com"
144.76.12.78 - - [02/Jul/2016:00:01:37 -0700] "GET /Dental-Sites-We-Like.html HTTP/1.1" 200 41846 "-" "Mozilla/5.0 (compatible; MJ12bot/v1.4.5; http://www.majestic12.co.uk/bot.php?+)" "superior-dentistry.com"
5.255.250.70 - - [02/Jul/2016:00:06:40 -0700] "GET /js/ie-emulation-modes-warning.js HTTP/1.1" 200 2132 "-" "Mozilla/5.0 (iPhone; CPU iPhone OS 8_1 like Mac OS X) AppleWebKit/600.1.4 (KHTML, like Gecko) Version/8.0 Mobile/12B411 Safari/600.1.4 (compatible; YandexMobileBot/3.0; +http://yandex.com/bots)" "www.superior-dentistry.com"
5.255.250.28 - - [02/Jul/2016:00:06:40 -0700] "GET /css/font-awesome.css HTTP/1.1" 200 28747 "-" "Mozilla/5.0 (iPhone; CPU iPhone OS 8_1 like Mac OS X) AppleWebKit/600.1.4 (KHTML, like Gecko) Version/8.0 Mobile/12B411 Safari/600.1.4 (compatible; YandexMobileBot/3.0; +http://yandex.com/bots)" "www.superior-dentistry.com"
100.43.85.25 - - [02/Jul/2016:00:06:40 -0700] "GET /js/docs.min.js HTTP/1.1" 200 43299 "-" "Mozilla/5.0 (iPhone; CPU iPhone OS 8_1 like Mac OS X) AppleWebKit/600.1.4 (KHTML, like Gecko) Version/8.0 Mobile/12B411 Safari/600.1.4 (compatible; YandexMobileBot/3.0; +http://yandex.com/bots)" "www.superior-dentistry.com"
141.8.143.194 - - [02/Jul/2016:00:06:40 -0700] "GET /css/bootstrap.css HTTP/1.1" 200 138415 "-" "Mozilla/5.0 (iPhone; CPU iPhone OS 8_1 like Mac OS X) AppleWebKit/600.1.4 (KHTML, like Gecko) Version/8.0 Mobile/12B411 Safari/600.1.4 (compatible; YandexMobileBot/3.0; +http://yandex.com/bots)" "www.superior-dentistry.com"
5.255.250.86 - - [02/Jul/2016:00:06:41 -0700] "GET /css/bootstrap-theme.css HTTP/1.1" 200 19156 "-" "Mozilla/5.0 (iPhone; CPU iPhone OS 8_1 like Mac OS X) AppleWebKit/600.1.4 (KHTML, like Gecko) Version/8.0 Mobile/12B411 Safari/600.1.4 (compatible; YandexMobileBot/3.0; +http://yandex.com/bots)" "www.superior-dentistry.com"
100.43.91.13 - - [02/Jul/2016:00:06:41 -0700] "GET /theme.css HTTP/1.1" 200 1926 "-" "Mozilla/5.0 (iPhone; CPU iPhone OS 8_1 like Mac OS X) AppleWebKit/600.1.4 (KHTML, like Gecko) Version/8.0 Mobile/12B411 Safari/600.1.4 (compatible; YandexMobileBot/3.0; +http://yandex.com/bots)" "www.superior-dentistry.com"[0]
198.16.7.150 - - [02/Jul/2016:00:40:43 -0700] "GET / HTTP/1.1" 200 38900 "-" "FreeWebMonitoring SiteChecker/0.2 (+http://www.freewebmonitoring.com/bot.html)" "www.superior-dentistry.com"
198.16.7.150 - - [02/Jul/2016:01:41:17 -0700] "GET / HTTP/1.1" 200 38900 "-" "FreeWebMonitoring SiteChecker/0.2 (+http://www.freewebmonitoring.com/bot.html)" "www.superior-dentistry.com"
213.239.205.207 - - [02/Jul/2016:02:19:34 -0700] "GET /robots.txt HTTP/1.1" 200 49 "-" "Mozilla/5.0 (compatible; MJ12bot/v1.4.5; http://www.majestic12.co.uk/bot.php?+)" "www.superior-dentistry.com"
213.239.205.207 - - [02/Jul/2016:02:19:36 -0700] "GET / HTTP/1.1" 200 38900 "-" "Mozilla/5.0 (compatible; MJ12bot/v1.4.5; http://www.majestic12.co.uk/bot.php?+)" "www.superior-dentistry.com"
5.255.250.28 - - [02/Jul/2016:02:35:18 -0700] "GET / HTTP/1.1" 200 38900 "-" "Mozilla/5.0 (compatible; YandexBot/3.0; +http://yandex.com/bots)" "www.superior-dentistry.com"
5.255.250.70 - - [02/Jul/2016:02:35:22 -0700] "GET /index.html HTTP/1.1" 200 38900 "-" "Mozilla/5.0 (compatible; YandexBot/3.0; +http://yandex.com/bots)" "www.superior-dentistry.com"
180.76.15.160 - - [02/Jul/2016:02:39:29 -0700] "GET /testimonials.html HTTP/1.1" 200 24785 "-" "Mozilla/5.0 (compatible; Baiduspider/2.0; +http://www.baidu.com/search/spider.html)" "superior-dentistry.com"
17.142.159.177 - - [02/Jul/2016:02:44:37 -0700] "GET /images/logo1.jpg HTTP/1.1" 404 89 "-" "Mozilla/5.0 (Macintosh; Intel Mac OS X 10_10_1) AppleWebKit/600.2.5 (KHTML, like Gecko) Version/8.0.2 Safari/600.2.5 (Applebot/0.1; +http://www.apple.com/go/applebot)" "www.superior-dentistry.com"
17.142.159.177 - - [02/Jul/2016:02:44:38 -0700] "GET /images/logo1.jpg HTTP/1.1" 404 89 "-" "Mozilla/5.0 (iPhone; CPU iPhone OS 8_1 like Mac OS X) AppleWebKit/600.1.4 (KHTML, like Gecko) Version/8.0 Mobile/12B410 Safari/600.1.4 (Applebot/0.1; +http://www.apple.com/go/applebot)" "www.superior-dentistry.com"
17.142.159.177 - - [02/Jul/2016:02:44:43 -0700] "GET /images/logo1.jpg HTTP/1.1" 404 89 "-" "Mozilla/5.0 (iPhone; CPU iPhone OS 8_1 like Mac OS X) AppleWebKit/600.1.4 (KHTML, like Gecko) Version/8.0 Mobile/12B410 Safari/600.1.4 (Applebot/0.1; +http://www.apple.com/go/applebot)" "www.superior-dentistry.com"
68.180.229.158 - - [02/Jul/2016:03:06:10 -0700] "GET /firstvisit.php HTTP/1.1" 200 73 "-" "Mozilla/5.0 (compatible; Yahoo! Slurp; http://help.yahoo.com/help/us/ysearch/slurp)" "www.superior-dentistry.com"
198.16.7.150 - - [02/Jul/2016:03:43:17 -0700] "GET / HTTP/1.1" 200 38900 "-" "FreeWebMonitoring SiteChecker/0.2 (+http://www.freewebmonitoring.com/bot.html)" "www.superior-dentistry.com"
68.180.229.158 - - [02/Jul/2016:04:29:02 -0700] "GET /meet-staff.php HTTP/1.1" 200 73 "-" "Mozilla/5.0 (compatible; Yahoo! Slurp; http://help.yahoo.com/help/us/ysearch/slurp)" "www.superior-dentistry.com"
141.8.143.176 - - [02/Jul/2016:04:50:37 -0700] "GET /Bowie-Dentists/Patient-Before-After-Gallery.html HTTP/1.1" 404 89 "-" "Mozilla/5.0 (compatible; YandexBot/3.0; +http://yandex.com/bots)" "www.superior-dentistry.com"
198.16.7.150 - - [02/Jul/2016:04:55:33 -0700] "GET / HTTP/1.1" 200 38900 "-" "FreeWebMonitoring SiteChecker/0.2 (+http://www.freewebmonitoring.com/bot.html)" "www.superior-dentistry.com"
157.55.39.153 - - [02/Jul/2016:05:06:27 -0700] "GET /robots.txt HTTP/1.1" 200 49 "-" "Mozilla/5.0 (compatible; bingbot/2.0; +http://www.bing.com/bingbot.htm)" "www.superior-dentistry.com"
157.55.39.153 - - [02/Jul/2016:05:22:01 -0700] "GET /services.php HTTP/1.0" 200 73 "-" "Mozilla/5.0 (iPhone; CPU iPhone OS 7_0 like Mac OS X) AppleWebKit/537.51.1 (KHTML, like Gecko) Version/7.0 Mobile/11A465 Safari/9537.53 (compatible; bingbot/2.0; +http://www.bing.com/bingbot.htm)" "www.superior-dentistry.com"
178.255.215.79 - - [02/Jul/2016:05:47:27 -0700] "GET /robots.txt HTTP/1.1" 200 49 "-" "Mozilla/5.0 (compatible; Exabot/3.0; +http://www.exabot.com/go/robot)" "www.superior-dentistry.com"
178.255.215.79 - - [02/Jul/2016:05:47:28 -0700] "GET /Dental-Links.html HTTP/1.1" 200 27799 "-" "Mozilla/5.0 (compatible; Exabot/3.0; +http://www.exabot.com/go/robot)" "www.superior-dentistry.com"
40.77.167.72 - - [02/Jul/2016:06:26:11 -0700] "GET /robots.txt HTTP/1.1" 200 49 "-" "Mozilla/5.0 (compatible; bingbot/2.0; +http://www.bing.com/bingbot.htm)" "www.superior-dentistry.com"
71.246.234.177 - - [02/Jul/2016:06:44:02 -0700] "GET / HTTP/1.1" 200 38900 "https://www.google.com/" "Mozilla/5.0 (iPhone; CPU iPhone OS 9_3_2 like Mac OS X) AppleWebKit/601.1.46 (KHTML, like Gecko) Version/9.0 Mobile/13F69 Safari/601.1" "www.superior-dentistry.com"
71.246.234.177 - - [02/Jul/2016:06:44:02 -0700] "GET /css/bootstrap.css HTTP/1.1" 200 138415 "http://www.superior-dentistry.com/" "Mozilla/5.0 (iPhone; CPU iPhone OS 9_3_2 like Mac OS X) AppleWebKit/601.1.46 (KHTML, like Gecko) Version/9.0 Mobile/13F69 Safari/601.1" "www.superior-dentistry.com"
71.246.234.177 - - [02/Jul/2016:06:44:02 -0700] "GET /theme.css HTTP/1.1" 200 1926 "http://www.superior-dentistry.com/" "Mozilla/5.0 (iPhone; CPU iPhone OS 9_3_2 like Mac OS X) AppleWebKit/601.1.46 (KHTML, like Gecko) Version/9.0 Mobile/13F69 Safari/601.1" "www.superior-dentistry.com"
71.246.234.177 - - [02/Jul/2016:06:44:02 -0700] "GET /css/bootstrap-theme.css HTTP/1.1" 200 19156 "http://www.superior-dentistry.com/" "Mozilla/5.0 (iPhone; CPU iPhone OS 9_3_2 like Mac OS X) AppleWebKit/601.1.46 (KHTML, like Gecko) Version/9.0 Mobile/13F69 Safari/601.1" "www.superior-dentistry.com"
71.246.234.177 - - [02/Jul/2016:06:44:02 -0700] "GET /js/ie-emulation-modes-warning.js HTTP/1.1" 200 2132 "http://www.superior-dentistry.com/" "Mozilla/5.0 (iPhone; CPU iPhone OS 9_3_2 like Mac OS X) AppleWebKit/601.1.46 (KHTML, like Gecko) Version/9.0 Mobile/13F69 Safari/601.1" "www.superior-dentistry.com"
71.246.234.177 - - [02/Jul/2016:06:44:02 -0700] "GET /img/logo.jpg HTTP/1.1" 200 139628 "http://www.superior-dentistry.com/" "Mozilla/5.0 (iPhone; CPU iPhone OS 9_3_2 like Mac OS X) AppleWebKit/601.1.46 (KHTML, like Gecko) Version/9.0 Mobile/13F69 Safari/601.1" "www.superior-dentistry.com"
71.246.234.177 - - [02/Jul/2016:06:44:03 -0700] "GET /img/wisdom-teeth-extraction.jpg HTTP/1.1" 200 23758 "http://www.superior-dentistry.com/" "Mozilla/5.0 (iPhone; CPU iPhone OS 9_3_2 like Mac OS X) AppleWebKit/601.1.46 (KHTML, like Gecko) Version/9.0 Mobile/13F69 Safari/601.1" "www.superior-dentistry.com"
71.246.234.177 - - [02/Jul/2016:06:44:03 -0700] "GET /img/jaw-surgery.jpg HTTP/1.1" 200 27058 "http://www.superior-dentistry.com/" "Mozilla/5.0 (iPhone; CPU iPhone OS 9_3_2 like Mac OS X) AppleWebKit/601.1.46 (KHTML, like Gecko) Version/9.0 Mobile/13F69 Safari/601.1" "www.superior-dentistry.com"
71.246.234.177 - - [02/Jul/2016:06:44:03 -0700] "GET /img/oral-pathology.jpg HTTP/1.1" 200 33395 "http://www.superior-dentistry.com/" "Mozilla/5.0 (iPhone; CPU iPhone OS 9_3_2 like Mac OS X) AppleWebKit/601.1.46 (KHTML, like Gecko) Version/9.0 Mobile/13F69 Safari/601.1" "www.superior-dentistry.com"
71.246.234.177 - - [02/Jul/2016:06:44:03 -0700] "GET /img/extraction.jpg HTTP/1.1" 200 30135 "http://www.superior-dentistry.com/" "Mozilla/5.0 (iPhone; CPU iPhone OS 9_3_2 like Mac OS X) AppleWebKit/601.1.46 (KHTML, like Gecko) Version/9.0 Mobile/13F69 Safari/601.1" "www.superior-dentistry.com"
71.246.234.177 - - [02/Jul/2016:06:44:03 -0700] "GET /img/meetdr-ali.jpg HTTP/1.1" 200 60533 "http://www.superior-dentistry.com/" "Mozilla/5.0 (iPhone; CPU iPhone OS 9_3_2 like Mac OS X) AppleWebKit/601.1.46 (KHTML, like Gecko) Version/9.0 Mobile/13F69 Safari/601.1" "www.superior-dentistry.com"
71.246.234.177 - - [02/Jul/2016:06:44:03 -0700] "GET /img/slider2.jpg HTTP/1.1" 200 345766 "http://www.superior-dentistry.com/" "Mozilla/5.0 (iPhone; CPU iPhone OS 9_3_2 like Mac OS X) AppleWebKit/601.1.46 (KHTML, like Gecko) Version/9.0 Mobile/13F69 Safari/601.1" "www.superior-dentistry.com"
71.246.234.177 - - [02/Jul/2016:06:44:03 -0700] "GET /img/slider3.jpg HTTP/1.1" 200 217901 "http://www.superior-dentistry.com/" "Mozilla/5.0 (iPhone; CPU iPhone OS 9_3_2 like Mac OS X) AppleWebKit/601.1.46 (KHTML, like Gecko) Version/9.0 Mobile/13F69 Safari/601.1" "www.superior-dentistry.com"
71.246.234.177 - - [02/Jul/2016:06:44:03 -0700] "GET /img/offer-31-05-2014-whitening.jpg HTTP/1.1" 200 15686 "http://www.superior-dentistry.com/" "Mozilla/5.0 (iPhone; CPU iPhone OS 9_3_2 like Mac OS X) AppleWebKit/601.1.46 (KHTML, like Gecko) Version/9.0 Mobile/13F69 Safari/601.1" "www.superior-dentistry.com"[0]
71.246.234.177 - - [02/Jul/2016:06:44:03 -0700] "GET /img/offer-31-05-2014-new-patient.jpg HTTP/1.1" 200 15365 "http://www.superior-dentistry.com/" "Mozilla/5.0 (iPhone; CPU iPhone OS 9_3_2 like Mac OS X) AppleWebKit/601.1.46 (KHTML, like Gecko) Version/9.0 Mobile/13F69 Safari/601.1" "www.superior-dentistry.com"
71.246.234.177 - - [02/Jul/2016:06:44:03 -0700] "GET /img/patients-choice-winner-2015.png HTTP/1.1" 200 9818 "http://www.superior-dentistry.com/" "Mozilla/5.0 (iPhone; CPU iPhone OS 9_3_2 like Mac OS X) AppleWebKit/601.1.46 (KHTML, like Gecko) Version/9.0 Mobile/13F69 Safari/601.1" "www.superior-dentistry.com"
71.246.234.177 - - [02/Jul/2016:06:46:37 -0700] "GET / HTTP/1.0" 200 38900 "https://www.google.com/" "Mozilla/5.0 (iPhone; CPU iPhone OS 9_3_2 like Mac OS X) AppleWebKit/601.1.46 (KHTML, like Gecko) Version/9.0 Mobile/13F69 Safari/601.1" "www.superior-dentistry.com"
71.246.234.177 - - [02/Jul/2016:06:47:22 -0700] "GET /css/font-awesome.css HTTP/1.0" 304 - "http://www.superior-dentistry.com/" "Mozilla/5.0 (iPhone; CPU iPhone OS 9_3_2 like Mac OS X) AppleWebKit/601.1.46 (KHTML, like Gecko) Version/9.0 Mobile/13F69 Safari/601.1" "www.superior-dentistry.com"
198.16.7.150 - - [02/Jul/2016:06:56:55 -0700] "GET / HTTP/1.1" 200 38900 "-" "FreeWebMonitoring SiteChecker/0.2 (+http://www.freewebmonitoring.com/bot.html)" "www.superior-dentistry.com"
65.36.241.48 - - [02/Jul/2016:07:02:40 -0700] "HEAD / HTTP/1.1" 200 0 "-" "InternetSeer.com" "www.superior-dentistry.com"
180.76.15.13 - - [02/Jul/2016:07:17:16 -0700] "GET /Dental-Sites-We-Like.html HTTP/1.1" 200 41846 "-" "Mozilla/5.0 (compatible; Baiduspider/2.0; +http://www.baidu.com/search/spider.html)" "superior-dentistry.com"
141.8.143.182 - - [02/Jul/2016:07:25:11 -0700] "GET /robots.txt HTTP/1.1" 200 49 "-" "Mozilla/5.0 (compatible; YandexBot/3.0; +http://yandex.com/bots)" "www.superior-dentistry.com"
141.8.143.194 - - [02/Jul/2016:07:25:22 -0700] "GET /Dentist-Bowie-MD/Dental-Implants-Maryland-MD.html HTTP/1.1" 200 32074 "-" "Mozilla/5.0 (compatible; YandexBot/3.0; +http://yandex.com/bots)" "www.superior-dentistry.com"
198.16.7.150 - - [02/Jul/2016:07:57:10 -0700] "GET / HTTP/1.1" 200 38900 "-" "FreeWebMonitoring SiteChecker/0.2 (+http://www.freewebmonitoring.com/bot.html)" "www.superior-dentistry.com"
198.16.7.150 - - [02/Jul/2016:08:57:22 -0700] "GET / HTTP/1.1" 200 38900 "-" "FreeWebMonitoring SiteChecker/0.2 (+http://www.freewebmonitoring.com/bot.html)" "www.superior-dentistry.com"
157.55.39.153 - - [02/Jul/2016:08:58:24 -0700] "GET /Dentist-Bowie-MD/js/?S=A HTTP/1.1" 200 1319 "-" "Mozilla/5.0 (compatible; bingbot/2.0; +http://www.bing.com/bingbot.htm)" "www.superior-dentistry.com"
198.16.7.150 - - [02/Jul/2016:09:58:34 -0700] "GET / HTTP/1.1" 200 38900 "-" "FreeWebMonitoring SiteChecker/0.2 (+http://www.freewebmonitoring.com/bot.html)" "www.superior-dentistry.com"
5.255.250.70 - - [02/Jul/2016:10:54:30 -0700] "GET /sitemap.xml HTTP/1.1" 200 4530 "-" "Mozilla/5.0 (compatible; YandexBot/3.0; +http://yandex.com/bots)" "superior-dentistry.com"
198.16.7.150 - - [02/Jul/2016:10:59:05 -0700] "GET / HTTP/1.1" 200 38900 "-" "FreeWebMonitoring SiteChecker/0.2 (+http://www.freewebmonitoring.com/bot.html)" "www.superior-dentistry.com"
5.255.250.70 - - [02/Jul/2016:11:10:19 -0700] "GET /Bowie-Dentists/Preventive-Dentistry-Maryland.html HTTP/1.1" 200 39411 "-" "Mozilla/5.0 (iPhone; CPU iPhone OS 8_1 like Mac OS X) AppleWebKit/600.1.4 (KHTML, like Gecko) Version/8.0 Mobile/12B411 Safari/600.1.4 (compatible; YandexMobileBot/3.0; +http://yandex.com/bots)" "www.superior-dentistry.com"
5.255.250.30 - - [02/Jul/2016:11:10:21 -0700] "GET /Bowie-Dentists/js/jquery-1.9.1.min.js HTTP/1.1" 404 89 "-" "Mozilla/5.0 (iPhone; CPU iPhone OS 8_1 like Mac OS X) AppleWebKit/600.1.4 (KHTML, like Gecko) Version/8.0 Mobile/12B411 Safari/600.1.4 (compatible; YandexMobileBot/3.0; +http://yandex.com/bots)" "www.superior-dentistry.com"
100.43.85.25 - - [02/Jul/2016:11:10:21 -0700] "GET /Bowie-Dentists/js/tms_presets.js HTTP/1.1" 404 89 "-" "Mozilla/5.0 (iPhone; CPU iPhone OS 8_1 like Mac OS X) AppleWebKit/600.1.4 (KHTML, like Gecko) Version/8.0 Mobile/12B411 Safari/600.1.4 (compatible; YandexMobileBot/3.0; +http://yandex.com/bots)" "www.superior-dentistry.com"
141.8.143.161 - - [02/Jul/2016:11:11:35 -0700] "GET /Bowie-Dentists/js/jquery.easing.1.3.js HTTP/1.1" 404 89 "-" "Mozilla/5.0 (iPhone; CPU iPhone OS 8_1 like Mac OS X) AppleWebKit/600.1.4 (KHTML, like Gecko) Version/8.0 Mobile/12B411 Safari/600.1.4 (compatible; YandexMobileBot/3.0; +http://yandex.com/bots)" "www.superior-dentistry.com"
100.43.85.15 - - [02/Jul/2016:11:13:34 -0700] "GET /Bowie-Dentists/js/jquery.easing.1.3.js HTTP/1.0" 404 73 "-" "Mozilla/5.0 (iPhone; CPU iPhone OS 8_1 like Mac OS X) AppleWebKit/600.1.4 (KHTML, like Gecko) Version/8.0 Mobile/12B411 Safari/600.1.4 (compatible; YandexMobileBot/3.0; +http://yandex.com/bots)" "www.superior-dentistry.com"
69.30.215.130 - - [02/Jul/2016:11:23:28 -0700] "GET /robots.txt HTTP/1.1" 200 49 "-" "Mozilla/5.0 (compatible; MJ12bot/v1.4.5; http://www.majestic12.co.uk/bot.php?+)" "superior-dentistry.com"
69.30.215.130 - - [02/Jul/2016:11:23:30 -0700] "GET /%E2%80%9Dhttp://www.nicedentist.com HTTP/1.1" 404 89 "-" "Mozilla/5.0 (compatible; MJ12bot/v1.4.5; http://www.majestic12.co.uk/bot.php?+)" "superior-dentistry.com"[0]
69.30.215.130 - - [02/Jul/2016:11:23:30 -0700] "GET /robots.txt HTTP/1.1" 200 49 "-" "Mozilla/5.0 (compatible; MJ12bot/v1.4.5; http://www.majestic12.co.uk/bot.php?+)" "www.superior-dentistry.com"
136.243.67.139 - - [02/Jul/2016:11:59:26 -0700] "GET / HTTP/1.1" 200 38900 "-" "Mozilla/5.0 (Windows NT 6.1; rv:24.0) Gecko/20100101 Firefox/24.0" "superior-dentistry.com"
136.243.67.139 - - [02/Jul/2016:11:59:27 -0700] "GET /js/bootstrap.min.js HTTP/1.1" 200 35601 "http://superior-dentistry.com/" "Mozilla/5.0 (compatible; MSIE 10.0; Windows NT 6.2; WOW64; Trident/6.0; .NET4.0E; .NET4.0C; InfoPath.3; .NET CLR 3.5.30729; .NET CLR 2.0.50727; .NET CLR 3.0.30729; MS-RTC LM 8)" "superior-dentistry.com"
136.243.67.139 - - [02/Jul/2016:11:59:27 -0700] "GET /js/docs.min.js HTTP/1.1" 200 43299 "http://superior-dentistry.com/" "Mozilla/5.0 (compatible; MSIE 10.0; Windows NT 6.2; WOW64; Trident/6.0; .NET4.0E; .NET4.0C; InfoPath.3; .NET CLR 3.5.30729; .NET CLR 2.0.50727; .NET CLR 3.0.30729; MS-RTC LM 8)" "superior-dentistry.com"
136.243.67.139 - - [02/Jul/2016:11:59:27 -0700] "GET /js/ie10-viewport-bug-workaround.js HTTP/1.1" 200 694 "http://superior-dentistry.com/" "Mozilla/5.0 (compatible; MSIE 10.0; Windows NT 6.2; WOW64; Trident/6.0; .NET4.0E; .NET4.0C; InfoPath.3; .NET CLR 3.5.30729; .NET CLR 2.0.50727; .NET CLR 3.0.30729; MS-RTC LM 8)" "superior-dentistry.com"
136.243.67.139 - - [02/Jul/2016:11:59:28 -0700] "GET /img/tmj-trauma.jpg HTTP/1.1" 200 22488 "http://superior-dentistry.com/" "Mozilla/5.0 (compatible; MSIE 10.0; Windows NT 6.2; WOW64; Trident/6.0; .NET4.0E; .NET4.0C; InfoPath.3; .NET CLR 3.5.30729; .NET CLR 2.0.50727; .NET CLR 3.0.30729; MS-RTC LM 8)" "superior-dentistry.com"
136.243.67.139 - - [02/Jul/2016:11:59:28 -0700] "GET /img/meetdr-melika.jpg HTTP/1.1" 200 75968 "http://superior-dentistry.com/" "Mozilla/5.0 (compatible; MSIE 10.0; Windows NT 6.2; WOW64; Trident/6.0; .NET4.0E; .NET4.0C; InfoPath.3; .NET CLR 3.5.30729; .NET CLR 2.0.50727; .NET CLR 3.0.30729; MS-RTC LM 8)" "superior-dentistry.com"
136.243.67.139 - - [02/Jul/2016:11:59:28 -0700] "GET /img/slider3.jpg HTTP/1.1" 200 217901 "http://superior-dentistry.com/" "Mozilla/5.0 (compatible; MSIE 10.0; Windows NT 6.2; WOW64; Trident/6.0; .NET4.0E; .NET4.0C; InfoPath.3; .NET CLR 3.5.30729; .NET CLR 2.0.50727; .NET CLR 3.0.30729; MS-RTC LM 8)" "superior-dentistry.com"[0]
136.243.67.139 - - [02/Jul/2016:11:59:28 -0700] "GET /img/slider2.jpg HTTP/1.1" 200 345766 "http://superior-dentistry.com/" "Mozilla/5.0 (compatible; MSIE 10.0; Windows NT 6.2; WOW64; Trident/6.0; .NET4.0E; .NET4.0C; InfoPath.3; .NET CLR 3.5.30729; .NET CLR 2.0.50727; .NET CLR 3.0.30729; MS-RTC LM 8)" "superior-dentistry.com"
136.243.67.139 - - [02/Jul/2016:11:59:28 -0700] "GET /img/zocdoc-apt.jpg HTTP/1.1" 200 79396 "http://superior-dentistry.com/" "Mozilla/5.0 (compatible; MSIE 10.0; Windows NT 6.2; WOW64; Trident/6.0; .NET4.0E; .NET4.0C; InfoPath.3; .NET CLR 3.5.30729; .NET CLR 2.0.50727; .NET CLR 3.0.30729; MS-RTC LM 8)" "www.superior-dentistry.com"
136.243.67.139 - - [02/Jul/2016:11:59:29 -0700] "GET /img/offer-31-05-2014-whitening.jpg HTTP/1.1" 200 15686 "http://superior-dentistry.com/" "Mozilla/5.0 (compatible; MSIE 10.0; Windows NT 6.2; WOW64; Trident/6.0; .NET4.0E; .NET4.0C; InfoPath.3; .NET CLR 3.5.30729; .NET CLR 2.0.50727; .NET CLR 3.0.30729; MS-RTC LM 8)" "superior-dentistry.com"
136.243.67.139 - - [02/Jul/2016:11:59:29 -0700] "GET /img/offer-31-05-2014-new-patient.jpg HTTP/1.1" 200 15365 "http://superior-dentistry.com/" "Mozilla/5.0 (compatible; MSIE 10.0; Windows NT 6.2; WOW64; Trident/6.0; .NET4.0E; .NET4.0C; InfoPath.3; .NET CLR 3.5.30729; .NET CLR 2.0.50727; .NET CLR 3.0.30729; MS-RTC LM 8)" "superior-dentistry.com"
136.243.67.139 - - [02/Jul/2016:11:59:29 -0700] "GET /img/patients-choice-winner-2015.png HTTP/1.1" 200 9818 "http://superior-dentistry.com/" "Mozilla/5.0 (compatible; MSIE 10.0; Windows NT 6.2; WOW64; Trident/6.0; .NET4.0E; .NET4.0C; InfoPath.3; .NET CLR 3.5.30729; .NET CLR 2.0.50727; .NET CLR 3.0.30729; MS-RTC LM 8)" "superior-dentistry.com"
5.255.250.70 - - [02/Jul/2016:12:21:20 -0700] "GET /Dentist-Bowie-MD/Tooth-Extractions-Maryland-MD HTTP/1.1" 200 31634 "-" "Mozilla/5.0 (iPhone; CPU iPhone OS 8_1 like Mac OS X) AppleWebKit/600.1.4 (KHTML, like Gecko) Version/8.0 Mobile/12B411 Safari/600.1.4 (compatible; YandexMobileBot/3.0; +http://yandex.com/bots)" "www.superior-dentistry.com"
5.255.250.62 - - [02/Jul/2016:12:21:22 -0700] "GET /Dentist-Bowie-MD/css/bootstrap-theme.css HTTP/1.1" 200 19156 "-" "Mozilla/5.0 (iPhone; CPU iPhone OS 8_1 like Mac OS X) AppleWebKit/600.1.4 (KHTML, like Gecko) Version/8.0 Mobile/12B411 Safari/600.1.4 (compatible; YandexMobileBot/3.0; +http://yandex.com/bots)" "www.superior-dentistry.com"
199.21.99.196 - - [02/Jul/2016:12:21:22 -0700] "GET /Dentist-Bowie-MD/js/bootstrap.min.js HTTP/1.1" 200 35601 "-" "Mozilla/5.0 (iPhone; CPU iPhone OS 8_1 like Mac OS X) AppleWebKit/600.1.4 (KHTML, like Gecko) Version/8.0 Mobile/12B411 Safari/600.1.4 (compatible; YandexMobileBot/3.0; +http://yandex.com/bots)" "www.superior-dentistry.com"
141.8.143.207 - - [02/Jul/2016:12:21:22 -0700] "GET /Dentist-Bowie-MD/css/font-awesome.css HTTP/1.1" 200 28747 "-" "Mozilla/5.0 (iPhone; CPU iPhone OS 8_1 like Mac OS X) AppleWebKit/600.1.4 (KHTML, like Gecko) Version/8.0 Mobile/12B411 Safari/600.1.4 (compatible; YandexMobileBot/3.0; +http://yandex.com/bots)" "www.superior-dentistry.com"
5.255.250.28 - - [02/Jul/2016:12:21:22 -0700] "GET /Dentist-Bowie-MD/js/ie-emulation-modes-warning.js HTTP/1.1" 200 2132 "-" "Mozilla/5.0 (iPhone; CPU iPhone OS 8_1 like Mac OS X) AppleWebKit/600.1.4 (KHTML, like Gecko) Version/8.0 Mobile/12B411 Safari/600.1.4 (compatible; YandexMobileBot/3.0; +http://yandex.com/bots)" "www.superior-dentistry.com"
5.255.250.28 - - [02/Jul/2016:12:21:22 -0700] "GET /Dentist-Bowie-MD/js/docs.min.js HTTP/1.1" 200 43299 "-" "Mozilla/5.0 (iPhone; CPU iPhone OS 8_1 like Mac OS X) AppleWebKit/600.1.4 (KHTML, like Gecko) Version/8.0 Mobile/12B411 Safari/600.1.4 (compatible; YandexMobileBot/3.0; +http://yandex.com/bots)" "www.superior-dentistry.com"
141.8.143.194 - - [02/Jul/2016:12:21:22 -0700] "GET /Dentist-Bowie-MD/js/ie10-viewport-bug-workaround.js HTTP/1.1" 200 694 "-" "Mozilla/5.0 (iPhone; CPU iPhone OS 8_1 like Mac OS X) AppleWebKit/600.1.4 (KHTML, like Gecko) Version/8.0 Mobile/12B411 Safari/600.1.4 (compatible; YandexMobileBot/3.0; +http://yandex.com/bots)" "www.superior-dentistry.com"
5.255.250.28 - - [02/Jul/2016:12:21:23 -0700] "GET /Dentist-Bowie-MD/css/bootstrap.css HTTP/1.1" 200 138415 "-" "Mozilla/5.0 (iPhone; CPU iPhone OS 8_1 like Mac OS X) AppleWebKit/600.1.4 (KHTML, like Gecko) Version/8.0 Mobile/12B411 Safari/600.1.4 (compatible; YandexMobileBot/3.0; +http://yandex.com/bots)" "www.superior-dentistry.com"
100.43.85.15 - - [02/Jul/2016:12:21:23 -0700] "GET /Dentist-Bowie-MD/theme.css HTTP/1.1" 200 1926 "-" "Mozilla/5.0 (iPhone; CPU iPhone OS 8_1 like Mac OS X) AppleWebKit/600.1.4 (KHTML, like Gecko) Version/8.0 Mobile/12B411 Safari/600.1.4 (compatible; YandexMobileBot/3.0; +http://yandex.com/bots)" "www.superior-dentistry.com"
199.21.99.196 - - [02/Jul/2016:12:21:23 -0700] "GET /Dentist-Bowie-MD/Tooth-Extractions-Maryland-MD HTTP/1.1" 200 31634 "-" "Mozilla/5.0 (iPhone; CPU iPhone OS 8_1 like Mac OS X) AppleWebKit/600.1.4 (KHTML, like Gecko) Version/8.0 Mobile/12B411 Safari/600.1.4 (compatible; YandexMobileBot/3.0; +http://yandex.com/bots)" "www.superior-dentistry.com"
100.43.81.153 - - [02/Jul/2016:12:21:24 -0700] "GET /Dentist-Bowie-MD/fonts/fontawesome-webfont.woff2?v=4.3.0 HTTP/1.1" 304 - "http://www.superior-dentistry.com/Dentist-Bowie-MD/css/font-awesome.css" "Mozilla/5.0 (iPhone; CPU iPhone OS 8_1 like Mac OS X) AppleWebKit/600.1.4 (KHTML, like Gecko) Version/8.0 Mobile/12B411 Safari/600.1.4 (compatible; YandexMobileBot/3.0; +http://yandex.com/bots)" "www.superior-dentistry.com"[0]
66.249.75.248 - - [02/Jul/2016:12:29:41 -0700] "GET /assets/flash/ZeroClipboard.swf?noCache=1467331200033&trustedOrigins=www.superior-dentistry.com%2C%2F%2Fwww.superior-dentistry.com%2Chttp%3A%2F%2Fwww.superior-dentistry.com HTTP/1.1" 404 89 "-" "Googlebot-Video/1.0" "www.superior-dentistry.com"
209.126.127.49 - - [02/Jul/2016:12:54:33 -0700] "GET /robots.txt HTTP/1.1" 200 49 "-" "Mozilla/5.0 (compatible; MJ12bot/v1.4.5; http://www.majestic12.co.uk/bot.php?+)" "www.superior-dentistry.com"
209.126.127.49 - - [02/Jul/2016:12:54:41 -0700] "GET /Bowie-Dentists/Patient-Before-After-Gallery.html HTTP/1.1" 404 89 "-" "Mozilla/5.0 (compatible; MJ12bot/v1.4.5; http://www.majestic12.co.uk/bot.php?+)" "www.superior-dentistry.com"
209.126.127.49 - - [02/Jul/2016:12:54:45 -0700] "GET /Bowie-Dentists/blog.php HTTP/1.1" 200 416 "-" "Mozilla/5.0 (compatible; MJ12bot/v1.4.5; http://www.majestic12.co.uk/bot.php?+)" "www.superior-dentistry.com"
96.255.10.218 - - [02/Jul/2016:13:14:30 -0700] "GET /img/white_composite_filling.jpg HTTP/1.1" 200 105229 "https://www.google.com/" "Mozilla/5.0 (Linux; Android 5.1; XT1526 Build/LPI23.29-18-S.12; wv) AppleWebKit/537.36 (KHTML, like Gecko) Version/4.0 Chrome/51.0.2704.81 Mobile Safari/537.36 GSA/5.14.32.21.arm" "www.superior-dentistry.com"
96.255.10.218 - - [02/Jul/2016:13:14:58 -0700] "GET /services.html HTTP/1.1" 200 34139 "-" "Mozilla/5.0 (Linux; Android 5.1; XT1526 Build/LPI23.29-18-S.12) AppleWebKit/537.36 (KHTML, like Gecko) Chrome/51.0.2704.81 Mobile Safari/537.36" "www.superior-dentistry.com"
96.255.10.218 - - [02/Jul/2016:13:14:59 -0700] "GET /css/bootstrap-theme.css HTTP/1.1" 200 19156 "http://www.superior-dentistry.com/services.html" "Mozilla/5.0 (Linux; Android 5.1; XT1526 Build/LPI23.29-18-S.12) AppleWebKit/537.36 (KHTML, like Gecko) Chrome/51.0.2704.81 Mobile Safari/537.36" "www.superior-dentistry.com"
96.255.10.218 - - [02/Jul/2016:13:14:59 -0700] "GET /css/bootstrap.css HTTP/1.1" 200 138415 "http://www.superior-dentistry.com/services.html" "Mozilla/5.0 (Linux; Android 5.1; XT1526 Build/LPI23.29-18-S.12) AppleWebKit/537.36 (KHTML, like Gecko) Chrome/51.0.2704.81 Mobile Safari/537.36" "www.superior-dentistry.com"
96.255.10.218 - - [02/Jul/2016:13:14:59 -0700] "GET /theme.css HTTP/1.1" 200 1926 "http://www.superior-dentistry.com/services.html" "Mozilla/5.0 (Linux; Android 5.1; XT1526 Build/LPI23.29-18-S.12) AppleWebKit/537.36 (KHTML, like Gecko) Chrome/51.0.2704.81 Mobile Safari/537.36" "www.superior-dentistry.com"
96.255.10.218 - - [02/Jul/2016:13:14:59 -0700] "GET /css/font-awesome.css HTTP/1.1" 200 28747 "http://www.superior-dentistry.com/services.html" "Mozilla/5.0 (Linux; Android 5.1; XT1526 Build/LPI23.29-18-S.12) AppleWebKit/537.36 (KHTML, like Gecko) Chrome/51.0.2704.81 Mobile Safari/537.36" "www.superior-dentistry.com"
96.255.10.218 - - [02/Jul/2016:13:14:59 -0700] "GET /js/ie-emulation-modes-warning.js HTTP/1.1" 200 2132 "http://www.superior-dentistry.com/services.html" "Mozilla/5.0 (Linux; Android 5.1; XT1526 Build/LPI23.29-18-S.12) AppleWebKit/537.36 (KHTML, like Gecko) Chrome/51.0.2704.81 Mobile Safari/537.36" "www.superior-dentistry.com"
96.255.10.218 - - [02/Jul/2016:13:14:59 -0700] "GET /js/docs.min.js HTTP/1.1" 200 43299 "http://www.superior-dentistry.com/services.html" "Mozilla/5.0 (Linux; Android 5.1; XT1526 Build/LPI23.29-18-S.12) AppleWebKit/537.36 (KHTML, like Gecko) Chrome/51.0.2704.81 Mobile Safari/537.36" "www.superior-dentistry.com"
96.255.10.218 - - [02/Jul/2016:13:14:59 -0700] "GET /js/ie10-viewport-bug-workaround.js HTTP/1.1" 200 694 "http://www.superior-dentistry.com/services.html" "Mozilla/5.0 (Linux; Android 5.1; XT1526 Build/LPI23.29-18-S.12) AppleWebKit/537.36 (KHTML, like Gecko) Chrome/51.0.2704.81 Mobile Safari/537.36" "www.superior-dentistry.com"
96.255.10.218 - - [02/Jul/2016:13:14:59 -0700] "GET /js/bootstrap.min.js HTTP/1.1" 200 35601 "http://www.superior-dentistry.com/services.html" "Mozilla/5.0 (Linux; Android 5.1; XT1526 Build/LPI23.29-18-S.12) AppleWebKit/537.36 (KHTML, like Gecko) Chrome/51.0.2704.81 Mobile Safari/537.36" "www.superior-dentistry.com"
96.255.10.218 - - [02/Jul/2016:13:14:59 -0700] "GET /img/logo.jpg HTTP/1.1" 200 139628 "http://www.superior-dentistry.com/services.html" "Mozilla/5.0 (Linux; Android 5.1; XT1526 Build/LPI23.29-18-S.12) AppleWebKit/537.36 (KHTML, like Gecko) Chrome/51.0.2704.81 Mobile Safari/537.36" "www.superior-dentistry.com"
96.255.10.218 - - [02/Jul/2016:13:14:59 -0700] "GET /img/doctor-achievement.jpg HTTP/1.1" 200 200838 "http://www.superior-dentistry.com/services.html" "Mozilla/5.0 (Linux; Android 5.1; XT1526 Build/LPI23.29-18-S.12) AppleWebKit/537.36 (KHTML, like Gecko) Chrome/51.0.2704.81 Mobile Safari/537.36" "www.superior-dentistry.com"
96.255.10.218 - - [02/Jul/2016:13:14:59 -0700] "GET /img/dental-extractions.jpg HTTP/1.1" 200 165246 "http://www.superior-dentistry.com/services.html" "Mozilla/5.0 (Linux; Android 5.1; XT1526 Build/LPI23.29-18-S.12) AppleWebKit/537.36 (KHTML, like Gecko) Chrome/51.0.2704.81 Mobile Safari/537.36" "www.superior-dentistry.com"
96.255.10.218 - - [02/Jul/2016:13:14:59 -0700] "GET /img/invisalign.jpg HTTP/1.1" 200 142640 "http://www.superior-dentistry.com/services.html" "Mozilla/5.0 (Linux; Android 5.1; XT1526 Build/LPI23.29-18-S.12) AppleWebKit/537.36 (KHTML, like Gecko) Chrome/51.0.2704.81 Mobile Safari/537.36" "www.superior-dentistry.com"
96.255.10.218 - - [02/Jul/2016:13:14:59 -0700] "GET /img/dentures.jpg HTTP/1.1" 200 126240 "http://www.superior-dentistry.com/services.html" "Mozilla/5.0 (Linux; Android 5.1; XT1526 Build/LPI23.29-18-S.12) AppleWebKit/537.36 (KHTML, like Gecko) Chrome/51.0.2704.81 Mobile Safari/537.36" "www.superior-dentistry.com"
96.255.10.218 - - [02/Jul/2016:13:14:59 -0700] "GET /img/Teeth-Whitening1.jpg HTTP/1.1" 200 150063 "http://www.superior-dentistry.com/services.html" "Mozilla/5.0 (Linux; Android 5.1; XT1526 Build/LPI23.29-18-S.12) AppleWebKit/537.36 (KHTML, like Gecko) Chrome/51.0.2704.81 Mobile Safari/537.36" "www.superior-dentistry.com"
96.255.10.218 - - [02/Jul/2016:13:15:00 -0700] "GET /img/bridges-dentist-md.jpg HTTP/1.1" 200 67242 "http://www.superior-dentistry.com/services.html" "Mozilla/5.0 (Linux; Android 5.1; XT1526 Build/LPI23.29-18-S.12) AppleWebKit/537.36 (KHTML, like Gecko) Chrome/51.0.2704.81 Mobile Safari/537.36" "www.superior-dentistry.com"
96.255.10.218 - - [02/Jul/2016:13:15:00 -0700] "GET /img/care3.jpg HTTP/1.1" 200 62411 "http://www.superior-dentistry.com/services.html" "Mozilla/5.0 (Linux; Android 5.1; XT1526 Build/LPI23.29-18-S.12) AppleWebKit/537.36 (KHTML, like Gecko) Chrome/51.0.2704.81 Mobile Safari/537.36" "www.superior-dentistry.com"
96.255.10.218 - - [02/Jul/2016:13:15:00 -0700] "GET /img/night-guard.jpg HTTP/1.1" 200 106940 "http://www.superior-dentistry.com/services.html" "Mozilla/5.0 (Linux; Android 5.1; XT1526 Build/LPI23.29-18-S.12) AppleWebKit/537.36 (KHTML, like Gecko) Chrome/51.0.2704.81 Mobile Safari/537.36" "www.superior-dentistry.com"
96.255.10.218 - - [02/Jul/2016:13:15:00 -0700] "GET /img/white_composite_filling.jpg HTTP/1.1" 200 105229 "http://www.superior-dentistry.com/services.html" "Mozilla/5.0 (Linux; Android 5.1; XT1526 Build/LPI23.29-18-S.12) AppleWebKit/537.36 (KHTML, like Gecko) Chrome/51.0.2704.81 Mobile Safari/537.36" "www.superior-dentistry.com"
96.255.10.218 - - [02/Jul/2016:13:15:00 -0700] "GET /fonts/fontawesome-webfont.woff2?v=4.3.0 HTTP/1.1" 200 56780 "http://www.superior-dentistry.com/css/font-awesome.css" "Mozilla/5.0 (Linux; Android 5.1; XT1526 Build/LPI23.29-18-S.12) AppleWebKit/537.36 (KHTML, like Gecko) Chrome/51.0.2704.81 Mobile Safari/537.36" "www.superior-dentistry.com"
96.255.10.218 - - [02/Jul/2016:13:15:00 -0700] "GET /img/SnapOnSmile.jpg HTTP/1.1" 200 71471 "http://www.superior-dentistry.com/services.html" "Mozilla/5.0 (Linux; Android 5.1; XT1526 Build/LPI23.29-18-S.12) AppleWebKit/537.36 (KHTML, like Gecko) Chrome/51.0.2704.81 Mobile Safari/537.36" "www.superior-dentistry.com"
96.255.10.218 - - [02/Jul/2016:13:15:00 -0700] "GET /img/Lumineers.jpg HTTP/1.1" 200 70250 "http://www.superior-dentistry.com/services.html" "Mozilla/5.0 (Linux; Android 5.1; XT1526 Build/LPI23.29-18-S.12) AppleWebKit/537.36 (KHTML, like Gecko) Chrome/51.0.2704.81 Mobile Safari/537.36" "www.superior-dentistry.com"
96.255.10.218 - - [02/Jul/2016:13:15:00 -0700] "GET /img/porcelain-veneers.jpg HTTP/1.1" 200 151567 "http://www.superior-dentistry.com/services.html" "Mozilla/5.0 (Linux; Android 5.1; XT1526 Build/LPI23.29-18-S.12) AppleWebKit/537.36 (KHTML, like Gecko) Chrome/51.0.2704.81 Mobile Safari/537.36" "www.superior-dentistry.com"
96.255.10.218 - - [02/Jul/2016:13:15:00 -0700] "GET /img/implant-before-and-after.jpg HTTP/1.1" 200 122702 "http://www.superior-dentistry.com/services.html" "Mozilla/5.0 (Linux; Android 5.1; XT1526 Build/LPI23.29-18-S.12) AppleWebKit/537.36 (KHTML, like Gecko) Chrome/51.0.2704.81 Mobile Safari/537.36" "www.superior-dentistry.com"
96.255.10.218 - - [02/Jul/2016:13:15:02 -0700] "GET /img/zocdoc-apt.jpg HTTP/1.1" 200 79396 "http://www.superior-dentistry.com/services.html" "Mozilla/5.0 (Linux; Android 5.1; XT1526 Build/LPI23.29-18-S.12) AppleWebKit/537.36 (KHTML, like Gecko) Chrome/51.0.2704.81 Mobile Safari/537.36" "www.superior-dentistry.com"
96.255.10.218 - - [02/Jul/2016:13:16:00 -0700] "GET /img/endodontia-root-canal-treatment.jpg HTTP/1.1" 200 126762 "http://www.superior-dentistry.com/services.html" "Mozilla/5.0 (Linux; Android 5.1; XT1526 Build/LPI23.29-18-S.12) AppleWebKit/537.36 (KHTML, like Gecko) Chrome/51.0.2704.81 Mobile Safari/537.36" "www.superior-dentistry.com"
96.255.10.218 - - [02/Jul/2016:13:16:01 -0700] "GET /favicon.ico HTTP/1.1" 200 688 "http://www.superior-dentistry.com/services.html" "Mozilla/5.0 (Linux; Android 5.1; XT1526 Build/LPI23.29-18-S.12) AppleWebKit/537.36 (KHTML, like Gecko) Chrome/51.0.2704.81 Mobile Safari/537.36" "www.superior-dentistry.com"
198.16.7.150 - - [02/Jul/2016:14:01:01 -0700] "GET / HTTP/1.1" 200 38900 "-" "FreeWebMonitoring SiteChecker/0.2 (+http://www.freewebmonitoring.com/bot.html)" "www.superior-dentistry.com"
89.163.148.58 - - [02/Jul/2016:14:12:30 -0700] "GET /robots.txt HTTP/1.1" 200 49 "-" "Mozilla/5.0 (compatible; MJ12bot/v1.4.5; http://www.majestic12.co.uk/bot.php?+)" "superior-dentistry.com"
89.163.148.58 - - [02/Jul/2016:14:12:32 -0700] "GET /Dental-LinkExchange.html HTTP/1.1" 200 24959 "-" "Mozilla/5.0 (compatible; MJ12bot/v1.4.5; http://www.majestic12.co.uk/bot.php?+)" "superior-dentistry.com"
104.156.230.231 - - [02/Jul/2016:14:16:06 -0700] "GET / HTTP/1.1" 200 38900 "-" "Mozilla/5.0 (Windows NT 6.1; WOW64) AppleWebKit/537.36 (KHTML, like Gecko) Chrome/40.0.2214.115 Safari/537.36" "superior-dentistry.com"
40.77.167.72 - - [02/Jul/2016:14:26:47 -0700] "GET /robots.txt HTTP/1.1" 200 49 "-" "Mozilla/5.0 (compatible; bingbot/2.0; +http://www.bing.com/bingbot.htm)" "www.superior-dentistry.com"
95.211.135.133 - - [02/Jul/2016:14:57:37 -0700] "GET / HTTP/1.1" 200 38900 "-" "-" "www.superior-dentistry.com"
73.197.127.41 - - [02/Jul/2016:15:11:16 -0700] "GET /img/white_composite_filling.jpg HTTP/1.1" 200 105229 "https://www.google.com/" "Mozilla/5.0 (Windows NT 6.1; WOW64) AppleWebKit/537.36 (KHTML, like Gecko) Chrome/51.0.2704.103 Safari/537.36" "www.superior-dentistry.com"
180.76.15.12 - - [02/Jul/2016:15:37:35 -0700] "GET /firstvisit.html HTTP/1.1" 200 24044 "-" "Mozilla/5.0 (compatible; Baiduspider/2.0; +http://www.baidu.com/search/spider.html)" "superior-dentistry.com"
198.16.7.150 - - [02/Jul/2016:16:02:59 -0700] "GET / HTTP/1.1" 200 38900 "-" "FreeWebMonitoring SiteChecker/0.2 (+http://www.freewebmonitoring.com/bot.html)" "www.superior-dentistry.com"
100.43.90.11 - - [02/Jul/2016:16:12:59 -0700] "GET /robots.txt HTTP/1.1" 200 49 "-" "Mozilla/5.0 (compatible; YandexBot/3.0; +http://yandex.com/bots)" "www.superior-dentistry.com"
66.102.6.244 - - [02/Jul/2016:16:14:48 -0700] "GET /Dentist-Bowie-MD/Dental-Implants-Maryland-MD.html HTTP/1.1" 200 32074 "http://www.google.com/search" "Mozilla/5.0 (X11; Linux x86_64) AppleWebKit/537.36 (KHTML, like Gecko; Google Web Preview) Chrome/27.0.1453 Safari/537.36" "www.superior-dentistry.com"
66.102.6.253 - - [02/Jul/2016:16:14:48 -0700] "GET /Dentist-Bowie-MD/css/font-awesome.css HTTP/1.1" 200 28747 "http://www.superior-dentistry.com/Dentist-Bowie-MD/Dental-Implants-Maryland-MD.html" "Mozilla/5.0 (X11; Linux x86_64) AppleWebKit/537.36 (KHTML, like Gecko; Google Web Preview) Chrome/27.0.1453 Safari/537.36" "www.superior-dentistry.com"
66.102.6.244 - - [02/Jul/2016:16:14:48 -0700] "GET /Dentist-Bowie-MD/js/ie10-viewport-bug-workaround.js HTTP/1.1" 200 694 "http://www.superior-dentistry.com/Dentist-Bowie-MD/Dental-Implants-Maryland-MD.html" "Mozilla/5.0 (X11; Linux x86_64) AppleWebKit/537.36 (KHTML, like Gecko; Google Web Preview) Chrome/27.0.1453 Safari/537.36" "www.superior-dentistry.com"
66.102.6.244 - - [02/Jul/2016:16:14:49 -0700] "GET /Dentist-Bowie-MD/css/bootstrap.css HTTP/1.1" 200 138415 "http://www.superior-dentistry.com/Dentist-Bowie-MD/Dental-Implants-Maryland-MD.html" "Mozilla/5.0 (X11; Linux x86_64) AppleWebKit/537.36 (KHTML, like Gecko; Google Web Preview) Chrome/27.0.1453 Safari/537.36" "www.superior-dentistry.com"[0]
66.102.6.253 - - [02/Jul/2016:16:14:58 -0700] "GET /img/slider2.jpg HTTP/1.1" 200 345766 "http://www.superior-dentistry.com/" "Mozilla/5.0 (X11; Linux x86_64) AppleWebKit/537.36 (KHTML, like Gecko; Google Web Preview) Chrome/27.0.1453 Safari/537.36" "www.superior-dentistry.com"
66.102.6.253 - - [02/Jul/2016:16:14:58 -0700] "GET /fonts/fontawesome-webfont.woff?v=4.3.0 HTTP/1.1" 200 71508 "http://www.superior-dentistry.com/" "Mozilla/5.0 (X11; Linux x86_64) AppleWebKit/537.36 (KHTML, like Gecko; Google Web Preview) Chrome/27.0.1453 Safari/537.36" "www.superior-dentistry.com"
66.102.6.244 - - [02/Jul/2016:16:14:59 -0700] "GET /Dentist-Bowie-MD/img/doctor-achievement.jpg HTTP/1.1" 200 200838 "http://www.superior-dentistry.com/Dentist-Bowie-MD/Dental-Implants-Maryland-MD.html" "Mozilla/5.0 (X11; Linux x86_64) AppleWebKit/537.36 (KHTML, like Gecko; Google Web Preview) Chrome/27.0.1453 Safari/537.36" "www.superior-dentistry.com"
66.102.6.253 - - [02/Jul/2016:16:14:59 -0700] "GET /img/implant-before-and-after.jpg HTTP/1.1" 200 122702 "http://www.superior-dentistry.com/Dentist-Bowie-MD/Dental-Implants-Maryland-MD.html" "Mozilla/5.0 (X11; Linux x86_64) AppleWebKit/537.36 (KHTML, like Gecko; Google Web Preview) Chrome/27.0.1453 Safari/537.36" "www.superior-dentistry.com"
66.102.6.253 - - [02/Jul/2016:16:18:27 -0700] "GET /Dentist-Bowie-MD/js/docs.min.js HTTP/1.0" 200 43299 "http://www.superior-dentistry.com/Dentist-Bowie-MD/Dental-Implants-Maryland-MD.html" "Mozilla/5.0 (X11; Linux x86_64) AppleWebKit/537.36 (KHTML, like Gecko; Google Web Preview) Chrome/27.0.1453 Safari/537.36" "www.superior-dentistry.com"
17.142.159.177 - - [02/Jul/2016:16:29:01 -0700] "GET /images/logo1.jpg HTTP/1.1" 404 89 "-" "Mozilla/5.0 (Macintosh; Intel Mac OS X 10_10_1) AppleWebKit/600.2.5 (KHTML, like Gecko) Version/8.0.2 Safari/600.2.5 (Applebot/0.1; +http://www.apple.com/go/applebot)" "www.superior-dentistry.com"
