51.255.51.69 - - [11/Aug/2016:17:41:37 -0700] "GET /contact-us.php HTTP/1.1" 200 73 "-" "Mozilla/5.0 (compatible; MJ12bot/v1.4.5; http://www.majestic12.co.uk/bot.php?+)" "www.superior-dentistry.com"
51.255.51.69 - - [11/Aug/2016:17:41:40 -0700] "GET /%E2%80%9Dhttp://www.nicedentist.com HTTP/1.1" 404 89 "-" "Mozilla/5.0 (compatible; MJ12bot/v1.4.5; http://www.majestic12.co.uk/bot.php?+)" "www.superior-dentistry.com"
61.135.190.102 - - [11/Aug/2016:17:52:44 -0700] "GET /js/bootstrap.min.js HTTP/1.1" 200 35601 "http://www.superior-dentistry.com/" "Mozilla/5.0 (Windows NT 6.1; WOW64) AppleWebKit/537.36 (KHTML, like Gecko) Chrome/36.0.1985.143 Safari/537.36" "www.superior-dentistry.com"
180.76.15.137 - - [11/Aug/2016:17:58:38 -0700] "GET /Dentist-Bowie-MD/less/?D=D HTTP/1.1" 200 2563 "-" "Mozilla/5.0 (compatible; Baiduspider/2.0; +http://www.baidu.com/search/spider.html)" "www.superior-dentistry.com"
180.76.15.147 - - [11/Aug/2016:18:51:08 -0700] "GET /theme.css HTTP/1.1" 200 1926 "-" "Mozilla/5.0 (compatible; Baiduspider/2.0; +http://www.baidu.com/search/spider.html)" "superior-dentistry.com"
198.16.7.150 - - [11/Aug/2016:19:04:58 -0700] "GET / HTTP/1.1" 200 38900 "-" "FreeWebMonitoring SiteChecker/0.2 (+http://www.freewebmonitoring.com/bot.html)" "www.superior-dentistry.com"
178.137.86.253 - - [11/Aug/2016:19:32:01 -0700] "GET / HTTP/1.1" 200 38900 "http://shariki-zuma-lines.ru/" "Mozilla/4.0 (compatible; MSIE 5.0; Windows NT; DigExt)" "www.superior-dentistry.com"
178.137.86.253 - - [11/Aug/2016:19:32:03 -0700] "GET / HTTP/1.1" 200 38900 "http://shariki-zuma-lines.ru/" "Mozilla/4.0 (compatible; MSIE 5.0; Windows NT; DigExt)" "www.superior-dentistry.com"
157.55.39.138 - - [11/Aug/2016:19:39:10 -0700] "GET /Dentist-Bowie-MD/blog.php HTTP/1.1" 200 416 "-" "Mozilla/5.0 (compatible; bingbot/2.0; +http://www.bing.com/bingbot.htm)" "www.superior-dentistry.com"
69.30.198.242 - - [11/Aug/2016:19:52:59 -0700] "GET /robots.txt HTTP/1.1" 200 49 "-" "Mozilla/5.0 (compatible; MJ12bot/v1.4.5; http://www.majestic12.co.uk/bot.php?+)" "www.superior-dentistry.com"
69.30.198.242 - - [11/Aug/2016:19:53:01 -0700] "GET /Dentist-Bowie-MD/services.html HTTP/1.1" 404 89 "-" "Mozilla/5.0 (compatible; MJ12bot/v1.4.5; http://www.majestic12.co.uk/bot.php?+)" "www.superior-dentistry.com"
198.16.7.150 - - [11/Aug/2016:20:05:50 -0700] "GET / HTTP/1.1" 200 38900 "-" "FreeWebMonitoring SiteChecker/0.2 (+http://www.freewebmonitoring.com/bot.html)" "www.superior-dentistry.com"
207.46.13.153 - - [11/Aug/2016:20:11:48 -0700] "GET /Dentist-Bowie-MD/index.html HTTP/1.1" 404 89 "-" "Mozilla/5.0 (compatible; bingbot/2.0; +http://www.bing.com/bingbot.htm)" "www.superior-dentistry.com"
207.46.13.153 - - [11/Aug/2016:20:11:48 -0700] "GET /?_escaped_fragment_=about_us/cjg9 HTTP/1.1" 200 38900 "-" "Mozilla/5.0 (compatible; bingbot/2.0; +http://www.bing.com/bingbot.htm)" "www.superior-dentistry.com"
207.46.13.153 - - [11/Aug/2016:20:11:49 -0700] "GET /Bowie-Dentists/Preventive-Dentistry-Maryland.html HTTP/1.1" 200 39411 "-" "Mozilla/5.0 (compatible; bingbot/2.0; +http://www.bing.com/bingbot.htm)" "www.superior-dentistry.com"
207.46.13.153 - - [11/Aug/2016:20:11:49 -0700] "GET /Dentist-Bowie-MD/?M=D HTTP/1.1" 200 2249 "-" "Mozilla/5.0 (compatible; bingbot/2.0; +http://www.bing.com/bingbot.htm)" "www.superior-dentistry.com"
207.46.13.153 - - [11/Aug/2016:20:14:02 -0700] "GET /blog.php HTTP/1.1" 200 107037 "-" "Mozilla/5.0 (compatible; bingbot/2.0; +http://www.bing.com/bingbot.htm)" "www.superior-dentistry.com"
54.243.143.219 - - [11/Aug/2016:20:14:18 -0700] "HEAD /Dental-Sites-We-Like.html HTTP/1.1" 200 0 "-" "Mozilla/5.0 (Windows; U; Windows NT 5.1; en-US; rv:1.7.5) Gecko/20041107 Firefox/1.0" "www.superior-dentistry.com"
54.243.143.219 - - [11/Aug/2016:20:14:19 -0700] "GET /robots.txt HTTP/1.1" 200 49 "-" "Mozilla/5.0 (compatible; MSIE 9.0; Windows NT 6.1; WOW64; Trident/5.0)" "www.superior-dentistry.com"
69.30.198.202 - - [11/Aug/2016:20:24:58 -0700] "GET /services.html HTTP/1.1" 200 34139 "-" "Mozilla/5.0 (compatible; MJ12bot/v1.4.5; http://www.majestic12.co.uk/bot.php?+)" "www.superior-dentistry.com"
73.133.38.52 - - [11/Aug/2016:20:33:17 -0700] "GET /Dentist-Bowie-MD/css/bootstrap-theme.css HTTP/1.1" 200 19156 "http://www.superior-dentistry.com/Dentist-Bowie-MD/Tooth-Extractions-Maryland-MD.html" "Mozilla/5.0 (Linux; Android 6.0.1; SAMSUNG-SM-J320A Build/MMB29K) AppleWebKit/537.36 (KHTML, like Gecko) Chrome/52.0.2743.98 Mobile Safari/537.36" "www.superior-dentistry.com"
73.133.38.52 - - [11/Aug/2016:20:33:17 -0700] "GET /Dentist-Bowie-MD/css/bootstrap.css HTTP/1.1" 200 138415 "http://www.superior-dentistry.com/Dentist-Bowie-MD/Tooth-Extractions-Maryland-MD.html" "Mozilla/5.0 (Linux; Android 6.0.1; SAMSUNG-SM-J320A Build/MMB29K) AppleWebKit/537.36 (KHTML, like Gecko) Chrome/52.0.2743.98 Mobile Safari/537.36" "www.superior-dentistry.com"
73.133.38.52 - - [11/Aug/2016:20:33:17 -0700] "GET /Dentist-Bowie-MD/js/ie10-viewport-bug-workaround.js HTTP/1.1" 200 694 "http://www.superior-dentistry.com/Dentist-Bowie-MD/Tooth-Extractions-Maryland-MD.html" "Mozilla/5.0 (Linux; Android 6.0.1; SAMSUNG-SM-J320A Build/MMB29K) AppleWebKit/537.36 (KHTML, like Gecko) Chrome/52.0.2743.98 Mobile Safari/537.36" "www.superior-dentistry.com"
73.133.38.52 - - [11/Aug/2016:20:33:18 -0700] "GET /Dentist-Bowie-MD/fonts/fontawesome-webfont.woff2?v=4.3.0 HTTP/1.1" 200 56780 "http://www.superior-dentistry.com/Dentist-Bowie-MD/css/font-awesome.css" "Mozilla/5.0 (Linux; Android 6.0.1; SAMSUNG-SM-J320A Build/MMB29K) AppleWebKit/537.36 (KHTML, like Gecko) Chrome/52.0.2743.98 Mobile Safari/537.36" "www.superior-dentistry.com"
73.133.38.52 - - [11/Aug/2016:20:33:19 -0700] "GET /img/zocdoc-apt.jpg HTTP/1.1" 200 79396 "http://www.superior-dentistry.com/Dentist-Bowie-MD/Tooth-Extractions-Maryland-MD.html" "Mozilla/5.0 (Linux; Android 6.0.1; SAMSUNG-SM-J320A Build/MMB29K) AppleWebKit/537.36 (KHTML, like Gecko) Chrome/52.0.2743.98 Mobile Safari/537.36" "www.superior-dentistry.com"
199.59.148.211 - - [11/Aug/2016:20:33:23 -0700] "GET /robots.txt HTTP/1.1" 200 49 "-" "Twitterbot/1.0" "www.superior-dentistry.com"
199.59.148.209 - - [11/Aug/2016:20:33:23 -0700] "GET /robots.txt HTTP/1.1" 200 49 "-" "Twitterbot/1.0" "www.superior-dentistry.com"
199.59.148.211 - - [11/Aug/2016:20:33:23 -0700] "GET /images/logo1.jpg HTTP/1.1" 404 89 "-" "Twitterbot/1.0" "www.superior-dentistry.com"
199.59.148.209 - - [11/Aug/2016:20:33:23 -0700] "GET /images/endodontia-root-canal-treatment.jpg HTTP/1.1" 404 89 "-" "Twitterbot/1.0" "www.superior-dentistry.com"
73.133.38.52 - - [11/Aug/2016:20:33:35 -0700] "GET /favicon.ico HTTP/1.1" 200 688 "http://www.superior-dentistry.com/Dentist-Bowie-MD/Tooth-Extractions-Maryland-MD.html" "Mozilla/5.0 (Linux; Android 6.0.1; SAMSUNG-SM-J320A Build/MMB29K) AppleWebKit/537.36 (KHTML, like Gecko) Chrome/52.0.2743.98 Mobile Safari/537.36" "www.superior-dentistry.com"
207.46.13.153 - - [11/Aug/2016:20:37:38 -0700] "GET /Dentist-Bowie-MD/Tooth-Extractions-Maryland-MD HTTP/1.1" 200 31634 "-" "Mozilla/5.0 (compatible; bingbot/2.0; +http://www.bing.com/bingbot.htm)" "www.superior-dentistry.com"
207.46.13.153 - - [11/Aug/2016:20:37:38 -0700] "GET /Dentist-Bowie-MD/Periodontal-Services-Maryland-MD.html HTTP/1.1" 200 25411 "-" "Mozilla/5.0 (compatible; bingbot/2.0; +http://www.bing.com/bingbot.htm)" "www.superior-dentistry.com"
207.46.13.153 - - [11/Aug/2016:20:37:38 -0700] "GET /Dentist-Bowie-MD/Dental-Links.html HTTP/1.1" 404 89 "-" "Mozilla/5.0 (compatible; bingbot/2.0; +http://www.bing.com/bingbot.htm)" "www.superior-dentistry.com"
40.77.167.89 - - [11/Aug/2016:20:53:08 -0700] "GET /Bowie-Dentists/js/ie10-viewport-bug-workaround.js HTTP/1.1" 200 694 "-" "Mozilla/5.0 (compatible; bingbot/2.0; +http://www.bing.com/bingbot.htm)" "www.superior-dentistry.com"
40.77.167.89 - - [11/Aug/2016:20:53:08 -0700] "GET /Bowie-Dentists/theme.css HTTP/1.1" 200 1926 "-" "Mozilla/5.0 (compatible; bingbot/2.0; +http://www.bing.com/bingbot.htm)" "www.superior-dentistry.com"
131.253.25.237 - - [11/Aug/2016:20:58:13 -0700] "GET /Bowie-Dentists/css/bootstrap.css HTTP/1.1" 200 138415 "http://www.superior-dentistry.com/Bowie-Dentists/Childrens-Dentistry-Maryland.html" "Mozilla/5.0 (Windows NT 6.1; WOW64) AppleWebKit/534+ (KHTML, like Gecko) BingPreview/1.0b" "www.superior-dentistry.com"
131.253.25.237 - - [11/Aug/2016:20:58:13 -0700] "GET /Bowie-Dentists/css/bootstrap-theme.css HTTP/1.1" 200 19156 "http://www.superior-dentistry.com/Bowie-Dentists/Childrens-Dentistry-Maryland.html" "Mozilla/5.0 (Windows NT 6.1; WOW64) AppleWebKit/534+ (KHTML, like Gecko) BingPreview/1.0b" "www.superior-dentistry.com"
109.230.214.64 - - [11/Aug/2016:20:58:21 -0700] "GET /special-offers.html HTTP/1.1" 200 23685 "-" "Mozilla/5.0 (Windows NT 10.0; Win64; x64) AppleWebKit/537.36 (KHTML, like Gecko) Chrome/43.0.2351.3 Safari/537.36 Edge/12.0" "www.superior-dentistry.com"
131.253.25.237 - - [11/Aug/2016:20:58:22 -0700] "GET /Bowie-Dentists/js/docs.min.js HTTP/1.1" 200 43299 "http://www.superior-dentistry.com/Bowie-Dentists/Childrens-Dentistry-Maryland.html" "Mozilla/5.0 (Windows NT 6.1; WOW64) AppleWebKit/534+ (KHTML, like Gecko) BingPreview/1.0b" "www.superior-dentistry.com"
131.253.25.237 - - [11/Aug/2016:20:58:22 -0700] "GET /Bowie-Dentists/fonts/fontawesome-webfont.ttf?v=4.3.0 HTTP/1.1" 200 122092 "http://www.superior-dentistry.com/Bowie-Dentists/Childrens-Dentistry-Maryland.html" "Mozilla/5.0 (Windows NT 6.1; WOW64) AppleWebKit/534+ (KHTML, like Gecko) BingPreview/1.0b" "www.superior-dentistry.com"
198.16.7.150 - - [11/Aug/2016:21:06:34 -0700] "GET / HTTP/1.1" 200 38900 "-" "FreeWebMonitoring SiteChecker/0.2 (+http://www.freewebmonitoring.com/bot.html)" "www.superior-dentistry.com"
207.46.13.153 - - [11/Aug/2016:21:27:36 -0700] "GET /meet-staff.html HTTP/1.1" 200 22168 "-" "Mozilla/5.0 (compatible; bingbot/2.0; +http://www.bing.com/bingbot.htm)" "www.superior-dentistry.com"
176.31.39.23 - - [11/Aug/2016:21:28:32 -0700] "GET / HTTP/1.1" 200 38900 "-" "Mozilla/5.0 (Windows NT 6.1; Trident/7.0; rv:11.0) like Gecko" "www.superior-dentistry.com"
54.242.164.91 - - [11/Aug/2016:21:47:18 -0700] "GET / HTTP/1.1" 200 38900 "-" "Mozilla/5.0 (X11; Linux x86_64)AppleWebKit/537.36 (KHTML, like Gecko)Chrome/43.0.2357.134 Safari/537.36http://notifyninja.com/monitoring" "superior-dentistry.com"
207.46.13.18 - - [11/Aug/2016:22:06:43 -0700] "GET /robots.txt HTTP/1.1" 200 49 "-" "Mozilla/5.0 (compatible; bingbot/2.0; +http://www.bing.com/bingbot.htm)" "www.superior-dentistry.com"
80.79.125.60 - - [11/Aug/2016:22:31:03 -0700] "GET / HTTP/1.1" 200 38900 "-" "Mozilla/5.0 (compatible; MSIE 9.0; Windows NT 6.1; Win64; x64; Trident/5.0; .NET CLR 2.0.50727; SLCC2; .NET CLR 3.5.30729; .NET CLR 3.0.30729; Media Center PC 6.0; Zune 4.0; Tablet PC 2.0; InfoPath.3; .NET4.0C; .NET4.0E)" "superior-dentistry.com"
94.23.40.23 - - [11/Aug/2016:22:31:41 -0700] "GET /robots.txt HTTP/1.1" 200 49 "-" "" "www.superior-dentistry.com"
94.23.40.23 - - [11/Aug/2016:22:31:41 -0700] "GET / HTTP/1.1" 200 38900 "-" "Mozilla/5.0 (X11; Linux i686) AppleWebKit/534.30 (KHTML, like Gecko) Ubuntu/10.04 Chromium/12.0.742.112 Chrome/12.0.742.112 Safari/534.30" "www.superior-dentistry.com"
94.23.40.23 - - [11/Aug/2016:22:31:44 -0700] "GET /index.html HTTP/1.1" 200 38900 "-" "Mozilla/5.0 (X11; Linux i686) AppleWebKit/534.30 (KHTML, like Gecko) Ubuntu/10.04 Chromium/12.0.742.112 Chrome/12.0.742.112 Safari/534.30" "www.superior-dentistry.com"[0]
94.23.40.23 - - [11/Aug/2016:22:31:46 -0700] "GET /meet-staff.html HTTP/1.1" 200 22168 "-" "Mozilla/5.0 (X11; Linux i686) AppleWebKit/534.30 (KHTML, like Gecko) Ubuntu/10.04 Chromium/12.0.742.112 Chrome/12.0.742.112 Safari/534.30" "www.superior-dentistry.com"
94.23.40.23 - - [11/Aug/2016:22:31:48 -0700] "GET /services.html HTTP/1.1" 200 34139 "-" "Mozilla/5.0 (X11; Linux i686) AppleWebKit/534.30 (KHTML, like Gecko) Ubuntu/10.04 Chromium/12.0.742.112 Chrome/12.0.742.112 Safari/534.30" "www.superior-dentistry.com"
94.23.40.23 - - [11/Aug/2016:22:32:03 -0700] "GET /testimonials.html HTTP/1.1" 200 24785 "-" "Mozilla/5.0 (X11; Linux i686) AppleWebKit/534.30 (KHTML, like Gecko) Ubuntu/10.04 Chromium/12.0.742.112 Chrome/12.0.742.112 Safari/534.30" "www.superior-dentistry.com"
94.23.40.23 - - [11/Aug/2016:22:32:14 -0700] "GET /Dentist-Bowie-MD/Tooth-Extractions-Maryland-MD.html HTTP/1.1" 200 31634 "-" "Mozilla/5.0 (X11; Linux i686) AppleWebKit/534.30 (KHTML, like Gecko) Ubuntu/10.04 Chromium/12.0.742.112 Chrome/12.0.742.112 Safari/534.30" "www.superior-dentistry.com"
94.23.40.23 - - [11/Aug/2016:22:32:16 -0700] "GET /Dentists-Bowie-MD.html HTTP/1.1" 200 27344 "-" "Mozilla/5.0 (X11; Linux i686) AppleWebKit/534.30 (KHTML, like Gecko) Ubuntu/10.04 Chromium/12.0.742.112 Chrome/12.0.742.112 Safari/534.30" "www.superior-dentistry.com"
94.23.40.23 - - [11/Aug/2016:22:32:19 -0700] "GET /Dental-Links.html HTTP/1.1" 200 27799 "-" "Mozilla/5.0 (X11; Linux i686) AppleWebKit/534.30 (KHTML, like Gecko) Ubuntu/10.04 Chromium/12.0.742.112 Chrome/12.0.742.112 Safari/534.30" "www.superior-dentistry.com"
94.23.40.23 - - [11/Aug/2016:22:32:21 -0700] "GET /Bowie-Dentists/Preventive-Dentistry-Maryland.html HTTP/1.1" 200 39411 "-" "Mozilla/5.0 (X11; Linux i686) AppleWebKit/534.30 (KHTML, like Gecko) Ubuntu/10.04 Chromium/12.0.742.112 Chrome/12.0.742.112 Safari/534.30" "www.superior-dentistry.com"
94.23.40.23 - - [11/Aug/2016:22:32:26 -0700] "GET /Dentist-Bowie-MD/services.html HTTP/1.1" 404 89 "-" "Mozilla/5.0 (X11; Linux i686) AppleWebKit/534.30 (KHTML, like Gecko) Ubuntu/10.04 Chromium/12.0.742.112 Chrome/12.0.742.112 Safari/534.30" "www.superior-dentistry.com"
94.23.40.23 - - [11/Aug/2016:22:32:28 -0700] "GET /Dentist-Bowie-MD/orthognathic-jaw-surgery.html HTTP/1.1" 404 89 "-" "Mozilla/5.0 (X11; Linux i686) AppleWebKit/534.30 (KHTML, like Gecko) Ubuntu/10.04 Chromium/12.0.742.112 Chrome/12.0.742.112 Safari/534.30" "www.superior-dentistry.com"
94.23.40.23 - - [11/Aug/2016:22:32:28 -0700] "GET /Dentist-Bowie-MD/oral-pathology.html HTTP/1.1" 404 89 "-" "Mozilla/5.0 (X11; Linux i686) AppleWebKit/534.30 (KHTML, like Gecko) Ubuntu/10.04 Chromium/12.0.742.112 Chrome/12.0.742.112 Safari/534.30" "www.superior-dentistry.com"
94.23.40.23 - - [11/Aug/2016:22:32:28 -0700] "GET /firstvisit.php HTTP/1.1" 200 73 "-" "Mozilla/5.0 (X11; Linux i686) AppleWebKit/534.30 (KHTML, like Gecko) Ubuntu/10.04 Chromium/12.0.742.112 Chrome/12.0.742.112 Safari/534.30" "www.superior-dentistry.com"
94.23.40.23 - - [11/Aug/2016:22:32:28 -0700] "GET /Dentist-Bowie-MD/Dental-Links.html HTTP/1.1" 404 89 "-" "Mozilla/5.0 (X11; Linux i686) AppleWebKit/534.30 (KHTML, like Gecko) Ubuntu/10.04 Chromium/12.0.742.112 Chrome/12.0.742.112 Safari/534.30" "www.superior-dentistry.com"
94.23.40.23 - - [11/Aug/2016:22:32:29 -0700] "GET /Bowie-Dentists/patient.html HTTP/1.1" 404 89 "-" "Mozilla/5.0 (X11; Linux i686) AppleWebKit/534.30 (KHTML, like Gecko) Ubuntu/10.04 Chromium/12.0.742.112 Chrome/12.0.742.112 Safari/534.30" "www.superior-dentistry.com"
94.23.40.23 - - [11/Aug/2016:22:32:29 -0700] "GET /Bowie-Dentists/aboutus.html HTTP/1.1" 404 89 "-" "Mozilla/5.0 (X11; Linux i686) AppleWebKit/534.30 (KHTML, like Gecko) Ubuntu/10.04 Chromium/12.0.742.112 Chrome/12.0.742.112 Safari/534.30" "www.superior-dentistry.com"
94.23.40.23 - - [11/Aug/2016:22:32:29 -0700] "GET /Bowie-Dentists/meet-staff.php HTTP/1.1" 200 73 "-" "Mozilla/5.0 (X11; Linux i686) AppleWebKit/534.30 (KHTML, like Gecko) Ubuntu/10.04 Chromium/12.0.742.112 Chrome/12.0.742.112 Safari/534.30" "www.superior-dentistry.com"
94.23.40.23 - - [11/Aug/2016:22:32:29 -0700] "GET /Bowie-Dentists/firstvisit.html HTTP/1.1" 404 89 "-" "Mozilla/5.0 (X11; Linux i686) AppleWebKit/534.30 (KHTML, like Gecko) Ubuntu/10.04 Chromium/12.0.742.112 Chrome/12.0.742.112 Safari/534.30" "www.superior-dentistry.com"
94.23.40.23 - - [11/Aug/2016:22:32:30 -0700] "GET /Bowie-Dentists/extractions.html HTTP/1.1" 404 89 "-" "Mozilla/5.0 (X11; Linux i686) AppleWebKit/534.30 (KHTML, like Gecko) Ubuntu/10.04 Chromium/12.0.742.112 Chrome/12.0.742.112 Safari/534.30" "www.superior-dentistry.com"
94.23.40.23 - - [11/Aug/2016:22:32:30 -0700] "GET /Bowie-Dentists/orthognathic-jaw-surgery.html HTTP/1.1" 404 89 "-" "Mozilla/5.0 (X11; Linux i686) AppleWebKit/534.30 (KHTML, like Gecko) Ubuntu/10.04 Chromium/12.0.742.112 Chrome/12.0.742.112 Safari/534.30" "www.superior-dentistry.com"[0]
94.23.40.23 - - [11/Aug/2016:22:32:30 -0700] "GET /Bowie-Dentists/oral-pathology.html HTTP/1.1" 404 89 "-" "Mozilla/5.0 (X11; Linux i686) AppleWebKit/534.30 (KHTML, like Gecko) Ubuntu/10.04 Chromium/12.0.742.112 Chrome/12.0.742.112 Safari/534.30" "www.superior-dentistry.com"
46.119.118.165 - - [11/Aug/2016:22:45:42 -0700] "GET / HTTP/1.1" 200 38900 "http://tuapse.xrus.org/" "Opera/7.54 (Windows NT 5.1; U)  [pl]" "www.superior-dentistry.com"
46.119.118.165 - - [11/Aug/2016:22:45:43 -0700] "GET / HTTP/1.1" 200 38900 "http://tuapse.xrus.org/" "Opera/7.54 (Windows NT 5.1; U)  [pl]" "www.superior-dentistry.com"
54.242.164.91 - - [11/Aug/2016:22:48:47 -0700] "GET / HTTP/1.1" 200 38900 "-" "Mozilla/5.0 (X11; Linux x86_64)AppleWebKit/537.36 (KHTML, like Gecko)Chrome/43.0.2357.134 Safari/537.36http://notifyninja.com/monitoring" "superior-dentistry.com"
198.16.7.150 - - [11/Aug/2016:23:09:15 -0700] "GET / HTTP/1.1" 200 38900 "-" "FreeWebMonitoring SiteChecker/0.2 (+http://www.freewebmonitoring.com/bot.html)" "www.superior-dentistry.com"
166.88.125.191 - - [11/Aug/2016:23:15:43 -0700] "GET /dental-linkexchange.html HTTP/1.1" 404 89 "-" "Mozilla/5.0 (X11; Ubuntu; Linux x86_64; rv:26.0) Gecko/20100101 Firefox/26.0" "www.superior-dentistry.com"
204.79.180.31 - - [11/Aug/2016:23:27:21 -0700] "GET /css/bootstrap.css HTTP/1.1" 200 138415 "http://www.superior-dentistry.com/" "Mozilla/5.0 (compatible; MSIE 9.0; Windows NT 6.1; Trident/5.0;  Trident/5.0)" "www.superior-dentistry.com"
204.79.180.248 - - [11/Aug/2016:23:27:24 -0700] "GET /js/docs.min.js HTTP/1.1" 200 43299 "http://www.superior-dentistry.com/" "Mozilla/5.0 (compatible; MSIE 9.0; Windows NT 6.1; Trident/5.0;  Trident/5.0)" "www.superior-dentistry.com"
42.236.10.71 - - [11/Aug/2016:23:37:42 -0700] "GET /robots.txt HTTP/1.1" 200 49 "http://superior-dentistry.com/robots.txt" "Mozilla/5.0 (compatible; MSIE 9.0; Windows NT 6.1; Trident/5.0); 360Spider" "superior-dentistry.com"
71.246.229.152 - - [11/Aug/2016:23:42:12 -0700] "GET / HTTP/1.1" 200 38900 "http://m.facebook.com" "Mozilla/5.0 (iPhone; CPU iPhone OS 8_2 like Mac OS X) AppleWebKit/600.1.4 (KHTML, like Gecko) Mobile/12D508 [FBAN/FBIOS;FBAV/61.0.0.53.158;FBBV/35251526;FBRV/0;FBDV/iPhone7,1;FBMD/iPhone;FBSN/iPhone OS;FBSV/8.2;FBSS/3;FBCR/AT&T;FBID/phone;FBLC/en_US;FBOP/5]" "www.superior-dentistry.com"
71.246.229.152 - - [11/Aug/2016:23:42:12 -0700] "GET /theme.css HTTP/1.1" 200 1926 "http://www.superior-dentistry.com/" "Mozilla/5.0 (iPhone; CPU iPhone OS 8_2 like Mac OS X) AppleWebKit/600.1.4 (KHTML, like Gecko) Mobile/12D508 [FBAN/FBIOS;FBAV/61.0.0.53.158;FBBV/35251526;FBRV/0;FBDV/iPhone7,1;FBMD/iPhone;FBSN/iPhone OS;FBSV/8.2;FBSS/3;FBCR/AT&T;FBID/phone;FBLC/en_US;FBOP/5]" "www.superior-dentistry.com"
71.246.229.152 - - [11/Aug/2016:23:42:12 -0700] "GET /js/ie-emulation-modes-warning.js HTTP/1.1" 200 2132 "http://www.superior-dentistry.com/" "Mozilla/5.0 (iPhone; CPU iPhone OS 8_2 like Mac OS X) AppleWebKit/600.1.4 (KHTML, like Gecko) Mobile/12D508 [FBAN/FBIOS;FBAV/61.0.0.53.158;FBBV/35251526;FBRV/0;FBDV/iPhone7,1;FBMD/iPhone;FBSN/iPhone OS;FBSV/8.2;FBSS/3;FBCR/AT&T;FBID/phone;FBLC/en_US;FBOP/5]" "www.superior-dentistry.com"
71.246.229.152 - - [11/Aug/2016:23:42:12 -0700] "GET /css/bootstrap.css HTTP/1.1" 200 138415 "http://www.superior-dentistry.com/" "Mozilla/5.0 (iPhone; CPU iPhone OS 8_2 like Mac OS X) AppleWebKit/600.1.4 (KHTML, like Gecko) Mobile/12D508 [FBAN/FBIOS;FBAV/61.0.0.53.158;FBBV/35251526;FBRV/0;FBDV/iPhone7,1;FBMD/iPhone;FBSN/iPhone OS;FBSV/8.2;FBSS/3;FBCR/AT&T;FBID/phone;FBLC/en_US;FBOP/5]" "www.superior-dentistry.com"[0]
71.246.229.152 - - [11/Aug/2016:23:42:12 -0700] "GET /css/bootstrap-theme.css HTTP/1.1" 200 19156 "http://www.superior-dentistry.com/" "Mozilla/5.0 (iPhone; CPU iPhone OS 8_2 like Mac OS X) AppleWebKit/600.1.4 (KHTML, like Gecko) Mobile/12D508 [FBAN/FBIOS;FBAV/61.0.0.53.158;FBBV/35251526;FBRV/0;FBDV/iPhone7,1;FBMD/iPhone;FBSN/iPhone OS;FBSV/8.2;FBSS/3;FBCR/AT&T;FBID/phone;FBLC/en_US;FBOP/5]" "www.superior-dentistry.com"
71.246.229.152 - - [11/Aug/2016:23:42:12 -0700] "GET /img/jaw-surgery.jpg HTTP/1.1" 200 27058 "http://www.superior-dentistry.com/" "Mozilla/5.0 (iPhone; CPU iPhone OS 8_2 like Mac OS X) AppleWebKit/600.1.4 (KHTML, like Gecko) Mobile/12D508 [FBAN/FBIOS;FBAV/61.0.0.53.158;FBBV/35251526;FBRV/0;FBDV/iPhone7,1;FBMD/iPhone;FBSN/iPhone OS;FBSV/8.2;FBSS/3;FBCR/AT&T;FBID/phone;FBLC/en_US;FBOP/5]" "www.superior-dentistry.com"
71.246.229.152 - - [11/Aug/2016:23:42:12 -0700] "GET /img/oral-pathology.jpg HTTP/1.1" 200 33395 "http://www.superior-dentistry.com/" "Mozilla/5.0 (iPhone; CPU iPhone OS 8_2 like Mac OS X) AppleWebKit/600.1.4 (KHTML, like Gecko) Mobile/12D508 [FBAN/FBIOS;FBAV/61.0.0.53.158;FBBV/35251526;FBRV/0;FBDV/iPhone7,1;FBMD/iPhone;FBSN/iPhone OS;FBSV/8.2;FBSS/3;FBCR/AT&T;FBID/phone;FBLC/en_US;FBOP/5]" "www.superior-dentistry.com"
71.246.229.152 - - [11/Aug/2016:23:42:12 -0700] "GET /img/slider3.jpg HTTP/1.1" 200 217901 "http://www.superior-dentistry.com/" "Mozilla/5.0 (iPhone; CPU iPhone OS 8_2 like Mac OS X) AppleWebKit/600.1.4 (KHTML, like Gecko) Mobile/12D508 [FBAN/FBIOS;FBAV/61.0.0.53.158;FBBV/35251526;FBRV/0;FBDV/iPhone7,1;FBMD/iPhone;FBSN/iPhone OS;FBSV/8.2;FBSS/3;FBCR/AT&T;FBID/phone;FBLC/en_US;FBOP/5]" "www.superior-dentistry.com"
71.246.229.152 - - [11/Aug/2016:23:42:13 -0700] "GET /img/zocdoc-apt.jpg HTTP/1.1" 200 79396 "http://www.superior-dentistry.com/" "Mozilla/5.0 (iPhone; CPU iPhone OS 8_2 like Mac OS X) AppleWebKit/600.1.4 (KHTML, like Gecko) Mobile/12D508 [FBAN/FBIOS;FBAV/61.0.0.53.158;FBBV/35251526;FBRV/0;FBDV/iPhone7,1;FBMD/iPhone;FBSN/iPhone OS;FBSV/8.2;FBSS/3;FBCR/AT&T;FBID/phone;FBLC/en_US;FBOP/5]" "www.superior-dentistry.com"
54.242.164.91 - - [11/Aug/2016:23:50:41 -0700] "GET / HTTP/1.1" 200 38900 "-" "Mozilla/5.0 (X11; Linux x86_64)AppleWebKit/537.36 (KHTML, like Gecko)Chrome/43.0.2357.134 Safari/537.36http://notifyninja.com/monitoring" "superior-dentistry.com"
52.201.253.225 - - [12/Aug/2016:00:34:41 -0700] "GET / HTTP/1.1" 200 38900 "-" "User-Agent: Mozilla/5.0 (Windows NT 6.1; WOW64) AppleWebKit/537.31 (KHTML, like Gecko) Chrome/26.0.1410.64 Safari/537.31" "www.superior-dentistry.com"
198.16.7.150 - - [12/Aug/2016:01:11:59 -0700] "GET / HTTP/1.1" 200 38900 "-" "FreeWebMonitoring SiteChecker/0.2 (+http://www.freewebmonitoring.com/bot.html)" "www.superior-dentistry.com"
207.46.13.193 - - [12/Aug/2016:01:37:30 -0700] "GET /sitemap.xml HTTP/1.1" 200 4530 "-" "Mozilla/5.0 (compatible; bingbot/2.0; +http://www.bing.com/bingbot.htm)" "superior-dentistry.com"
187.188.72.35 - - [12/Aug/2016:01:43:30 -0700] "GET /img/doctor-achievement.jpg HTTP/1.1" 200 200838 "https://www.google.com.mx/" "Mozilla/5.0 (Macintosh; Intel Mac OS X 10_11_6) AppleWebKit/537.36 (KHTML, like Gecko) Chrome/51.0.2704.103 Safari/537.36" "www.superior-dentistry.com"
187.188.72.35 - - [12/Aug/2016:01:43:40 -0700] "GET /favicon.ico HTTP/1.1" 200 688 "http://www.superior-dentistry.com/img/doctor-achievement.jpg" "Mozilla/5.0 (Macintosh; Intel Mac OS X 10_11_6) AppleWebKit/537.36 (KHTML, like Gecko) Chrome/51.0.2704.103 Safari/537.36" "www.superior-dentistry.com"
66.249.69.62 - - [12/Aug/2016:01:46:53 -0700] "GET /img/Teeth-Whitening1.jpg HTTP/1.1" 200 150063 "-" "Googlebot-Image/1.0" "www.superior-dentistry.com"
66.249.69.62 - - [12/Aug/2016:01:46:56 -0700] "GET /img/invisalign.jpg HTTP/1.1" 200 142640 "-" "Googlebot-Image/1.0" "www.superior-dentistry.com"
54.242.164.91 - - [12/Aug/2016:01:53:11 -0700] "GET / HTTP/1.1" 200 38900 "-" "Mozilla/5.0 (X11; Linux x86_64)AppleWebKit/537.36 (KHTML, like Gecko)Chrome/43.0.2357.134 Safari/537.36http://notifyninja.com/monitoring" "superior-dentistry.com"
51.255.65.50 - - [12/Aug/2016:02:03:37 -0700] "GET /images/logo1.jpg HTTP/1.1" 404 89 "-" "Mozilla/5.0 (compatible; AhrefsBot/5.1; +http://ahrefs.com/robot/)" "www.superior-dentistry.com"
198.16.7.150 - - [12/Aug/2016:02:13:43 -0700] "GET / HTTP/1.1" 200 38900 "-" "FreeWebMonitoring SiteChecker/0.2 (+http://www.freewebmonitoring.com/bot.html)" "www.superior-dentistry.com"
66.249.69.10 - - [12/Aug/2016:02:28:13 -0700] "GET /apple-app-site-association HTTP/1.1" 403 255 "-" "Mozilla/5.0 (compatible; Googlebot/2.1; +http://www.google.com/bot.html)" "www.superior-dentistry.com"
54.242.164.91 - - [12/Aug/2016:02:54:43 -0700] "GET / HTTP/1.1" 200 38900 "-" "Mozilla/5.0 (X11; Linux x86_64)AppleWebKit/537.36 (KHTML, like Gecko)Chrome/43.0.2357.134 Safari/537.36http://notifyninja.com/monitoring" "superior-dentistry.com"
141.8.143.194 - - [12/Aug/2016:03:02:26 -0700] "GET /img/office-slider3.jpg HTTP/1.1" 200 116344 "-" "Mozilla/5.0 (compatible; YandexImages/3.0; +http://yandex.com/bots)" "www.superior-dentistry.com"
180.76.15.9 - - [12/Aug/2016:03:14:50 -0700] "GET /Dentist-Bowie-MD/less/path.less HTTP/1.1" 200 770 "-" "Mozilla/5.0 (compatible; Baiduspider/2.0; +http://www.baidu.com/search/spider.html)" "www.superior-dentistry.com"
123.125.71.102 - - [12/Aug/2016:03:55:44 -0700] "GET /robots.txt HTTP/1.1" 200 49 "-" "Mozilla/5.0 (compatible; Baiduspider/2.0; +http://www.baidu.com/search/spider.html)" "www.superior-dentistry.com"
54.242.164.91 - - [12/Aug/2016:03:56:21 -0700] "GET / HTTP/1.1" 200 38900 "-" "Mozilla/5.0 (X11; Linux x86_64)AppleWebKit/537.36 (KHTML, like Gecko)Chrome/43.0.2357.134 Safari/537.36http://notifyninja.com/monitoring" "superior-dentistry.com"
52.207.253.142 - - [12/Aug/2016:03:57:50 -0700] "GET / HTTP/1.1" 200 38900 "-" "Mozilla/5.0 (compatible; linkdexbot/2.0; +http://www.linkdex.com/bots/)" "superior-dentistry.com"
66.249.83.253 - - [12/Aug/2016:04:02:40 -0700] "GET / HTTP/1.1" 200 38900 "https://www.google.com/" "Mozilla/5.0 (Linux; Android 6.0.1; SM-G920V Build/MMB29K) AppleWebKit/537.36 (KHTML, like Gecko) Chrome/52.0.2743.98 Mobile Safari/537.36" "www.superior-dentistry.com"
66.249.83.192 - - [12/Aug/2016:04:02:40 -0700] "GET /css/bootstrap-theme.css HTTP/1.1" 200 19156 "http://www.superior-dentistry.com/" "Mozilla/5.0 (Linux; Android 6.0.1; SM-G920V Build/MMB29K) AppleWebKit/537.36 (KHTML, like Gecko) Chrome/52.0.2743.98 Mobile Safari/537.36" "www.superior-dentistry.com"
66.249.83.192 - - [12/Aug/2016:04:02:40 -0700] "GET /css/font-awesome.css HTTP/1.1" 200 28747 "http://www.superior-dentistry.com/" "Mozilla/5.0 (Linux; Android 6.0.1; SM-G920V Build/MMB29K) AppleWebKit/537.36 (KHTML, like Gecko) Chrome/52.0.2743.98 Mobile Safari/537.36" "www.superior-dentistry.com"
66.249.83.196 - - [12/Aug/2016:04:02:40 -0700] "GET /img/wisdom-teeth-extraction.jpg HTTP/1.1" 200 23758 "http://www.superior-dentistry.com/" "Mozilla/5.0 (Linux; Android 6.0.1; SM-G920V Build/MMB29K) AppleWebKit/537.36 (KHTML, like Gecko) Chrome/52.0.2743.98 Mobile Safari/537.36" "www.superior-dentistry.com"
66.249.83.253 - - [12/Aug/2016:04:02:40 -0700] "GET /img/jaw-surgery.jpg HTTP/1.1" 200 27058 "http://www.superior-dentistry.com/" "Mozilla/5.0 (Linux; Android 6.0.1; SM-G920V Build/MMB29K) AppleWebKit/537.36 (KHTML, like Gecko) Chrome/52.0.2743.98 Mobile Safari/537.36" "www.superior-dentistry.com"
66.249.83.253 - - [12/Aug/2016:04:02:40 -0700] "GET /theme.css HTTP/1.1" 200 1926 "http://www.superior-dentistry.com/" "Mozilla/5.0 (Linux; Android 6.0.1; SM-G920V Build/MMB29K) AppleWebKit/537.36 (KHTML, like Gecko) Chrome/52.0.2743.98 Mobile Safari/537.36" "www.superior-dentistry.com"
66.249.83.196 - - [12/Aug/2016:04:02:40 -0700] "GET /img/slider3.jpg HTTP/1.1" 200 217901 "http://www.superior-dentistry.com/" "Mozilla/5.0 (Linux; Android 6.0.1; SM-G920V Build/MMB29K) AppleWebKit/537.36 (KHTML, like Gecko) Chrome/52.0.2743.98 Mobile Safari/537.36" "www.superior-dentistry.com"
66.249.83.192 - - [12/Aug/2016:04:02:40 -0700] "GET /img/meetdr-ali.jpg HTTP/1.1" 200 60533 "http://www.superior-dentistry.com/" "Mozilla/5.0 (Linux; Android 6.0.1; SM-G920V Build/MMB29K) AppleWebKit/537.36 (KHTML, like Gecko) Chrome/52.0.2743.98 Mobile Safari/537.36" "www.superior-dentistry.com"[0]
66.249.83.196 - - [12/Aug/2016:04:02:40 -0700] "GET /img/logo.jpg HTTP/1.1" 200 139628 "http://www.superior-dentistry.com/" "Mozilla/5.0 (Linux; Android 6.0.1; SM-G920V Build/MMB29K) AppleWebKit/537.36 (KHTML, like Gecko) Chrome/52.0.2743.98 Mobile Safari/537.36" "www.superior-dentistry.com"
66.249.83.192 - - [12/Aug/2016:04:02:40 -0700] "GET /js/ie-emulation-modes-warning.js HTTP/1.1" 200 2132 "http://www.superior-dentistry.com/" "Mozilla/5.0 (Linux; Android 6.0.1; SM-G920V Build/MMB29K) AppleWebKit/537.36 (KHTML, like Gecko) Chrome/52.0.2743.98 Mobile Safari/537.36" "www.superior-dentistry.com"
66.249.83.192 - - [12/Aug/2016:04:02:40 -0700] "GET /js/ie10-viewport-bug-workaround.js HTTP/1.1" 200 694 "http://www.superior-dentistry.com/" "Mozilla/5.0 (Linux; Android 6.0.1; SM-G920V Build/MMB29K) AppleWebKit/537.36 (KHTML, like Gecko) Chrome/52.0.2743.98 Mobile Safari/537.36" "www.superior-dentistry.com"
66.249.83.192 - - [12/Aug/2016:04:02:43 -0700] "GET /favicon.ico HTTP/1.1" 200 688 "http://www.superior-dentistry.com/" "Mozilla/5.0 (Linux; Android 6.0.1; SM-G920V Build/MMB29K) AppleWebKit/537.36 (KHTML, like Gecko) Chrome/52.0.2743.98 Mobile Safari/537.36" "www.superior-dentistry.com"
198.16.7.150 - - [12/Aug/2016:04:16:14 -0700] "GET / HTTP/1.1" 200 38900 "-" "FreeWebMonitoring SiteChecker/0.2 (+http://www.freewebmonitoring.com/bot.html)" "www.superior-dentistry.com"
62.210.148.246 - - [12/Aug/2016:05:01:57 -0700] "GET /%E2%80%9Dhttp://www.nicedentist.com HTTP/1.1" 404 89 "-" "Mozilla/5.0 (compatible; MJ12bot/v1.4.5; http://www.majestic12.co.uk/bot.php?+)" "superior-dentistry.com"
174.129.1.66 - - [12/Aug/2016:05:05:05 -0700] "HEAD /Dental-LinkExchange.html HTTP/1.1" 200 0 "-" "Mozilla/5.0 (Windows; U; Windows NT 5.1; en-US; rv:1.7.5) Gecko/20041107 Firefox/1.0" "superior-dentistry.com"
174.129.1.66 - - [12/Aug/2016:05:05:05 -0700] "GET /Dental-LinkExchange.html HTTP/1.1" 200 24959 "-" "Mozilla/5.0 (Windows; U; Windows NT 5.1; en-US; rv:1.7.5) Gecko/20041107 Firefox/1.0" "superior-dentistry.com"
174.129.1.66 - - [12/Aug/2016:05:05:05 -0700] "GET /robots.txt HTTP/1.1" 200 49 "-" "Mozilla/5.0 (compatible; MSIE 9.0; Windows NT 6.1; WOW64; Trident/5.0)" "superior-dentistry.com"
17.142.159.177 - - [12/Aug/2016:05:16:21 -0700] "GET /images/logo1.jpg HTTP/1.1" 404 89 "-" "Mozilla/5.0 (iPhone; CPU iPhone OS 8_1 like Mac OS X) AppleWebKit/600.1.4 (KHTML, like Gecko) Version/8.0 Mobile/12B410 Safari/600.1.4 (Applebot/0.1; +http://www.apple.com/go/applebot)" "www.superior-dentistry.com"
173.252.114.112 - - [12/Aug/2016:05:30:08 -0700] "GET / HTTP/1.1" 200 38900 "-" "-" "www.superior-dentistry.com"
173.73.106.175 - - [12/Aug/2016:05:36:07 -0700] "GET /theme.css HTTP/1.1" 200 1926 "http://www.superior-dentistry.com/Dentists-Bowie-MD.html" "Mozilla/5.0 (Windows NT 10.0; Win64; x64) AppleWebKit/537.36 (KHTML, like Gecko) Chrome/46.0.2486.0 Safari/537.36 Edge/13.10586" "www.superior-dentistry.com"[0]
173.73.106.175 - - [12/Aug/2016:05:36:07 -0700] "GET /js/ie-emulation-modes-warning.js HTTP/1.1" 200 2132 "http://www.superior-dentistry.com/Dentists-Bowie-MD.html" "Mozilla/5.0 (Windows NT 10.0; Win64; x64) AppleWebKit/537.36 (KHTML, like Gecko) Chrome/46.0.2486.0 Safari/537.36 Edge/13.10586" "www.superior-dentistry.com"
173.73.106.175 - - [12/Aug/2016:05:36:07 -0700] "GET /img/logo.jpg HTTP/1.1" 200 139628 "http://www.superior-dentistry.com/Dentists-Bowie-MD.html" "Mozilla/5.0 (Windows NT 10.0; Win64; x64) AppleWebKit/537.36 (KHTML, like Gecko) Chrome/46.0.2486.0 Safari/537.36 Edge/13.10586" "www.superior-dentistry.com"
173.73.106.175 - - [12/Aug/2016:05:36:07 -0700] "GET /images/meetdr1.png HTTP/1.1" 404 89 "http://www.superior-dentistry.com/Dentists-Bowie-MD.html" "Mozilla/5.0 (Windows NT 10.0; Win64; x64) AppleWebKit/537.36 (KHTML, like Gecko) Chrome/46.0.2486.0 Safari/537.36 Edge/13.10586" "www.superior-dentistry.com"
173.73.106.175 - - [12/Aug/2016:05:36:07 -0700] "GET /images/patientform.png HTTP/1.1" 404 89 "http://www.superior-dentistry.com/Dentists-Bowie-MD.html" "Mozilla/5.0 (Windows NT 10.0; Win64; x64) AppleWebKit/537.36 (KHTML, like Gecko) Chrome/46.0.2486.0 Safari/537.36 Edge/13.10586" "www.superior-dentistry.com"
173.73.106.175 - - [12/Aug/2016:05:36:07 -0700] "GET /images/meetdr2.png HTTP/1.1" 404 89 "http://www.superior-dentistry.com/Dentists-Bowie-MD.html" "Mozilla/5.0 (Windows NT 10.0; Win64; x64) AppleWebKit/537.36 (KHTML, like Gecko) Chrome/46.0.2486.0 Safari/537.36 Edge/13.10586" "www.superior-dentistry.com"
173.73.106.175 - - [12/Aug/2016:05:36:08 -0700] "GET /js/docs.min.js HTTP/1.1" 200 43299 "http://www.superior-dentistry.com/Dentists-Bowie-MD.html" "Mozilla/5.0 (Windows NT 10.0; Win64; x64) AppleWebKit/537.36 (KHTML, like Gecko) Chrome/46.0.2486.0 Safari/537.36 Edge/13.10586" "www.superior-dentistry.com"
173.73.106.175 - - [12/Aug/2016:05:36:10 -0700] "GET /img/zocdoc-apt.jpg HTTP/1.1" 200 79396 "http://www.superior-dentistry.com/Dentists-Bowie-MD.html" "Mozilla/5.0 (Windows NT 10.0; Win64; x64) AppleWebKit/537.36 (KHTML, like Gecko) Chrome/46.0.2486.0 Safari/537.36 Edge/13.10586" "www.superior-dentistry.com"[0]
173.73.106.175 - - [12/Aug/2016:05:36:12 -0700] "GET /assets/flash/ZeroClipboard.swf?noCache=1471005376717 HTTP/1.1" 404 89 "http://www.superior-dentistry.com/Dentists-Bowie-MD.html" "Mozilla/5.0 (Windows NT 10.0; Win64; x64) AppleWebKit/537.36 (KHTML, like Gecko) Chrome/46.0.2486.0 Safari/537.36 Edge/13.10586" "www.superior-dentistry.com"
66.249.69.62 - - [12/Aug/2016:05:37:02 -0700] "GET /Bowie-Dentists/images/care4.jpg HTTP/1.1" 404 89 "-" "Googlebot-Image/1.0" "www.superior-dentistry.com"
54.83.5.6 - - [12/Aug/2016:05:49:28 -0700] "HEAD /Dental-LinkExchange.html HTTP/1.1" 200 0 "-" "Mozilla/5.0 (Windows; U; Windows NT 5.1; en-US; rv:1.7.5) Gecko/20041107 Firefox/1.0" "superior-dentistry.com"
54.83.5.6 - - [12/Aug/2016:05:49:28 -0700] "GET /Dental-LinkExchange.html HTTP/1.1" 200 24959 "-" "Mozilla/5.0 (Windows; U; Windows NT 5.1; en-US; rv:1.7.5) Gecko/20041107 Firefox/1.0" "superior-dentistry.com"
54.83.5.6 - - [12/Aug/2016:05:49:28 -0700] "GET /robots.txt HTTP/1.1" 200 49 "-" "Mozilla/5.0 (compatible; MSIE 9.0; Windows NT 6.1; WOW64; Trident/5.0)" "superior-dentistry.com"
54.242.164.91 - - [12/Aug/2016:07:00:28 -0700] "GET / HTTP/1.1" 200 38900 "-" "Mozilla/5.0 (X11; Linux x86_64)AppleWebKit/537.36 (KHTML, like Gecko)Chrome/43.0.2357.134 Safari/537.36http://notifyninja.com/monitoring" "superior-dentistry.com"
198.16.7.150 - - [12/Aug/2016:07:19:12 -0700] "GET / HTTP/1.1" 200 38900 "-" "FreeWebMonitoring SiteChecker/0.2 (+http://www.freewebmonitoring.com/bot.html)" "www.superior-dentistry.com"
50.206.247.50 - - [12/Aug/2016:07:23:58 -0700] "GET /theme.css HTTP/1.1" 200 1926 "http://www.superior-dentistry.com/" "Mozilla/5.0 (Windows NT 6.1; WOW64; Trident/7.0; rv:11.0) like Gecko" "www.superior-dentistry.com"
50.206.247.50 - - [12/Aug/2016:07:23:58 -0700] "GET /img/logo.jpg HTTP/1.1" 200 139628 "http://www.superior-dentistry.com/" "Mozilla/5.0 (Windows NT 6.1; WOW64; Trident/7.0; rv:11.0) like Gecko" "www.superior-dentistry.com"[0]
50.206.247.50 - - [12/Aug/2016:07:23:58 -0700] "GET /js/docs.min.js HTTP/1.1" 200 43299 "http://www.superior-dentistry.com/" "Mozilla/5.0 (Windows NT 6.1; WOW64; Trident/7.0; rv:11.0) like Gecko" "www.superior-dentistry.com"
50.206.247.50 - - [12/Aug/2016:07:23:58 -0700] "GET /img/jaw-surgery.jpg HTTP/1.1" 200 27058 "http://www.superior-dentistry.com/" "Mozilla/5.0 (Windows NT 6.1; WOW64; Trident/7.0; rv:11.0) like Gecko" "www.superior-dentistry.com"
50.206.247.50 - - [12/Aug/2016:07:23:58 -0700] "GET /img/offer-31-05-2014-new-patient.jpg HTTP/1.1" 200 15365 "http://www.superior-dentistry.com/" "Mozilla/5.0 (Windows NT 6.1; WOW64; Trident/7.0; rv:11.0) like Gecko" "www.superior-dentistry.com"
50.206.247.50 - - [12/Aug/2016:07:23:58 -0700] "GET /img/offer-31-05-2014-whitening.jpg HTTP/1.1" 200 15686 "http://www.superior-dentistry.com/" "Mozilla/5.0 (Windows NT 6.1; WOW64; Trident/7.0; rv:11.0) like Gecko" "www.superior-dentistry.com"
50.206.247.50 - - [12/Aug/2016:07:23:59 -0700] "GET /assets/flash/ZeroClipboard.swf?noCache=1471011779252 HTTP/1.1" 404 89 "http://www.superior-dentistry.com/" "Mozilla/5.0 (Windows NT 6.1; WOW64; Trident/7.0; rv:11.0) like Gecko" "www.superior-dentistry.com"
50.206.247.50 - - [12/Aug/2016:07:24:12 -0700] "GET /assets/flash/ZeroClipboard.swf?noCache=1471011792386 HTTP/1.1" 404 89 "http://www.superior-dentistry.com/services.html" "Mozilla/5.0 (Windows NT 6.1; WOW64; Trident/7.0; rv:11.0) like Gecko" "www.superior-dentistry.com"
199.16.156.124 - - [12/Aug/2016:07:24:12 -0700] "GET /robots.txt HTTP/1.1" 200 49 "-" "Twitterbot/1.0" "www.superior-dentistry.com"
199.16.156.125 - - [12/Aug/2016:07:24:13 -0700] "GET /robots.txt HTTP/1.1" 200 49 "-" "Twitterbot/1.0" "www.superior-dentistry.com"
199.16.156.126 - - [12/Aug/2016:07:24:13 -0700] "GET /robots.txt HTTP/1.1" 200 49 "-" "Twitterbot/1.0" "www.superior-dentistry.com"
50.206.247.50 - - [12/Aug/2016:07:24:36 -0700] "GET /index.html HTTP/1.1" 200 38900 "http://www.superior-dentistry.com/services.html" "Mozilla/5.0 (Windows NT 6.1; WOW64; Trident/7.0; rv:11.0) like Gecko" "www.superior-dentistry.com"
50.206.247.50 - - [12/Aug/2016:07:24:37 -0700] "GET /assets/flash/ZeroClipboard.swf?noCache=1471011817293 HTTP/1.1" 404 89 "http://www.superior-dentistry.com/index.html" "Mozilla/5.0 (Windows NT 6.1; WOW64; Trident/7.0; rv:11.0) like Gecko" "www.superior-dentistry.com"
192.166.218.214 - - [12/Aug/2016:07:45:31 -0700] "GET /Patient-Before-After-Gallery.html HTTP/1.1" 200 23825 "-" "Mozilla/5.0 (compatible; MJ12bot/v1.4.5; http://www.majestic12.co.uk/bot.php?+)" "www.superior-dentistry.com"
192.166.218.214 - - [12/Aug/2016:07:45:34 -0700] "GET /services.php HTTP/1.1" 200 73 "-" "Mozilla/5.0 (compatible; MJ12bot/v1.4.5; http://www.majestic12.co.uk/bot.php?+)" "www.superior-dentistry.com"
167.102.229.10 - - [12/Aug/2016:07:48:28 -0700] "GET /css/font-awesome.css HTTP/1.1" 200 28747 "http://www.superior-dentistry.com/" "Mozilla/5.0 (Windows NT 6.1; WOW64) AppleWebKit/537.36 (KHTML, like Gecko) Chrome/52.0.2743.116 Safari/537.36" "www.superior-dentistry.com"
167.102.229.10 - - [12/Aug/2016:07:48:28 -0700] "GET /theme.css HTTP/1.1" 200 1926 "http://www.superior-dentistry.com/" "Mozilla/5.0 (Windows NT 6.1; WOW64) AppleWebKit/537.36 (KHTML, like Gecko) Chrome/52.0.2743.116 Safari/537.36" "www.superior-dentistry.com"
167.102.229.10 - - [12/Aug/2016:07:48:29 -0700] "GET /img/meetdr-melika.jpg HTTP/1.1" 200 75968 "http://www.superior-dentistry.com/" "Mozilla/5.0 (Windows NT 6.1; WOW64) AppleWebKit/537.36 (KHTML, like Gecko) Chrome/52.0.2743.116 Safari/537.36" "www.superior-dentistry.com"
167.102.229.10 - - [12/Aug/2016:07:48:30 -0700] "GET /assets/flash/ZeroClipboard.swf?noCache=1471013309549 HTTP/1.1" 404 89 "http://www.superior-dentistry.com/" "Mozilla/5.0 (Windows NT 6.1; WOW64) AppleWebKit/537.36 (KHTML, like Gecko) Chrome/52.0.2743.116 Safari/537.36" "www.superior-dentistry.com"
167.102.229.10 - - [12/Aug/2016:07:48:33 -0700] "GET /favicon.ico HTTP/1.1" 200 688 "http://www.superior-dentistry.com/" "Mozilla/5.0 (Windows NT 6.1; WOW64) AppleWebKit/537.36 (KHTML, like Gecko) Chrome/52.0.2743.116 Safari/537.36" "www.superior-dentistry.com"
194.187.170.110 - - [12/Aug/2016:07:58:46 -0700] "GET /robots.txt HTTP/1.1" 200 49 "-" "Mozilla/5.0 (compatible; Qwantify/2.2w; +https://www.qwant.com/)/*" "www.superior-dentistry.com"
96.244.61.95 - - [12/Aug/2016:08:05:42 -0700] "GET /css/bootstrap-theme.css HTTP/1.1" 200 19156 "http://www.superior-dentistry.com/" "Mozilla/5.0 (Windows NT 10.0; Win64; x64) AppleWebKit/537.36 (KHTML, like Gecko) Chrome/46.0.2486.0 Safari/537.36 Edge/13.10586" "www.superior-dentistry.com"
96.244.61.95 - - [12/Aug/2016:08:05:42 -0700] "GET /img/slider1.jpg HTTP/1.1" 200 268888 "http://www.superior-dentistry.com/" "Mozilla/5.0 (Windows NT 10.0; Win64; x64) AppleWebKit/537.36 (KHTML, like Gecko) Chrome/46.0.2486.0 Safari/537.36 Edge/13.10586" "www.superior-dentistry.com"
96.244.61.95 - - [12/Aug/2016:08:05:42 -0700] "GET /img/patients-choice-winner-2015.png HTTP/1.1" 200 9818 "http://www.superior-dentistry.com/" "Mozilla/5.0 (Windows NT 10.0; Win64; x64) AppleWebKit/537.36 (KHTML, like Gecko) Chrome/46.0.2486.0 Safari/537.36 Edge/13.10586" "www.superior-dentistry.com"
96.244.61.95 - - [12/Aug/2016:08:05:44 -0700] "GET /js/docs.min.js HTTP/1.1" 200 43299 "http://www.superior-dentistry.com/" "Mozilla/5.0 (Windows NT 10.0; Win64; x64) AppleWebKit/537.36 (KHTML, like Gecko) Chrome/46.0.2486.0 Safari/537.36 Edge/13.10586" "www.superior-dentistry.com"
131.118.255.193 - - [12/Aug/2016:08:18:16 -0700] "GET / HTTP/1.1" 200 38900 "https://www.google.com/" "Mozilla/5.0 (Windows NT 6.1) AppleWebKit/537.36 (KHTML, like Gecko) Chrome/52.0.2743.116 Safari/537.36" "www.superior-dentistry.com"
131.118.255.193 - - [12/Aug/2016:08:19:44 -0700] "GET /services.html HTTP/1.1" 200 34139 "http://www.superior-dentistry.com/" "Mozilla/5.0 (Windows NT 6.1) AppleWebKit/537.36 (KHTML, like Gecko) Chrome/52.0.2743.116 Safari/537.36" "www.superior-dentistry.com"
131.118.255.193 - - [12/Aug/2016:08:19:44 -0700] "GET /img/bridges-dentist-md.jpg HTTP/1.1" 200 67242 "http://www.superior-dentistry.com/services.html" "Mozilla/5.0 (Windows NT 6.1) AppleWebKit/537.36 (KHTML, like Gecko) Chrome/52.0.2743.116 Safari/537.36" "www.superior-dentistry.com"
131.118.255.193 - - [12/Aug/2016:08:19:45 -0700] "GET /img/SnapOnSmile.jpg HTTP/1.1" 200 71471 "http://www.superior-dentistry.com/services.html" "Mozilla/5.0 (Windows NT 6.1) AppleWebKit/537.36 (KHTML, like Gecko) Chrome/52.0.2743.116 Safari/537.36" "www.superior-dentistry.com"
131.118.255.193 - - [12/Aug/2016:08:19:45 -0700] "GET /img/implant-before-and-after.jpg HTTP/1.1" 200 122702 "http://www.superior-dentistry.com/services.html" "Mozilla/5.0 (Windows NT 6.1) AppleWebKit/537.36 (KHTML, like Gecko) Chrome/52.0.2743.116 Safari/537.36" "www.superior-dentistry.com"[0]
199.16.156.126 - - [12/Aug/2016:08:19:45 -0700] "GET /images/endodontia-root-canal-treatment.jpg HTTP/1.1" 404 89 "-" "Twitterbot/1.0" "www.superior-dentistry.com"
131.118.255.193 - - [12/Aug/2016:08:20:09 -0700] "GET /css/procedure-thumb.css HTTP/1.1" 200 2005 "http://www.superior-dentistry.com/firstvisit.html" "Mozilla/5.0 (Windows NT 6.1) AppleWebKit/537.36 (KHTML, like Gecko) Chrome/52.0.2743.116 Safari/537.36" "www.superior-dentistry.com"
54.197.9.96 - - [12/Aug/2016:08:48:42 -0700] "GET /index.html HTTP/1.1" 200 38900 "-" "Mozilla/5.0 (Windows NT 6.1; WOW64) AppleWebKit/537.36 (KHTML, like Gecko) Chrome/28.0.1500.95 Safari/537.36" "www.superior-dentistry.com"
131.118.255.193 - - [12/Aug/2016:08:49:35 -0700] "GET /img/after2.jpg HTTP/1.1" 200 13168 "http://www.superior-dentistry.com/Patient-Before-After-Gallery.html" "Mozilla/5.0 (Windows NT 6.1) AppleWebKit/537.36 (KHTML, like Gecko) Chrome/52.0.2743.116 Safari/537.36" "www.superior-dentistry.com"
131.118.255.193 - - [12/Aug/2016:08:49:35 -0700] "GET /assets/flash/ZeroClipboard.swf?noCache=1471016975560 HTTP/1.1" 404 89 "http://www.superior-dentistry.com/Patient-Before-After-Gallery.html" "Mozilla/5.0 (Windows NT 6.1) AppleWebKit/537.36 (KHTML, like Gecko) Chrome/52.0.2743.116 Safari/537.36" "www.superior-dentistry.com"
131.118.255.193 - - [12/Aug/2016:08:57:28 -0700] "GET /css/bootstrap-theme.css HTTP/1.1" 200 19156 "http://www.superior-dentistry.com/" "Mozilla/5.0 (Windows NT 10.0; Win64; x64) AppleWebKit/537.36 (KHTML, like Gecko) Chrome/52.0.2743.82 Safari/537.36" "www.superior-dentistry.com"
131.118.255.193 - - [12/Aug/2016:08:57:29 -0700] "GET /img/tmj-trauma.jpg HTTP/1.1" 200 22488 "http://www.superior-dentistry.com/" "Mozilla/5.0 (Windows NT 10.0; Win64; x64) AppleWebKit/537.36 (KHTML, like Gecko) Chrome/52.0.2743.82 Safari/537.36" "www.superior-dentistry.com"
131.118.255.193 - - [12/Aug/2016:08:57:29 -0700] "GET /img/meetdr-melika.jpg HTTP/1.1" 200 75968 "http://www.superior-dentistry.com/" "Mozilla/5.0 (Windows NT 10.0; Win64; x64) AppleWebKit/537.36 (KHTML, like Gecko) Chrome/52.0.2743.82 Safari/537.36" "www.superior-dentistry.com"
131.118.255.193 - - [12/Aug/2016:08:57:29 -0700] "GET /img/slider2.jpg HTTP/1.1" 200 345766 "http://www.superior-dentistry.com/" "Mozilla/5.0 (Windows NT 10.0; Win64; x64) AppleWebKit/537.36 (KHTML, like Gecko) Chrome/52.0.2743.82 Safari/537.36" "www.superior-dentistry.com"
131.118.255.193 - - [12/Aug/2016:08:57:29 -0700] "GET /fonts/fontawesome-webfont.woff2?v=4.3.0 HTTP/1.1" 200 56780 "http://www.superior-dentistry.com/css/font-awesome.css" "Mozilla/5.0 (Windows NT 10.0; Win64; x64) AppleWebKit/537.36 (KHTML, like Gecko) Chrome/52.0.2743.82 Safari/537.36" "www.superior-dentistry.com"
131.118.255.193 - - [12/Aug/2016:08:57:30 -0700] "GET /img/zocdoc-apt.jpg HTTP/1.1" 200 79396 "http://www.superior-dentistry.com/" "Mozilla/5.0 (Windows NT 10.0; Win64; x64) AppleWebKit/537.36 (KHTML, like Gecko) Chrome/52.0.2743.82 Safari/537.36" "www.superior-dentistry.com"
131.118.255.193 - - [12/Aug/2016:08:57:41 -0700] "GET /img/doctor-achievement.jpg HTTP/1.1" 200 200838 "http://www.superior-dentistry.com/services.html" "Mozilla/5.0 (Windows NT 10.0; Win64; x64) AppleWebKit/537.36 (KHTML, like Gecko) Chrome/52.0.2743.82 Safari/537.36" "www.superior-dentistry.com"
131.118.255.193 - - [12/Aug/2016:08:57:42 -0700] "GET /img/Teeth-Whitening1.jpg HTTP/1.1" 200 150063 "http://www.superior-dentistry.com/services.html" "Mozilla/5.0 (Windows NT 10.0; Win64; x64) AppleWebKit/537.36 (KHTML, like Gecko) Chrome/52.0.2743.82 Safari/537.36" "www.superior-dentistry.com"
131.118.255.193 - - [12/Aug/2016:08:57:42 -0700] "GET /img/white_composite_filling.jpg HTTP/1.1" 200 105229 "http://www.superior-dentistry.com/services.html" "Mozilla/5.0 (Windows NT 10.0; Win64; x64) AppleWebKit/537.36 (KHTML, like Gecko) Chrome/52.0.2743.82 Safari/537.36" "www.superior-dentistry.com"
131.118.255.193 - - [12/Aug/2016:08:57:42 -0700] "GET /img/SnapOnSmile.jpg HTTP/1.1" 200 71471 "http://www.superior-dentistry.com/services.html" "Mozilla/5.0 (Windows NT 10.0; Win64; x64) AppleWebKit/537.36 (KHTML, like Gecko) Chrome/52.0.2743.82 Safari/537.36" "www.superior-dentistry.com"
131.118.255.193 - - [12/Aug/2016:08:57:42 -0700] "GET /img/Lumineers.jpg HTTP/1.1" 200 70250 "http://www.superior-dentistry.com/services.html" "Mozilla/5.0 (Windows NT 10.0; Win64; x64) AppleWebKit/537.36 (KHTML, like Gecko) Chrome/52.0.2743.82 Safari/537.36" "www.superior-dentistry.com"
131.118.255.193 - - [12/Aug/2016:08:57:42 -0700] "GET /img/implant-before-and-after.jpg HTTP/1.1" 200 122702 "http://www.superior-dentistry.com/services.html" "Mozilla/5.0 (Windows NT 10.0; Win64; x64) AppleWebKit/537.36 (KHTML, like Gecko) Chrome/52.0.2743.82 Safari/537.36" "www.superior-dentistry.com"[0]
199.16.156.126 - - [12/Aug/2016:08:57:42 -0700] "GET /images/endodontia-root-canal-treatment.jpg HTTP/1.1" 404 89 "-" "Twitterbot/1.0" "www.superior-dentistry.com"
199.16.156.124 - - [12/Aug/2016:08:57:42 -0700] "GET /images/logo1.jpg HTTP/1.1" 404 89 "-" "Twitterbot/1.0" "www.superior-dentistry.com"
54.242.164.91 - - [12/Aug/2016:09:03:09 -0700] "GET / HTTP/1.1" 200 38900 "-" "Mozilla/5.0 (X11; Linux x86_64)AppleWebKit/537.36 (KHTML, like Gecko)Chrome/43.0.2357.134 Safari/537.36http://notifyninja.com/monitoring" "superior-dentistry.com"
66.249.69.59 - - [12/Aug/2016:09:03:34 -0700] "GET /img/dental-extractions.jpg HTTP/1.1" 200 165246 "-" "Googlebot-Image/1.0" "www.superior-dentistry.com"
108.45.89.252 - - [12/Aug/2016:09:07:19 -0700] "GET / HTTP/1.1" 200 38900 "-" "Mozilla/5.0 (iPhone; CPU iPhone OS 9_3_2 like Mac OS X) AppleWebKit/601.1.46 (KHTML, like Gecko) Version/9.0 Mobile/13F69 Safari/601.1" "www.superior-dentistry.com"
71.246.199.82 - - [12/Aug/2016:09:16:45 -0700] "GET / HTTP/1.1" 200 38900 "https://www.google.com/" "Mozilla/5.0 (Windows NT 10.0; WOW64) AppleWebKit/537.36 (KHTML, like Gecko) Chrome/52.0.2743.116 Safari/537.36" "www.superior-dentistry.com"
71.246.199.82 - - [12/Aug/2016:09:16:45 -0700] "GET /js/ie-emulation-modes-warning.js HTTP/1.1" 200 2132 "http://www.superior-dentistry.com/" "Mozilla/5.0 (Windows NT 10.0; WOW64) AppleWebKit/537.36 (KHTML, like Gecko) Chrome/52.0.2743.116 Safari/537.36" "www.superior-dentistry.com"
71.246.199.82 - - [12/Aug/2016:09:16:45 -0700] "GET /css/bootstrap.css HTTP/1.1" 200 138415 "http://www.superior-dentistry.com/" "Mozilla/5.0 (Windows NT 10.0; WOW64) AppleWebKit/537.36 (KHTML, like Gecko) Chrome/52.0.2743.116 Safari/537.36" "www.superior-dentistry.com"[0]
71.246.199.82 - - [12/Aug/2016:09:16:46 -0700] "GET /css/font-awesome.css HTTP/1.1" 200 28747 "http://www.superior-dentistry.com/" "Mozilla/5.0 (Windows NT 10.0; WOW64) AppleWebKit/537.36 (KHTML, like Gecko) Chrome/52.0.2743.116 Safari/537.36" "www.superior-dentistry.com"
71.246.199.82 - - [12/Aug/2016:09:16:46 -0700] "GET /theme.css HTTP/1.1" 200 1926 "http://www.superior-dentistry.com/" "Mozilla/5.0 (Windows NT 10.0; WOW64) AppleWebKit/537.36 (KHTML, like Gecko) Chrome/52.0.2743.116 Safari/537.36" "www.superior-dentistry.com"
71.246.199.82 - - [12/Aug/2016:09:16:47 -0700] "GET /img/wisdom-teeth-extraction.jpg HTTP/1.1" 200 23758 "http://www.superior-dentistry.com/" "Mozilla/5.0 (Windows NT 10.0; WOW64) AppleWebKit/537.36 (KHTML, like Gecko) Chrome/52.0.2743.116 Safari/537.36" "www.superior-dentistry.com"
71.246.199.82 - - [12/Aug/2016:09:16:47 -0700] "GET /img/jaw-surgery.jpg HTTP/1.1" 200 27058 "http://www.superior-dentistry.com/" "Mozilla/5.0 (Windows NT 10.0; WOW64) AppleWebKit/537.36 (KHTML, like Gecko) Chrome/52.0.2743.116 Safari/537.36" "www.superior-dentistry.com"[0]
