10.199.128.107 - - [27/Sep/2016:17:15:26 -0700] "GET /img/bridges-dentist-md.jpg HTTP/1.1" 200 67242 "https://uk.images.search.yahoo.com/images/view;_ylt=Az_6xdlhC.tXwAQANXXw3olQ;_ylu=X3oDMTI0c3IxYXFpBHNlYwNzcgRzbGsDaW1nBG9pZANhY2NkNDdiNGJlMTJiYWE5MzIyY2U0OTM4NGExY2JhYQRncG9zAzIwMQRpdANiaW5n?.origin=&back=https%3A%2F%2Fuk.images.search.yahoo.com%2Fsearch%2Fimages%3Fp%3Dmaryland%2Bbridge%2Bfor%2Bkids%2Btooth%26n%3D60%26ei%3DUTF-8%26fr%3Diphone%26fr2%3Dsb-top-uk.images.search.yahoo.com%26nost%3D1%26tab%3Dorganic%26ri%3D201&w=600&h=600&imgurl=www.superior-dentistry.com%2Fimg%2Fbridges-dentist-md.jpg&rurl=http%3A%2F%2Fwww.superior-dentistry.com%2Fservices.html&size=65.7KB&name=Meet+Bowie%2C+%3Cb%3EMD%3C%2Fb%3E+Professional+Dentist&p=maryland+bridge+for+kids+tooth&oid=accd47b4be12baa9322ce49384a1cbaa&fr2=sb-top-uk.images.search.yahoo.com&fr=iphone&tt=Meet+Bowie%2C+%3Cb%3EMD%3C%2Fb%3E+Professional+Dentist&b=181&ni=204&no=201&ts=&tab=organic&sigr=11f35psnn&sigb=159cjv81o&sigi=11l4kg12b&sigt=11aa9tn6h&sign=11aa9tn6h&.crumb=O9icZeUzb8s&fr=iphone&fr2=sb-top-uk.images.search.yahoo.com" "YahooCacheSystem; YahooWebServiceClient" "www.superior-dentistry.com"
198.16.7.150 - - [27/Sep/2016:18:52:14 -0700] "GET / HTTP/1.1" 200 38900 "-" "FreeWebMonitoring SiteChecker/0.2 (+http://www.freewebmonitoring.com/bot.html)" "www.superior-dentistry.com"
140.207.198.206 - - [27/Sep/2016:19:34:32 -0700] "GET / HTTP/1.1" 200 38900 "http://superior-dentistry.com/" "Mozilla/5.0 (compatible; MSIE 9.0; Windows NT 6.1; Trident/5.0)" "superior-dentistry.com"
198.16.7.150 - - [27/Sep/2016:19:52:35 -0700] "GET / HTTP/1.1" 200 38900 "-" "FreeWebMonitoring SiteChecker/0.2 (+http://www.freewebmonitoring.com/bot.html)" "www.superior-dentistry.com"
5.9.62.130 - - [27/Sep/2016:19:55:58 -0700] "GET /robots.txt HTTP/1.1" 200 49 "-" "Mozilla/5.0 (compatible; MJ12bot/v1.4.5; http://www.majestic12.co.uk/bot.php?+)" "superior-dentistry.com"
5.9.62.130 - - [27/Sep/2016:19:56:00 -0700] "GET /%E2%80%9Dhttp://www.nicedentist.com HTTP/1.1" 404 89 "-" "Mozilla/5.0 (compatible; MJ12bot/v1.4.5; http://www.majestic12.co.uk/bot.php?+)" "superior-dentistry.com"
54.242.164.91 - - [27/Sep/2016:21:05:56 -0700] "GET / HTTP/1.1" 200 38900 "-" "Mozilla/5.0 (X11; Linux x86_64)AppleWebKit/537.36 (KHTML, like Gecko)Chrome/43.0.2357.134 Safari/537.36http://notifyninja.com/monitoring" "superior-dentistry.com"
139.129.130.253 - - [27/Sep/2016:21:09:59 -0700] "HEAD /wp-login.php HTTP/1.1" 404 0 "-" "-" "www.superior-dentistry.com"
198.16.7.150 - - [27/Sep/2016:21:54:13 -0700] "GET / HTTP/1.1" 200 38900 "-" "FreeWebMonitoring SiteChecker/0.2 (+http://www.freewebmonitoring.com/bot.html)" "www.superior-dentistry.com"
69.30.211.2 - - [27/Sep/2016:22:02:03 -0700] "GET /robots.txt HTTP/1.1" 200 49 "-" "Mozilla/5.0 (compatible; MJ12bot/v1.4.5; http://www.majestic12.co.uk/bot.php?+)" "www.superior-dentistry.com"
69.30.211.2 - - [27/Sep/2016:22:02:05 -0700] "GET /blog.php HTTP/1.1" 200 107037 "-" "Mozilla/5.0 (compatible; MJ12bot/v1.4.5; http://www.majestic12.co.uk/bot.php?+)" "www.superior-dentistry.com"
54.242.164.91 - - [27/Sep/2016:22:21:08 -0700] "GET / HTTP/1.1" 200 38900 "-" "Mozilla/5.0 (X11; Linux x86_64)AppleWebKit/537.36 (KHTML, like Gecko)Chrome/43.0.2357.134 Safari/537.36http://notifyninja.com/monitoring" "superior-dentistry.com"
66.249.75.182 - - [27/Sep/2016:22:27:31 -0700] "GET /img/offer-31-05-2014-new-patient.jpg HTTP/1.1" 200 15365 "-" "Googlebot-Image/1.0" "www.superior-dentistry.com"
180.76.15.24 - - [27/Sep/2016:22:28:26 -0700] "GET /Dentist-Bowie-MD/Periodontal-Services-Maryland-MD.html HTTP/1.1" 200 25411 "-" "Mozilla/5.0 (compatible; Baiduspider/2.0; +http://www.baidu.com/search/spider.html)" "www.superior-dentistry.com"
66.249.75.182 - - [27/Sep/2016:22:42:23 -0700] "GET /assets/flash/ZeroClipboard.swf?noCache=1461024000033&trustedOrigins=www.superior-dentistry.com%2C%2F%2Fwww.superior-dentistry.com%2Chttp%3A%2F%2Fwww.superior-dentistry.com HTTP/1.1" 404 89 "-" "Googlebot-Video/1.0" "www.superior-dentistry.com"
198.16.7.150 - - [27/Sep/2016:22:54:29 -0700] "GET / HTTP/1.1" 200 38900 "-" "FreeWebMonitoring SiteChecker/0.2 (+http://www.freewebmonitoring.com/bot.html)" "www.superior-dentistry.com"
54.242.164.91 - - [27/Sep/2016:23:36:14 -0700] "GET / HTTP/1.1" 200 38900 "-" "Mozilla/5.0 (X11; Linux x86_64)AppleWebKit/537.36 (KHTML, like Gecko)Chrome/43.0.2357.134 Safari/537.36http://notifyninja.com/monitoring" "superior-dentistry.com"
198.16.7.150 - - [27/Sep/2016:23:55:47 -0700] "GET / HTTP/1.1" 200 38900 "-" "FreeWebMonitoring SiteChecker/0.2 (+http://www.freewebmonitoring.com/bot.html)" "www.superior-dentistry.com"
66.249.75.190 - - [28/Sep/2016:00:18:37 -0700] "GET /assets/flash/ZeroClipboard.swf?noCache=1461283200033&trustedOrigins=www.superior-dentistry.com%2C%2F%2Fwww.superior-dentistry.com%2Chttp%3A%2F%2Fwww.superior-dentistry.com HTTP/1.1" 404 89 "-" "Googlebot-Video/1.0" "www.superior-dentistry.com"
66.249.75.182 - - [28/Sep/2016:00:32:32 -0700] "GET /img/slider1.jpg HTTP/1.1" 200 268888 "-" "Googlebot-Image/1.0" "www.superior-dentistry.com"[1]
54.236.1.11 - - [28/Sep/2016:00:35:56 -0700] "GET /images/patientform.png HTTP/1.1" 404 89 "-" "Pinterest/0.2 (+http://www.pinterest.com/)" "www.superior-dentistry.com"
54.236.1.11 - - [28/Sep/2016:00:35:57 -0700] "GET /images/meetdr2.png HTTP/1.1" 404 89 "-" "Pinterest/0.2 (+http://www.pinterest.com/)" "www.superior-dentistry.com"
54.236.1.11 - - [28/Sep/2016:00:35:57 -0700] "GET /images/meetdr1.png HTTP/1.1" 404 89 "-" "Pinterest/0.2 (+http://www.pinterest.com/)" "www.superior-dentistry.com"
180.76.15.146 - - [28/Sep/2016:00:36:19 -0700] "GET /popup/fancybox/jquery.fancybox.js HTTP/1.1" 200 34033 "-" "Mozilla/5.0 (compatible; Baiduspider/2.0; +http://www.baidu.com/search/spider.html)" "superior-dentistry.com"
54.242.164.91 - - [28/Sep/2016:00:52:02 -0700] "GET / HTTP/1.1" 200 38900 "-" "Mozilla/5.0 (X11; Linux x86_64)AppleWebKit/537.36 (KHTML, like Gecko)Chrome/43.0.2357.134 Safari/537.36http://notifyninja.com/monitoring" "superior-dentistry.com"
198.16.7.150 - - [28/Sep/2016:00:56:28 -0700] "GET / HTTP/1.1" 200 38900 "-" "FreeWebMonitoring SiteChecker/0.2 (+http://www.freewebmonitoring.com/bot.html)" "www.superior-dentistry.com"
37.115.184.191 - - [28/Sep/2016:01:24:49 -0700] "GET / HTTP/1.1" 200 38900 "http://xn------7cdbapdecfd4ak1bn0amjffj7afu3y.xn--p1ai/" "Mozilla/4.0 (compatible; MSIE 5.5; Windows 98)" "www.superior-dentistry.com"
37.115.184.191 - - [28/Sep/2016:01:24:50 -0700] "GET / HTTP/1.1" 200 38900 "http://www.mosrif.ru/" "Mozilla/4.0 (compatible; MSIE 5.5; Windows 98)" "www.superior-dentistry.com"
37.115.184.191 - - [28/Sep/2016:01:24:51 -0700] "GET / HTTP/1.1" 200 38900 "http://xn------7cdbapdecfd4ak1bn0amjffj7afu3y.xn--p1ai/" "Mozilla/4.0 (compatible; MSIE 5.5; Windows 98)" "www.superior-dentistry.com"
46.118.155.156 - - [28/Sep/2016:01:56:06 -0700] "GET / HTTP/1.1" 200 38900 "http://life-instyle.com/" "Opera/7.11 (Windows NT 5.1; U) [en]" "www.superior-dentistry.com"
46.118.155.156 - - [28/Sep/2016:01:56:07 -0700] "GET / HTTP/1.1" 200 38900 "http://life-instyle.com/" "Opera/7.11 (Windows NT 5.1; U) [en]" "www.superior-dentistry.com"
46.118.155.156 - - [28/Sep/2016:01:56:08 -0700] "GET / HTTP/1.1" 200 38900 "http://life-instyle.com/" "Opera/7.11 (Windows NT 5.1; U) [en]" "www.superior-dentistry.com"
198.16.7.150 - - [28/Sep/2016:01:58:16 -0700] "GET / HTTP/1.1" 200 38900 "-" "FreeWebMonitoring SiteChecker/0.2 (+http://www.freewebmonitoring.com/bot.html)" "www.superior-dentistry.com"
134.249.65.218 - - [28/Sep/2016:02:17:09 -0700] "GET / HTTP/1.1" 200 38900 "http://www.absolute-s.ru/" "Mozilla/4.0 (compatible; MSIE 5.0; Windows NT; DigExt)" "www.superior-dentistry.com"
134.249.65.218 - - [28/Sep/2016:02:17:10 -0700] "GET / HTTP/1.1" 200 38900 "http://www.absolute-s.ru/" "Mozilla/4.0 (compatible; MSIE 5.0; Windows NT; DigExt)" "www.superior-dentistry.com"
66.249.75.186 - - [28/Sep/2016:02:58:01 -0700] "GET /img/tmj-trauma.jpg HTTP/1.1" 200 22488 "-" "Googlebot-Image/1.0" "www.superior-dentistry.com"
198.16.7.150 - - [28/Sep/2016:03:01:08 -0700] "GET / HTTP/1.1" 200 38900 "-" "FreeWebMonitoring SiteChecker/0.2 (+http://www.freewebmonitoring.com/bot.html)" "www.superior-dentistry.com"
192.187.104.235 - - [28/Sep/2016:03:11:36 -0700] "GET /robots.txt HTTP/1.1" 200 49 "-" "Mozilla/5.0 (compatible; MJ12bot/v1.4.5; http://www.majestic12.co.uk/bot.php?+)" "www.superior-dentistry.com"
173.73.248.11 - - [28/Sep/2016:03:18:28 -0700] "GET / HTTP/1.1" 200 38900 "https://www.google.com/" "Mozilla/5.0 (Windows NT 10.0; Win64; x64) AppleWebKit/537.36 (KHTML, like Gecko) Chrome/46.0.2486.0 Safari/537.36 Edge/13.10586" "www.superior-dentistry.com"
173.73.248.11 - - [28/Sep/2016:03:18:29 -0700] "GET /js/ie10-viewport-bug-workaround.js HTTP/1.1" 200 694 "http://www.superior-dentistry.com/" "Mozilla/5.0 (Windows NT 10.0; Win64; x64) AppleWebKit/537.36 (KHTML, like Gecko) Chrome/46.0.2486.0 Safari/537.36 Edge/13.10586" "www.superior-dentistry.com"
173.73.248.11 - - [28/Sep/2016:03:18:29 -0700] "GET /js/docs.min.js HTTP/1.1" 200 43299 "http://www.superior-dentistry.com/" "Mozilla/5.0 (Windows NT 10.0; Win64; x64) AppleWebKit/537.36 (KHTML, like Gecko) Chrome/46.0.2486.0 Safari/537.36 Edge/13.10586" "www.superior-dentistry.com"
173.73.248.11 - - [28/Sep/2016:03:18:29 -0700] "GET /img/dental-implants.jpg HTTP/1.1" 200 22844 "http://www.superior-dentistry.com/" "Mozilla/5.0 (Windows NT 10.0; Win64; x64) AppleWebKit/537.36 (KHTML, like Gecko) Chrome/46.0.2486.0 Safari/537.36 Edge/13.10586" "www.superior-dentistry.com"
173.73.248.11 - - [28/Sep/2016:03:18:29 -0700] "GET /fonts/fontawesome-webfont.woff?v=4.3.0 HTTP/1.1" 200 71508 "http://www.superior-dentistry.com/" "Mozilla/5.0 (Windows NT 10.0; Win64; x64) AppleWebKit/537.36 (KHTML, like Gecko) Chrome/46.0.2486.0 Safari/537.36 Edge/13.10586" "www.superior-dentistry.com"
173.73.248.11 - - [28/Sep/2016:03:18:29 -0700] "GET /img/tmj-trauma.jpg HTTP/1.1" 200 22488 "http://www.superior-dentistry.com/" "Mozilla/5.0 (Windows NT 10.0; Win64; x64) AppleWebKit/537.36 (KHTML, like Gecko) Chrome/46.0.2486.0 Safari/537.36 Edge/13.10586" "www.superior-dentistry.com"
173.73.248.11 - - [28/Sep/2016:03:18:29 -0700] "GET /img/oral-pathology.jpg HTTP/1.1" 200 33395 "http://www.superior-dentistry.com/" "Mozilla/5.0 (Windows NT 10.0; Win64; x64) AppleWebKit/537.36 (KHTML, like Gecko) Chrome/46.0.2486.0 Safari/537.36 Edge/13.10586" "www.superior-dentistry.com"
173.73.248.11 - - [28/Sep/2016:03:18:29 -0700] "GET /img/slider3.jpg HTTP/1.1" 200 217901 "http://www.superior-dentistry.com/" "Mozilla/5.0 (Windows NT 10.0; Win64; x64) AppleWebKit/537.36 (KHTML, like Gecko) Chrome/46.0.2486.0 Safari/537.36 Edge/13.10586" "www.superior-dentistry.com"
173.73.248.11 - - [28/Sep/2016:03:18:29 -0700] "GET /img/slider2.jpg HTTP/1.1" 200 345766 "http://www.superior-dentistry.com/" "Mozilla/5.0 (Windows NT 10.0; Win64; x64) AppleWebKit/537.36 (KHTML, like Gecko) Chrome/46.0.2486.0 Safari/537.36 Edge/13.10586" "www.superior-dentistry.com"
173.73.248.11 - - [28/Sep/2016:03:18:30 -0700] "GET /img/offer-31-05-2014-whitening.jpg HTTP/1.1" 200 15686 "http://www.superior-dentistry.com/" "Mozilla/5.0 (Windows NT 10.0; Win64; x64) AppleWebKit/537.36 (KHTML, like Gecko) Chrome/46.0.2486.0 Safari/537.36 Edge/13.10586" "www.superior-dentistry.com"
173.73.248.11 - - [28/Sep/2016:03:18:30 -0700] "GET /img/offer-31-05-2014-new-patient.jpg HTTP/1.1" 200 15365 "http://www.superior-dentistry.com/" "Mozilla/5.0 (Windows NT 10.0; Win64; x64) AppleWebKit/537.36 (KHTML, like Gecko) Chrome/46.0.2486.0 Safari/537.36 Edge/13.10586" "www.superior-dentistry.com"
199.16.156.126 - - [28/Sep/2016:03:19:14 -0700] "GET /images/logo1.jpg HTTP/1.1" 404 89 "-" "Twitterbot/1.0" "www.superior-dentistry.com"
54.242.164.91 - - [28/Sep/2016:03:21:57 -0700] "GET / HTTP/1.1" 200 38900 "-" "Mozilla/5.0 (X11; Linux x86_64)AppleWebKit/537.36 (KHTML, like Gecko)Chrome/43.0.2357.134 Safari/537.36http://notifyninja.com/monitoring" "superior-dentistry.com"
173.73.248.11 - - [28/Sep/2016:03:22:25 -0700] "GET /img/contact-img.jpg HTTP/1.1" 200 83148 "http://www.superior-dentistry.com/contact-us.html" "Mozilla/5.0 (Windows NT 10.0; Win64; x64) AppleWebKit/537.36 (KHTML, like Gecko) Chrome/46.0.2486.0 Safari/537.36 Edge/13.10586" "www.superior-dentistry.com"
157.55.39.199 - - [28/Sep/2016:03:53:21 -0700] "GET /Dentist-Bowie-MD/index.html HTTP/1.1" 404 89 "-" "Mozilla/5.0 (compatible; bingbot/2.0; +http://www.bing.com/bingbot.htm)" "www.superior-dentistry.com"
157.55.39.199 - - [28/Sep/2016:03:53:21 -0700] "GET /Dentist-Bowie-MD/css/ HTTP/1.1" 200 1872 "-" "msnbot-media/1.1 (+http://search.msn.com/msnbot.htm)" "www.superior-dentistry.com"
207.46.13.191 - - [28/Sep/2016:03:58:40 -0700] "GET /robots.txt HTTP/1.1" 200 49 "-" "Mozilla/5.0 (compatible; bingbot/2.0; +http://www.bing.com/bingbot.htm)" "www.superior-dentistry.com"
198.16.7.150 - - [28/Sep/2016:04:01:19 -0700] "GET / HTTP/1.1" 200 38900 "-" "FreeWebMonitoring SiteChecker/0.2 (+http://www.freewebmonitoring.com/bot.html)" "www.superior-dentistry.com"
54.242.164.91 - - [28/Sep/2016:04:37:07 -0700] "GET / HTTP/1.1" 200 38900 "-" "Mozilla/5.0 (X11; Linux x86_64)AppleWebKit/537.36 (KHTML, like Gecko)Chrome/43.0.2357.134 Safari/537.36http://notifyninja.com/monitoring" "superior-dentistry.com"
95.73.240.47 - - [28/Sep/2016:04:40:40 -0700] "HEAD /media/system/css/mootree.css HTTP/1.1" 404 0 "-" "-" "superior-dentistry.com"
198.16.7.150 - - [28/Sep/2016:05:01:42 -0700] "GET / HTTP/1.1" 200 38900 "-" "FreeWebMonitoring SiteChecker/0.2 (+http://www.freewebmonitoring.com/bot.html)" "www.superior-dentistry.com"
157.55.39.199 - - [28/Sep/2016:05:11:38 -0700] "GET /Dentist-Bowie-MD/fonts/fontawesome-webfont.eot HTTP/1.1" 200 60767 "-" "Mozilla/5.0 (compatible; bingbot/2.0; +http://www.bing.com/bingbot.htm)" "superior-dentistry.com"
199.16.156.125 - - [28/Sep/2016:05:23:00 -0700] "GET /robots.txt HTTP/1.1" 200 49 "-" "Twitterbot/1.0" "www.superior-dentistry.com"
199.16.156.125 - - [28/Sep/2016:05:23:00 -0700] "GET /images/logo1.jpg HTTP/1.1" 404 89 "-" "Twitterbot/1.0" "www.superior-dentistry.com"
199.16.156.125 - - [28/Sep/2016:05:23:01 -0700] "GET /robots.txt HTTP/1.1" 200 49 "-" "Twitterbot/1.0" "www.superior-dentistry.com"
199.16.156.125 - - [28/Sep/2016:05:23:01 -0700] "GET /images/endodontia-root-canal-treatment.jpg HTTP/1.1" 404 89 "-" "Twitterbot/1.0" "www.superior-dentistry.com"
157.55.39.76 - - [28/Sep/2016:05:40:01 -0700] "GET /Dentist-Bowie-MD/images/quotes.png HTTP/1.1" 404 89 "-" "Mozilla/5.0 (compatible; bingbot/2.0; +http://www.bing.com/bingbot.htm)" "superior-dentistry.com"
157.55.39.76 - - [28/Sep/2016:05:42:08 -0700] "GET /Bowie-Dentists/Patient-Before-After-Gallery.html HTTP/1.1" 404 89 "-" "Mozilla/5.0 (compatible; bingbot/2.0; +http://www.bing.com/bingbot.htm)" "superior-dentistry.com"
54.242.164.91 - - [28/Sep/2016:05:54:06 -0700] "GET / HTTP/1.1" 200 38900 "-" "Mozilla/5.0 (X11; Linux x86_64)AppleWebKit/537.36 (KHTML, like Gecko)Chrome/43.0.2357.134 Safari/537.36http://notifyninja.com/monitoring" "superior-dentistry.com"
73.212.69.100 - - [28/Sep/2016:06:03:04 -0700] "GET /theme.css HTTP/1.1" 200 1926 "http://www.superior-dentistry.com/" "Mozilla/5.0 (Linux; Android 5.0.2; HTC One_M8 Build/LRX22G) AppleWebKit/537.36 (KHTML, like Gecko) Chrome/53.0.2785.124 Mobile Safari/537.36" "www.superior-dentistry.com"
73.212.69.100 - - [28/Sep/2016:06:03:04 -0700] "GET /js/ie-emulation-modes-warning.js HTTP/1.1" 200 2132 "http://www.superior-dentistry.com/" "Mozilla/5.0 (Linux; Android 5.0.2; HTC One_M8 Build/LRX22G) AppleWebKit/537.36 (KHTML, like Gecko) Chrome/53.0.2785.124 Mobile Safari/537.36" "www.superior-dentistry.com"
73.212.69.100 - - [28/Sep/2016:06:03:04 -0700] "GET /img/wisdom-teeth-extraction.jpg HTTP/1.1" 200 23758 "http://www.superior-dentistry.com/" "Mozilla/5.0 (Linux; Android 5.0.2; HTC One_M8 Build/LRX22G) AppleWebKit/537.36 (KHTML, like Gecko) Chrome/53.0.2785.124 Mobile Safari/537.36" "www.superior-dentistry.com"
73.212.69.100 - - [28/Sep/2016:06:03:05 -0700] "GET /img/tmj-trauma.jpg HTTP/1.1" 200 22488 "http://www.superior-dentistry.com/" "Mozilla/5.0 (Linux; Android 5.0.2; HTC One_M8 Build/LRX22G) AppleWebKit/537.36 (KHTML, like Gecko) Chrome/53.0.2785.124 Mobile Safari/537.36" "www.superior-dentistry.com"
73.212.69.100 - - [28/Sep/2016:06:03:05 -0700] "GET /img/slider1.jpg HTTP/1.1" 200 268888 "http://www.superior-dentistry.com/" "Mozilla/5.0 (Linux; Android 5.0.2; HTC One_M8 Build/LRX22G) AppleWebKit/537.36 (KHTML, like Gecko) Chrome/53.0.2785.124 Mobile Safari/537.36" "www.superior-dentistry.com"
198.16.7.150 - - [28/Sep/2016:06:03:07 -0700] "GET / HTTP/1.1" 200 38900 "-" "FreeWebMonitoring SiteChecker/0.2 (+http://www.freewebmonitoring.com/bot.html)" "www.superior-dentistry.com"
69.30.198.242 - - [28/Sep/2016:07:08:11 -0700] "GET /robots.txt HTTP/1.1" 200 49 "-" "Mozilla/5.0 (compatible; MJ12bot/v1.4.5; http://www.majestic12.co.uk/bot.php?+)" "superior-dentistry.com"
69.30.198.242 - - [28/Sep/2016:07:08:12 -0700] "GET /contact-us.html HTTP/1.1" 200 23728 "-" "Mozilla/5.0 (compatible; MJ12bot/v1.4.5; http://www.majestic12.co.uk/bot.php?+)" "superior-dentistry.com"
69.30.198.242 - - [28/Sep/2016:07:08:15 -0700] "GET /robots.txt HTTP/1.1" 200 49 "-" "Mozilla/5.0 (compatible; MJ12bot/v1.4.5; http://www.majestic12.co.uk/bot.php?+)" "www.superior-dentistry.com"
69.30.198.242 - - [28/Sep/2016:07:08:21 -0700] "GET /Dentist-Bowie-MD/Periodontal-Services-Maryland-MD.html HTTP/1.1" 200 25411 "-" "Mozilla/5.0 (compatible; MJ12bot/v1.4.5; http://www.majestic12.co.uk/bot.php?+)" "www.superior-dentistry.com"
69.30.198.242 - - [28/Sep/2016:07:08:22 -0700] "GET /Patient-Before-After-Gallery.html HTTP/1.1" 200 23825 "-" "Mozilla/5.0 (compatible; MJ12bot/v1.4.5; http://www.majestic12.co.uk/bot.php?+)" "www.superior-dentistry.com"
72.248.175.194 - - [28/Sep/2016:07:12:31 -0700] "GET /css/bootstrap.css HTTP/1.1" 200 138415 "http://www.superior-dentistry.com/" "Mozilla/5.0 (Windows NT 6.1) AppleWebKit/537.36 (KHTML, like Gecko) Chrome/53.0.2785.116 Safari/537.36" "www.superior-dentistry.com"[0]
72.248.175.194 - - [28/Sep/2016:07:12:31 -0700] "GET /css/bootstrap-theme.css HTTP/1.1" 200 19156 "http://www.superior-dentistry.com/" "Mozilla/5.0 (Windows NT 6.1) AppleWebKit/537.36 (KHTML, like Gecko) Chrome/53.0.2785.116 Safari/537.36" "www.superior-dentistry.com"
72.248.175.194 - - [28/Sep/2016:07:12:31 -0700] "GET /theme.css HTTP/1.1" 200 1926 "http://www.superior-dentistry.com/" "Mozilla/5.0 (Windows NT 6.1) AppleWebKit/537.36 (KHTML, like Gecko) Chrome/53.0.2785.116 Safari/537.36" "www.superior-dentistry.com"
72.248.175.194 - - [28/Sep/2016:07:12:31 -0700] "GET /js/bootstrap.min.js HTTP/1.1" 200 35601 "http://www.superior-dentistry.com/" "Mozilla/5.0 (Windows NT 6.1) AppleWebKit/537.36 (KHTML, like Gecko) Chrome/53.0.2785.116 Safari/537.36" "www.superior-dentistry.com"
72.248.175.194 - - [28/Sep/2016:07:12:31 -0700] "GET /js/ie10-viewport-bug-workaround.js HTTP/1.1" 200 694 "http://www.superior-dentistry.com/" "Mozilla/5.0 (Windows NT 6.1) AppleWebKit/537.36 (KHTML, like Gecko) Chrome/53.0.2785.116 Safari/537.36" "www.superior-dentistry.com"
72.248.175.194 - - [28/Sep/2016:07:13:45 -0700] "GET /img/dental-extractions.jpg HTTP/1.1" 200 165246 "http://www.superior-dentistry.com/services.html" "Mozilla/5.0 (Windows NT 6.1) AppleWebKit/537.36 (KHTML, like Gecko) Chrome/53.0.2785.116 Safari/537.36" "www.superior-dentistry.com"
72.248.175.194 - - [28/Sep/2016:07:13:45 -0700] "GET /img/Teeth-Whitening1.jpg HTTP/1.1" 200 150063 "http://www.superior-dentistry.com/services.html" "Mozilla/5.0 (Windows NT 6.1) AppleWebKit/537.36 (KHTML, like Gecko) Chrome/53.0.2785.116 Safari/537.36" "www.superior-dentistry.com"
72.248.175.194 - - [28/Sep/2016:07:13:46 -0700] "GET /img/care3.jpg HTTP/1.1" 200 62411 "http://www.superior-dentistry.com/services.html" "Mozilla/5.0 (Windows NT 6.1) AppleWebKit/537.36 (KHTML, like Gecko) Chrome/53.0.2785.116 Safari/537.36" "www.superior-dentistry.com"
72.248.175.194 - - [28/Sep/2016:07:13:46 -0700] "GET /img/night-guard.jpg HTTP/1.1" 200 106940 "http://www.superior-dentistry.com/services.html" "Mozilla/5.0 (Windows NT 6.1) AppleWebKit/537.36 (KHTML, like Gecko) Chrome/53.0.2785.116 Safari/537.36" "www.superior-dentistry.com"
72.248.175.194 - - [28/Sep/2016:07:14:02 -0700] "GET /meet-staff.html HTTP/1.1" 200 22168 "http://www.superior-dentistry.com/services.html" "Mozilla/5.0 (Windows NT 6.1) AppleWebKit/537.36 (KHTML, like Gecko) Chrome/53.0.2785.116 Safari/537.36" "www.superior-dentistry.com"
72.248.175.194 - - [28/Sep/2016:07:14:03 -0700] "GET /img/Dr-Melika.jpg HTTP/1.1" 200 28557 "http://www.superior-dentistry.com/meet-staff.html" "Mozilla/5.0 (Windows NT 6.1) AppleWebKit/537.36 (KHTML, like Gecko) Chrome/53.0.2785.116 Safari/537.36" "www.superior-dentistry.com"
72.248.175.194 - - [28/Sep/2016:07:14:42 -0700] "GET /index.html HTTP/1.1" 200 38900 "http://www.superior-dentistry.com/meet-staff.html" "Mozilla/5.0 (Windows NT 6.1) AppleWebKit/537.36 (KHTML, like Gecko) Chrome/53.0.2785.116 Safari/537.36" "www.superior-dentistry.com"
72.248.175.194 - - [28/Sep/2016:07:14:45 -0700] "GET /assets/flash/ZeroClipboard.swf?noCache=1475072130285 HTTP/1.1" 404 89 "http://www.superior-dentistry.com/meet-staff.html" "Mozilla/5.0 (Windows NT 6.1) AppleWebKit/537.36 (KHTML, like Gecko) Chrome/53.0.2785.116 Safari/537.36" "www.superior-dentistry.com"
72.248.175.194 - - [28/Sep/2016:07:14:46 -0700] "GET /assets/flash/ZeroClipboard.swf?noCache=1475072131267 HTTP/1.1" 404 89 "http://www.superior-dentistry.com/services.html" "Mozilla/5.0 (Windows NT 6.1) AppleWebKit/537.36 (KHTML, like Gecko) Chrome/53.0.2785.116 Safari/537.36" "www.superior-dentistry.com"
72.248.175.194 - - [28/Sep/2016:07:14:49 -0700] "GET /assets/flash/ZeroClipboard.swf?noCache=1475072133706 HTTP/1.1" 404 89 "http://www.superior-dentistry.com/" "Mozilla/5.0 (Windows NT 6.1) AppleWebKit/537.36 (KHTML, like Gecko) Chrome/53.0.2785.116 Safari/537.36" "www.superior-dentistry.com"
172.56.28.18 - - [28/Sep/2016:07:29:29 -0700] "GET / HTTP/1.1" 200 38900 "https://www.google.com/" "Mozilla/5.0 (iPhone; CPU iPhone OS 9_3_5 like Mac OS X) AppleWebKit/601.1.46 (KHTML, like Gecko) Version/9.0 Mobile/13G36 Safari/601.1" "www.superior-dentistry.com"
172.56.28.18 - - [28/Sep/2016:07:29:29 -0700] "GET /css/bootstrap-theme.css HTTP/1.1" 200 19156 "http://www.superior-dentistry.com/" "Mozilla/5.0 (iPhone; CPU iPhone OS 9_3_5 like Mac OS X) AppleWebKit/601.1.46 (KHTML, like Gecko) Version/9.0 Mobile/13G36 Safari/601.1" "www.superior-dentistry.com"
172.56.28.18 - - [28/Sep/2016:07:29:29 -0700] "GET /js/ie-emulation-modes-warning.js HTTP/1.1" 200 2132 "http://www.superior-dentistry.com/" "Mozilla/5.0 (iPhone; CPU iPhone OS 9_3_5 like Mac OS X) AppleWebKit/601.1.46 (KHTML, like Gecko) Version/9.0 Mobile/13G36 Safari/601.1" "www.superior-dentistry.com"[0]
172.56.28.18 - - [28/Sep/2016:07:29:29 -0700] "GET /css/font-awesome.css HTTP/1.1" 200 28747 "http://www.superior-dentistry.com/" "Mozilla/5.0 (iPhone; CPU iPhone OS 9_3_5 like Mac OS X) AppleWebKit/601.1.46 (KHTML, like Gecko) Version/9.0 Mobile/13G36 Safari/601.1" "www.superior-dentistry.com"
172.56.28.18 - - [28/Sep/2016:07:29:31 -0700] "GET /img/jaw-surgery.jpg HTTP/1.1" 200 27058 "http://www.superior-dentistry.com/" "Mozilla/5.0 (iPhone; CPU iPhone OS 9_3_5 like Mac OS X) AppleWebKit/601.1.46 (KHTML, like Gecko) Version/9.0 Mobile/13G36 Safari/601.1" "www.superior-dentistry.com"
172.56.28.18 - - [28/Sep/2016:07:29:32 -0700] "GET /img/offer-31-05-2014-sonicare-brush.jpg HTTP/1.1" 200 13165 "http://www.superior-dentistry.com/" "Mozilla/5.0 (iPhone; CPU iPhone OS 9_3_5 like Mac OS X) AppleWebKit/601.1.46 (KHTML, like Gecko) Version/9.0 Mobile/13G36 Safari/601.1" "www.superior-dentistry.com"
172.56.28.18 - - [28/Sep/2016:07:29:32 -0700] "GET /img/offer-31-05-2014-new-patient.jpg HTTP/1.1" 200 15365 "http://www.superior-dentistry.com/" "Mozilla/5.0 (iPhone; CPU iPhone OS 9_3_5 like Mac OS X) AppleWebKit/601.1.46 (KHTML, like Gecko) Version/9.0 Mobile/13G36 Safari/601.1" "www.superior-dentistry.com"
157.55.39.33 - - [28/Sep/2016:07:33:13 -0700] "GET /robots.txt HTTP/1.1" 200 49 "-" "Mozilla/5.0 (compatible; bingbot/2.0; +http://www.bing.com/bingbot.htm)" "superior-dentistry.com"
66.249.75.186 - - [28/Sep/2016:07:35:44 -0700] "GET /img/slider2.jpg HTTP/1.1" 200 345766 "-" "Googlebot-Image/1.0" "www.superior-dentistry.com"
23.96.25.9 - - [28/Sep/2016:07:50:38 -0700] "GET / HTTP/1.1" 200 38900 "-" "python-requests/2.7.0 CPython/2.7.6 Windows/2008ServerR2" "www.superior-dentistry.com"
73.132.164.37 - - [28/Sep/2016:08:18:54 -0700] "GET /css/font-awesome.css HTTP/1.1" 200 28747 "http://www.superior-dentistry.com/" "Mozilla/5.0 (Macintosh; Intel Mac OS X 10_9_5) AppleWebKit/537.36 (KHTML, like Gecko) Chrome/53.0.2785.116 Safari/537.36" "www.superior-dentistry.com"
73.132.164.37 - - [28/Sep/2016:08:18:55 -0700] "GET /img/dental-implants.jpg HTTP/1.1" 200 22844 "http://www.superior-dentistry.com/" "Mozilla/5.0 (Macintosh; Intel Mac OS X 10_9_5) AppleWebKit/537.36 (KHTML, like Gecko) Chrome/53.0.2785.116 Safari/537.36" "www.superior-dentistry.com"
73.132.164.37 - - [28/Sep/2016:08:18:56 -0700] "GET /img/jaw-surgery.jpg HTTP/1.1" 200 27058 "http://www.superior-dentistry.com/" "Mozilla/5.0 (Macintosh; Intel Mac OS X 10_9_5) AppleWebKit/537.36 (KHTML, like Gecko) Chrome/53.0.2785.116 Safari/537.36" "www.superior-dentistry.com"
73.132.164.37 - - [28/Sep/2016:08:18:57 -0700] "GET /img/slider3.jpg HTTP/1.1" 200 217901 "http://www.superior-dentistry.com/" "Mozilla/5.0 (Macintosh; Intel Mac OS X 10_9_5) AppleWebKit/537.36 (KHTML, like Gecko) Chrome/53.0.2785.116 Safari/537.36" "www.superior-dentistry.com"
184.72.150.30 - - [28/Sep/2016:08:19:07 -0700] "GET /contact-us.html HTTP/1.1" 200 23728 "-" "Mozilla/5.0 (compatible; linkdexbot/2.0; +http://www.linkdex.com/bots/)" "www.superior-dentistry.com"
104.236.232.46 - - [28/Sep/2016:08:39:27 -0700] "GET /services.php HTTP/1.1" 200 73 "http://www.superior-dentistry.com/blog.php" "Mozilla/5.0 (compatible; spbot/5.0.3; +http://OpenLinkProfiler.org/bot )" "www.superior-dentistry.com"
104.236.232.46 - - [28/Sep/2016:08:39:33 -0700] "GET /services.html HTTP/1.1" 200 34139 "http://www.superior-dentistry.com/" "Mozilla/5.0 (compatible; spbot/5.0.3; +http://OpenLinkProfiler.org/bot )" "www.superior-dentistry.com"
104.236.232.46 - - [28/Sep/2016:08:39:58 -0700] "GET /meet-staff.html HTTP/1.1" 200 22168 "http://www.superior-dentistry.com/" "Mozilla/5.0 (compatible; spbot/5.0.3; +http://OpenLinkProfiler.org/bot )" "www.superior-dentistry.com"
104.236.232.46 - - [28/Sep/2016:08:40:03 -0700] "GET /testimonials.html HTTP/1.1" 200 24785 "http://www.superior-dentistry.com/" "Mozilla/5.0 (compatible; spbot/5.0.3; +http://OpenLinkProfiler.org/bot )" "www.superior-dentistry.com"
104.236.232.46 - - [28/Sep/2016:08:41:18 -0700] "GET /Bowie-Dentists/Dental-Links.html HTTP/1.1" 404 89 "http://www.superior-dentistry.com/Bowie-Dentists/Childrens-Dentistry-Maryland.html" "Mozilla/5.0 (compatible; spbot/5.0.3; +http://OpenLinkProfiler.org/bot )" "www.superior-dentistry.com"
104.236.232.46 - - [28/Sep/2016:08:41:23 -0700] "GET /Bowie-Dentists/testimonials.html HTTP/1.1" 404 89 "http://www.superior-dentistry.com/Bowie-Dentists/Childrens-Dentistry-Maryland.html" "Mozilla/5.0 (compatible; spbot/5.0.3; +http://OpenLinkProfiler.org/bot )" "www.superior-dentistry.com"
104.236.232.46 - - [28/Sep/2016:08:41:28 -0700] "GET /Bowie-Dentists/Patient-Before-After-Gallery.html HTTP/1.1" 404 89 "http://www.superior-dentistry.com/Bowie-Dentists/Childrens-Dentistry-Maryland.html" "Mozilla/5.0 (compatible; spbot/5.0.3; +http://OpenLinkProfiler.org/bot )" "www.superior-dentistry.com"
184.72.199.124 - - [28/Sep/2016:08:56:40 -0700] "GET / HTTP/1.1" 200 38900 "-" "Mozilla/5.0 (compatible; linkdexbot/2.0; +http://www.linkdex.com/bots/)" "www.superior-dentistry.com"
184.72.150.30 - - [28/Sep/2016:09:02:01 -0700] "GET /Dental-Links.html HTTP/1.1" 200 27799 "-" "Mozilla/5.0 (compatible; linkdexbot/2.0; +http://www.linkdex.com/bots/)" "www.superior-dentistry.com"
162.210.196.129 - - [28/Sep/2016:09:02:14 -0700] "GET /Bowie-Dentists-Sitemap.html HTTP/1.1" 200 28379 "-" "Mozilla/5.0 (compatible; MJ12bot/v1.4.5; http://www.majestic12.co.uk/bot.php?+)" "www.superior-dentistry.com"
198.16.7.150 - - [28/Sep/2016:09:04:58 -0700] "GET / HTTP/1.1" 200 38900 "-" "FreeWebMonitoring SiteChecker/0.2 (+http://www.freewebmonitoring.com/bot.html)" "www.superior-dentistry.com"
184.72.199.124 - - [28/Sep/2016:09:06:44 -0700] "GET /index.html HTTP/1.1" 200 38900 "-" "Mozilla/5.0 (compatible; linkdexbot/2.0; +http://www.linkdex.com/bots/)" "www.superior-dentistry.com"
184.72.150.30 - - [28/Sep/2016:09:21:23 -0700] "GET /Dental-Links.html HTTP/1.1" 200 27799 "-" "Mozilla/5.0 (compatible; linkdexbot/2.0; +http://www.linkdex.com/bots/)" "superior-dentistry.com"
199.59.148.209 - - [28/Sep/2016:09:26:04 -0700] "GET /robots.txt HTTP/1.1" 200 49 "-" "Twitterbot/1.0" "www.superior-dentistry.com"
199.59.148.210 - - [28/Sep/2016:09:26:04 -0700] "GET /images/logo1.jpg HTTP/1.1" 404 89 "-" "Twitterbot/1.0" "www.superior-dentistry.com"
184.72.199.124 - - [28/Sep/2016:10:01:59 -0700] "GET / HTTP/1.1" 200 38900 "-" "Mozilla/5.0 (compatible; linkdexbot/2.0; +http://www.linkdex.com/bots/)" "superior-dentistry.com"
54.242.164.91 - - [28/Sep/2016:10:08:53 -0700] "GET / HTTP/1.1" 200 38900 "-" "Mozilla/5.0 (X11; Linux x86_64)AppleWebKit/537.36 (KHTML, like Gecko)Chrome/43.0.2357.134 Safari/537.36http://notifyninja.com/monitoring" "superior-dentistry.com"
214.3.138.230 - - [28/Sep/2016:10:15:39 -0700] "GET /js/ie-emulation-modes-warning.js HTTP/1.1" 200 2132 "http://www.superior-dentistry.com/" "Mozilla/5.0 (Windows NT 6.1; WOW64; rv:45.0) Gecko/20100101 Firefox/45.0" "www.superior-dentistry.com"
214.3.138.230 - - [28/Sep/2016:10:15:39 -0700] "GET /theme.css HTTP/1.1" 200 1926 "http://www.superior-dentistry.com/" "Mozilla/5.0 (Windows NT 6.1; WOW64; rv:45.0) Gecko/20100101 Firefox/45.0" "www.superior-dentistry.com"
214.3.138.230 - - [28/Sep/2016:10:15:39 -0700] "GET /css/bootstrap-theme.css HTTP/1.1" 200 19156 "http://www.superior-dentistry.com/" "Mozilla/5.0 (Windows NT 6.1; WOW64; rv:45.0) Gecko/20100101 Firefox/45.0" "www.superior-dentistry.com"
214.3.138.230 - - [28/Sep/2016:10:15:39 -0700] "GET /img/logo.jpg HTTP/1.1" 200 139628 "http://www.superior-dentistry.com/" "Mozilla/5.0 (Windows NT 6.1; WOW64; rv:45.0) Gecko/20100101 Firefox/45.0" "www.superior-dentistry.com"
214.3.138.230 - - [28/Sep/2016:10:15:39 -0700] "GET /fonts/fontawesome-webfont.woff2?v=4.3.0 HTTP/1.1" 200 56780 "http://www.superior-dentistry.com/css/font-awesome.css" "Mozilla/5.0 (Windows NT 6.1; WOW64; rv:45.0) Gecko/20100101 Firefox/45.0" "www.superior-dentistry.com"[0]
214.3.138.230 - - [28/Sep/2016:10:15:39 -0700] "GET /img/meetdr-melika.jpg HTTP/1.1" 200 75968 "http://www.superior-dentistry.com/" "Mozilla/5.0 (Windows NT 6.1; WOW64; rv:45.0) Gecko/20100101 Firefox/45.0" "www.superior-dentistry.com"
214.3.138.230 - - [28/Sep/2016:10:15:39 -0700] "GET /img/zocdoc-apt.jpg HTTP/1.1" 200 79396 "http://www.superior-dentistry.com/" "Mozilla/5.0 (Windows NT 6.1; WOW64; rv:45.0) Gecko/20100101 Firefox/45.0" "www.superior-dentistry.com"
214.3.138.230 - - [28/Sep/2016:10:15:47 -0700] "GET /assets/flash/ZeroClipboard.swf?noCache=1475082939616 HTTP/1.1" 404 89 "http://www.superior-dentistry.com/" "Mozilla/5.0 (Windows NT 6.1; WOW64; rv:45.0) Gecko/20100101 Firefox/45.0" "www.superior-dentistry.com"
214.3.138.230 - - [28/Sep/2016:10:16:00 -0700] "GET /contact-us.html HTTP/1.1" 200 23728 "http://www.superior-dentistry.com/" "Mozilla/5.0 (Windows NT 6.1; WOW64; rv:45.0) Gecko/20100101 Firefox/45.0" "www.superior-dentistry.com"
214.3.138.230 - - [28/Sep/2016:10:16:00 -0700] "GET /img/contact-img.jpg HTTP/1.1" 200 83148 "http://www.superior-dentistry.com/contact-us.html" "Mozilla/5.0 (Windows NT 6.1; WOW64; rv:45.0) Gecko/20100101 Firefox/45.0" "www.superior-dentistry.com"
199.16.156.126 - - [28/Sep/2016:10:16:07 -0700] "GET /robots.txt HTTP/1.1" 200 49 "-" "Twitterbot/1.0" "www.superior-dentistry.com"
199.16.156.126 - - [28/Sep/2016:10:16:07 -0700] "GET /images/logo1.jpg HTTP/1.1" 404 89 "-" "Twitterbot/1.0" "www.superior-dentistry.com"
199.16.156.125 - - [28/Sep/2016:10:16:07 -0700] "GET /robots.txt HTTP/1.1" 200 49 "-" "Twitterbot/1.0" "www.superior-dentistry.com"
172.58.172.210 - - [28/Sep/2016:10:28:16 -0700] "GET /img/endodontia-root-canal-treatment.jpg HTTP/1.1" 200 126762 "https://www.google.com/" "Mozilla/5.0 (Linux; Android 4.3; C6530N Build/JLS36C) AppleWebKit/537.36 (KHTML, like Gecko) Chrome/34.0.1847.114 Mobile Safari/537.36" "www.superior-dentistry.com"
173.167.179.177 - - [28/Sep/2016:10:34:54 -0700] "GET /img/night-guard.jpg HTTP/1.1" 200 106940 "https://www.google.com/" "Mozilla/5.0 (Windows NT 6.1; WOW64) AppleWebKit/537.36 (KHTML, like Gecko) Chrome/53.0.2785.116 Safari/537.36" "www.superior-dentistry.com"[0]
220.181.108.104 - - [28/Sep/2016:10:40:32 -0700] "GET /index.html HTTP/1.1" 200 38900 "-" "Mozilla/5.0 (compatible; Baiduspider/2.0; +http://www.baidu.com/search/spider.html)" "www.superior-dentistry.com"
172.58.184.184 - - [28/Sep/2016:10:46:12 -0700] "GET /img/mainimg8.jpg HTTP/1.1" 200 246879 "https://www.google.com/" "Mozilla/5.0 (Linux; Android 6.0.1; SM-G900T Build/MMB29M; wv) AppleWebKit/537.36 (KHTML, like Gecko) Version/4.0 Chrome/53.0.2785.124 Mobile Safari/537.36 ACHEETAHI/2100502066" "www.superior-dentistry.com"
172.58.184.184 - - [28/Sep/2016:10:46:17 -0700] "GET /img/mainimg8.jpg HTTP/1.1" 200 246879 "https://www.google.com/search?q=dr+viet+nguyen+falls+church&source=lnms&prmd=mniv&tbm=isch&sa=X&ved=0ahUKEwid9rKa0K3PAhUJez4KHfGjDLoQ_AUICSgD&biw=360&bih=511&dpr=3&gws_rd=ssl#tbm=isch&q=dr+ali+shatergholi&imgrc=8nWLYTvJFHhXpM%3A, https://www.google.com/search?q=dr+viet+nguyen+falls+church&source=lnms&prmd=mniv&tbm=isch&sa=X&ved=0ahUKEwid9rKa0K3PAhUJez4KHfGjDLoQ_AUICSgD&biw=360&bih=511&dpr=3&gws_rd=ssl#tbm=isch&q=dr+ali+shatergholi&imgrc=8nWLYTvJFHhXpM%3A" "Mozilla/5.0 (Linux; Android 6.0.1; SM-G900T Build/MMB29M; wv) AppleWebKit/537.36 (KHTML, like Gecko) Version/4.0 Chrome/53.0.2785.124 Mobile Safari/537.36 ACHEETAHI/2100502066" "www.superior-dentistry.com"[0]
17.142.159.177 - - [28/Sep/2016:11:00:19 -0700] "GET /images/logo1.jpg HTTP/1.1" 404 89 "-" "Mozilla/5.0 (iPhone; CPU iPhone OS 8_1 like Mac OS X) AppleWebKit/600.1.4 (KHTML, like Gecko) Version/8.0 Mobile/12B410 Safari/600.1.4 (Applebot/0.1; +http://www.apple.com/go/applebot)" "www.superior-dentistry.com"[0]
17.142.159.177 - - [28/Sep/2016:11:00:24 -0700] "GET /images/logo1.jpg HTTP/1.1" 404 89 "-" "Mozilla/5.0 (iPhone; CPU iPhone OS 8_1 like Mac OS X) AppleWebKit/600.1.4 (KHTML, like Gecko) Version/8.0 Mobile/12B410 Safari/600.1.4 (Applebot/0.1; +http://www.apple.com/go/applebot)" "www.superior-dentistry.com"
107.77.70.27 - - [28/Sep/2016:11:03:07 -0700] "GET /theme.css HTTP/1.1" 200 1926 "http://www.superior-dentistry.com/" "Mozilla/5.0 (Windows NT 10.0; WOW64; rv:49.0) Gecko/20100101 Firefox/49.0" "www.superior-dentistry.com"
107.77.70.27 - - [28/Sep/2016:11:03:07 -0700] "GET /js/bootstrap.min.js HTTP/1.1" 200 35601 "http://www.superior-dentistry.com/" "Mozilla/5.0 (Windows NT 10.0; WOW64; rv:49.0) Gecko/20100101 Firefox/49.0" "www.superior-dentistry.com"
107.77.70.27 - - [28/Sep/2016:11:03:10 -0700] "GET /img/patients-choice-winner-2015.png HTTP/1.1" 200 9818 "http://www.superior-dentistry.com/" "Mozilla/5.0 (Windows NT 10.0; WOW64; rv:49.0) Gecko/20100101 Firefox/49.0" "www.superior-dentistry.com"
192.187.104.235 - - [28/Sep/2016:11:12:39 -0700] "GET /robots.txt HTTP/1.1" 200 49 "-" "Mozilla/5.0 (compatible; MJ12bot/v1.4.5; http://www.majestic12.co.uk/bot.php?+)" "www.superior-dentistry.com"
192.187.104.235 - - [28/Sep/2016:11:12:40 -0700] "GET /%E2%80%9Dhttp://www.nicedentist.com HTTP/1.1" 404 89 "-" "Mozilla/5.0 (compatible; MJ12bot/v1.4.5; http://www.majestic12.co.uk/bot.php?+)" "www.superior-dentistry.com"
178.137.160.205 - - [28/Sep/2016:11:22:46 -0700] "GET / HTTP/1.1" 200 38900 "http://www.asseenontvonline.ru/" "Mozilla/3.0 (x86 [en] Windows NT 5.1; Sun)" "www.superior-dentistry.com"
178.137.160.205 - - [28/Sep/2016:11:22:47 -0700] "GET / HTTP/1.1" 200 38900 "http://www.asseenontvonline.ru/" "Mozilla/3.0 (x86 [en] Windows NT 5.1; Sun)" "www.superior-dentistry.com"
178.137.160.205 - - [28/Sep/2016:11:22:47 -0700] "GET / HTTP/1.1" 200 38900 "http://voloomoney.com/buy/kupit-gold-wow/" "Mozilla/3.0 (x86 [en] Windows NT 5.1; Sun)" "www.superior-dentistry.com"
54.242.164.91 - - [28/Sep/2016:11:33:17 -0700] "GET / HTTP/1.1" 200 38900 "-" "Mozilla/5.0 (X11; Linux x86_64)AppleWebKit/537.36 (KHTML, like Gecko)Chrome/43.0.2357.134 Safari/537.36http://notifyninja.com/monitoring" "superior-dentistry.com"
8.35.26.138 - - [28/Sep/2016:12:10:18 -0700] "GET /img/zocdoc-apt.jpg HTTP/1.1" 200 79396 "http://www.superior-dentistry.com/Bowie-Dentists/Childrens-Dentistry-Maryland.html" "Mozilla/5.0 (iPhone; CPU iPhone OS 9_3_4 like Mac OS X) AppleWebKit/601.1.46 (KHTML, like Gecko) Version/9.0 Mobile/13G35 Safari/601.1" "www.superior-dentistry.com"
8.35.26.138 - - [28/Sep/2016:12:10:18 -0700] "GET /Bowie-Dentists/fonts/fontawesome-webfont.woff?v=4.3.0 HTTP/1.1" 200 71508 "http://www.superior-dentistry.com/Bowie-Dentists/Childrens-Dentistry-Maryland.html" "Mozilla/5.0 (iPhone; CPU iPhone OS 9_3_4 like Mac OS X) AppleWebKit/601.1.46 (KHTML, like Gecko) Version/9.0 Mobile/13G35 Safari/601.1" "www.superior-dentistry.com"
207.46.13.191 - - [28/Sep/2016:12:13:25 -0700] "GET /robots.txt HTTP/1.1" 200 49 "-" "Mozilla/5.0 (compatible; bingbot/2.0; +http://www.bing.com/bingbot.htm)" "www.superior-dentistry.com"
180.76.15.30 - - [28/Sep/2016:12:18:08 -0700] "GET /Dentists-Bowie-MD.html HTTP/1.1" 200 27344 "-" "Mozilla/5.0 (compatible; Baiduspider/2.0; +http://www.baidu.com/search/spider.html)" "www.superior-dentistry.com"
54.242.164.91 - - [28/Sep/2016:12:55:02 -0700] "GET / HTTP/1.1" 200 38900 "-" "Mozilla/5.0 (X11; Linux x86_64)AppleWebKit/537.36 (KHTML, like Gecko)Chrome/43.0.2357.134 Safari/537.36http://notifyninja.com/monitoring" "superior-dentistry.com"
108.171.130.163 - - [28/Sep/2016:13:52:37 -0700] "GET / HTTP/1.1" 200 38900 "https://www.google.com/" "Mozilla/5.0 (Windows NT 6.1; WOW64) AppleWebKit/537.36 (KHTML, like Gecko) Chrome/53.0.2785.116 Safari/537.36" "www.superior-dentistry.com"
108.171.130.163 - - [28/Sep/2016:13:52:38 -0700] "GET /css/font-awesome.css HTTP/1.1" 200 28747 "http://www.superior-dentistry.com/" "Mozilla/5.0 (Windows NT 6.1; WOW64) AppleWebKit/537.36 (KHTML, like Gecko) Chrome/53.0.2785.116 Safari/537.36" "www.superior-dentistry.com"
108.171.130.163 - - [28/Sep/2016:13:52:38 -0700] "GET /css/bootstrap-theme.css HTTP/1.1" 200 19156 "http://www.superior-dentistry.com/" "Mozilla/5.0 (Windows NT 6.1; WOW64) AppleWebKit/537.36 (KHTML, like Gecko) Chrome/53.0.2785.116 Safari/537.36" "www.superior-dentistry.com"
108.171.130.163 - - [28/Sep/2016:13:52:39 -0700] "GET /img/wisdom-teeth-extraction.jpg HTTP/1.1" 200 23758 "http://www.superior-dentistry.com/" "Mozilla/5.0 (Windows NT 6.1; WOW64) AppleWebKit/537.36 (KHTML, like Gecko) Chrome/53.0.2785.116 Safari/537.36" "www.superior-dentistry.com"
108.171.130.163 - - [28/Sep/2016:13:52:39 -0700] "GET /img/slider1.jpg HTTP/1.1" 200 268888 "http://www.superior-dentistry.com/" "Mozilla/5.0 (Windows NT 6.1; WOW64) AppleWebKit/537.36 (KHTML, like Gecko) Chrome/53.0.2785.116 Safari/537.36" "www.superior-dentistry.com"
108.171.130.163 - - [28/Sep/2016:13:52:40 -0700] "GET /img/offer-31-05-2014-whitening.jpg HTTP/1.1" 200 15686 "http://www.superior-dentistry.com/" "Mozilla/5.0 (Windows NT 6.1; WOW64) AppleWebKit/537.36 (KHTML, like Gecko) Chrome/53.0.2785.116 Safari/537.36" "www.superior-dentistry.com"
198.16.7.150 - - [28/Sep/2016:14:09:24 -0700] "GET / HTTP/1.1" 200 38900 "-" "FreeWebMonitoring SiteChecker/0.2 (+http://www.freewebmonitoring.com/bot.html)" "www.superior-dentistry.com"
199.16.156.124 - - [28/Sep/2016:14:09:28 -0700] "GET /robots.txt HTTP/1.1" 200 49 "-" "Twitterbot/1.0" "www.superior-dentistry.com"
199.16.156.126 - - [28/Sep/2016:14:09:28 -0700] "GET /robots.txt HTTP/1.1" 200 49 "-" "Twitterbot/1.0" "www.superior-dentistry.com"
54.242.164.91 - - [28/Sep/2016:14:15:06 -0700] "GET / HTTP/1.1" 200 38900 "-" "Mozilla/5.0 (X11; Linux x86_64)AppleWebKit/537.36 (KHTML, like Gecko)Chrome/43.0.2357.134 Safari/537.36http://notifyninja.com/monitoring" "superior-dentistry.com"
147.147.52.201 - - [28/Sep/2016:14:21:52 -0700] "GET /img/wisdom-teeth-extraction.jpg HTTP/1.1" 200 23758 "https://www.google.co.uk/" "Mozilla/5.0 (iPad; CPU OS 6_0_2 like Mac OS X) AppleWebKit/536.26 (KHTML, like Gecko) Version/6.0 Mobile/10A550 Safari/8536.25" "www.superior-dentistry.com"
147.147.52.201 - - [28/Sep/2016:14:21:59 -0700] "GET /img/oral-pathology.jpg HTTP/1.1" 200 33395 "https://www.google.co.uk/" "Mozilla/5.0 (iPad; CPU OS 6_0_2 like Mac OS X) AppleWebKit/536.26 (KHTML, like Gecko) Version/6.0 Mobile/10A550 Safari/8536.25" "www.superior-dentistry.com"
147.147.52.201 - - [28/Sep/2016:14:22:00 -0700] "GET /img/logo.jpg HTTP/1.1" 200 139628 "https://www.google.co.uk/" "Mozilla/5.0 (iPad; CPU OS 6_0_2 like Mac OS X) AppleWebKit/536.26 (KHTML, like Gecko) Version/6.0 Mobile/10A550 Safari/8536.25" "www.superior-dentistry.com"
10.205.5.216 - - [28/Sep/2016:14:50:20 -0700] "GET /images/logo1.jpg HTTP/1.1" 404 89 "http://www.superior-dentistry.com/" "Mozilla/5.0 (compatible; Yahoo! Slurp; http://help.yahoo.com/help/us/ysearch/slurp)" "www.superior-dentistry.com"
198.16.7.150 - - [28/Sep/2016:15:10:15 -0700] "GET / HTTP/1.1" 200 38900 "-" "FreeWebMonitoring SiteChecker/0.2 (+http://www.freewebmonitoring.com/bot.html)" "www.superior-dentistry.com"
93.92.217.228 - - [28/Sep/2016:15:11:21 -0700] "GET /contact-us.html HTTP/1.1" 200 23728 "-" "Mozilla/5.0 (X11; U; Linux; it-IT) AppleWebKit/527+ (KHTML, like Gecko, Safari/419.3) Arora/0.4 (Change: 413 12f13f8)" "superior-dentistry.com"
99.175.68.150 - - [28/Sep/2016:15:29:30 -0700] "GET /img/offer-31-05-2014-new-patient.jpg HTTP/1.1" 200 15365 "https://www.google.com/" "Mozilla/5.0 (Macintosh; Intel Mac OS X 10_11_6) AppleWebKit/601.7.8 (KHTML, like Gecko) Version/9.1.3 Safari/601.7.8" "www.superior-dentistry.com"
42.236.10.71 - - [28/Sep/2016:15:46:42 -0700] "GET / HTTP/1.1" 200 38900 "http://www.superior-dentistry.com/" "Mozilla/5.0 (compatible; MSIE 9.0; Windows NT 6.1; Trident/5.0); 360Spider" "www.superior-dentistry.com"
100.16.107.214 - - [28/Sep/2016:15:53:28 -0700] "GET / HTTP/1.1" 200 38900 "https://www.google.com/" "Mozilla/5.0 (iPhone; CPU iPhone OS 9_3_5 like Mac OS X) AppleWebKit/601.1.46 (KHTML, like Gecko) Version/9.0 Mobile/13G36 Safari/601.1" "www.superior-dentistry.com"
100.16.107.214 - - [28/Sep/2016:15:53:28 -0700] "GET /css/bootstrap.css HTTP/1.1" 304 - "http://www.superior-dentistry.com/" "Mozilla/5.0 (iPhone; CPU iPhone OS 9_3_5 like Mac OS X) AppleWebKit/601.1.46 (KHTML, like Gecko) Version/9.0 Mobile/13G36 Safari/601.1" "www.superior-dentistry.com"
100.16.107.214 - - [28/Sep/2016:15:53:28 -0700] "GET /css/font-awesome.css HTTP/1.1" 200 28747 "http://www.superior-dentistry.com/" "Mozilla/5.0 (iPhone; CPU iPhone OS 9_3_5 like Mac OS X) AppleWebKit/601.1.46 (KHTML, like Gecko) Version/9.0 Mobile/13G36 Safari/601.1" "www.superior-dentistry.com"
100.16.107.214 - - [28/Sep/2016:15:53:28 -0700] "GET /js/ie-emulation-modes-warning.js HTTP/1.1" 200 2132 "http://www.superior-dentistry.com/" "Mozilla/5.0 (iPhone; CPU iPhone OS 9_3_5 like Mac OS X) AppleWebKit/601.1.46 (KHTML, like Gecko) Version/9.0 Mobile/13G36 Safari/601.1" "www.superior-dentistry.com"
100.16.107.214 - - [28/Sep/2016:15:53:28 -0700] "GET /img/offer-31-05-2014-whitening.jpg HTTP/1.1" 200 15686 "http://www.superior-dentistry.com/" "Mozilla/5.0 (iPhone; CPU iPhone OS 9_3_5 like Mac OS X) AppleWebKit/601.1.46 (KHTML, like Gecko) Version/9.0 Mobile/13G36 Safari/601.1" "www.superior-dentistry.com"
100.16.107.214 - - [28/Sep/2016:15:53:28 -0700] "GET /img/offer-31-05-2014-new-patient.jpg HTTP/1.1" 200 15365 "http://www.superior-dentistry.com/" "Mozilla/5.0 (iPhone; CPU iPhone OS 9_3_5 like Mac OS X) AppleWebKit/601.1.46 (KHTML, like Gecko) Version/9.0 Mobile/13G36 Safari/601.1" "www.superior-dentistry.com"
100.16.107.214 - - [28/Sep/2016:15:53:28 -0700] "GET /img/meetdr-ali.jpg HTTP/1.1" 200 60533 "http://www.superior-dentistry.com/" "Mozilla/5.0 (iPhone; CPU iPhone OS 9_3_5 like Mac OS X) AppleWebKit/601.1.46 (KHTML, like Gecko) Version/9.0 Mobile/13G36 Safari/601.1" "www.superior-dentistry.com"
100.16.107.214 - - [28/Sep/2016:15:53:45 -0700] "GET /meet-staff.html HTTP/1.1" 200 22168 "http://www.superior-dentistry.com/" "Mozilla/5.0 (iPhone; CPU iPhone OS 9_3_5 like Mac OS X) AppleWebKit/601.1.46 (KHTML, like Gecko) Version/9.0 Mobile/13G36 Safari/601.1" "www.superior-dentistry.com"
100.16.107.214 - - [28/Sep/2016:15:53:45 -0700] "GET /img/Dr-Ali-shatergholi.jpg HTTP/1.1" 200 17298 "http://www.superior-dentistry.com/meet-staff.html" "Mozilla/5.0 (iPhone; CPU iPhone OS 9_3_5 like Mac OS X) AppleWebKit/601.1.46 (KHTML, like Gecko) Version/9.0 Mobile/13G36 Safari/601.1" "www.superior-dentistry.com"
100.16.107.214 - - [28/Sep/2016:15:53:45 -0700] "GET /img/Dr-Melika.jpg HTTP/1.1" 200 28557 "http://www.superior-dentistry.com/meet-staff.html" "Mozilla/5.0 (iPhone; CPU iPhone OS 9_3_5 like Mac OS X) AppleWebKit/601.1.46 (KHTML, like Gecko) Version/9.0 Mobile/13G36 Safari/601.1" "www.superior-dentistry.com"
199.16.156.125 - - [28/Sep/2016:15:53:46 -0700] "GET /robots.txt HTTP/1.1" 200 49 "-" "Twitterbot/1.0" "www.superior-dentistry.com"
199.16.156.126 - - [28/Sep/2016:15:53:46 -0700] "GET /robots.txt HTTP/1.1" 200 49 "-" "Twitterbot/1.0" "www.superior-dentistry.com"
199.16.156.125 - - [28/Sep/2016:15:53:46 -0700] "GET /images/logo1.jpg HTTP/1.1" 404 89 "-" "Twitterbot/1.0" "www.superior-dentistry.com"
199.16.156.126 - - [28/Sep/2016:15:53:46 -0700] "GET /images/endodontia-root-canal-treatment.jpg HTTP/1.1" 404 89 "-" "Twitterbot/1.0" "www.superior-dentistry.com"
100.16.107.214 - - [28/Sep/2016:15:54:43 -0700] "GET /contact-us.html HTTP/1.1" 200 23728 "http://www.superior-dentistry.com/meet-staff.html" "Mozilla/5.0 (iPhone; CPU iPhone OS 9_3_5 like Mac OS X) AppleWebKit/601.1.46 (KHTML, like Gecko) Version/9.0 Mobile/13G36 Safari/601.1" "www.superior-dentistry.com"
100.16.107.214 - - [28/Sep/2016:15:54:55 -0700] "GET /index.html HTTP/1.1" 200 38900 "http://www.superior-dentistry.com/meet-staff.html" "Mozilla/5.0 (iPhone; CPU iPhone OS 9_3_5 like Mac OS X) AppleWebKit/601.1.46 (KHTML, like Gecko) Version/9.0 Mobile/13G36 Safari/601.1" "www.superior-dentistry.com"
100.16.107.214 - - [28/Sep/2016:15:55:35 -0700] "GET /img/porcelain-veneers.jpg HTTP/1.1" 200 151567 "http://www.superior-dentistry.com/services.html" "Mozilla/5.0 (iPhone; CPU iPhone OS 9_3_5 like Mac OS X) AppleWebKit/601.1.46 (KHTML, like Gecko) Version/9.0 Mobile/13G36 Safari/601.1" "www.superior-dentistry.com"
100.16.107.214 - - [28/Sep/2016:15:55:35 -0700] "GET /img/dentures.jpg HTTP/1.1" 200 126240 "http://www.superior-dentistry.com/services.html" "Mozilla/5.0 (iPhone; CPU iPhone OS 9_3_5 like Mac OS X) AppleWebKit/601.1.46 (KHTML, like Gecko) Version/9.0 Mobile/13G36 Safari/601.1" "www.superior-dentistry.com"
100.16.107.214 - - [28/Sep/2016:15:55:35 -0700] "GET /img/implant-before-and-after.jpg HTTP/1.1" 200 122702 "http://www.superior-dentistry.com/services.html" "Mozilla/5.0 (iPhone; CPU iPhone OS 9_3_5 like Mac OS X) AppleWebKit/601.1.46 (KHTML, like Gecko) Version/9.0 Mobile/13G36 Safari/601.1" "www.superior-dentistry.com"
100.16.107.214 - - [28/Sep/2016:15:55:36 -0700] "GET /img/SnapOnSmile.jpg HTTP/1.1" 200 71471 "http://www.superior-dentistry.com/services.html" "Mozilla/5.0 (iPhone; CPU iPhone OS 9_3_5 like Mac OS X) AppleWebKit/601.1.46 (KHTML, like Gecko) Version/9.0 Mobile/13G36 Safari/601.1" "www.superior-dentistry.com"
100.16.107.214 - - [28/Sep/2016:15:55:36 -0700] "GET /img/night-guard.jpg HTTP/1.1" 200 106940 "http://www.superior-dentistry.com/services.html" "Mozilla/5.0 (iPhone; CPU iPhone OS 9_3_5 like Mac OS X) AppleWebKit/601.1.46 (KHTML, like Gecko) Version/9.0 Mobile/13G36 Safari/601.1" "www.superior-dentistry.com"
100.16.107.214 - - [28/Sep/2016:15:55:36 -0700] "GET /img/Lumineers.jpg HTTP/1.1" 200 70250 "http://www.superior-dentistry.com/services.html" "Mozilla/5.0 (iPhone; CPU iPhone OS 9_3_5 like Mac OS X) AppleWebKit/601.1.46 (KHTML, like Gecko) Version/9.0 Mobile/13G36 Safari/601.1" "www.superior-dentistry.com"
100.16.107.214 - - [28/Sep/2016:15:55:47 -0700] "GET /css/font-awesome.css HTTP/1.1" 200 28747 "http://www.superior-dentistry.com/" "Mozilla/5.0 (Windows NT 6.1; WOW64) AppleWebKit/537.36 (KHTML, like Gecko) Chrome/53.0.2785.116 Safari/537.36" "www.superior-dentistry.com"
100.16.107.214 - - [28/Sep/2016:15:55:47 -0700] "GET /img/oral-pathology.jpg HTTP/1.1" 200 33395 "http://www.superior-dentistry.com/" "Mozilla/5.0 (Windows NT 6.1; WOW64) AppleWebKit/537.36 (KHTML, like Gecko) Chrome/53.0.2785.116 Safari/537.36" "www.superior-dentistry.com"
100.16.107.214 - - [28/Sep/2016:15:55:47 -0700] "GET /img/offer-31-05-2014-whitening.jpg HTTP/1.1" 200 15686 "http://www.superior-dentistry.com/" "Mozilla/5.0 (Windows NT 6.1; WOW64) AppleWebKit/537.36 (KHTML, like Gecko) Chrome/53.0.2785.116 Safari/537.36" "www.superior-dentistry.com"
100.16.107.214 - - [28/Sep/2016:15:55:58 -0700] "GET /meet-staff.html HTTP/1.1" 200 22168 "http://www.superior-dentistry.com/" "Mozilla/5.0 (Windows NT 6.1; WOW64) AppleWebKit/537.36 (KHTML, like Gecko) Chrome/53.0.2785.116 Safari/537.36" "www.superior-dentistry.com"
