207.46.13.180 - - [22/Oct/2016:17:13:20 -0700] "GET /robots.txt HTTP/1.1" 200 49 "-" "Mozilla/5.0 (compatible; bingbot/2.0; +http://www.bing.com/bingbot.htm)" "www.superior-dentistry.com"
198.16.7.150 - - [22/Oct/2016:17:14:26 -0700] "GET / HTTP/1.1" 200 38900 "-" "FreeWebMonitoring SiteChecker/0.2 (+http://www.freewebmonitoring.com/bot.html)" "www.superior-dentistry.com"
73.173.101.9 - - [22/Oct/2016:17:23:34 -0700] "GET / HTTP/1.1" 200 38900 "https://www.google.com/" "Mozilla/5.0 (Windows NT 10.0; WOW64) AppleWebKit/537.36 (KHTML, like Gecko) Chrome/53.0.2785.143 Safari/537.36" "www.superior-dentistry.com"
73.173.101.9 - - [22/Oct/2016:17:23:34 -0700] "GET /css/bootstrap.css HTTP/1.1" 200 138415 "http://www.superior-dentistry.com/" "Mozilla/5.0 (Windows NT 10.0; WOW64) AppleWebKit/537.36 (KHTML, like Gecko) Chrome/53.0.2785.143 Safari/537.36" "www.superior-dentistry.com"
73.173.101.9 - - [22/Oct/2016:17:23:34 -0700] "GET /css/font-awesome.css HTTP/1.1" 200 28747 "http://www.superior-dentistry.com/" "Mozilla/5.0 (Windows NT 10.0; WOW64) AppleWebKit/537.36 (KHTML, like Gecko) Chrome/53.0.2785.143 Safari/537.36" "www.superior-dentistry.com"
73.173.101.9 - - [22/Oct/2016:17:23:34 -0700] "GET /css/bootstrap-theme.css HTTP/1.1" 200 19156 "http://www.superior-dentistry.com/" "Mozilla/5.0 (Windows NT 10.0; WOW64) AppleWebKit/537.36 (KHTML, like Gecko) Chrome/53.0.2785.143 Safari/537.36" "www.superior-dentistry.com"
73.173.101.9 - - [22/Oct/2016:17:23:34 -0700] "GET /theme.css HTTP/1.1" 200 1926 "http://www.superior-dentistry.com/" "Mozilla/5.0 (Windows NT 10.0; WOW64) AppleWebKit/537.36 (KHTML, like Gecko) Chrome/53.0.2785.143 Safari/537.36" "www.superior-dentistry.com"
73.173.101.9 - - [22/Oct/2016:17:23:35 -0700] "GET /js/ie-emulation-modes-warning.js HTTP/1.1" 200 2132 "http://www.superior-dentistry.com/" "Mozilla/5.0 (Windows NT 10.0; WOW64) AppleWebKit/537.36 (KHTML, like Gecko) Chrome/53.0.2785.143 Safari/537.36" "www.superior-dentistry.com"
73.173.101.9 - - [22/Oct/2016:17:23:35 -0700] "GET /img/logo.jpg HTTP/1.1" 200 139628 "http://www.superior-dentistry.com/" "Mozilla/5.0 (Windows NT 10.0; WOW64) AppleWebKit/537.36 (KHTML, like Gecko) Chrome/53.0.2785.143 Safari/537.36" "www.superior-dentistry.com"
73.173.101.9 - - [22/Oct/2016:17:23:36 -0700] "GET /img/wisdom-teeth-extraction.jpg HTTP/1.1" 200 23758 "http://www.superior-dentistry.com/" "Mozilla/5.0 (Windows NT 10.0; WOW64) AppleWebKit/537.36 (KHTML, like Gecko) Chrome/53.0.2785.143 Safari/537.36" "www.superior-dentistry.com"
73.173.101.9 - - [22/Oct/2016:17:23:36 -0700] "GET /img/extraction.jpg HTTP/1.1" 200 30135 "http://www.superior-dentistry.com/" "Mozilla/5.0 (Windows NT 10.0; WOW64) AppleWebKit/537.36 (KHTML, like Gecko) Chrome/53.0.2785.143 Safari/537.36" "www.superior-dentistry.com"
73.173.101.9 - - [22/Oct/2016:17:23:36 -0700] "GET /img/oral-pathology.jpg HTTP/1.1" 200 33395 "http://www.superior-dentistry.com/" "Mozilla/5.0 (Windows NT 10.0; WOW64) AppleWebKit/537.36 (KHTML, like Gecko) Chrome/53.0.2785.143 Safari/537.36" "www.superior-dentistry.com"
73.173.101.9 - - [22/Oct/2016:17:23:36 -0700] "GET /img/tmj-trauma.jpg HTTP/1.1" 200 22488 "http://www.superior-dentistry.com/" "Mozilla/5.0 (Windows NT 10.0; WOW64) AppleWebKit/537.36 (KHTML, like Gecko) Chrome/53.0.2785.143 Safari/537.36" "www.superior-dentistry.com"
73.173.101.9 - - [22/Oct/2016:17:23:36 -0700] "GET /img/slider1.jpg HTTP/1.1" 200 268888 "http://www.superior-dentistry.com/" "Mozilla/5.0 (Windows NT 10.0; WOW64) AppleWebKit/537.36 (KHTML, like Gecko) Chrome/53.0.2785.143 Safari/537.36" "www.superior-dentistry.com"
73.173.101.9 - - [22/Oct/2016:17:23:37 -0700] "GET /img/meetdr-ali.jpg HTTP/1.1" 200 60533 "http://www.superior-dentistry.com/" "Mozilla/5.0 (Windows NT 10.0; WOW64) AppleWebKit/537.36 (KHTML, like Gecko) Chrome/53.0.2785.143 Safari/537.36" "www.superior-dentistry.com"
73.173.101.9 - - [22/Oct/2016:17:23:37 -0700] "GET /img/meetdr-melika.jpg HTTP/1.1" 200 75968 "http://www.superior-dentistry.com/" "Mozilla/5.0 (Windows NT 10.0; WOW64) AppleWebKit/537.36 (KHTML, like Gecko) Chrome/53.0.2785.143 Safari/537.36" "www.superior-dentistry.com"
73.173.101.9 - - [22/Oct/2016:17:23:37 -0700] "GET /img/offer-31-05-2014-sonicare-brush.jpg HTTP/1.1" 200 13165 "http://www.superior-dentistry.com/" "Mozilla/5.0 (Windows NT 10.0; WOW64) AppleWebKit/537.36 (KHTML, like Gecko) Chrome/53.0.2785.143 Safari/537.36" "www.superior-dentistry.com"
73.173.101.9 - - [22/Oct/2016:17:23:37 -0700] "GET /img/offer-31-05-2014-whitening.jpg HTTP/1.1" 200 15686 "http://www.superior-dentistry.com/" "Mozilla/5.0 (Windows NT 10.0; WOW64) AppleWebKit/537.36 (KHTML, like Gecko) Chrome/53.0.2785.143 Safari/537.36" "www.superior-dentistry.com"
73.173.101.9 - - [22/Oct/2016:17:23:37 -0700] "GET /img/offer-31-05-2014-new-patient.jpg HTTP/1.1" 200 15365 "http://www.superior-dentistry.com/" "Mozilla/5.0 (Windows NT 10.0; WOW64) AppleWebKit/537.36 (KHTML, like Gecko) Chrome/53.0.2785.143 Safari/537.36" "www.superior-dentistry.com"
73.173.101.9 - - [22/Oct/2016:17:23:39 -0700] "GET /js/bootstrap.min.js HTTP/1.1" 200 35601 "http://www.superior-dentistry.com/" "Mozilla/5.0 (Windows NT 10.0; WOW64) AppleWebKit/537.36 (KHTML, like Gecko) Chrome/53.0.2785.143 Safari/537.36" "www.superior-dentistry.com"
73.173.101.9 - - [22/Oct/2016:17:23:39 -0700] "GET /js/docs.min.js HTTP/1.1" 200 43299 "http://www.superior-dentistry.com/" "Mozilla/5.0 (Windows NT 10.0; WOW64) AppleWebKit/537.36 (KHTML, like Gecko) Chrome/53.0.2785.143 Safari/537.36" "www.superior-dentistry.com"
73.173.101.9 - - [22/Oct/2016:17:23:39 -0700] "GET /js/ie10-viewport-bug-workaround.js HTTP/1.1" 200 694 "http://www.superior-dentistry.com/" "Mozilla/5.0 (Windows NT 10.0; WOW64) AppleWebKit/537.36 (KHTML, like Gecko) Chrome/53.0.2785.143 Safari/537.36" "www.superior-dentistry.com"
73.173.101.9 - - [22/Oct/2016:17:23:45 -0700] "GET /img/zocdoc-apt.jpg HTTP/1.1" 200 79396 "http://www.superior-dentistry.com/" "Mozilla/5.0 (Windows NT 10.0; WOW64) AppleWebKit/537.36 (KHTML, like Gecko) Chrome/53.0.2785.143 Safari/537.36" "www.superior-dentistry.com"
180.76.15.27 - - [22/Oct/2016:17:33:40 -0700] "GET /Bowie-Dentists/meet-staff.php HTTP/1.1" 200 73 "-" "Mozilla/5.0 (compatible; Baiduspider/2.0; +http://www.baidu.com/search/spider.html)" "www.superior-dentistry.com"
172.56.2.6 - - [22/Oct/2016:18:24:44 -0700] "GET / HTTP/1.1" 200 38900 "https://www.google.com/" "Mozilla/5.0 (iPhone; CPU iPhone OS 9_1 like Mac OS X) AppleWebKit/600.1.4 (KHTML, like Gecko) CriOS/45.0.2454.89 Mobile/13B143 Safari/600.1.4" "www.superior-dentistry.com"
172.56.2.6 - - [22/Oct/2016:18:24:44 -0700] "GET /css/bootstrap-theme.css HTTP/1.1" 200 19156 "http://www.superior-dentistry.com/" "Mozilla/5.0 (iPhone; CPU iPhone OS 9_1 like Mac OS X) AppleWebKit/600.1.4 (KHTML, like Gecko) CriOS/45.0.2454.89 Mobile/13B143 Safari/600.1.4" "www.superior-dentistry.com"
172.56.2.6 - - [22/Oct/2016:18:24:44 -0700] "GET /theme.css HTTP/1.1" 200 1926 "http://www.superior-dentistry.com/" "Mozilla/5.0 (iPhone; CPU iPhone OS 9_1 like Mac OS X) AppleWebKit/600.1.4 (KHTML, like Gecko) CriOS/45.0.2454.89 Mobile/13B143 Safari/600.1.4" "www.superior-dentistry.com"
172.56.2.6 - - [22/Oct/2016:18:24:44 -0700] "GET /css/bootstrap.css HTTP/1.1" 200 138415 "http://www.superior-dentistry.com/" "Mozilla/5.0 (iPhone; CPU iPhone OS 9_1 like Mac OS X) AppleWebKit/600.1.4 (KHTML, like Gecko) CriOS/45.0.2454.89 Mobile/13B143 Safari/600.1.4" "www.superior-dentistry.com"
172.56.2.6 - - [22/Oct/2016:18:24:44 -0700] "GET /css/font-awesome.css HTTP/1.1" 200 28747 "http://www.superior-dentistry.com/" "Mozilla/5.0 (iPhone; CPU iPhone OS 9_1 like Mac OS X) AppleWebKit/600.1.4 (KHTML, like Gecko) CriOS/45.0.2454.89 Mobile/13B143 Safari/600.1.4" "www.superior-dentistry.com"
172.56.2.6 - - [22/Oct/2016:18:24:44 -0700] "GET /js/ie-emulation-modes-warning.js HTTP/1.1" 200 2132 "http://www.superior-dentistry.com/" "Mozilla/5.0 (iPhone; CPU iPhone OS 9_1 like Mac OS X) AppleWebKit/600.1.4 (KHTML, like Gecko) CriOS/45.0.2454.89 Mobile/13B143 Safari/600.1.4" "www.superior-dentistry.com"
172.56.2.6 - - [22/Oct/2016:18:24:44 -0700] "GET /img/logo.jpg HTTP/1.1" 200 139628 "http://www.superior-dentistry.com/" "Mozilla/5.0 (iPhone; CPU iPhone OS 9_1 like Mac OS X) AppleWebKit/600.1.4 (KHTML, like Gecko) CriOS/45.0.2454.89 Mobile/13B143 Safari/600.1.4" "www.superior-dentistry.com"
172.56.2.6 - - [22/Oct/2016:18:24:44 -0700] "GET /img/dental-implants.jpg HTTP/1.1" 200 22844 "http://www.superior-dentistry.com/" "Mozilla/5.0 (iPhone; CPU iPhone OS 9_1 like Mac OS X) AppleWebKit/600.1.4 (KHTML, like Gecko) CriOS/45.0.2454.89 Mobile/13B143 Safari/600.1.4" "www.superior-dentistry.com"
172.56.2.6 - - [22/Oct/2016:18:24:44 -0700] "GET /img/extraction.jpg HTTP/1.1" 200 30135 "http://www.superior-dentistry.com/" "Mozilla/5.0 (iPhone; CPU iPhone OS 9_1 like Mac OS X) AppleWebKit/600.1.4 (KHTML, like Gecko) CriOS/45.0.2454.89 Mobile/13B143 Safari/600.1.4" "www.superior-dentistry.com"
172.56.2.6 - - [22/Oct/2016:18:24:45 -0700] "GET /img/jaw-surgery.jpg HTTP/1.1" 200 27058 "http://www.superior-dentistry.com/" "Mozilla/5.0 (iPhone; CPU iPhone OS 9_1 like Mac OS X) AppleWebKit/600.1.4 (KHTML, like Gecko) CriOS/45.0.2454.89 Mobile/13B143 Safari/600.1.4" "www.superior-dentistry.com"
172.56.2.6 - - [22/Oct/2016:18:24:46 -0700] "GET /img/oral-pathology.jpg HTTP/1.1" 200 33395 "http://www.superior-dentistry.com/" "Mozilla/5.0 (iPhone; CPU iPhone OS 9_1 like Mac OS X) AppleWebKit/600.1.4 (KHTML, like Gecko) CriOS/45.0.2454.89 Mobile/13B143 Safari/600.1.4" "www.superior-dentistry.com"
172.56.2.6 - - [22/Oct/2016:18:24:46 -0700] "GET /img/tmj-trauma.jpg HTTP/1.1" 200 22488 "http://www.superior-dentistry.com/" "Mozilla/5.0 (iPhone; CPU iPhone OS 9_1 like Mac OS X) AppleWebKit/600.1.4 (KHTML, like Gecko) CriOS/45.0.2454.89 Mobile/13B143 Safari/600.1.4" "www.superior-dentistry.com"
172.56.2.6 - - [22/Oct/2016:18:24:46 -0700] "GET /img/slider1.jpg HTTP/1.1" 200 268888 "http://www.superior-dentistry.com/" "Mozilla/5.0 (iPhone; CPU iPhone OS 9_1 like Mac OS X) AppleWebKit/600.1.4 (KHTML, like Gecko) CriOS/45.0.2454.89 Mobile/13B143 Safari/600.1.4" "www.superior-dentistry.com"
172.56.2.6 - - [22/Oct/2016:18:24:46 -0700] "GET /img/slider2.jpg HTTP/1.1" 200 345766 "http://www.superior-dentistry.com/" "Mozilla/5.0 (iPhone; CPU iPhone OS 9_1 like Mac OS X) AppleWebKit/600.1.4 (KHTML, like Gecko) CriOS/45.0.2454.89 Mobile/13B143 Safari/600.1.4" "www.superior-dentistry.com"
172.56.2.6 - - [22/Oct/2016:18:24:46 -0700] "GET /img/slider3.jpg HTTP/1.1" 200 217901 "http://www.superior-dentistry.com/" "Mozilla/5.0 (iPhone; CPU iPhone OS 9_1 like Mac OS X) AppleWebKit/600.1.4 (KHTML, like Gecko) CriOS/45.0.2454.89 Mobile/13B143 Safari/600.1.4" "www.superior-dentistry.com"
172.56.2.6 - - [22/Oct/2016:18:24:46 -0700] "GET /img/meetdr-ali.jpg HTTP/1.1" 200 60533 "http://www.superior-dentistry.com/" "Mozilla/5.0 (iPhone; CPU iPhone OS 9_1 like Mac OS X) AppleWebKit/600.1.4 (KHTML, like Gecko) CriOS/45.0.2454.89 Mobile/13B143 Safari/600.1.4" "www.superior-dentistry.com"
172.56.2.6 - - [22/Oct/2016:18:24:47 -0700] "GET /img/meetdr-melika.jpg HTTP/1.1" 200 75968 "http://www.superior-dentistry.com/" "Mozilla/5.0 (iPhone; CPU iPhone OS 9_1 like Mac OS X) AppleWebKit/600.1.4 (KHTML, like Gecko) CriOS/45.0.2454.89 Mobile/13B143 Safari/600.1.4" "www.superior-dentistry.com"
172.56.2.6 - - [22/Oct/2016:18:24:47 -0700] "GET /img/offer-31-05-2014-sonicare-brush.jpg HTTP/1.1" 200 13165 "http://www.superior-dentistry.com/" "Mozilla/5.0 (iPhone; CPU iPhone OS 9_1 like Mac OS X) AppleWebKit/600.1.4 (KHTML, like Gecko) CriOS/45.0.2454.89 Mobile/13B143 Safari/600.1.4" "www.superior-dentistry.com"
172.56.2.6 - - [22/Oct/2016:18:24:47 -0700] "GET /img/offer-31-05-2014-whitening.jpg HTTP/1.1" 200 15686 "http://www.superior-dentistry.com/" "Mozilla/5.0 (iPhone; CPU iPhone OS 9_1 like Mac OS X) AppleWebKit/600.1.4 (KHTML, like Gecko) CriOS/45.0.2454.89 Mobile/13B143 Safari/600.1.4" "www.superior-dentistry.com"
172.56.2.6 - - [22/Oct/2016:18:24:47 -0700] "GET /img/offer-31-05-2014-new-patient.jpg HTTP/1.1" 200 15365 "http://www.superior-dentistry.com/" "Mozilla/5.0 (iPhone; CPU iPhone OS 9_1 like Mac OS X) AppleWebKit/600.1.4 (KHTML, like Gecko) CriOS/45.0.2454.89 Mobile/13B143 Safari/600.1.4" "www.superior-dentistry.com"
172.56.2.6 - - [22/Oct/2016:18:24:47 -0700] "GET /img/patients-choice-winner-2015.png HTTP/1.1" 200 9818 "http://www.superior-dentistry.com/" "Mozilla/5.0 (iPhone; CPU iPhone OS 9_1 like Mac OS X) AppleWebKit/600.1.4 (KHTML, like Gecko) CriOS/45.0.2454.89 Mobile/13B143 Safari/600.1.4" "www.superior-dentistry.com"
172.56.2.6 - - [22/Oct/2016:18:24:47 -0700] "GET /js/bootstrap.min.js HTTP/1.1" 200 35601 "http://www.superior-dentistry.com/" "Mozilla/5.0 (iPhone; CPU iPhone OS 9_1 like Mac OS X) AppleWebKit/600.1.4 (KHTML, like Gecko) CriOS/45.0.2454.89 Mobile/13B143 Safari/600.1.4" "www.superior-dentistry.com"
172.56.2.6 - - [22/Oct/2016:18:24:47 -0700] "GET /js/docs.min.js HTTP/1.1" 200 43299 "http://www.superior-dentistry.com/" "Mozilla/5.0 (iPhone; CPU iPhone OS 9_1 like Mac OS X) AppleWebKit/600.1.4 (KHTML, like Gecko) CriOS/45.0.2454.89 Mobile/13B143 Safari/600.1.4" "www.superior-dentistry.com"
172.56.2.6 - - [22/Oct/2016:18:24:47 -0700] "GET /js/ie10-viewport-bug-workaround.js HTTP/1.1" 200 694 "http://www.superior-dentistry.com/" "Mozilla/5.0 (iPhone; CPU iPhone OS 9_1 like Mac OS X) AppleWebKit/600.1.4 (KHTML, like Gecko) CriOS/45.0.2454.89 Mobile/13B143 Safari/600.1.4" "www.superior-dentistry.com"
172.56.2.6 - - [22/Oct/2016:18:24:48 -0700] "GET /fonts/fontawesome-webfont.woff?v=4.3.0 HTTP/1.1" 200 71508 "http://www.superior-dentistry.com/" "Mozilla/5.0 (iPhone; CPU iPhone OS 9_1 like Mac OS X) AppleWebKit/600.1.4 (KHTML, like Gecko) CriOS/45.0.2454.89 Mobile/13B143 Safari/600.1.4" "www.superior-dentistry.com"
172.56.2.6 - - [22/Oct/2016:18:24:48 -0700] "GET /img/zocdoc-apt.jpg HTTP/1.1" 200 79396 "http://www.superior-dentistry.com/" "Mozilla/5.0 (iPhone; CPU iPhone OS 9_1 like Mac OS X) AppleWebKit/600.1.4 (KHTML, like Gecko) CriOS/45.0.2454.89 Mobile/13B143 Safari/600.1.4" "www.superior-dentistry.com"
172.56.2.6 - - [22/Oct/2016:18:25:15 -0700] "GET /img/dentures.jpg HTTP/1.1" 200 126240 "http://www.superior-dentistry.com/services.html" "Mozilla/5.0 (iPhone; CPU iPhone OS 9_1 like Mac OS X) AppleWebKit/600.1.4 (KHTML, like Gecko) CriOS/45.0.2454.89 Mobile/13B143 Safari/600.1.4" "www.superior-dentistry.com"
172.56.2.6 - - [22/Oct/2016:18:25:16 -0700] "GET /img/care3.jpg HTTP/1.1" 200 62411 "http://www.superior-dentistry.com/services.html" "Mozilla/5.0 (iPhone; CPU iPhone OS 9_1 like Mac OS X) AppleWebKit/600.1.4 (KHTML, like Gecko) CriOS/45.0.2454.89 Mobile/13B143 Safari/600.1.4" "www.superior-dentistry.com"
172.56.2.6 - - [22/Oct/2016:18:25:16 -0700] "GET /img/Teeth-Whitening1.jpg HTTP/1.1" 200 150063 "http://www.superior-dentistry.com/services.html" "Mozilla/5.0 (iPhone; CPU iPhone OS 9_1 like Mac OS X) AppleWebKit/600.1.4 (KHTML, like Gecko) CriOS/45.0.2454.89 Mobile/13B143 Safari/600.1.4" "www.superior-dentistry.com"
172.56.2.6 - - [22/Oct/2016:18:25:16 -0700] "GET /img/bridges-dentist-md.jpg HTTP/1.1" 200 67242 "http://www.superior-dentistry.com/services.html" "Mozilla/5.0 (iPhone; CPU iPhone OS 9_1 like Mac OS X) AppleWebKit/600.1.4 (KHTML, like Gecko) CriOS/45.0.2454.89 Mobile/13B143 Safari/600.1.4" "www.superior-dentistry.com"
172.56.2.6 - - [22/Oct/2016:18:25:16 -0700] "GET /img/night-guard.jpg HTTP/1.1" 200 106940 "http://www.superior-dentistry.com/services.html" "Mozilla/5.0 (iPhone; CPU iPhone OS 9_1 like Mac OS X) AppleWebKit/600.1.4 (KHTML, like Gecko) CriOS/45.0.2454.89 Mobile/13B143 Safari/600.1.4" "www.superior-dentistry.com"
172.56.2.6 - - [22/Oct/2016:18:25:16 -0700] "GET /img/white_composite_filling.jpg HTTP/1.1" 200 105229 "http://www.superior-dentistry.com/services.html" "Mozilla/5.0 (iPhone; CPU iPhone OS 9_1 like Mac OS X) AppleWebKit/600.1.4 (KHTML, like Gecko) CriOS/45.0.2454.89 Mobile/13B143 Safari/600.1.4" "www.superior-dentistry.com"
172.56.2.6 - - [22/Oct/2016:18:25:16 -0700] "GET /img/SnapOnSmile.jpg HTTP/1.1" 200 71471 "http://www.superior-dentistry.com/services.html" "Mozilla/5.0 (iPhone; CPU iPhone OS 9_1 like Mac OS X) AppleWebKit/600.1.4 (KHTML, like Gecko) CriOS/45.0.2454.89 Mobile/13B143 Safari/600.1.4" "www.superior-dentistry.com"
172.56.2.6 - - [22/Oct/2016:18:25:16 -0700] "GET /img/Lumineers.jpg HTTP/1.1" 200 70250 "http://www.superior-dentistry.com/services.html" "Mozilla/5.0 (iPhone; CPU iPhone OS 9_1 like Mac OS X) AppleWebKit/600.1.4 (KHTML, like Gecko) CriOS/45.0.2454.89 Mobile/13B143 Safari/600.1.4" "www.superior-dentistry.com"
172.56.2.6 - - [22/Oct/2016:18:25:16 -0700] "GET /img/porcelain-veneers.jpg HTTP/1.1" 200 151567 "http://www.superior-dentistry.com/services.html" "Mozilla/5.0 (iPhone; CPU iPhone OS 9_1 like Mac OS X) AppleWebKit/600.1.4 (KHTML, like Gecko) CriOS/45.0.2454.89 Mobile/13B143 Safari/600.1.4" "www.superior-dentistry.com"
199.16.156.124 - - [22/Oct/2016:18:25:17 -0700] "GET /robots.txt HTTP/1.1" 200 49 "-" "Twitterbot/1.0" "www.superior-dentistry.com"
199.16.156.124 - - [22/Oct/2016:18:25:17 -0700] "GET /images/endodontia-root-canal-treatment.jpg HTTP/1.1" 404 89 "-" "Twitterbot/1.0" "www.superior-dentistry.com"
199.16.156.126 - - [22/Oct/2016:18:25:29 -0700] "GET /robots.txt HTTP/1.1" 200 49 "-" "Twitterbot/1.0" "www.superior-dentistry.com"
198.16.7.150 - - [22/Oct/2016:18:25:47 -0700] "GET / HTTP/1.1" 200 38900 "-" "FreeWebMonitoring SiteChecker/0.2 (+http://www.freewebmonitoring.com/bot.html)" "www.superior-dentistry.com"
172.56.2.6 - - [22/Oct/2016:18:28:15 -0700] "GET /index.html HTTP/1.1" 200 38900 "http://www.superior-dentistry.com/services.html" "Mozilla/5.0 (iPhone; CPU iPhone OS 9_1 like Mac OS X) AppleWebKit/600.1.4 (KHTML, like Gecko) CriOS/45.0.2454.89 Mobile/13B143 Safari/600.1.4" "www.superior-dentistry.com"
172.56.2.6 - - [22/Oct/2016:18:28:18 -0700] "GET /img/periodontalsurgery.jpg HTTP/1.1" 200 56963 "http://www.superior-dentistry.com/services.html" "Mozilla/5.0 (iPhone; CPU iPhone OS 9_1 like Mac OS X) AppleWebKit/600.1.4 (KHTML, like Gecko) CriOS/45.0.2454.89 Mobile/13B143 Safari/600.1.4" "www.superior-dentistry.com"
68.33.90.81 - - [22/Oct/2016:18:31:26 -0700] "GET /apple-touch-icon-precomposed.png HTTP/1.1" 404 89 "-" "Safari/12602.1.50.0.10 CFNetwork/807.0.4 Darwin/16.0.0 (x86_64)" "www.superior-dentistry.com"
68.33.90.81 - - [22/Oct/2016:18:31:27 -0700] "GET /favicon.ico HTTP/1.1" 200 688 "-" "Safari/12602.1.50.0.10 CFNetwork/807.0.4 Darwin/16.0.0 (x86_64)" "www.superior-dentistry.com"
68.33.90.81 - - [22/Oct/2016:18:31:27 -0700] "GET /apple-touch-icon-precomposed.png HTTP/1.1" 404 89 "-" "Safari/12602.1.50.0.10 CFNetwork/807.0.4 Darwin/16.0.0 (x86_64)" "www.superior-dentistry.com"
68.33.90.81 - - [22/Oct/2016:18:31:27 -0700] "GET /apple-touch-icon.png HTTP/1.1" 404 89 "-" "Safari/12602.1.50.0.10 CFNetwork/807.0.4 Darwin/16.0.0 (x86_64)" "www.superior-dentistry.com"
207.46.13.201 - - [22/Oct/2016:18:38:32 -0700] "GET /robots.txt HTTP/1.1" 200 49 "-" "Mozilla/5.0 (compatible; bingbot/2.0; +http://www.bing.com/bingbot.htm)" "superior-dentistry.com"
180.76.15.162 - - [22/Oct/2016:18:40:39 -0700] "GET /Bowie-Dentists/css/style.css HTTP/1.1" 404 89 "-" "Mozilla/5.0 (compatible; Baiduspider/2.0; +http://www.baidu.com/search/spider.html)" "www.superior-dentistry.com"
207.46.13.41 - - [22/Oct/2016:18:42:25 -0700] "GET /robots.txt HTTP/1.1" 200 49 "-" "Mozilla/5.0 (compatible; bingbot/2.0; +http://www.bing.com/bingbot.htm)" "superior-dentistry.com"
180.76.15.31 - - [22/Oct/2016:19:14:08 -0700] "GET /services.html HTTP/1.1" 200 34139 "-" "Mozilla/5.0 (compatible; Baiduspider/2.0; +http://www.baidu.com/search/spider.html)" "www.superior-dentistry.com"
66.249.69.62 - - [22/Oct/2016:19:19:44 -0700] "GET /index.html HTTP/1.1" 200 38900 "-" "SAMSUNG-SGH-E250/1.0 Profile/MIDP-2.0 Configuration/CLDC-1.1 UP.Browser/6.2.3.3.c.1.101 (GUI) MMP/2.0 (compatible; Googlebot-Mobile/2.1; +http://www.google.com/bot.html)" "www.superior-dentistry.com"
198.16.7.150 - - [22/Oct/2016:19:26:37 -0700] "GET / HTTP/1.1" 200 38900 "-" "FreeWebMonitoring SiteChecker/0.2 (+http://www.freewebmonitoring.com/bot.html)" "www.superior-dentistry.com"
66.249.69.59 - - [22/Oct/2016:19:53:48 -0700] "GET /images/care4.jpg HTTP/1.1" 404 89 "-" "Googlebot-Image/1.0" "www.superior-dentistry.com"
198.16.7.150 - - [22/Oct/2016:20:27:50 -0700] "GET / HTTP/1.1" 200 38900 "-" "FreeWebMonitoring SiteChecker/0.2 (+http://www.freewebmonitoring.com/bot.html)" "www.superior-dentistry.com"
173.56.20.32 - - [22/Oct/2016:20:34:40 -0700] "GET /img/night-guard.jpg HTTP/1.1" 200 106940 "https://www.google.com/" "Mozilla/5.0 (iPhone; CPU iPhone OS 10_0_2 like Mac OS X) AppleWebKit/602.1.50 (KHTML, like Gecko) Version/10.0 Mobile/14A456 Safari/602.1" "www.superior-dentistry.com"
46.119.127.129 - - [22/Oct/2016:20:52:06 -0700] "GET /robots.txt HTTP/1.1" 200 49 "-" "Mozilla/5.0 (Windows NT 10.0; WOW64) AppleWebKit/537.36 (KHTML, like Gecko) Chrome/49.0.2623.75 Safari/537.36 OPR/36.0.2130.32" "www.superior-dentistry.com"
46.119.127.129 - - [22/Oct/2016:20:52:06 -0700] "GET / HTTP/1.1" 200 38900 "-" "Mozilla/5.0 (Windows NT 10.0; WOW64) AppleWebKit/537.36 (KHTML, like Gecko) Chrome/49.0.2623.75 Safari/537.36 OPR/36.0.2130.32" "www.superior-dentistry.com"
46.119.127.129 - - [22/Oct/2016:20:52:07 -0700] "GET /xmlrpc.php?rsd HTTP/1.1" 200 73 "-" "Mozilla/5.0 (Windows NT 10.0; WOW64) AppleWebKit/537.36 (KHTML, like Gecko) Chrome/49.0.2623.75 Safari/537.36 OPR/36.0.2130.32" "www.superior-dentistry.com"
46.119.127.129 - - [22/Oct/2016:20:52:07 -0700] "GET /blog/robots.txt HTTP/1.1" 200 73 "-" "Mozilla/5.0 (Windows NT 10.0; WOW64) AppleWebKit/537.36 (KHTML, like Gecko) Chrome/49.0.2623.75 Safari/537.36 OPR/36.0.2130.32" "www.superior-dentistry.com"
46.119.127.129 - - [22/Oct/2016:20:52:07 -0700] "GET /blog/ HTTP/1.1" 200 73 "-" "Mozilla/5.0 (Windows NT 10.0; WOW64) AppleWebKit/537.36 (KHTML, like Gecko) Chrome/49.0.2623.75 Safari/537.36 OPR/36.0.2130.32" "www.superior-dentistry.com"
46.119.127.129 - - [22/Oct/2016:20:52:07 -0700] "GET /wordpress/ HTTP/1.1" 404 89 "-" "Mozilla/5.0 (Windows NT 10.0; WOW64) AppleWebKit/537.36 (KHTML, like Gecko) Chrome/49.0.2623.75 Safari/537.36 OPR/36.0.2130.32" "www.superior-dentistry.com"
46.119.127.129 - - [22/Oct/2016:20:52:08 -0700] "GET /wp/ HTTP/1.1" 404 89 "-" "Mozilla/5.0 (Windows NT 10.0; WOW64) AppleWebKit/537.36 (KHTML, like Gecko) Chrome/49.0.2623.75 Safari/537.36 OPR/36.0.2130.32" "www.superior-dentistry.com"
54.242.164.91 - - [22/Oct/2016:20:56:08 -0700] "GET / HTTP/1.1" 200 38900 "-" "Mozilla/5.0 (X11; Linux x86_64) AppleWebKit/537.36 (KHTML, like Gecko) Chrome/43.0.2357.134 Safari/537.36 http://notifyninja.com/monitoring" "superior-dentistry.com"
198.16.7.150 - - [22/Oct/2016:21:28:01 -0700] "GET / HTTP/1.1" 200 38900 "-" "FreeWebMonitoring SiteChecker/0.2 (+http://www.freewebmonitoring.com/bot.html)" "www.superior-dentistry.com"
199.59.148.210 - - [22/Oct/2016:21:40:14 -0700] "GET /images/logo1.jpg HTTP/1.1" 404 89 "-" "Twitterbot/1.0" "www.superior-dentistry.com"
199.59.148.211 - - [22/Oct/2016:21:40:14 -0700] "GET /robots.txt HTTP/1.1" 200 49 "-" "Twitterbot/1.0" "www.superior-dentistry.com"[0]
199.59.148.211 - - [22/Oct/2016:21:40:14 -0700] "GET /images/logo1.jpg HTTP/1.1" 404 89 "-" "Twitterbot/1.0" "www.superior-dentistry.com"
199.59.148.209 - - [22/Oct/2016:21:40:19 -0700] "GET /images/endodontia-root-canal-treatment.jpg HTTP/1.1" 404 89 "-" "Twitterbot/1.0" "www.superior-dentistry.com"
199.59.148.209 - - [22/Oct/2016:21:40:27 -0700] "GET /robots.txt HTTP/1.1" 200 49 "-" "Twitterbot/1.0" "www.superior-dentistry.com"
159.203.124.118 - - [22/Oct/2016:21:44:18 -0700] "GET / HTTP/1.1" 200 38900 "-" "-" "www.superior-dentistry.com"
148.251.2.180 - - [22/Oct/2016:22:06:03 -0700] "HEAD / HTTP/1.1" 200 0 "-" "Mozilla/5.0 (Windows NT 6.1) AppleWebKit/537.36 (KHTML, like Gecko) Chrome/41.0.2228.0 Safari/537.36Mozilla/5.0 (Macintosh; Intel Mac OS X 10.8; rv:24.0) Gecko/20100101 Firefox/24.0" "www.superior-dentistry.com"
197.224.91.106 - - [22/Oct/2016:22:15:38 -0700] "GET /img/implant-before-and-after.jpg HTTP/1.1" 200 122702 "-" "Mozilla/5.0 (Linux; U; Android 4.2.2; en-gb; HTC Desire 310 Build/JDQ39) AppleWebKit/534.30 (KHTML, like Gecko) Version/4.0 Mobile Safari/534.30 GSA/6.3.36.16.arm" "www.superior-dentistry.com"
198.16.7.150 - - [22/Oct/2016:22:28:57 -0700] "GET / HTTP/1.1" 200 38900 "-" "FreeWebMonitoring SiteChecker/0.2 (+http://www.freewebmonitoring.com/bot.html)" "www.superior-dentistry.com"
54.204.242.74 - - [22/Oct/2016:22:31:33 -0700] "GET /robots.txt HTTP/1.1" 200 49 "-" "SalesIntelligent (+https://www.salesintelligent.com)" "superior-dentistry.com"
54.204.242.74 - - [22/Oct/2016:22:31:35 -0700] "GET / HTTP/1.1" 200 38900 "-" "SalesIntelligent (+https://www.salesintelligent.com)" "superior-dentistry.com"
207.46.13.201 - - [22/Oct/2016:22:50:07 -0700] "GET /robots.txt HTTP/1.1" 200 49 "-" "Mozilla/5.0 (compatible; bingbot/2.0; +http://www.bing.com/bingbot.htm)" "www.superior-dentistry.com"
192.126.155.150 - - [22/Oct/2016:23:14:45 -0700] "GET /dental-linkexchange.html HTTP/1.1" 404 89 "-" "Mozilla/5.0 (X11; Ubuntu; Linux x86_64; rv:26.0) Gecko/20100101 Firefox/26.0" "www.superior-dentistry.com"[0]
207.46.13.180 - - [22/Oct/2016:23:45:14 -0700] "GET /Dentistry-Maryland-MD.html HTTP/1.1" 200 30875 "-" "Mozilla/5.0 (compatible; bingbot/2.0; +http://www.bing.com/bingbot.htm)" "superior-dentistry.com"
130.25.165.116 - - [23/Oct/2016:00:00:36 -0700] "GET / HTTP/1.1" 200 38900 "http://1-99seo.com/try.php?u=http://superior-dentistry.com" "Mozilla/5.0 (Windows NT 6.1; WOW64) AppleWebKit/537.36 (KHTML, like Gecko) Chrome/32.0.1700.107 Safari/537.36" "superior-dentistry.com"
130.25.165.116 - - [23/Oct/2016:00:00:36 -0700] "GET /css/bootstrap-theme.css HTTP/1.1" 200 19156 "http://superior-dentistry.com/" "Mozilla/5.0 (Windows NT 6.1; WOW64) AppleWebKit/537.36 (KHTML, like Gecko) Chrome/32.0.1700.107 Safari/537.36" "superior-dentistry.com"
130.25.165.116 - - [23/Oct/2016:00:00:36 -0700] "GET /css/bootstrap.css HTTP/1.1" 200 138415 "http://superior-dentistry.com/" "Mozilla/5.0 (Windows NT 6.1; WOW64) AppleWebKit/537.36 (KHTML, like Gecko) Chrome/32.0.1700.107 Safari/537.36" "superior-dentistry.com"
130.25.165.116 - - [23/Oct/2016:00:00:36 -0700] "GET /theme.css HTTP/1.1" 200 1926 "http://superior-dentistry.com/" "Mozilla/5.0 (Windows NT 6.1; WOW64) AppleWebKit/537.36 (KHTML, like Gecko) Chrome/32.0.1700.107 Safari/537.36" "superior-dentistry.com"
130.25.165.116 - - [23/Oct/2016:00:00:36 -0700] "GET /css/font-awesome.css HTTP/1.1" 200 28747 "http://superior-dentistry.com/" "Mozilla/5.0 (Windows NT 6.1; WOW64) AppleWebKit/537.36 (KHTML, like Gecko) Chrome/32.0.1700.107 Safari/537.36" "superior-dentistry.com"
130.25.165.116 - - [23/Oct/2016:00:00:36 -0700] "GET /js/ie-emulation-modes-warning.js HTTP/1.1" 200 2132 "http://superior-dentistry.com/" "Mozilla/5.0 (Windows NT 6.1; WOW64) AppleWebKit/537.36 (KHTML, like Gecko) Chrome/32.0.1700.107 Safari/537.36" "superior-dentistry.com"
130.25.165.116 - - [23/Oct/2016:00:00:36 -0700] "GET /js/bootstrap.min.js HTTP/1.1" 200 35601 "http://superior-dentistry.com/" "Mozilla/5.0 (Windows NT 6.1; WOW64) AppleWebKit/537.36 (KHTML, like Gecko) Chrome/32.0.1700.107 Safari/537.36" "superior-dentistry.com"
130.25.165.116 - - [23/Oct/2016:00:00:37 -0700] "GET /js/docs.min.js HTTP/1.1" 200 43299 "http://superior-dentistry.com/" "Mozilla/5.0 (Windows NT 6.1; WOW64) AppleWebKit/537.36 (KHTML, like Gecko) Chrome/32.0.1700.107 Safari/537.36" "superior-dentistry.com"
130.25.165.116 - - [23/Oct/2016:00:00:37 -0700] "GET /js/ie10-viewport-bug-workaround.js HTTP/1.1" 200 694 "http://superior-dentistry.com/" "Mozilla/5.0 (Windows NT 6.1; WOW64) AppleWebKit/537.36 (KHTML, like Gecko) Chrome/32.0.1700.107 Safari/537.36" "superior-dentistry.com"
130.25.165.116 - - [23/Oct/2016:00:00:41 -0700] "GET /img/extraction.jpg HTTP/1.1" 200 30135 "http://superior-dentistry.com/" "Mozilla/5.0 (Windows NT 6.1; WOW64) AppleWebKit/537.36 (KHTML, like Gecko) Chrome/32.0.1700.107 Safari/537.36" "superior-dentistry.com"
130.25.165.116 - - [23/Oct/2016:00:00:41 -0700] "GET /img/wisdom-teeth-extraction.jpg HTTP/1.1" 200 23758 "http://superior-dentistry.com/" "Mozilla/5.0 (Windows NT 6.1; WOW64) AppleWebKit/537.36 (KHTML, like Gecko) Chrome/32.0.1700.107 Safari/537.36" "superior-dentistry.com"
130.25.165.116 - - [23/Oct/2016:00:00:41 -0700] "GET /img/dental-implants.jpg HTTP/1.1" 200 22844 "http://superior-dentistry.com/" "Mozilla/5.0 (Windows NT 6.1; WOW64) AppleWebKit/537.36 (KHTML, like Gecko) Chrome/32.0.1700.107 Safari/537.36" "superior-dentistry.com"
130.25.165.116 - - [23/Oct/2016:00:00:41 -0700] "GET /img/jaw-surgery.jpg HTTP/1.1" 200 27058 "http://superior-dentistry.com/" "Mozilla/5.0 (Windows NT 6.1; WOW64) AppleWebKit/537.36 (KHTML, like Gecko) Chrome/32.0.1700.107 Safari/537.36" "superior-dentistry.com"
130.25.165.116 - - [23/Oct/2016:00:00:41 -0700] "GET /img/oral-pathology.jpg HTTP/1.1" 200 33395 "http://superior-dentistry.com/" "Mozilla/5.0 (Windows NT 6.1; WOW64) AppleWebKit/537.36 (KHTML, like Gecko) Chrome/32.0.1700.107 Safari/537.36" "superior-dentistry.com"
130.25.165.116 - - [23/Oct/2016:00:00:41 -0700] "GET /img/logo.jpg HTTP/1.1" 200 139628 "http://superior-dentistry.com/" "Mozilla/5.0 (Windows NT 6.1; WOW64) AppleWebKit/537.36 (KHTML, like Gecko) Chrome/32.0.1700.107 Safari/537.36" "superior-dentistry.com"
130.25.165.116 - - [23/Oct/2016:00:00:41 -0700] "GET /img/tmj-trauma.jpg HTTP/1.1" 200 22488 "http://superior-dentistry.com/" "Mozilla/5.0 (Windows NT 6.1; WOW64) AppleWebKit/537.36 (KHTML, like Gecko) Chrome/32.0.1700.107 Safari/537.36" "superior-dentistry.com"
130.25.165.116 - - [23/Oct/2016:00:00:41 -0700] "GET /img/slider1.jpg HTTP/1.1" 200 268888 "http://superior-dentistry.com/" "Mozilla/5.0 (Windows NT 6.1; WOW64) AppleWebKit/537.36 (KHTML, like Gecko) Chrome/32.0.1700.107 Safari/537.36" "superior-dentistry.com"
130.25.165.116 - - [23/Oct/2016:00:00:41 -0700] "GET /img/zocdoc-apt.jpg HTTP/1.1" 200 79396 "http://superior-dentistry.com/" "Mozilla/5.0 (Windows NT 6.1; WOW64) AppleWebKit/537.36 (KHTML, like Gecko) Chrome/32.0.1700.107 Safari/537.36" "www.superior-dentistry.com"
130.25.165.116 - - [23/Oct/2016:00:00:42 -0700] "GET /img/slider2.jpg HTTP/1.1" 200 345766 "http://superior-dentistry.com/" "Mozilla/5.0 (Windows NT 6.1; WOW64) AppleWebKit/537.36 (KHTML, like Gecko) Chrome/32.0.1700.107 Safari/537.36" "superior-dentistry.com"
207.46.13.180 - - [23/Oct/2016:00:18:28 -0700] "GET /%24%7bthis.href%7d?_escaped_fragment_= HTTP/1.1" 404 89 "-" "Mozilla/5.0 (compatible; bingbot/2.0; +http://www.bing.com/bingbot.htm)" "superior-dentistry.com"
198.16.7.150 - - [23/Oct/2016:00:29:22 -0700] "GET / HTTP/1.1" 200 38900 "-" "FreeWebMonitoring SiteChecker/0.2 (+http://www.freewebmonitoring.com/bot.html)" "www.superior-dentistry.com"
180.76.15.17 - - [23/Oct/2016:00:49:13 -0700] "GET /theme.css HTTP/1.1" 200 1926 "-" "Mozilla/5.0 (compatible; Baiduspider/2.0; +http://www.baidu.com/search/spider.html)" "superior-dentistry.com"
104.131.161.70 - - [23/Oct/2016:00:55:08 -0700] "GET / HTTP/1.1" 200 38900 "http://superior-dentistry.com" "Mozilla/5.0 (Windows NT 6.1; WOW64) AppleWebKit/537.36 (KHTML, like Gecko) Chrome/34.0.1847.137 Safari/537.36" "superior-dentistry.com"
104.131.161.70 - - [23/Oct/2016:00:55:13 -0700] "GET /robots.txt HTTP/1.1" 200 49 "-" "Mozilla/5.0 (Windows NT 6.1; WOW64) AppleWebKit/537.36 (KHTML, like Gecko) Chrome/34.0.1847.137 Safari/537.36" "superior-dentistry.com"
104.131.161.70 - - [23/Oct/2016:00:55:17 -0700] "GET /index.html HTTP/1.1" 200 38900 "http://superior-dentistry.com" "Mozilla/5.0 (Windows NT 6.1; WOW64) AppleWebKit/537.36 (KHTML, like Gecko) Chrome/34.0.1847.131 Safari/537.36" "superior-dentistry.com"
104.131.161.70 - - [23/Oct/2016:00:55:17 -0700] "GET /patient-before-after-gallery.html HTTP/1.1" 404 89 "http://superior-dentistry.com" "Mozilla/5.0 (Windows NT 6.1; WOW64) AppleWebKit/537.36 (KHTML, like Gecko) Chrome/34.0.1847.137 Safari/537.36" "superior-dentistry.com"
104.131.161.70 - - [23/Oct/2016:00:55:17 -0700] "GET /meet-staff.html HTTP/1.1" 200 22168 "http://superior-dentistry.com" "Mozilla/5.0 (Windows NT 6.1; WOW64) AppleWebKit/537.36 (KHTML, like Gecko) Chrome/34.0.1847.137 Safari/537.36" "superior-dentistry.com"
104.131.161.70 - - [23/Oct/2016:00:55:17 -0700] "GET /firstvisit.html HTTP/1.1" 200 24044 "http://superior-dentistry.com" "Mozilla/5.0 (Windows NT 6.1; WOW64; rv:21.0) Gecko/20100101 Firefox/21.0" "superior-dentistry.com"
104.131.161.70 - - [23/Oct/2016:00:55:17 -0700] "GET /contact-us.html HTTP/1.1" 200 23728 "http://superior-dentistry.com" "Mozilla/5.0 (Windows NT 6.1; WOW64; rv:29.0) Gecko/20100101 Firefox/29.0" "superior-dentistry.com"
104.131.161.70 - - [23/Oct/2016:00:55:18 -0700] "GET /dentistry-maryland-md.html HTTP/1.1" 404 89 "http://superior-dentistry.com" "Mozilla/5.0 (Macintosh; Intel Mac OS X 10_9_2) AppleWebKit/537.36 (KHTML, like Gecko) Chrome/34.0.1847.131 Safari/537.36" "superior-dentistry.com"
104.131.161.70 - - [23/Oct/2016:00:55:18 -0700] "GET /contact-us.html HTTP/1.1" 200 23728 "http://www.superior-dentistry.com" "Mozilla/5.0 (Windows NT 6.1; WOW64; rv:29.0) Gecko/20100101 Firefox/29.0" "www.superior-dentistry.com"
104.131.161.70 - - [23/Oct/2016:00:55:18 -0700] "GET /testimonials.html HTTP/1.1" 200 24785 "http://superior-dentistry.com" "Mozilla/5.0 (Macintosh; Intel Mac OS X 10_9_3) AppleWebKit/537.36 (KHTML, like Gecko) Chrome/35.0.1916.114 Safari/537.36" "superior-dentistry.com"
104.131.161.70 - - [23/Oct/2016:00:55:18 -0700] "GET /firstvisit.html HTTP/1.1" 200 24044 "http://www.superior-dentistry.com" "Mozilla/5.0 (Windows NT 6.1; rv:28.0) Gecko/20100101 Firefox/28.0" "www.superior-dentistry.com"
104.131.161.70 - - [23/Oct/2016:00:55:18 -0700] "GET /dental-sites-we-like.html HTTP/1.1" 404 89 "http://superior-dentistry.com" "Mozilla/5.0 (compatible; MSIE 10.0; Windows NT 6.1; WOW64; Trident/6.0)" "superior-dentistry.com"
104.131.161.70 - - [23/Oct/2016:00:55:18 -0700] "GET /dentist-bowie-md/periodontal-services-maryland-md.html HTTP/1.1" 404 89 "http://www.superior-dentistry.com" "Mozilla/5.0 (Macintosh; Intel Mac OS X 10_9_3) AppleWebKit/537.36 (KHTML, like Gecko) Chrome/35.0.1916.114 Safari/537.36" "www.superior-dentistry.com"
104.131.161.70 - - [23/Oct/2016:00:55:18 -0700] "GET /dental-links.html HTTP/1.1" 404 89 "http://superior-dentistry.com" "Mozilla/5.0 (Macintosh; Intel Mac OS X 10_9_2) AppleWebKit/537.75.14 (KHTML, like Gecko) Version/7.0.3 Safari/537.75.14" "superior-dentistry.com"
104.131.161.70 - - [23/Oct/2016:00:55:18 -0700] "GET /testimonials.html HTTP/1.1" 200 24785 "http://www.superior-dentistry.com" "Mozilla/5.0 (Windows NT 6.1; WOW64) AppleWebKit/537.36 (KHTML, like Gecko) Chrome/34.0.1847.131 Safari/537.36" "www.superior-dentistry.com"
104.131.161.70 - - [23/Oct/2016:00:55:18 -0700] "GET /dentists-bowie-md.html HTTP/1.1" 404 89 "http://superior-dentistry.com" "Mozilla/5.0 (Windows NT 6.1; WOW64; rv:29.0) Gecko/20100101 Firefox/29.0" "superior-dentistry.com"
104.131.161.70 - - [23/Oct/2016:00:55:18 -0700] "GET /dental-linkexchange.html HTTP/1.1" 404 89 "http://superior-dentistry.com" "Mozilla/5.0 (compatible; MSIE 9.0; Windows NT 6.1; WOW64; Trident/5.0)" "superior-dentistry.com"[0]
104.131.161.70 - - [23/Oct/2016:00:55:18 -0700] "GET /services.html HTTP/1.1" 200 34139 "http://www.superior-dentistry.com" "Mozilla/5.0 (Windows NT 6.1; WOW64) AppleWebKit/537.36 (KHTML, like Gecko) Chrome/34.0.1847.131 Safari/537.36" "www.superior-dentistry.com"
104.131.161.70 - - [23/Oct/2016:00:55:18 -0700] "GET / HTTP/1.1" 200 38900 "http://www.superior-dentistry.com" "Mozilla/5.0 (Macintosh; Intel Mac OS X 10.9; rv:29.0) Gecko/20100101 Firefox/29.0" "www.superior-dentistry.com"
104.131.161.70 - - [23/Oct/2016:00:55:18 -0700] "GET /blog.php HTTP/1.1" 200 107037 "http://superior-dentistry.com" "Mozilla/5.0 (Windows NT 6.1; WOW64; rv:21.0) Gecko/20100101 Firefox/21.0" "superior-dentistry.com"
54.242.164.91 - - [23/Oct/2016:00:56:03 -0700] "GET / HTTP/1.1" 200 38900 "-" "Mozilla/5.0 (X11; Linux x86_64) AppleWebKit/537.36 (KHTML, like Gecko) Chrome/43.0.2357.134 Safari/537.36 http://notifyninja.com/monitoring" "superior-dentistry.com"
65.36.241.48 - - [23/Oct/2016:01:08:55 -0700] "HEAD / HTTP/1.1" 200 0 "-" "InternetSeer.com" "www.superior-dentistry.com"
207.46.13.180 - - [23/Oct/2016:01:18:55 -0700] "GET /robots.txt HTTP/1.1" 200 49 "-" "Mozilla/5.0 (compatible; bingbot/2.0; +http://www.bing.com/bingbot.htm)" "www.superior-dentistry.com"
198.16.7.150 - - [23/Oct/2016:01:29:47 -0700] "GET / HTTP/1.1" 200 38900 "-" "FreeWebMonitoring SiteChecker/0.2 (+http://www.freewebmonitoring.com/bot.html)" "www.superior-dentistry.com"
202.179.29.204 - - [23/Oct/2016:01:44:18 -0700] "GET /Dentist-Bowie-MD/img/logo.jpg HTTP/1.1" 200 139628 "https://www.google.mn/" "Mozilla/5.0 (Windows NT 5.1) AppleWebKit/537.36 (KHTML, like Gecko) Chrome/49.0.2623.112 Safari/537.36" "www.superior-dentistry.com"
207.46.13.180 - - [23/Oct/2016:02:14:42 -0700] "GET /?_escaped_fragment_=contact/c24vq HTTP/1.1" 304 - "-" "Mozilla/5.0 (compatible; bingbot/2.0; +http://www.bing.com/bingbot.htm)" "www.superior-dentistry.com"
207.46.13.180 - - [23/Oct/2016:02:14:42 -0700] "GET /Dentist-Bowie-MD/Patient-Before-After-Gallery.html HTTP/1.1" 404 89 "-" "msnbot-media/1.1 (+http://search.msn.com/msnbot.htm)" "www.superior-dentistry.com"
207.46.13.180 - - [23/Oct/2016:02:14:42 -0700] "GET /Dentist-Bowie-MD/firstvisit.html HTTP/1.1" 404 89 "-" "msnbot-media/1.1 (+http://search.msn.com/msnbot.htm)" "www.superior-dentistry.com"
198.16.7.150 - - [23/Oct/2016:02:30:49 -0700] "GET / HTTP/1.1" 200 38900 "-" "FreeWebMonitoring SiteChecker/0.2 (+http://www.freewebmonitoring.com/bot.html)" "www.superior-dentistry.com"
100.43.85.15 - - [23/Oct/2016:03:17:18 -0700] "GET /contact-us.php HTTP/1.1" 200 73 "-" "Mozilla/5.0 (compatible; YandexBot/3.0; +http://yandex.com/bots)" "www.superior-dentistry.com"
107.174.138.214 - - [23/Oct/2016:03:31:23 -0700] "GET /Dental-LinkExchange.html HTTP/1.1" 200 24959 "http://www.superior-dentistry.com" "Mozilla/5.0 (Macintosh; Intel Mac OS X 10_7_5) AppleWebKit/537.36 (KHTML, like Gecko) Chrome/34.0.1847.131 Safari/537.36" "www.superior-dentistry.com"
198.16.7.150 - - [23/Oct/2016:03:31:45 -0700] "GET / HTTP/1.1" 200 38900 "-" "FreeWebMonitoring SiteChecker/0.2 (+http://www.freewebmonitoring.com/bot.html)" "www.superior-dentistry.com"
108.31.198.30 - - [23/Oct/2016:04:05:09 -0700] "GET / HTTP/1.1" 200 38900 "https://www.google.com/" "Mozilla/5.0 (Windows NT 10.0; WOW64) AppleWebKit/537.36 (KHTML, like Gecko) Chrome/54.0.2840.71 Safari/537.36" "www.superior-dentistry.com"
108.31.198.30 - - [23/Oct/2016:04:05:10 -0700] "GET /css/bootstrap.css HTTP/1.1" 200 138415 "http://www.superior-dentistry.com/" "Mozilla/5.0 (Windows NT 10.0; WOW64) AppleWebKit/537.36 (KHTML, like Gecko) Chrome/54.0.2840.71 Safari/537.36" "www.superior-dentistry.com"
108.31.198.30 - - [23/Oct/2016:04:05:10 -0700] "GET /css/font-awesome.css HTTP/1.1" 200 28747 "http://www.superior-dentistry.com/" "Mozilla/5.0 (Windows NT 10.0; WOW64) AppleWebKit/537.36 (KHTML, like Gecko) Chrome/54.0.2840.71 Safari/537.36" "www.superior-dentistry.com"
108.31.198.30 - - [23/Oct/2016:04:05:10 -0700] "GET /css/bootstrap-theme.css HTTP/1.1" 200 19156 "http://www.superior-dentistry.com/" "Mozilla/5.0 (Windows NT 10.0; WOW64) AppleWebKit/537.36 (KHTML, like Gecko) Chrome/54.0.2840.71 Safari/537.36" "www.superior-dentistry.com"
108.31.198.30 - - [23/Oct/2016:04:05:10 -0700] "GET /theme.css HTTP/1.1" 200 1926 "http://www.superior-dentistry.com/" "Mozilla/5.0 (Windows NT 10.0; WOW64) AppleWebKit/537.36 (KHTML, like Gecko) Chrome/54.0.2840.71 Safari/537.36" "www.superior-dentistry.com"
108.31.198.30 - - [23/Oct/2016:04:05:11 -0700] "GET /js/ie-emulation-modes-warning.js HTTP/1.1" 200 2132 "http://www.superior-dentistry.com/" "Mozilla/5.0 (Windows NT 10.0; WOW64) AppleWebKit/537.36 (KHTML, like Gecko) Chrome/54.0.2840.71 Safari/537.36" "www.superior-dentistry.com"
108.31.198.30 - - [23/Oct/2016:04:05:11 -0700] "GET /img/logo.jpg HTTP/1.1" 200 139628 "http://www.superior-dentistry.com/" "Mozilla/5.0 (Windows NT 10.0; WOW64) AppleWebKit/537.36 (KHTML, like Gecko) Chrome/54.0.2840.71 Safari/537.36" "www.superior-dentistry.com"
108.31.198.30 - - [23/Oct/2016:04:05:12 -0700] "GET /img/extraction.jpg HTTP/1.1" 200 30135 "http://www.superior-dentistry.com/" "Mozilla/5.0 (Windows NT 10.0; WOW64) AppleWebKit/537.36 (KHTML, like Gecko) Chrome/54.0.2840.71 Safari/537.36" "www.superior-dentistry.com"
108.31.198.30 - - [23/Oct/2016:04:05:12 -0700] "GET /img/jaw-surgery.jpg HTTP/1.1" 200 27058 "http://www.superior-dentistry.com/" "Mozilla/5.0 (Windows NT 10.0; WOW64) AppleWebKit/537.36 (KHTML, like Gecko) Chrome/54.0.2840.71 Safari/537.36" "www.superior-dentistry.com"
108.31.198.30 - - [23/Oct/2016:04:05:12 -0700] "GET /img/oral-pathology.jpg HTTP/1.1" 200 33395 "http://www.superior-dentistry.com/" "Mozilla/5.0 (Windows NT 10.0; WOW64) AppleWebKit/537.36 (KHTML, like Gecko) Chrome/54.0.2840.71 Safari/537.36" "www.superior-dentistry.com"
108.31.198.30 - - [23/Oct/2016:04:05:12 -0700] "GET /img/tmj-trauma.jpg HTTP/1.1" 200 22488 "http://www.superior-dentistry.com/" "Mozilla/5.0 (Windows NT 10.0; WOW64) AppleWebKit/537.36 (KHTML, like Gecko) Chrome/54.0.2840.71 Safari/537.36" "www.superior-dentistry.com"
108.31.198.30 - - [23/Oct/2016:04:05:12 -0700] "GET /img/slider1.jpg HTTP/1.1" 200 268888 "http://www.superior-dentistry.com/" "Mozilla/5.0 (Windows NT 10.0; WOW64) AppleWebKit/537.36 (KHTML, like Gecko) Chrome/54.0.2840.71 Safari/537.36" "www.superior-dentistry.com"
108.31.198.30 - - [23/Oct/2016:04:05:14 -0700] "GET /img/meetdr-ali.jpg HTTP/1.1" 200 60533 "http://www.superior-dentistry.com/" "Mozilla/5.0 (Windows NT 10.0; WOW64) AppleWebKit/537.36 (KHTML, like Gecko) Chrome/54.0.2840.71 Safari/537.36" "www.superior-dentistry.com"
108.31.198.30 - - [23/Oct/2016:04:05:15 -0700] "GET /img/offer-31-05-2014-sonicare-brush.jpg HTTP/1.1" 200 13165 "http://www.superior-dentistry.com/" "Mozilla/5.0 (Windows NT 10.0; WOW64) AppleWebKit/537.36 (KHTML, like Gecko) Chrome/54.0.2840.71 Safari/537.36" "www.superior-dentistry.com"
108.31.198.30 - - [23/Oct/2016:04:05:15 -0700] "GET /img/offer-31-05-2014-whitening.jpg HTTP/1.1" 200 15686 "http://www.superior-dentistry.com/" "Mozilla/5.0 (Windows NT 10.0; WOW64) AppleWebKit/537.36 (KHTML, like Gecko) Chrome/54.0.2840.71 Safari/537.36" "www.superior-dentistry.com"
108.31.198.30 - - [23/Oct/2016:04:05:15 -0700] "GET /img/offer-31-05-2014-new-patient.jpg HTTP/1.1" 200 15365 "http://www.superior-dentistry.com/" "Mozilla/5.0 (Windows NT 10.0; WOW64) AppleWebKit/537.36 (KHTML, like Gecko) Chrome/54.0.2840.71 Safari/537.36" "www.superior-dentistry.com"
108.31.198.30 - - [23/Oct/2016:04:05:15 -0700] "GET /img/patients-choice-winner-2015.png HTTP/1.1" 200 9818 "http://www.superior-dentistry.com/" "Mozilla/5.0 (Windows NT 10.0; WOW64) AppleWebKit/537.36 (KHTML, like Gecko) Chrome/54.0.2840.71 Safari/537.36" "www.superior-dentistry.com"
108.31.198.30 - - [23/Oct/2016:04:05:17 -0700] "GET /js/bootstrap.min.js HTTP/1.1" 200 35601 "http://www.superior-dentistry.com/" "Mozilla/5.0 (Windows NT 10.0; WOW64) AppleWebKit/537.36 (KHTML, like Gecko) Chrome/54.0.2840.71 Safari/537.36" "www.superior-dentistry.com"
108.31.198.30 - - [23/Oct/2016:04:05:17 -0700] "GET /js/docs.min.js HTTP/1.1" 200 43299 "http://www.superior-dentistry.com/" "Mozilla/5.0 (Windows NT 10.0; WOW64) AppleWebKit/537.36 (KHTML, like Gecko) Chrome/54.0.2840.71 Safari/537.36" "www.superior-dentistry.com"
108.31.198.30 - - [23/Oct/2016:04:05:31 -0700] "GET /favicon.ico HTTP/1.1" 200 688 "http://www.superior-dentistry.com/" "Mozilla/5.0 (Windows NT 10.0; WOW64) AppleWebKit/537.36 (KHTML, like Gecko) Chrome/54.0.2840.71 Safari/537.36" "www.superior-dentistry.com"
174.129.1.66 - - [23/Oct/2016:04:50:27 -0700] "HEAD /Dental-LinkExchange.html HTTP/1.1" 200 0 "-" "Mozilla/5.0 (Windows; U; Windows NT 5.1; en-US; rv:1.7.5) Gecko/20041107 Firefox/1.0" "superior-dentistry.com"
174.129.1.66 - - [23/Oct/2016:04:50:27 -0700] "GET /Dental-LinkExchange.html HTTP/1.1" 200 24959 "-" "Mozilla/5.0 (Windows; U; Windows NT 5.1; en-US; rv:1.7.5) Gecko/20041107 Firefox/1.0" "superior-dentistry.com"
174.129.1.66 - - [23/Oct/2016:04:50:27 -0700] "GET /robots.txt HTTP/1.1" 200 49 "-" "Mozilla/5.0 (compatible; MSIE 9.0; Windows NT 6.1; WOW64; Trident/5.0)" "superior-dentistry.com"
17.142.159.177 - - [23/Oct/2016:04:52:20 -0700] "GET /images/logo1.jpg HTTP/1.1" 404 89 "-" "Mozilla/5.0 (Macintosh; Intel Mac OS X 10_10_1) AppleWebKit/600.2.5 (KHTML, like Gecko) Version/8.0.2 Safari/600.2.5 (Applebot/0.1; +http://www.apple.com/go/applebot)" "www.superior-dentistry.com"
17.142.159.177 - - [23/Oct/2016:04:52:20 -0700] "GET /images/logo1.jpg HTTP/1.1" 404 89 "-" "Mozilla/5.0 (iPhone; CPU iPhone OS 8_1 like Mac OS X) AppleWebKit/600.1.4 (KHTML, like Gecko) Version/8.0 Mobile/12B410 Safari/600.1.4 (Applebot/0.1; +http://www.apple.com/go/applebot)" "www.superior-dentistry.com"
54.242.164.91 - - [23/Oct/2016:04:56:03 -0700] "GET / HTTP/1.1" 200 38900 "-" "Mozilla/5.0 (X11; Linux x86_64) AppleWebKit/537.36 (KHTML, like Gecko) Chrome/43.0.2357.134 Safari/537.36 http://notifyninja.com/monitoring" "superior-dentistry.com"
199.16.156.124 - - [23/Oct/2016:05:16:55 -0700] "GET /robots.txt HTTP/1.1" 200 49 "-" "Twitterbot/1.0" "www.superior-dentistry.com"
199.16.156.124 - - [23/Oct/2016:05:16:55 -0700] "GET /robots.txt HTTP/1.1" 200 49 "-" "Twitterbot/1.0" "www.superior-dentistry.com"
199.16.156.124 - - [23/Oct/2016:05:16:55 -0700] "GET /images/logo1.jpg HTTP/1.1" 404 89 "-" "Twitterbot/1.0" "www.superior-dentistry.com"
199.16.156.124 - - [23/Oct/2016:05:16:55 -0700] "GET /images/endodontia-root-canal-treatment.jpg HTTP/1.1" 404 89 "-" "Twitterbot/1.0" "www.superior-dentistry.com"
96.86.14.214 - - [23/Oct/2016:05:32:31 -0700] "GET /img/meetdr-ali.jpg HTTP/1.1" 200 60533 "http://www.superior-dentistry.com/" "Mozilla/5.0 (iPhone; CPU iPhone OS 10_0_1 like Mac OS X) AppleWebKit/602.1.50 (KHTML, like Gecko) Version/10.0 Mobile/14A403 Safari/602.1" "www.superior-dentistry.com"
96.86.14.214 - - [23/Oct/2016:05:32:31 -0700] "GET /img/zocdoc-apt.jpg HTTP/1.1" 200 79396 "http://www.superior-dentistry.com/" "Mozilla/5.0 (iPhone; CPU iPhone OS 10_0_1 like Mac OS X) AppleWebKit/602.1.50 (KHTML, like Gecko) Version/10.0 Mobile/14A403 Safari/602.1" "www.superior-dentistry.com"
96.86.14.214 - - [23/Oct/2016:05:32:31 -0700] "GET /img/meetdr-melika.jpg HTTP/1.1" 200 75968 "http://www.superior-dentistry.com/" "Mozilla/5.0 (iPhone; CPU iPhone OS 10_0_1 like Mac OS X) AppleWebKit/602.1.50 (KHTML, like Gecko) Version/10.0 Mobile/14A403 Safari/602.1" "www.superior-dentistry.com"
96.86.14.214 - - [23/Oct/2016:05:32:31 -0700] "GET /img/offer-31-05-2014-sonicare-brush.jpg HTTP/1.1" 200 13165 "http://www.superior-dentistry.com/" "Mozilla/5.0 (iPhone; CPU iPhone OS 10_0_1 like Mac OS X) AppleWebKit/602.1.50 (KHTML, like Gecko) Version/10.0 Mobile/14A403 Safari/602.1" "www.superior-dentistry.com"
96.86.14.214 - - [23/Oct/2016:05:32:31 -0700] "GET /img/wisdom-teeth-extraction.jpg HTTP/1.1" 200 23758 "http://www.superior-dentistry.com/" "Mozilla/5.0 (iPhone; CPU iPhone OS 10_0_1 like Mac OS X) AppleWebKit/602.1.50 (KHTML, like Gecko) Version/10.0 Mobile/14A403 Safari/602.1" "www.superior-dentistry.com"
96.86.14.214 - - [23/Oct/2016:05:32:31 -0700] "GET /img/patients-choice-winner-2015.png HTTP/1.1" 200 9818 "http://www.superior-dentistry.com/" "Mozilla/5.0 (iPhone; CPU iPhone OS 10_0_1 like Mac OS X) AppleWebKit/602.1.50 (KHTML, like Gecko) Version/10.0 Mobile/14A403 Safari/602.1" "www.superior-dentistry.com"
198.16.7.150 - - [23/Oct/2016:05:33:39 -0700] "GET / HTTP/1.1" 200 38900 "-" "FreeWebMonitoring SiteChecker/0.2 (+http://www.freewebmonitoring.com/bot.html)" "www.superior-dentistry.com"
209.95.183.122 - - [23/Oct/2016:05:50:59 -0700] "GET / HTTP/1.1" 200 38900 "-" "=Mozilla/5.0 (Windows; U; Windows NT 6.1; en-US) AppleWebKit/534.16 (KHTML, like Gecko) Chrome/10.0.648.204 Safari/534.16" "superior-dentistry.com"
198.16.7.150 - - [23/Oct/2016:07:35:18 -0700] "GET / HTTP/1.1" 200 38900 "-" "FreeWebMonitoring SiteChecker/0.2 (+http://www.freewebmonitoring.com/bot.html)" "www.superior-dentistry.com"
166.216.165.60 - - [23/Oct/2016:08:22:09 -0700] "GET /theme.css HTTP/1.1" 200 1926 "http://www.superior-dentistry.com/" "Mozilla/5.0 (iPhone; CPU iPhone OS 10_0_2 like Mac OS X) AppleWebKit/602.1.50 (KHTML, like Gecko) Version/10.0 Mobile/14A456 Safari/602.1" "www.superior-dentistry.com"
166.216.165.60 - - [23/Oct/2016:08:22:09 -0700] "GET /css/bootstrap.css HTTP/1.1" 200 138415 "http://www.superior-dentistry.com/" "Mozilla/5.0 (iPhone; CPU iPhone OS 10_0_2 like Mac OS X) AppleWebKit/602.1.50 (KHTML, like Gecko) Version/10.0 Mobile/14A456 Safari/602.1" "www.superior-dentistry.com"
166.216.165.60 - - [23/Oct/2016:08:22:09 -0700] "GET /js/ie-emulation-modes-warning.js HTTP/1.1" 200 2132 "http://www.superior-dentistry.com/" "Mozilla/5.0 (iPhone; CPU iPhone OS 10_0_2 like Mac OS X) AppleWebKit/602.1.50 (KHTML, like Gecko) Version/10.0 Mobile/14A456 Safari/602.1" "www.superior-dentistry.com"
166.216.165.60 - - [23/Oct/2016:08:22:09 -0700] "GET /js/bootstrap.min.js HTTP/1.1" 200 35601 "http://www.superior-dentistry.com/" "Mozilla/5.0 (iPhone; CPU iPhone OS 10_0_2 like Mac OS X) AppleWebKit/602.1.50 (KHTML, like Gecko) Version/10.0 Mobile/14A456 Safari/602.1" "www.superior-dentistry.com"
