207.46.13.176 - - [02/Jan/2016:16:07:54 -0800] "GET /meet-staff.php HTTP/1.1" 200 73 "-" "Mozilla/5.0 (iPhone; CPU iPhone OS 7_0 like Mac OS X) AppleWebKit/537.51.1 (KHTML, like Gecko) Version/7.0 Mobile/11A465 Safari/9537.53 (compatible; bingbot/2.0;  http://www.bing.com/bingbot.htm)" "www.superior-dentistry.com"
180.76.15.140 - - [02/Jan/2016:16:46:55 -0800] "GET /Dental-Sites-We-Like.html HTTP/1.1" 200 41324 "-" "Mozilla/5.0 (compatible; Baiduspider/2.0; +http://www.baidu.com/search/spider.html)" "superior-dentistry.com"
171.43.253.215 - - [02/Jan/2016:17:06:49 -0800] "GET /blog.php HTTP/1.1" 200 99736 "-" "Mozilla/5.0 (Windows NT 6.1; Trident/7.0; rv:11.0) like Gecko" "www.superior-dentistry.com"
171.43.253.215 - - [02/Jan/2016:17:06:54 -0800] "POST /blog.php/trackback/ HTTP/1.1" 200 99355 "http://www.superior-dentistry.com/blog.php" "Mozilla/5.0 (Windows NT 6.1; Trident/7.0; rv:11.0) like Gecko" "www.superior-dentistry.com"
54.165.21.249 - - [02/Jan/2016:17:10:49 -0800] "GET / HTTP/1.1" 200 38156 "-" "Mozilla/5.0 (compatible; proximic; +http://www.proximic.com/info/spider.php)" "superior-dentistry.com"
208.122.6.102 - - [02/Jan/2016:17:40:53 -0800] "GET / HTTP/1.1" 200 38156 "-" "FreeWebMonitoring SiteChecker/0.2 (+http://www.freewebmonitoring.com/bot.html)" "www.superior-dentistry.com"
180.76.15.134 - - [02/Jan/2016:17:43:59 -0800] "GET /Dentist-Bowie-MD/images/Thumbs.db HTTP/1.1" 200 770560 "-" "Mozilla/5.0 (compatible; Baiduspider/2.0; +http://www.baidu.com/search/spider.html)" "www.superior-dentistry.com"
108.48.148.137 - - [02/Jan/2016:17:53:47 -0800] "GET / HTTP/1.1" 200 38156 "-" "Mozilla/5.0 (X11; Linux x86_64) AppleWebKit/534.24 (KHTML, like Gecko) Chrome/11.0.696.34 Safari/534.24" "www.superior-dentistry.com"
108.48.148.137 - - [02/Jan/2016:17:53:47 -0800] "GET /css/bootstrap-theme.css HTTP/1.1" 200 19156 "http://www.superior-dentistry.com/" "Mozilla/5.0 (X11; Linux x86_64) AppleWebKit/534.24 (KHTML, like Gecko) Chrome/11.0.696.34 Safari/534.24" "www.superior-dentistry.com"
108.48.148.137 - - [02/Jan/2016:17:53:47 -0800] "GET /theme.css HTTP/1.1" 200 1926 "http://www.superior-dentistry.com/" "Mozilla/5.0 (X11; Linux x86_64) AppleWebKit/534.24 (KHTML, like Gecko) Chrome/11.0.696.34 Safari/534.24" "www.superior-dentistry.com"
108.48.148.137 - - [02/Jan/2016:17:53:47 -0800] "GET /js/ie-emulation-modes-warning.js HTTP/1.1" 200 2132 "http://www.superior-dentistry.com/" "Mozilla/5.0 (X11; Linux x86_64) AppleWebKit/534.24 (KHTML, like Gecko) Chrome/11.0.696.34 Safari/534.24" "www.superior-dentistry.com"
108.48.148.137 - - [02/Jan/2016:17:53:47 -0800] "GET /css/bootstrap.css HTTP/1.1" 200 138415 "http://www.superior-dentistry.com/" "Mozilla/5.0 (X11; Linux x86_64) AppleWebKit/534.24 (KHTML, like Gecko) Chrome/11.0.696.34 Safari/534.24" "www.superior-dentistry.com"
108.48.148.137 - - [02/Jan/2016:17:53:47 -0800] "GET /css/font-awesome.css HTTP/1.1" 200 28747 "http://www.superior-dentistry.com/" "Mozilla/5.0 (X11; Linux x86_64) AppleWebKit/534.24 (KHTML, like Gecko) Chrome/11.0.696.34 Safari/534.24" "www.superior-dentistry.com"
108.48.148.137 - - [02/Jan/2016:17:53:47 -0800] "GET /js/bootstrap.min.js HTTP/1.1" 200 35601 "http://www.superior-dentistry.com/" "Mozilla/5.0 (X11; Linux x86_64) AppleWebKit/534.24 (KHTML, like Gecko) Chrome/11.0.696.34 Safari/534.24" "www.superior-dentistry.com"
108.48.148.137 - - [02/Jan/2016:17:53:47 -0800] "GET /js/ie10-viewport-bug-workaround.js HTTP/1.1" 200 694 "http://www.superior-dentistry.com/" "Mozilla/5.0 (X11; Linux x86_64) AppleWebKit/534.24 (KHTML, like Gecko) Chrome/11.0.696.34 Safari/534.24" "www.superior-dentistry.com"
108.48.148.137 - - [02/Jan/2016:17:53:47 -0800] "GET /js/docs.min.js HTTP/1.1" 200 43299 "http://www.superior-dentistry.com/" "Mozilla/5.0 (X11; Linux x86_64) AppleWebKit/534.24 (KHTML, like Gecko) Chrome/11.0.696.34 Safari/534.24" "www.superior-dentistry.com"
108.48.148.137 - - [02/Jan/2016:17:53:47 -0800] "GET /img/logo.jpg HTTP/1.1" 200 139628 "http://www.superior-dentistry.com/" "Mozilla/5.0 (X11; Linux x86_64) AppleWebKit/534.24 (KHTML, like Gecko) Chrome/11.0.696.34 Safari/534.24" "www.superior-dentistry.com"
108.48.148.137 - - [02/Jan/2016:17:53:47 -0800] "GET /img/dental-implants.jpg HTTP/1.1" 200 22844 "http://www.superior-dentistry.com/" "Mozilla/5.0 (X11; Linux x86_64) AppleWebKit/534.24 (KHTML, like Gecko) Chrome/11.0.696.34 Safari/534.24" "www.superior-dentistry.com"
108.48.148.137 - - [02/Jan/2016:17:53:47 -0800] "GET /img/jaw-surgery.jpg HTTP/1.1" 200 27058 "http://www.superior-dentistry.com/" "Mozilla/5.0 (X11; Linux x86_64) AppleWebKit/534.24 (KHTML, like Gecko) Chrome/11.0.696.34 Safari/534.24" "www.superior-dentistry.com"
108.48.148.137 - - [02/Jan/2016:17:53:47 -0800] "GET /img/wisdom-teeth-extraction.jpg HTTP/1.1" 200 23758 "http://www.superior-dentistry.com/" "Mozilla/5.0 (X11; Linux x86_64) AppleWebKit/534.24 (KHTML, like Gecko) Chrome/11.0.696.34 Safari/534.24" "www.superior-dentistry.com"
108.48.148.137 - - [02/Jan/2016:17:53:47 -0800] "GET /img/extraction.jpg HTTP/1.1" 200 30135 "http://www.superior-dentistry.com/" "Mozilla/5.0 (X11; Linux x86_64) AppleWebKit/534.24 (KHTML, like Gecko) Chrome/11.0.696.34 Safari/534.24" "www.superior-dentistry.com"
108.48.148.137 - - [02/Jan/2016:17:53:47 -0800] "GET /img/oral-pathology.jpg HTTP/1.1" 200 33395 "http://www.superior-dentistry.com/" "Mozilla/5.0 (X11; Linux x86_64) AppleWebKit/534.24 (KHTML, like Gecko) Chrome/11.0.696.34 Safari/534.24" "www.superior-dentistry.com"
108.48.148.137 - - [02/Jan/2016:17:53:47 -0800] "GET /img/tmj-trauma.jpg HTTP/1.1" 200 22488 "http://www.superior-dentistry.com/" "Mozilla/5.0 (X11; Linux x86_64) AppleWebKit/534.24 (KHTML, like Gecko) Chrome/11.0.696.34 Safari/534.24" "www.superior-dentistry.com"
108.48.148.137 - - [02/Jan/2016:17:53:47 -0800] "GET /img/slider1.jpg HTTP/1.1" 200 268888 "http://www.superior-dentistry.com/" "Mozilla/5.0 (X11; Linux x86_64) AppleWebKit/534.24 (KHTML, like Gecko) Chrome/11.0.696.34 Safari/534.24" "www.superior-dentistry.com"
108.48.148.137 - - [02/Jan/2016:17:53:47 -0800] "GET /img/slider2.jpg HTTP/1.1" 200 345766 "http://www.superior-dentistry.com/" "Mozilla/5.0 (X11; Linux x86_64) AppleWebKit/534.24 (KHTML, like Gecko) Chrome/11.0.696.34 Safari/534.24" "www.superior-dentistry.com"
108.48.148.137 - - [02/Jan/2016:17:53:47 -0800] "GET /fonts/fontawesome-webfont.woff?v=4.3.0 HTTP/1.1" 200 71508 "http://www.superior-dentistry.com/" "Mozilla/5.0 (X11; Linux x86_64) AppleWebKit/534.24 (KHTML, like Gecko) Chrome/11.0.696.34 Safari/534.24" "www.superior-dentistry.com"
108.48.148.137 - - [02/Jan/2016:17:53:47 -0800] "GET /img/slider3.jpg HTTP/1.1" 200 217901 "http://www.superior-dentistry.com/" "Mozilla/5.0 (X11; Linux x86_64) AppleWebKit/534.24 (KHTML, like Gecko) Chrome/11.0.696.34 Safari/534.24" "www.superior-dentistry.com"
108.48.148.137 - - [02/Jan/2016:17:53:47 -0800] "GET /img/meetdr-ali.jpg HTTP/1.1" 200 60533 "http://www.superior-dentistry.com/" "Mozilla/5.0 (X11; Linux x86_64) AppleWebKit/534.24 (KHTML, like Gecko) Chrome/11.0.696.34 Safari/534.24" "www.superior-dentistry.com"
108.48.148.137 - - [02/Jan/2016:17:53:47 -0800] "GET /img/meetdr-melika.jpg HTTP/1.1" 200 75968 "http://www.superior-dentistry.com/" "Mozilla/5.0 (X11; Linux x86_64) AppleWebKit/534.24 (KHTML, like Gecko) Chrome/11.0.696.34 Safari/534.24" "www.superior-dentistry.com"
108.48.148.137 - - [02/Jan/2016:17:53:47 -0800] "GET /img/offer-31-05-2014-whitening.jpg HTTP/1.1" 200 15686 "http://www.superior-dentistry.com/" "Mozilla/5.0 (X11; Linux x86_64) AppleWebKit/534.24 (KHTML, like Gecko) Chrome/11.0.696.34 Safari/534.24" "www.superior-dentistry.com"
108.48.148.137 - - [02/Jan/2016:17:53:47 -0800] "GET /img/offer-31-05-2014-sonicare-brush.jpg HTTP/1.1" 200 13165 "http://www.superior-dentistry.com/" "Mozilla/5.0 (X11; Linux x86_64) AppleWebKit/534.24 (KHTML, like Gecko) Chrome/11.0.696.34 Safari/534.24" "www.superior-dentistry.com"
108.48.148.137 - - [02/Jan/2016:17:53:47 -0800] "GET /img/offer-31-05-2014-new-patient.jpg HTTP/1.1" 200 15365 "http://www.superior-dentistry.com/" "Mozilla/5.0 (X11; Linux x86_64) AppleWebKit/534.24 (KHTML, like Gecko) Chrome/11.0.696.34 Safari/534.24" "www.superior-dentistry.com"
108.48.148.137 - - [02/Jan/2016:17:53:47 -0800] "GET /img/patients-choice-winner-2015.png HTTP/1.1" 200 9818 "http://www.superior-dentistry.com/" "Mozilla/5.0 (X11; Linux x86_64) AppleWebKit/534.24 (KHTML, like Gecko) Chrome/11.0.696.34 Safari/534.24" "www.superior-dentistry.com"
108.48.148.137 - - [02/Jan/2016:17:53:50 -0800] "GET /img/zocdoc-apt.jpg HTTP/1.1" 200 79396 "http://www.superior-dentistry.com/" "Mozilla/5.0 (X11; Linux x86_64) AppleWebKit/534.24 (KHTML, like Gecko) Chrome/11.0.696.34 Safari/534.24" "www.superior-dentistry.com"
108.48.148.137 - - [02/Jan/2016:17:53:57 -0800] "GET /favicon.ico HTTP/1.1" 200 688 "http://www.superior-dentistry.com/" "Mozilla/5.0 (X11; Linux x86_64) AppleWebKit/534.24 (KHTML, like Gecko) Chrome/11.0.696.34 Safari/534.24" "www.superior-dentistry.com"
166.137.126.45 - - [02/Jan/2016:18:02:50 -0800] "GET /index.php HTTP/1.1" 200 73 "-" "Mozilla/5.0 (iPhone; CPU iPhone OS 9_2 like Mac OS X) AppleWebKit/601.1.46 (KHTML, like Gecko) Version/9.0 Mobile/13C75 Safari/601.1" "www.superior-dentistry.com"
208.122.6.102 - - [02/Jan/2016:18:43:22 -0800] "GET / HTTP/1.1" 200 38156 "-" "FreeWebMonitoring SiteChecker/0.2 (+http://www.freewebmonitoring.com/bot.html)" "www.superior-dentistry.com"
199.59.148.210 - - [02/Jan/2016:19:24:41 -0800] "GET /robots.txt HTTP/1.1" 200 49 "-" "Twitterbot/1.0" "www.superior-dentistry.com"
199.59.148.210 - - [02/Jan/2016:19:24:41 -0800] "GET /images/logo1.jpg HTTP/1.1" 404 89 "-" "Twitterbot/1.0" "www.superior-dentistry.com"
207.46.13.83 - - [02/Jan/2016:19:56:14 -0800] "GET /robots.txt HTTP/1.1" 200 49 "-" "Mozilla/5.0 (compatible; bingbot/2.0; +http://www.bing.com/bingbot.htm)" "www.superior-dentistry.com"
207.46.13.83 - - [02/Jan/2016:19:56:17 -0800] "GET /img/contact-img.jpg HTTP/1.1" 200 83148 "-" "Mozilla/5.0 (compatible; bingbot/2.0; +http://www.bing.com/bingbot.htm)" "www.superior-dentistry.com"
65.36.241.48 - - [02/Jan/2016:20:18:48 -0800] "HEAD / HTTP/1.1" 200 0 "-" "InternetSeer.com" "www.superior-dentistry.com"
207.46.13.83 - - [02/Jan/2016:20:33:20 -0800] "GET /images/dentures.jpg HTTP/1.1" 404 89 "-" "Mozilla/5.0 (compatible; bingbot/2.0; +http://www.bing.com/bingbot.htm)" "www.superior-dentistry.com"
208.122.6.102 - - [02/Jan/2016:20:46:30 -0800] "GET / HTTP/1.1" 200 38156 "-" "FreeWebMonitoring SiteChecker/0.2 (+http://www.freewebmonitoring.com/bot.html)" "www.superior-dentistry.com"
207.46.13.83 - - [02/Jan/2016:20:50:51 -0800] "GET /robots.txt HTTP/1.1" 200 49 "-" "Mozilla/5.0 (compatible; bingbot/2.0; +http://www.bing.com/bingbot.htm)" "www.superior-dentistry.com"
207.46.13.83 - - [02/Jan/2016:20:50:57 -0800] "GET /Dentist-Bowie-MD/js/?D=A HTTP/1.1" 200 6862 "-" "Mozilla/5.0 (compatible; bingbot/2.0; +http://www.bing.com/bingbot.htm)" "www.superior-dentistry.com"
95.142.163.99 - - [02/Jan/2016:20:54:24 -0800] "GET /contact-us.php HTTP/1.1" 200 73 "-" "Mozilla/5.0 (X11; Ubuntu; Linux x86_64; rv:26.0) Gecko/20100101 Firefox/26.0" "www.superior-dentistry.com"
157.55.39.70 - - [02/Jan/2016:21:19:02 -0800] "GET /robots.txt HTTP/1.1" 200 49 "-" "Mozilla/5.0 (compatible; bingbot/2.0; +http://www.bing.com/bingbot.htm)" "www.superior-dentistry.com"
157.55.39.70 - - [02/Jan/2016:21:19:04 -0800] "GET /Bowie-Dentists/images/offer-31-05-2014-whitening.jpg HTTP/1.1" 200 15686 "-" "Mozilla/5.0 (compatible; bingbot/2.0; +http://www.bing.com/bingbot.htm)" "www.superior-dentistry.com"
88.198.22.8 - - [02/Jan/2016:21:40:11 -0800] "GET /robots.txt HTTP/1.1" 200 49 "-" "Mozilla/5.0 (Windows NT 6.1;WOW64;rv:24.0) Gecko/20100101 Firefox/24.0; Mozilla Firefox 24.3.0 - 10512-1019-50" "superior-dentistry.com"
208.122.6.102 - - [02/Jan/2016:21:47:26 -0800] "GET / HTTP/1.1" 200 38156 "-" "FreeWebMonitoring SiteChecker/0.2 (+http://www.freewebmonitoring.com/bot.html)" "www.superior-dentistry.com"
173.64.66.145 - - [02/Jan/2016:21:59:04 -0800] "GET /Dentist-Bowie-MD/css/style.css HTTP/1.1" 200 19818 "http://www.superior-dentistry.com/Dentist-Bowie-MD/Tooth-Extractions-Maryland-MD.html" "Mozilla/5.0 (Macintosh; Intel Mac OS X 10_10_5) AppleWebKit/601.2.7 (KHTML, like Gecko) Version/9.0.1 Safari/601.2.7" "www.superior-dentistry.com"
173.64.66.145 - - [02/Jan/2016:21:59:04 -0800] "GET /Dentist-Bowie-MD/css/js-image-slider.css HTTP/1.1" 200 2917 "http://www.superior-dentistry.com/Dentist-Bowie-MD/Tooth-Extractions-Maryland-MD.html" "Mozilla/5.0 (Macintosh; Intel Mac OS X 10_10_5) AppleWebKit/601.2.7 (KHTML, like Gecko) Version/9.0.1 Safari/601.2.7" "www.superior-dentistry.com"
173.64.66.145 - - [02/Jan/2016:21:59:04 -0800] "GET /Dentist-Bowie-MD/js/jquery.easing.1.3.js HTTP/1.1" 200 3517 "http://www.superior-dentistry.com/Dentist-Bowie-MD/Tooth-Extractions-Maryland-MD.html" "Mozilla/5.0 (Macintosh; Intel Mac OS X 10_10_5) AppleWebKit/601.2.7 (KHTML, like Gecko) Version/9.0.1 Safari/601.2.7" "www.superior-dentistry.com"
173.64.66.145 - - [02/Jan/2016:21:59:04 -0800] "GET /Dentist-Bowie-MD/js/jquery-1.6.4.min.js HTTP/1.1" 200 91669 "http://www.superior-dentistry.com/Dentist-Bowie-MD/Tooth-Extractions-Maryland-MD.html" "Mozilla/5.0 (Macintosh; Intel Mac OS X 10_10_5) AppleWebKit/601.2.7 (KHTML, like Gecko) Version/9.0.1 Safari/601.2.7" "www.superior-dentistry.com"
173.64.66.145 - - [02/Jan/2016:21:59:04 -0800] "GET /Dentist-Bowie-MD/css/font/delicious-roman.woff HTTP/1.1" 404 89 "http://www.superior-dentistry.com/Dentist-Bowie-MD/Tooth-Extractions-Maryland-MD.html" "Mozilla/5.0 (Macintosh; Intel Mac OS X 10_10_5) AppleWebKit/601.2.7 (KHTML, like Gecko) Version/9.0.1 Safari/601.2.7" "www.superior-dentistry.com"
173.64.66.145 - - [02/Jan/2016:21:59:04 -0800] "GET /Dentist-Bowie-MD/images/logo1.jpg HTTP/1.1" 200 37169 "http://www.superior-dentistry.com/Dentist-Bowie-MD/Tooth-Extractions-Maryland-MD.html" "Mozilla/5.0 (Macintosh; Intel Mac OS X 10_10_5) AppleWebKit/601.2.7 (KHTML, like Gecko) Version/9.0.1 Safari/601.2.7" "www.superior-dentistry.com"
173.64.66.145 - - [02/Jan/2016:21:59:05 -0800] "GET /images/care6.jpg HTTP/1.1" 404 89 "http://www.superior-dentistry.com/Dentist-Bowie-MD/Tooth-Extractions-Maryland-MD.html" "Mozilla/5.0 (Macintosh; Intel Mac OS X 10_10_5) AppleWebKit/601.2.7 (KHTML, like Gecko) Version/9.0.1 Safari/601.2.7" "www.superior-dentistry.com"
173.64.66.145 - - [02/Jan/2016:21:59:05 -0800] "GET /images/care4.jpg HTTP/1.1" 404 89 "http://www.superior-dentistry.com/Dentist-Bowie-MD/Tooth-Extractions-Maryland-MD.html" "Mozilla/5.0 (Macintosh; Intel Mac OS X 10_10_5) AppleWebKit/601.2.7 (KHTML, like Gecko) Version/9.0.1 Safari/601.2.7" "www.superior-dentistry.com"
173.64.66.145 - - [02/Jan/2016:21:59:05 -0800] "GET /images/care5.jpg HTTP/1.1" 404 89 "http://www.superior-dentistry.com/Dentist-Bowie-MD/Tooth-Extractions-Maryland-MD.html" "Mozilla/5.0 (Macintosh; Intel Mac OS X 10_10_5) AppleWebKit/601.2.7 (KHTML, like Gecko) Version/9.0.1 Safari/601.2.7" "www.superior-dentistry.com"
173.64.66.145 - - [02/Jan/2016:21:59:05 -0800] "GET /images/services3.png HTTP/1.1" 404 89 "http://www.superior-dentistry.com/Dentist-Bowie-MD/Tooth-Extractions-Maryland-MD.html" "Mozilla/5.0 (Macintosh; Intel Mac OS X 10_10_5) AppleWebKit/601.2.7 (KHTML, like Gecko) Version/9.0.1 Safari/601.2.7" "www.superior-dentistry.com"
173.64.66.145 - - [02/Jan/2016:21:59:05 -0800] "GET /images/twitter.png HTTP/1.1" 404 89 "http://www.superior-dentistry.com/Dentist-Bowie-MD/Tooth-Extractions-Maryland-MD.html" "Mozilla/5.0 (Macintosh; Intel Mac OS X 10_10_5) AppleWebKit/601.2.7 (KHTML, like Gecko) Version/9.0.1 Safari/601.2.7" "www.superior-dentistry.com"
173.64.66.145 - - [02/Jan/2016:21:59:05 -0800] "GET /Dentist-Bowie-MD/css/images/overlay.png HTTP/1.1" 404 89 "http://www.superior-dentistry.com/Dentist-Bowie-MD/Tooth-Extractions-Maryland-MD.html" "Mozilla/5.0 (Macintosh; Intel Mac OS X 10_10_5) AppleWebKit/601.2.7 (KHTML, like Gecko) Version/9.0.1 Safari/601.2.7" "www.superior-dentistry.com"
173.64.66.145 - - [02/Jan/2016:21:59:05 -0800] "GET /images/facebook.png HTTP/1.1" 404 89 "http://www.superior-dentistry.com/Dentist-Bowie-MD/Tooth-Extractions-Maryland-MD.html" "Mozilla/5.0 (Macintosh; Intel Mac OS X 10_10_5) AppleWebKit/601.2.7 (KHTML, like Gecko) Version/9.0.1 Safari/601.2.7" "www.superior-dentistry.com"
173.64.66.145 - - [02/Jan/2016:21:59:05 -0800] "GET /images/pinterest.png HTTP/1.1" 404 89 "http://www.superior-dentistry.com/Dentist-Bowie-MD/Tooth-Extractions-Maryland-MD.html" "Mozilla/5.0 (Macintosh; Intel Mac OS X 10_10_5) AppleWebKit/601.2.7 (KHTML, like Gecko) Version/9.0.1 Safari/601.2.7" "www.superior-dentistry.com"
173.64.66.145 - - [02/Jan/2016:21:59:14 -0800] "GET /images/Patient-apt-icon2.png HTTP/1.1" 404 89 "http://www.superior-dentistry.com/Dentist-Bowie-MD/Tooth-Extractions-Maryland-MD.html" "Mozilla/5.0 (Macintosh; Intel Mac OS X 10_10_5) AppleWebKit/601.2.7 (KHTML, like Gecko) Version/9.0.1 Safari/601.2.7" "www.superior-dentistry.com"
199.16.156.126 - - [02/Jan/2016:21:59:15 -0800] "GET /robots.txt HTTP/1.1" 200 49 "-" "Twitterbot/1.0" "www.superior-dentistry.com"
199.16.156.126 - - [02/Jan/2016:21:59:15 -0800] "GET /images/logo1.jpg HTTP/1.1" 404 89 "-" "Twitterbot/1.0" "www.superior-dentistry.com"
199.16.156.126 - - [02/Jan/2016:21:59:15 -0800] "GET /robots.txt HTTP/1.1" 200 49 "-" "Twitterbot/1.0" "www.superior-dentistry.com"
173.64.66.145 - - [02/Jan/2016:21:59:15 -0800] "GET /favicon.ico HTTP/1.1" 200 688 "http://www.superior-dentistry.com/Dentist-Bowie-MD/Tooth-Extractions-Maryland-MD.html" "Mozilla/5.0 (Macintosh; Intel Mac OS X 10_10_5) AppleWebKit/601.2.7 (KHTML, like Gecko) Version/9.0.1 Safari/601.2.7" "www.superior-dentistry.com"
207.46.13.83 - - [02/Jan/2016:22:08:11 -0800] "GET /robots.txt HTTP/1.1" 200 49 "-" "Mozilla/5.0 (compatible; bingbot/2.0; +http://www.bing.com/bingbot.htm)" "www.superior-dentistry.com"
207.46.13.83 - - [02/Jan/2016:22:08:13 -0800] "GET /Dentist-Bowie-MD/images/?N=A HTTP/1.1" 200 2816 "-" "Mozilla/5.0 (compatible; bingbot/2.0; +http://www.bing.com/bingbot.htm)" "www.superior-dentistry.com"
208.122.6.102 - - [02/Jan/2016:22:48:19 -0800] "GET / HTTP/1.1" 200 38156 "-" "FreeWebMonitoring SiteChecker/0.2 (+http://www.freewebmonitoring.com/bot.html)" "www.superior-dentistry.com"
199.16.156.125 - - [02/Jan/2016:23:23:10 -0800] "GET /images/logo1.jpg HTTP/1.1" 404 89 "-" "Twitterbot/1.0" "www.superior-dentistry.com"
199.16.156.124 - - [02/Jan/2016:23:23:10 -0800] "GET /index.php HTTP/1.1" 200 73 "-" "Twitterbot/1.0" "www.superior-dentistry.com"
66.87.143.149 - - [02/Jan/2016:23:32:27 -0800] "GET /img/dental-implants.jpg HTTP/1.1" 200 22844 "https://www.google.com/" "Mozilla/5.0 (iPhone; CPU iPhone OS 9_2 like Mac OS X) AppleWebKit/601.1.46 (KHTML, like Gecko) Version/9.0 Mobile/13C75 Safari/601.1" "www.superior-dentistry.com"
8.37.70.36 - - [02/Jan/2016:23:51:22 -0800] "GET /Dentist-Bowie-MD/Tooth-Extractions-Maryland-MD.html HTTP/1.1" 200 32565 "-" "AddThis.com (http://support.addthis.com/)" "www.superior-dentistry.com"
89.145.95.41 - - [02/Jan/2016:23:54:33 -0800] "GET /robots.txt HTTP/1.1" 200 49 "-" "Mozilla/5.0 (compatible; GrapeshotCrawler/2.0; +http://www.grapeshot.co.uk/crawler.php)" "www.superior-dentistry.com"
208.122.6.102 - - [03/Jan/2016:00:51:10 -0800] "GET / HTTP/1.1" 200 38156 "-" "FreeWebMonitoring SiteChecker/0.2 (+http://www.freewebmonitoring.com/bot.html)" "www.superior-dentistry.com"
157.55.39.70 - - [03/Jan/2016:01:03:02 -0800] "GET /robots.txt HTTP/1.1" 200 49 "-" "Mozilla/5.0 (compatible; bingbot/2.0; +http://www.bing.com/bingbot.htm)" "www.superior-dentistry.com"
157.55.39.70 - - [03/Jan/2016:01:03:16 -0800] "GET / HTTP/1.1" 200 38156 "-" "Mozilla/5.0 (compatible; bingbot/2.0; +http://www.bing.com/bingbot.htm)" "www.superior-dentistry.com"
157.55.39.70 - - [03/Jan/2016:01:03:43 -0800] "GET /js/bootstrap.min.js HTTP/1.1" 200 35601 "-" "Mozilla/5.0 (compatible; bingbot/2.0; +http://www.bing.com/bingbot.htm)" "www.superior-dentistry.com"
157.55.39.70 - - [03/Jan/2016:01:03:43 -0800] "GET /js/ie10-viewport-bug-workaround.js HTTP/1.1" 200 694 "-" "Mozilla/5.0 (compatible; bingbot/2.0; +http://www.bing.com/bingbot.htm)" "www.superior-dentistry.com"
207.46.13.83 - - [03/Jan/2016:01:08:30 -0800] "GET /robots.txt HTTP/1.1" 200 49 "-" "Mozilla/5.0 (compatible; bingbot/2.0; +http://www.bing.com/bingbot.htm)" "www.superior-dentistry.com"
207.46.13.83 - - [03/Jan/2016:01:08:32 -0800] "GET /fonts/fontawesome-webfont.ttf?v=4.3.0 HTTP/1.1" 200 122092 "-" "Mozilla/5.0 (compatible; bingbot/2.0; +http://www.bing.com/bingbot.htm)" "www.superior-dentistry.com"
207.46.13.83 - - [03/Jan/2016:01:08:32 -0800] "GET /fonts/fontawesome-webfont.svg?v=4.3.0 HTTP/1.1" 200 313398 "-" "Mozilla/5.0 (compatible; bingbot/2.0; +http://www.bing.com/bingbot.htm)" "www.superior-dentistry.com"
207.46.13.62 - - [03/Jan/2016:01:22:59 -0800] "GET /robots.txt HTTP/1.1" 200 49 "-" "Mozilla/5.0 (compatible; bingbot/2.0; +http://www.bing.com/bingbot.htm)" "www.superior-dentistry.com"
207.46.13.62 - - [03/Jan/2016:01:23:05 -0800] "GET /js/docs.min.js HTTP/1.1" 200 43299 "-" "Mozilla/5.0 (compatible; bingbot/2.0; +http://www.bing.com/bingbot.htm)" "www.superior-dentistry.com"
54.187.209.40 - - [03/Jan/2016:01:32:23 -0800] "GET / HTTP/1.1" 200 38156 "-" "Thumbtack-Thunderdome/1.0" "www.superior-dentistry.com"
54.187.209.40 - - [03/Jan/2016:01:32:27 -0800] "GET / HTTP/1.1" 200 38156 "-" "Thumbtack-Thunderdome/1.0" "www.superior-dentistry.com"
54.187.209.40 - - [03/Jan/2016:01:32:29 -0800] "GET /meet-staff.html HTTP/1.1" 200 22166 "-" "Thumbtack-Thunderdome/1.0" "www.superior-dentistry.com"
54.187.209.40 - - [03/Jan/2016:01:32:32 -0800] "GET /services.html HTTP/1.1" 200 34114 "-" "Thumbtack-Thunderdome/1.0" "www.superior-dentistry.com"
54.187.209.40 - - [03/Jan/2016:01:32:35 -0800] "GET /firstvisit.html HTTP/1.1" 200 24042 "-" "Thumbtack-Thunderdome/1.0" "www.superior-dentistry.com"
54.187.209.40 - - [03/Jan/2016:01:32:36 -0800] "GET /Patient-Before-After-Gallery.html HTTP/1.1" 200 23787 "-" "Thumbtack-Thunderdome/1.0" "www.superior-dentistry.com"
54.187.209.40 - - [03/Jan/2016:01:32:40 -0800] "GET /blog.php HTTP/1.1" 200 99736 "-" "Thumbtack-Thunderdome/1.0" "www.superior-dentistry.com"
54.187.209.40 - - [03/Jan/2016:01:32:45 -0800] "GET /Dentistry-Maryland-MD.html HTTP/1.1" 200 31039 "-" "Thumbtack-Thunderdome/1.0" "www.superior-dentistry.com"
54.187.209.40 - - [03/Jan/2016:01:32:49 -0800] "GET /firstvisit.php HTTP/1.1" 200 73 "-" "Thumbtack-Thunderdome/1.0" "www.superior-dentistry.com"
54.187.209.40 - - [03/Jan/2016:01:32:56 -0800] "GET /services.php HTTP/1.1" 200 73 "-" "Thumbtack-Thunderdome/1.0" "www.superior-dentistry.com"
54.187.209.40 - - [03/Jan/2016:01:33:01 -0800] "GET /index.php HTTP/1.1" 200 73 "-" "Thumbtack-Thunderdome/1.0" "www.superior-dentistry.com"
54.187.209.40 - - [03/Jan/2016:01:33:03 -0800] "GET /Dental-Links.html HTTP/1.1" 200 27636 "-" "Thumbtack-Thunderdome/1.0" "www.superior-dentistry.com"
54.187.209.40 - - [03/Jan/2016:01:33:05 -0800] "GET /meet-staff.php HTTP/1.1" 200 73 "-" "Thumbtack-Thunderdome/1.0" "www.superior-dentistry.com"
54.187.209.40 - - [03/Jan/2016:01:33:10 -0800] "GET /wisdom-teeth.html HTTP/1.1" 404 89 "-" "Thumbtack-Thunderdome/1.0" "www.superior-dentistry.com"
54.187.209.40 - - [03/Jan/2016:01:33:12 -0800] "GET /extractions.html HTTP/1.1" 404 89 "-" "Thumbtack-Thunderdome/1.0" "www.superior-dentistry.com"
54.187.209.40 - - [03/Jan/2016:01:33:14 -0800] "GET /orthognathic-jaw-surgery.html HTTP/1.1" 404 89 "-" "Thumbtack-Thunderdome/1.0" "www.superior-dentistry.com"
54.187.209.40 - - [03/Jan/2016:01:33:17 -0800] "GET /tmj-disorder.html HTTP/1.1" 404 89 "-" "Thumbtack-Thunderdome/1.0" "www.superior-dentistry.com"
54.187.209.40 - - [03/Jan/2016:01:33:20 -0800] "GET /treatment.php HTTP/1.1" 200 21262 "-" "Thumbtack-Thunderdome/1.0" "www.superior-dentistry.com"
54.187.209.40 - - [03/Jan/2016:01:33:24 -0800] "GET /aboutus.html HTTP/1.1" 404 89 "-" "Thumbtack-Thunderdome/1.0" "www.superior-dentistry.com"
54.187.209.40 - - [03/Jan/2016:01:33:26 -0800] "GET /Dentist-Bowie-MD/Tooth-Extractions-Maryland-MD.html HTTP/1.1" 200 32565 "-" "Thumbtack-Thunderdome/1.0" "www.superior-dentistry.com"
54.187.209.40 - - [03/Jan/2016:01:33:28 -0800] "GET /Dentist.html HTTP/1.1" 404 89 "-" "Thumbtack-Thunderdome/1.0" "www.superior-dentistry.com"
54.187.209.40 - - [03/Jan/2016:01:33:31 -0800] "GET /Dentist-Bowie-MD/Periodontal-Services-Maryland-MD.html HTTP/1.1" 200 19779 "-" "Thumbtack-Thunderdome/1.0" "www.superior-dentistry.com"
54.197.162.73 - - [03/Jan/2016:01:48:21 -0800] "GET /blog.php HTTP/1.1" 200 99736 "-" "Mozilla/5.0 (compatible; linkdexbot/2.0; +http://www.linkdex.com/bots/)" "www.superior-dentistry.com"
54.157.27.44 - - [03/Jan/2016:02:23:06 -0800] "GET /blog.php HTTP/1.1" 200 99736 "-" "Mozilla/5.0 (compatible; linkdexbot/2.0; +http://www.linkdex.com/bots/)" "superior-dentistry.com"
54.225.99.218 - - [03/Jan/2016:02:24:20 -0800] "GET /robots.txt HTTP/1.1" 200 49 "-" "Mozilla/5.0 (compatible; MSIE 9.0; Windows NT 6.1; WOW64; Trident/5.0)" "www.superior-dentistry.com"
208.122.6.102 - - [03/Jan/2016:02:54:11 -0800] "GET / HTTP/1.1" 200 38156 "-" "FreeWebMonitoring SiteChecker/0.2 (+http://www.freewebmonitoring.com/bot.html)" "www.superior-dentistry.com"
69.30.221.250 - - [03/Jan/2016:03:39:27 -0800] "GET /robots.txt HTTP/1.1" 200 49 "-" "Mozilla/5.0 (compatible; MJ12bot/v1.4.5; http://www.majestic12.co.uk/bot.php?+)" "superior-dentistry.com"
69.30.221.250 - - [03/Jan/2016:03:39:28 -0800] "GET /%E2%80%9Dhttp://www.nicedentist.com HTTP/1.1" 404 89 "-" "Mozilla/5.0 (compatible; MJ12bot/v1.4.5; http://www.majestic12.co.uk/bot.php?+)" "superior-dentistry.com"
23.20.45.6 - - [03/Jan/2016:03:58:40 -0800] "GET /firstvisit.php HTTP/1.1" 200 73 "-" "Apache-HttpClient/4.3.6 (java 1.5)" "www.superior-dentistry.com"
23.20.45.6 - - [03/Jan/2016:03:58:40 -0800] "GET /services.php HTTP/1.1" 200 73 "-" "Apache-HttpClient/4.3.6 (java 1.5)" "www.superior-dentistry.com"
54.221.198.105 - - [03/Jan/2016:03:58:40 -0800] "GET /services.php HTTP/1.1" 200 73 "-" "Mozilla/5.0 (compatible; Embedly/0.2; +http://support.embed.ly/)" "www.superior-dentistry.com"
54.221.198.105 - - [03/Jan/2016:03:58:40 -0800] "GET /firstvisit.php HTTP/1.1" 200 73 "-" "Mozilla/5.0 (compatible; Embedly/0.2; +http://support.embed.ly/)" "www.superior-dentistry.com"
54.221.199.147 - - [03/Jan/2016:03:58:40 -0800] "GET /favicon.ico HTTP/1.1" 200 688 "-" "Mozilla/5.0 (compatible; Embedly/0.2; snap; +http://support.embed.ly/)" "www.superior-dentistry.com"
42.156.139.53 - - [03/Jan/2016:04:00:14 -0800] "GET / HTTP/1.1" 200 38156 "-" "YisouSpider" "superior-dentistry.com"
188.76.152.146 - - [03/Jan/2016:04:11:10 -0800] "GET /theme.css HTTP/1.1" 200 1926 "http://superior-dentistry.com/" "Mozilla/5.0 (Windows NT 6.1; WOW64) AppleWebKit/537.36 (KHTML, like Gecko) Chrome/36.0.1985.143 Safari/537.36" "superior-dentistry.com"
188.76.152.146 - - [03/Jan/2016:04:11:10 -0800] "GET /css/font-awesome.css HTTP/1.1" 200 28747 "http://superior-dentistry.com/" "Mozilla/5.0 (Windows NT 6.1; WOW64) AppleWebKit/537.36 (KHTML, like Gecko) Chrome/36.0.1985.143 Safari/537.36" "superior-dentistry.com"
188.76.152.146 - - [03/Jan/2016:04:11:10 -0800] "GET /js/ie10-viewport-bug-workaround.js HTTP/1.1" 200 694 "http://superior-dentistry.com/" "Mozilla/5.0 (Windows NT 6.1; WOW64) AppleWebKit/537.36 (KHTML, like Gecko) Chrome/36.0.1985.143 Safari/537.36" "superior-dentistry.com"
188.76.152.146 - - [03/Jan/2016:04:11:12 -0800] "GET /img/jaw-surgery.jpg HTTP/1.1" 200 27058 "http://superior-dentistry.com/" "Mozilla/5.0 (Windows NT 6.1; WOW64) AppleWebKit/537.36 (KHTML, like Gecko) Chrome/36.0.1985.143 Safari/537.36" "superior-dentistry.com"
188.76.152.146 - - [03/Jan/2016:04:11:13 -0800] "GET /img/slider1.jpg HTTP/1.1" 200 268888 "http://superior-dentistry.com/" "Mozilla/5.0 (Windows NT 6.1; WOW64) AppleWebKit/537.36 (KHTML, like Gecko) Chrome/36.0.1985.143 Safari/537.36" "superior-dentistry.com"
188.76.152.146 - - [03/Jan/2016:04:11:15 -0800] "GET /img/offer-31-05-2014-whitening.jpg HTTP/1.1" 200 15686 "http://superior-dentistry.com/" "Mozilla/5.0 (Windows NT 6.1; WOW64) AppleWebKit/537.36 (KHTML, like Gecko) Chrome/36.0.1985.143 Safari/537.36" "superior-dentistry.com"
188.76.152.146 - - [03/Jan/2016:04:11:15 -0800] "GET /img/offer-31-05-2014-new-patient.jpg HTTP/1.1" 200 15365 "http://superior-dentistry.com/" "Mozilla/5.0 (Windows NT 6.1; WOW64) AppleWebKit/537.36 (KHTML, like Gecko) Chrome/36.0.1985.143 Safari/537.36" "superior-dentistry.com"
188.76.152.146 - - [03/Jan/2016:04:11:15 -0800] "GET /img/patients-choice-winner-2015.png HTTP/1.1" 200 9818 "http://superior-dentistry.com/" "Mozilla/5.0 (Windows NT 6.1; WOW64) AppleWebKit/537.36 (KHTML, like Gecko) Chrome/36.0.1985.143 Safari/537.36" "superior-dentistry.com"
188.76.152.146 - - [03/Jan/2016:04:11:15 -0800] "GET /fonts/fontawesome-webfont.ttf?v=4.3.0 HTTP/1.1" 200 122092 "http://superior-dentistry.com/" "Mozilla/5.0 (Windows NT 6.1; WOW64) AppleWebKit/537.36 (KHTML, like Gecko) Chrome/36.0.1985.143 Safari/537.36" "superior-dentistry.com"
178.137.89.157 - - [03/Jan/2016:04:26:38 -0800] "GET / HTTP/1.1" 200 38156 "http://rabotaetvse.ru/" "Opera/7.60 (Windows NT 5.2; U)  [en] (IBM EVV/3.0/EAK01AG9/LE)" "www.superior-dentistry.com"
178.137.89.157 - - [03/Jan/2016:04:26:40 -0800] "GET / HTTP/1.1" 200 38156 "http://rabotaetvse.ru/" "Opera/7.60 (Windows NT 5.2; U)  [en] (IBM EVV/3.0/EAK01AG9/LE)" "www.superior-dentistry.com"
208.122.6.102 - - [03/Jan/2016:04:57:21 -0800] "GET / HTTP/1.1" 200 38156 "-" "FreeWebMonitoring SiteChecker/0.2 (+http://www.freewebmonitoring.com/bot.html)" "www.superior-dentistry.com"
208.122.6.102 - - [03/Jan/2016:05:59:01 -0800] "GET / HTTP/1.1" 200 38156 "-" "FreeWebMonitoring SiteChecker/0.2 (+http://www.freewebmonitoring.com/bot.html)" "www.superior-dentistry.com"
23.23.62.92 - - [03/Jan/2016:06:12:07 -0800] "GET / HTTP/1.1" 200 38156 "-" "Mozilla/5.0 (compatible; linkdexbot/2.0; +http://www.linkdex.com/bots/)" "superior-dentistry.com"
54.187.209.40 - - [03/Jan/2016:06:21:26 -0800] "GET /robots.txt HTTP/1.1" 200 49 "-" "Thumbtack-Thunderdome/1.0" "www.superior-dentistry.com"
54.187.209.40 - - [03/Jan/2016:06:21:27 -0800] "GET / HTTP/1.1" 200 38156 "-" "Thumbtack-Thunderdome/1.0" "www.superior-dentistry.com"
54.187.209.40 - - [03/Jan/2016:06:21:29 -0800] "GET /index.html HTTP/1.1" 200 38156 "-" "Thumbtack-Thunderdome/1.0" "www.superior-dentistry.com"
54.187.209.40 - - [03/Jan/2016:06:21:34 -0800] "GET /firstvisit.html HTTP/1.1" 200 24042 "-" "Thumbtack-Thunderdome/1.0" "www.superior-dentistry.com"
54.187.209.40 - - [03/Jan/2016:06:21:36 -0800] "GET /Patient-Before-After-Gallery.html HTTP/1.1" 200 23787 "-" "Thumbtack-Thunderdome/1.0" "www.superior-dentistry.com"
54.187.209.40 - - [03/Jan/2016:06:21:42 -0800] "GET /contact-us.html HTTP/1.1" 200 23726 "-" "Thumbtack-Thunderdome/1.0" "www.superior-dentistry.com"
54.187.209.40 - - [03/Jan/2016:06:21:43 -0800] "GET /Dentistry-Maryland-MD.html HTTP/1.1" 200 31039 "-" "Thumbtack-Thunderdome/1.0" "www.superior-dentistry.com"
54.187.209.40 - - [03/Jan/2016:06:21:45 -0800] "GET /contact-us.php HTTP/1.1" 200 73 "-" "Thumbtack-Thunderdome/1.0" "www.superior-dentistry.com"
54.187.209.40 - - [03/Jan/2016:06:21:47 -0800] "GET /firstvisit.php HTTP/1.1" 200 73 "-" "Thumbtack-Thunderdome/1.0" "www.superior-dentistry.com"
54.187.209.40 - - [03/Jan/2016:06:21:52 -0800] "GET / HTTP/1.1" 200 38156 "-" "Thumbtack-Thunderdome/1.0" "www.superior-dentistry.com"
54.187.209.40 - - [03/Jan/2016:06:21:55 -0800] "GET /services.php HTTP/1.1" 200 73 "-" "Thumbtack-Thunderdome/1.0" "www.superior-dentistry.com"
54.187.209.40 - - [03/Jan/2016:06:21:56 -0800] "GET /Dentist-Bowie-MD/Dental-Implants-Maryland-MD.html HTTP/1.1" 200 33055 "-" "Thumbtack-Thunderdome/1.0" "www.superior-dentistry.com"
54.187.209.40 - - [03/Jan/2016:06:22:02 -0800] "GET /Dental-Links.html HTTP/1.1" 200 27636 "-" "Thumbtack-Thunderdome/1.0" "www.superior-dentistry.com"
54.187.209.40 - - [03/Jan/2016:06:22:03 -0800] "GET /meet-staff.php HTTP/1.1" 200 73 "-" "Thumbtack-Thunderdome/1.0" "www.superior-dentistry.com"
54.187.209.40 - - [03/Jan/2016:06:22:05 -0800] "GET /dental-implants.html HTTP/1.1" 404 89 "-" "Thumbtack-Thunderdome/1.0" "www.superior-dentistry.com"
54.187.209.40 - - [03/Jan/2016:06:22:07 -0800] "GET /wisdom-teeth.html HTTP/1.1" 404 89 "-" "Thumbtack-Thunderdome/1.0" "www.superior-dentistry.com"
54.187.209.40 - - [03/Jan/2016:06:22:10 -0800] "GET /extractions.html HTTP/1.1" 404 89 "-" "Thumbtack-Thunderdome/1.0" "www.superior-dentistry.com"
54.187.209.40 - - [03/Jan/2016:06:22:12 -0800] "GET /orthognathic-jaw-surgery.html HTTP/1.1" 404 89 "-" "Thumbtack-Thunderdome/1.0" "www.superior-dentistry.com"
54.187.209.40 - - [03/Jan/2016:06:22:15 -0800] "GET /tmj-disorder.html HTTP/1.1" 404 89 "-" "Thumbtack-Thunderdome/1.0" "www.superior-dentistry.com"
54.187.209.40 - - [03/Jan/2016:06:22:17 -0800] "GET /treatment.php HTTP/1.1" 200 21262 "-" "Thumbtack-Thunderdome/1.0" "www.superior-dentistry.com"
54.187.209.40 - - [03/Jan/2016:06:22:19 -0800] "GET /patient.html HTTP/1.1" 404 89 "-" "Thumbtack-Thunderdome/1.0" "www.superior-dentistry.com"
54.187.209.40 - - [03/Jan/2016:06:22:20 -0800] "GET /aboutus.html HTTP/1.1" 404 89 "-" "Thumbtack-Thunderdome/1.0" "www.superior-dentistry.com"
54.187.209.40 - - [03/Jan/2016:06:22:26 -0800] "GET /Dentist.html HTTP/1.1" 404 89 "-" "Thumbtack-Thunderdome/1.0" "www.superior-dentistry.com"
54.187.209.40 - - [03/Jan/2016:06:22:27 -0800] "GET /Dentist-Bowie-MD/Periodontal-Services-Maryland-MD.html HTTP/1.1" 200 19779 "-" "Thumbtack-Thunderdome/1.0" "www.superior-dentistry.com"
46.118.126.200 - - [03/Jan/2016:06:38:39 -0800] "GET / HTTP/1.1" 200 38156 "http://bodybuilding-shop.biz/" "Mozilla/4.0 (compatible; MSIE 7.0b; Windows NT 6.0 ; .NET CLR 2.0.50215; SL Commerce Client v1.0; Tablet PC 2.0" "www.superior-dentistry.com"
46.118.126.200 - - [03/Jan/2016:06:38:40 -0800] "GET / HTTP/1.1" 200 38156 "http://bodybuilding-shop.biz/" "Mozilla/4.0 (compatible; MSIE 7.0b; Windows NT 6.0 ; .NET CLR 2.0.50215; SL Commerce Client v1.0; Tablet PC 2.0" "www.superior-dentistry.com"
208.122.6.102 - - [03/Jan/2016:06:59:47 -0800] "GET / HTTP/1.1" 200 38156 "-" "FreeWebMonitoring SiteChecker/0.2 (+http://www.freewebmonitoring.com/bot.html)" "www.superior-dentistry.com"
157.55.39.70 - - [03/Jan/2016:07:05:31 -0800] "GET /Dentist-Bowie-MD/Periodontal-Services-Maryland-MD.html HTTP/1.1" 200 19779 "-" "Mozilla/5.0 (compatible; bingbot/2.0; +http://www.bing.com/bingbot.htm)" "www.superior-dentistry.com"
207.46.13.83 - - [03/Jan/2016:07:15:45 -0800] "GET /robots.txt HTTP/1.1" 200 49 "-" "Mozilla/5.0 (compatible; bingbot/2.0; +http://www.bing.com/bingbot.htm)" "www.superior-dentistry.com"
207.46.13.137 - - [03/Jan/2016:07:16:57 -0800] "GET /robots.txt HTTP/1.1" 200 49 "-" "Mozilla/5.0 (compatible; bingbot/2.0; +http://www.bing.com/bingbot.htm)" "www.superior-dentistry.com"
207.46.13.83 - - [03/Jan/2016:07:17:35 -0800] "GET /Dentist-Bowie-MD/css/style.css HTTP/1.1" 200 19818 "-" "Mozilla/5.0 (compatible; bingbot/2.0; +http://www.bing.com/bingbot.htm)" "www.superior-dentistry.com"
207.46.13.83 - - [03/Jan/2016:07:17:38 -0800] "GET /images/Patient-apt-icon2.png HTTP/1.1" 404 89 "-" "Mozilla/5.0 (compatible; bingbot/2.0; +http://www.bing.com/bingbot.htm)" "www.superior-dentistry.com"
207.46.13.62 - - [03/Jan/2016:07:34:18 -0800] "GET /robots.txt HTTP/1.1" 200 49 "-" "Mozilla/5.0 (compatible; bingbot/2.0; +http://www.bing.com/bingbot.htm)" "www.superior-dentistry.com"
207.46.13.83 - - [03/Jan/2016:07:55:07 -0800] "GET /Financial-And-Privacy-Policy.pdf HTTP/1.1" 200 617984 "-" "Mozilla/5.0 (compatible; bingbot/2.0; +http://www.bing.com/bingbot.htm)" "superior-dentistry.com"
62.210.115.133 - - [03/Jan/2016:07:55:10 -0800] "GET /robots.txt HTTP/1.1" 200 49 "-" "Mozilla/5.0 (compatible; MJ12bot/v1.4.5; http://www.majestic12.co.uk/bot.php?+)" "superior-dentistry.com"
62.210.115.133 - - [03/Jan/2016:07:55:12 -0800] "GET /contact-us.html HTTP/1.1" 200 23726 "-" "Mozilla/5.0 (compatible; MJ12bot/v1.4.5; http://www.majestic12.co.uk/bot.php?+)" "superior-dentistry.com"
207.46.13.62 - - [03/Jan/2016:07:58:08 -0800] "GET /Dentist-Bowie-MD/js/js-image-slider.js HTTP/1.1" 200 15260 "-" "Mozilla/5.0 (compatible; bingbot/2.0; +http://www.bing.com/bingbot.htm)" "www.superior-dentistry.com"
157.55.39.70 - - [03/Jan/2016:07:59:13 -0800] "GET /robots.txt HTTP/1.1" 200 49 "-" "Mozilla/5.0 (compatible; bingbot/2.0; +http://www.bing.com/bingbot.htm)" "superior-dentistry.com"
208.122.6.102 - - [03/Jan/2016:08:00:51 -0800] "GET / HTTP/1.1" 200 38156 "-" "FreeWebMonitoring SiteChecker/0.2 (+http://www.freewebmonitoring.com/bot.html)" "www.superior-dentistry.com"
178.137.160.2 - - [03/Jan/2016:08:02:11 -0800] "GET / HTTP/1.1" 200 38156 "http://fo-factory.ru/" "Mozilla/6.0 (compatible; MSIE 7.0a1; Windows NT 5.2; SV1)" "www.superior-dentistry.com"
178.137.160.2 - - [03/Jan/2016:08:02:12 -0800] "GET / HTTP/1.1" 200 38156 "http://wzgyyq.com/" "Mozilla/2.0 (compatible; MSIE 3.02; Windows CE; 240x320)" "www.superior-dentistry.com"
157.55.39.70 - - [03/Jan/2016:08:02:13 -0800] "GET /blog.php HTTP/1.1" 200 99736 "-" "Mozilla/5.0 (compatible; bingbot/2.0; +http://www.bing.com/bingbot.htm)" "superior-dentistry.com"
178.137.160.2 - - [03/Jan/2016:08:02:13 -0800] "GET / HTTP/1.1" 200 38156 "http://wzgyyq.com/" "Mozilla/2.0 (compatible; MSIE 3.02; Windows CE; 240x320)" "www.superior-dentistry.com"
157.55.39.70 - - [03/Jan/2016:08:02:13 -0800] "GET / HTTP/1.1" 200 38156 "-" "Mozilla/5.0 (compatible; bingbot/2.0; +http://www.bing.com/bingbot.htm)" "superior-dentistry.com"
178.137.160.2 - - [03/Jan/2016:08:02:14 -0800] "GET / HTTP/1.1" 200 38156 "http://wzgyyq.com/" "Mozilla/2.0 (compatible; MSIE 3.02; Windows CE; 240x320)" "www.superior-dentistry.com"
199.30.25.168 - - [03/Jan/2016:08:06:50 -0800] "GET /Dentist-Bowie-MD/css/coin-slider.css HTTP/1.1" 200 710 "http://www.superior-dentistry.com/Dentist-Bowie-MD/Periodontal-Services-Maryland-MD.html" "Mozilla/5.0 (Windows NT 6.1; WOW64) AppleWebKit/534+ (KHTML, like Gecko) BingPreview/1.0b" "www.superior-dentistry.com"
199.30.25.168 - - [03/Jan/2016:08:06:51 -0800] "GET /Dentist-Bowie-MD/js/jquery.easing.1.3.js HTTP/1.1" 200 3517 "http://www.superior-dentistry.com/Dentist-Bowie-MD/Periodontal-Services-Maryland-MD.html" "Mozilla/5.0 (Windows NT 6.1; WOW64) AppleWebKit/534+ (KHTML, like Gecko) BingPreview/1.0b" "www.superior-dentistry.com"
199.30.25.168 - - [03/Jan/2016:08:06:52 -0800] "GET /Dentist-Bowie-MD/css/images/overlay.png HTTP/1.1" 404 89 "http://www.superior-dentistry.com/Dentist-Bowie-MD/Periodontal-Services-Maryland-MD.html" "Mozilla/5.0 (Windows NT 6.1; WOW64) AppleWebKit/534+ (KHTML, like Gecko) BingPreview/1.0b" "www.superior-dentistry.com"
180.76.15.159 - - [03/Jan/2016:08:29:11 -0800] "GET /blog.php HTTP/1.1" 200 99736 "-" "Mozilla/5.0 (compatible; Baiduspider/2.0; +http://www.baidu.com/search/spider.html)" "superior-dentistry.com"
108.48.148.137 - - [03/Jan/2016:09:00:42 -0800] "GET / HTTP/1.1" 200 38156 "-" "Mozilla/5.0 (X11; Linux x86_64) AppleWebKit/534.24 (KHTML, like Gecko) Chrome/11.0.696.34 Safari/534.24" "www.superior-dentistry.com"
108.48.148.137 - - [03/Jan/2016:09:00:43 -0800] "GET /css/font-awesome.css HTTP/1.1" 200 28747 "http://www.superior-dentistry.com/" "Mozilla/5.0 (X11; Linux x86_64) AppleWebKit/534.24 (KHTML, like Gecko) Chrome/11.0.696.34 Safari/534.24" "www.superior-dentistry.com"
108.48.148.137 - - [03/Jan/2016:09:00:43 -0800] "GET /img/wisdom-teeth-extraction.jpg HTTP/1.1" 200 23758 "http://www.superior-dentistry.com/" "Mozilla/5.0 (X11; Linux x86_64) AppleWebKit/534.24 (KHTML, like Gecko) Chrome/11.0.696.34 Safari/534.24" "www.superior-dentistry.com"
108.48.148.137 - - [03/Jan/2016:09:00:43 -0800] "GET /img/meetdr-ali.jpg HTTP/1.1" 200 60533 "http://www.superior-dentistry.com/" "Mozilla/5.0 (X11; Linux x86_64) AppleWebKit/534.24 (KHTML, like Gecko) Chrome/11.0.696.34 Safari/534.24" "www.superior-dentistry.com"
108.48.148.137 - - [03/Jan/2016:09:00:43 -0800] "GET /img/offer-31-05-2014-sonicare-brush.jpg HTTP/1.1" 200 13165 "http://www.superior-dentistry.com/" "Mozilla/5.0 (X11; Linux x86_64) AppleWebKit/534.24 (KHTML, like Gecko) Chrome/11.0.696.34 Safari/534.24" "www.superior-dentistry.com"
108.48.148.137 - - [03/Jan/2016:09:00:50 -0800] "GET /img/zocdoc-apt.jpg HTTP/1.1" 200 79396 "http://www.superior-dentistry.com/" "Mozilla/5.0 (X11; Linux x86_64) AppleWebKit/534.24 (KHTML, like Gecko) Chrome/11.0.696.34 Safari/534.24" "www.superior-dentistry.com"
108.48.148.137 - - [03/Jan/2016:09:00:51 -0800] "GET /favicon.ico HTTP/1.1" 200 688 "http://www.superior-dentistry.com/" "Mozilla/5.0 (X11; Linux x86_64) AppleWebKit/534.24 (KHTML, like Gecko) Chrome/11.0.696.34 Safari/534.24" "www.superior-dentistry.com"
69.140.183.169 - - [03/Jan/2016:09:10:02 -0800] "GET / HTTP/1.1" 200 38156 "https://www.google.com/" "Mozilla/5.0 (Windows NT 10.0; WOW64) AppleWebKit/537.36 (KHTML, like Gecko) Chrome/47.0.2526.106 Safari/537.36" "www.superior-dentistry.com"
69.140.183.169 - - [03/Jan/2016:09:10:03 -0800] "GET /css/bootstrap.css HTTP/1.1" 200 138415 "http://www.superior-dentistry.com/" "Mozilla/5.0 (Windows NT 10.0; WOW64) AppleWebKit/537.36 (KHTML, like Gecko) Chrome/47.0.2526.106 Safari/537.36" "www.superior-dentistry.com"
69.140.183.169 - - [03/Jan/2016:09:10:03 -0800] "GET /css/bootstrap-theme.css HTTP/1.1" 200 19156 "http://www.superior-dentistry.com/" "Mozilla/5.0 (Windows NT 10.0; WOW64) AppleWebKit/537.36 (KHTML, like Gecko) Chrome/47.0.2526.106 Safari/537.36" "www.superior-dentistry.com"
69.140.183.169 - - [03/Jan/2016:09:10:03 -0800] "GET /css/font-awesome.css HTTP/1.1" 200 28747 "http://www.superior-dentistry.com/" "Mozilla/5.0 (Windows NT 10.0; WOW64) AppleWebKit/537.36 (KHTML, like Gecko) Chrome/47.0.2526.106 Safari/537.36" "www.superior-dentistry.com"
69.140.183.169 - - [03/Jan/2016:09:10:03 -0800] "GET /js/ie-emulation-modes-warning.js HTTP/1.1" 200 2132 "http://www.superior-dentistry.com/" "Mozilla/5.0 (Windows NT 10.0; WOW64) AppleWebKit/537.36 (KHTML, like Gecko) Chrome/47.0.2526.106 Safari/537.36" "www.superior-dentistry.com"
69.140.183.169 - - [03/Jan/2016:09:10:03 -0800] "GET /theme.css HTTP/1.1" 200 1926 "http://www.superior-dentistry.com/" "Mozilla/5.0 (Windows NT 10.0; WOW64) AppleWebKit/537.36 (KHTML, like Gecko) Chrome/47.0.2526.106 Safari/537.36" "www.superior-dentistry.com"
69.140.183.169 - - [03/Jan/2016:09:10:03 -0800] "GET /js/bootstrap.min.js HTTP/1.1" 200 35601 "http://www.superior-dentistry.com/" "Mozilla/5.0 (Windows NT 10.0; WOW64) AppleWebKit/537.36 (KHTML, like Gecko) Chrome/47.0.2526.106 Safari/537.36" "www.superior-dentistry.com"
69.140.183.169 - - [03/Jan/2016:09:10:03 -0800] "GET /js/docs.min.js HTTP/1.1" 200 43299 "http://www.superior-dentistry.com/" "Mozilla/5.0 (Windows NT 10.0; WOW64) AppleWebKit/537.36 (KHTML, like Gecko) Chrome/47.0.2526.106 Safari/537.36" "www.superior-dentistry.com"
69.140.183.169 - - [03/Jan/2016:09:10:03 -0800] "GET /js/ie10-viewport-bug-workaround.js HTTP/1.1" 200 694 "http://www.superior-dentistry.com/" "Mozilla/5.0 (Windows NT 10.0; WOW64) AppleWebKit/537.36 (KHTML, like Gecko) Chrome/47.0.2526.106 Safari/537.36" "www.superior-dentistry.com"
69.140.183.169 - - [03/Jan/2016:09:10:04 -0800] "GET /fonts/fontawesome-webfont.woff2?v=4.3.0 HTTP/1.1" 200 56780 "http://www.superior-dentistry.com/css/font-awesome.css" "Mozilla/5.0 (Windows NT 10.0; WOW64) AppleWebKit/537.36 (KHTML, like Gecko) Chrome/47.0.2526.106 Safari/537.36" "www.superior-dentistry.com"
69.140.183.169 - - [03/Jan/2016:09:11:34 -0800] "GET /meet-staff.html HTTP/1.1" 200 22166 "http://www.superior-dentistry.com/" "Mozilla/5.0 (Windows NT 10.0; WOW64) AppleWebKit/537.36 (KHTML, like Gecko) Chrome/47.0.2526.106 Safari/537.36" "www.superior-dentistry.com"
69.140.183.169 - - [03/Jan/2016:09:11:34 -0800] "GET /img/Dr-Melika.jpg HTTP/1.1" 200 28557 "http://www.superior-dentistry.com/meet-staff.html" "Mozilla/5.0 (Windows NT 10.0; WOW64) AppleWebKit/537.36 (KHTML, like Gecko) Chrome/47.0.2526.106 Safari/537.36" "www.superior-dentistry.com"
69.140.183.169 - - [03/Jan/2016:09:11:34 -0800] "GET /img/doctor-achievement.jpg HTTP/1.1" 200 200838 "http://www.superior-dentistry.com/meet-staff.html" "Mozilla/5.0 (Windows NT 10.0; WOW64) AppleWebKit/537.36 (KHTML, like Gecko) Chrome/47.0.2526.106 Safari/537.36" "www.superior-dentistry.com"
69.140.183.169 - - [03/Jan/2016:09:11:34 -0800] "GET /img/Dr-Ali-shatergholi.jpg HTTP/1.1" 200 17298 "http://www.superior-dentistry.com/meet-staff.html" "Mozilla/5.0 (Windows NT 10.0; WOW64) AppleWebKit/537.36 (KHTML, like Gecko) Chrome/47.0.2526.106 Safari/537.36" "www.superior-dentistry.com"
69.140.183.169 - - [03/Jan/2016:09:11:35 -0800] "GET /assets/flash/ZeroClipboard.swf?noCache=1451841173164 HTTP/1.1" 404 89 "http://www.superior-dentistry.com/meet-staff.html" "Mozilla/5.0 (Windows NT 10.0; WOW64) AppleWebKit/537.36 (KHTML, like Gecko) Chrome/47.0.2526.106 Safari/537.36" "www.superior-dentistry.com"
180.76.15.146 - - [03/Jan/2016:09:36:09 -0800] "GET /js/jquery.easing.1.3.js HTTP/1.1" 404 89 "-" "Mozilla/5.0 (compatible; Baiduspider/2.0; +http://www.baidu.com/search/spider.html)" "superior-dentistry.com"
62.210.148.246 - - [03/Jan/2016:09:51:18 -0800] "GET /robots.txt HTTP/1.1" 200 49 "-" "Mozilla/5.0 (compatible; MJ12bot/v1.4.5; http://www.majestic12.co.uk/bot.php?+)" "www.superior-dentistry.com"
62.210.148.246 - - [03/Jan/2016:09:51:20 -0800] "GET /Bowie-Dentists-Sitemap.html HTTP/1.1" 200 28353 "-" "Mozilla/5.0 (compatible; MJ12bot/v1.4.5; http://www.majestic12.co.uk/bot.php?+)" "www.superior-dentistry.com"
207.46.13.83 - - [03/Jan/2016:09:55:42 -0800] "GET /robots.txt HTTP/1.1" 200 49 "-" "Mozilla/5.0 (compatible; bingbot/2.0; +http://www.bing.com/bingbot.htm)" "www.superior-dentistry.com"
207.46.13.83 - - [03/Jan/2016:09:55:47 -0800] "GET /firstvisit.html HTTP/1.1" 200 24042 "-" "msnbot-media/1.1 (+http://search.msn.com/msnbot.htm)" "www.superior-dentistry.com"
68.205.168.13 - - [03/Jan/2016:09:58:47 -0800] "GET /images/night-guard.jpg HTTP/1.1" 404 89 "http://image-search.kik.com/" "Mozilla/5.0 (iPhone; CPU iPhone OS 9_2 like Mac OS X) AppleWebKit/601.1.46 (KHTML, like Gecko) Mobile/13C75" "www.superior-dentistry.com"
208.122.6.102 - - [03/Jan/2016:10:03:09 -0800] "GET / HTTP/1.1" 200 38156 "-" "FreeWebMonitoring SiteChecker/0.2 (+http://www.freewebmonitoring.com/bot.html)" "www.superior-dentistry.com"
207.46.13.137 - - [03/Jan/2016:10:05:07 -0800] "GET /robots.txt HTTP/1.1" 200 49 "-" "Mozilla/5.0 (compatible; bingbot/2.0; +http://www.bing.com/bingbot.htm)" "www.superior-dentistry.com"
207.46.13.137 - - [03/Jan/2016:10:05:54 -0800] "GET /Dentist-Bowie-MD/css/?N=D HTTP/1.1" 200 1932 "-" "Mozilla/5.0 (compatible; bingbot/2.0; +http://www.bing.com/bingbot.htm)" "www.superior-dentistry.com"
131.253.24.144 - - [03/Jan/2016:10:57:27 -0800] "GET /services.php HTTP/1.1" 200 73 "-" "Mozilla/5.0 (compatible; MSIE 9.0; Windows NT 6.0; Trident/5.0;  Trident/5.0)" "www.superior-dentistry.com"
208.122.6.102 - - [03/Jan/2016:11:03:53 -0800] "GET / HTTP/1.1" 200 38156 "-" "FreeWebMonitoring SiteChecker/0.2 (+http://www.freewebmonitoring.com/bot.html)" "www.superior-dentistry.com"
136.243.48.85 - - [03/Jan/2016:11:18:00 -0800] "GET /Dental-Sites-We-Like.html HTTP/1.1" 200 41324 "-" "Mozilla/5.0 (X11; Linux x86_64) AppleWebKit/537.36 (KHTML, like Gecko) Chrome/37.0.2062.120 Safari/537.36" "superior-dentistry.com"
146.120.158.213 - - [03/Jan/2016:11:50:45 -0800] "GET /images/Teeth-Whitening1.jpg HTTP/1.1" 404 89 "http://hdpixent.com" "Mozilla/5.0 (compatible; GWPImages/1.0)" "www.superior-dentistry.com"
146.120.158.22 - - [03/Jan/2016:11:52:51 -0800] "GET /images/Teeth-Whitening1.jpg HTTP/1.1" 404 89 "http://hdpixent.com" "Mozilla/5.0 (compatible; GWPImages/1.0)" "www.superior-dentistry.com"
101.226.166.249 - - [03/Jan/2016:11:54:09 -0800] "GET / HTTP/1.1" 200 38156 "http://www.superior-dentistry.com/" "Mozilla/5.0 (Windows NT 6.1) AppleWebKit/537.1 (KHTML, like Gecko) Chrome/21.0.1180.89 Safari/537.1; 360Spider(compatible; HaosouSpider; http://www.haosou.com/help/help_3_2.html)" "www.superior-dentistry.com"
208.122.6.102 - - [03/Jan/2016:12:05:32 -0800] "GET / HTTP/1.1" 200 38156 "-" "FreeWebMonitoring SiteChecker/0.2 (+http://www.freewebmonitoring.com/bot.html)" "www.superior-dentistry.com"
182.118.25.219 - - [03/Jan/2016:12:07:02 -0800] "GET / HTTP/1.1" 200 38156 "http://superior-dentistry.com/" "Mozilla/5.0 (compatible; MSIE 9.0; Windows NT 6.1; Trident/5.0); 360Spider(compatible; HaosouSpider; http://www.haosou.com/help/help_3_2.html)" "superior-dentistry.com"
158.69.225.37 - - [03/Jan/2016:12:41:56 -0800] "GET / HTTP/1.1" 200 38156 "-" "Mozilla/5.0 (compatible; Lipperhey-Kaus-Australis/5.0; +https://www.lipperhey.com/en/about/)" "www.superior-dentistry.com"
158.69.225.37 - - [03/Jan/2016:12:41:59 -0800] "GET / HTTP/1.1" 200 38156 "-" "Mozilla/5.0 (compatible; Lipperhey-Kaus-Australis/5.0; +https://www.lipperhey.com/en/about/)" "www.superior-dentistry.com"
158.69.225.37 - - [03/Jan/2016:12:42:01 -0800] "GET /contact-us.php HTTP/1.1" 200 73 "-" "Mozilla/5.0 (compatible; Lipperhey-Kaus-Australis/5.0; +https://www.lipperhey.com/en/about/)" "www.superior-dentistry.com"
158.69.225.37 - - [03/Jan/2016:12:42:02 -0800] "GET /contact-us.html HTTP/1.1" 200 23726 "-" "Mozilla/5.0 (compatible; Lipperhey-Kaus-Australis/5.0; +https://www.lipperhey.com/en/about/)" "www.superior-dentistry.com"
158.69.225.37 - - [03/Jan/2016:12:42:03 -0800] "GET /Dental-Links.html HTTP/1.1" 200 27636 "-" "Mozilla/5.0 (compatible; Lipperhey-Kaus-Australis/5.0; +https://www.lipperhey.com/en/about/)" "www.superior-dentistry.com"
