198.16.7.150 - - [15/Oct/2016:17:39:13 -0700] "GET / HTTP/1.1" 200 38900 "-" "FreeWebMonitoring SiteChecker/0.2 (+http://www.freewebmonitoring.com/bot.html)" "www.superior-dentistry.com"
51.255.86.195 - - [15/Oct/2016:17:54:18 -0700] "GET /Bowie-Dentists/images/mainimg1.jpg HTTP/1.1" 404 89 "-" "Toweyabot: toweya.com" "www.superior-dentistry.com"
51.255.86.195 - - [15/Oct/2016:17:54:18 -0700] "GET /Bowie-Dentists/images/care2.jpg HTTP/1.1" 404 89 "-" "Toweyabot: toweya.com" "www.superior-dentistry.com"
51.255.86.195 - - [15/Oct/2016:17:54:19 -0700] "GET /Bowie-Dentists/images/care6.jpg HTTP/1.1" 404 89 "-" "Toweyabot: toweya.com" "www.superior-dentistry.com"
51.255.86.195 - - [15/Oct/2016:17:54:20 -0700] "GET /Bowie-Dentists/images/care4.jpg HTTP/1.1" 404 89 "-" "Toweyabot: toweya.com" "www.superior-dentistry.com"
51.255.86.195 - - [15/Oct/2016:17:54:21 -0700] "GET /Bowie-Dentists/images/Pinterest.png HTTP/1.1" 404 89 "-" "Toweyabot: toweya.com" "www.superior-dentistry.com"[0]
51.255.86.195 - - [15/Oct/2016:17:54:21 -0700] "GET /Bowie-Dentists/images/offer-31-05-2014-whitening.jpg HTTP/1.1" 404 89 "-" "Toweyabot: toweya.com" "www.superior-dentistry.com"
51.255.86.195 - - [15/Oct/2016:17:54:22 -0700] "GET /Bowie-Dentists/images/care5.jpg HTTP/1.1" 404 89 "-" "Toweyabot: toweya.com" "www.superior-dentistry.com"
51.255.86.195 - - [15/Oct/2016:17:54:22 -0700] "GET /Bowie-Dentists/images/services3.png HTTP/1.1" 404 89 "-" "Toweyabot: toweya.com" "www.superior-dentistry.com"
51.255.86.195 - - [15/Oct/2016:17:54:22 -0700] "GET /Bowie-Dentists/images/fb.png HTTP/1.1" 404 89 "-" "Toweyabot: toweya.com" "www.superior-dentistry.com"[0]
51.255.86.195 - - [15/Oct/2016:17:54:23 -0700] "GET /Bowie-Dentists/images/meetdr2.png HTTP/1.1" 404 89 "-" "Toweyabot: toweya.com" "www.superior-dentistry.com"[0]
51.255.86.195 - - [15/Oct/2016:17:54:23 -0700] "GET /Bowie-Dentists/images/cut-offer.png HTTP/1.1" 404 89 "-" "Toweyabot: toweya.com" "www.superior-dentistry.com"
51.255.86.195 - - [15/Oct/2016:17:54:23 -0700] "GET /Bowie-Dentists/images/meetdr1.png HTTP/1.1" 404 89 "-" "Toweyabot: toweya.com" "www.superior-dentistry.com"
51.255.86.195 - - [15/Oct/2016:17:54:24 -0700] "GET /Bowie-Dentists/images/care1.jpg HTTP/1.1" 404 89 "-" "Toweyabot: toweya.com" "www.superior-dentistry.com"
83.166.241.141 - - [15/Oct/2016:17:55:18 -0700] "GET /wp-login.php HTTP/1.1" 200 73 "-" "Mozilla/5.0 (Windows NT 5.1) AppleWebKit/537.1 (KHTML, like Gecko) Chrome/23.0.1271.17 Safari/537.11" "superior-dentistry.com"
83.166.241.141 - - [15/Oct/2016:17:55:26 -0700] "GET /administrator/ HTTP/1.1" 404 89 "-" "Mozilla/5.0 (Windows NT 5.1) AppleWebKit/537.1 (KHTML, like Gecko) Chrome/23.0.1271.17 Safari/537.11" "superior-dentistry.com"
83.166.241.141 - - [15/Oct/2016:17:55:31 -0700] "GET /admin.php HTTP/1.1" 200 73 "-" "Mozilla/5.0 (Windows NT 5.1) AppleWebKit/537.1 (KHTML, like Gecko) Chrome/23.0.1271.17 Safari/537.11" "superior-dentistry.com"
180.76.15.32 - - [15/Oct/2016:18:16:57 -0700] "GET /Dentist-Bowie-MD/Periodontal-Services-Maryland-MD.html HTTP/1.1" 200 25411 "-" "Mozilla/5.0 (compatible; Baiduspider/2.0; +http://www.baidu.com/search/spider.html)" "www.superior-dentistry.com"
198.16.7.150 - - [15/Oct/2016:18:39:58 -0700] "GET / HTTP/1.1" 200 38900 "-" "FreeWebMonitoring SiteChecker/0.2 (+http://www.freewebmonitoring.com/bot.html)" "www.superior-dentistry.com"
157.55.39.185 - - [15/Oct/2016:18:49:59 -0700] "GET /robots.txt HTTP/1.1" 200 49 "-" "Mozilla/5.0 (compatible; bingbot/2.0; +http://www.bing.com/bingbot.htm)" "www.superior-dentistry.com"[0]
54.243.141.178 - - [15/Oct/2016:18:55:37 -0700] "HEAD /Dental-LinkExchange.html HTTP/1.1" 200 0 "-" "Mozilla/5.0 (Windows; U; Windows NT 5.1; en-US; rv:1.7.5) Gecko/20041107 Firefox/1.0" "www.superior-dentistry.com"
54.243.141.178 - - [15/Oct/2016:18:55:37 -0700] "GET /Dental-LinkExchange.html HTTP/1.1" 200 24959 "-" "Mozilla/5.0 (Windows; U; Windows NT 5.1; en-US; rv:1.7.5) Gecko/20041107 Firefox/1.0" "www.superior-dentistry.com"
54.243.141.178 - - [15/Oct/2016:18:55:37 -0700] "GET /robots.txt HTTP/1.1" 200 49 "-" "Mozilla/5.0 (compatible; MSIE 9.0; Windows NT 6.1; WOW64; Trident/5.0)" "www.superior-dentistry.com"
180.76.15.32 - - [15/Oct/2016:19:23:55 -0700] "GET /Dentist-Bowie-MD/js/jquery.jcarousel.js HTTP/1.1" 404 89 "-" "Mozilla/5.0 (compatible; Baiduspider/2.0; +http://www.baidu.com/search/spider.html)" "www.superior-dentistry.com"
198.16.7.150 - - [15/Oct/2016:19:40:33 -0700] "GET / HTTP/1.1" 200 38900 "-" "FreeWebMonitoring SiteChecker/0.2 (+http://www.freewebmonitoring.com/bot.html)" "www.superior-dentistry.com"
54.89.163.35 - - [15/Oct/2016:19:48:31 -0700] "GET /Dentist-Bowie-MD/Dental-Implants-Maryland-MD HTTP/1.1" 200 32074 "-" "Mozilla/5.0 (Macintosh; Intel Mac OS X 10.9; rv:28.0) Gecko/20100101 Firefox/28.0 (FlipboardProxy/1.1; +http://flipboard.com/browserproxy)" "www.superior-dentistry.com"
37.115.187.108 - - [15/Oct/2016:19:53:13 -0700] "GET / HTTP/1.1" 200 38900 "http://kinogonew.ru/" "Mozilla/4.0 (compatible; MSIE 5.5; Windows NT 5.0; .NET CLR 1.1.4322)" "www.superior-dentistry.com"
37.115.187.108 - - [15/Oct/2016:19:53:13 -0700] "GET / HTTP/1.1" 200 38900 "http://kinogonew.ru/" "Mozilla/4.0 (compatible; MSIE 5.5; Windows NT 5.0; .NET CLR 1.1.4322)" "www.superior-dentistry.com"
46.118.155.22 - - [15/Oct/2016:20:04:38 -0700] "GET / HTTP/1.1" 200 38900 "http://komp-pomosch.ru/" "Mozilla/0.6 Beta (Windows)" "www.superior-dentistry.com"
46.118.155.22 - - [15/Oct/2016:20:04:38 -0700] "GET / HTTP/1.1" 200 38900 "http://komp-pomosch.ru/" "Mozilla/0.6 Beta (Windows)" "www.superior-dentistry.com"
180.76.15.153 - - [15/Oct/2016:20:27:38 -0700] "GET /js/jquery.beforeafter-1.4.min.js HTTP/1.1" 404 89 "-" "Mozilla/5.0 (compatible; Baiduspider/2.0; +http://www.baidu.com/search/spider.html)" "superior-dentistry.com"
54.242.164.91 - - [15/Oct/2016:20:34:36 -0700] "GET / HTTP/1.1" 200 38900 "-" "Mozilla/5.0 (X11; Linux x86_64)AppleWebKit/537.36 (KHTML, like Gecko)Chrome/43.0.2357.134 Safari/537.36http://notifyninja.com/monitoring" "superior-dentistry.com"
180.76.15.141 - - [15/Oct/2016:20:38:52 -0700] "GET /Dentist-Bowie-MD/js/docs.min.js HTTP/1.1" 200 43299 "-" "Mozilla/5.0 (compatible; Baiduspider/2.0; +http://www.baidu.com/search/spider.html)" "www.superior-dentistry.com"
198.16.7.150 - - [15/Oct/2016:20:41:38 -0700] "GET / HTTP/1.1" 200 38900 "-" "FreeWebMonitoring SiteChecker/0.2 (+http://www.freewebmonitoring.com/bot.html)" "www.superior-dentistry.com"
180.76.15.142 - - [15/Oct/2016:21:01:08 -0700] "GET /css/procedure-thumb.css HTTP/1.1" 200 2005 "-" "Mozilla/5.0 (compatible; Baiduspider/2.0; +http://www.baidu.com/search/spider.html)" "superior-dentistry.com"
159.203.124.118 - - [15/Oct/2016:21:35:04 -0700] "GET / HTTP/1.1" 200 38900 "-" "-" "www.superior-dentistry.com"
198.16.7.150 - - [15/Oct/2016:21:42:22 -0700] "GET / HTTP/1.1" 200 38900 "-" "FreeWebMonitoring SiteChecker/0.2 (+http://www.freewebmonitoring.com/bot.html)" "www.superior-dentistry.com"
198.16.7.150 - - [15/Oct/2016:22:42:35 -0700] "GET / HTTP/1.1" 200 38900 "-" "FreeWebMonitoring SiteChecker/0.2 (+http://www.freewebmonitoring.com/bot.html)" "www.superior-dentistry.com"
66.102.8.156 - - [15/Oct/2016:22:52:59 -0700] "GET /images/care4.jpg HTTP/1.1" 404 89 "-" "Mozilla/5.0 (Windows NT 5.1; rv:11.0) Gecko Firefox/11.0 (via ggpht.com GoogleImageProxy)" "www.superior-dentistry.com"
66.102.8.152 - - [15/Oct/2016:22:52:59 -0700] "GET /images/logo1.jpg HTTP/1.1" 404 89 "-" "Mozilla/5.0 (Windows NT 5.1; rv:11.0) Gecko Firefox/11.0 (via ggpht.com GoogleImageProxy)" "www.superior-dentistry.com"
66.102.8.156 - - [15/Oct/2016:22:52:59 -0700] "GET /img/logo.jpg HTTP/1.1" 200 139628 "-" "Mozilla/5.0 (Windows NT 5.1; rv:11.0) Gecko Firefox/11.0 (via ggpht.com GoogleImageProxy)" "www.superior-dentistry.com"
198.16.7.150 - - [15/Oct/2016:23:44:02 -0700] "GET / HTTP/1.1" 200 38900 "-" "FreeWebMonitoring SiteChecker/0.2 (+http://www.freewebmonitoring.com/bot.html)" "www.superior-dentistry.com"
180.76.15.24 - - [16/Oct/2016:00:01:31 -0700] "GET / HTTP/1.1" 200 38900 "-" "Mozilla/5.0 (compatible; Baiduspider/2.0; +http://www.baidu.com/search/spider.html)" "www.superior-dentistry.com"
180.76.15.14 - - [16/Oct/2016:00:35:01 -0700] "GET /Dentist-Bowie-MD/less/?N=D HTTP/1.1" 200 2563 "-" "Mozilla/5.0 (compatible; Baiduspider/2.0; +http://www.baidu.com/search/spider.html)" "www.superior-dentistry.com"
54.242.164.91 - - [16/Oct/2016:00:35:27 -0700] "GET / HTTP/1.1" 200 38900 "-" "Mozilla/5.0 (X11; Linux x86_64)AppleWebKit/537.36 (KHTML, like Gecko)Chrome/43.0.2357.134 Safari/537.36http://notifyninja.com/monitoring" "superior-dentistry.com"
178.255.215.79 - - [16/Oct/2016:00:59:03 -0700] "GET /robots.txt HTTP/1.1" 200 49 "-" "Mozilla/5.0 (compatible; Exabot/3.0; +http://www.exabot.com/go/robot)" "www.superior-dentistry.com"
178.255.215.79 - - [16/Oct/2016:00:59:03 -0700] "GET / HTTP/1.1" 200 38900 "-" "Mozilla/5.0 (compatible; Exabot/3.0; +http://www.exabot.com/go/robot)" "www.superior-dentistry.com"
178.255.215.79 - - [16/Oct/2016:01:02:08 -0700] "GET /robots.txt HTTP/1.1" 200 49 "-" "Mozilla/5.0 (compatible; Exabot/3.0; +http://www.exabot.com/go/robot)" "superior-dentistry.com"
180.76.15.137 - - [16/Oct/2016:01:08:30 -0700] "GET /Dentists-Bowie-MD.html HTTP/1.1" 200 27344 "-" "Mozilla/5.0 (compatible; Baiduspider/2.0; +http://www.baidu.com/search/spider.html)" "www.superior-dentistry.com"
66.249.69.62 - - [16/Oct/2016:01:30:16 -0700] "GET /js/jquery.easing.1.3.js HTTP/1.1" 404 89 "http://www.superior-dentistry.com/special-offers.html" "Mozilla/5.0 (compatible; Googlebot/2.1; +http://www.google.com/bot.html)" "www.superior-dentistry.com"
66.249.69.55 - - [16/Oct/2016:01:30:16 -0700] "GET /js/jquery-1.6.4.min.js HTTP/1.1" 404 89 "http://www.superior-dentistry.com/special-offers.html" "Mozilla/5.0 (compatible; Googlebot/2.1; +http://www.google.com/bot.html)" "www.superior-dentistry.com"
66.249.69.55 - - [16/Oct/2016:01:30:16 -0700] "GET /js/js-image-slider.js HTTP/1.1" 404 89 "http://www.superior-dentistry.com/special-offers.html" "Mozilla/5.0 (compatible; Googlebot/2.1; +http://www.google.com/bot.html)" "www.superior-dentistry.com"
66.249.69.59 - - [16/Oct/2016:01:30:16 -0700] "GET /css/style.css HTTP/1.1" 404 89 "http://www.superior-dentistry.com/special-offers.html" "Mozilla/5.0 (compatible; Googlebot/2.1; +http://www.google.com/bot.html)" "www.superior-dentistry.com"
45.79.11.246 - - [16/Oct/2016:01:33:56 -0700] "GET /wp-login.php HTTP/1.1" 200 73 "-" "curl/7.47.0" "www.superior-dentistry.com"
54.166.157.242 - - [16/Oct/2016:01:39:51 -0700] "GET / HTTP/1.1" 200 38900 "-" "Mozilla/5.0 (Windows NT 6.3; WOW64) AppleWebKit/537.36 (KHTML, like Gecko) Chrome/34.0.1847.137 Safari/537.36" "superior-dentistry.com"
54.225.26.188 - - [16/Oct/2016:01:42:45 -0700] "GET /meet-staff.html HTTP/1.1" 200 22168 "-" "Mozilla/5.0 (Windows NT 6.3; WOW64) AppleWebKit/537.36 (KHTML, like Gecko) Chrome/34.0.1847.137 Safari/537.36" "superior-dentistry.com"
54.225.26.188 - - [16/Oct/2016:01:42:56 -0700] "GET /index.html HTTP/1.1" 200 38900 "-" "Mozilla/5.0 (Windows NT 6.3; WOW64) AppleWebKit/537.36 (KHTML, like Gecko) Chrome/34.0.1847.137 Safari/537.36" "superior-dentistry.com"
54.225.26.188 - - [16/Oct/2016:01:42:57 -0700] "GET /blog.php HTTP/1.1" 200 107037 "-" "Mozilla/5.0 (Windows NT 6.3; WOW64) AppleWebKit/537.36 (KHTML, like Gecko) Chrome/34.0.1847.137 Safari/537.36" "superior-dentistry.com"
54.158.216.227 - - [16/Oct/2016:01:44:56 -0700] "GET /contact-us.html HTTP/1.1" 200 23728 "-" "Mozilla/5.0 (Windows NT 6.3; WOW64) AppleWebKit/537.36 (KHTML, like Gecko) Chrome/34.0.1847.137 Safari/537.36" "superior-dentistry.com"
198.16.7.150 - - [16/Oct/2016:01:46:48 -0700] "GET / HTTP/1.1" 200 38900 "-" "FreeWebMonitoring SiteChecker/0.2 (+http://www.freewebmonitoring.com/bot.html)" "www.superior-dentistry.com"
54.224.32.195 - - [16/Oct/2016:01:48:39 -0700] "GET /contact-us.html HTTP/1.1" 200 23728 "-" "Mozilla/5.0 (Windows NT 6.3; WOW64) AppleWebKit/537.36 (KHTML, like Gecko) Chrome/32.0.1700.76 Safari/537.36" "superior-dentistry.com"
54.224.32.195 - - [16/Oct/2016:01:48:39 -0700] "GET /css/bootstrap-theme.css HTTP/1.1" 200 19156 "http://superior-dentistry.com/contact-us.html" "Mozilla/5.0 (Windows NT 6.3; WOW64) AppleWebKit/537.36 (KHTML, like Gecko) Chrome/32.0.1700.76 Safari/537.36" "superior-dentistry.com"
54.224.32.195 - - [16/Oct/2016:01:48:39 -0700] "GET /theme.css HTTP/1.1" 200 1926 "http://superior-dentistry.com/contact-us.html" "Mozilla/5.0 (Windows NT 6.3; WOW64) AppleWebKit/537.36 (KHTML, like Gecko) Chrome/32.0.1700.76 Safari/537.36" "superior-dentistry.com"
54.224.32.195 - - [16/Oct/2016:01:48:39 -0700] "GET /js/ie-emulation-modes-warning.js HTTP/1.1" 200 2132 "http://superior-dentistry.com/contact-us.html" "Mozilla/5.0 (Windows NT 6.3; WOW64) AppleWebKit/537.36 (KHTML, like Gecko) Chrome/32.0.1700.76 Safari/537.36" "superior-dentistry.com"
54.224.32.195 - - [16/Oct/2016:01:48:39 -0700] "GET /css/bootstrap.css HTTP/1.1" 200 138415 "http://superior-dentistry.com/contact-us.html" "Mozilla/5.0 (Windows NT 6.3; WOW64) AppleWebKit/537.36 (KHTML, like Gecko) Chrome/32.0.1700.76 Safari/537.36" "superior-dentistry.com"
54.224.32.195 - - [16/Oct/2016:01:48:39 -0700] "GET /js/bootstrap.min.js HTTP/1.1" 200 35601 "http://superior-dentistry.com/contact-us.html" "Mozilla/5.0 (Windows NT 6.3; WOW64) AppleWebKit/537.36 (KHTML, like Gecko) Chrome/32.0.1700.76 Safari/537.36" "superior-dentistry.com"
54.224.32.195 - - [16/Oct/2016:01:48:39 -0700] "GET /css/font-awesome.css HTTP/1.1" 200 28747 "http://superior-dentistry.com/contact-us.html" "Mozilla/5.0 (Windows NT 6.3; WOW64) AppleWebKit/537.36 (KHTML, like Gecko) Chrome/32.0.1700.76 Safari/537.36" "superior-dentistry.com"[0]
54.224.32.195 - - [16/Oct/2016:01:48:39 -0700] "GET /js/docs.min.js HTTP/1.1" 200 43299 "http://superior-dentistry.com/contact-us.html" "Mozilla/5.0 (Windows NT 6.3; WOW64) AppleWebKit/537.36 (KHTML, like Gecko) Chrome/32.0.1700.76 Safari/537.36" "superior-dentistry.com"
54.224.32.195 - - [16/Oct/2016:01:48:39 -0700] "GET /js/ie10-viewport-bug-workaround.js HTTP/1.1" 200 694 "http://superior-dentistry.com/contact-us.html" "Mozilla/5.0 (Windows NT 6.3; WOW64) AppleWebKit/537.36 (KHTML, like Gecko) Chrome/32.0.1700.76 Safari/537.36" "superior-dentistry.com"
54.224.32.195 - - [16/Oct/2016:01:48:39 -0700] "GET /fonts/fontawesome-webfont.woff?v=4.3.0 HTTP/1.1" 200 71508 "http://superior-dentistry.com/contact-us.html" "Mozilla/5.0 (Windows NT 6.3; WOW64) AppleWebKit/537.36 (KHTML, like Gecko) Chrome/32.0.1700.76 Safari/537.36" "superior-dentistry.com"
54.144.57.135 - - [16/Oct/2016:01:56:28 -0700] "GET / HTTP/1.1" 200 38900 "-" "Mozilla/5.0 (Windows NT 6.3; WOW64) AppleWebKit/537.36 (KHTML, like Gecko) Chrome/32.0.1700.76 Safari/537.36" "superior-dentistry.com"
54.144.57.135 - - [16/Oct/2016:01:56:29 -0700] "GET /css/font-awesome.css HTTP/1.1" 200 28747 "http://superior-dentistry.com/" "Mozilla/5.0 (Windows NT 6.3; WOW64) AppleWebKit/537.36 (KHTML, like Gecko) Chrome/32.0.1700.76 Safari/537.36" "superior-dentistry.com"
54.144.57.135 - - [16/Oct/2016:01:56:29 -0700] "GET /css/bootstrap-theme.css HTTP/1.1" 200 19156 "http://superior-dentistry.com/" "Mozilla/5.0 (Windows NT 6.3; WOW64) AppleWebKit/537.36 (KHTML, like Gecko) Chrome/32.0.1700.76 Safari/537.36" "superior-dentistry.com"
54.144.57.135 - - [16/Oct/2016:01:56:29 -0700] "GET /js/ie-emulation-modes-warning.js HTTP/1.1" 200 2132 "http://superior-dentistry.com/" "Mozilla/5.0 (Windows NT 6.3; WOW64) AppleWebKit/537.36 (KHTML, like Gecko) Chrome/32.0.1700.76 Safari/537.36" "superior-dentistry.com"
54.144.57.135 - - [16/Oct/2016:01:56:29 -0700] "GET /js/bootstrap.min.js HTTP/1.1" 200 35601 "http://superior-dentistry.com/" "Mozilla/5.0 (Windows NT 6.3; WOW64) AppleWebKit/537.36 (KHTML, like Gecko) Chrome/32.0.1700.76 Safari/537.36" "superior-dentistry.com"
54.144.57.135 - - [16/Oct/2016:01:56:29 -0700] "GET /css/bootstrap.css HTTP/1.1" 200 138415 "http://superior-dentistry.com/" "Mozilla/5.0 (Windows NT 6.3; WOW64) AppleWebKit/537.36 (KHTML, like Gecko) Chrome/32.0.1700.76 Safari/537.36" "superior-dentistry.com"
54.144.57.135 - - [16/Oct/2016:01:56:29 -0700] "GET /js/ie10-viewport-bug-workaround.js HTTP/1.1" 200 694 "http://superior-dentistry.com/" "Mozilla/5.0 (Windows NT 6.3; WOW64) AppleWebKit/537.36 (KHTML, like Gecko) Chrome/32.0.1700.76 Safari/537.36" "superior-dentistry.com"
54.144.57.135 - - [16/Oct/2016:01:56:29 -0700] "GET /js/docs.min.js HTTP/1.1" 200 43299 "http://superior-dentistry.com/" "Mozilla/5.0 (Windows NT 6.3; WOW64) AppleWebKit/537.36 (KHTML, like Gecko) Chrome/32.0.1700.76 Safari/537.36" "superior-dentistry.com"
54.144.57.135 - - [16/Oct/2016:01:56:29 -0700] "GET /theme.css HTTP/1.1" 200 1926 "http://superior-dentistry.com/" "Mozilla/5.0 (Windows NT 6.3; WOW64) AppleWebKit/537.36 (KHTML, like Gecko) Chrome/32.0.1700.76 Safari/537.36" "superior-dentistry.com"
54.144.57.135 - - [16/Oct/2016:01:56:29 -0700] "GET /fonts/fontawesome-webfont.woff?v=4.3.0 HTTP/1.1" 200 71508 "http://superior-dentistry.com/" "Mozilla/5.0 (Windows NT 6.3; WOW64) AppleWebKit/537.36 (KHTML, like Gecko) Chrome/32.0.1700.76 Safari/537.36" "superior-dentistry.com"
176.97.219.65 - - [16/Oct/2016:01:56:43 -0700] "GET /wp-login.php HTTP/1.1" 200 73 "-" "Mozilla/5.0 (Windows; U; Windows NT 5.1; en-US; rv:1.9.0.1) Gecko/2008070208 Firefox/3.0.1" "superior-dentistry.com"
176.97.219.65 - - [16/Oct/2016:01:56:43 -0700] "GET /administrator HTTP/1.1" 404 89 "-" "Mozilla/5.0 (Windows; U; Windows NT 5.1; en-US; rv:1.9.0.1) Gecko/2008070208 Firefox/3.0.1" "superior-dentistry.com"
176.97.219.65 - - [16/Oct/2016:01:56:43 -0700] "GET /admin/content/sitetree HTTP/1.1" 404 89 "-" "Mozilla/5.0 (Windows; U; Windows NT 5.1; en-US; rv:1.9.0.1) Gecko/2008070208 Firefox/3.0.1" "superior-dentistry.com"
176.97.219.65 - - [16/Oct/2016:01:56:44 -0700] "GET /panel HTTP/1.1" 404 89 "-" "Mozilla/5.0 (Windows; U; Windows NT 5.1; en-US; rv:1.9.0.1) Gecko/2008070208 Firefox/3.0.1" "superior-dentistry.com"
176.97.219.65 - - [16/Oct/2016:01:56:44 -0700] "GET /bitrix/admin HTTP/1.1" 404 89 "-" "Mozilla/5.0 (Windows; U; Windows NT 5.1; en-US; rv:1.9.0.1) Gecko/2008070208 Firefox/3.0.1" "superior-dentistry.com"
176.97.219.65 - - [16/Oct/2016:01:56:44 -0700] "GET /manager HTTP/1.1" 404 89 "-" "Mozilla/5.0 (Windows; U; Windows NT 5.1; en-US; rv:1.9.0.1) Gecko/2008070208 Firefox/3.0.1" "superior-dentistry.com"
176.97.219.65 - - [16/Oct/2016:01:56:45 -0700] "GET /admin.php HTTP/1.1" 200 73 "-" "Mozilla/5.0 (Windows; U; Windows NT 5.1; en-US; rv:1.9.0.1) Gecko/2008070208 Firefox/3.0.1" "superior-dentistry.com"
176.97.219.65 - - [16/Oct/2016:01:56:45 -0700] "GET /user HTTP/1.1" 404 89 "-" "Mozilla/5.0 (Windows; U; Windows NT 5.1; en-US; rv:1.9.0.1) Gecko/2008070208 Firefox/3.0.1" "superior-dentistry.com"
54.162.170.198 - - [16/Oct/2016:02:01:55 -0700] "GET /meet-staff.html HTTP/1.1" 200 22168 "-" "Mozilla/5.0 (Windows NT 6.3; WOW64) AppleWebKit/537.36 (KHTML, like Gecko) Chrome/32.0.1700.76 Safari/537.36" "superior-dentistry.com"
54.162.170.198 - - [16/Oct/2016:02:01:55 -0700] "GET /theme.css HTTP/1.1" 200 1926 "http://superior-dentistry.com/meet-staff.html" "Mozilla/5.0 (Windows NT 6.3; WOW64) AppleWebKit/537.36 (KHTML, like Gecko) Chrome/32.0.1700.76 Safari/537.36" "superior-dentistry.com"
54.162.170.198 - - [16/Oct/2016:02:01:55 -0700] "GET /js/ie-emulation-modes-warning.js HTTP/1.1" 200 2132 "http://superior-dentistry.com/meet-staff.html" "Mozilla/5.0 (Windows NT 6.3; WOW64) AppleWebKit/537.36 (KHTML, like Gecko) Chrome/32.0.1700.76 Safari/537.36" "superior-dentistry.com"
54.162.170.198 - - [16/Oct/2016:02:01:55 -0700] "GET /css/bootstrap-theme.css HTTP/1.1" 200 19156 "http://superior-dentistry.com/meet-staff.html" "Mozilla/5.0 (Windows NT 6.3; WOW64) AppleWebKit/537.36 (KHTML, like Gecko) Chrome/32.0.1700.76 Safari/537.36" "superior-dentistry.com"
54.162.170.198 - - [16/Oct/2016:02:01:55 -0700] "GET /js/bootstrap.min.js HTTP/1.1" 200 35601 "http://superior-dentistry.com/meet-staff.html" "Mozilla/5.0 (Windows NT 6.3; WOW64) AppleWebKit/537.36 (KHTML, like Gecko) Chrome/32.0.1700.76 Safari/537.36" "superior-dentistry.com"
54.162.170.198 - - [16/Oct/2016:02:01:55 -0700] "GET /css/font-awesome.css HTTP/1.1" 200 28747 "http://superior-dentistry.com/meet-staff.html" "Mozilla/5.0 (Windows NT 6.3; WOW64) AppleWebKit/537.36 (KHTML, like Gecko) Chrome/32.0.1700.76 Safari/537.36" "superior-dentistry.com"
54.162.170.198 - - [16/Oct/2016:02:01:55 -0700] "GET /css/bootstrap.css HTTP/1.1" 200 138415 "http://superior-dentistry.com/meet-staff.html" "Mozilla/5.0 (Windows NT 6.3; WOW64) AppleWebKit/537.36 (KHTML, like Gecko) Chrome/32.0.1700.76 Safari/537.36" "superior-dentistry.com"
54.162.170.198 - - [16/Oct/2016:02:01:55 -0700] "GET /js/docs.min.js HTTP/1.1" 200 43299 "http://superior-dentistry.com/meet-staff.html" "Mozilla/5.0 (Windows NT 6.3; WOW64) AppleWebKit/537.36 (KHTML, like Gecko) Chrome/32.0.1700.76 Safari/537.36" "superior-dentistry.com"
54.162.170.198 - - [16/Oct/2016:02:01:55 -0700] "GET /js/ie10-viewport-bug-workaround.js HTTP/1.1" 200 694 "http://superior-dentistry.com/meet-staff.html" "Mozilla/5.0 (Windows NT 6.3; WOW64) AppleWebKit/537.36 (KHTML, like Gecko) Chrome/32.0.1700.76 Safari/537.36" "superior-dentistry.com"
54.162.170.198 - - [16/Oct/2016:02:01:55 -0700] "GET /fonts/fontawesome-webfont.woff?v=4.3.0 HTTP/1.1" 200 71508 "http://superior-dentistry.com/meet-staff.html" "Mozilla/5.0 (Windows NT 6.3; WOW64) AppleWebKit/537.36 (KHTML, like Gecko) Chrome/32.0.1700.76 Safari/537.36" "superior-dentistry.com"
54.162.170.198 - - [16/Oct/2016:02:02:29 -0700] "GET /blog.php HTTP/1.1" 200 107037 "-" "Mozilla/5.0 (Windows NT 6.3; WOW64) AppleWebKit/537.36 (KHTML, like Gecko) Chrome/32.0.1700.76 Safari/537.36" "superior-dentistry.com"
54.162.170.198 - - [16/Oct/2016:02:02:29 -0700] "GET /js/jquery-1.6.4.min.js HTTP/1.1" 404 89 "http://superior-dentistry.com/blog.php" "Mozilla/5.0 (Windows NT 6.3; WOW64) AppleWebKit/537.36 (KHTML, like Gecko) Chrome/32.0.1700.76 Safari/537.36" "superior-dentistry.com"
54.162.170.198 - - [16/Oct/2016:02:02:29 -0700] "GET /css/font-awesome.css HTTP/1.1" 200 28747 "http://superior-dentistry.com/blog.php" "Mozilla/5.0 (Windows NT 6.3; WOW64) AppleWebKit/537.36 (KHTML, like Gecko) Chrome/32.0.1700.76 Safari/537.36" "superior-dentistry.com"
54.162.170.198 - - [16/Oct/2016:02:02:29 -0700] "GET /fonts/fontawesome-webfont.woff?v=4.3.0 HTTP/1.1" 200 71508 "http://superior-dentistry.com/blog.php" "Mozilla/5.0 (Windows NT 6.3; WOW64) AppleWebKit/537.36 (KHTML, like Gecko) Chrome/32.0.1700.76 Safari/537.36" "superior-dentistry.com"
54.162.170.198 - - [16/Oct/2016:02:04:15 -0700] "GET /index.html HTTP/1.1" 200 38900 "-" "Mozilla/5.0 (Windows NT 6.3; WOW64) AppleWebKit/537.36 (KHTML, like Gecko) Chrome/32.0.1700.76 Safari/537.36" "superior-dentistry.com"
54.162.170.198 - - [16/Oct/2016:02:04:15 -0700] "GET /css/bootstrap.css HTTP/1.1" 200 138415 "http://superior-dentistry.com/index.html" "Mozilla/5.0 (Windows NT 6.3; WOW64) AppleWebKit/537.36 (KHTML, like Gecko) Chrome/32.0.1700.76 Safari/537.36" "superior-dentistry.com"
54.162.170.198 - - [16/Oct/2016:02:04:15 -0700] "GET /css/font-awesome.css HTTP/1.1" 200 28747 "http://superior-dentistry.com/index.html" "Mozilla/5.0 (Windows NT 6.3; WOW64) AppleWebKit/537.36 (KHTML, like Gecko) Chrome/32.0.1700.76 Safari/537.36" "superior-dentistry.com"
54.162.170.198 - - [16/Oct/2016:02:04:15 -0700] "GET /js/bootstrap.min.js HTTP/1.1" 200 35601 "http://superior-dentistry.com/index.html" "Mozilla/5.0 (Windows NT 6.3; WOW64) AppleWebKit/537.36 (KHTML, like Gecko) Chrome/32.0.1700.76 Safari/537.36" "superior-dentistry.com"
54.162.170.198 - - [16/Oct/2016:02:04:15 -0700] "GET /css/bootstrap-theme.css HTTP/1.1" 200 19156 "http://superior-dentistry.com/index.html" "Mozilla/5.0 (Windows NT 6.3; WOW64) AppleWebKit/537.36 (KHTML, like Gecko) Chrome/32.0.1700.76 Safari/537.36" "superior-dentistry.com"
54.162.170.198 - - [16/Oct/2016:02:04:15 -0700] "GET /js/ie-emulation-modes-warning.js HTTP/1.1" 200 2132 "http://superior-dentistry.com/index.html" "Mozilla/5.0 (Windows NT 6.3; WOW64) AppleWebKit/537.36 (KHTML, like Gecko) Chrome/32.0.1700.76 Safari/537.36" "superior-dentistry.com"
54.162.170.198 - - [16/Oct/2016:02:04:15 -0700] "GET /theme.css HTTP/1.1" 200 1926 "http://superior-dentistry.com/index.html" "Mozilla/5.0 (Windows NT 6.3; WOW64) AppleWebKit/537.36 (KHTML, like Gecko) Chrome/32.0.1700.76 Safari/537.36" "superior-dentistry.com"
54.162.170.198 - - [16/Oct/2016:02:04:15 -0700] "GET /js/docs.min.js HTTP/1.1" 200 43299 "http://superior-dentistry.com/index.html" "Mozilla/5.0 (Windows NT 6.3; WOW64) AppleWebKit/537.36 (KHTML, like Gecko) Chrome/32.0.1700.76 Safari/537.36" "superior-dentistry.com"
54.162.170.198 - - [16/Oct/2016:02:04:15 -0700] "GET /js/ie10-viewport-bug-workaround.js HTTP/1.1" 200 694 "http://superior-dentistry.com/index.html" "Mozilla/5.0 (Windows NT 6.3; WOW64) AppleWebKit/537.36 (KHTML, like Gecko) Chrome/32.0.1700.76 Safari/537.36" "superior-dentistry.com"
54.162.170.198 - - [16/Oct/2016:02:04:15 -0700] "GET /fonts/fontawesome-webfont.woff?v=4.3.0 HTTP/1.1" 200 71508 "http://superior-dentistry.com/index.html" "Mozilla/5.0 (Windows NT 6.3; WOW64) AppleWebKit/537.36 (KHTML, like Gecko) Chrome/32.0.1700.76 Safari/537.36" "superior-dentistry.com"
151.80.31.103 - - [16/Oct/2016:02:10:11 -0700] "GET /robots.txt HTTP/1.1" 200 49 "-" "Mozilla/5.0 (compatible; AhrefsBot/5.1; +http://ahrefs.com/robot/)" "www.superior-dentistry.com"
51.255.66.171 - - [16/Oct/2016:02:10:11 -0700] "GET /Dental-LinkExchange.html HTTP/1.1" 200 24959 "-" "Mozilla/5.0 (compatible; AhrefsBot/5.1; +http://ahrefs.com/robot/)" "www.superior-dentistry.com"[0]
81.4.250.62 - - [16/Oct/2016:02:23:03 -0700] "GET /wp-login.php HTTP/1.1" 200 73 "-" "Mozilla/5.0 (Windows; U; Windows NT 5.1; en-US; rv:1.9.0.1) Gecko/2008070208 Firefox/3.0.1" "superior-dentistry.com"
69.197.177.26 - - [16/Oct/2016:02:42:15 -0700] "GET /robots.txt HTTP/1.1" 200 49 "-" "Mozilla/5.0 (compatible; MJ12bot/v1.4.5; http://www.majestic12.co.uk/bot.php?+)" "superior-dentistry.com"
69.197.177.26 - - [16/Oct/2016:02:42:17 -0700] "GET /%E2%80%9Dhttp://www.nicedentist.com HTTP/1.1" 404 89 "-" "Mozilla/5.0 (compatible; MJ12bot/v1.4.5; http://www.majestic12.co.uk/bot.php?+)" "superior-dentistry.com"
69.197.177.26 - - [16/Oct/2016:02:43:24 -0700] "GET /robots.txt HTTP/1.1" 200 49 "-" "Mozilla/5.0 (compatible; MJ12bot/v1.4.5; http://www.majestic12.co.uk/bot.php?+)" "www.superior-dentistry.com"
69.197.177.26 - - [16/Oct/2016:02:43:28 -0700] "GET /%E2%80%9Dhttp://www.nicedentist.com HTTP/1.1" 404 89 "-" "Mozilla/5.0 (compatible; MJ12bot/v1.4.5; http://www.majestic12.co.uk/bot.php?+)" "www.superior-dentistry.com"
157.55.39.185 - - [16/Oct/2016:02:45:52 -0700] "GET /robots.txt HTTP/1.1" 200 49 "-" "Mozilla/5.0 (compatible; bingbot/2.0; +http://www.bing.com/bingbot.htm)" "superior-dentistry.com"
198.16.7.150 - - [16/Oct/2016:02:47:43 -0700] "GET / HTTP/1.1" 200 38900 "-" "FreeWebMonitoring SiteChecker/0.2 (+http://www.freewebmonitoring.com/bot.html)" "www.superior-dentistry.com"
157.55.39.185 - - [16/Oct/2016:02:48:32 -0700] "GET /Dentist-Bowie-MD/js/ HTTP/1.1" 200 1319 "-" "Mozilla/5.0 (compatible; bingbot/2.0; +http://www.bing.com/bingbot.htm)" "superior-dentistry.com"
65.36.241.48 - - [16/Oct/2016:03:30:23 -0700] "HEAD / HTTP/1.1" 200 0 "-" "InternetSeer.com" "www.superior-dentistry.com"
198.16.7.150 - - [16/Oct/2016:03:49:01 -0700] "GET / HTTP/1.1" 200 38900 "-" "FreeWebMonitoring SiteChecker/0.2 (+http://www.freewebmonitoring.com/bot.html)" "www.superior-dentistry.com"
157.55.39.185 - - [16/Oct/2016:04:17:47 -0700] "GET /robots.txt HTTP/1.1" 200 49 "-" "Mozilla/5.0 (compatible; bingbot/2.0; +http://www.bing.com/bingbot.htm)" "www.superior-dentistry.com"
174.66.84.249 - - [16/Oct/2016:04:34:45 -0700] "GET /https://plus.google.com/105833397316628847382/about HTTP/1.1" 404 89 "-" "Mozilla/5.0 (compatible; MSIE 9.0; Windows NT 6.1; Trident/5.0)" "superior-dentistry.com"[0]
54.242.164.91 - - [16/Oct/2016:04:35:50 -0700] "GET / HTTP/1.1" 200 38900 "-" "Mozilla/5.0 (X11; Linux x86_64)AppleWebKit/537.36 (KHTML, like Gecko)Chrome/43.0.2357.134 Safari/537.36http://notifyninja.com/monitoring" "superior-dentistry.com"
174.66.84.249 - - [16/Oct/2016:04:46:37 -0700] "GET / HTTP/1.1" 200 38900 "-" "Mozilla/5.0 (compatible; MSIE 9.0; Windows NT 6.1; Trident/5.0)" "www.superior-dentistry.com"
174.66.84.249 - - [16/Oct/2016:04:46:42 -0700] "GET /contact-us.html HTTP/1.1" 200 23728 "-" "Mozilla/5.0 (compatible; MSIE 9.0; Windows NT 6.1; Trident/5.0)" "www.superior-dentistry.com"
174.66.84.249 - - [16/Oct/2016:04:46:47 -0700] "GET /contact-us.html HTTP/1.1" 200 23728 "-" "Mozilla/5.0 (compatible; MSIE 9.0; Windows NT 6.1; Trident/5.0)" "www.superior-dentistry.com"
174.66.84.249 - - [16/Oct/2016:04:46:52 -0700] "GET /https://plus.google.com/105833397316628847382/about HTTP/1.1" 404 89 "-" "Mozilla/5.0 (compatible; MSIE 9.0; Windows NT 6.1; Trident/5.0)" "www.superior-dentistry.com"
198.16.7.150 - - [16/Oct/2016:04:49:37 -0700] "GET / HTTP/1.1" 200 38900 "-" "FreeWebMonitoring SiteChecker/0.2 (+http://www.freewebmonitoring.com/bot.html)" "www.superior-dentistry.com"
174.129.1.66 - - [16/Oct/2016:05:27:17 -0700] "GET /robots.txt HTTP/1.1" 200 49 "-" "Mozilla/5.0 (compatible; MSIE 9.0; Windows NT 6.1; WOW64; Trident/5.0)" "superior-dentistry.com"
71.126.128.52 - - [16/Oct/2016:05:48:25 -0700] "GET /css/bootstrap.css HTTP/1.1" 200 138415 "http://www.superior-dentistry.com/" "Mozilla/5.0 (Linux; Android 5.0.2; SM-T530NU Build/LRX22G) AppleWebKit/537.36 (KHTML, like Gecko) Chrome/53.0.2785.124 Safari/537.36" "www.superior-dentistry.com"
71.126.128.52 - - [16/Oct/2016:05:48:25 -0700] "GET /theme.css HTTP/1.1" 200 1926 "http://www.superior-dentistry.com/" "Mozilla/5.0 (Linux; Android 5.0.2; SM-T530NU Build/LRX22G) AppleWebKit/537.36 (KHTML, like Gecko) Chrome/53.0.2785.124 Safari/537.36" "www.superior-dentistry.com"
71.126.128.52 - - [16/Oct/2016:05:48:25 -0700] "GET /css/font-awesome.css HTTP/1.1" 200 28747 "http://www.superior-dentistry.com/" "Mozilla/5.0 (Linux; Android 5.0.2; SM-T530NU Build/LRX22G) AppleWebKit/537.36 (KHTML, like Gecko) Chrome/53.0.2785.124 Safari/537.36" "www.superior-dentistry.com"
71.126.128.52 - - [16/Oct/2016:05:48:25 -0700] "GET /js/ie10-viewport-bug-workaround.js HTTP/1.1" 200 694 "http://www.superior-dentistry.com/" "Mozilla/5.0 (Linux; Android 5.0.2; SM-T530NU Build/LRX22G) AppleWebKit/537.36 (KHTML, like Gecko) Chrome/53.0.2785.124 Safari/537.36" "www.superior-dentistry.com"
71.126.128.52 - - [16/Oct/2016:05:48:25 -0700] "GET /js/bootstrap.min.js HTTP/1.1" 200 35601 "http://www.superior-dentistry.com/" "Mozilla/5.0 (Linux; Android 5.0.2; SM-T530NU Build/LRX22G) AppleWebKit/537.36 (KHTML, like Gecko) Chrome/53.0.2785.124 Safari/537.36" "www.superior-dentistry.com"
71.126.128.52 - - [16/Oct/2016:05:48:25 -0700] "GET /img/dental-implants.jpg HTTP/1.1" 200 22844 "http://www.superior-dentistry.com/" "Mozilla/5.0 (Linux; Android 5.0.2; SM-T530NU Build/LRX22G) AppleWebKit/537.36 (KHTML, like Gecko) Chrome/53.0.2785.124 Safari/537.36" "www.superior-dentistry.com"
71.126.128.52 - - [16/Oct/2016:05:48:25 -0700] "GET /img/extraction.jpg HTTP/1.1" 200 30135 "http://www.superior-dentistry.com/" "Mozilla/5.0 (Linux; Android 5.0.2; SM-T530NU Build/LRX22G) AppleWebKit/537.36 (KHTML, like Gecko) Chrome/53.0.2785.124 Safari/537.36" "www.superior-dentistry.com"
71.126.128.52 - - [16/Oct/2016:05:48:26 -0700] "GET /img/oral-pathology.jpg HTTP/1.1" 200 33395 "http://www.superior-dentistry.com/" "Mozilla/5.0 (Linux; Android 5.0.2; SM-T530NU Build/LRX22G) AppleWebKit/537.36 (KHTML, like Gecko) Chrome/53.0.2785.124 Safari/537.36" "www.superior-dentistry.com"
71.126.128.52 - - [16/Oct/2016:05:48:26 -0700] "GET /img/slider1.jpg HTTP/1.1" 200 268888 "http://www.superior-dentistry.com/" "Mozilla/5.0 (Linux; Android 5.0.2; SM-T530NU Build/LRX22G) AppleWebKit/537.36 (KHTML, like Gecko) Chrome/53.0.2785.124 Safari/537.36" "www.superior-dentistry.com"
71.126.128.52 - - [16/Oct/2016:05:48:26 -0700] "GET /img/patients-choice-winner-2015.png HTTP/1.1" 200 9818 "http://www.superior-dentistry.com/" "Mozilla/5.0 (Linux; Android 5.0.2; SM-T530NU Build/LRX22G) AppleWebKit/537.36 (KHTML, like Gecko) Chrome/53.0.2785.124 Safari/537.36" "www.superior-dentistry.com"
71.126.128.52 - - [16/Oct/2016:05:48:26 -0700] "GET /img/meetdr-melika.jpg HTTP/1.1" 200 75968 "http://www.superior-dentistry.com/" "Mozilla/5.0 (Linux; Android 5.0.2; SM-T530NU Build/LRX22G) AppleWebKit/537.36 (KHTML, like Gecko) Chrome/53.0.2785.124 Safari/537.36" "www.superior-dentistry.com"
71.126.128.52 - - [16/Oct/2016:05:48:26 -0700] "GET /img/offer-31-05-2014-sonicare-brush.jpg HTTP/1.1" 200 13165 "http://www.superior-dentistry.com/" "Mozilla/5.0 (Linux; Android 5.0.2; SM-T530NU Build/LRX22G) AppleWebKit/537.36 (KHTML, like Gecko) Chrome/53.0.2785.124 Safari/537.36" "www.superior-dentistry.com"
71.126.128.52 - - [16/Oct/2016:05:48:26 -0700] "GET /img/offer-31-05-2014-whitening.jpg HTTP/1.1" 200 15686 "http://www.superior-dentistry.com/" "Mozilla/5.0 (Linux; Android 5.0.2; SM-T530NU Build/LRX22G) AppleWebKit/537.36 (KHTML, like Gecko) Chrome/53.0.2785.124 Safari/537.36" "www.superior-dentistry.com"
71.126.128.52 - - [16/Oct/2016:05:48:40 -0700] "GET /services.html HTTP/1.1" 200 34139 "http://www.superior-dentistry.com/" "Mozilla/5.0 (Linux; Android 5.0.2; SM-T530NU Build/LRX22G) AppleWebKit/537.36 (KHTML, like Gecko) Chrome/53.0.2785.124 Safari/537.36" "www.superior-dentistry.com"
71.126.128.52 - - [16/Oct/2016:05:48:40 -0700] "GET /img/dentures.jpg HTTP/1.1" 200 126240 "http://www.superior-dentistry.com/services.html" "Mozilla/5.0 (Linux; Android 5.0.2; SM-T530NU Build/LRX22G) AppleWebKit/537.36 (KHTML, like Gecko) Chrome/53.0.2785.124 Safari/537.36" "www.superior-dentistry.com"
71.126.128.52 - - [16/Oct/2016:05:48:40 -0700] "GET /img/doctor-achievement.jpg HTTP/1.1" 200 200838 "http://www.superior-dentistry.com/services.html" "Mozilla/5.0 (Linux; Android 5.0.2; SM-T530NU Build/LRX22G) AppleWebKit/537.36 (KHTML, like Gecko) Chrome/53.0.2785.124 Safari/537.36" "www.superior-dentistry.com"
71.126.128.52 - - [16/Oct/2016:05:48:41 -0700] "GET /img/Teeth-Whitening1.jpg HTTP/1.1" 200 150063 "http://www.superior-dentistry.com/services.html" "Mozilla/5.0 (Linux; Android 5.0.2; SM-T530NU Build/LRX22G) AppleWebKit/537.36 (KHTML, like Gecko) Chrome/53.0.2785.124 Safari/537.36" "www.superior-dentistry.com"
71.126.128.52 - - [16/Oct/2016:05:48:41 -0700] "GET /img/care3.jpg HTTP/1.1" 200 62411 "http://www.superior-dentistry.com/services.html" "Mozilla/5.0 (Linux; Android 5.0.2; SM-T530NU Build/LRX22G) AppleWebKit/537.36 (KHTML, like Gecko) Chrome/53.0.2785.124 Safari/537.36" "www.superior-dentistry.com"
71.126.128.52 - - [16/Oct/2016:05:48:41 -0700] "GET /img/bridges-dentist-md.jpg HTTP/1.1" 200 67242 "http://www.superior-dentistry.com/services.html" "Mozilla/5.0 (Linux; Android 5.0.2; SM-T530NU Build/LRX22G) AppleWebKit/537.36 (KHTML, like Gecko) Chrome/53.0.2785.124 Safari/537.36" "www.superior-dentistry.com"
71.126.128.52 - - [16/Oct/2016:05:48:41 -0700] "GET /img/night-guard.jpg HTTP/1.1" 200 106940 "http://www.superior-dentistry.com/services.html" "Mozilla/5.0 (Linux; Android 5.0.2; SM-T530NU Build/LRX22G) AppleWebKit/537.36 (KHTML, like Gecko) Chrome/53.0.2785.124 Safari/537.36" "www.superior-dentistry.com"
71.126.128.52 - - [16/Oct/2016:05:48:41 -0700] "GET /img/white_composite_filling.jpg HTTP/1.1" 200 105229 "http://www.superior-dentistry.com/services.html" "Mozilla/5.0 (Linux; Android 5.0.2; SM-T530NU Build/LRX22G) AppleWebKit/537.36 (KHTML, like Gecko) Chrome/53.0.2785.124 Safari/537.36" "www.superior-dentistry.com"
71.126.128.52 - - [16/Oct/2016:05:48:41 -0700] "GET /img/Lumineers.jpg HTTP/1.1" 200 70250 "http://www.superior-dentistry.com/services.html" "Mozilla/5.0 (Linux; Android 5.0.2; SM-T530NU Build/LRX22G) AppleWebKit/537.36 (KHTML, like Gecko) Chrome/53.0.2785.124 Safari/537.36" "www.superior-dentistry.com"
71.126.128.52 - - [16/Oct/2016:05:48:41 -0700] "GET /img/SnapOnSmile.jpg HTTP/1.1" 200 71471 "http://www.superior-dentistry.com/services.html" "Mozilla/5.0 (Linux; Android 5.0.2; SM-T530NU Build/LRX22G) AppleWebKit/537.36 (KHTML, like Gecko) Chrome/53.0.2785.124 Safari/537.36" "www.superior-dentistry.com"
71.126.128.52 - - [16/Oct/2016:05:48:41 -0700] "GET /img/porcelain-veneers.jpg HTTP/1.1" 200 151567 "http://www.superior-dentistry.com/services.html" "Mozilla/5.0 (Linux; Android 5.0.2; SM-T530NU Build/LRX22G) AppleWebKit/537.36 (KHTML, like Gecko) Chrome/53.0.2785.124 Safari/537.36" "www.superior-dentistry.com"
199.16.156.125 - - [16/Oct/2016:05:48:43 -0700] "GET /robots.txt HTTP/1.1" 200 49 "-" "Twitterbot/1.0" "www.superior-dentistry.com"
199.16.156.126 - - [16/Oct/2016:05:48:43 -0700] "GET /robots.txt HTTP/1.1" 200 49 "-" "Twitterbot/1.0" "www.superior-dentistry.com"
199.16.156.125 - - [16/Oct/2016:05:48:43 -0700] "GET /images/endodontia-root-canal-treatment.jpg HTTP/1.1" 404 89 "-" "Twitterbot/1.0" "www.superior-dentistry.com"
199.16.156.124 - - [16/Oct/2016:05:48:44 -0700] "GET /robots.txt HTTP/1.1" 200 49 "-" "Twitterbot/1.0" "www.superior-dentistry.com"
199.16.156.126 - - [16/Oct/2016:05:48:44 -0700] "GET /robots.txt HTTP/1.1" 200 49 "-" "Twitterbot/1.0" "www.superior-dentistry.com"
199.16.156.126 - - [16/Oct/2016:05:48:44 -0700] "GET /images/logo1.jpg HTTP/1.1" 404 89 "-" "Twitterbot/1.0" "www.superior-dentistry.com"
199.16.156.124 - - [16/Oct/2016:05:48:44 -0700] "GET /services.html HTTP/1.1" 200 34139 "-" "Twitterbot/1.0" "www.superior-dentistry.com"
199.16.156.126 - - [16/Oct/2016:05:48:44 -0700] "GET /meet-staff.html HTTP/1.1" 200 22168 "-" "Twitterbot/1.0" "www.superior-dentistry.com"
66.249.69.62 - - [16/Oct/2016:06:18:48 -0700] "GET /img/logo.jpg HTTP/1.1" 200 139628 "-" "Googlebot-Image/1.0" "www.superior-dentistry.com"
199.59.148.210 - - [16/Oct/2016:06:30:54 -0700] "GET /images/endodontia-root-canal-treatment.jpg HTTP/1.1" 404 89 "-" "Twitterbot/1.0" "www.superior-dentistry.com"
199.59.148.211 - - [16/Oct/2016:06:30:54 -0700] "GET /images/logo1.jpg HTTP/1.1" 404 89 "-" "Twitterbot/1.0" "www.superior-dentistry.com"
199.16.156.125 - - [16/Oct/2016:06:32:39 -0700] "GET /robots.txt HTTP/1.1" 200 49 "-" "Twitterbot/1.0" "www.superior-dentistry.com"
199.16.156.126 - - [16/Oct/2016:06:32:39 -0700] "GET /images/logo1.jpg HTTP/1.1" 404 89 "-" "Twitterbot/1.0" "www.superior-dentistry.com"
198.16.7.150 - - [16/Oct/2016:06:50:28 -0700] "GET / HTTP/1.1" 200 38900 "-" "FreeWebMonitoring SiteChecker/0.2 (+http://www.freewebmonitoring.com/bot.html)" "www.superior-dentistry.com"
68.180.230.221 - - [16/Oct/2016:06:58:08 -0700] "GET /Bowie-Dentists/meet-staff.php HTTP/1.1" 200 73 "-" "Mozilla/5.0 (compatible; Yahoo! Slurp; http://help.yahoo.com/help/us/ysearch/slurp)" "www.superior-dentistry.com"
198.16.7.150 - - [16/Oct/2016:07:51:23 -0700] "GET / HTTP/1.1" 200 38900 "-" "FreeWebMonitoring SiteChecker/0.2 (+http://www.freewebmonitoring.com/bot.html)" "www.superior-dentistry.com"
54.242.164.91 - - [16/Oct/2016:08:36:51 -0700] "GET / HTTP/1.1" 200 38900 "-" "Mozilla/5.0 (X11; Linux x86_64)AppleWebKit/537.36 (KHTML, like Gecko)Chrome/43.0.2357.134 Safari/537.36http://notifyninja.com/monitoring" "superior-dentistry.com"
37.115.187.108 - - [16/Oct/2016:09:18:59 -0700] "GET / HTTP/1.1" 200 38900 "http://www.absolute-s.ru/" "Mozilla/4.0 (compatible; MSIE 5.5; Windows NT 5.0; .NET CLR 1.1.4322)" "www.superior-dentistry.com"
37.115.187.108 - - [16/Oct/2016:09:19:00 -0700] "GET / HTTP/1.1" 200 38900 "http://www.absolute-s.ru/" "Mozilla/4.0 (compatible; MSIE 5.5; Windows NT 5.0; .NET CLR 1.1.4322)" "www.superior-dentistry.com"
46.118.118.216 - - [16/Oct/2016:09:24:09 -0700] "GET / HTTP/1.1" 200 38900 "https://7fon.ru/" "Opera/7.60 (Windows NT 5.2; U)  [en] (IBM EVV/3.0/EAK01AG9/LE)" "www.superior-dentistry.com"
46.118.118.216 - - [16/Oct/2016:09:24:10 -0700] "GET / HTTP/1.1" 200 38900 "https://7fon.ru/" "Opera/7.60 (Windows NT 5.2; U)  [en] (IBM EVV/3.0/EAK01AG9/LE)" "www.superior-dentistry.com"
46.118.118.216 - - [16/Oct/2016:09:24:11 -0700] "GET / HTTP/1.1" 200 38900 "https://7fon.ru/" "Opera/7.60 (Windows NT 5.2; U)  [en] (IBM EVV/3.0/EAK01AG9/LE)" "www.superior-dentistry.com"
131.253.38.67 - - [16/Oct/2016:09:32:58 -0700] "GET /BingSiteAuth.xml HTTP/1.1" 200 85 "-" "Mozilla/5.0 (Windows NT 10.0; Win64; x64) AppleWebKit/537.36 (KHTML, like Gecko) Chrome/42.0.2311.135 Safari/537.36 Edge/12.246" "www.superior-dentistry.com"
71.120.28.246 - - [16/Oct/2016:09:40:20 -0700] "GET / HTTP/1.1" 200 38900 "https://www.google.com/" "Mozilla/5.0 (iPad; CPU OS 9_3_5 like Mac OS X) AppleWebKit/601.1.46 (KHTML, like Gecko) Version/9.0 Mobile/13G36 Safari/601.1" "www.superior-dentistry.com"
71.120.28.246 - - [16/Oct/2016:09:40:20 -0700] "GET /img/meetdr-ali.jpg HTTP/1.1" 200 60533 "http://www.superior-dentistry.com/" "Mozilla/5.0 (iPad; CPU OS 9_3_5 like Mac OS X) AppleWebKit/601.1.46 (KHTML, like Gecko) Version/9.0 Mobile/13G36 Safari/601.1" "www.superior-dentistry.com"
71.120.28.246 - - [16/Oct/2016:09:40:20 -0700] "GET /js/bootstrap.min.js HTTP/1.1" 200 35601 "http://www.superior-dentistry.com/" "Mozilla/5.0 (iPad; CPU OS 9_3_5 like Mac OS X) AppleWebKit/601.1.46 (KHTML, like Gecko) Version/9.0 Mobile/13G36 Safari/601.1" "www.superior-dentistry.com"
71.120.28.246 - - [16/Oct/2016:09:40:20 -0700] "GET /img/dental-implants.jpg HTTP/1.1" 200 22844 "http://www.superior-dentistry.com/" "Mozilla/5.0 (iPad; CPU OS 9_3_5 like Mac OS X) AppleWebKit/601.1.46 (KHTML, like Gecko) Version/9.0 Mobile/13G36 Safari/601.1" "www.superior-dentistry.com"
71.120.28.246 - - [16/Oct/2016:09:40:20 -0700] "GET /img/patients-choice-winner-2015.png HTTP/1.1" 200 9818 "http://www.superior-dentistry.com/" "Mozilla/5.0 (iPad; CPU OS 9_3_5 like Mac OS X) AppleWebKit/601.1.46 (KHTML, like Gecko) Version/9.0 Mobile/13G36 Safari/601.1" "www.superior-dentistry.com"
71.120.28.246 - - [16/Oct/2016:09:40:22 -0700] "GET /fonts/fontawesome-webfont.woff?v=4.3.0 HTTP/1.1" 200 71508 "http://www.superior-dentistry.com/" "Mozilla/5.0 (iPad; CPU OS 9_3_5 like Mac OS X) AppleWebKit/601.1.46 (KHTML, like Gecko) Version/9.0 Mobile/13G36 Safari/601.1" "www.superior-dentistry.com"
71.120.28.246 - - [16/Oct/2016:09:40:30 -0700] "GET /services.html HTTP/1.1" 200 34139 "http://www.superior-dentistry.com/" "Mozilla/5.0 (iPad; CPU OS 9_3_5 like Mac OS X) AppleWebKit/601.1.46 (KHTML, like Gecko) Version/9.0 Mobile/13G36 Safari/601.1" "www.superior-dentistry.com"
71.120.28.246 - - [16/Oct/2016:09:40:30 -0700] "GET /img/care3.jpg HTTP/1.1" 200 62411 "http://www.superior-dentistry.com/services.html" "Mozilla/5.0 (iPad; CPU OS 9_3_5 like Mac OS X) AppleWebKit/601.1.46 (KHTML, like Gecko) Version/9.0 Mobile/13G36 Safari/601.1" "www.superior-dentistry.com"
71.120.28.246 - - [16/Oct/2016:09:40:30 -0700] "GET /img/SnapOnSmile.jpg HTTP/1.1" 200 71471 "http://www.superior-dentistry.com/services.html" "Mozilla/5.0 (iPad; CPU OS 9_3_5 like Mac OS X) AppleWebKit/601.1.46 (KHTML, like Gecko) Version/9.0 Mobile/13G36 Safari/601.1" "www.superior-dentistry.com"
71.120.28.246 - - [16/Oct/2016:09:40:30 -0700] "GET /img/night-guard.jpg HTTP/1.1" 200 106940 "http://www.superior-dentistry.com/services.html" "Mozilla/5.0 (iPad; CPU OS 9_3_5 like Mac OS X) AppleWebKit/601.1.46 (KHTML, like Gecko) Version/9.0 Mobile/13G36 Safari/601.1" "www.superior-dentistry.com"
71.120.28.246 - - [16/Oct/2016:09:40:30 -0700] "GET /img/dental-extractions.jpg HTTP/1.1" 200 165246 "http://www.superior-dentistry.com/services.html" "Mozilla/5.0 (iPad; CPU OS 9_3_5 like Mac OS X) AppleWebKit/601.1.46 (KHTML, like Gecko) Version/9.0 Mobile/13G36 Safari/601.1" "www.superior-dentistry.com"
71.120.28.246 - - [16/Oct/2016:09:40:30 -0700] "GET /img/bridges-dentist-md.jpg HTTP/1.1" 200 67242 "http://www.superior-dentistry.com/services.html" "Mozilla/5.0 (iPad; CPU OS 9_3_5 like Mac OS X) AppleWebKit/601.1.46 (KHTML, like Gecko) Version/9.0 Mobile/13G36 Safari/601.1" "www.superior-dentistry.com"
71.120.28.246 - - [16/Oct/2016:09:40:30 -0700] "GET /img/Teeth-Whitening1.jpg HTTP/1.1" 200 150063 "http://www.superior-dentistry.com/services.html" "Mozilla/5.0 (iPad; CPU OS 9_3_5 like Mac OS X) AppleWebKit/601.1.46 (KHTML, like Gecko) Version/9.0 Mobile/13G36 Safari/601.1" "www.superior-dentistry.com"
71.120.28.246 - - [16/Oct/2016:09:40:31 -0700] "GET /img/Lumineers.jpg HTTP/1.1" 200 70250 "http://www.superior-dentistry.com/services.html" "Mozilla/5.0 (iPad; CPU OS 9_3_5 like Mac OS X) AppleWebKit/601.1.46 (KHTML, like Gecko) Version/9.0 Mobile/13G36 Safari/601.1" "www.superior-dentistry.com"[0]
71.120.28.246 - - [16/Oct/2016:09:40:31 -0700] "GET /img/implant-before-and-after.jpg HTTP/1.1" 200 122702 "http://www.superior-dentistry.com/services.html" "Mozilla/5.0 (iPad; CPU OS 9_3_5 like Mac OS X) AppleWebKit/601.1.46 (KHTML, like Gecko) Version/9.0 Mobile/13G36 Safari/601.1" "www.superior-dentistry.com"
199.16.156.124 - - [16/Oct/2016:09:40:33 -0700] "GET /robots.txt HTTP/1.1" 200 49 "-" "Twitterbot/1.0" "www.superior-dentistry.com"
199.16.156.126 - - [16/Oct/2016:09:40:33 -0700] "GET /robots.txt HTTP/1.1" 200 49 "-" "Twitterbot/1.0" "www.superior-dentistry.com"
199.16.156.126 - - [16/Oct/2016:09:40:33 -0700] "GET /images/endodontia-root-canal-treatment.jpg HTTP/1.1" 404 89 "-" "Twitterbot/1.0" "www.superior-dentistry.com"
199.16.156.126 - - [16/Oct/2016:09:40:34 -0700] "GET / HTTP/1.1" 200 38900 "-" "Twitterbot/1.0" "www.superior-dentistry.com"
68.180.230.221 - - [16/Oct/2016:10:16:30 -0700] "GET /%E2%80%9Dhttp://www.nicedentist.com%E2%80%9D HTTP/1.1" 404 89 "-" "Mozilla/5.0 (compatible; Yahoo! Slurp; http://help.yahoo.com/help/us/ysearch/slurp)" "www.superior-dentistry.com"
136.243.67.234 - - [16/Oct/2016:10:45:55 -0700] "HEAD / HTTP/1.1" 200 0 "-" "Mozilla/5.0 (Windows NT 6.1) AppleWebKit/537.36 (KHTML, like Gecko) Chrome/41.0.2228.0 Safari/537.36Mozilla/5.0 (Macintosh; Intel Mac OS X 10.8; rv:24.0) Gecko/20100101 Firefox/24.0" "www.superior-dentistry.com"
136.243.67.234 - - [16/Oct/2016:10:46:11 -0700] "HEAD / HTTP/1.1" 200 0 "-" "Mozilla/5.0 (Windows NT 6.1) AppleWebKit/537.36 (KHTML, like Gecko) Chrome/41.0.2228.0 Safari/537.36Mozilla/5.0 (Macintosh; Intel Mac OS X 10.8; rv:24.0) Gecko/20100101 Firefox/24.0" "superior-dentistry.com"
180.76.15.147 - - [16/Oct/2016:10:50:53 -0700] "GET /Dentist-Bowie-MD/Periodontal-Services-Maryland-MD.html HTTP/1.1" 200 25411 "-" "Mozilla/5.0 (compatible; Baiduspider/2.0; +http://www.baidu.com/search/spider.html)" "www.superior-dentistry.com"
198.16.7.150 - - [16/Oct/2016:10:54:42 -0700] "GET / HTTP/1.1" 200 38900 "-" "FreeWebMonitoring SiteChecker/0.2 (+http://www.freewebmonitoring.com/bot.html)" "www.superior-dentistry.com"
207.46.13.165 - - [16/Oct/2016:10:58:40 -0700] "GET /Bowie-Dentists/blog.php HTTP/1.1" 200 416 "-" "Mozilla/5.0 (compatible; bingbot/2.0; +http://www.bing.com/bingbot.htm)" "superior-dentistry.com"
174.129.237.157 - - [16/Oct/2016:10:59:35 -0700] "GET /robots.txt HTTP/1.1" 200 49 "-" "ia_archiver" "www.superior-dentistry.com"
174.129.237.157 - - [16/Oct/2016:10:59:35 -0700] "GET /firstvisit.html HTTP/1.1" 200 24044 "-" "ia_archiver" "www.superior-dentistry.com"[0]
157.55.39.98 - - [16/Oct/2016:11:05:57 -0700] "GET /robots.txt HTTP/1.1" 200 49 "-" "Mozilla/5.0 (compatible; bingbot/2.0; +http://www.bing.com/bingbot.htm)" "www.superior-dentistry.com"
66.249.69.62 - - [16/Oct/2016:11:21:58 -0700] "GET /images/endodontia-root-canal-treatment.jpg HTTP/1.1" 404 89 "-" "Googlebot-Image/1.0" "www.superior-dentistry.com"
180.153.236.181 - - [16/Oct/2016:11:38:28 -0700] "GET / HTTP/1.1" 200 38900 "http://superior-dentistry.com/" "Mozilla/5.0 (compatible; MSIE 9.0; Windows NT 6.1; Trident/5.0); 360Spider" "superior-dentistry.com"
66.249.69.55 - - [16/Oct/2016:11:53:56 -0700] "GET /img/white_composite_filling.jpg HTTP/1.1" 200 105229 "-" "Googlebot-Image/1.0" "www.superior-dentistry.com"
198.16.7.150 - - [16/Oct/2016:11:54:58 -0700] "GET / HTTP/1.1" 200 38900 "-" "FreeWebMonitoring SiteChecker/0.2 (+http://www.freewebmonitoring.com/bot.html)" "www.superior-dentistry.com"
180.76.15.31 - - [16/Oct/2016:11:57:51 -0700] "GET /Bowie-Dentists/Childrens-Dentistry-Maryland.html HTTP/1.1" 200 28854 "-" "Mozilla/5.0 (compatible; Baiduspider/2.0; +http://www.baidu.com/search/spider.html)" "www.superior-dentistry.com"
66.249.69.59 - - [16/Oct/2016:12:09:28 -0700] "GET /img/porcelain-veneers.jpg HTTP/1.1" 200 151567 "-" "Googlebot-Image/1.0" "www.superior-dentistry.com"
157.55.39.185 - - [16/Oct/2016:12:21:47 -0700] "GET /robots.txt HTTP/1.1" 200 49 "-" "Mozilla/5.0 (compatible; bingbot/2.0; +http://www.bing.com/bingbot.htm)" "www.superior-dentistry.com"
54.242.164.91 - - [16/Oct/2016:12:37:46 -0700] "GET / HTTP/1.1" 200 38900 "-" "Mozilla/5.0 (X11; Linux x86_64)AppleWebKit/537.36 (KHTML, like Gecko)Chrome/43.0.2357.134 Safari/537.36http://notifyninja.com/monitoring" "superior-dentistry.com"
5.255.250.70 - - [16/Oct/2016:12:57:57 -0700] "GET /Bowie-Dentists/images/offer-31-05-2014-new-patient.jpg HTTP/1.1" 404 89 "-" "Mozilla/5.0 (compatible; YandexImages/3.0; +http://yandex.com/bots)" "www.superior-dentistry.com"
180.76.15.140 - - [16/Oct/2016:13:22:51 -0700] "GET /Dentist-Bowie-MD/Tooth-Extractions-Maryland-MD.html HTTP/1.1" 200 31634 "-" "Mozilla/5.0 (compatible; Baiduspider/2.0; +http://www.baidu.com/search/spider.html)" "www.superior-dentistry.com"
180.76.15.134 - - [16/Oct/2016:14:53:52 -0700] "GET /Dentist-Bowie-MD/fonts/?M=D HTTP/1.1" 200 1487 "-" "Mozilla/5.0 (compatible; Baiduspider/2.0; +http://www.baidu.com/search/spider.html)" "www.superior-dentistry.com"
5.255.250.28 - - [16/Oct/2016:15:34:28 -0700] "GET /img/porcelain-veneers.jpg HTTP/1.1" 200 151567 "-" "Mozilla/5.0 (compatible; YandexImages/3.0; +http://yandex.com/bots)" "www.superior-dentistry.com"
