208.122.6.102 - - [24/Dec/2015:16:28:14 -0800] "GET / HTTP/1.1" 200 38156 "-" "FreeWebMonitoring SiteChecker/0.2 (+http://www.freewebmonitoring.com/bot.html)" "www.superior-dentistry.com"
207.46.13.142 - - [24/Dec/2015:16:33:53 -0800] "GET /robots.txt HTTP/1.1" 200 49 "-" "Mozilla/5.0 (compatible; bingbot/2.0; +http://www.bing.com/bingbot.htm)" "www.superior-dentistry.com"
184.151.63.192 - - [24/Dec/2015:17:19:21 -0800] "GET / HTTP/1.1" 200 38156 "-" "Mozilla/5.0 (iPhone; CPU iPhone OS 8_4_1 like Mac OS X) AppleWebKit/600.1.4 (KHTML, like Gecko) Version/8.0 Mobile/12H321 Safari/600.1.4" "www.superior-dentistry.com"
208.122.6.102 - - [24/Dec/2015:17:28:50 -0800] "GET / HTTP/1.1" 200 38156 "-" "FreeWebMonitoring SiteChecker/0.2 (+http://www.freewebmonitoring.com/bot.html)" "www.superior-dentistry.com"
157.55.39.193 - - [24/Dec/2015:17:30:22 -0800] "GET /robots.txt HTTP/1.1" 200 49 "-" "Mozilla/5.0 (compatible; bingbot/2.0; +http://www.bing.com/bingbot.htm)" "www.superior-dentistry.com"
157.55.39.193 - - [24/Dec/2015:17:30:32 -0800] "GET /images/email.png HTTP/1.1" 404 89 "-" "Mozilla/5.0 (compatible; bingbot/2.0; +http://www.bing.com/bingbot.htm)" "www.superior-dentistry.com"
157.55.39.193 - - [24/Dec/2015:17:30:33 -0800] "GET /images/care2.jpg HTTP/1.1" 404 89 "-" "Mozilla/5.0 (compatible; bingbot/2.0; +http://www.bing.com/bingbot.htm)" "www.superior-dentistry.com"
66.249.69.93 - - [24/Dec/2015:17:31:05 -0800] "GET /index.php HTTP/1.1" 200 73 "-" "Mozilla/5.0 (iPhone; CPU iPhone OS 8_3 like Mac OS X) AppleWebKit/600.1.4 (KHTML, like Gecko) Version/8.0 Mobile/12F70 Safari/600.1.4 (compatible; Googlebot/2.1; +http://www.google.com/bot.html)" "www.superior-dentistry.com"
221.232.53.251 - - [24/Dec/2015:17:34:33 -0800] "GET /blog.php HTTP/1.1" 200 99736 "-" "Mozilla/5.0 (Windows NT 6.1; Trident/7.0; rv:11.0) like Gecko" "www.superior-dentistry.com"
195.154.194.111 - - [24/Dec/2015:17:34:33 -0800] "GET /wp-login.php HTTP/1.1" 200 73 "-" "Mozilla/5.0 (compatible; MSIE 9.0; Windows NT 6.1; Trident/5.0)" "www.superior-dentistry.com"
221.232.53.251 - - [24/Dec/2015:17:34:36 -0800] "POST /blog.php/trackback/ HTTP/1.1" 200 99355 "http://www.superior-dentistry.com/blog.php" "Mozilla/5.0 (Windows NT 6.1; Trident/7.0; rv:11.0) like Gecko" "www.superior-dentistry.com"
207.46.13.153 - - [24/Dec/2015:17:39:10 -0800] "GET /robots.txt HTTP/1.1" 200 49 "-" "Mozilla/5.0 (compatible; bingbot/2.0; +http://www.bing.com/bingbot.htm)" "www.superior-dentistry.com"
207.46.13.153 - - [24/Dec/2015:17:40:00 -0800] "GET /images/Teeth-Whitening1.jpg HTTP/1.1" 404 89 "-" "Mozilla/5.0 (compatible; bingbot/2.0; +http://www.bing.com/bingbot.htm)" "www.superior-dentistry.com"
180.76.15.145 - - [24/Dec/2015:17:41:10 -0800] "GET /robots.txt HTTP/1.1" 200 49 "-" "Mozilla/5.0 (Windows NT 5.1; rv:6.0.2) Gecko/20100101 Firefox/6.0.2" "www.superior-dentistry.com"
180.76.15.152 - - [24/Dec/2015:17:44:24 -0800] "GET /font/delicious-roman.css HTTP/1.1" 404 89 "-" "Mozilla/5.0 (compatible; Baiduspider/2.0; +http://www.baidu.com/search/spider.html)" "www.superior-dentistry.com"
157.55.39.193 - - [24/Dec/2015:18:12:54 -0800] "GET /robots.txt HTTP/1.1" 200 49 "-" "Mozilla/5.0 (compatible; bingbot/2.0; +http://www.bing.com/bingbot.htm)" "www.superior-dentistry.com"
157.55.39.193 - - [24/Dec/2015:18:13:00 -0800] "GET /firstvisit.php HTTP/1.1" 200 73 "-" "Mozilla/5.0 (compatible; bingbot/2.0; +http://www.bing.com/bingbot.htm)" "www.superior-dentistry.com"
123.125.71.29 - - [24/Dec/2015:18:13:41 -0800] "GET /robots.txt HTTP/1.1" 200 49 "-" "Mozilla/5.0 (Windows NT 5.1; rv:6.0.2) Gecko/20100101 Firefox/6.0.2" "superior-dentistry.com"
123.125.71.85 - - [24/Dec/2015:18:14:15 -0800] "GET / HTTP/1.1" 200 38156 "-" "Mozilla/5.0 (compatible; Baiduspider/2.0; +http://www.baidu.com/search/spider.html)" "superior-dentistry.com"
157.55.39.127 - - [24/Dec/2015:18:15:45 -0800] "GET /robots.txt HTTP/1.1" 200 49 "-" "Mozilla/5.0 (compatible; bingbot/2.0; +http://www.bing.com/bingbot.htm)" "www.superior-dentistry.com"
123.125.71.116 - - [24/Dec/2015:18:16:28 -0800] "GET /Dentists-Bowie-MD.html HTTP/1.1" 200 38040 "-" "Mozilla/5.0 (compatible; Baiduspider/2.0; +http://www.baidu.com/search/spider.html)" "www.superior-dentistry.com"
157.55.39.127 - - [24/Dec/2015:18:18:22 -0800] "GET /Dental-Sites-We-Like.html HTTP/1.1" 200 41324 "-" "Mozilla/5.0 (compatible; bingbot/2.0; +http://www.bing.com/bingbot.htm)" "www.superior-dentistry.com"
208.122.6.102 - - [24/Dec/2015:18:29:47 -0800] "GET / HTTP/1.1" 200 38156 "-" "FreeWebMonitoring SiteChecker/0.2 (+http://www.freewebmonitoring.com/bot.html)" "www.superior-dentistry.com"
77.75.79.17 - - [24/Dec/2015:18:47:23 -0800] "GET /robots.txt HTTP/1.1" 200 49 "-" "Mozilla/5.0 (compatible; SeznamBot/3.2; +http://fulltext.sblog.cz/)" "www.superior-dentistry.com"
77.75.79.17 - - [24/Dec/2015:18:47:27 -0800] "GET /images/care5.jpg HTTP/1.1" 404 89 "-" "Mozilla/5.0 (compatible; SeznamBot/3.2; +http://fulltext.sblog.cz/)" "www.superior-dentistry.com"
208.122.6.102 - - [24/Dec/2015:19:30:44 -0800] "GET / HTTP/1.1" 200 38156 "-" "FreeWebMonitoring SiteChecker/0.2 (+http://www.freewebmonitoring.com/bot.html)" "www.superior-dentistry.com"
45.79.87.95 - - [24/Dec/2015:20:28:35 -0800] "HEAD / HTTP/1.1" 200 0 "http://uptimechecker.com/superior-dentistry.com" "Mozilla/5.0 (Macintosh; Intel Mac OS X 10_11_0) AppleWebKit/537.36 (KHTML, like Gecko) Chrome/46.0.2490.86 Safari/537.36" "superior-dentistry.com"
208.122.6.102 - - [24/Dec/2015:20:32:34 -0800] "GET / HTTP/1.1" 200 38156 "-" "FreeWebMonitoring SiteChecker/0.2 (+http://www.freewebmonitoring.com/bot.html)" "www.superior-dentistry.com"
188.165.15.202 - - [24/Dec/2015:20:40:20 -0800] "GET /Patient-Before-After-Gallery.html HTTP/1.1" 200 23787 "-" "Mozilla/5.0 (compatible; AhrefsBot/5.0; +http://ahrefs.com/robot/)" "www.superior-dentistry.com"
77.75.77.119 - - [24/Dec/2015:20:53:20 -0800] "GET /images/care1.jpg HTTP/1.1" 404 89 "-" "Mozilla/5.0 (compatible; SeznamBot/3.2; +http://fulltext.sblog.cz/)" "www.superior-dentistry.com"
54.225.99.218 - - [24/Dec/2015:21:00:33 -0800] "HEAD /Dental-LinkExchange.html HTTP/1.1" 200 0 "-" "Mozilla/5.0 (Windows; U; Windows NT 5.1; en-US; rv:1.7.5) Gecko/20041107 Firefox/1.0" "superior-dentistry.com"
54.225.99.218 - - [24/Dec/2015:21:00:33 -0800] "GET /Dental-LinkExchange.html HTTP/1.1" 200 25575 "-" "Mozilla/5.0 (Windows; U; Windows NT 5.1; en-US; rv:1.7.5) Gecko/20041107 Firefox/1.0" "superior-dentistry.com"
66.249.69.174 - - [24/Dec/2015:21:14:53 -0800] "GET /index.php HTTP/1.1" 200 73 "-" "Mozilla/5.0 (compatible; Googlebot/2.1; +http://www.google.com/bot.html)" "www.superior-dentistry.com"
69.30.215.130 - - [24/Dec/2015:21:29:26 -0800] "GET /%E2%80%9Dhttp://www.nicedentist.com HTTP/1.1" 404 89 "-" "Mozilla/5.0 (compatible; MJ12bot/v1.4.5; http://www.majestic12.co.uk/bot.php?+)" "superior-dentistry.com"
69.30.215.130 - - [24/Dec/2015:21:29:29 -0800] "GET /robots.txt HTTP/1.1" 200 49 "-" "Mozilla/5.0 (compatible; MJ12bot/v1.4.5; http://www.majestic12.co.uk/bot.php?+)" "www.superior-dentistry.com"
69.30.215.130 - - [24/Dec/2015:21:29:30 -0800] "GET /%E2%80%9Dhttp://www.nicedentist.com HTTP/1.1" 404 89 "-" "Mozilla/5.0 (compatible; MJ12bot/v1.4.5; http://www.majestic12.co.uk/bot.php?+)" "www.superior-dentistry.com"
208.122.6.102 - - [24/Dec/2015:21:33:39 -0800] "GET / HTTP/1.1" 200 38156 "-" "FreeWebMonitoring SiteChecker/0.2 (+http://www.freewebmonitoring.com/bot.html)" "www.superior-dentistry.com"
54.83.54.173 - - [24/Dec/2015:22:09:12 -0800] "HEAD /Dental-LinkExchange.html HTTP/1.1" 200 0 "-" "Mozilla/5.0 (Windows; U; Windows NT 5.1; en-US; rv:1.7.5) Gecko/20041107 Firefox/1.0" "superior-dentistry.com"
54.83.54.173 - - [24/Dec/2015:22:09:12 -0800] "GET /Dental-LinkExchange.html HTTP/1.1" 200 25575 "-" "Mozilla/5.0 (Windows; U; Windows NT 5.1; en-US; rv:1.7.5) Gecko/20041107 Firefox/1.0" "superior-dentistry.com"
54.83.54.173 - - [24/Dec/2015:22:09:12 -0800] "GET /robots.txt HTTP/1.1" 200 49 "-" "Mozilla/5.0 (compatible; MSIE 9.0; Windows NT 6.1; WOW64; Trident/5.0)" "superior-dentistry.com"
66.249.69.174 - - [24/Dec/2015:22:35:21 -0800] "GET /assets/flash/ZeroClipboard.swf?noCache=1450915200033&trustedOrigins=www.superior-dentistry.com%2C%2F%2Fwww.superior-dentistry.com%2Chttp%3A%2F%2Fwww.superior-dentistry.com HTTP/1.1" 404 89 "-" "Googlebot-Video/1.0" "www.superior-dentistry.com"
208.122.6.102 - - [24/Dec/2015:22:35:22 -0800] "GET / HTTP/1.1" 200 38156 "-" "FreeWebMonitoring SiteChecker/0.2 (+http://www.freewebmonitoring.com/bot.html)" "www.superior-dentistry.com"
180.76.15.139 - - [24/Dec/2015:22:37:39 -0800] "GET /contact-us.html HTTP/1.1" 200 23726 "-" "Mozilla/5.0 (compatible; Baiduspider/2.0; +http://www.baidu.com/search/spider.html)" "www.superior-dentistry.com"
95.142.163.99 - - [24/Dec/2015:22:38:20 -0800] "GET /contact-us.php HTTP/1.1" 200 73 "-" "Mozilla/5.0 (X11; Ubuntu; Linux x86_64; rv:26.0) Gecko/20100101 Firefox/26.0" "www.superior-dentistry.com"
180.76.15.31 - - [25/Dec/2015:00:18:27 -0800] "GET /Patient-Information-Form.pdf HTTP/1.1" 200 983040 "-" "Mozilla/5.0 (compatible; Baiduspider/2.0; +http://www.baidu.com/search/spider.html)" "superior-dentistry.com"
131.253.38.67 - - [25/Dec/2015:00:22:43 -0800] "GET /BingSiteAuth.xml HTTP/1.1" 200 85 "-" "Mozilla/5.0 (compatible; MSIE 9.0; Windows NT 7.1; Trident/5.0)" "www.superior-dentistry.com"
54.83.2.253 - - [25/Dec/2015:00:27:59 -0800] "GET /Dental-LinkExchange.html HTTP/1.1" 200 25575 "-" "Mozilla/5.0 (Windows; U; Windows NT 5.1; en-US; rv:1.7.5) Gecko/20041107 Firefox/1.0" "superior-dentistry.com"
65.36.241.48 - - [25/Dec/2015:00:31:23 -0800] "HEAD / HTTP/1.1" 200 0 "-" "InternetSeer.com" "www.superior-dentistry.com"
157.55.39.193 - - [25/Dec/2015:00:31:45 -0800] "GET /robots.txt HTTP/1.1" 200 49 "-" "Mozilla/5.0 (compatible; bingbot/2.0; +http://www.bing.com/bingbot.htm)" "www.superior-dentistry.com"
157.55.39.193 - - [25/Dec/2015:00:34:16 -0800] "GET /Dentist-Bowie-MD/css/?D=A HTTP/1.1" 200 1932 "-" "Mozilla/5.0 (compatible; bingbot/2.0; +http://www.bing.com/bingbot.htm)" "www.superior-dentistry.com"
208.122.6.102 - - [25/Dec/2015:00:36:55 -0800] "GET / HTTP/1.1" 200 38156 "-" "FreeWebMonitoring SiteChecker/0.2 (+http://www.freewebmonitoring.com/bot.html)" "www.superior-dentistry.com"
77.75.77.32 - - [25/Dec/2015:00:42:55 -0800] "GET /images/care6.jpg HTTP/1.1" 404 89 "-" "Mozilla/5.0 (compatible; SeznamBot/3.2; +http://fulltext.sblog.cz/)" "www.superior-dentistry.com"
69.174.160.121 - - [25/Dec/2015:00:54:22 -0800] "GET / HTTP/1.1" 200 38156 "-" "Mozilla/5.0 (Windows NT 6.1) AppleWebKit/537.36 (KHTML, like Gecko) Chrome/41.0.2228.0 Safari/537.36" "www.superior-dentistry.com"
69.174.160.121 - - [25/Dec/2015:00:54:22 -0800] "GET /Dentist-Bowie-MD/Dental-Implants-Maryland-MD.html HTTP/1.1" 200 33055 "-" "Mozilla/5.0 (Windows NT 6.1) AppleWebKit/537.36 (KHTML, like Gecko) Chrome/41.0.2228.0 Safari/537.36" "www.superior-dentistry.com"
87.15.62.6 - - [25/Dec/2015:01:19:03 -0800] "GET / HTTP/1.1" 200 38156 "http://top1-seo-service.com/try.php?u=http://superior-dentistry.com" "Mozilla/5.0 (Windows NT 6.1; WOW64) AppleWebKit/537.36 (KHTML, like Gecko) Chrome/36.0.1985.143 Safari/537.36" "superior-dentistry.com"
87.15.62.6 - - [25/Dec/2015:01:19:09 -0800] "GET /js/bootstrap.min.js HTTP/1.1" 200 35601 "http://superior-dentistry.com/" "Mozilla/5.0 (Windows NT 6.1; WOW64) AppleWebKit/537.36 (KHTML, like Gecko) Chrome/36.0.1985.143 Safari/537.36" "superior-dentistry.com"
87.15.62.6 - - [25/Dec/2015:01:19:11 -0800] "GET /theme.css HTTP/1.1" 200 1926 "http://superior-dentistry.com/" "Mozilla/5.0 (Windows NT 6.1; WOW64) AppleWebKit/537.36 (KHTML, like Gecko) Chrome/36.0.1985.143 Safari/537.36" "superior-dentistry.com"
87.15.62.6 - - [25/Dec/2015:01:19:11 -0800] "GET /css/bootstrap-theme.css HTTP/1.1" 200 19156 "http://superior-dentistry.com/" "Mozilla/5.0 (Windows NT 6.1; WOW64) AppleWebKit/537.36 (KHTML, like Gecko) Chrome/36.0.1985.143 Safari/537.36" "superior-dentistry.com"
87.15.62.6 - - [25/Dec/2015:01:19:11 -0800] "GET /css/bootstrap.css HTTP/1.1" 304 - "http://superior-dentistry.com/" "Mozilla/5.0 (Windows NT 6.1; WOW64) AppleWebKit/537.36 (KHTML, like Gecko) Chrome/36.0.1985.143 Safari/537.36" "superior-dentistry.com"
87.15.62.6 - - [25/Dec/2015:01:19:11 -0800] "GET /css/font-awesome.css HTTP/1.1" 200 28747 "http://superior-dentistry.com/" "Mozilla/5.0 (Windows NT 6.1; WOW64) AppleWebKit/537.36 (KHTML, like Gecko) Chrome/36.0.1985.143 Safari/537.36" "superior-dentistry.com"
87.15.62.6 - - [25/Dec/2015:01:19:13 -0800] "GET /js/ie10-viewport-bug-workaround.js HTTP/1.1" 200 694 "http://superior-dentistry.com/" "Mozilla/5.0 (Windows NT 6.1; WOW64) AppleWebKit/537.36 (KHTML, like Gecko) Chrome/36.0.1985.143 Safari/537.36" "superior-dentistry.com"
87.15.62.6 - - [25/Dec/2015:01:19:25 -0800] "GET /js/docs.min.js HTTP/1.1" 200 43299 "http://superior-dentistry.com/" "Mozilla/5.0 (Windows NT 6.1; WOW64) AppleWebKit/537.36 (KHTML, like Gecko) Chrome/36.0.1985.143 Safari/537.36" "superior-dentistry.com"
208.122.6.102 - - [25/Dec/2015:01:37:21 -0800] "GET / HTTP/1.1" 200 38156 "-" "FreeWebMonitoring SiteChecker/0.2 (+http://www.freewebmonitoring.com/bot.html)" "www.superior-dentistry.com"
77.75.78.172 - - [25/Dec/2015:01:42:21 -0800] "GET /robots.txt HTTP/1.1" 200 49 "-" "Mozilla/5.0 (compatible; SeznamBot/3.2; +http://fulltext.sblog.cz/)" "www.superior-dentistry.com"
77.75.78.172 - - [25/Dec/2015:01:42:22 -0800] "GET /images/care4.jpg HTTP/1.1" 404 89 "-" "Mozilla/5.0 (compatible; SeznamBot/3.2; +http://fulltext.sblog.cz/)" "www.superior-dentistry.com"
180.76.15.27 - - [25/Dec/2015:01:42:52 -0800] "GET /js/jquery.easing.1.3.js HTTP/1.1" 404 89 "-" "Mozilla/5.0 (compatible; Baiduspider/2.0; +http://www.baidu.com/search/spider.html)" "superior-dentistry.com"
94.242.221.68 - - [25/Dec/2015:01:55:03 -0800] "GET /firstvisit.php HTTP/1.1" 200 73 "-" "Mozilla/4.0 (compatible; Synapse)" "superior-dentistry.com"
46.105.98.166 - - [25/Dec/2015:01:58:58 -0800] "GET /robots.txt HTTP/1.1" 200 49 "-" "" "www.superior-dentistry.com"
46.105.98.166 - - [25/Dec/2015:01:58:58 -0800] "GET / HTTP/1.1" 200 38156 "-" "Mozilla/5.0 (X11; U; Linux i586; de; rv:5.0) Gecko/20100101 Firefox/5.0" "www.superior-dentistry.com"
46.105.98.166 - - [25/Dec/2015:01:59:01 -0800] "GET /index.html HTTP/1.1" 200 38156 "-" "Mozilla/5.0 (X11; U; Linux i586; de; rv:5.0) Gecko/20100101 Firefox/5.0" "www.superior-dentistry.com"
46.105.98.166 - - [25/Dec/2015:01:59:03 -0800] "GET /meet-staff.html HTTP/1.1" 200 22166 "-" "Mozilla/5.0 (X11; U; Linux i586; de; rv:5.0) Gecko/20100101 Firefox/5.0" "www.superior-dentistry.com"
46.105.98.166 - - [25/Dec/2015:01:59:05 -0800] "GET /services.html HTTP/1.1" 200 34114 "-" "Mozilla/5.0 (X11; U; Linux i586; de; rv:5.0) Gecko/20100101 Firefox/5.0" "www.superior-dentistry.com"
46.105.98.166 - - [25/Dec/2015:01:59:08 -0800] "GET /firstvisit.html HTTP/1.1" 200 24042 "-" "Mozilla/5.0 (X11; U; Linux i586; de; rv:5.0) Gecko/20100101 Firefox/5.0" "www.superior-dentistry.com"
46.105.98.166 - - [25/Dec/2015:01:59:10 -0800] "GET /Patient-Before-After-Gallery.html HTTP/1.1" 200 23787 "-" "Mozilla/5.0 (X11; U; Linux i586; de; rv:5.0) Gecko/20100101 Firefox/5.0" "www.superior-dentistry.com"
46.105.98.166 - - [25/Dec/2015:01:59:13 -0800] "GET /blog.php HTTP/1.1" 200 99736 "-" "Mozilla/5.0 (X11; U; Linux i586; de; rv:5.0) Gecko/20100101 Firefox/5.0" "www.superior-dentistry.com"
46.105.98.166 - - [25/Dec/2015:01:59:15 -0800] "GET /contact-us.html HTTP/1.1" 200 23726 "-" "Mozilla/5.0 (X11; U; Linux i586; de; rv:5.0) Gecko/20100101 Firefox/5.0" "www.superior-dentistry.com"
46.105.98.166 - - [25/Dec/2015:01:59:18 -0800] "GET /Dentistry-Maryland-MD.html HTTP/1.1" 200 31039 "-" "Mozilla/5.0 (X11; U; Linux i586; de; rv:5.0) Gecko/20100101 Firefox/5.0" "www.superior-dentistry.com"
46.105.98.166 - - [25/Dec/2015:01:59:20 -0800] "GET /contact-us.php HTTP/1.1" 200 73 "-" "Mozilla/5.0 (X11; U; Linux i586; de; rv:5.0) Gecko/20100101 Firefox/5.0" "www.superior-dentistry.com"
46.105.98.166 - - [25/Dec/2015:01:59:20 -0800] "GET /firstvisit.php HTTP/1.1" 200 73 "-" "Mozilla/5.0 (X11; U; Linux i586; de; rv:5.0) Gecko/20100101 Firefox/5.0" "www.superior-dentistry.com"
46.105.98.166 - - [25/Dec/2015:01:59:20 -0800] "GET /testimonials.html HTTP/1.1" 200 24783 "-" "Mozilla/5.0 (X11; U; Linux i586; de; rv:5.0) Gecko/20100101 Firefox/5.0" "www.superior-dentistry.com"
46.105.98.166 - - [25/Dec/2015:01:59:22 -0800] "GET /testimonial.html HTTP/1.1" 404 89 "-" "Mozilla/5.0 (X11; U; Linux i586; de; rv:5.0) Gecko/20100101 Firefox/5.0" "www.superior-dentistry.com"
46.105.98.166 - - [25/Dec/2015:01:59:22 -0800] "GET /services.php HTTP/1.1" 200 73 "-" "Mozilla/5.0 (X11; U; Linux i586; de; rv:5.0) Gecko/20100101 Firefox/5.0" "www.superior-dentistry.com"
46.105.98.166 - - [25/Dec/2015:01:59:23 -0800] "GET /Dentist-Bowie-MD/Dental-Implants-Maryland-MD.html HTTP/1.1" 200 33055 "-" "Mozilla/5.0 (X11; U; Linux i586; de; rv:5.0) Gecko/20100101 Firefox/5.0" "www.superior-dentistry.com"
46.105.98.166 - - [25/Dec/2015:01:59:25 -0800] "GET /Dental-Sites-We-Like.html HTTP/1.1" 200 41324 "-" "Mozilla/5.0 (X11; U; Linux i586; de; rv:5.0) Gecko/20100101 Firefox/5.0" "www.superior-dentistry.com"
46.105.98.166 - - [25/Dec/2015:01:59:27 -0800] "GET /Dental-LinkExchange.html HTTP/1.1" 200 25575 "-" "Mozilla/5.0 (X11; U; Linux i586; de; rv:5.0) Gecko/20100101 Firefox/5.0" "www.superior-dentistry.com"
46.105.98.166 - - [25/Dec/2015:01:59:30 -0800] "GET /Dentist-Bowie-MD/Periodontal-Services-Maryland-MD.html HTTP/1.1" 200 19779 "-" "Mozilla/5.0 (X11; U; Linux i586; de; rv:5.0) Gecko/20100101 Firefox/5.0" "www.superior-dentistry.com"
46.105.98.166 - - [25/Dec/2015:01:59:32 -0800] "GET /Dentist-Bowie-MD/Tooth-Extractions-Maryland-MD.html HTTP/1.1" 200 32565 "-" "Mozilla/5.0 (X11; U; Linux i586; de; rv:5.0) Gecko/20100101 Firefox/5.0" "www.superior-dentistry.com"
46.105.98.166 - - [25/Dec/2015:01:59:34 -0800] "GET /Dentists-Bowie-MD.html HTTP/1.1" 200 38040 "-" "Mozilla/5.0 (X11; U; Linux i586; de; rv:5.0) Gecko/20100101 Firefox/5.0" "www.superior-dentistry.com"
46.105.98.166 - - [25/Dec/2015:01:59:36 -0800] "GET /index.php HTTP/1.1" 200 73 "-" "Mozilla/5.0 (X11; U; Linux i586; de; rv:5.0) Gecko/20100101 Firefox/5.0" "www.superior-dentistry.com"
46.105.98.166 - - [25/Dec/2015:01:59:39 -0800] "GET /meet-staff.php HTTP/1.1" 200 73 "-" "Mozilla/5.0 (X11; U; Linux i586; de; rv:5.0) Gecko/20100101 Firefox/5.0" "www.superior-dentistry.com"
46.105.98.166 - - [25/Dec/2015:01:59:39 -0800] "GET /Bowie-Dentists/Preventive-Dentistry-Maryland.html HTTP/1.1" 200 39411 "-" "Mozilla/5.0 (X11; U; Linux i586; de; rv:5.0) Gecko/20100101 Firefox/5.0" "www.superior-dentistry.com"
46.105.98.166 - - [25/Dec/2015:01:59:41 -0800] "GET /Bowie-Dentists/Childrens-Dentistry-Maryland.html HTTP/1.1" 200 39945 "-" "Mozilla/5.0 (X11; U; Linux i586; de; rv:5.0) Gecko/20100101 Firefox/5.0" "www.superior-dentistry.com"
46.105.98.166 - - [25/Dec/2015:01:59:43 -0800] "GET /Bowie-Dentists/Periodontal-Therapy-Maryland.html HTTP/1.1" 200 40166 "-" "Mozilla/5.0 (X11; U; Linux i586; de; rv:5.0) Gecko/20100101 Firefox/5.0" "www.superior-dentistry.com"
46.105.98.166 - - [25/Dec/2015:01:59:46 -0800] "GET /dental-implants.html HTTP/1.1" 404 89 "-" "Mozilla/5.0 (X11; U; Linux i586; de; rv:5.0) Gecko/20100101 Firefox/5.0" "www.superior-dentistry.com"
46.105.98.166 - - [25/Dec/2015:01:59:46 -0800] "GET /wisdom-teeth.html HTTP/1.1" 404 89 "-" "Mozilla/5.0 (X11; U; Linux i586; de; rv:5.0) Gecko/20100101 Firefox/5.0" "www.superior-dentistry.com"
46.105.98.166 - - [25/Dec/2015:01:59:46 -0800] "GET /extractions.html HTTP/1.1" 404 89 "-" "Mozilla/5.0 (X11; U; Linux i586; de; rv:5.0) Gecko/20100101 Firefox/5.0" "www.superior-dentistry.com"
46.105.98.166 - - [25/Dec/2015:01:59:46 -0800] "GET /orthognathic-jaw-surgery.html HTTP/1.1" 404 89 "-" "Mozilla/5.0 (X11; U; Linux i586; de; rv:5.0) Gecko/20100101 Firefox/5.0" "www.superior-dentistry.com"
46.105.98.166 - - [25/Dec/2015:01:59:46 -0800] "GET /oral-pathology.html HTTP/1.1" 404 89 "-" "Mozilla/5.0 (X11; U; Linux i586; de; rv:5.0) Gecko/20100101 Firefox/5.0" "www.superior-dentistry.com"
46.105.98.166 - - [25/Dec/2015:01:59:46 -0800] "GET /tmj-disorder.html HTTP/1.1" 404 89 "-" "Mozilla/5.0 (X11; U; Linux i586; de; rv:5.0) Gecko/20100101 Firefox/5.0" "www.superior-dentistry.com"
46.105.98.166 - - [25/Dec/2015:01:59:46 -0800] "GET /treatment.php HTTP/1.1" 200 21262 "-" "Mozilla/5.0 (X11; U; Linux i586; de; rv:5.0) Gecko/20100101 Firefox/5.0" "www.superior-dentistry.com"
46.105.98.166 - - [25/Dec/2015:01:59:49 -0800] "GET /Dentist-Bowie-MD/treatment.php HTTP/1.1" 200 73 "-" "Mozilla/5.0 (X11; U; Linux i586; de; rv:5.0) Gecko/20100101 Firefox/5.0" "www.superior-dentistry.com"
46.105.98.166 - - [25/Dec/2015:01:59:49 -0800] "GET /patient.html HTTP/1.1" 404 89 "-" "Mozilla/5.0 (X11; U; Linux i586; de; rv:5.0) Gecko/20100101 Firefox/5.0" "www.superior-dentistry.com"
46.105.98.166 - - [25/Dec/2015:01:59:49 -0800] "GET /aboutus.html HTTP/1.1" 404 89 "-" "Mozilla/5.0 (X11; U; Linux i586; de; rv:5.0) Gecko/20100101 Firefox/5.0" "www.superior-dentistry.com"
46.105.98.166 - - [25/Dec/2015:01:59:49 -0800] "GET /Bowie-Dentists/treatment.php HTTP/1.1" 200 73 "-" "Mozilla/5.0 (X11; U; Linux i586; de; rv:5.0) Gecko/20100101 Firefox/5.0" "www.superior-dentistry.com"
46.105.98.166 - - [25/Dec/2015:01:59:49 -0800] "GET /Bowie-Dentists/patient.html HTTP/1.1" 404 89 "-" "Mozilla/5.0 (X11; U; Linux i586; de; rv:5.0) Gecko/20100101 Firefox/5.0" "www.superior-dentistry.com"
46.105.98.166 - - [25/Dec/2015:01:59:49 -0800] "GET /Bowie-Dentists/services.html HTTP/1.1" 404 89 "-" "Mozilla/5.0 (X11; U; Linux i586; de; rv:5.0) Gecko/20100101 Firefox/5.0" "www.superior-dentistry.com"
46.105.98.166 - - [25/Dec/2015:01:59:49 -0800] "GET /Bowie-Dentists/aboutus.html HTTP/1.1" 404 89 "-" "Mozilla/5.0 (X11; U; Linux i586; de; rv:5.0) Gecko/20100101 Firefox/5.0" "www.superior-dentistry.com"
46.105.98.166 - - [25/Dec/2015:01:59:50 -0800] "GET /Bowie-Dentists/meet-staff.php HTTP/1.1" 200 73 "-" "Mozilla/5.0 (X11; U; Linux i586; de; rv:5.0) Gecko/20100101 Firefox/5.0" "www.superior-dentistry.com"
46.105.98.166 - - [25/Dec/2015:01:59:50 -0800] "GET /Bowie-Dentists/firstvisit.php HTTP/1.1" 200 73 "-" "Mozilla/5.0 (X11; U; Linux i586; de; rv:5.0) Gecko/20100101 Firefox/5.0" "www.superior-dentistry.com"
46.105.98.166 - - [25/Dec/2015:01:59:50 -0800] "GET /Bowie-Dentists/testimonials.html HTTP/1.1" 404 89 "-" "Mozilla/5.0 (X11; U; Linux i586; de; rv:5.0) Gecko/20100101 Firefox/5.0" "www.superior-dentistry.com"
46.105.98.166 - - [25/Dec/2015:01:59:50 -0800] "GET /Bowie-Dentists/www.superior-dentistry.com HTTP/1.1" 404 89 "-" "Mozilla/5.0 (X11; U; Linux i586; de; rv:5.0) Gecko/20100101 Firefox/5.0" "www.superior-dentistry.com"
46.105.98.166 - - [25/Dec/2015:01:59:50 -0800] "GET /Dentist.html HTTP/1.1" 404 89 "-" "Mozilla/5.0 (X11; U; Linux i586; de; rv:5.0) Gecko/20100101 Firefox/5.0" "www.superior-dentistry.com"
66.249.69.168 - - [25/Dec/2015:02:25:05 -0800] "GET /index.php HTTP/1.1" 200 73 "-" "Mozilla/5.0 (compatible; Googlebot/2.1; +http://www.google.com/bot.html)" "www.superior-dentistry.com"
188.165.15.202 - - [25/Dec/2015:02:25:26 -0800] "GET /Bowie-Dentists/meet-staff.php HTTP/1.1" 200 73 "-" "Mozilla/5.0 (compatible; AhrefsBot/5.0; +http://ahrefs.com/robot/)" "www.superior-dentistry.com"
77.75.77.54 - - [25/Dec/2015:02:32:54 -0800] "GET /robots.txt HTTP/1.1" 200 49 "-" "Mozilla/5.0 (compatible; SeznamBot/3.2; +http://fulltext.sblog.cz/)" "www.superior-dentistry.com"
77.75.77.54 - - [25/Dec/2015:02:32:57 -0800] "GET /Bowie-Dentists/Childrens-Dentistry-Maryland.html HTTP/1.1" 200 39945 "-" "Mozilla/5.0 (compatible; SeznamBot/3.2; +http://fulltext.sblog.cz/)" "www.superior-dentistry.com"
208.122.6.102 - - [25/Dec/2015:02:37:55 -0800] "GET / HTTP/1.1" 200 38156 "-" "FreeWebMonitoring SiteChecker/0.2 (+http://www.freewebmonitoring.com/bot.html)" "www.superior-dentistry.com"
208.122.6.102 - - [25/Dec/2015:03:38:20 -0800] "GET / HTTP/1.1" 200 38156 "-" "FreeWebMonitoring SiteChecker/0.2 (+http://www.freewebmonitoring.com/bot.html)" "www.superior-dentistry.com"
46.119.122.16 - - [25/Dec/2015:04:19:01 -0800] "GET /admin/fckeditor/editor/filemanager/connectors/asp/connector.asp?Command=FileUpload&Type=File&CurrentFolder=/ HTTP/1.1" 404 89 "SUPERIOR-DENTISTRY.com/admin/fckeditor/editor/filemanager/connectors/asp/connector.asp?Command=FileUpload&Type=File&CurrentFolder=/" "Mozilla/5.0 (Windows NT 6.1; WOW64) AppleWebKit/537.36 (KHTML, like Gecko) Chrome/36.0.1985.125 YaBrowser/14.8.1985.12084 Safari/537.36" "superior-dentistry.com"
46.119.122.16 - - [25/Dec/2015:04:19:02 -0800] "GET /admin/fckeditor/editor/filemanager/connectors/asp/connector.asp?Command=FileUpload&Type=File&CurrentFolder=/index.php HTTP/1.1" 404 89 "SUPERIOR-DENTISTRY.com/admin/fckeditor/editor/filemanager/connectors/asp/connector.asp?Command=FileUpload&Type=File&CurrentFolder=/index.php" "Mozilla/5.0 (Windows NT 6.1; WOW64) AppleWebKit/537.36 (KHTML, like Gecko) Chrome/38.0.2125.111 Safari/537.36" "superior-dentistry.com"
77.75.78.161 - - [25/Dec/2015:04:35:49 -0800] "GET /robots.txt HTTP/1.1" 200 49 "-" "Mozilla/5.0 (compatible; SeznamBot/3.2; +http://fulltext.sblog.cz/)" "www.superior-dentistry.com"
77.75.78.161 - - [25/Dec/2015:04:35:50 -0800] "GET /testimonials.html HTTP/1.1" 200 24783 "-" "Mozilla/5.0 (compatible; SeznamBot/3.2; +http://fulltext.sblog.cz/)" "www.superior-dentistry.com"
208.122.6.102 - - [25/Dec/2015:04:39:09 -0800] "GET / HTTP/1.1" 200 38156 "-" "FreeWebMonitoring SiteChecker/0.2 (+http://www.freewebmonitoring.com/bot.html)" "www.superior-dentistry.com"
144.76.30.236 - - [25/Dec/2015:05:07:07 -0800] "GET /robots.txt HTTP/1.1" 200 49 "-" "Mozilla/5.0 (compatible; MJ12bot/v1.4.5; http://www.majestic12.co.uk/bot.php?+)" "superior-dentistry.com"
144.76.30.236 - - [25/Dec/2015:05:07:08 -0800] "GET /%E2%80%9Dhttp://www.nicedentist.com HTTP/1.1" 404 89 "-" "Mozilla/5.0 (compatible; MJ12bot/v1.4.5; http://www.majestic12.co.uk/bot.php?+)" "superior-dentistry.com"
144.76.30.236 - - [25/Dec/2015:05:07:09 -0800] "GET /robots.txt HTTP/1.1" 200 49 "-" "Mozilla/5.0 (compatible; MJ12bot/v1.4.5; http://www.majestic12.co.uk/bot.php?+)" "www.superior-dentistry.com"
144.76.30.236 - - [25/Dec/2015:05:07:11 -0800] "GET /%E2%80%9Dhttp://www.nicedentist.com HTTP/1.1" 404 89 "-" "Mozilla/5.0 (compatible; MJ12bot/v1.4.5; http://www.majestic12.co.uk/bot.php?+)" "www.superior-dentistry.com"
180.76.15.155 - - [25/Dec/2015:05:17:06 -0800] "GET /js/jquery-1.6.1.min.js HTTP/1.1" 404 89 "-" "Mozilla/5.0 (compatible; Baiduspider/2.0; +http://www.baidu.com/search/spider.html)" "superior-dentistry.com"
54.187.209.40 - - [25/Dec/2015:05:38:32 -0800] "GET /robots.txt HTTP/1.1" 200 49 "-" "Thumbtack-Thunderdome/1.0" "www.superior-dentistry.com"
54.187.209.40 - - [25/Dec/2015:05:38:32 -0800] "GET / HTTP/1.1" 200 38156 "-" "Thumbtack-Thunderdome/1.0" "www.superior-dentistry.com"
54.187.209.40 - - [25/Dec/2015:05:38:34 -0800] "GET /index.html HTTP/1.1" 200 38156 "-" "Thumbtack-Thunderdome/1.0" "www.superior-dentistry.com"
54.187.209.40 - - [25/Dec/2015:05:38:36 -0800] "GET / HTTP/1.1" 200 38156 "-" "Thumbtack-Thunderdome/1.0" "www.superior-dentistry.com"
54.187.209.40 - - [25/Dec/2015:05:38:38 -0800] "GET /meet-staff.html HTTP/1.1" 200 22166 "-" "Thumbtack-Thunderdome/1.0" "www.superior-dentistry.com"
54.187.209.40 - - [25/Dec/2015:05:38:40 -0800] "GET /services.html HTTP/1.1" 200 34114 "-" "Thumbtack-Thunderdome/1.0" "www.superior-dentistry.com"
54.187.209.40 - - [25/Dec/2015:05:38:42 -0800] "GET /firstvisit.html HTTP/1.1" 200 24042 "-" "Thumbtack-Thunderdome/1.0" "www.superior-dentistry.com"
54.187.209.40 - - [25/Dec/2015:05:38:44 -0800] "GET /Patient-Before-After-Gallery.html HTTP/1.1" 200 23787 "-" "Thumbtack-Thunderdome/1.0" "www.superior-dentistry.com"
54.187.209.40 - - [25/Dec/2015:05:38:46 -0800] "GET /blog.php HTTP/1.1" 200 99736 "-" "Thumbtack-Thunderdome/1.0" "www.superior-dentistry.com"
54.187.209.40 - - [25/Dec/2015:05:38:50 -0800] "GET /contact-us.html HTTP/1.1" 200 23726 "-" "Thumbtack-Thunderdome/1.0" "www.superior-dentistry.com"
54.187.209.40 - - [25/Dec/2015:05:38:52 -0800] "GET /Dentistry-Maryland-MD.html HTTP/1.1" 200 31039 "-" "Thumbtack-Thunderdome/1.0" "www.superior-dentistry.com"
54.187.209.40 - - [25/Dec/2015:05:38:54 -0800] "GET /contact-us.php HTTP/1.1" 200 73 "-" "Thumbtack-Thunderdome/1.0" "www.superior-dentistry.com"
54.187.209.40 - - [25/Dec/2015:05:38:56 -0800] "GET /firstvisit.php HTTP/1.1" 200 73 "-" "Thumbtack-Thunderdome/1.0" "www.superior-dentistry.com"
54.187.209.40 - - [25/Dec/2015:05:38:58 -0800] "GET /testimonials.html HTTP/1.1" 200 24783 "-" "Thumbtack-Thunderdome/1.0" "www.superior-dentistry.com"
54.187.209.40 - - [25/Dec/2015:05:39:00 -0800] "GET /testimonial.html HTTP/1.1" 404 89 "-" "Thumbtack-Thunderdome/1.0" "www.superior-dentistry.com"
54.187.209.40 - - [25/Dec/2015:05:39:02 -0800] "GET /services.php HTTP/1.1" 200 73 "-" "Thumbtack-Thunderdome/1.0" "www.superior-dentistry.com"
54.187.209.40 - - [25/Dec/2015:05:39:04 -0800] "GET /Dentist-Bowie-MD/Dental-Implants-Maryland-MD.html HTTP/1.1" 200 33055 "-" "Thumbtack-Thunderdome/1.0" "www.superior-dentistry.com"
54.187.209.40 - - [25/Dec/2015:05:39:06 -0800] "GET /Dentists-Bowie-MD.html HTTP/1.1" 200 38040 "-" "Thumbtack-Thunderdome/1.0" "www.superior-dentistry.com"
54.187.209.40 - - [25/Dec/2015:05:39:08 -0800] "GET /index.php HTTP/1.1" 200 73 "-" "Thumbtack-Thunderdome/1.0" "www.superior-dentistry.com"
54.187.209.40 - - [25/Dec/2015:05:39:09 -0800] "GET /Dental-Links.html HTTP/1.1" 200 27636 "-" "Thumbtack-Thunderdome/1.0" "www.superior-dentistry.com"
54.187.209.40 - - [25/Dec/2015:05:39:14 -0800] "GET /meet-staff.php HTTP/1.1" 200 73 "-" "Thumbtack-Thunderdome/1.0" "www.superior-dentistry.com"
54.187.209.40 - - [25/Dec/2015:05:39:16 -0800] "GET /dental-implants.html HTTP/1.1" 404 89 "-" "Thumbtack-Thunderdome/1.0" "www.superior-dentistry.com"
54.187.209.40 - - [25/Dec/2015:05:39:17 -0800] "GET /wisdom-teeth.html HTTP/1.1" 404 89 "-" "Thumbtack-Thunderdome/1.0" "www.superior-dentistry.com"
54.187.209.40 - - [25/Dec/2015:05:39:19 -0800] "GET /extractions.html HTTP/1.1" 404 89 "-" "Thumbtack-Thunderdome/1.0" "www.superior-dentistry.com"
54.187.209.40 - - [25/Dec/2015:05:39:21 -0800] "GET /orthognathic-jaw-surgery.html HTTP/1.1" 404 89 "-" "Thumbtack-Thunderdome/1.0" "www.superior-dentistry.com"
54.187.209.40 - - [25/Dec/2015:05:39:23 -0800] "GET /oral-pathology.html HTTP/1.1" 404 89 "-" "Thumbtack-Thunderdome/1.0" "www.superior-dentistry.com"
54.187.209.40 - - [25/Dec/2015:05:39:25 -0800] "GET /tmj-disorder.html HTTP/1.1" 404 89 "-" "Thumbtack-Thunderdome/1.0" "www.superior-dentistry.com"
54.187.209.40 - - [25/Dec/2015:05:39:27 -0800] "GET /treatment.php HTTP/1.1" 200 21262 "-" "Thumbtack-Thunderdome/1.0" "www.superior-dentistry.com"
54.187.209.40 - - [25/Dec/2015:05:39:29 -0800] "GET /patient.html HTTP/1.1" 404 89 "-" "Thumbtack-Thunderdome/1.0" "www.superior-dentistry.com"
54.187.209.40 - - [25/Dec/2015:05:39:31 -0800] "GET /aboutus.html HTTP/1.1" 404 89 "-" "Thumbtack-Thunderdome/1.0" "www.superior-dentistry.com"
54.187.209.40 - - [25/Dec/2015:05:39:32 -0800] "GET /Dentist-Bowie-MD/Tooth-Extractions-Maryland-MD.html HTTP/1.1" 200 32565 "-" "Thumbtack-Thunderdome/1.0" "www.superior-dentistry.com"
54.187.209.40 - - [25/Dec/2015:05:39:34 -0800] "GET /Dentist.html HTTP/1.1" 404 89 "-" "Thumbtack-Thunderdome/1.0" "www.superior-dentistry.com"
54.187.209.40 - - [25/Dec/2015:05:39:37 -0800] "GET /Dentist-Bowie-MD/Periodontal-Services-Maryland-MD.html HTTP/1.1" 200 19779 "-" "Thumbtack-Thunderdome/1.0" "www.superior-dentistry.com"
208.122.6.102 - - [25/Dec/2015:05:39:54 -0800] "GET / HTTP/1.1" 200 38156 "-" "FreeWebMonitoring SiteChecker/0.2 (+http://www.freewebmonitoring.com/bot.html)" "www.superior-dentistry.com"
77.75.76.166 - - [25/Dec/2015:05:47:52 -0800] "GET /robots.txt HTTP/1.1" 200 49 "-" "Mozilla/5.0 (compatible; SeznamBot/3.2; +http://fulltext.sblog.cz/)" "www.superior-dentistry.com"
77.75.76.166 - - [25/Dec/2015:05:47:53 -0800] "GET /Bowie-Dentists/Preventive-Dentistry-Maryland.html HTTP/1.1" 200 39411 "-" "Mozilla/5.0 (compatible; SeznamBot/3.2; +http://fulltext.sblog.cz/)" "www.superior-dentistry.com"
123.125.71.78 - - [25/Dec/2015:05:53:10 -0800] "GET /Bowie-Dentists/Preventive-Dentistry-Maryland.html HTTP/1.1" 200 39411 "-" "Mozilla/5.0 (compatible; Baiduspider/2.0; +http://www.baidu.com/search/spider.html)" "www.superior-dentistry.com"
88.198.208.67 - - [25/Dec/2015:06:18:44 -0800] "GET / HTTP/1.1" 200 38156 "-" "Mozilla/5.0 (Macintosh; Intel Mac OS X 10.6; rv:22.0) Gecko/20100101 Firefox/22.0" "www.superior-dentistry.com"
180.76.15.13 - - [25/Dec/2015:06:21:54 -0800] "GET /Bowie-Dentists/carousel/jquery.carouFredSel-6.2.1.js HTTP/1.1" 200 91090 "-" "Mozilla/5.0 (compatible; Baiduspider/2.0; +http://www.baidu.com/search/spider.html)" "www.superior-dentistry.com"
180.76.15.145 - - [25/Dec/2015:06:24:04 -0800] "GET /css/js-image-slider.css HTTP/1.1" 404 89 "-" "Mozilla/5.0 (compatible; Baiduspider/2.0; +http://www.baidu.com/search/spider.html)" "superior-dentistry.com"
123.125.71.39 - - [25/Dec/2015:06:26:30 -0800] "GET /Dental-LinkExchange.html HTTP/1.1" 200 25575 "-" "Mozilla/5.0 (compatible; Baiduspider/2.0; +http://www.baidu.com/search/spider.html)" "www.superior-dentistry.com"
144.76.218.236 - - [25/Dec/2015:06:32:22 -0800] "GET /Patient-Before-After-Gallery.html HTTP/1.1" 200 23787 "-" "Mozilla/5.0 (Windows; U; Windows NT 5.1; en-US; rv:1.8.1.6) Gecko/20070725 Firefox/2.0.0.6 - James BOT - WebCrawler http://cognitiveseo.com/bot.html" "www.superior-dentistry.com"
144.76.106.214 - - [25/Dec/2015:06:32:25 -0800] "GET / HTTP/1.1" 200 38156 "-" "Mozilla/5.0 (Windows; U; Windows NT 5.1; en-US; rv:1.8.1.6) Gecko/20070725 Firefox/2.0.0.6 - James BOT - WebCrawler http://cognitiveseo.com/bot.html" "www.superior-dentistry.com"
157.55.39.187 - - [25/Dec/2015:06:32:26 -0800] "GET /robots.txt HTTP/1.1" 200 49 "-" "Mozilla/5.0 (compatible; bingbot/2.0; +http://www.bing.com/bingbot.htm)" "www.superior-dentistry.com"
144.76.106.214 - - [25/Dec/2015:06:32:28 -0800] "GET /contact-us.php HTTP/1.1" 200 73 "-" "Mozilla/5.0 (Windows; U; Windows NT 5.1; en-US; rv:1.8.1.6) Gecko/20070725 Firefox/2.0.0.6 - James BOT - WebCrawler http://cognitiveseo.com/bot.html" "www.superior-dentistry.com"
144.76.106.214 - - [25/Dec/2015:06:32:29 -0800] "GET /contact-us.php HTTP/1.1" 200 73 "nt" "Mozilla/5.0 (Windows; U; Windows NT 5.0; en-US; rv:1.7.10) Gecko/20050716 Thunderbird/1.0.6 - WebCrawler http://cognitiveseo.com/bot.html" "www.superior-dentistry.com"
188.40.97.23 - - [25/Dec/2015:06:32:29 -0800] "GET /testimonials.html HTTP/1.1" 200 24783 "-" "Mozilla/5.0 (Windows; U; Windows NT 5.1; en-US; rv:1.8.1.6) Gecko/20070725 Firefox/2.0.0.6 - James BOT - WebCrawler http://cognitiveseo.com/bot.html" "www.superior-dentistry.com"
208.122.6.102 - - [25/Dec/2015:06:40:35 -0800] "GET / HTTP/1.1" 200 38156 "-" "FreeWebMonitoring SiteChecker/0.2 (+http://www.freewebmonitoring.com/bot.html)" "www.superior-dentistry.com"
77.75.78.163 - - [25/Dec/2015:06:47:17 -0800] "GET /robots.txt HTTP/1.1" 200 49 "-" "Mozilla/5.0 (compatible; SeznamBot/3.2; +http://fulltext.sblog.cz/)" "www.superior-dentistry.com"
77.75.78.163 - - [25/Dec/2015:06:47:18 -0800] "GET /meet-staff.php HTTP/1.1" 200 73 "-" "Mozilla/5.0 (compatible; SeznamBot/3.2; +http://fulltext.sblog.cz/)" "www.superior-dentistry.com"
180.76.15.20 - - [25/Dec/2015:06:57:34 -0800] "GET /Financial-And-Privacy-Policy.pdf HTTP/1.1" 200 617984 "-" "Mozilla/5.0 (compatible; Baiduspider/2.0; +http://www.baidu.com/search/spider.html)" "superior-dentistry.com"
77.75.76.160 - - [25/Dec/2015:07:32:43 -0800] "GET /robots.txt HTTP/1.1" 200 49 "-" "Mozilla/5.0 (compatible; SeznamBot/3.2; +http://fulltext.sblog.cz/)" "www.superior-dentistry.com"
77.75.76.160 - - [25/Dec/2015:07:32:44 -0800] "GET /Dental-Links.html HTTP/1.1" 200 27636 "-" "Mozilla/5.0 (compatible; SeznamBot/3.2; +http://fulltext.sblog.cz/)" "www.superior-dentistry.com"
208.122.6.102 - - [25/Dec/2015:07:41:23 -0800] "GET / HTTP/1.1" 200 38156 "-" "FreeWebMonitoring SiteChecker/0.2 (+http://www.freewebmonitoring.com/bot.html)" "www.superior-dentistry.com"
54.236.1.74 - - [25/Dec/2015:07:58:53 -0800] "GET /blog.php HTTP/1.1" 200 99736 "-" "Pinterest/0.2 (+http://www.pinterest.com/)" "www.superior-dentistry.com"
54.236.1.74 - - [25/Dec/2015:07:58:54 -0800] "GET /favicon.ico HTTP/1.1" 200 688 "-" "Pinterest/0.2 (+http://www.pinterest.com/)" "www.superior-dentistry.com"
54.236.1.74 - - [25/Dec/2015:07:58:54 -0800] "GET /apple-touch-icon.png HTTP/1.1" 404 89 "-" "Pinterest/0.2 (+http://www.pinterest.com/)" "www.superior-dentistry.com"
220.181.108.111 - - [25/Dec/2015:08:15:20 -0800] "GET / HTTP/1.1" 200 38156 "-" "Mozilla/5.0 (compatible; Baiduspider/2.0; +http://www.baidu.com/search/spider.html)" "www.superior-dentistry.com"
79.31.249.15 - - [25/Dec/2015:08:46:32 -0800] "GET / HTTP/1.1" 200 38156 "http://top1-seo-service.com/try.php?u=http://superior-dentistry.com" "Mozilla/5.0 (Windows NT 6.1; WOW64) AppleWebKit/537.36 (KHTML, like Gecko) Chrome/36.0.1985.143 Safari/537.36" "superior-dentistry.com"
79.31.249.15 - - [25/Dec/2015:08:46:38 -0800] "GET /css/font-awesome.css HTTP/1.1" 200 28747 "http://superior-dentistry.com/" "Mozilla/5.0 (Windows NT 6.1; WOW64) AppleWebKit/537.36 (KHTML, like Gecko) Chrome/36.0.1985.143 Safari/537.36" "superior-dentistry.com"
77.75.78.172 - - [25/Dec/2015:08:48:46 -0800] "GET /robots.txt HTTP/1.1" 200 49 "-" "Mozilla/5.0 (compatible; SeznamBot/3.2; +http://fulltext.sblog.cz/)" "www.superior-dentistry.com"
77.75.77.54 - - [25/Dec/2015:09:34:37 -0800] "GET /robots.txt HTTP/1.1" 200 49 "-" "Mozilla/5.0 (compatible; SeznamBot/3.2; +http://fulltext.sblog.cz/)" "www.superior-dentistry.com"
77.75.77.54 - - [25/Dec/2015:09:34:38 -0800] "GET /Dentists-Bowie-MD.html HTTP/1.1" 200 38040 "-" "Mozilla/5.0 (compatible; SeznamBot/3.2; +http://fulltext.sblog.cz/)" "www.superior-dentistry.com"
157.55.39.193 - - [25/Dec/2015:09:35:11 -0800] "GET /robots.txt HTTP/1.1" 200 49 "-" "Mozilla/5.0 (compatible; bingbot/2.0; +http://www.bing.com/bingbot.htm)" "www.superior-dentistry.com"
157.55.39.193 - - [25/Dec/2015:09:35:15 -0800] "GET /Dentist-Bowie-MD/css/?D=A HTTP/1.1" 200 1932 "-" "Mozilla/5.0 (compatible; bingbot/2.0; +http://www.bing.com/bingbot.htm)" "www.superior-dentistry.com"
208.122.6.102 - - [25/Dec/2015:09:44:16 -0800] "GET / HTTP/1.1" 200 38156 "-" "FreeWebMonitoring SiteChecker/0.2 (+http://www.freewebmonitoring.com/bot.html)" "www.superior-dentistry.com"
157.55.39.187 - - [25/Dec/2015:09:49:41 -0800] "GET /Dentistry-Maryland-MD.html HTTP/1.1" 200 31039 "-" "Mozilla/5.0 (iPhone; CPU iPhone OS 7_0 like Mac OS X) AppleWebKit/537.51.1 (KHTML, like Gecko) Version/7.0 Mobile/11A465 Safari/9537.53 (compatible; bingbot/2.0;  http://www.bing.com/bingbot.htm)" "www.superior-dentistry.com"
157.55.39.187 - - [25/Dec/2015:09:49:41 -0800] "GET /index.html HTTP/1.1" 200 38156 "-" "Mozilla/5.0 (compatible; bingbot/2.0; +http://www.bing.com/bingbot.htm)" "www.superior-dentistry.com"
157.55.39.187 - - [25/Dec/2015:10:19:55 -0800] "GET /js/js-image-slider.js HTTP/1.1" 404 89 "-" "Mozilla/5.0 (iPhone; CPU iPhone OS 7_0 like Mac OS X) AppleWebKit/537.51.1 (KHTML, like Gecko) Version/7.0 Mobile/11A465 Safari/9537.53 (compatible; bingbot/2.0; +http://www.bing.com/bingbot.htm)" "www.superior-dentistry.com"
157.55.39.193 - - [25/Dec/2015:10:23:34 -0800] "GET /robots.txt HTTP/1.1" 200 49 "-" "Mozilla/5.0 (compatible; bingbot/2.0; +http://www.bing.com/bingbot.htm)" "www.superior-dentistry.com"
45.33.61.138 - - [25/Dec/2015:10:28:06 -0800] "HEAD / HTTP/1.1" 200 0 "http://uptimebot.net/superior-dentistry.com" "Mozilla/5.0 (Macintosh; Intel Mac OS X 10_10_4) AppleWebKit/600.7.12 (KHTML, like Gecko) Version/8.0.7 Safari/600.7.12" "superior-dentistry.com"
222.77.239.177 - - [25/Dec/2015:10:36:07 -0800] "GET /blog.php HTTP/1.1" 200 99736 "-" "Mozilla/5.0 (Windows NT 6.1; Trident/7.0; rv:11.0) like Gecko" "www.superior-dentistry.com"
77.75.79.32 - - [25/Dec/2015:10:43:48 -0800] "GET /robots.txt HTTP/1.1" 200 49 "-" "Mozilla/5.0 (compatible; SeznamBot/3.2; +http://fulltext.sblog.cz/)" "www.superior-dentistry.com"
77.75.79.32 - - [25/Dec/2015:10:43:49 -0800] "GET /services.php HTTP/1.1" 200 73 "-" "Mozilla/5.0 (compatible; SeznamBot/3.2; +http://fulltext.sblog.cz/)" "www.superior-dentistry.com"
208.122.6.102 - - [25/Dec/2015:10:44:44 -0800] "GET / HTTP/1.1" 200 38156 "-" "FreeWebMonitoring SiteChecker/0.2 (+http://www.freewebmonitoring.com/bot.html)" "www.superior-dentistry.com"
199.30.24.238 - - [25/Dec/2015:10:50:50 -0800] "GET /css/style.css HTTP/1.1" 404 89 "http://www.superior-dentistry.com/Dentistry-Maryland-MD.html" "Mozilla/5.0 (iPhone; CPU iPhone OS 7_0 like Mac OS X) AppleWebKit/537.51.1 (KHTML, like Gecko) Version/7.0 Mobile/11A465 Safari/9537.53 BingPreview/1.0b" "www.superior-dentistry.com"
199.30.24.238 - - [25/Dec/2015:10:50:51 -0800] "GET /js/jquery.easing.1.3.js HTTP/1.1" 404 89 "http://www.superior-dentistry.com/Dentistry-Maryland-MD.html" "Mozilla/5.0 (iPhone; CPU iPhone OS 7_0 like Mac OS X) AppleWebKit/537.51.1 (KHTML, like Gecko) Version/7.0 Mobile/11A465 Safari/9537.53 BingPreview/1.0b" "www.superior-dentistry.com"
199.30.24.238 - - [25/Dec/2015:10:50:51 -0800] "GET /css/js-image-slider.css HTTP/1.1" 404 89 "http://www.superior-dentistry.com/Dentistry-Maryland-MD.html" "Mozilla/5.0 (iPhone; CPU iPhone OS 7_0 like Mac OS X) AppleWebKit/537.51.1 (KHTML, like Gecko) Version/7.0 Mobile/11A465 Safari/9537.53 BingPreview/1.0b" "www.superior-dentistry.com"
141.8.143.172 - - [25/Dec/2015:10:52:08 -0800] "GET /robots.txt HTTP/1.1" 200 49 "-" "Mozilla/5.0 (compatible; YandexBot/3.0; +http://yandex.com/bots)" "www.superior-dentistry.com"
207.46.13.117 - - [25/Dec/2015:11:27:42 -0800] "GET /robots.txt HTTP/1.1" 200 49 "-" "Mozilla/5.0 (compatible; bingbot/2.0; +http://www.bing.com/bingbot.htm)" "www.superior-dentistry.com"
207.46.13.117 - - [25/Dec/2015:11:27:51 -0800] "GET /contact-us.php HTTP/1.1" 200 73 "-" "Mozilla/5.0 (iPhone; CPU iPhone OS 7_0 like Mac OS X) AppleWebKit/537.51.1 (KHTML, like Gecko) Version/7.0 Mobile/11A465 Safari/9537.53 (compatible; bingbot/2.0;  http://www.bing.com/bingbot.htm)" "www.superior-dentistry.com"
208.122.6.102 - - [25/Dec/2015:11:45:25 -0800] "GET / HTTP/1.1" 200 38156 "-" "FreeWebMonitoring SiteChecker/0.2 (+http://www.freewebmonitoring.com/bot.html)" "www.superior-dentistry.com"
77.75.79.95 - - [25/Dec/2015:11:46:00 -0800] "GET /robots.txt HTTP/1.1" 200 49 "-" "Mozilla/5.0 (compatible; SeznamBot/3.2; +http://fulltext.sblog.cz/)" "www.superior-dentistry.com"
77.75.79.95 - - [25/Dec/2015:11:46:02 -0800] "GET /firstvisit.php HTTP/1.1" 200 73 "-" "Mozilla/5.0 (compatible; SeznamBot/3.2; +http://fulltext.sblog.cz/)" "www.superior-dentistry.com"
207.46.13.117 - - [25/Dec/2015:12:02:23 -0800] "GET /robots.txt HTTP/1.1" 200 49 "-" "Mozilla/5.0 (compatible; bingbot/2.0; +http://www.bing.com/bingbot.htm)" "www.superior-dentistry.com"
207.46.13.117 - - [25/Dec/2015:12:02:27 -0800] "GET /Dental-LinkExchange.html HTTP/1.1" 200 25575 "-" "Mozilla/5.0 (compatible; bingbot/2.0; +http://www.bing.com/bingbot.htm)" "www.superior-dentistry.com"
65.36.241.48 - - [25/Dec/2015:12:17:53 -0800] "HEAD / HTTP/1.1" 200 0 "-" "InternetSeer.com" "www.superior-dentistry.com"
141.8.143.182 - - [25/Dec/2015:12:18:06 -0800] "GET /img/dental-extractions.jpg HTTP/1.1" 200 165246 "-" "Mozilla/5.0 (compatible; YandexImages/3.0; +http://yandex.com/bots)" "www.superior-dentistry.com"
77.75.76.171 - - [25/Dec/2015:12:25:44 -0800] "GET /robots.txt HTTP/1.1" 200 49 "-" "Mozilla/5.0 (compatible; SeznamBot/3.2; +http://fulltext.sblog.cz/)" "www.superior-dentistry.com"
77.75.76.171 - - [25/Dec/2015:12:25:45 -0800] "GET /Dentistry-Maryland-MD.html HTTP/1.1" 200 31039 "-" "Mozilla/5.0 (compatible; SeznamBot/3.2; +http://fulltext.sblog.cz/)" "www.superior-dentistry.com"
180.76.15.8 - - [25/Dec/2015:12:28:06 -0800] "GET /robots.txt HTTP/1.1" 200 49 "-" "Mozilla/5.0 (Windows NT 5.1; rv:6.0.2) Gecko/20100101 Firefox/6.0.2" "www.superior-dentistry.com"
188.218.85.122 - - [25/Dec/2015:12:30:10 -0800] "GET / HTTP/1.1" 200 38156 "http://top1-seo-service.com/try.php?u=http://superior-dentistry.com" "Mozilla/5.0 (Windows NT 6.1; WOW64) AppleWebKit/537.36 (KHTML, like Gecko) Chrome/36.0.1985.143 Safari/537.36" "superior-dentistry.com"
188.218.85.122 - - [25/Dec/2015:12:30:11 -0800] "GET /theme.css HTTP/1.1" 200 1926 "http://superior-dentistry.com/" "Mozilla/5.0 (Windows NT 6.1; WOW64) AppleWebKit/537.36 (KHTML, like Gecko) Chrome/36.0.1985.143 Safari/537.36" "superior-dentistry.com"
188.218.85.122 - - [25/Dec/2015:12:30:11 -0800] "GET /js/ie-emulation-modes-warning.js HTTP/1.1" 200 2132 "http://superior-dentistry.com/" "Mozilla/5.0 (Windows NT 6.1; WOW64) AppleWebKit/537.36 (KHTML, like Gecko) Chrome/36.0.1985.143 Safari/537.36" "superior-dentistry.com"
188.218.85.122 - - [25/Dec/2015:12:30:14 -0800] "GET /js/ie10-viewport-bug-workaround.js HTTP/1.1" 200 694 "http://superior-dentistry.com/" "Mozilla/5.0 (Windows NT 6.1; WOW64) AppleWebKit/537.36 (KHTML, like Gecko) Chrome/36.0.1985.143 Safari/537.36" "superior-dentistry.com"
188.218.85.122 - - [25/Dec/2015:12:30:14 -0800] "GET /js/bootstrap.min.js HTTP/1.1" 200 35601 "http://superior-dentistry.com/" "Mozilla/5.0 (Windows NT 6.1; WOW64) AppleWebKit/537.36 (KHTML, like Gecko) Chrome/36.0.1985.143 Safari/537.36" "superior-dentistry.com"
188.218.85.122 - - [25/Dec/2015:12:30:14 -0800] "GET /js/docs.min.js HTTP/1.1" 200 43299 "http://superior-dentistry.com/" "Mozilla/5.0 (Windows NT 6.1; WOW64) AppleWebKit/537.36 (KHTML, like Gecko) Chrome/36.0.1985.143 Safari/537.36" "superior-dentistry.com"
188.218.85.122 - - [25/Dec/2015:12:30:18 -0800] "GET /img/jaw-surgery.jpg HTTP/1.1" 200 27058 "http://superior-dentistry.com/" "Mozilla/5.0 (Windows NT 6.1; WOW64) AppleWebKit/537.36 (KHTML, like Gecko) Chrome/36.0.1985.143 Safari/537.36" "superior-dentistry.com"
188.218.85.122 - - [25/Dec/2015:12:30:19 -0800] "GET /img/oral-pathology.jpg HTTP/1.1" 200 33395 "http://superior-dentistry.com/" "Mozilla/5.0 (Windows NT 6.1; WOW64) AppleWebKit/537.36 (KHTML, like Gecko) Chrome/36.0.1985.143 Safari/537.36" "superior-dentistry.com"
188.218.85.122 - - [25/Dec/2015:12:30:20 -0800] "GET /img/tmj-trauma.jpg HTTP/1.1" 200 22488 "http://superior-dentistry.com/" "Mozilla/5.0 (Windows NT 6.1; WOW64) AppleWebKit/537.36 (KHTML, like Gecko) Chrome/36.0.1985.143 Safari/537.36" "superior-dentistry.com"
188.218.85.122 - - [25/Dec/2015:12:30:21 -0800] "GET /img/slider1.jpg HTTP/1.1" 200 268888 "http://superior-dentistry.com/" "Mozilla/5.0 (Windows NT 6.1; WOW64) AppleWebKit/537.36 (KHTML, like Gecko) Chrome/36.0.1985.143 Safari/537.36" "superior-dentistry.com"
188.218.85.122 - - [25/Dec/2015:12:30:22 -0800] "GET /img/slider2.jpg HTTP/1.1" 200 345766 "http://superior-dentistry.com/" "Mozilla/5.0 (Windows NT 6.1; WOW64) AppleWebKit/537.36 (KHTML, like Gecko) Chrome/36.0.1985.143 Safari/537.36" "superior-dentistry.com"
100.43.91.29 - - [25/Dec/2015:12:36:24 -0800] "GET /robots.txt HTTP/1.1" 200 49 "-" "Mozilla/5.0 (compatible; YandexBot/3.0; +http://yandex.com/bots)" "www.superior-dentistry.com"
207.46.13.153 - - [25/Dec/2015:12:43:45 -0800] "GET /robots.txt HTTP/1.1" 200 49 "-" "Mozilla/5.0 (compatible; bingbot/2.0; +http://www.bing.com/bingbot.htm)" "www.superior-dentistry.com"
207.46.13.153 - - [25/Dec/2015:12:43:49 -0800] "GET /contact-us.php HTTP/1.1" 200 73 "-" "Mozilla/5.0 (iPhone; CPU iPhone OS 7_0 like Mac OS X) AppleWebKit/537.51.1 (KHTML, like Gecko) Version/7.0 Mobile/11A465 Safari/9537.53 (compatible; bingbot/2.0;  http://www.bing.com/bingbot.htm)" "www.superior-dentistry.com"
208.122.6.102 - - [25/Dec/2015:12:46:11 -0800] "GET / HTTP/1.1" 200 38156 "-" "FreeWebMonitoring SiteChecker/0.2 (+http://www.freewebmonitoring.com/bot.html)" "www.superior-dentistry.com"
70.192.205.80 - - [25/Dec/2015:12:58:01 -0800] "GET /Bowie-Dentists/images/meetdr2.png HTTP/1.1" 200 61340 "-" "Mozilla/5.0 (Linux; Android 4.4.2; SCH-I545 Build/KOT49H) AppleWebKit/537.36 (KHTML, like Gecko) Version/4.0 Chrome/30.0.0.0 Mobile Safari/537.36 GSA/4.5.13.19.arm" "www.superior-dentistry.com"
176.36.80.39 - - [25/Dec/2015:13:11:12 -0800] "GET /robots.txt HTTP/1.1" 200 49 "-" "Mozilla/5.0 (compatible; MJ12bot/v1.4.5; http://www.majestic12.co.uk/bot.php?+)" "www.superior-dentistry.com"
176.36.80.39 - - [25/Dec/2015:13:11:16 -0800] "GET /%E2%80%9Dhttp://www.nicedentist.com HTTP/1.1" 404 89 "-" "Mozilla/5.0 (compatible; MJ12bot/v1.4.5; http://www.majestic12.co.uk/bot.php?+)" "www.superior-dentistry.com"
180.76.15.24 - - [25/Dec/2015:13:14:35 -0800] "GET /Dentist-Bowie-MD/js/html5.js HTTP/1.1" 200 882 "-" "Mozilla/5.0 (compatible; Baiduspider/2.0; +http://www.baidu.com/search/spider.html)" "www.superior-dentistry.com"
77.75.79.32 - - [25/Dec/2015:13:36:15 -0800] "GET /robots.txt HTTP/1.1" 200 49 "-" "Mozilla/5.0 (compatible; SeznamBot/3.2; +http://fulltext.sblog.cz/)" "www.superior-dentistry.com"
77.75.79.32 - - [25/Dec/2015:13:36:16 -0800] "GET /contact-us.php HTTP/1.1" 200 73 "-" "Mozilla/5.0 (compatible; SeznamBot/3.2; +http://fulltext.sblog.cz/)" "www.superior-dentistry.com"
208.122.6.102 - - [25/Dec/2015:13:47:13 -0800] "GET / HTTP/1.1" 200 38156 "-" "FreeWebMonitoring SiteChecker/0.2 (+http://www.freewebmonitoring.com/bot.html)" "www.superior-dentistry.com"
180.76.15.32 - - [25/Dec/2015:13:50:46 -0800] "GET /robots.txt HTTP/1.1" 200 49 "-" "Mozilla/5.0 (Windows NT 5.1; rv:6.0.2) Gecko/20100101 Firefox/6.0.2" "superior-dentistry.com"
77.75.79.109 - - [25/Dec/2015:14:40:45 -0800] "GET /robots.txt HTTP/1.1" 200 49 "-" "Mozilla/5.0 (compatible; SeznamBot/3.2; +http://fulltext.sblog.cz/)" "www.superior-dentistry.com"
