207.46.13.159 - - [22/Mar/2016:17:25:31 -0700] "GET /meet-staff.php HTTP/1.1" 200 73 "-" "Mozilla/5.0 (iPhone; CPU iPhone OS 7_0 like Mac OS X) AppleWebKit/537.51.1 (KHTML, like Gecko) Version/7.0 Mobile/11A465 Safari/9537.53 (compatible; bingbot/2.0; +http://www.bing.com/bingbot.htm)" "www.superior-dentistry.com"
207.46.13.159 - - [22/Mar/2016:17:44:43 -0700] "GET /Bowie-Dentists/Periodontal-Therapy-Maryland.html HTTP/1.1" 200 40166 "-" "Mozilla/5.0 (compatible; bingbot/2.0; +http://www.bing.com/bingbot.htm)" "www.superior-dentistry.com"
207.46.13.159 - - [22/Mar/2016:17:45:07 -0700] "GET /robots.txt HTTP/1.1" 200 49 "-" "Mozilla/5.0 (compatible; bingbot/2.0; +http://www.bing.com/bingbot.htm)" "www.superior-dentistry.com"[0]
40.77.167.78 - - [22/Mar/2016:17:51:37 -0700] "GET /Bowie-Dentists/css/style.css HTTP/1.1" 200 21129 "-" "Mozilla/5.0 (compatible; bingbot/2.0; +http://www.bing.com/bingbot.htm)" "www.superior-dentistry.com"
198.16.7.150 - - [22/Mar/2016:17:51:46 -0700] "GET / HTTP/1.1" 200 38156 "-" "FreeWebMonitoring SiteChecker/0.2 (+http://www.freewebmonitoring.com/bot.html)" "www.superior-dentistry.com"
207.46.13.98 - - [22/Mar/2016:18:46:12 -0700] "GET /Bowie-Dentists/css/font/delicious-roman.svg HTTP/1.1" 404 89 "-" "Mozilla/5.0 (compatible; bingbot/2.0; +http://www.bing.com/bingbot.htm)" "www.superior-dentistry.com"
207.46.13.48 - - [22/Mar/2016:18:47:03 -0700] "GET /Bowie-Dentists/css/coin-slider.css HTTP/1.1" 200 710 "-" "Mozilla/5.0 (compatible; bingbot/2.0; +http://www.bing.com/bingbot.htm)" "www.superior-dentistry.com"
207.46.13.159 - - [22/Mar/2016:18:47:09 -0700] "GET /Bowie-Dentists/css/forms.css HTTP/1.1" 200 2909 "-" "Mozilla/5.0 (compatible; bingbot/2.0; +http://www.bing.com/bingbot.htm)" "www.superior-dentistry.com"
207.46.13.159 - - [22/Mar/2016:19:29:29 -0700] "GET /firstvisit.php HTTP/1.1" 200 73 "-" "Mozilla/5.0 (compatible; bingbot/2.0; +http://www.bing.com/bingbot.htm)" "www.superior-dentistry.com"
207.46.13.98 - - [22/Mar/2016:19:33:45 -0700] "GET /testimonials.html HTTP/1.1" 200 24783 "-" "Mozilla/5.0 (compatible; bingbot/2.0;  http://www.bing.com/bingbot.htm)" "www.superior-dentistry.com"
71.255.242.84 - - [22/Mar/2016:19:44:06 -0700] "GET /img/meetdr-ali.jpg HTTP/1.1" 200 60533 "https://www.google.com/" "Mozilla/5.0 (iPhone; CPU iPhone OS 9_2 like Mac OS X) AppleWebKit/601.1.46 (KHTML, like Gecko) Version/9.0 Mobile/13C75 Safari/601.1" "www.superior-dentistry.com"
198.16.7.150 - - [22/Mar/2016:19:55:08 -0700] "GET / HTTP/1.1" 200 38156 "-" "FreeWebMonitoring SiteChecker/0.2 (+http://www.freewebmonitoring.com/bot.html)" "www.superior-dentistry.com"
207.46.13.159 - - [22/Mar/2016:20:24:32 -0700] "GET /img/offer-31-05-2014-new-patient.jpg HTTP/1.1" 200 15365 "-" "Mozilla/5.0 (compatible; bingbot/2.0; +http://www.bing.com/bingbot.htm)" "www.superior-dentistry.com"
207.46.13.98 - - [22/Mar/2016:20:35:55 -0700] "GET /img/offer-31-05-2014-sonicare-brush.jpg HTTP/1.1" 200 13165 "-" "Mozilla/5.0 (compatible; bingbot/2.0; +http://www.bing.com/bingbot.htm)" "www.superior-dentistry.com"[0]
66.249.69.168 - - [22/Mar/2016:20:53:40 -0700] "GET /services.php HTTP/1.1" 200 73 "-" "Mozilla/5.0 (compatible; Googlebot/2.1; +http://www.google.com/bot.html)" "www.superior-dentistry.com"
198.16.7.150 - - [22/Mar/2016:20:55:37 -0700] "GET / HTTP/1.1" 200 38156 "-" "FreeWebMonitoring SiteChecker/0.2 (+http://www.freewebmonitoring.com/bot.html)" "www.superior-dentistry.com"
78.46.50.246 - - [22/Mar/2016:21:26:02 -0700] "GET /robots.txt HTTP/1.0" 200 49 "-" "Mozilla/5.0 (compatible; MJ12bot/v1.4.5; http://www.majestic12.co.uk/bot.php?+)" "superior-dentistry.com"
98.194.30.121 - - [22/Mar/2016:22:21:37 -0700] "GET /Dentist-Bowie-MD/Tooth-Extractions-Maryland-MD HTTP/1.1" 200 32565 "-" "Mozilla/5.0 (Linux; Android 5.1.1; SM-N910P Build/LMY47X; wv) AppleWebKit/537.36 (KHTML, like Gecko) Version/4.0 Chrome/48.0.2564.106 Mobile Safari/537.36 [Pinterest/Android]" "www.superior-dentistry.com"
98.194.30.121 - - [22/Mar/2016:22:21:37 -0700] "GET /Dentist-Bowie-MD/js/js-image-slider.js HTTP/1.1" 200 15260 "http://www.superior-dentistry.com/Dentist-Bowie-MD/Tooth-Extractions-Maryland-MD" "Mozilla/5.0 (Linux; Android 5.1.1; SM-N910P Build/LMY47X; wv) AppleWebKit/537.36 (KHTML, like Gecko) Version/4.0 Chrome/48.0.2564.106 Mobile Safari/537.36 [Pinterest/Android]" "www.superior-dentistry.com"
98.194.30.121 - - [22/Mar/2016:22:21:37 -0700] "GET /Dentist-Bowie-MD/js/jquery-1.6.4.min.js HTTP/1.1" 200 91669 "http://www.superior-dentistry.com/Dentist-Bowie-MD/Tooth-Extractions-Maryland-MD" "Mozilla/5.0 (Linux; Android 5.1.1; SM-N910P Build/LMY47X; wv) AppleWebKit/537.36 (KHTML, like Gecko) Version/4.0 Chrome/48.0.2564.106 Mobile Safari/537.36 [Pinterest/Android]" "www.superior-dentistry.com"
98.194.30.121 - - [22/Mar/2016:22:21:38 -0700] "GET /images/care1.jpg HTTP/1.1" 404 89 "http://www.superior-dentistry.com/Dentist-Bowie-MD/Tooth-Extractions-Maryland-MD" "Mozilla/5.0 (Linux; Android 5.1.1; SM-N910P Build/LMY47X; wv) AppleWebKit/537.36 (KHTML, like Gecko) Version/4.0 Chrome/48.0.2564.106 Mobile Safari/537.36 [Pinterest/Android]" "www.superior-dentistry.com"
98.194.30.121 - - [22/Mar/2016:22:21:38 -0700] "GET /images/facebook.png HTTP/1.1" 404 89 "http://www.superior-dentistry.com/Dentist-Bowie-MD/Tooth-Extractions-Maryland-MD" "Mozilla/5.0 (Linux; Android 5.1.1; SM-N910P Build/LMY47X; wv) AppleWebKit/537.36 (KHTML, like Gecko) Version/4.0 Chrome/48.0.2564.106 Mobile Safari/537.36 [Pinterest/Android]" "www.superior-dentistry.com"
98.194.30.121 - - [22/Mar/2016:22:21:38 -0700] "GET /images/services3.png HTTP/1.1" 404 89 "http://www.superior-dentistry.com/Dentist-Bowie-MD/Tooth-Extractions-Maryland-MD" "Mozilla/5.0 (Linux; Android 5.1.1; SM-N910P Build/LMY47X; wv) AppleWebKit/537.36 (KHTML, like Gecko) Version/4.0 Chrome/48.0.2564.106 Mobile Safari/537.36 [Pinterest/Android]" "www.superior-dentistry.com"
98.194.30.121 - - [22/Mar/2016:22:21:38 -0700] "GET /images/googleplus.png HTTP/1.1" 404 89 "http://www.superior-dentistry.com/Dentist-Bowie-MD/Tooth-Extractions-Maryland-MD" "Mozilla/5.0 (Linux; Android 5.1.1; SM-N910P Build/LMY47X; wv) AppleWebKit/537.36 (KHTML, like Gecko) Version/4.0 Chrome/48.0.2564.106 Mobile Safari/537.36 [Pinterest/Android]" "www.superior-dentistry.com"
98.194.30.121 - - [22/Mar/2016:22:21:38 -0700] "GET /images/twitter.png HTTP/1.1" 404 89 "http://www.superior-dentistry.com/Dentist-Bowie-MD/Tooth-Extractions-Maryland-MD" "Mozilla/5.0 (Linux; Android 5.1.1; SM-N910P Build/LMY47X; wv) AppleWebKit/537.36 (KHTML, like Gecko) Version/4.0 Chrome/48.0.2564.106 Mobile Safari/537.36 [Pinterest/Android]" "www.superior-dentistry.com"[0]
98.194.30.121 - - [22/Mar/2016:22:21:38 -0700] "GET /images/pinterest.png HTTP/1.1" 404 89 "http://www.superior-dentistry.com/Dentist-Bowie-MD/Tooth-Extractions-Maryland-MD" "Mozilla/5.0 (Linux; Android 5.1.1; SM-N910P Build/LMY47X; wv) AppleWebKit/537.36 (KHTML, like Gecko) Version/4.0 Chrome/48.0.2564.106 Mobile Safari/537.36 [Pinterest/Android]" "www.superior-dentistry.com"
98.194.30.121 - - [22/Mar/2016:22:21:38 -0700] "GET /Dentist-Bowie-MD/css/images/overlay.png HTTP/1.1" 404 89 "http://www.superior-dentistry.com/Dentist-Bowie-MD/css/style.css" "Mozilla/5.0 (Linux; Android 5.1.1; SM-N910P Build/LMY47X; wv) AppleWebKit/537.36 (KHTML, like Gecko) Version/4.0 Chrome/48.0.2564.106 Mobile Safari/537.36 [Pinterest/Android]" "www.superior-dentistry.com"
199.16.156.124 - - [22/Mar/2016:22:21:43 -0700] "GET / HTTP/1.1" 200 38156 "-" "Twitterbot/1.0" "www.superior-dentistry.com"
66.249.69.174 - - [22/Mar/2016:22:42:42 -0700] "GET /img/tmj-trauma.jpg HTTP/1.1" 200 22488 "-" "Googlebot-Image/1.0" "www.superior-dentistry.com"
180.76.15.25 - - [22/Mar/2016:22:48:30 -0700] "GET /popup/fancybox/jquery.fancybox.js HTTP/1.1" 200 34033 "-" "Mozilla/5.0 (compatible; Baiduspider/2.0; +http://www.baidu.com/search/spider.html)" "superior-dentistry.com"
180.76.15.9 - - [22/Mar/2016:23:55:29 -0700] "GET / HTTP/1.1" 200 38156 "-" "Mozilla/5.0 (compatible; Baiduspider/2.0; +http://www.baidu.com/search/spider.html)" "superior-dentistry.com"
8.37.71.26 - - [22/Mar/2016:23:58:09 -0700] "GET /robots.txt HTTP/1.1" 200 49 "-" "AddThis.com (http://support.addthis.com/)" "www.superior-dentistry.com"
180.76.15.139 - - [23/Mar/2016:00:39:18 -0700] "GET /Dental-Sites-We-Like.html HTTP/1.1" 200 41845 "-" "Mozilla/5.0 (compatible; Baiduspider/2.0; +http://www.baidu.com/search/spider.html)" "www.superior-dentistry.com"
178.137.88.222 - - [23/Mar/2016:00:40:45 -0700] "GET / HTTP/1.1" 200 38156 "http://zebradudka.com/" "Mozilla/4.0 (compatible; MSIE 7.0; Windows NT 5.1; SV1; .NET CLR 2.0.50727)" "www.superior-dentistry.com"
52.3.146.92 - - [23/Mar/2016:00:46:34 -0700] "GET / HTTP/1.1" 200 38156 "-" "Thumbtack-Thunderdome/1.0" "www.superior-dentistry.com"
52.3.146.92 - - [23/Mar/2016:00:46:35 -0700] "GET /index.html HTTP/1.1" 200 38156 "-" "Thumbtack-Thunderdome/1.0" "www.superior-dentistry.com"
52.3.146.92 - - [23/Mar/2016:00:46:36 -0700] "GET / HTTP/1.1" 200 38156 "-" "Thumbtack-Thunderdome/1.0" "www.superior-dentistry.com"
52.3.146.92 - - [23/Mar/2016:00:46:38 -0700] "GET /meet-staff.html HTTP/1.1" 200 22166 "-" "Thumbtack-Thunderdome/1.0" "www.superior-dentistry.com"
52.3.146.92 - - [23/Mar/2016:00:46:43 -0700] "GET /blog.php HTTP/1.1" 200 103129 "-" "Thumbtack-Thunderdome/1.0" "www.superior-dentistry.com"
52.3.146.92 - - [23/Mar/2016:00:46:44 -0700] "GET /contact-us.html HTTP/1.1" 200 23726 "-" "Thumbtack-Thunderdome/1.0" "www.superior-dentistry.com"
52.3.146.92 - - [23/Mar/2016:00:46:45 -0700] "GET /Dentistry-Maryland-MD.html HTTP/1.1" 200 30866 "-" "Thumbtack-Thunderdome/1.0" "www.superior-dentistry.com"
52.3.146.92 - - [23/Mar/2016:00:46:47 -0700] "GET /contact-us.php HTTP/1.1" 200 73 "-" "Thumbtack-Thunderdome/1.0" "www.superior-dentistry.com"
52.3.146.92 - - [23/Mar/2016:00:46:48 -0700] "GET /firstvisit.php HTTP/1.1" 200 73 "-" "Thumbtack-Thunderdome/1.0" "www.superior-dentistry.com"
52.3.146.92 - - [23/Mar/2016:00:46:49 -0700] "GET /testimonials.html HTTP/1.1" 200 24783 "-" "Thumbtack-Thunderdome/1.0" "www.superior-dentistry.com"
52.3.146.92 - - [23/Mar/2016:00:46:50 -0700] "GET /testimonial.html HTTP/1.1" 404 89 "-" "Thumbtack-Thunderdome/1.0" "www.superior-dentistry.com"
52.3.146.92 - - [23/Mar/2016:00:46:51 -0700] "GET /services.php HTTP/1.1" 200 73 "-" "Thumbtack-Thunderdome/1.0" "www.superior-dentistry.com"
52.3.146.92 - - [23/Mar/2016:00:46:53 -0700] "GET /Dentists-Bowie-MD.html HTTP/1.1" 200 27332 "-" "Thumbtack-Thunderdome/1.0" "www.superior-dentistry.com"
52.3.146.92 - - [23/Mar/2016:00:46:54 -0700] "GET /index.php HTTP/1.1" 200 73 "-" "Thumbtack-Thunderdome/1.0" "www.superior-dentistry.com"
52.3.146.92 - - [23/Mar/2016:00:46:56 -0700] "GET /Dental-Links.html HTTP/1.1" 200 27798 "-" "Thumbtack-Thunderdome/1.0" "www.superior-dentistry.com"
52.3.146.92 - - [23/Mar/2016:00:46:57 -0700] "GET /meet-staff.php HTTP/1.1" 200 73 "-" "Thumbtack-Thunderdome/1.0" "www.superior-dentistry.com"
52.3.146.92 - - [23/Mar/2016:00:46:58 -0700] "GET /dental-implants.html HTTP/1.1" 404 89 "-" "Thumbtack-Thunderdome/1.0" "www.superior-dentistry.com"
52.3.146.92 - - [23/Mar/2016:00:46:59 -0700] "GET /wisdom-teeth.html HTTP/1.1" 404 89 "-" "Thumbtack-Thunderdome/1.0" "www.superior-dentistry.com"
52.3.146.92 - - [23/Mar/2016:00:47:01 -0700] "GET /orthognathic-jaw-surgery.html HTTP/1.1" 404 89 "-" "Thumbtack-Thunderdome/1.0" "www.superior-dentistry.com"
52.3.146.92 - - [23/Mar/2016:00:47:02 -0700] "GET /oral-pathology.html HTTP/1.1" 404 89 "-" "Thumbtack-Thunderdome/1.0" "www.superior-dentistry.com"
52.3.146.92 - - [23/Mar/2016:00:47:03 -0700] "GET /tmj-disorder.html HTTP/1.1" 404 89 "-" "Thumbtack-Thunderdome/1.0" "www.superior-dentistry.com"
52.3.146.92 - - [23/Mar/2016:00:47:04 -0700] "GET /Dentist-Bowie-MD/Tooth-Extractions-Maryland-MD.html HTTP/1.1" 200 32565 "-" "Thumbtack-Thunderdome/1.0" "www.superior-dentistry.com"
52.3.146.92 - - [23/Mar/2016:00:47:05 -0700] "GET /Dentist-Bowie-MD/Periodontal-Services-Maryland-MD.html HTTP/1.1" 200 19779 "-" "Thumbtack-Thunderdome/1.0" "www.superior-dentistry.com"
12.175.119.20 - - [23/Mar/2016:00:55:24 -0700] "GET / HTTP/1.1" 200 38156 "-" "Java/1.7.0_60" "www.superior-dentistry.com"
207.46.13.159 - - [23/Mar/2016:01:00:49 -0700] "GET /Bowie-Dentists-Sitemap.html HTTP/1.1" 200 28353 "-" "Mozilla/5.0 (compatible; bingbot/2.0; +http://www.bing.com/bingbot.htm)" "www.superior-dentistry.com"
198.16.7.150 - - [23/Mar/2016:01:04:05 -0700] "GET / HTTP/1.1" 200 38156 "-" "FreeWebMonitoring SiteChecker/0.2 (+http://www.freewebmonitoring.com/bot.html)" "www.superior-dentistry.com"
40.77.167.78 - - [23/Mar/2016:01:25:31 -0700] "GET /contact-us.html HTTP/1.1" 200 23726 "-" "Mozilla/5.0 (compatible; bingbot/2.0;  http://www.bing.com/bingbot.htm)" "www.superior-dentistry.com"
52.0.238.61 - - [23/Mar/2016:01:58:48 -0700] "GET /robots.txt HTTP/1.1" 200 49 "-" "Mozilla/5.0 (compatible; proximic; +http://www.proximic.com/info/spider.php)" "superior-dentistry.com"
66.119.41.5 - - [23/Mar/2016:01:59:14 -0700] "GET / HTTP/1.1" 200 38156 "-" "Mozilla/5.0 (Macintosh; U; Intel Mac OS X 10.6; en-US; rv:1.9.2) Gecko/20100115 Firefox/3.6" "superior-dentistry.com"
157.55.39.71 - - [23/Mar/2016:02:00:49 -0700] "GET /Dentist-Bowie-MD/css/?S=D HTTP/1.1" 200 1932 "-" "Mozilla/5.0 (compatible; bingbot/2.0; +http://www.bing.com/bingbot.htm)" "www.superior-dentistry.com"
40.84.159.73 - - [23/Mar/2016:02:13:22 -0700] "GET /contact-us.html HTTP/1.1" 200 23726 "-" "-" "superior-dentistry.com"[0]
40.84.159.73 - - [23/Mar/2016:02:13:22 -0700] "GET /contact-us.php HTTP/1.1" 200 73 "-" "-" "www.superior-dentistry.com"
73.175.146.211 - - [23/Mar/2016:02:44:18 -0700] "GET /Dental-LinkExchange.html HTTP/1.1" 200 24659 "-" "Mozilla/5.0 (compatible; MJ12bot/v1.4.5; http://www.majestic12.co.uk/bot.php?+)" "www.superior-dentistry.com"
73.175.146.211 - - [23/Mar/2016:02:44:21 -0700] "GET /blog.php HTTP/1.1" 200 103129 "-" "Mozilla/5.0 (compatible; MJ12bot/v1.4.5; http://www.majestic12.co.uk/bot.php?+)" "www.superior-dentistry.com"
73.175.146.211 - - [23/Mar/2016:02:44:26 -0700] "GET /services.html HTTP/1.1" 200 34114 "-" "Mozilla/5.0 (compatible; MJ12bot/v1.4.5; http://www.majestic12.co.uk/bot.php?+)" "www.superior-dentistry.com"
178.255.215.79 - - [23/Mar/2016:02:45:34 -0700] "GET /robots.txt HTTP/1.1" 200 49 "-" "Mozilla/5.0 (compatible; Exabot/3.0; +http://www.exabot.com/go/robot)" "www.superior-dentistry.com"[0]
198.16.7.150 - - [23/Mar/2016:03:06:29 -0700] "GET / HTTP/1.1" 200 38156 "-" "FreeWebMonitoring SiteChecker/0.2 (+http://www.freewebmonitoring.com/bot.html)" "www.superior-dentistry.com"
207.46.13.98 - - [23/Mar/2016:03:15:24 -0700] "GET /?_escaped_fragment_= HTTP/1.1" 304 - "-" "Mozilla/5.0 (compatible; bingbot/2.0; +http://www.bing.com/bingbot.htm)" "www.superior-dentistry.com"
69.30.198.178 - - [23/Mar/2016:03:53:04 -0700] "GET /robots.txt HTTP/1.1" 200 49 "-" "Mozilla/5.0 (compatible; MJ12bot/v1.4.5; http://www.majestic12.co.uk/bot.php?+)" "www.superior-dentistry.com"
207.46.13.48 - - [23/Mar/2016:03:55:16 -0700] "GET /robots.txt HTTP/1.1" 200 49 "-" "Mozilla/5.0 (compatible; bingbot/2.0; +http://www.bing.com/bingbot.htm)" "www.superior-dentistry.com"
207.46.13.48 - - [23/Mar/2016:03:56:54 -0700] "GET /Dentistry-Maryland-MD.html HTTP/1.1" 200 30866 "-" "Mozilla/5.0 (compatible; bingbot/2.0;  http://www.bing.com/bingbot.htm)" "www.superior-dentistry.com"
62.210.148.247 - - [23/Mar/2016:03:58:07 -0700] "GET /robots.txt HTTP/1.1" 200 49 "-" "Mozilla/5.0 (compatible; MJ12bot/v1.4.5; http://www.majestic12.co.uk/bot.php?+)" "superior-dentistry.com"
62.210.148.247 - - [23/Mar/2016:03:58:09 -0700] "GET /%E2%80%9Dhttp://www.nicedentist.com HTTP/1.1" 404 89 "-" "Mozilla/5.0 (compatible; MJ12bot/v1.4.5; http://www.majestic12.co.uk/bot.php?+)" "superior-dentistry.com"[0]
173.73.201.88 - - [23/Mar/2016:04:00:17 -0700] "GET / HTTP/1.1" 200 38156 "-" "Mozilla/5.0 (Macintosh; Intel Mac OS X 10_11_3) AppleWebKit/601.4.4 (KHTML, like Gecko) Version/9.0.3 Safari/601.4.4" "www.superior-dentistry.com"
173.73.201.88 - - [23/Mar/2016:04:00:17 -0700] "GET /theme.css HTTP/1.1" 200 1926 "http://www.superior-dentistry.com/" "Mozilla/5.0 (Macintosh; Intel Mac OS X 10_11_3) AppleWebKit/601.4.4 (KHTML, like Gecko) Version/9.0.3 Safari/601.4.4" "www.superior-dentistry.com"
173.73.201.88 - - [23/Mar/2016:04:00:17 -0700] "GET /css/bootstrap.css HTTP/1.1" 200 138415 "http://www.superior-dentistry.com/" "Mozilla/5.0 (Macintosh; Intel Mac OS X 10_11_3) AppleWebKit/601.4.4 (KHTML, like Gecko) Version/9.0.3 Safari/601.4.4" "www.superior-dentistry.com"
173.73.201.88 - - [23/Mar/2016:04:00:17 -0700] "GET /js/ie10-viewport-bug-workaround.js HTTP/1.1" 200 694 "http://www.superior-dentistry.com/" "Mozilla/5.0 (Macintosh; Intel Mac OS X 10_11_3) AppleWebKit/601.4.4 (KHTML, like Gecko) Version/9.0.3 Safari/601.4.4" "www.superior-dentistry.com"
173.73.201.88 - - [23/Mar/2016:04:00:17 -0700] "GET /js/bootstrap.min.js HTTP/1.1" 200 35601 "http://www.superior-dentistry.com/" "Mozilla/5.0 (Macintosh; Intel Mac OS X 10_11_3) AppleWebKit/601.4.4 (KHTML, like Gecko) Version/9.0.3 Safari/601.4.4" "www.superior-dentistry.com"
173.73.201.88 - - [23/Mar/2016:04:00:18 -0700] "GET /img/jaw-surgery.jpg HTTP/1.1" 200 27058 "http://www.superior-dentistry.com/" "Mozilla/5.0 (Macintosh; Intel Mac OS X 10_11_3) AppleWebKit/601.4.4 (KHTML, like Gecko) Version/9.0.3 Safari/601.4.4" "www.superior-dentistry.com"
173.73.201.88 - - [23/Mar/2016:04:00:18 -0700] "GET /img/extraction.jpg HTTP/1.1" 200 30135 "http://www.superior-dentistry.com/" "Mozilla/5.0 (Macintosh; Intel Mac OS X 10_11_3) AppleWebKit/601.4.4 (KHTML, like Gecko) Version/9.0.3 Safari/601.4.4" "www.superior-dentistry.com"
173.73.201.88 - - [23/Mar/2016:04:00:18 -0700] "GET /img/slider1.jpg HTTP/1.1" 200 268888 "http://www.superior-dentistry.com/" "Mozilla/5.0 (Macintosh; Intel Mac OS X 10_11_3) AppleWebKit/601.4.4 (KHTML, like Gecko) Version/9.0.3 Safari/601.4.4" "www.superior-dentistry.com"
173.73.201.88 - - [23/Mar/2016:04:00:18 -0700] "GET /img/offer-31-05-2014-sonicare-brush.jpg HTTP/1.1" 200 13165 "http://www.superior-dentistry.com/" "Mozilla/5.0 (Macintosh; Intel Mac OS X 10_11_3) AppleWebKit/601.4.4 (KHTML, like Gecko) Version/9.0.3 Safari/601.4.4" "www.superior-dentistry.com"
40.77.167.78 - - [23/Mar/2016:04:07:42 -0700] "GET /img/bridges-dentist-md.jpg HTTP/1.1" 200 67242 "-" "Mozilla/5.0 (compatible; bingbot/2.0; +http://www.bing.com/bingbot.htm)" "www.superior-dentistry.com"
46.4.122.56 - - [23/Mar/2016:04:18:58 -0700] "GET /wp-login.php HTTP/1.1" 200 73 "http://SUPERIOR-DENTISTRY.COM/wp-login.php" "Mozilla/5.0 (Windows NT 6.1; WOW64) AppleWebKit/537.36 (KHTML, like Gecko) Chrome/31.0.1650.57 Safari/537.36" "superior-dentistry.com"
46.4.122.56 - - [23/Mar/2016:04:18:58 -0700] "GET /administrator/ HTTP/1.1" 404 89 "http://SUPERIOR-DENTISTRY.COM/administrator/" "Mozilla/5.0 (Windows NT 6.1; WOW64) AppleWebKit/537.36 (KHTML, like Gecko) Chrome/31.0.1650.57 Safari/537.36" "superior-dentistry.com"
54.183.182.27 - - [23/Mar/2016:04:43:49 -0700] "GET / HTTP/1.1" 200 38156 "-" "Mozilla/5.0 (X11; Ubuntu; Linux x86_64; rv:36.0) Gecko/20100101 SlimerJS/0.9.5" "www.superior-dentistry.com"
54.183.182.27 - - [23/Mar/2016:04:43:50 -0700] "GET /theme.css HTTP/1.1" 200 1926 "http://www.superior-dentistry.com/" "Mozilla/5.0 (X11; Ubuntu; Linux x86_64; rv:36.0) Gecko/20100101 SlimerJS/0.9.5" "www.superior-dentistry.com"
54.183.182.27 - - [23/Mar/2016:04:43:50 -0700] "GET /css/bootstrap-theme.css HTTP/1.1" 200 19156 "http://www.superior-dentistry.com/" "Mozilla/5.0 (X11; Ubuntu; Linux x86_64; rv:36.0) Gecko/20100101 SlimerJS/0.9.5" "www.superior-dentistry.com"
54.183.182.27 - - [23/Mar/2016:04:43:50 -0700] "GET /css/font-awesome.css HTTP/1.1" 200 28747 "http://www.superior-dentistry.com/" "Mozilla/5.0 (X11; Ubuntu; Linux x86_64; rv:36.0) Gecko/20100101 SlimerJS/0.9.5" "www.superior-dentistry.com"
54.183.182.27 - - [23/Mar/2016:04:43:50 -0700] "GET /css/bootstrap.css HTTP/1.1" 200 138415 "http://www.superior-dentistry.com/" "Mozilla/5.0 (X11; Ubuntu; Linux x86_64; rv:36.0) Gecko/20100101 SlimerJS/0.9.5" "www.superior-dentistry.com"
54.183.182.27 - - [23/Mar/2016:04:43:50 -0700] "GET /js/ie10-viewport-bug-workaround.js HTTP/1.1" 200 694 "http://www.superior-dentistry.com/" "Mozilla/5.0 (X11; Ubuntu; Linux x86_64; rv:36.0) Gecko/20100101 SlimerJS/0.9.5" "www.superior-dentistry.com"
54.183.182.27 - - [23/Mar/2016:04:43:50 -0700] "GET /img/extraction.jpg HTTP/1.1" 200 30135 "http://www.superior-dentistry.com/" "Mozilla/5.0 (X11; Ubuntu; Linux x86_64; rv:36.0) Gecko/20100101 SlimerJS/0.9.5" "www.superior-dentistry.com"
54.183.182.27 - - [23/Mar/2016:04:43:50 -0700] "GET /img/logo.jpg HTTP/1.1" 200 139628 "http://www.superior-dentistry.com/" "Mozilla/5.0 (X11; Ubuntu; Linux x86_64; rv:36.0) Gecko/20100101 SlimerJS/0.9.5" "www.superior-dentistry.com"
54.183.182.27 - - [23/Mar/2016:04:43:50 -0700] "GET /img/tmj-trauma.jpg HTTP/1.1" 200 22488 "http://www.superior-dentistry.com/" "Mozilla/5.0 (X11; Ubuntu; Linux x86_64; rv:36.0) Gecko/20100101 SlimerJS/0.9.5" "www.superior-dentistry.com"
54.183.182.27 - - [23/Mar/2016:04:43:50 -0700] "GET /img/slider1.jpg HTTP/1.1" 200 268888 "http://www.superior-dentistry.com/" "Mozilla/5.0 (X11; Ubuntu; Linux x86_64; rv:36.0) Gecko/20100101 SlimerJS/0.9.5" "www.superior-dentistry.com"
54.183.182.27 - - [23/Mar/2016:04:43:50 -0700] "GET /img/meetdr-ali.jpg HTTP/1.1" 200 60533 "http://www.superior-dentistry.com/" "Mozilla/5.0 (X11; Ubuntu; Linux x86_64; rv:36.0) Gecko/20100101 SlimerJS/0.9.5" "www.superior-dentistry.com"
54.183.182.27 - - [23/Mar/2016:04:43:50 -0700] "GET /fonts/fontawesome-webfont.woff?v=4.3.0 HTTP/1.1" 200 71508 "http://www.superior-dentistry.com/css/font-awesome.css" "Mozilla/5.0 (X11; Ubuntu; Linux x86_64; rv:36.0) Gecko/20100101 SlimerJS/0.9.5" "www.superior-dentistry.com"
54.183.182.27 - - [23/Mar/2016:04:43:50 -0700] "GET /img/slider3.jpg HTTP/1.1" 200 217901 "http://www.superior-dentistry.com/" "Mozilla/5.0 (X11; Ubuntu; Linux x86_64; rv:36.0) Gecko/20100101 SlimerJS/0.9.5" "www.superior-dentistry.com"
54.183.182.27 - - [23/Mar/2016:04:43:50 -0700] "GET /img/meetdr-melika.jpg HTTP/1.1" 200 75968 "http://www.superior-dentistry.com/" "Mozilla/5.0 (X11; Ubuntu; Linux x86_64; rv:36.0) Gecko/20100101 SlimerJS/0.9.5" "www.superior-dentistry.com"
54.183.182.27 - - [23/Mar/2016:04:43:50 -0700] "GET /img/offer-31-05-2014-sonicare-brush.jpg HTTP/1.1" 200 13165 "http://www.superior-dentistry.com/" "Mozilla/5.0 (X11; Ubuntu; Linux x86_64; rv:36.0) Gecko/20100101 SlimerJS/0.9.5" "www.superior-dentistry.com"
54.183.182.27 - - [23/Mar/2016:04:43:50 -0700] "GET /img/patients-choice-winner-2015.png HTTP/1.1" 200 9818 "http://www.superior-dentistry.com/" "Mozilla/5.0 (X11; Ubuntu; Linux x86_64; rv:36.0) Gecko/20100101 SlimerJS/0.9.5" "www.superior-dentistry.com"
54.183.182.27 - - [23/Mar/2016:04:43:51 -0700] "GET /img/zocdoc-apt.jpg HTTP/1.1" 200 79396 "http://www.superior-dentistry.com/" "Mozilla/5.0 (X11; Ubuntu; Linux x86_64; rv:36.0) Gecko/20100101 SlimerJS/0.9.5" "www.superior-dentistry.com"
54.183.182.27 - - [23/Mar/2016:04:43:51 -0700] "GET /assets/flash/ZeroClipboard.swf?noCache=1458733430276 HTTP/1.1" 404 89 "http://www.superior-dentistry.com/" "Mozilla/5.0 (X11; Ubuntu; Linux x86_64; rv:36.0) Gecko/20100101 SlimerJS/0.9.5" "www.superior-dentistry.com"
101.226.166.233 - - [23/Mar/2016:04:47:39 -0700] "GET / HTTP/1.1" 200 38156 "http://www.superior-dentistry.com/" "Mozilla/5.0 (Windows NT 6.1) AppleWebKit/537.1 (KHTML, like Gecko) Chrome/21.0.1180.89 Safari/537.1; 360Spider(compatible; HaosouSpider; http://www.haosou.com/help/help_3_2.html)" "www.superior-dentistry.com"
207.46.13.98 - - [23/Mar/2016:04:47:55 -0700] "GET /Dentist-Bowie-MD/js/image_slider/ HTTP/1.1" 200 1499 "-" "Mozilla/5.0 (compatible; bingbot/2.0; +http://www.bing.com/bingbot.htm)" "www.superior-dentistry.com"
207.46.13.98 - - [23/Mar/2016:04:47:55 -0700] "GET /Dentist-Bowie-MD/?M=D HTTP/1.1" 200 1706 "-" "Mozilla/5.0 (compatible; bingbot/2.0; +http://www.bing.com/bingbot.htm)" "www.superior-dentistry.com"
207.46.13.98 - - [23/Mar/2016:04:47:55 -0700] "GET /Bowie-Dentists/Childrens-Dentistry-Maryland.html HTTP/1.1" 200 39945 "-" "Mozilla/5.0 (compatible; bingbot/2.0; +http://www.bing.com/bingbot.htm)" "www.superior-dentistry.com"
207.46.13.159 - - [23/Mar/2016:04:50:28 -0700] "GET /Bowie-Dentists/Periodontal-Therapy-Maryland.html HTTP/1.1" 200 40166 "-" "Mozilla/5.0 (compatible; bingbot/2.0; +http://www.bing.com/bingbot.htm)" "www.superior-dentistry.com"
207.46.13.159 - - [23/Mar/2016:04:50:28 -0700] "GET /Dentist-Bowie-MD/Dental-Implants-Maryland-MD HTTP/1.1" 200 33055 "-" "Mozilla/5.0 (compatible; bingbot/2.0; +http://www.bing.com/bingbot.htm)" "www.superior-dentistry.com"
157.55.39.71 - - [23/Mar/2016:04:51:55 -0700] "GET /Dental-Links.html HTTP/1.1" 200 27798 "-" "Mozilla/5.0 (compatible; bingbot/2.0; +http://www.bing.com/bingbot.htm)" "www.superior-dentistry.com"
182.118.21.241 - - [23/Mar/2016:04:58:44 -0700] "GET / HTTP/1.1" 200 38156 "http://superior-dentistry.com/" "Mozilla/5.0 (compatible; MSIE 9.0; Windows NT 6.1; Trident/5.0); 360Spider(compatible; HaosouSpider; http://www.haosou.com/help/help_3_2.html)" "superior-dentistry.com"
207.46.13.48 - - [23/Mar/2016:04:59:34 -0700] "GET /robots.txt HTTP/1.1" 200 49 "-" "Mozilla/5.0 (compatible; bingbot/2.0; +http://www.bing.com/bingbot.htm)" "www.superior-dentistry.com"
198.16.7.150 - - [23/Mar/2016:05:09:15 -0700] "GET / HTTP/1.1" 200 38156 "-" "FreeWebMonitoring SiteChecker/0.2 (+http://www.freewebmonitoring.com/bot.html)" "www.superior-dentistry.com"
207.46.13.48 - - [23/Mar/2016:05:10:00 -0700] "GET /?_escaped_fragment_= HTTP/1.1" 200 38156 "-" "Mozilla/5.0 (compatible; bingbot/2.0; +http://www.bing.com/bingbot.htm)" "www.superior-dentistry.com"
207.46.13.48 - - [23/Mar/2016:05:10:00 -0700] "GET /index.html HTTP/1.1" 200 38156 "-" "Mozilla/5.0 (compatible; bingbot/2.0; +http://www.bing.com/bingbot.htm)" "www.superior-dentistry.com"
38.70.3.248 - - [23/Mar/2016:05:33:24 -0700] "GET / HTTP/1.1" 200 38156 "https://www.google.com/" "Mozilla/5.0 (Windows NT 6.1) AppleWebKit/537.36 (KHTML, like Gecko) Chrome/49.0.2623.87 Safari/537.36" "www.superior-dentistry.com"
38.70.3.248 - - [23/Mar/2016:05:33:24 -0700] "GET /theme.css HTTP/1.1" 200 1926 "http://www.superior-dentistry.com/" "Mozilla/5.0 (Windows NT 6.1) AppleWebKit/537.36 (KHTML, like Gecko) Chrome/49.0.2623.87 Safari/537.36" "www.superior-dentistry.com"
38.70.3.248 - - [23/Mar/2016:05:33:24 -0700] "GET /js/ie-emulation-modes-warning.js HTTP/1.1" 200 2132 "http://www.superior-dentistry.com/" "Mozilla/5.0 (Windows NT 6.1) AppleWebKit/537.36 (KHTML, like Gecko) Chrome/49.0.2623.87 Safari/537.36" "www.superior-dentistry.com"
38.70.3.248 - - [23/Mar/2016:05:33:24 -0700] "GET /css/font-awesome.css HTTP/1.1" 200 28747 "http://www.superior-dentistry.com/" "Mozilla/5.0 (Windows NT 6.1) AppleWebKit/537.36 (KHTML, like Gecko) Chrome/49.0.2623.87 Safari/537.36" "www.superior-dentistry.com"
38.70.3.248 - - [23/Mar/2016:05:33:24 -0700] "GET /img/wisdom-teeth-extraction.jpg HTTP/1.1" 200 23758 "http://www.superior-dentistry.com/" "Mozilla/5.0 (Windows NT 6.1) AppleWebKit/537.36 (KHTML, like Gecko) Chrome/49.0.2623.87 Safari/537.36" "www.superior-dentistry.com"
38.70.3.248 - - [23/Mar/2016:05:33:24 -0700] "GET /img/logo.jpg HTTP/1.1" 200 139628 "http://www.superior-dentistry.com/" "Mozilla/5.0 (Windows NT 6.1) AppleWebKit/537.36 (KHTML, like Gecko) Chrome/49.0.2623.87 Safari/537.36" "www.superior-dentistry.com"[0]
38.70.3.248 - - [23/Mar/2016:05:33:24 -0700] "GET /img/tmj-trauma.jpg HTTP/1.1" 200 22488 "http://www.superior-dentistry.com/" "Mozilla/5.0 (Windows NT 6.1) AppleWebKit/537.36 (KHTML, like Gecko) Chrome/49.0.2623.87 Safari/537.36" "www.superior-dentistry.com"
38.70.3.248 - - [23/Mar/2016:05:33:24 -0700] "GET /js/ie10-viewport-bug-workaround.js HTTP/1.1" 200 694 "http://www.superior-dentistry.com/" "Mozilla/5.0 (Windows NT 6.1) AppleWebKit/537.36 (KHTML, like Gecko) Chrome/49.0.2623.87 Safari/537.36" "www.superior-dentistry.com"
38.70.3.248 - - [23/Mar/2016:05:33:27 -0700] "GET /favicon.ico HTTP/1.1" 200 688 "http://www.superior-dentistry.com/" "Mozilla/5.0 (Windows NT 6.1) AppleWebKit/537.36 (KHTML, like Gecko) Chrome/49.0.2623.87 Safari/537.36" "www.superior-dentistry.com"
38.70.3.248 - - [23/Mar/2016:05:33:32 -0700] "GET /assets/flash/ZeroClipboard.swf?noCache=1458736405647 HTTP/1.1" 404 89 "http://www.superior-dentistry.com/" "Mozilla/5.0 (Windows NT 6.1) AppleWebKit/537.36 (KHTML, like Gecko) Chrome/49.0.2623.87 Safari/537.36" "www.superior-dentistry.com"
38.70.3.248 - - [23/Mar/2016:05:34:00 -0700] "GET /assets/flash/ZeroClipboard.swf?noCache=1458736440710 HTTP/1.1" 404 89 "http://www.superior-dentistry.com/contact-us.html" "Mozilla/5.0 (Windows NT 6.1) AppleWebKit/537.36 (KHTML, like Gecko) Chrome/49.0.2623.87 Safari/537.36" "www.superior-dentistry.com"
64.202.160.250 - - [23/Mar/2016:05:41:04 -0700] "GET / HTTP/1.1" 200 38156 "-" "Mozilla/5.0 (Macintosh; Intel Mac OS X 10_10_5) AppleWebKit/537.36 (KHTML, like Gecko) Chrome/48.0.2564.116 Safari/537.36" "www.superior-dentistry.com"
207.46.13.98 - - [23/Mar/2016:05:46:39 -0700] "GET /contact-us.php HTTP/1.1" 200 73 "-" "Mozilla/5.0 (compatible; bingbot/2.0;  http://www.bing.com/bingbot.htm)" "www.superior-dentistry.com"
198.16.7.150 - - [23/Mar/2016:06:10:23 -0700] "GET / HTTP/1.1" 200 38156 "-" "FreeWebMonitoring SiteChecker/0.2 (+http://www.freewebmonitoring.com/bot.html)" "www.superior-dentistry.com"
96.241.176.245 - - [23/Mar/2016:06:42:35 -0700] "GET /theme.css HTTP/1.1" 200 1926 "http://www.superior-dentistry.com/" "Mozilla/5.0 (Windows NT 6.1; rv:45.0) Gecko/20100101 Firefox/45.0" "www.superior-dentistry.com"
96.241.176.245 - - [23/Mar/2016:06:42:35 -0700] "GET /css/bootstrap-theme.css HTTP/1.1" 200 19156 "http://www.superior-dentistry.com/" "Mozilla/5.0 (Windows NT 6.1; rv:45.0) Gecko/20100101 Firefox/45.0" "www.superior-dentistry.com"
96.241.176.245 - - [23/Mar/2016:06:42:35 -0700] "GET /css/bootstrap.css HTTP/1.1" 200 138415 "http://www.superior-dentistry.com/" "Mozilla/5.0 (Windows NT 6.1; rv:45.0) Gecko/20100101 Firefox/45.0" "www.superior-dentistry.com"
96.241.176.245 - - [23/Mar/2016:06:42:35 -0700] "GET /js/ie-emulation-modes-warning.js HTTP/1.1" 200 2132 "http://www.superior-dentistry.com/" "Mozilla/5.0 (Windows NT 6.1; rv:45.0) Gecko/20100101 Firefox/45.0" "www.superior-dentistry.com"
96.241.176.245 - - [23/Mar/2016:06:42:35 -0700] "GET /css/font-awesome.css HTTP/1.1" 200 28747 "http://www.superior-dentistry.com/" "Mozilla/5.0 (Windows NT 6.1; rv:45.0) Gecko/20100101 Firefox/45.0" "www.superior-dentistry.com"[1]
96.241.176.245 - - [23/Mar/2016:06:42:35 -0700] "GET /js/docs.min.js HTTP/1.1" 200 43299 "http://www.superior-dentistry.com/" "Mozilla/5.0 (Windows NT 6.1; rv:45.0) Gecko/20100101 Firefox/45.0" "www.superior-dentistry.com"
96.241.176.245 - - [23/Mar/2016:06:42:35 -0700] "GET /js/ie10-viewport-bug-workaround.js HTTP/1.1" 200 694 "http://www.superior-dentistry.com/" "Mozilla/5.0 (Windows NT 6.1; rv:45.0) Gecko/20100101 Firefox/45.0" "www.superior-dentistry.com"
96.241.176.245 - - [23/Mar/2016:06:42:35 -0700] "GET /js/bootstrap.min.js HTTP/1.1" 200 35601 "http://www.superior-dentistry.com/" "Mozilla/5.0 (Windows NT 6.1; rv:45.0) Gecko/20100101 Firefox/45.0" "www.superior-dentistry.com"[1]
96.241.176.245 - - [23/Mar/2016:06:42:35 -0700] "GET /img/extraction.jpg HTTP/1.1" 200 30135 "http://www.superior-dentistry.com/" "Mozilla/5.0 (Windows NT 6.1; rv:45.0) Gecko/20100101 Firefox/45.0" "www.superior-dentistry.com"
96.241.176.245 - - [23/Mar/2016:06:42:35 -0700] "GET /img/tmj-trauma.jpg HTTP/1.1" 200 22488 "http://www.superior-dentistry.com/" "Mozilla/5.0 (Windows NT 6.1; rv:45.0) Gecko/20100101 Firefox/45.0" "www.superior-dentistry.com"
96.241.176.245 - - [23/Mar/2016:06:42:35 -0700] "GET /img/slider2.jpg HTTP/1.1" 200 345766 "http://www.superior-dentistry.com/" "Mozilla/5.0 (Windows NT 6.1; rv:45.0) Gecko/20100101 Firefox/45.0" "www.superior-dentistry.com"
96.241.176.245 - - [23/Mar/2016:06:42:35 -0700] "GET /img/meetdr-melika.jpg HTTP/1.1" 200 75968 "http://www.superior-dentistry.com/" "Mozilla/5.0 (Windows NT 6.1; rv:45.0) Gecko/20100101 Firefox/45.0" "www.superior-dentistry.com"
96.241.176.245 - - [23/Mar/2016:06:42:35 -0700] "GET /img/offer-31-05-2014-whitening.jpg HTTP/1.1" 200 15686 "http://www.superior-dentistry.com/" "Mozilla/5.0 (Windows NT 6.1; rv:45.0) Gecko/20100101 Firefox/45.0" "www.superior-dentistry.com"
96.241.176.245 - - [23/Mar/2016:06:42:35 -0700] "GET /img/offer-31-05-2014-new-patient.jpg HTTP/1.1" 200 15365 "http://www.superior-dentistry.com/" "Mozilla/5.0 (Windows NT 6.1; rv:45.0) Gecko/20100101 Firefox/45.0" "www.superior-dentistry.com"
96.241.176.245 - - [23/Mar/2016:06:42:35 -0700] "GET /img/zocdoc-apt.jpg HTTP/1.1" 200 79396 "http://www.superior-dentistry.com/" "Mozilla/5.0 (Windows NT 6.1; rv:45.0) Gecko/20100101 Firefox/45.0" "www.superior-dentistry.com"
96.241.176.245 - - [23/Mar/2016:06:42:35 -0700] "GET /assets/flash/ZeroClipboard.swf?noCache=1458740528998 HTTP/1.1" 404 89 "http://www.superior-dentistry.com/" "Mozilla/5.0 (Windows NT 6.1; rv:45.0) Gecko/20100101 Firefox/45.0" "www.superior-dentistry.com"[0]
96.241.176.245 - - [23/Mar/2016:06:42:40 -0700] "GET /css/procedure-thumb.css HTTP/1.1" 200 2005 "http://www.superior-dentistry.com/firstvisit.html" "Mozilla/5.0 (Windows NT 6.1; rv:45.0) Gecko/20100101 Firefox/45.0" "www.superior-dentistry.com"
96.241.176.245 - - [23/Mar/2016:06:42:40 -0700] "GET /img/office-slider4.jpg HTTP/1.1" 200 85815 "http://www.superior-dentistry.com/firstvisit.html" "Mozilla/5.0 (Windows NT 6.1; rv:45.0) Gecko/20100101 Firefox/45.0" "www.superior-dentistry.com"
96.241.176.245 - - [23/Mar/2016:06:42:40 -0700] "GET /img/office-slider3.jpg HTTP/1.1" 200 116344 "http://www.superior-dentistry.com/firstvisit.html" "Mozilla/5.0 (Windows NT 6.1; rv:45.0) Gecko/20100101 Firefox/45.0" "www.superior-dentistry.com"
96.241.176.245 - - [23/Mar/2016:06:42:40 -0700] "GET /img/office-slider1.jpg HTTP/1.1" 200 134555 "http://www.superior-dentistry.com/firstvisit.html" "Mozilla/5.0 (Windows NT 6.1; rv:45.0) Gecko/20100101 Firefox/45.0" "www.superior-dentistry.com"
96.241.176.245 - - [23/Mar/2016:06:42:40 -0700] "GET /img/doc.png HTTP/1.1" 200 26918 "http://www.superior-dentistry.com/firstvisit.html" "Mozilla/5.0 (Windows NT 6.1; rv:45.0) Gecko/20100101 Firefox/45.0" "www.superior-dentistry.com"
96.241.176.245 - - [23/Mar/2016:06:42:40 -0700] "GET /assets/flash/ZeroClipboard.swf?noCache=1458740534065 HTTP/1.1" 404 89 "http://www.superior-dentistry.com/firstvisit.html" "Mozilla/5.0 (Windows NT 6.1; rv:45.0) Gecko/20100101 Firefox/45.0" "www.superior-dentistry.com"
96.241.176.245 - - [23/Mar/2016:06:42:43 -0700] "GET /assets/flash/ZeroClipboard.swf?noCache=1458740537158 HTTP/1.1" 404 89 "http://www.superior-dentistry.com/firstvisit.html" "Mozilla/5.0 (Windows NT 6.1; rv:45.0) Gecko/20100101 Firefox/45.0" "www.superior-dentistry.com"
96.241.176.245 - - [23/Mar/2016:06:42:48 -0700] "GET /Patient-Information-Form.pdf HTTP/1.1" 200 1498629 "http://www.superior-dentistry.com/firstvisit.html" "Mozilla/5.0 (Windows NT 6.1; rv:45.0) Gecko/20100101 Firefox/45.0" "www.superior-dentistry.com"
96.241.176.245 - - [23/Mar/2016:06:42:48 -0700] "GET /Patient-Information-Form.pdf HTTP/1.1" 206 65536 "http://www.superior-dentistry.com/firstvisit.html" "Mozilla/5.0 (Windows NT 6.1; rv:45.0) Gecko/20100101 Firefox/45.0" "www.superior-dentistry.com"
96.241.176.245 - - [23/Mar/2016:06:42:48 -0700] "GET /Patient-Information-Form.pdf HTTP/1.1" 206 56837 "http://www.superior-dentistry.com/firstvisit.html" "Mozilla/5.0 (Windows NT 6.1; rv:45.0) Gecko/20100101 Firefox/45.0" "www.superior-dentistry.com"
198.16.7.150 - - [23/Mar/2016:07:11:49 -0700] "GET / HTTP/1.1" 200 38156 "-" "FreeWebMonitoring SiteChecker/0.2 (+http://www.freewebmonitoring.com/bot.html)" "www.superior-dentistry.com"
96.255.10.126 - - [23/Mar/2016:07:35:24 -0700] "GET / HTTP/1.1" 200 38156 "https://www.google.com/" "Mozilla/5.0 (Windows NT 10.0; WOW64) AppleWebKit/537.36 (KHTML, like Gecko) Chrome/49.0.2623.87 Safari/537.36" "www.superior-dentistry.com"
96.255.10.126 - - [23/Mar/2016:07:35:24 -0700] "GET /css/font-awesome.css HTTP/1.1" 200 28747 "http://www.superior-dentistry.com/" "Mozilla/5.0 (Windows NT 10.0; WOW64) AppleWebKit/537.36 (KHTML, like Gecko) Chrome/49.0.2623.87 Safari/537.36" "www.superior-dentistry.com"[0]
96.255.10.126 - - [23/Mar/2016:07:35:24 -0700] "GET /css/bootstrap.css HTTP/1.1" 200 138415 "http://www.superior-dentistry.com/" "Mozilla/5.0 (Windows NT 10.0; WOW64) AppleWebKit/537.36 (KHTML, like Gecko) Chrome/49.0.2623.87 Safari/537.36" "www.superior-dentistry.com"
96.255.10.126 - - [23/Mar/2016:07:35:24 -0700] "GET /css/bootstrap-theme.css HTTP/1.1" 200 19156 "http://www.superior-dentistry.com/" "Mozilla/5.0 (Windows NT 10.0; WOW64) AppleWebKit/537.36 (KHTML, like Gecko) Chrome/49.0.2623.87 Safari/537.36" "www.superior-dentistry.com"
96.255.10.126 - - [23/Mar/2016:07:35:25 -0700] "GET /js/ie-emulation-modes-warning.js HTTP/1.1" 200 2132 "http://www.superior-dentistry.com/" "Mozilla/5.0 (Windows NT 10.0; WOW64) AppleWebKit/537.36 (KHTML, like Gecko) Chrome/49.0.2623.87 Safari/537.36" "www.superior-dentistry.com"
96.255.10.126 - - [23/Mar/2016:07:35:25 -0700] "GET /js/ie10-viewport-bug-workaround.js HTTP/1.1" 200 694 "http://www.superior-dentistry.com/" "Mozilla/5.0 (Windows NT 10.0; WOW64) AppleWebKit/537.36 (KHTML, like Gecko) Chrome/49.0.2623.87 Safari/537.36" "www.superior-dentistry.com"
96.255.10.126 - - [23/Mar/2016:07:35:25 -0700] "GET /js/docs.min.js HTTP/1.1" 200 43299 "http://www.superior-dentistry.com/" "Mozilla/5.0 (Windows NT 10.0; WOW64) AppleWebKit/537.36 (KHTML, like Gecko) Chrome/49.0.2623.87 Safari/537.36" "www.superior-dentistry.com"
96.255.10.126 - - [23/Mar/2016:07:35:32 -0700] "GET /assets/flash/ZeroClipboard.swf?noCache=1458743724365 HTTP/1.1" 404 89 "http://www.superior-dentistry.com/" "Mozilla/5.0 (Windows NT 10.0; WOW64) AppleWebKit/537.36 (KHTML, like Gecko) Chrome/49.0.2623.87 Safari/537.36" "www.superior-dentistry.com"
96.83.90.77 - - [23/Mar/2016:07:35:52 -0700] "GET / HTTP/1.1" 200 38156 "http://www.google.com/url?sa=t&rct=j&q=&esrc=s&source=web&cd=2&ved=0ahUKEwjB8e_2g9fLAhUFax4KHXscBWcQFggpMAE&url=http%3A%2F%2Fwww.superior-dentistry.com%2F&usg=AFQjCNGF-nEQNHBsad_bRxtFplrZJb5AWQ&bvm=bv.117218890,d.dmo" "Mozilla/5.0 (Windows NT 6.1; WOW64; Trident/7.0; rv:11.0) like Gecko" "www.superior-dentistry.com"
96.83.90.77 - - [23/Mar/2016:07:35:52 -0700] "GET /css/bootstrap.css HTTP/1.1" 200 138415 "http://www.superior-dentistry.com/" "Mozilla/5.0 (Windows NT 6.1; WOW64; Trident/7.0; rv:11.0) like Gecko" "www.superior-dentistry.com"
96.83.90.77 - - [23/Mar/2016:07:35:52 -0700] "GET /css/bootstrap-theme.css HTTP/1.1" 200 19156 "http://www.superior-dentistry.com/" "Mozilla/5.0 (Windows NT 6.1; WOW64; Trident/7.0; rv:11.0) like Gecko" "www.superior-dentistry.com"
96.83.90.77 - - [23/Mar/2016:07:35:52 -0700] "GET /img/dental-implants.jpg HTTP/1.1" 200 22844 "http://www.superior-dentistry.com/" "Mozilla/5.0 (Windows NT 6.1; WOW64; Trident/7.0; rv:11.0) like Gecko" "www.superior-dentistry.com"
96.83.90.77 - - [23/Mar/2016:07:35:52 -0700] "GET /img/meetdr-ali.jpg HTTP/1.1" 200 60533 "http://www.superior-dentistry.com/" "Mozilla/5.0 (Windows NT 6.1; WOW64; Trident/7.0; rv:11.0) like Gecko" "www.superior-dentistry.com"
96.83.90.77 - - [23/Mar/2016:07:35:52 -0700] "GET /fonts/fontawesome-webfont.eot HTTP/1.1" 200 60767 "http://www.superior-dentistry.com/" "Mozilla/5.0 (Windows NT 6.1; WOW64; Trident/7.0; rv:11.0) like Gecko" "www.superior-dentistry.com"
96.83.90.77 - - [23/Mar/2016:07:35:53 -0700] "GET /img/slider1.jpg HTTP/1.1" 200 268888 "http://www.superior-dentistry.com/" "Mozilla/5.0 (Windows NT 6.1; WOW64; Trident/7.0; rv:11.0) like Gecko" "www.superior-dentistry.com"
96.83.90.77 - - [23/Mar/2016:07:35:53 -0700] "GET /img/offer-31-05-2014-sonicare-brush.jpg HTTP/1.1" 200 13165 "http://www.superior-dentistry.com/" "Mozilla/5.0 (Windows NT 6.1; WOW64; Trident/7.0; rv:11.0) like Gecko" "www.superior-dentistry.com"
96.83.90.77 - - [23/Mar/2016:07:35:53 -0700] "GET /img/offer-31-05-2014-whitening.jpg HTTP/1.1" 200 15686 "http://www.superior-dentistry.com/" "Mozilla/5.0 (Windows NT 6.1; WOW64; Trident/7.0; rv:11.0) like Gecko" "www.superior-dentistry.com"
96.83.90.77 - - [23/Mar/2016:07:35:53 -0700] "GET /img/offer-31-05-2014-new-patient.jpg HTTP/1.1" 200 15365 "http://www.superior-dentistry.com/" "Mozilla/5.0 (Windows NT 6.1; WOW64; Trident/7.0; rv:11.0) like Gecko" "www.superior-dentistry.com"
96.83.90.77 - - [23/Mar/2016:07:35:53 -0700] "GET /img/patients-choice-winner-2015.png HTTP/1.1" 200 9818 "http://www.superior-dentistry.com/" "Mozilla/5.0 (Windows NT 6.1; WOW64; Trident/7.0; rv:11.0) like Gecko" "www.superior-dentistry.com"
96.83.90.77 - - [23/Mar/2016:07:35:53 -0700] "GET /img/zocdoc-apt.jpg HTTP/1.1" 200 79396 "http://www.superior-dentistry.com/" "Mozilla/5.0 (Windows NT 6.1; WOW64; Trident/7.0; rv:11.0) like Gecko" "www.superior-dentistry.com"
96.83.90.77 - - [23/Mar/2016:07:35:53 -0700] "GET /assets/flash/ZeroClipboard.swf?noCache=1458743753354 HTTP/1.1" 404 89 "http://www.superior-dentistry.com/" "Mozilla/5.0 (Windows NT 6.1; WOW64; Trident/7.0; rv:11.0) like Gecko" "www.superior-dentistry.com"
96.83.90.77 - - [23/Mar/2016:07:35:54 -0700] "GET /favicon.ico HTTP/1.1" 200 688 "-" "Mozilla/5.0 (Windows NT 6.1; WOW64; Trident/7.0; rv:11.0) like Gecko" "www.superior-dentistry.com"
96.83.90.77 - - [23/Mar/2016:07:35:57 -0700] "GET /meet-staff.html HTTP/1.1" 200 22166 "http://www.superior-dentistry.com/" "Mozilla/5.0 (Windows NT 6.1; WOW64; Trident/7.0; rv:11.0) like Gecko" "www.superior-dentistry.com"
96.83.90.77 - - [23/Mar/2016:07:35:57 -0700] "GET /img/Dr-Melika.jpg HTTP/1.1" 200 28557 "http://www.superior-dentistry.com/meet-staff.html" "Mozilla/5.0 (Windows NT 6.1; WOW64; Trident/7.0; rv:11.0) like Gecko" "www.superior-dentistry.com"
96.83.90.77 - - [23/Mar/2016:07:35:57 -0700] "GET /img/Dr-Ali-shatergholi.jpg HTTP/1.1" 200 17298 "http://www.superior-dentistry.com/meet-staff.html" "Mozilla/5.0 (Windows NT 6.1; WOW64; Trident/7.0; rv:11.0) like Gecko" "www.superior-dentistry.com"
96.83.90.77 - - [23/Mar/2016:07:35:57 -0700] "GET /img/doctor-achievement.jpg HTTP/1.1" 200 200838 "http://www.superior-dentistry.com/meet-staff.html" "Mozilla/5.0 (Windows NT 6.1; WOW64; Trident/7.0; rv:11.0) like Gecko" "www.superior-dentistry.com"
96.255.10.126 - - [23/Mar/2016:07:38:56 -0700] "GET /meet-staff.html HTTP/1.1" 200 22166 "http://www.superior-dentistry.com/" "Mozilla/5.0 (Windows NT 10.0; WOW64) AppleWebKit/537.36 (KHTML, like Gecko) Chrome/49.0.2623.87 Safari/537.36" "www.superior-dentistry.com"
96.255.10.126 - - [23/Mar/2016:07:38:56 -0700] "GET /img/Dr-Melika.jpg HTTP/1.1" 200 28557 "http://www.superior-dentistry.com/meet-staff.html" "Mozilla/5.0 (Windows NT 10.0; WOW64) AppleWebKit/537.36 (KHTML, like Gecko) Chrome/49.0.2623.87 Safari/537.36" "www.superior-dentistry.com"
96.255.10.126 - - [23/Mar/2016:07:38:56 -0700] "GET /img/Dr-Ali-shatergholi.jpg HTTP/1.1" 200 17298 "http://www.superior-dentistry.com/meet-staff.html" "Mozilla/5.0 (Windows NT 10.0; WOW64) AppleWebKit/537.36 (KHTML, like Gecko) Chrome/49.0.2623.87 Safari/537.36" "www.superior-dentistry.com"
96.255.10.126 - - [23/Mar/2016:07:39:40 -0700] "GET /assets/flash/ZeroClipboard.swf?noCache=1458743978543 HTTP/1.1" 404 89 "http://www.superior-dentistry.com/index.html" "Mozilla/5.0 (Windows NT 10.0; WOW64) AppleWebKit/537.36 (KHTML, like Gecko) Chrome/49.0.2623.87 Safari/537.36" "www.superior-dentistry.com"
52.73.200.208 - - [23/Mar/2016:07:58:48 -0700] "GET / HTTP/1.1" 200 38156 "-" "Mozilla/5.0 (X11; U; Linux x86_64; en-US) AppleWebKit/534.10 (KHTML, like Gecko) Chrome/8.0.552.215 Safari/534.1" "www.superior-dentistry.com"
38.70.3.248 - - [23/Mar/2016:08:03:12 -0700] "GET /css/bootstrap-theme.css HTTP/1.1" 200 19156 "http://www.superior-dentistry.com/" "Mozilla/5.0 (Windows NT 6.1) AppleWebKit/537.36 (KHTML, like Gecko) Chrome/49.0.2623.87 Safari/537.36" "www.superior-dentistry.com"
38.70.3.248 - - [23/Mar/2016:08:03:12 -0700] "GET /theme.css HTTP/1.1" 200 1926 "http://www.superior-dentistry.com/" "Mozilla/5.0 (Windows NT 6.1) AppleWebKit/537.36 (KHTML, like Gecko) Chrome/49.0.2623.87 Safari/537.36" "www.superior-dentistry.com"
38.70.3.248 - - [23/Mar/2016:08:03:12 -0700] "GET /img/oral-pathology.jpg HTTP/1.1" 200 33395 "http://www.superior-dentistry.com/" "Mozilla/5.0 (Windows NT 6.1) AppleWebKit/537.36 (KHTML, like Gecko) Chrome/49.0.2623.87 Safari/537.36" "www.superior-dentistry.com"
38.70.3.248 - - [23/Mar/2016:08:03:12 -0700] "GET /img/offer-31-05-2014-sonicare-brush.jpg HTTP/1.1" 200 13165 "http://www.superior-dentistry.com/" "Mozilla/5.0 (Windows NT 6.1) AppleWebKit/537.36 (KHTML, like Gecko) Chrome/49.0.2623.87 Safari/537.36" "www.superior-dentistry.com"
38.70.3.248 - - [23/Mar/2016:08:03:12 -0700] "GET /img/slider2.jpg HTTP/1.1" 200 345766 "http://www.superior-dentistry.com/" "Mozilla/5.0 (Windows NT 6.1) AppleWebKit/537.36 (KHTML, like Gecko) Chrome/49.0.2623.87 Safari/537.36" "www.superior-dentistry.com"
38.70.3.248 - - [23/Mar/2016:08:03:12 -0700] "GET /img/meetdr-melika.jpg HTTP/1.1" 200 75968 "http://www.superior-dentistry.com/" "Mozilla/5.0 (Windows NT 6.1) AppleWebKit/537.36 (KHTML, like Gecko) Chrome/49.0.2623.87 Safari/537.36" "www.superior-dentistry.com"
38.70.3.248 - - [23/Mar/2016:08:03:12 -0700] "GET /img/offer-31-05-2014-whitening.jpg HTTP/1.1" 200 15686 "http://www.superior-dentistry.com/" "Mozilla/5.0 (Windows NT 6.1) AppleWebKit/537.36 (KHTML, like Gecko) Chrome/49.0.2623.87 Safari/537.36" "www.superior-dentistry.com"
38.70.3.248 - - [23/Mar/2016:08:03:12 -0700] "GET /js/docs.min.js HTTP/1.1" 200 43299 "http://www.superior-dentistry.com/" "Mozilla/5.0 (Windows NT 6.1) AppleWebKit/537.36 (KHTML, like Gecko) Chrome/49.0.2623.87 Safari/537.36" "www.superior-dentistry.com"
38.70.3.248 - - [23/Mar/2016:08:03:13 -0700] "GET /img/slider1.jpg HTTP/1.1" 200 268888 "http://www.superior-dentistry.com/" "Mozilla/5.0 (Windows NT 6.1) AppleWebKit/537.36 (KHTML, like Gecko) Chrome/49.0.2623.87 Safari/537.36" "www.superior-dentistry.com"
198.16.7.150 - - [23/Mar/2016:08:14:01 -0700] "GET / HTTP/1.1" 200 38156 "-" "FreeWebMonitoring SiteChecker/0.2 (+http://www.freewebmonitoring.com/bot.html)" "www.superior-dentistry.com"
207.46.13.98 - - [23/Mar/2016:08:37:40 -0700] "GET /images/care1.jpg HTTP/1.1" 404 89 "-" "Mozilla/5.0 (compatible; bingbot/2.0; +http://www.bing.com/bingbot.htm)" "www.superior-dentistry.com"
157.55.39.147 - - [23/Mar/2016:08:40:01 -0700] "GET /Dentist-Bowie-MD/css/style.css HTTP/1.1" 200 19818 "-" "Mozilla/5.0 (compatible; bingbot/2.0; +http://www.bing.com/bingbot.htm)" "www.superior-dentistry.com"
157.55.39.147 - - [23/Mar/2016:08:40:01 -0700] "GET /images/care5.jpg HTTP/1.1" 404 89 "-" "Mozilla/5.0 (compatible; bingbot/2.0; +http://www.bing.com/bingbot.htm)" "www.superior-dentistry.com"
198.16.7.150 - - [23/Mar/2016:09:15:13 -0700] "GET / HTTP/1.1" 200 38156 "-" "FreeWebMonitoring SiteChecker/0.2 (+http://www.freewebmonitoring.com/bot.html)" "www.superior-dentistry.com"
199.30.24.182 - - [23/Mar/2016:09:38:33 -0700] "GET /Dentist-Bowie-MD/js/jquery-1.6.4.min.js HTTP/1.1" 200 91669 "http://www.superior-dentistry.com/Dentist-Bowie-MD/Tooth-Extractions-Maryland-MD.html" "Mozilla/5.0 (Windows NT 6.1; WOW64) AppleWebKit/534+ (KHTML, like Gecko) BingPreview/1.0b" "www.superior-dentistry.com"
199.30.24.182 - - [23/Mar/2016:09:38:33 -0700] "GET /Dentist-Bowie-MD/js/jquery.easing.1.3.js HTTP/1.1" 200 3517 "http://www.superior-dentistry.com/Dentist-Bowie-MD/Tooth-Extractions-Maryland-MD.html" "Mozilla/5.0 (Windows NT 6.1; WOW64) AppleWebKit/534+ (KHTML, like Gecko) BingPreview/1.0b" "www.superior-dentistry.com"
199.30.24.182 - - [23/Mar/2016:09:38:34 -0700] "GET /images/care4.jpg HTTP/1.1" 404 89 "http://www.superior-dentistry.com/Dentist-Bowie-MD/Tooth-Extractions-Maryland-MD.html" "Mozilla/5.0 (Windows NT 6.1; WOW64) AppleWebKit/534+ (KHTML, like Gecko) BingPreview/1.0b" "www.superior-dentistry.com"
199.30.24.182 - - [23/Mar/2016:09:38:34 -0700] "GET /Dentist-Bowie-MD/css/font/delicious-roman.svg HTTP/1.1" 404 89 "http://www.superior-dentistry.com/Dentist-Bowie-MD/Tooth-Extractions-Maryland-MD.html" "Mozilla/5.0 (Windows NT 6.1; WOW64) AppleWebKit/534+ (KHTML, like Gecko) BingPreview/1.0b" "www.superior-dentistry.com"
66.249.69.162 - - [23/Mar/2016:09:40:24 -0700] "GET /img/dentures.jpg HTTP/1.1" 200 126240 "-" "Googlebot-Image/1.0" "www.superior-dentistry.com"
157.55.39.71 - - [23/Mar/2016:09:44:24 -0700] "GET /services.php HTTP/1.1" 200 73 "-" "Mozilla/5.0 (compatible; bingbot/2.0; +http://www.bing.com/bingbot.htm)" "www.superior-dentistry.com"
66.249.69.162 - - [23/Mar/2016:09:44:28 -0700] "GET /img/dental-extractions.jpg HTTP/1.1" 200 165246 "-" "Googlebot-Image/1.0" "www.superior-dentistry.com"
66.249.69.162 - - [23/Mar/2016:09:53:10 -0700] "GET /img/invisalign.jpg HTTP/1.1" 200 142640 "-" "Googlebot-Image/1.0" "www.superior-dentistry.com"
66.249.69.93 - - [23/Mar/2016:10:00:33 -0700] "GET /Bowie-Dentists/images/care4.jpg HTTP/1.1" 200 357042 "-" "Googlebot-Image/1.0" "www.superior-dentistry.com"
199.59.148.210 - - [23/Mar/2016:10:01:09 -0700] "GET /robots.txt HTTP/1.1" 200 49 "-" "Twitterbot/1.0" "www.superior-dentistry.com"
199.59.148.209 - - [23/Mar/2016:10:01:09 -0700] "GET /robots.txt HTTP/1.1" 200 49 "-" "Twitterbot/1.0" "www.superior-dentistry.com"
199.59.148.209 - - [23/Mar/2016:10:01:09 -0700] "GET /robots.txt HTTP/1.1" 200 49 "-" "Twitterbot/1.0" "www.superior-dentistry.com"
199.59.148.210 - - [23/Mar/2016:10:01:10 -0700] "GET / HTTP/1.1" 200 38156 "-" "Twitterbot/1.0" "www.superior-dentistry.com"
