131.253.25.218 - - [07/May/2016:17:06:03 -0700] "GET /css/js-image-slider.css HTTP/1.1" 404 89 "http://www.superior-dentistry.com/special-offers.html" "Mozilla/5.0 (Windows NT 6.1; WOW64) AppleWebKit/534+ (KHTML, like Gecko) BingPreview/1.0b" "www.superior-dentistry.com"
40.77.167.12 - - [07/May/2016:17:07:02 -0700] "GET /testimonials.html HTTP/1.1" 200 24785 "-" "Mozilla/5.0 (compatible; bingbot/2.0; +http://www.bing.com/bingbot.htm)" "www.superior-dentistry.com"
52.3.146.92 - - [07/May/2016:17:10:36 -0700] "GET /robots.txt HTTP/1.1" 200 49 "-" "Thumbtack-Thunderdome/1.0" "www.superior-dentistry.com"
52.3.146.92 - - [07/May/2016:17:10:36 -0700] "GET / HTTP/1.1" 200 38900 "-" "Thumbtack-Thunderdome/1.0" "www.superior-dentistry.com"
52.3.146.92 - - [07/May/2016:17:10:38 -0700] "GET /index.html HTTP/1.1" 200 38900 "-" "Thumbtack-Thunderdome/1.0" "www.superior-dentistry.com"
52.3.146.92 - - [07/May/2016:17:10:39 -0700] "GET / HTTP/1.1" 200 38900 "-" "Thumbtack-Thunderdome/1.0" "www.superior-dentistry.com"
52.3.146.92 - - [07/May/2016:17:10:40 -0700] "GET /meet-staff.html HTTP/1.1" 200 22168 "-" "Thumbtack-Thunderdome/1.0" "www.superior-dentistry.com"
52.3.146.92 - - [07/May/2016:17:10:42 -0700] "GET /firstvisit.html HTTP/1.1" 200 24044 "-" "Thumbtack-Thunderdome/1.0" "www.superior-dentistry.com"
52.3.146.92 - - [07/May/2016:17:10:43 -0700] "GET /Patient-Before-After-Gallery.html HTTP/1.1" 200 23787 "-" "Thumbtack-Thunderdome/1.0" "www.superior-dentistry.com"[0]
52.3.146.92 - - [07/May/2016:17:10:48 -0700] "GET /testimonials.html HTTP/1.1" 200 24785 "-" "Thumbtack-Thunderdome/1.0" "www.superior-dentistry.com"
52.3.146.92 - - [07/May/2016:17:10:51 -0700] "GET /Dentist-Bowie-MD/Dental-Implants-Maryland-MD.html HTTP/1.1" 200 32074 "-" "Thumbtack-Thunderdome/1.0" "www.superior-dentistry.com"
52.3.146.92 - - [07/May/2016:17:11:00 -0700] "GET /tmj-disorder.html HTTP/1.1" 404 89 "-" "Thumbtack-Thunderdome/1.0" "www.superior-dentistry.com"
52.3.146.92 - - [07/May/2016:17:11:01 -0700] "GET /services.php HTTP/1.1" 200 73 "-" "Thumbtack-Thunderdome/1.0" "www.superior-dentistry.com"
52.3.146.92 - - [07/May/2016:17:11:05 -0700] "GET /index.php HTTP/1.1" 200 73 "-" "Thumbtack-Thunderdome/1.0" "www.superior-dentistry.com"
198.16.7.150 - - [07/May/2016:17:53:09 -0700] "GET / HTTP/1.1" 200 38900 "-" "FreeWebMonitoring SiteChecker/0.2 (+http://www.freewebmonitoring.com/bot.html)" "www.superior-dentistry.com"
180.76.15.14 - - [07/May/2016:18:23:29 -0700] "GET /Dentist-Bowie-MD/blog.php HTTP/1.1" 200 416 "-" "Mozilla/5.0 (compatible; Baiduspider/2.0; +http://www.baidu.com/search/spider.html)" "www.superior-dentistry.com"
40.77.167.12 - - [07/May/2016:18:30:13 -0700] "GET /Dental-LinkExchange.html HTTP/1.1" 200 24959 "-" "Mozilla/5.0 (compatible; bingbot/2.0; +http://www.bing.com/bingbot.htm)" "www.superior-dentistry.com"
69.30.211.2 - - [07/May/2016:19:23:08 -0700] "GET /robots.txt HTTP/1.1" 200 49 "-" "Mozilla/5.0 (compatible; MJ12bot/v1.4.5; http://www.majestic12.co.uk/bot.php?+)" "superior-dentistry.com"
69.30.211.2 - - [07/May/2016:19:23:10 -0700] "GET /Dental-LinkExchange.html HTTP/1.1" 200 24959 "-" "Mozilla/5.0 (compatible; MJ12bot/v1.4.5; http://www.majestic12.co.uk/bot.php?+)" "superior-dentistry.com"
69.30.211.2 - - [07/May/2016:19:23:13 -0700] "GET /robots.txt HTTP/1.1" 200 49 "-" "Mozilla/5.0 (compatible; MJ12bot/v1.4.5; http://www.majestic12.co.uk/bot.php?+)" "www.superior-dentistry.com"
198.16.7.150 - - [07/May/2016:19:56:05 -0700] "GET / HTTP/1.1" 200 38900 "-" "FreeWebMonitoring SiteChecker/0.2 (+http://www.freewebmonitoring.com/bot.html)" "www.superior-dentistry.com"
54.175.84.147 - - [07/May/2016:20:23:07 -0700] "HEAD /blog.php HTTP/1.1" 200 0 "-" "Mozilla/4.0 (compatible; MSIE 8.0; Windows NT 5.1; Trident/4.0; .NET         CLR 2.0.50727; .NET CLR 1.1.4322; .NET CLR 3.0.04506.30; .NET CLR         3.0.04506.648)" "www.superior-dentistry.com"
162.244.14.52 - - [07/May/2016:20:53:55 -0700] "GET / HTTP/1.1" 200 38900 "-" "Mozilla/5.0 (Windows NT 6.1; WOW64; rv:27.0) Gecko/20100101 Firefox/27.0" "superior-dentistry.com"
198.16.7.150 - - [07/May/2016:20:56:39 -0700] "GET / HTTP/1.1" 200 38900 "-" "FreeWebMonitoring SiteChecker/0.2 (+http://www.freewebmonitoring.com/bot.html)" "www.superior-dentistry.com"
207.46.13.128 - - [07/May/2016:21:03:39 -0700] "GET /contact-us.html HTTP/1.1" 200 23728 "-" "Mozilla/5.0 (compatible; bingbot/2.0; +http://www.bing.com/bingbot.htm)" "www.superior-dentistry.com"
207.46.13.128 - - [07/May/2016:21:03:39 -0700] "GET /services.html HTTP/1.1" 200 34139 "-" "Mozilla/5.0 (compatible; bingbot/2.0; +http://www.bing.com/bingbot.htm)" "www.superior-dentistry.com"
207.46.13.98 - - [07/May/2016:21:04:17 -0700] "GET /img/doctor-achievement.jpg HTTP/1.1" 200 200838 "-" "Mozilla/5.0 (compatible; bingbot/2.0; +http://www.bing.com/bingbot.htm)" "www.superior-dentistry.com"
207.46.13.98 - - [07/May/2016:21:04:18 -0700] "GET /img/zocdoc-apt.jpg HTTP/1.1" 200 79396 "-" "Mozilla/5.0 (compatible; bingbot/2.0; +http://www.bing.com/bingbot.htm)" "www.superior-dentistry.com"
40.77.167.12 - - [07/May/2016:21:06:32 -0700] "GET /img/logo.jpg HTTP/1.1" 200 139628 "-" "Mozilla/5.0 (compatible; bingbot/2.0; +http://www.bing.com/bingbot.htm)" "www.superior-dentistry.com"
207.46.13.98 - - [07/May/2016:21:16:24 -0700] "GET /img/implant-before-and-after.jpg HTTP/1.1" 200 122702 "-" "Mozilla/5.0 (compatible; bingbot/2.0; +http://www.bing.com/bingbot.htm)" "www.superior-dentistry.com"
198.16.7.150 - - [07/May/2016:21:58:13 -0700] "GET / HTTP/1.1" 200 38900 "-" "FreeWebMonitoring SiteChecker/0.2 (+http://www.freewebmonitoring.com/bot.html)" "www.superior-dentistry.com"
199.30.25.13 - - [07/May/2016:22:05:10 -0700] "GET /js/docs.min.js HTTP/1.1" 200 43299 "http://www.superior-dentistry.com/services.html" "Mozilla/5.0 (Windows NT 6.1; WOW64) AppleWebKit/534+ (KHTML, like Gecko) BingPreview/1.0b" "www.superior-dentistry.com"
101.226.168.229 - - [07/May/2016:22:27:24 -0700] "GET /robots.txt HTTP/1.1" 200 49 "http://www.superior-dentistry.com/robots.txt" "Mozilla/5.0 (Windows NT 6.1) AppleWebKit/537.1 (KHTML, like Gecko) Chrome/21.0.1180.89 Safari/537.1; 360Spider(compatible; HaosouSpider; http://www.haosou.com/help/help_3_2.html)" "www.superior-dentistry.com"
95.211.135.133 - - [07/May/2016:22:34:13 -0700] "HEAD / HTTP/1.1" 200 0 "-" "-" "www.superior-dentistry.com"
95.211.135.133 - - [07/May/2016:22:34:14 -0700] "GET / HTTP/1.1" 200 38900 "-" "-" "www.superior-dentistry.com"
207.46.13.128 - - [07/May/2016:22:44:16 -0700] "GET /services.html HTTP/1.1" 200 34139 "-" "Mozilla/5.0 (compatible; bingbot/2.0; +http://www.bing.com/bingbot.htm)" "www.superior-dentistry.com"
184.168.152.6 - - [07/May/2016:22:46:20 -0700] "HEAD / HTTP/1.1" 200 0 "-" "-" "superior-dentistry.com"
45.33.36.127 - - [07/May/2016:22:57:52 -0700] "HEAD / HTTP/1.1" 200 0 "http://uptime.com/superior-dentistry.com" "Mozilla/5.0 (compatible; Uptimebot/1.0; +http://www.uptime.com/uptimebot)" "superior-dentistry.com"
198.16.7.150 - - [08/May/2016:00:01:09 -0700] "GET / HTTP/1.1" 200 38900 "-" "FreeWebMonitoring SiteChecker/0.2 (+http://www.freewebmonitoring.com/bot.html)" "www.superior-dentistry.com"
198.16.7.150 - - [08/May/2016:01:02:51 -0700] "GET / HTTP/1.1" 200 38900 "-" "FreeWebMonitoring SiteChecker/0.2 (+http://www.freewebmonitoring.com/bot.html)" "www.superior-dentistry.com"
66.249.69.93 - - [08/May/2016:01:05:18 -0700] "GET / HTTP/1.1" 200 38900 "-" "SAMSUNG-SGH-E250/1.0 Profile/MIDP-2.0 Configuration/CLDC-1.1 UP.Browser/6.2.3.3.c.1.101 (GUI) MMP/2.0 (compatible; Googlebot-Mobile/2.1; +http://www.google.com/bot.html)" "www.superior-dentistry.com"
37.59.114.224 - - [08/May/2016:01:10:54 -0700] "GET /wp-login.php HTTP/1.1" 200 73 "-" "-" "superior-dentistry.com"
207.46.13.49 - - [08/May/2016:01:17:36 -0700] "GET /meet-staff.html HTTP/1.1" 200 22168 "-" "Mozilla/5.0 (compatible; bingbot/2.0; +http://www.bing.com/bingbot.htm)" "www.superior-dentistry.com"
141.8.143.158 - - [08/May/2016:01:23:52 -0700] "GET /robots.txt HTTP/1.1" 200 49 "-" "Mozilla/5.0 (compatible; YandexBot/3.0; +http://yandex.com/bots)" "www.superior-dentistry.com"
141.8.143.182 - - [08/May/2016:01:23:56 -0700] "GET /index.html HTTP/1.1" 200 38900 "-" "Mozilla/5.0 (compatible; YandexBot/3.0; +http://yandex.com/bots)" "www.superior-dentistry.com"
198.16.7.150 - - [08/May/2016:02:05:24 -0700] "GET / HTTP/1.1" 200 38900 "-" "FreeWebMonitoring SiteChecker/0.2 (+http://www.freewebmonitoring.com/bot.html)" "www.superior-dentistry.com"
198.16.7.150 - - [08/May/2016:03:06:47 -0700] "GET / HTTP/1.1" 200 38900 "-" "FreeWebMonitoring SiteChecker/0.2 (+http://www.freewebmonitoring.com/bot.html)" "www.superior-dentistry.com"
65.36.241.48 - - [08/May/2016:03:14:45 -0700] "HEAD / HTTP/1.1" 200 0 "-" "InternetSeer.com" "www.superior-dentistry.com"
207.46.13.98 - - [08/May/2016:03:18:34 -0700] "GET /Dentists-Bowie-MD.html HTTP/1.1" 200 27344 "-" "Mozilla/5.0 (compatible; bingbot/2.0; +http://www.bing.com/bingbot.htm)" "www.superior-dentistry.com"
151.80.31.103 - - [08/May/2016:03:33:13 -0700] "GET /robots.txt HTTP/1.1" 200 49 "-" "Mozilla/5.0 (compatible; AhrefsBot/5.1; +http://ahrefs.com/robot/)" "www.superior-dentistry.com"
52.3.146.92 - - [08/May/2016:03:51:38 -0700] "GET /robots.txt HTTP/1.1" 200 49 "-" "Thumbtack-Thunderdome/1.0" "www.superior-dentistry.com"
52.3.146.92 - - [08/May/2016:03:51:38 -0700] "GET / HTTP/1.1" 200 38900 "-" "Thumbtack-Thunderdome/1.0" "www.superior-dentistry.com"
52.3.146.92 - - [08/May/2016:03:51:39 -0700] "GET /index.html HTTP/1.1" 200 38900 "-" "Thumbtack-Thunderdome/1.0" "www.superior-dentistry.com"
52.3.146.92 - - [08/May/2016:03:51:42 -0700] "GET /services.html HTTP/1.1" 200 34139 "-" "Thumbtack-Thunderdome/1.0" "www.superior-dentistry.com"
52.3.146.92 - - [08/May/2016:03:51:43 -0700] "GET /firstvisit.html HTTP/1.1" 200 24044 "-" "Thumbtack-Thunderdome/1.0" "www.superior-dentistry.com"
52.3.146.92 - - [08/May/2016:03:51:44 -0700] "GET /Patient-Before-After-Gallery.html HTTP/1.1" 200 23787 "-" "Thumbtack-Thunderdome/1.0" "www.superior-dentistry.com"
52.3.146.92 - - [08/May/2016:03:51:46 -0700] "GET /blog.php HTTP/1.1" 200 107037 "-" "Thumbtack-Thunderdome/1.0" "www.superior-dentistry.com"
52.3.146.92 - - [08/May/2016:03:51:47 -0700] "GET /contact-us.html HTTP/1.1" 200 23728 "-" "Thumbtack-Thunderdome/1.0" "www.superior-dentistry.com"
52.3.146.92 - - [08/May/2016:03:51:48 -0700] "GET /Dentistry-Maryland-MD.html HTTP/1.1" 200 30875 "-" "Thumbtack-Thunderdome/1.0" "www.superior-dentistry.com"
52.3.146.92 - - [08/May/2016:03:51:49 -0700] "GET /testimonials.html HTTP/1.1" 200 24785 "-" "Thumbtack-Thunderdome/1.0" "www.superior-dentistry.com"
52.3.146.92 - - [08/May/2016:03:51:50 -0700] "GET /testimonial.html HTTP/1.1" 404 89 "-" "Thumbtack-Thunderdome/1.0" "www.superior-dentistry.com"
52.3.146.92 - - [08/May/2016:03:51:52 -0700] "GET / HTTP/1.1" 200 38900 "-" "Thumbtack-Thunderdome/1.0" "www.superior-dentistry.com"
52.3.146.92 - - [08/May/2016:03:51:53 -0700] "GET /Dentist-Bowie-MD/Dental-Implants-Maryland-MD.html HTTP/1.1" 200 32074 "-" "Thumbtack-Thunderdome/1.0" "www.superior-dentistry.com"
52.3.146.92 - - [08/May/2016:03:51:54 -0700] "GET /Dentists-Bowie-MD.html HTTP/1.1" 200 27344 "-" "Thumbtack-Thunderdome/1.0" "www.superior-dentistry.com"
52.3.146.92 - - [08/May/2016:03:51:55 -0700] "GET /Dental-Links.html HTTP/1.1" 200 27799 "-" "Thumbtack-Thunderdome/1.0" "www.superior-dentistry.com"
52.3.146.92 - - [08/May/2016:03:51:58 -0700] "GET /wisdom-teeth.html HTTP/1.1" 404 89 "-" "Thumbtack-Thunderdome/1.0" "www.superior-dentistry.com"
52.3.146.92 - - [08/May/2016:03:52:00 -0700] "GET /orthognathic-jaw-surgery.html HTTP/1.1" 404 89 "-" "Thumbtack-Thunderdome/1.0" "www.superior-dentistry.com"
52.3.146.92 - - [08/May/2016:03:52:02 -0700] "GET /tmj-disorder.html HTTP/1.1" 404 89 "-" "Thumbtack-Thunderdome/1.0" "www.superior-dentistry.com"
52.3.146.92 - - [08/May/2016:03:52:03 -0700] "GET /services.php HTTP/1.1" 200 73 "-" "Thumbtack-Thunderdome/1.0" "www.superior-dentistry.com"
52.3.146.92 - - [08/May/2016:03:52:04 -0700] "GET /contact-us.php HTTP/1.1" 200 73 "-" "Thumbtack-Thunderdome/1.0" "www.superior-dentistry.com"
52.3.146.92 - - [08/May/2016:03:52:05 -0700] "GET /meet-staff.php HTTP/1.1" 200 73 "-" "Thumbtack-Thunderdome/1.0" "www.superior-dentistry.com"
52.3.146.92 - - [08/May/2016:03:52:06 -0700] "GET /Dentist-Bowie-MD/Tooth-Extractions-Maryland-MD.html HTTP/1.1" 200 31634 "-" "Thumbtack-Thunderdome/1.0" "www.superior-dentistry.com"
52.3.146.92 - - [08/May/2016:03:52:08 -0700] "GET /Dentist-Bowie-MD/Periodontal-Services-Maryland-MD.html HTTP/1.1" 200 25411 "-" "Thumbtack-Thunderdome/1.0" "www.superior-dentistry.com"[0]
52.3.146.92 - - [08/May/2016:03:52:09 -0700] "GET /firstvisit.php HTTP/1.1" 200 73 "-" "Thumbtack-Thunderdome/1.0" "www.superior-dentistry.com"
40.77.167.90 - - [08/May/2016:04:00:11 -0700] "GET /Bowie-Dentists/testimonials.html HTTP/1.1" 404 89 "-" "Mozilla/5.0 (compatible; bingbot/2.0; +http://www.bing.com/bingbot.htm)" "www.superior-dentistry.com"
40.77.167.90 - - [08/May/2016:04:46:17 -0700] "GET /Dentist-Bowie-MD/Periodontal-Services-Maryland-MD.html HTTP/1.1" 200 25411 "-" "Mozilla/5.0 (compatible; bingbot/2.0; +http://www.bing.com/bingbot.htm)" "www.superior-dentistry.com"
198.16.7.150 - - [08/May/2016:05:08:52 -0700] "GET / HTTP/1.1" 200 38900 "-" "FreeWebMonitoring SiteChecker/0.2 (+http://www.freewebmonitoring.com/bot.html)" "www.superior-dentistry.com"
198.16.7.150 - - [08/May/2016:06:09:48 -0700] "GET / HTTP/1.1" 200 38900 "-" "FreeWebMonitoring SiteChecker/0.2 (+http://www.freewebmonitoring.com/bot.html)" "www.superior-dentistry.com"
198.16.7.150 - - [08/May/2016:07:12:23 -0700] "GET / HTTP/1.1" 200 38900 "-" "FreeWebMonitoring SiteChecker/0.2 (+http://www.freewebmonitoring.com/bot.html)" "www.superior-dentistry.com"
107.170.42.238 - - [08/May/2016:07:30:31 -0700] "GET /robots.txt HTTP/1.1" 200 49 "-" "Mozilla/5.0 (compatible; spbot/5.0.1; +http://OpenLinkProfiler.org/bot )" "superior-dentistry.com"
107.170.42.238 - - [08/May/2016:07:31:02 -0700] "GET /meet-staff.php HTTP/1.1" 200 73 "http://www.superior-dentistry.com/blog.php" "Mozilla/5.0 (compatible; spbot/5.0.1; +http://OpenLinkProfiler.org/bot )" "www.superior-dentistry.com"
107.170.42.238 - - [08/May/2016:07:31:07 -0700] "GET /contact-us.html HTTP/1.1" 200 23728 "http://www.superior-dentistry.com/" "Mozilla/5.0 (compatible; spbot/5.0.1; +http://OpenLinkProfiler.org/bot )" "www.superior-dentistry.com"
107.170.42.238 - - [08/May/2016:07:31:12 -0700] "GET /meet-staff.html HTTP/1.1" 200 22168 "http://www.superior-dentistry.com/" "Mozilla/5.0 (compatible; spbot/5.0.1; +http://OpenLinkProfiler.org/bot )" "www.superior-dentistry.com"
107.170.42.238 - - [08/May/2016:07:31:17 -0700] "GET /firstvisit.html HTTP/1.1" 200 24044 "http://www.superior-dentistry.com/" "Mozilla/5.0 (compatible; spbot/5.0.1; +http://OpenLinkProfiler.org/bot )" "www.superior-dentistry.com"
107.170.42.238 - - [08/May/2016:07:31:26 -0700] "GET /testimonials.html HTTP/1.1" 200 24785 "http://www.superior-dentistry.com/" "Mozilla/5.0 (compatible; spbot/5.0.1; +http://OpenLinkProfiler.org/bot )" "www.superior-dentistry.com"[0]
107.170.42.238 - - [08/May/2016:07:31:32 -0700] "GET /Dentists-Bowie-MD.html HTTP/1.1" 200 27344 "http://www.superior-dentistry.com/" "Mozilla/5.0 (compatible; spbot/5.0.1; +http://OpenLinkProfiler.org/bot )" "www.superior-dentistry.com"
107.170.42.238 - - [08/May/2016:07:31:37 -0700] "GET /Dental-LinkExchange.html HTTP/1.1" 200 24959 "http://www.superior-dentistry.com/" "Mozilla/5.0 (compatible; spbot/5.0.1; +http://OpenLinkProfiler.org/bot )" "www.superior-dentistry.com"
107.170.42.238 - - [08/May/2016:07:31:42 -0700] "GET /Dental-Sites-We-Like.html HTTP/1.1" 200 41846 "http://www.superior-dentistry.com/" "Mozilla/5.0 (compatible; spbot/5.0.1; +http://OpenLinkProfiler.org/bot )" "www.superior-dentistry.com"
107.170.42.238 - - [08/May/2016:07:31:47 -0700] "GET /Dentistry-Maryland-MD.html HTTP/1.1" 200 30875 "http://www.superior-dentistry.com/" "Mozilla/5.0 (compatible; spbot/5.0.1; +http://OpenLinkProfiler.org/bot )" "www.superior-dentistry.com"
107.170.42.238 - - [08/May/2016:07:31:52 -0700] "GET /Patient-Before-After-Gallery.html HTTP/1.1" 200 23787 "http://www.superior-dentistry.com/" "Mozilla/5.0 (compatible; spbot/5.0.1; +http://OpenLinkProfiler.org/bot )" "www.superior-dentistry.com"
107.170.42.238 - - [08/May/2016:07:31:57 -0700] "GET /Bowie-Dentists/Periodontal-Therapy-Maryland.html HTTP/1.1" 404 89 "http://www.superior-dentistry.com/" "Mozilla/5.0 (compatible; spbot/5.0.1; +http://OpenLinkProfiler.org/bot )" "www.superior-dentistry.com"
107.170.42.238 - - [08/May/2016:07:32:07 -0700] "GET /Bowie-Dentists/blog.php HTTP/1.1" 200 416 "http://www.superior-dentistry.com/Bowie-Dentists/Childrens-Dentistry-Maryland.html" "Mozilla/5.0 (compatible; spbot/5.0.1; +http://OpenLinkProfiler.org/bot )" "www.superior-dentistry.com"
107.170.42.238 - - [08/May/2016:07:32:12 -0700] "GET /Bowie-Dentists/index.html HTTP/1.1" 404 89 "http://www.superior-dentistry.com/Bowie-Dentists/Childrens-Dentistry-Maryland.html" "Mozilla/5.0 (compatible; spbot/5.0.1; +http://OpenLinkProfiler.org/bot )" "www.superior-dentistry.com"
107.170.42.238 - - [08/May/2016:07:32:17 -0700] "GET /Bowie-Dentists/services.html HTTP/1.1" 404 89 "http://www.superior-dentistry.com/Bowie-Dentists/Childrens-Dentistry-Maryland.html" "Mozilla/5.0 (compatible; spbot/5.0.1; +http://OpenLinkProfiler.org/bot )" "www.superior-dentistry.com"
107.170.42.238 - - [08/May/2016:07:32:22 -0700] "GET /Bowie-Dentists/contact-us.html HTTP/1.1" 404 89 "http://www.superior-dentistry.com/Bowie-Dentists/Childrens-Dentistry-Maryland.html" "Mozilla/5.0 (compatible; spbot/5.0.1; +http://OpenLinkProfiler.org/bot )" "www.superior-dentistry.com"
107.170.42.238 - - [08/May/2016:07:32:27 -0700] "GET /Bowie-Dentists/firstvisit.html HTTP/1.1" 404 89 "http://www.superior-dentistry.com/Bowie-Dentists/Childrens-Dentistry-Maryland.html" "Mozilla/5.0 (compatible; spbot/5.0.1; +http://OpenLinkProfiler.org/bot )" "www.superior-dentistry.com"
107.170.42.238 - - [08/May/2016:07:32:37 -0700] "GET /Bowie-Dentists/testimonials.html HTTP/1.1" 404 89 "http://www.superior-dentistry.com/Bowie-Dentists/Childrens-Dentistry-Maryland.html" "Mozilla/5.0 (compatible; spbot/5.0.1; +http://OpenLinkProfiler.org/bot )" "www.superior-dentistry.com"
107.170.42.238 - - [08/May/2016:07:32:47 -0700] "GET /Bowie-Dentists/Patient-Before-After-Gallery.html HTTP/1.1" 404 89 "http://www.superior-dentistry.com/Bowie-Dentists/Childrens-Dentistry-Maryland.html" "Mozilla/5.0 (compatible; spbot/5.0.1; +http://OpenLinkProfiler.org/bot )" "www.superior-dentistry.com"
107.170.42.238 - - [08/May/2016:07:32:57 -0700] "GET /index.php HTTP/1.1" 200 73 "http://www.superior-dentistry.com/Dentist-Bowie-MD/Dental-Implants-Maryland-MD.html" "Mozilla/5.0 (compatible; spbot/5.0.1; +http://OpenLinkProfiler.org/bot )" "www.superior-dentistry.com"
178.137.83.178 - - [08/May/2016:07:47:06 -0700] "GET / HTTP/1.1" 200 38900 "http://www.mosrif.ru/produktsiya" "Mozilla/4.0 (compatible; MSIE 5.5; Windows NT 5.0; .NET CLR 1.1.4322)" "www.superior-dentistry.com"
178.137.83.178 - - [08/May/2016:07:47:07 -0700] "GET / HTTP/1.1" 200 38900 "http://www.mosrif.ru/produktsiya" "Mozilla/4.0 (compatible; MSIE 5.5; Windows NT 5.0; .NET CLR 1.1.4322)" "www.superior-dentistry.com"
178.137.83.178 - - [08/May/2016:07:47:07 -0700] "GET / HTTP/1.1" 200 38900 "http://www.mosrif.ru/produktsiya" "Mozilla/4.0 (compatible; MSIE 5.5; Windows NT 5.0; .NET CLR 1.1.4322)" "www.superior-dentistry.com"
141.8.143.182 - - [08/May/2016:07:53:29 -0700] "GET /Bowie-Dentists/Patient-Before-After-Gallery.html HTTP/1.1" 404 89 "-" "Mozilla/5.0 (compatible; YandexBot/3.0; +http://yandex.com/bots)" "www.superior-dentistry.com"
40.77.167.3 - - [08/May/2016:07:55:39 -0700] "GET /Patient-Before-After-Gallery.html HTTP/1.1" 200 23787 "-" "Mozilla/5.0 (compatible; bingbot/2.0; +http://www.bing.com/bingbot.htm)" "www.superior-dentistry.com"
198.16.7.150 - - [08/May/2016:08:13:14 -0700] "GET / HTTP/1.1" 200 38900 "-" "FreeWebMonitoring SiteChecker/0.2 (+http://www.freewebmonitoring.com/bot.html)" "www.superior-dentistry.com"
66.249.69.77 - - [08/May/2016:08:32:33 -0700] "GET /assets/flash/ZeroClipboard.swf?noCache=1462665600033&trustedOrigins=www.superior-dentistry.com%2C%2F%2Fwww.superior-dentistry.com%2Chttp%3A%2F%2Fwww.superior-dentistry.com HTTP/1.1" 404 89 "-" "Googlebot-Video/1.0" "www.superior-dentistry.com"
40.77.167.3 - - [08/May/2016:08:49:38 -0700] "GET /firstvisit.html HTTP/1.1" 200 24044 "-" "Mozilla/5.0 (compatible; bingbot/2.0; +http://www.bing.com/bingbot.htm)" "www.superior-dentistry.com"
40.77.167.90 - - [08/May/2016:08:55:48 -0700] "GET /robots.txt HTTP/1.1" 200 49 "-" "Mozilla/5.0 (compatible; bingbot/2.0; +http://www.bing.com/bingbot.htm)" "superior-dentistry.com"
198.16.7.150 - - [08/May/2016:09:14:25 -0700] "GET / HTTP/1.1" 200 38900 "-" "FreeWebMonitoring SiteChecker/0.2 (+http://www.freewebmonitoring.com/bot.html)" "www.superior-dentistry.com"
40.77.167.90 - - [08/May/2016:09:44:22 -0700] "GET /contact-us.php HTTP/1.1" 200 73 "-" "Mozilla/5.0 (compatible; bingbot/2.0; +http://www.bing.com/bingbot.htm)" "www.superior-dentistry.com"
40.77.167.90 - - [08/May/2016:09:44:22 -0700] "GET /Patient-Information-Form.pdf HTTP/1.1" 200 1498629 "-" "Mozilla/5.0 (compatible; bingbot/2.0; +http://www.bing.com/bingbot.htm)" "www.superior-dentistry.com"
52.3.146.92 - - [08/May/2016:09:46:53 -0700] "GET / HTTP/1.1" 200 38900 "-" "Thumbtack-Thunderdome/1.0" "www.superior-dentistry.com"
52.3.146.92 - - [08/May/2016:09:46:54 -0700] "GET /index.html HTTP/1.1" 200 38900 "-" "Thumbtack-Thunderdome/1.0" "www.superior-dentistry.com"[0]
52.3.146.92 - - [08/May/2016:09:46:56 -0700] "GET /meet-staff.html HTTP/1.1" 200 22168 "-" "Thumbtack-Thunderdome/1.0" "www.superior-dentistry.com"
173.252.90.107 - - [08/May/2016:09:47:07 -0700] "GET /images/care2.jpg HTTP/1.1" 404 89 "-" "facebookexternalhit/1.1 (+http://www.facebook.com/externalhit_uatext.php)" "www.superior-dentistry.com"
52.3.146.92 - - [08/May/2016:09:47:20 -0700] "GET /firstvisit.html HTTP/1.1" 200 24044 "-" "Thumbtack-Thunderdome/1.0" "www.superior-dentistry.com"
52.3.146.92 - - [08/May/2016:09:47:21 -0700] "GET /Patient-Before-After-Gallery.html HTTP/1.1" 200 23787 "-" "Thumbtack-Thunderdome/1.0" "www.superior-dentistry.com"
52.3.146.92 - - [08/May/2016:09:47:53 -0700] "GET /contact-us.html HTTP/1.1" 200 23728 "-" "Thumbtack-Thunderdome/1.0" "www.superior-dentistry.com"
52.3.146.92 - - [08/May/2016:09:47:54 -0700] "GET /Dentistry-Maryland-MD.html HTTP/1.1" 200 30875 "-" "Thumbtack-Thunderdome/1.0" "www.superior-dentistry.com"[0]
52.3.146.92 - - [08/May/2016:09:47:57 -0700] "GET /testimonial.html HTTP/1.1" 404 89 "-" "Thumbtack-Thunderdome/1.0" "www.superior-dentistry.com"
52.3.146.92 - - [08/May/2016:09:47:59 -0700] "GET /Dentists-Bowie-MD.html HTTP/1.1" 200 27344 "-" "Thumbtack-Thunderdome/1.0" "www.superior-dentistry.com"
52.3.146.92 - - [08/May/2016:09:48:00 -0700] "GET /Dental-Links.html HTTP/1.1" 200 27799 "-" "Thumbtack-Thunderdome/1.0" "www.superior-dentistry.com"
52.3.146.92 - - [08/May/2016:09:48:02 -0700] "GET /wisdom-teeth.html HTTP/1.1" 404 89 "-" "Thumbtack-Thunderdome/1.0" "www.superior-dentistry.com"
52.3.146.92 - - [08/May/2016:09:48:03 -0700] "GET /extractions.html HTTP/1.1" 404 89 "-" "Thumbtack-Thunderdome/1.0" "www.superior-dentistry.com"
52.3.146.92 - - [08/May/2016:09:48:04 -0700] "GET /orthognathic-jaw-surgery.html HTTP/1.1" 404 89 "-" "Thumbtack-Thunderdome/1.0" "www.superior-dentistry.com"
52.3.146.92 - - [08/May/2016:09:48:05 -0700] "GET /oral-pathology.html HTTP/1.1" 404 89 "-" "Thumbtack-Thunderdome/1.0" "www.superior-dentistry.com"
52.3.146.92 - - [08/May/2016:09:48:06 -0700] "GET /tmj-disorder.html HTTP/1.1" 404 89 "-" "Thumbtack-Thunderdome/1.0" "www.superior-dentistry.com"[0]
52.3.146.92 - - [08/May/2016:09:48:07 -0700] "GET /services.php HTTP/1.1" 200 73 "-" "Thumbtack-Thunderdome/1.0" "www.superior-dentistry.com"
52.3.146.92 - - [08/May/2016:09:48:10 -0700] "GET /index.php HTTP/1.1" 200 73 "-" "Thumbtack-Thunderdome/1.0" "www.superior-dentistry.com"
52.3.146.92 - - [08/May/2016:09:48:11 -0700] "GET /contact-us.php HTTP/1.1" 200 73 "-" "Thumbtack-Thunderdome/1.0" "www.superior-dentistry.com"
52.3.146.92 - - [08/May/2016:09:48:12 -0700] "GET /Dentist-Bowie-MD/Periodontal-Services-Maryland-MD.html HTTP/1.1" 200 25411 "-" "Thumbtack-Thunderdome/1.0" "www.superior-dentistry.com"
52.3.146.92 - - [08/May/2016:09:48:13 -0700] "GET /firstvisit.php HTTP/1.1" 200 73 "-" "Thumbtack-Thunderdome/1.0" "www.superior-dentistry.com"
178.137.83.178 - - [08/May/2016:09:53:29 -0700] "GET / HTTP/1.1" 200 38900 "http://touropia.ru/" "Opera/9.00 (Windows NT 5.1; U; en)" "www.superior-dentistry.com"
178.137.83.178 - - [08/May/2016:09:53:30 -0700] "GET / HTTP/1.1" 200 38900 "http://touropia.ru/" "Opera/9.00 (Windows NT 5.1; U; en)" "www.superior-dentistry.com"
198.16.7.150 - - [08/May/2016:10:16:31 -0700] "GET / HTTP/1.1" 200 38900 "-" "FreeWebMonitoring SiteChecker/0.2 (+http://www.freewebmonitoring.com/bot.html)" "www.superior-dentistry.com"
207.46.13.137 - - [08/May/2016:10:18:55 -0700] "GET /Dentist-Bowie-MD/Tooth-Extractions-Maryland-MD.html HTTP/1.1" 200 31634 "-" "Mozilla/5.0 (compatible; bingbot/2.0; +http://www.bing.com/bingbot.htm)" "www.superior-dentistry.com"
207.46.13.98 - - [08/May/2016:10:35:31 -0700] "GET /Bowie-Dentists/Periodontal-Therapy-Maryland.html HTTP/1.1" 404 89 "-" "Mozilla/5.0 (compatible; bingbot/2.0; +http://www.bing.com/bingbot.htm)" "www.superior-dentistry.com"
52.88.39.19 - - [08/May/2016:10:41:56 -0700] "GET / HTTP/1.1" 200 38900 "-" "Ruby" "www.superior-dentistry.com"
45.79.87.104 - - [08/May/2016:10:45:37 -0700] "HEAD / HTTP/1.1" 200 0 "http://uptime.com/superior-dentistry.com" "Mozilla/5.0 (compatible; Uptimebot/1.0; +http://www.uptime.com/uptimebot)" "superior-dentistry.com"
40.77.167.90 - - [08/May/2016:11:11:23 -0700] "GET / HTTP/1.1" 200 38900 "-" "Mozilla/5.0 (compatible; bingbot/2.0; +http://www.bing.com/bingbot.htm)" "superior-dentistry.com"
40.77.167.90 - - [08/May/2016:11:11:24 -0700] "GET /blog.php HTTP/1.1" 200 107037 "-" "Mozilla/5.0 (compatible; bingbot/2.0; +http://www.bing.com/bingbot.htm)" "superior-dentistry.com"
207.46.13.98 - - [08/May/2016:11:16:42 -0700] "GET /Dentists-Bowie-MD.html HTTP/1.1" 200 27344 "-" "Mozilla/5.0 (compatible; bingbot/2.0; +http://www.bing.com/bingbot.htm)" "www.superior-dentistry.com"
180.76.15.11 - - [08/May/2016:11:47:24 -0700] "GET /robots.txt HTTP/1.1" 200 49 "-" "Mozilla/5.0 (Windows NT 5.1; rv:6.0.2) Gecko/20100101 Firefox/6.0.2" "superior-dentistry.com"
198.16.7.150 - - [08/May/2016:12:19:02 -0700] "GET / HTTP/1.1" 200 38900 "-" "FreeWebMonitoring SiteChecker/0.2 (+http://www.freewebmonitoring.com/bot.html)" "www.superior-dentistry.com"
62.210.75.243 - - [08/May/2016:12:28:21 -0700] "GET / HTTP/1.1" 200 38900 "-" "Mozilla/5.0 (X11; Linux x86_64) AppleWebKit/537.36 (KHTML, like Gecko) Chrome/28.0.1500.71 Safari/537.36" "www.superior-dentistry.com"
62.210.75.243 - - [08/May/2016:12:28:21 -0700] "GET /js/ie-emulation-modes-warning.js HTTP/1.1" 200 2132 "http://www.superior-dentistry.com/" "Mozilla/5.0 (X11; Linux x86_64) AppleWebKit/537.36 (KHTML, like Gecko) Chrome/28.0.1500.71 Safari/537.36" "www.superior-dentistry.com"
62.210.75.243 - - [08/May/2016:12:28:21 -0700] "GET /js/ie10-viewport-bug-workaround.js HTTP/1.1" 200 694 "http://www.superior-dentistry.com/" "Mozilla/5.0 (X11; Linux x86_64) AppleWebKit/537.36 (KHTML, like Gecko) Chrome/28.0.1500.71 Safari/537.36" "www.superior-dentistry.com"
62.210.75.243 - - [08/May/2016:12:28:21 -0700] "GET /js/docs.min.js HTTP/1.1" 200 43299 "http://www.superior-dentistry.com/" "Mozilla/5.0 (X11; Linux x86_64) AppleWebKit/537.36 (KHTML, like Gecko) Chrome/28.0.1500.71 Safari/537.36" "www.superior-dentistry.com"
207.46.13.137 - - [08/May/2016:12:43:52 -0700] "GET /Dentist-Bowie-MD/Tooth-Extractions-Maryland-MD.html HTTP/1.1" 200 31634 "-" "msnbot-media/1.1 (+http://search.msn.com/msnbot.htm)" "www.superior-dentistry.com"
40.77.167.90 - - [08/May/2016:12:45:58 -0700] "GET /Dentist-Bowie-MD/Periodontal-Services-Maryland-MD.html HTTP/1.1" 200 25411 "-" "Mozilla/5.0 (compatible; bingbot/2.0; +http://www.bing.com/bingbot.htm)" "www.superior-dentistry.com"[0]
62.210.152.84 - - [08/May/2016:12:46:06 -0700] "GET /administrator/index.php HTTP/1.1" 404 89 "-" "Mozilla/5.0 (Windows NT 6.1; Trident/7.0; rv:11.0) like Gecko" "www.superior-dentistry.com"
62.210.152.87 - - [08/May/2016:12:57:14 -0700] "GET /wp-login.php HTTP/1.1" 200 73 "-" "Mozilla/5.0 (Windows NT 6.1; Trident/7.0; rv:11.0) like Gecko" "www.superior-dentistry.com"
198.16.7.150 - - [08/May/2016:13:21:48 -0700] "GET / HTTP/1.1" 200 38900 "-" "FreeWebMonitoring SiteChecker/0.2 (+http://www.freewebmonitoring.com/bot.html)" "www.superior-dentistry.com"
180.76.15.149 - - [08/May/2016:13:57:18 -0700] "GET / HTTP/1.1" 200 38900 "-" "Mozilla/5.0 (compatible; Baiduspider/2.0; +http://www.baidu.com/search/spider.html)" "superior-dentistry.com"
180.76.15.143 - - [08/May/2016:13:57:19 -0700] "GET /js/ie-emulation-modes-warning.js HTTP/1.1" 200 2132 "http://superior-dentistry.com/" "Mozilla/5.0 (compatible; Baiduspider/2.0; +http://www.baidu.com/search/spider.html)" "superior-dentistry.com"
180.76.15.140 - - [08/May/2016:13:57:21 -0700] "GET /js/ie10-viewport-bug-workaround.js HTTP/1.1" 200 694 "http://superior-dentistry.com/" "Mozilla/5.0 (compatible; Baiduspider/2.0; +http://www.baidu.com/search/spider.html)" "superior-dentistry.com"
180.76.15.19 - - [08/May/2016:13:57:21 -0700] "GET /js/bootstrap.min.js HTTP/1.1" 200 35601 "http://superior-dentistry.com/" "Mozilla/5.0 (compatible; Baiduspider/2.0; +http://www.baidu.com/search/spider.html)" "superior-dentistry.com"
180.76.15.29 - - [08/May/2016:13:57:21 -0700] "GET /js/docs.min.js HTTP/1.1" 200 43299 "http://superior-dentistry.com/" "Mozilla/5.0 (compatible; Baiduspider/2.0; +http://www.baidu.com/search/spider.html)" "superior-dentistry.com"
40.77.167.29 - - [08/May/2016:14:37:04 -0700] "GET /Bowie-Dentists/Preventive-Dentistry-Maryland.html HTTP/1.1" 200 39411 "-" "Mozilla/5.0 (compatible; bingbot/2.0; +http://www.bing.com/bingbot.htm)" "www.superior-dentistry.com"
37.115.184.150 - - [08/May/2016:14:59:32 -0700] "GET / HTTP/1.1" 200 38900 "http://forum.tvmir.org/" "Opera/9.0 (Windows NT 5.1; U; en)" "www.superior-dentistry.com"
37.115.184.150 - - [08/May/2016:14:59:33 -0700] "GET / HTTP/1.1" 200 38900 "http://forum.tvmir.org/" "Opera/9.0 (Windows NT 5.1; U; en)" "www.superior-dentistry.com"
141.8.143.149 - - [08/May/2016:15:07:24 -0700] "GET /img/office-slider2.jpg HTTP/1.1" 200 148450 "-" "Mozilla/5.0 (compatible; YandexImages/3.0; +http://yandex.com/bots)" "www.superior-dentistry.com"
207.46.13.98 - - [08/May/2016:15:10:30 -0700] "GET /meet-staff.php HTTP/1.1" 200 73 "-" "Mozilla/5.0 (compatible; bingbot/2.0; +http://www.bing.com/bingbot.htm)" "www.superior-dentistry.com"
144.76.100.237 - - [08/May/2016:15:11:19 -0700] "GET /robots.txt HTTP/1.1" 200 49 "-" "Mozilla/5.0 (Windows; U; Windows NT 5.1; en-US; rv:1.8.1.6) Gecko/20070725 Firefox/2.0.0.6 - James BOT - WebCrawler http://cognitiveseo.com/bot.html" "www.superior-dentistry.com"[0]
180.76.15.163 - - [08/May/2016:15:15:54 -0700] "GET /Dental-LinkExchange.html HTTP/1.1" 200 24959 "-" "Mozilla/5.0 (compatible; Baiduspider/2.0; +http://www.baidu.com/search/spider.html)" "superior-dentistry.com"
198.16.7.150 - - [08/May/2016:15:24:07 -0700] "GET / HTTP/1.1" 200 38900 "-" "FreeWebMonitoring SiteChecker/0.2 (+http://www.freewebmonitoring.com/bot.html)" "www.superior-dentistry.com"
40.77.167.29 - - [08/May/2016:15:26:24 -0700] "GET /Dentist-Bowie-MD/images/?S=A HTTP/1.1" 404 89 "-" "Mozilla/5.0 (compatible; bingbot/2.0; +http://www.bing.com/bingbot.htm)" "www.superior-dentistry.com"
204.79.180.195 - - [08/May/2016:15:38:05 -0700] "GET /css/bootstrap.css HTTP/1.1" 200 138415 "http://www.superior-dentistry.com/Dentists-Bowie-MD.html" "Mozilla/5.0 (compatible; MSIE 9.0; Windows NT 6.0; Trident/5.0;  Trident/5.0)" "www.superior-dentistry.com"
204.79.180.201 - - [08/May/2016:15:38:05 -0700] "GET /css/font-awesome.css HTTP/1.1" 200 28747 "http://www.superior-dentistry.com/Dentists-Bowie-MD.html" "Mozilla/5.0 (compatible; MSIE 9.0; Windows NT 6.0; Trident/5.0;  Trident/5.0)" "www.superior-dentistry.com"
204.79.180.80 - - [08/May/2016:15:38:05 -0700] "GET /theme.css HTTP/1.1" 200 1926 "http://www.superior-dentistry.com/Dentists-Bowie-MD.html" "Mozilla/5.0 (compatible; MSIE 9.0; Windows NT 6.0; Trident/5.0;  Trident/5.0)" "www.superior-dentistry.com"
204.79.180.175 - - [08/May/2016:15:38:08 -0700] "GET /js/ie-emulation-modes-warning.js HTTP/1.1" 200 2132 "http://www.superior-dentistry.com/Dentists-Bowie-MD.html" "Mozilla/5.0 (compatible; MSIE 9.0; Windows NT 6.0; Trident/5.0;  Trident/5.0)" "www.superior-dentistry.com"
204.79.180.119 - - [08/May/2016:15:38:09 -0700] "GET /js/bootstrap.min.js HTTP/1.1" 200 35601 "http://www.superior-dentistry.com/Dentists-Bowie-MD.html" "Mozilla/5.0 (compatible; MSIE 9.0; Windows NT 6.0; Trident/5.0;  Trident/5.0)" "www.superior-dentistry.com"
204.79.180.215 - - [08/May/2016:15:38:09 -0700] "GET /js/docs.min.js HTTP/1.1" 200 43299 "http://www.superior-dentistry.com/Dentists-Bowie-MD.html" "Mozilla/5.0 (compatible; MSIE 9.0; Windows NT 6.0; Trident/5.0;  Trident/5.0)" "www.superior-dentistry.com"
204.79.180.220 - - [08/May/2016:15:38:09 -0700] "GET /js/ie10-viewport-bug-workaround.js HTTP/1.1" 200 694 "http://www.superior-dentistry.com/Dentists-Bowie-MD.html" "Mozilla/5.0 (compatible; MSIE 9.0; Windows NT 6.0; Trident/5.0;  Trident/5.0)" "www.superior-dentistry.com"
204.79.180.87 - - [08/May/2016:15:39:03 -0700] "GET /assets/flash/ZeroClipboard.swf?noCache=1462747091246 HTTP/1.1" 404 89 "http://www.superior-dentistry.com/Dentists-Bowie-MD.html" "Mozilla/5.0 (compatible; MSIE 9.0; Windows NT 6.0; Trident/5.0;  Trident/5.0)" "www.superior-dentistry.com"
180.76.15.156 - - [08/May/2016:15:49:23 -0700] "GET /Financial-And-Privacy-Policy.pdf HTTP/1.1" 200 617984 "-" "Mozilla/5.0 (compatible; Baiduspider/2.0; +http://www.baidu.com/search/spider.html)" "superior-dentistry.com"
40.77.167.29 - - [08/May/2016:15:56:50 -0700] "GET /robots.txt HTTP/1.1" 200 49 "-" "Mozilla/5.0 (compatible; bingbot/2.0; +http://www.bing.com/bingbot.htm)" "www.superior-dentistry.com"
40.77.167.29 - - [08/May/2016:15:56:57 -0700] "GET /Bowie-Dentists/Preventive-Dentistry-Maryland.html HTTP/1.1" 200 39411 "-" "Mozilla/5.0 (compatible; bingbot/2.0; +http://www.bing.com/bingbot.htm)" "www.superior-dentistry.com"
141.8.143.231 - - [08/May/2016:15:57:29 -0700] "GET /Bowie-Dentists/images/fb.png HTTP/1.1" 404 89 "-" "Mozilla/5.0 (compatible; YandexImages/3.0; +http://yandex.com/bots)" "www.superior-dentistry.com"
144.76.7.107 - - [08/May/2016:16:00:35 -0700] "GET /robots.txt HTTP/1.1" 200 49 "-" "Mozilla/5.0 (compatible; MJ12bot/v1.4.5; http://www.majestic12.co.uk/bot.php?+)" "superior-dentistry.com"
144.76.7.107 - - [08/May/2016:16:00:40 -0700] "GET /%E2%80%9Dhttp://www.nicedentist.com HTTP/1.1" 404 89 "-" "Mozilla/5.0 (compatible; MJ12bot/v1.4.5; http://www.majestic12.co.uk/bot.php?+)" "superior-dentistry.com"
141.8.143.215 - - [08/May/2016:16:21:45 -0700] "GET /img/dentures.jpg HTTP/1.1" 200 126240 "-" "Mozilla/5.0 (compatible; YandexImages/3.0; +http://yandex.com/bots)" "www.superior-dentistry.com"
195.154.185.20 - - [08/May/2016:16:32:55 -0700] "GET /contact-us.html HTTP/1.1" 200 23728 "-" "Mozilla/5.0 (compatible; MJ12bot/v1.4.5; http://www.majestic12.co.uk/bot.php?+)" "superior-dentistry.com"
195.154.185.20 - - [08/May/2016:16:32:59 -0700] "GET /firstvisit.html HTTP/1.1" 200 24044 "-" "Mozilla/5.0 (compatible; MJ12bot/v1.4.5; http://www.majestic12.co.uk/bot.php?+)" "superior-dentistry.com"
