198.16.7.150 - - [12/Aug/2016:18:34:04 -0700] "GET / HTTP/1.1" 200 38900 "-" "FreeWebMonitoring SiteChecker/0.2 (+http://www.freewebmonitoring.com/bot.html)" "www.superior-dentistry.com"
180.76.15.158 - - [12/Aug/2016:18:34:35 -0700] "GET /Financial-And-Privacy-Policy.pdf HTTP/1.1" 200 617984 "-" "Mozilla/5.0 (compatible; Baiduspider/2.0; +http://www.baidu.com/search/spider.html)" "www.superior-dentistry.com"
40.77.167.89 - - [12/Aug/2016:18:39:50 -0700] "GET /Bowie-Dentists-Sitemap.html HTTP/1.1" 200 28379 "-" "Mozilla/5.0 (compatible; bingbot/2.0; +http://www.bing.com/bingbot.htm)" "superior-dentistry.com"
51.255.65.3 - - [12/Aug/2016:19:09:08 -0700] "GET /Bowie-Dentists/firstvisit.html HTTP/1.1" 404 89 "-" "Mozilla/5.0 (compatible; AhrefsBot/5.1; +http://ahrefs.com/robot/)" "www.superior-dentistry.com"
54.242.164.91 - - [12/Aug/2016:19:14:52 -0700] "GET / HTTP/1.1" 200 38900 "-" "Mozilla/5.0 (X11; Linux x86_64)AppleWebKit/537.36 (KHTML, like Gecko)Chrome/43.0.2357.134 Safari/537.36http://notifyninja.com/monitoring" "superior-dentistry.com"
157.55.39.175 - - [12/Aug/2016:19:33:40 -0700] "GET /Dental-Sites-We-Like.html HTTP/1.1" 200 41846 "-" "msnbot-media/1.1 (+http://search.msn.com/msnbot.htm)" "www.superior-dentistry.com"
198.16.7.150 - - [12/Aug/2016:19:34:50 -0700] "GET / HTTP/1.1" 200 38900 "-" "FreeWebMonitoring SiteChecker/0.2 (+http://www.freewebmonitoring.com/bot.html)" "www.superior-dentistry.com"
54.242.164.91 - - [12/Aug/2016:20:16:06 -0700] "GET / HTTP/1.1" 200 38900 "-" "Mozilla/5.0 (X11; Linux x86_64)AppleWebKit/537.36 (KHTML, like Gecko)Chrome/43.0.2357.134 Safari/537.36http://notifyninja.com/monitoring" "superior-dentistry.com"
54.89.10.62 - - [12/Aug/2016:20:24:42 -0700] "GET /Dentist-Bowie-MD/Dental-Implants-Maryland-MD HTTP/1.1" 200 32074 "-" "Mozilla/5.0 (Macintosh; Intel Mac OS X 10.9; rv:28.0) Gecko/20100101 Firefox/28.0 (FlipboardProxy/1.1; +http://flipboard.com/browserproxy)" "www.superior-dentistry.com"
96.244.19.250 - - [12/Aug/2016:20:29:01 -0700] "GET / HTTP/1.1" 200 38900 "http://www.google.com/search?site=&source=hp&ei=1pOuV8ucBMGQmQGN3I3QDg&q=bowie+dentist&oq=bowie+de&gs_l=mobile-gws-hp.1.0.0l5.16007.23558.0.26798.14.10.2.5.5.0.191.1247.3j7.10.0....0...1c.1j4.64.mobile-gws-hp..0.14.1067.3..5j41j0i131k1j0i3k1j0i46k1j0i10k1j0i10i46k1j0i131i46k1.N3cYFSMqKyU" "Mozilla/5.0 (Linux; Android 6.0.1; SAMSUNG SM-N920V 4G Build/MMB29K) AppleWebKit/537.36 (KHTML, like Gecko) SamsungBrowser/4.0 Chrome/44.0.2403.133 Mobile Safari/537.36" "www.superior-dentistry.com"
96.244.19.250 - - [12/Aug/2016:20:29:01 -0700] "GET /theme.css HTTP/1.1" 200 1926 "http://www.superior-dentistry.com/" "Mozilla/5.0 (Linux; Android 6.0.1; SAMSUNG SM-N920V 4G Build/MMB29K) AppleWebKit/537.36 (KHTML, like Gecko) SamsungBrowser/4.0 Chrome/44.0.2403.133 Mobile Safari/537.36" "www.superior-dentistry.com"
96.244.19.250 - - [12/Aug/2016:20:29:01 -0700] "GET /css/font-awesome.css HTTP/1.1" 200 28747 "http://www.superior-dentistry.com/" "Mozilla/5.0 (Linux; Android 6.0.1; SAMSUNG SM-N920V 4G Build/MMB29K) AppleWebKit/537.36 (KHTML, like Gecko) SamsungBrowser/4.0 Chrome/44.0.2403.133 Mobile Safari/537.36" "www.superior-dentistry.com"
96.244.19.250 - - [12/Aug/2016:20:29:01 -0700] "GET /js/ie-emulation-modes-warning.js HTTP/1.1" 200 2132 "http://www.superior-dentistry.com/" "Mozilla/5.0 (Linux; Android 6.0.1; SAMSUNG SM-N920V 4G Build/MMB29K) AppleWebKit/537.36 (KHTML, like Gecko) SamsungBrowser/4.0 Chrome/44.0.2403.133 Mobile Safari/537.36" "www.superior-dentistry.com"
96.244.19.250 - - [12/Aug/2016:20:29:01 -0700] "GET /js/ie10-viewport-bug-workaround.js HTTP/1.1" 200 694 "http://www.superior-dentistry.com/" "Mozilla/5.0 (Linux; Android 6.0.1; SAMSUNG SM-N920V 4G Build/MMB29K) AppleWebKit/537.36 (KHTML, like Gecko) SamsungBrowser/4.0 Chrome/44.0.2403.133 Mobile Safari/537.36" "www.superior-dentistry.com"
96.244.19.250 - - [12/Aug/2016:20:29:01 -0700] "GET /js/bootstrap.min.js HTTP/1.1" 200 35601 "http://www.superior-dentistry.com/" "Mozilla/5.0 (Linux; Android 6.0.1; SAMSUNG SM-N920V 4G Build/MMB29K) AppleWebKit/537.36 (KHTML, like Gecko) SamsungBrowser/4.0 Chrome/44.0.2403.133 Mobile Safari/537.36" "www.superior-dentistry.com"
96.244.19.250 - - [12/Aug/2016:20:29:01 -0700] "GET /css/bootstrap-theme.css HTTP/1.1" 200 19156 "http://www.superior-dentistry.com/" "Mozilla/5.0 (Linux; Android 6.0.1; SAMSUNG SM-N920V 4G Build/MMB29K) AppleWebKit/537.36 (KHTML, like Gecko) SamsungBrowser/4.0 Chrome/44.0.2403.133 Mobile Safari/537.36" "www.superior-dentistry.com"
96.244.19.250 - - [12/Aug/2016:20:29:01 -0700] "GET /js/docs.min.js HTTP/1.1" 200 43299 "http://www.superior-dentistry.com/" "Mozilla/5.0 (Linux; Android 6.0.1; SAMSUNG SM-N920V 4G Build/MMB29K) AppleWebKit/537.36 (KHTML, like Gecko) SamsungBrowser/4.0 Chrome/44.0.2403.133 Mobile Safari/537.36" "www.superior-dentistry.com"
96.244.19.250 - - [12/Aug/2016:20:29:01 -0700] "GET /css/bootstrap.css HTTP/1.1" 200 138415 "http://www.superior-dentistry.com/" "Mozilla/5.0 (Linux; Android 6.0.1; SAMSUNG SM-N920V 4G Build/MMB29K) AppleWebKit/537.36 (KHTML, like Gecko) SamsungBrowser/4.0 Chrome/44.0.2403.133 Mobile Safari/537.36" "www.superior-dentistry.com"
96.244.19.250 - - [12/Aug/2016:20:29:01 -0700] "GET /img/offer-31-05-2014-whitening.jpg HTTP/1.1" 200 15686 "http://www.superior-dentistry.com/" "Mozilla/5.0 (Linux; Android 6.0.1; SAMSUNG SM-N920V 4G Build/MMB29K) AppleWebKit/537.36 (KHTML, like Gecko) SamsungBrowser/4.0 Chrome/44.0.2403.133 Mobile Safari/537.36" "www.superior-dentistry.com"
96.244.19.250 - - [12/Aug/2016:20:29:01 -0700] "GET /fonts/fontawesome-webfont.woff2?v=4.3.0 HTTP/1.1" 200 56780 "http://www.superior-dentistry.com/css/font-awesome.css" "Mozilla/5.0 (Linux; Android 6.0.1; SAMSUNG SM-N920V 4G Build/MMB29K) AppleWebKit/537.36 (KHTML, like Gecko) SamsungBrowser/4.0 Chrome/44.0.2403.133 Mobile Safari/537.36" "www.superior-dentistry.com"
96.244.19.250 - - [12/Aug/2016:20:29:01 -0700] "GET /img/offer-31-05-2014-sonicare-brush.jpg HTTP/1.1" 200 13165 "http://www.superior-dentistry.com/" "Mozilla/5.0 (Linux; Android 6.0.1; SAMSUNG SM-N920V 4G Build/MMB29K) AppleWebKit/537.36 (KHTML, like Gecko) SamsungBrowser/4.0 Chrome/44.0.2403.133 Mobile Safari/537.36" "www.superior-dentistry.com"
96.244.19.250 - - [12/Aug/2016:20:29:01 -0700] "GET /img/wisdom-teeth-extraction.jpg HTTP/1.1" 200 23758 "http://www.superior-dentistry.com/" "Mozilla/5.0 (Linux; Android 6.0.1; SAMSUNG SM-N920V 4G Build/MMB29K) AppleWebKit/537.36 (KHTML, like Gecko) SamsungBrowser/4.0 Chrome/44.0.2403.133 Mobile Safari/537.36" "www.superior-dentistry.com"
96.244.19.250 - - [12/Aug/2016:20:29:01 -0700] "GET /img/dental-implants.jpg HTTP/1.1" 200 22844 "http://www.superior-dentistry.com/" "Mozilla/5.0 (Linux; Android 6.0.1; SAMSUNG SM-N920V 4G Build/MMB29K) AppleWebKit/537.36 (KHTML, like Gecko) SamsungBrowser/4.0 Chrome/44.0.2403.133 Mobile Safari/537.36" "www.superior-dentistry.com"
96.244.19.250 - - [12/Aug/2016:20:29:01 -0700] "GET /img/jaw-surgery.jpg HTTP/1.1" 200 27058 "http://www.superior-dentistry.com/" "Mozilla/5.0 (Linux; Android 6.0.1; SAMSUNG SM-N920V 4G Build/MMB29K) AppleWebKit/537.36 (KHTML, like Gecko) SamsungBrowser/4.0 Chrome/44.0.2403.133 Mobile Safari/537.36" "www.superior-dentistry.com"[0]
96.244.19.250 - - [12/Aug/2016:20:29:01 -0700] "GET /img/tmj-trauma.jpg HTTP/1.1" 200 22488 "http://www.superior-dentistry.com/" "Mozilla/5.0 (Linux; Android 6.0.1; SAMSUNG SM-N920V 4G Build/MMB29K) AppleWebKit/537.36 (KHTML, like Gecko) SamsungBrowser/4.0 Chrome/44.0.2403.133 Mobile Safari/537.36" "www.superior-dentistry.com"
96.244.19.250 - - [12/Aug/2016:20:29:01 -0700] "GET /img/meetdr-ali.jpg HTTP/1.1" 200 60533 "http://www.superior-dentistry.com/" "Mozilla/5.0 (Linux; Android 6.0.1; SAMSUNG SM-N920V 4G Build/MMB29K) AppleWebKit/537.36 (KHTML, like Gecko) SamsungBrowser/4.0 Chrome/44.0.2403.133 Mobile Safari/537.36" "www.superior-dentistry.com"
96.244.19.250 - - [12/Aug/2016:20:29:01 -0700] "GET /img/meetdr-melika.jpg HTTP/1.1" 200 75968 "http://www.superior-dentistry.com/" "Mozilla/5.0 (Linux; Android 6.0.1; SAMSUNG SM-N920V 4G Build/MMB29K) AppleWebKit/537.36 (KHTML, like Gecko) SamsungBrowser/4.0 Chrome/44.0.2403.133 Mobile Safari/537.36" "www.superior-dentistry.com"
96.244.19.250 - - [12/Aug/2016:20:29:01 -0700] "GET /img/extraction.jpg HTTP/1.1" 200 30135 "http://www.superior-dentistry.com/" "Mozilla/5.0 (Linux; Android 6.0.1; SAMSUNG SM-N920V 4G Build/MMB29K) AppleWebKit/537.36 (KHTML, like Gecko) SamsungBrowser/4.0 Chrome/44.0.2403.133 Mobile Safari/537.36" "www.superior-dentistry.com"
96.244.19.250 - - [12/Aug/2016:20:29:01 -0700] "GET /img/logo.jpg HTTP/1.1" 200 139628 "http://www.superior-dentistry.com/" "Mozilla/5.0 (Linux; Android 6.0.1; SAMSUNG SM-N920V 4G Build/MMB29K) AppleWebKit/537.36 (KHTML, like Gecko) SamsungBrowser/4.0 Chrome/44.0.2403.133 Mobile Safari/537.36" "www.superior-dentistry.com"
96.244.19.250 - - [12/Aug/2016:20:29:01 -0700] "GET /img/oral-pathology.jpg HTTP/1.1" 200 33395 "http://www.superior-dentistry.com/" "Mozilla/5.0 (Linux; Android 6.0.1; SAMSUNG SM-N920V 4G Build/MMB29K) AppleWebKit/537.36 (KHTML, like Gecko) SamsungBrowser/4.0 Chrome/44.0.2403.133 Mobile Safari/537.36" "www.superior-dentistry.com"
96.244.19.250 - - [12/Aug/2016:20:29:01 -0700] "GET /img/patients-choice-winner-2015.png HTTP/1.1" 200 9818 "http://www.superior-dentistry.com/" "Mozilla/5.0 (Linux; Android 6.0.1; SAMSUNG SM-N920V 4G Build/MMB29K) AppleWebKit/537.36 (KHTML, like Gecko) SamsungBrowser/4.0 Chrome/44.0.2403.133 Mobile Safari/537.36" "www.superior-dentistry.com"
96.244.19.250 - - [12/Aug/2016:20:29:01 -0700] "GET /img/slider2.jpg HTTP/1.1" 200 345766 "http://www.superior-dentistry.com/" "Mozilla/5.0 (Linux; Android 6.0.1; SAMSUNG SM-N920V 4G Build/MMB29K) AppleWebKit/537.36 (KHTML, like Gecko) SamsungBrowser/4.0 Chrome/44.0.2403.133 Mobile Safari/537.36" "www.superior-dentistry.com"
96.244.19.250 - - [12/Aug/2016:20:29:01 -0700] "GET /img/slider3.jpg HTTP/1.1" 200 217901 "http://www.superior-dentistry.com/" "Mozilla/5.0 (Linux; Android 6.0.1; SAMSUNG SM-N920V 4G Build/MMB29K) AppleWebKit/537.36 (KHTML, like Gecko) SamsungBrowser/4.0 Chrome/44.0.2403.133 Mobile Safari/537.36" "www.superior-dentistry.com"
96.244.19.250 - - [12/Aug/2016:20:29:01 -0700] "GET /img/offer-31-05-2014-new-patient.jpg HTTP/1.1" 200 15365 "http://www.superior-dentistry.com/" "Mozilla/5.0 (Linux; Android 6.0.1; SAMSUNG SM-N920V 4G Build/MMB29K) AppleWebKit/537.36 (KHTML, like Gecko) SamsungBrowser/4.0 Chrome/44.0.2403.133 Mobile Safari/537.36" "www.superior-dentistry.com"
96.244.19.250 - - [12/Aug/2016:20:29:01 -0700] "GET /img/slider1.jpg HTTP/1.1" 200 268888 "http://www.superior-dentistry.com/" "Mozilla/5.0 (Linux; Android 6.0.1; SAMSUNG SM-N920V 4G Build/MMB29K) AppleWebKit/537.36 (KHTML, like Gecko) SamsungBrowser/4.0 Chrome/44.0.2403.133 Mobile Safari/537.36" "www.superior-dentistry.com"
96.244.19.250 - - [12/Aug/2016:20:29:02 -0700] "GET /img/zocdoc-apt.jpg HTTP/1.1" 200 79396 "http://www.superior-dentistry.com/" "Mozilla/5.0 (Linux; Android 6.0.1; SAMSUNG SM-N920V 4G Build/MMB29K) AppleWebKit/537.36 (KHTML, like Gecko) SamsungBrowser/4.0 Chrome/44.0.2403.133 Mobile Safari/537.36" "www.superior-dentistry.com"
96.244.19.250 - - [12/Aug/2016:20:29:03 -0700] "GET /favicon.ico HTTP/1.1" 200 688 "http://www.superior-dentistry.com/" "Mozilla/5.0 (Linux; Android 6.0.1; SAMSUNG SM-N920V 4G Build/MMB29K) AppleWebKit/537.36 (KHTML, like Gecko) SamsungBrowser/4.0 Chrome/44.0.2403.133 Mobile Safari/537.36" "www.superior-dentistry.com"
198.16.7.150 - - [12/Aug/2016:20:35:51 -0700] "GET / HTTP/1.1" 200 38900 "-" "FreeWebMonitoring SiteChecker/0.2 (+http://www.freewebmonitoring.com/bot.html)" "www.superior-dentistry.com"
96.244.19.250 - - [12/Aug/2016:20:52:57 -0700] "GET /meet-staff.html HTTP/1.1" 200 22168 "http://www.superior-dentistry.com/" "Mozilla/5.0 (Linux; Android 6.0.1; SAMSUNG SM-N920V 4G Build/MMB29K) AppleWebKit/537.36 (KHTML, like Gecko) SamsungBrowser/4.0 Chrome/44.0.2403.133 Mobile Safari/537.36" "www.superior-dentistry.com"
96.244.19.250 - - [12/Aug/2016:20:52:57 -0700] "GET /img/doctor-achievement.jpg HTTP/1.1" 200 200838 "http://www.superior-dentistry.com/meet-staff.html" "Mozilla/5.0 (Linux; Android 6.0.1; SAMSUNG SM-N920V 4G Build/MMB29K) AppleWebKit/537.36 (KHTML, like Gecko) SamsungBrowser/4.0 Chrome/44.0.2403.133 Mobile Safari/537.36" "www.superior-dentistry.com"
96.244.19.250 - - [12/Aug/2016:20:52:57 -0700] "GET /img/Dr-Melika.jpg HTTP/1.1" 200 28557 "http://www.superior-dentistry.com/meet-staff.html" "Mozilla/5.0 (Linux; Android 6.0.1; SAMSUNG SM-N920V 4G Build/MMB29K) AppleWebKit/537.36 (KHTML, like Gecko) SamsungBrowser/4.0 Chrome/44.0.2403.133 Mobile Safari/537.36" "www.superior-dentistry.com"
96.244.19.250 - - [12/Aug/2016:20:52:57 -0700] "GET /img/Dr-Ali-shatergholi.jpg HTTP/1.1" 200 17298 "http://www.superior-dentistry.com/meet-staff.html" "Mozilla/5.0 (Linux; Android 6.0.1; SAMSUNG SM-N920V 4G Build/MMB29K) AppleWebKit/537.36 (KHTML, like Gecko) SamsungBrowser/4.0 Chrome/44.0.2403.133 Mobile Safari/537.36" "www.superior-dentistry.com"
96.244.19.250 - - [12/Aug/2016:20:55:04 -0700] "GET /services.html HTTP/1.1" 200 34139 "http://www.superior-dentistry.com/index.html" "Mozilla/5.0 (Linux; Android 6.0.1; SAMSUNG SM-N920V 4G Build/MMB29K) AppleWebKit/537.36 (KHTML, like Gecko) SamsungBrowser/4.0 Chrome/44.0.2403.133 Mobile Safari/537.36" "www.superior-dentistry.com"
96.244.19.250 - - [12/Aug/2016:20:55:04 -0700] "GET /img/periodontalsurgery.jpg HTTP/1.1" 200 56963 "http://www.superior-dentistry.com/services.html" "Mozilla/5.0 (Linux; Android 6.0.1; SAMSUNG SM-N920V 4G Build/MMB29K) AppleWebKit/537.36 (KHTML, like Gecko) SamsungBrowser/4.0 Chrome/44.0.2403.133 Mobile Safari/537.36" "www.superior-dentistry.com"
96.244.19.250 - - [12/Aug/2016:20:55:04 -0700] "GET /img/dentures.jpg HTTP/1.1" 200 126240 "http://www.superior-dentistry.com/services.html" "Mozilla/5.0 (Linux; Android 6.0.1; SAMSUNG SM-N920V 4G Build/MMB29K) AppleWebKit/537.36 (KHTML, like Gecko) SamsungBrowser/4.0 Chrome/44.0.2403.133 Mobile Safari/537.36" "www.superior-dentistry.com"
54.242.164.91 - - [12/Aug/2016:21:17:33 -0700] "GET / HTTP/1.1" 200 38900 "-" "Mozilla/5.0 (X11; Linux x86_64)AppleWebKit/537.36 (KHTML, like Gecko)Chrome/43.0.2357.134 Safari/537.36http://notifyninja.com/monitoring" "superior-dentistry.com"
65.55.211.251 - - [12/Aug/2016:21:35:23 -0700] "GET /services.html HTTP/1.1" 200 34139 "-" "Mozilla/5.0 (compatible; MSIE 9.0; Windows NT 6.0; Trident/5.0;  Trident/5.0)" "www.superior-dentistry.com"
65.55.211.251 - - [12/Aug/2016:21:35:33 -0700] "GET /css/bootstrap.css HTTP/1.1" 200 138415 "http://www.superior-dentistry.com/services.html" "Mozilla/5.0 (compatible; MSIE 9.0; Windows NT 6.0; Trident/5.0;  Trident/5.0)" "www.superior-dentistry.com"
131.253.24.150 - - [12/Aug/2016:21:35:33 -0700] "GET /js/ie-emulation-modes-warning.js HTTP/1.1" 200 2132 "http://www.superior-dentistry.com/services.html" "Mozilla/5.0 (compatible; MSIE 9.0; Windows NT 6.0; Trident/5.0;  Trident/5.0)" "www.superior-dentistry.com"
65.55.212.76 - - [12/Aug/2016:21:35:51 -0700] "GET /js/ie10-viewport-bug-workaround.js HTTP/1.1" 200 694 "http://www.superior-dentistry.com/services.html" "Mozilla/5.0 (compatible; MSIE 9.0; Windows NT 6.0; Trident/5.0;  Trident/5.0)" "www.superior-dentistry.com"
108.45.171.97 - - [12/Aug/2016:21:41:02 -0700] "GET /theme.css HTTP/1.1" 200 1926 "http://www.superior-dentistry.com/" "Mozilla/5.0 (Macintosh; Intel Mac OS X 10_10_5) AppleWebKit/601.7.7 (KHTML, like Gecko) Version/9.1.2 Safari/601.7.7" "www.superior-dentistry.com"
108.45.171.97 - - [12/Aug/2016:21:41:03 -0700] "GET /js/docs.min.js HTTP/1.1" 200 43299 "http://www.superior-dentistry.com/" "Mozilla/5.0 (Macintosh; Intel Mac OS X 10_10_5) AppleWebKit/601.7.7 (KHTML, like Gecko) Version/9.1.2 Safari/601.7.7" "www.superior-dentistry.com"
108.45.171.97 - - [12/Aug/2016:21:41:03 -0700] "GET /img/jaw-surgery.jpg HTTP/1.1" 200 27058 "http://www.superior-dentistry.com/" "Mozilla/5.0 (Macintosh; Intel Mac OS X 10_10_5) AppleWebKit/601.7.7 (KHTML, like Gecko) Version/9.1.2 Safari/601.7.7" "www.superior-dentistry.com"[0]
108.45.171.97 - - [12/Aug/2016:21:41:03 -0700] "GET /fonts/fontawesome-webfont.woff?v=4.3.0 HTTP/1.1" 200 71508 "http://www.superior-dentistry.com/" "Mozilla/5.0 (Macintosh; Intel Mac OS X 10_10_5) AppleWebKit/601.7.7 (KHTML, like Gecko) Version/9.1.2 Safari/601.7.7" "www.superior-dentistry.com"
108.45.171.97 - - [12/Aug/2016:21:41:03 -0700] "GET /img/meetdr-ali.jpg HTTP/1.1" 200 60533 "http://www.superior-dentistry.com/" "Mozilla/5.0 (Macintosh; Intel Mac OS X 10_10_5) AppleWebKit/601.7.7 (KHTML, like Gecko) Version/9.1.2 Safari/601.7.7" "www.superior-dentistry.com"
108.45.171.97 - - [12/Aug/2016:21:41:03 -0700] "GET /img/offer-31-05-2014-sonicare-brush.jpg HTTP/1.1" 200 13165 "http://www.superior-dentistry.com/" "Mozilla/5.0 (Macintosh; Intel Mac OS X 10_10_5) AppleWebKit/601.7.7 (KHTML, like Gecko) Version/9.1.2 Safari/601.7.7" "www.superior-dentistry.com"
108.45.171.97 - - [12/Aug/2016:21:41:03 -0700] "GET /img/slider2.jpg HTTP/1.1" 200 345766 "http://www.superior-dentistry.com/" "Mozilla/5.0 (Macintosh; Intel Mac OS X 10_10_5) AppleWebKit/601.7.7 (KHTML, like Gecko) Version/9.1.2 Safari/601.7.7" "www.superior-dentistry.com"
108.45.171.97 - - [12/Aug/2016:21:41:03 -0700] "GET /img/slider3.jpg HTTP/1.1" 200 217901 "http://www.superior-dentistry.com/" "Mozilla/5.0 (Macintosh; Intel Mac OS X 10_10_5) AppleWebKit/601.7.7 (KHTML, like Gecko) Version/9.1.2 Safari/601.7.7" "www.superior-dentistry.com"
108.45.171.97 - - [12/Aug/2016:21:41:03 -0700] "GET /img/zocdoc-apt.jpg HTTP/1.1" 200 79396 "http://www.superior-dentistry.com/" "Mozilla/5.0 (Macintosh; Intel Mac OS X 10_10_5) AppleWebKit/601.7.7 (KHTML, like Gecko) Version/9.1.2 Safari/601.7.7" "www.superior-dentistry.com"
54.236.1.67 - - [12/Aug/2016:21:54:41 -0700] "GET /favicon.ico HTTP/1.1" 200 688 "-" "Pinterest/0.2 (+http://www.pinterest.com/)" "www.superior-dentistry.com"
172.73.8.130 - - [12/Aug/2016:21:56:22 -0700] "GET / HTTP/1.1" 200 38900 "-" "Mozilla/5.0 (Windows NT 6.3; WOW64) AppleWebKit/537.36 (KHTML, like Gecko) Chrome/34.0.1847.137 Safari/537.36" "superior-dentistry.com"
54.242.164.91 - - [12/Aug/2016:22:18:48 -0700] "GET / HTTP/1.1" 200 38900 "-" "Mozilla/5.0 (X11; Linux x86_64)AppleWebKit/537.36 (KHTML, like Gecko)Chrome/43.0.2357.134 Safari/537.36http://notifyninja.com/monitoring" "superior-dentistry.com"
198.16.7.150 - - [12/Aug/2016:22:38:19 -0700] "GET / HTTP/1.1" 200 38900 "-" "FreeWebMonitoring SiteChecker/0.2 (+http://www.freewebmonitoring.com/bot.html)" "www.superior-dentistry.com"
173.252.90.101 - - [12/Aug/2016:23:33:29 -0700] "GET /images/care2.jpg HTTP/1.1" 404 89 "-" "facebookexternalhit/1.1 (+http://www.facebook.com/externalhit_uatext.php)" "www.superior-dentistry.com"
198.16.7.150 - - [12/Aug/2016:23:39:23 -0700] "GET / HTTP/1.1" 200 38900 "-" "FreeWebMonitoring SiteChecker/0.2 (+http://www.freewebmonitoring.com/bot.html)" "www.superior-dentistry.com"
54.242.164.91 - - [13/Aug/2016:00:21:35 -0700] "GET / HTTP/1.1" 200 38900 "-" "Mozilla/5.0 (X11; Linux x86_64)AppleWebKit/537.36 (KHTML, like Gecko)Chrome/43.0.2357.134 Safari/537.36http://notifyninja.com/monitoring" "superior-dentistry.com"
40.77.167.89 - - [13/Aug/2016:00:33:54 -0700] "GET /robots.txt HTTP/1.1" 200 49 "-" "Mozilla/5.0 (compatible; bingbot/2.0; +http://www.bing.com/bingbot.htm)" "www.superior-dentistry.com"
54.242.164.91 - - [13/Aug/2016:01:22:55 -0700] "GET / HTTP/1.1" 200 38900 "-" "Mozilla/5.0 (X11; Linux x86_64)AppleWebKit/537.36 (KHTML, like Gecko)Chrome/43.0.2357.134 Safari/537.36http://notifyninja.com/monitoring" "superior-dentistry.com"
141.8.143.176 - - [13/Aug/2016:01:50:27 -0700] "GET /Dentists-Bowie-MD.html HTTP/1.1" 200 27344 "-" "Mozilla/5.0 (compatible; YandexBot/3.0; +http://yandex.com/bots)" "www.superior-dentistry.com"
220.181.51.110 - - [13/Aug/2016:01:52:24 -0700] "GET /robots.txt HTTP/1.1" 200 49 "-" "Mozilla/5.0 (Windows NT 10.0; WOW64) AppleWebKit/537.36 (KHTML, like Gecko) Chrome/45.0.2454.93 Safari/537.36" "www.superior-dentistry.com"
198.16.7.150 - - [13/Aug/2016:02:43:12 -0700] "GET / HTTP/1.1" 200 38900 "-" "FreeWebMonitoring SiteChecker/0.2 (+http://www.freewebmonitoring.com/bot.html)" "www.superior-dentistry.com"
54.242.164.91 - - [13/Aug/2016:03:25:07 -0700] "GET / HTTP/1.1" 200 38900 "-" "Mozilla/5.0 (X11; Linux x86_64)AppleWebKit/537.36 (KHTML, like Gecko)Chrome/43.0.2357.134 Safari/537.36http://notifyninja.com/monitoring" "superior-dentistry.com"
180.76.15.31 - - [13/Aug/2016:03:30:42 -0700] "GET / HTTP/1.1" 200 38900 "-" "Mozilla/5.0 (Windows NT 10.0; WOW64) AppleWebKit/537.36 (KHTML, like Gecko) Chrome/45.0.2454.93 Safari/537.36" "superior-dentistry.com"
180.76.15.5 - - [13/Aug/2016:03:30:43 -0700] "GET /js/ie-emulation-modes-warning.js HTTP/1.1" 200 2132 "http://superior-dentistry.com/" "Mozilla/5.0 (Windows NT 10.0; WOW64) AppleWebKit/537.36 (KHTML, like Gecko) Chrome/45.0.2454.93 Safari/537.36" "superior-dentistry.com"
180.76.15.144 - - [13/Aug/2016:03:30:46 -0700] "GET /js/docs.min.js HTTP/1.1" 200 43299 "http://superior-dentistry.com/" "Mozilla/5.0 (Windows NT 10.0; WOW64) AppleWebKit/537.36 (KHTML, like Gecko) Chrome/45.0.2454.93 Safari/537.36" "superior-dentistry.com"
198.16.7.150 - - [13/Aug/2016:03:44:09 -0700] "GET / HTTP/1.1" 200 38900 "-" "FreeWebMonitoring SiteChecker/0.2 (+http://www.freewebmonitoring.com/bot.html)" "www.superior-dentistry.com"
46.119.118.165 - - [13/Aug/2016:03:46:59 -0700] "GET / HTTP/1.1" 200 38900 "http://penza.xrus.org/" "Opera/8.00 (Windows NT 5.1; U; en)" "www.superior-dentistry.com"
46.119.118.165 - - [13/Aug/2016:03:47:00 -0700] "GET / HTTP/1.1" 200 38900 "http://penza.xrus.org/" "Opera/8.00 (Windows NT 5.1; U; en)" "www.superior-dentistry.com"
46.119.118.165 - - [13/Aug/2016:03:47:01 -0700] "GET / HTTP/1.1" 200 38900 "http://penza.xrus.org/" "Opera/8.00 (Windows NT 5.1; U; en)" "www.superior-dentistry.com"
180.76.15.142 - - [13/Aug/2016:03:54:37 -0700] "GET /Dentist-Bowie-MD/blog.php HTTP/1.1" 200 416 "-" "Mozilla/5.0 (compatible; Baiduspider/2.0; +http://www.baidu.com/search/spider.html)" "www.superior-dentistry.com"
109.230.214.158 - - [13/Aug/2016:04:00:43 -0700] "GET /Dentist-Bowie-MD/Dental-Implants-Maryland-MD.html HTTP/1.1" 200 32074 "-" "Mozilla/5.0 (Windows NT 10.0; Win64; x64) AppleWebKit/537.36 (KHTML, like Gecko) Chrome/43.0.2351.3 Safari/537.36 Edge/12.0" "www.superior-dentistry.com"
194.109.153.18 - - [13/Aug/2016:04:04:58 -0700] "GET /contact-us.html HTTP/1.1" 200 23728 "-" "Mozilla/5.0  X11; Linux x86_64  AppleWebKit/537.36  (KHTML, like Gecko)  Chrome/43.0.2357.125  Safari/537.36" "www.superior-dentistry.com"
194.109.153.18 - - [13/Aug/2016:04:05:00 -0700] "GET / HTTP/1.1" 403 255 "-" "Mozilla/5.0  X11; Linux x86_64  AppleWebKit/537.36  (KHTML, like Gecko)  Chrome/43.0.2357.125  Safari/537.36" "www.superior-dentistry.com"
194.109.153.18 - - [13/Aug/2016:04:05:01 -0700] "GET / HTTP/1.1" 200 38900 "-" "Mozilla/5.0  X11; Linux x86_64  AppleWebKit/537.36  (KHTML, like Gecko)  Chrome/43.0.2357.125  Safari/537.36" "superior-dentistry.com"
194.109.153.18 - - [13/Aug/2016:04:05:02 -0700] "GET /contact-us.html HTTP/1.1" 200 23728 "-" "Mozilla/5.0  X11; Linux x86_64  AppleWebKit/537.36  (KHTML, like Gecko)  Chrome/43.0.2357.125  Safari/537.36" "superior-dentistry.com"
54.242.164.91 - - [13/Aug/2016:04:26:19 -0700] "GET / HTTP/1.1" 200 38900 "-" "Mozilla/5.0 (X11; Linux x86_64)AppleWebKit/537.36 (KHTML, like Gecko)Chrome/43.0.2357.134 Safari/537.36http://notifyninja.com/monitoring" "superior-dentistry.com"
180.76.15.18 - - [13/Aug/2016:04:27:27 -0700] "GET /Dentist-Bowie-MD/BingSiteAuth.xml HTTP/1.1" 200 85 "-" "Mozilla/5.0 (compatible; Baiduspider/2.0; +http://www.baidu.com/search/spider.html)" "www.superior-dentistry.com"
109.230.214.151 - - [13/Aug/2016:04:41:24 -0700] "GET /Patient-Before-After-Gallery.html HTTP/1.1" 200 23825 "-" "Mozilla/5.0 (Windows NT 10.0; Win64; x64) AppleWebKit/537.36 (KHTML, like Gecko) Chrome/43.0.2351.3 Safari/537.36 Edge/12.0" "www.superior-dentistry.com"
198.16.7.150 - - [13/Aug/2016:04:44:41 -0700] "GET / HTTP/1.1" 200 38900 "-" "FreeWebMonitoring SiteChecker/0.2 (+http://www.freewebmonitoring.com/bot.html)" "www.superior-dentistry.com"
100.43.81.153 - - [13/Aug/2016:04:45:45 -0700] "GET /img/care3.jpg HTTP/1.1" 200 62411 "-" "Mozilla/5.0 (compatible; YandexImages/3.0; +http://yandex.com/bots)" "www.superior-dentistry.com"
142.4.218.236 - - [13/Aug/2016:04:48:20 -0700] "GET / HTTP/1.1" 200 38900 "-" "Mozilla/5.0 (compatible; Dataprovider/6.101; +https://www.dataprovider.com/)" "www.superior-dentistry.com"
142.4.218.236 - - [13/Aug/2016:04:48:26 -0700] "GET /robots.txt HTTP/1.1" 200 49 "-" "Mozilla/5.0 (compatible; Dataprovider/6.101; +https://www.dataprovider.com/)" "www.superior-dentistry.com"
142.4.218.236 - - [13/Aug/2016:04:48:26 -0700] "GET / HTTP/1.1" 200 38900 "-" "Mozilla/5.0 (compatible; Dataprovider/6.101; +https://www.dataprovider.com/)" "www.superior-dentistry.com"
142.4.218.236 - - [13/Aug/2016:04:48:28 -0700] "GET /contact-us.html HTTP/1.1" 200 23728 "-" "Mozilla/5.0 (compatible; Dataprovider/6.101; +https://www.dataprovider.com/)" "www.superior-dentistry.com"
142.4.218.236 - - [13/Aug/2016:04:48:29 -0700] "GET /Dental-Links.html HTTP/1.1" 200 27799 "-" "Mozilla/5.0 (compatible; Dataprovider/6.101; +https://www.dataprovider.com/)" "www.superior-dentistry.com"
142.4.218.236 - - [13/Aug/2016:04:48:30 -0700] "GET /Dentist-Bowie-MD/Tooth-Extractions-Maryland-MD.html HTTP/1.1" 200 31634 "-" "Mozilla/5.0 (compatible; Dataprovider/6.101; +https://www.dataprovider.com/)" "www.superior-dentistry.com"
142.4.218.236 - - [13/Aug/2016:04:48:31 -0700] "GET /Dentist-Bowie-MD/Periodontal-Services-Maryland-MD.html HTTP/1.1" 200 25411 "-" "Mozilla/5.0 (compatible; Dataprovider/6.101; +https://www.dataprovider.com/)" "www.superior-dentistry.com"
142.4.218.236 - - [13/Aug/2016:04:48:32 -0700] "GET /services.html HTTP/1.1" 200 34139 "-" "Mozilla/5.0 (compatible; Dataprovider/6.101; +https://www.dataprovider.com/)" "www.superior-dentistry.com"
142.4.218.236 - - [13/Aug/2016:04:48:34 -0700] "GET /Dentist-Bowie-MD/contact-us.html HTTP/1.1" 404 89 "-" "Mozilla/5.0 (compatible; Dataprovider/6.101; +https://www.dataprovider.com/)" "www.superior-dentistry.com"
142.4.218.236 - - [13/Aug/2016:04:48:35 -0700] "GET /Dentist-Bowie-MD/Dental-Links.html HTTP/1.1" 404 89 "-" "Mozilla/5.0 (compatible; Dataprovider/6.101; +https://www.dataprovider.com/)" "www.superior-dentistry.com"
142.4.218.236 - - [13/Aug/2016:04:48:38 -0700] "GET /Patient-Before-After-Gallery.html HTTP/1.1" 200 23825 "-" "Mozilla/5.0 (compatible; Dataprovider/6.101; +https://www.dataprovider.com/)" "www.superior-dentistry.com"
142.4.218.236 - - [13/Aug/2016:04:48:49 -0700] "GET /Dental-Sites-We-Like.html HTTP/1.1" 200 41846 "-" "Mozilla/5.0 (compatible; Dataprovider/6.101; +https://www.dataprovider.com/)" "www.superior-dentistry.com"
142.4.218.236 - - [13/Aug/2016:04:48:50 -0700] "GET /meet-staff.html HTTP/1.1" 200 22168 "-" "Mozilla/5.0 (compatible; Dataprovider/6.101; +https://www.dataprovider.com/)" "www.superior-dentistry.com"
54.83.30.143 - - [13/Aug/2016:04:54:54 -0700] "HEAD / HTTP/1.1" 200 0 "-" "Mozilla/5.0 (Windows; U; Windows NT 5.1; en-US; rv:1.7.5) Gecko/20041107 Firefox/1.0" "superior-dentistry.com"
54.83.30.143 - - [13/Aug/2016:04:54:54 -0700] "GET / HTTP/1.1" 200 38900 "-" "Mozilla/5.0 (Windows; U; Windows NT 5.1; en-US; rv:1.7.5) Gecko/20041107 Firefox/1.0" "superior-dentistry.com"
54.83.30.143 - - [13/Aug/2016:04:54:54 -0700] "GET /robots.txt HTTP/1.1" 200 49 "-" "Mozilla/5.0 (compatible; MSIE 9.0; Windows NT 6.1; WOW64; Trident/5.0)" "superior-dentistry.com"
111.13.13.4 - - [13/Aug/2016:05:31:33 -0700] "GET /Bowie-Dentists/images/care5.jpg HTTP/1.1" 404 89 "http://www.superior-dentistry.com/" "Mozilla/5.0 (compatible; MSIE 9.0; Windows NT 6.1; Win64; x64; Trident/5.0; .NET CLR 2.0.50727; SLCC2; .NET CLR 3.5.30729; .NET CLR 3.0.30729; Media Center PC 6.0; InfoPath.3; .NET4.0C; Tablet PC 2.0; .NET4.0E)" "www.superior-dentistry.com"
180.76.14.8 - - [13/Aug/2016:05:31:33 -0700] "GET /Bowie-Dentists/images/offer-31-05-2014-whitening.jpg HTTP/1.1" 404 89 "http://www.superior-dentistry.com/" "Mozilla/5.0 (compatible; MSIE 9.0; Windows NT 6.1; Win64; x64; Trident/5.0; .NET CLR 2.0.50727; SLCC2; .NET CLR 3.5.30729; .NET CLR 3.0.30729; Media Center PC 6.0; InfoPath.3; .NET4.0C; Tablet PC 2.0; .NET4.0E)" "www.superior-dentistry.com"
180.76.14.11 - - [13/Aug/2016:05:31:33 -0700] "GET /Bowie-Dentists/images/mainimg3.jpg HTTP/1.1" 404 89 "http://www.superior-dentistry.com/" "Mozilla/5.0 (compatible; MSIE 9.0; Windows NT 6.1; Win64; x64; Trident/5.0; .NET CLR 2.0.50727; SLCC2; .NET CLR 3.5.30729; .NET CLR 3.0.30729; Media Center PC 6.0; InfoPath.3; .NET4.0C; Tablet PC 2.0; .NET4.0E)" "www.superior-dentistry.com"
180.97.35.21 - - [13/Aug/2016:05:31:33 -0700] "GET /Bowie-Dentists/images/offer-31-05-2014-new-patient.jpg HTTP/1.1" 404 89 "http://www.superior-dentistry.com/" "Mozilla/5.0 (compatible; MSIE 9.0; Windows NT 6.1; Win64; x64; Trident/5.0; .NET CLR 2.0.50727; SLCC2; .NET CLR 3.5.30729; .NET CLR 3.0.30729; Media Center PC 6.0; InfoPath.3; .NET4.0C; Tablet PC 2.0; .NET4.0E)" "www.superior-dentistry.com"
111.13.13.3 - - [13/Aug/2016:05:31:33 -0700] "GET /Bowie-Dentists/images/fb.png HTTP/1.1" 404 89 "http://www.superior-dentistry.com/" "Mozilla/5.0 (compatible; MSIE 9.0; Windows NT 6.1; Win64; x64; Trident/5.0; .NET CLR 2.0.50727; SLCC2; .NET CLR 3.5.30729; .NET CLR 3.0.30729; Media Center PC 6.0; InfoPath.3; .NET4.0C; Tablet PC 2.0; .NET4.0E)" "www.superior-dentistry.com"
180.76.14.133 - - [13/Aug/2016:05:31:33 -0700] "GET /Bowie-Dentists/images/meetdr1.png HTTP/1.1" 404 89 "http://www.superior-dentistry.com/" "Mozilla/5.0 (compatible; MSIE 9.0; Windows NT 6.1; Win64; x64; Trident/5.0; .NET CLR 2.0.50727; SLCC2; .NET CLR 3.5.30729; .NET CLR 3.0.30729; Media Center PC 6.0; InfoPath.3; .NET4.0C; Tablet PC 2.0; .NET4.0E)" "www.superior-dentistry.com"
180.97.35.36 - - [13/Aug/2016:05:31:33 -0700] "GET /Bowie-Dentists/images/Pinterest.png HTTP/1.1" 404 89 "http://www.superior-dentistry.com/" "Mozilla/5.0 (compatible; MSIE 9.0; Windows NT 6.1; Win64; x64; Trident/5.0; .NET CLR 2.0.50727; SLCC2; .NET CLR 3.5.30729; .NET CLR 3.0.30729; Media Center PC 6.0; InfoPath.3; .NET4.0C; Tablet PC 2.0; .NET4.0E)" "www.superior-dentistry.com"
111.206.36.5 - - [13/Aug/2016:05:31:33 -0700] "GET /Bowie-Dentists/images/care6.jpg HTTP/1.1" 404 89 "http://www.superior-dentistry.com/" "Mozilla/5.0 (compatible; MSIE 9.0; Windows NT 6.1; Win64; x64; Trident/5.0; .NET CLR 2.0.50727; SLCC2; .NET CLR 3.5.30729; .NET CLR 3.0.30729; Media Center PC 6.0; InfoPath.3; .NET4.0C; Tablet PC 2.0; .NET4.0E)" "www.superior-dentistry.com"
180.76.14.21 - - [13/Aug/2016:05:31:35 -0700] "GET /Bowie-Dentists/images/care1.jpg HTTP/1.1" 404 89 "http://www.superior-dentistry.com/" "Mozilla/5.0 (compatible; MSIE 9.0; Windows NT 6.1; Win64; x64; Trident/5.0; .NET CLR 2.0.50727; SLCC2; .NET CLR 3.5.30729; .NET CLR 3.0.30729; Media Center PC 6.0; InfoPath.3; .NET4.0C; Tablet PC 2.0; .NET4.0E)" "www.superior-dentistry.com"
111.13.13.5 - - [13/Aug/2016:05:31:35 -0700] "GET /images/patientform.png HTTP/1.1" 404 89 "http://www.superior-dentistry.com/" "Mozilla/5.0 (compatible; MSIE 9.0; Windows NT 6.1; Win64; x64; Trident/5.0; .NET CLR 2.0.50727; SLCC2; .NET CLR 3.5.30729; .NET CLR 3.0.30729; Media Center PC 6.0; InfoPath.3; .NET4.0C; Tablet PC 2.0; .NET4.0E)" "www.superior-dentistry.com"[0]
180.76.14.2 - - [13/Aug/2016:05:31:35 -0700] "GET /Bowie-Dentists/images/youtube.png HTTP/1.1" 404 89 "http://www.superior-dentistry.com/" "Mozilla/5.0 (compatible; MSIE 9.0; Windows NT 6.1; Win64; x64; Trident/5.0; .NET CLR 2.0.50727; SLCC2; .NET CLR 3.5.30729; .NET CLR 3.0.30729; Media Center PC 6.0; InfoPath.3; .NET4.0C; Tablet PC 2.0; .NET4.0E)" "www.superior-dentistry.com"
111.13.13.67 - - [13/Aug/2016:05:31:35 -0700] "GET /Bowie-Dentists/images/care4.jpg HTTP/1.1" 404 89 "http://www.superior-dentistry.com/" "Mozilla/5.0 (compatible; MSIE 9.0; Windows NT 6.1; Win64; x64; Trident/5.0; .NET CLR 2.0.50727; SLCC2; .NET CLR 3.5.30729; .NET CLR 3.0.30729; Media Center PC 6.0; InfoPath.3; .NET4.0C; Tablet PC 2.0; .NET4.0E)" "www.superior-dentistry.com"
180.76.14.3 - - [13/Aug/2016:05:31:35 -0700] "GET /img/doctor-achievement.jpg HTTP/1.1" 200 200838 "http://www.superior-dentistry.com/" "Mozilla/5.0 (compatible; MSIE 9.0; Windows NT 6.1; Win64; x64; Trident/5.0; .NET CLR 2.0.50727; SLCC2; .NET CLR 3.5.30729; .NET CLR 3.0.30729; Media Center PC 6.0; InfoPath.3; .NET4.0C; Tablet PC 2.0; .NET4.0E)" "www.superior-dentistry.com"
180.76.14.134 - - [13/Aug/2016:05:31:35 -0700] "GET /Bowie-Dentists/images/care2.jpg HTTP/1.1" 404 89 "http://www.superior-dentistry.com/" "Mozilla/5.0 (compatible; MSIE 9.0; Windows NT 6.1; Win64; x64; Trident/5.0; .NET CLR 2.0.50727; SLCC2; .NET CLR 3.5.30729; .NET CLR 3.0.30729; Media Center PC 6.0; InfoPath.3; .NET4.0C; Tablet PC 2.0; .NET4.0E)" "www.superior-dentistry.com"[0]
111.206.36.14 - - [13/Aug/2016:05:31:35 -0700] "GET /img/logo.jpg HTTP/1.1" 200 139628 "http://www.superior-dentistry.com/" "Mozilla/5.0 (compatible; MSIE 9.0; Windows NT 6.1; Win64; x64; Trident/5.0; .NET CLR 2.0.50727; SLCC2; .NET CLR 3.5.30729; .NET CLR 3.0.30729; Media Center PC 6.0; InfoPath.3; .NET4.0C; Tablet PC 2.0; .NET4.0E)" "www.superior-dentistry.com"
180.76.14.11 - - [13/Aug/2016:05:31:36 -0700] "GET /Bowie-Dentists/images/cut-offer.png HTTP/1.1" 404 89 "http://www.superior-dentistry.com/" "Mozilla/5.0 (compatible; MSIE 9.0; Windows NT 6.1; Win64; x64; Trident/5.0; .NET CLR 2.0.50727; SLCC2; .NET CLR 3.5.30729; .NET CLR 3.0.30729; Media Center PC 6.0; InfoPath.3; .NET4.0C; Tablet PC 2.0; .NET4.0E)" "www.superior-dentistry.com"
111.13.13.69 - - [13/Aug/2016:05:31:37 -0700] "GET /Bowie-Dentists/images/patientform.png HTTP/1.1" 404 89 "http://www.superior-dentistry.com/" "Mozilla/5.0 (compatible; MSIE 9.0; Windows NT 6.1; Win64; x64; Trident/5.0; .NET CLR 2.0.50727; SLCC2; .NET CLR 3.5.30729; .NET CLR 3.0.30729; Media Center PC 6.0; InfoPath.3; .NET4.0C; Tablet PC 2.0; .NET4.0E)" "www.superior-dentistry.com"
111.206.36.13 - - [13/Aug/2016:05:31:37 -0700] "GET /Bowie-Dentists/images/mainimg1.jpg HTTP/1.1" 404 89 "http://www.superior-dentistry.com/" "Mozilla/5.0 (compatible; MSIE 9.0; Windows NT 6.1; Win64; x64; Trident/5.0; .NET CLR 2.0.50727; SLCC2; .NET CLR 3.5.30729; .NET CLR 3.0.30729; Media Center PC 6.0; InfoPath.3; .NET4.0C; Tablet PC 2.0; .NET4.0E)" "www.superior-dentistry.com"
111.206.36.147 - - [13/Aug/2016:05:31:37 -0700] "GET /Bowie-Dentists/images/services3.png HTTP/1.1" 404 89 "http://www.superior-dentistry.com/" "Mozilla/5.0 (compatible; MSIE 9.0; Windows NT 6.1; Win64; x64; Trident/5.0; .NET CLR 2.0.50727; SLCC2; .NET CLR 3.5.30729; .NET CLR 3.0.30729; Media Center PC 6.0; InfoPath.3; .NET4.0C; Tablet PC 2.0; .NET4.0E)" "www.superior-dentistry.com"
180.76.15.9 - - [13/Aug/2016:05:34:26 -0700] "GET /Dentist-Bowie-MD/js/?M=D HTTP/1.1" 200 1319 "-" "Mozilla/5.0 (compatible; Baiduspider/2.0; +http://www.baidu.com/search/spider.html)" "www.superior-dentistry.com"
198.16.7.150 - - [13/Aug/2016:05:45:41 -0700] "GET / HTTP/1.1" 200 38900 "-" "FreeWebMonitoring SiteChecker/0.2 (+http://www.freewebmonitoring.com/bot.html)" "www.superior-dentistry.com"
54.242.164.91 - - [13/Aug/2016:06:28:17 -0700] "GET / HTTP/1.1" 200 38900 "-" "Mozilla/5.0 (X11; Linux x86_64)AppleWebKit/537.36 (KHTML, like Gecko)Chrome/43.0.2357.134 Safari/537.36http://notifyninja.com/monitoring" "superior-dentistry.com"
198.16.7.150 - - [13/Aug/2016:06:46:15 -0700] "GET / HTTP/1.1" 200 38900 "-" "FreeWebMonitoring SiteChecker/0.2 (+http://www.freewebmonitoring.com/bot.html)" "www.superior-dentistry.com"
178.137.86.253 - - [13/Aug/2016:06:52:31 -0700] "GET / HTTP/1.1" 200 38900 "http://irkutsk.xrus.org/" "Mozilla/4.0 (compatible; MSIE 7.0; Windows NT 5.1; SV1; .NET CLR 2.0.50727)" "www.superior-dentistry.com"
178.137.86.253 - - [13/Aug/2016:06:52:32 -0700] "GET / HTTP/1.1" 200 38900 "http://irkutsk.xrus.org/" "Mozilla/4.0 (compatible; MSIE 7.0; Windows NT 5.1; SV1; .NET CLR 2.0.50727)" "www.superior-dentistry.com"
178.137.86.253 - - [13/Aug/2016:06:52:33 -0700] "GET / HTTP/1.1" 200 38900 "http://irkutsk.xrus.org/" "Mozilla/4.0 (compatible; MSIE 7.0; Windows NT 5.1; SV1; .NET CLR 2.0.50727)" "www.superior-dentistry.com"
180.76.15.10 - - [13/Aug/2016:07:05:21 -0700] "GET /Dentist-Bowie-MD/Dental-Implants-Maryland-MD.html HTTP/1.1" 200 32074 "-" "Mozilla/5.0 (compatible; Baiduspider/2.0; +http://www.baidu.com/search/spider.html)" "www.superior-dentistry.com"
54.242.164.91 - - [13/Aug/2016:07:29:41 -0700] "GET / HTTP/1.1" 200 38900 "-" "Mozilla/5.0 (X11; Linux x86_64)AppleWebKit/537.36 (KHTML, like Gecko)Chrome/43.0.2357.134 Safari/537.36http://notifyninja.com/monitoring" "superior-dentistry.com"
46.119.112.163 - - [13/Aug/2016:07:43:18 -0700] "GET / HTTP/1.1" 200 38900 "http://dokfilms.net/" "Mozilla/4.0 (compatible; MSIE 5.0; Windows 3.1)" "www.superior-dentistry.com"
46.119.112.163 - - [13/Aug/2016:07:43:18 -0700] "GET / HTTP/1.1" 200 38900 "http://calc-for-credit.ru/" "Mozilla/4.0 (compatible; MSIE 5.5; Windows NT 4.0; .NET CLR 1.0.2914)" "www.superior-dentistry.com"
46.119.112.163 - - [13/Aug/2016:07:43:18 -0700] "GET / HTTP/1.1" 200 38900 "http://calc-for-credit.ru/" "Mozilla/4.0 (compatible; MSIE 5.5; Windows NT 4.0; .NET CLR 1.0.2914)" "www.superior-dentistry.com"
46.119.112.163 - - [13/Aug/2016:07:43:20 -0700] "GET / HTTP/1.1" 200 38900 "http://calc-for-credit.ru/" "Mozilla/4.0 (compatible; MSIE 5.5; Windows NT 4.0; .NET CLR 1.0.2914)" "www.superior-dentistry.com"
46.119.112.163 - - [13/Aug/2016:07:43:20 -0700] "GET / HTTP/1.1" 200 38900 "http://dokfilms.net/" "Mozilla/4.0 (compatible; MSIE 5.0; Windows 3.1)" "www.superior-dentistry.com"
198.16.7.150 - - [13/Aug/2016:07:47:28 -0700] "GET / HTTP/1.1" 200 38900 "-" "FreeWebMonitoring SiteChecker/0.2 (+http://www.freewebmonitoring.com/bot.html)" "www.superior-dentistry.com"
182.118.41.32 - - [13/Aug/2016:07:56:23 -0700] "GET /images/logo1.jpg HTTP/1.1" 404 89 "http://superior-dentistry.com/" "Mozilla/4.0 (compatible; MSIE 7.0; Windows NT 5.2; .NET CLR 1.1.4322; .NET CLR 2.0.50727)" "www.superior-dentistry.com"[0]
66.249.69.62 - - [13/Aug/2016:08:19:43 -0700] "GET /assets/flash/ZeroClipboard.swf?noCache=1466380800033&trustedOrigins=www.superior-dentistry.com%2C%2F%2Fwww.superior-dentistry.com%2Chttp%3A%2F%2Fwww.superior-dentistry.com HTTP/1.1" 404 89 "-" "Googlebot-Video/1.0" "www.superior-dentistry.com"
66.249.69.55 - - [13/Aug/2016:08:21:49 -0700] "GET /assets/flash/ZeroClipboard.swf?noCache=1466467200033&trustedOrigins=www.superior-dentistry.com%2C%2F%2Fwww.superior-dentistry.com%2Chttp%3A%2F%2Fwww.superior-dentistry.com HTTP/1.1" 404 89 "-" "Googlebot-Video/1.0" "www.superior-dentistry.com"
180.76.15.30 - - [13/Aug/2016:08:24:29 -0700] "GET /js/jquery-1.6.4.min.js HTTP/1.1" 404 89 "-" "Mozilla/5.0 (compatible; Baiduspider/2.0; +http://www.baidu.com/search/spider.html)" "www.superior-dentistry.com"
198.16.7.150 - - [13/Aug/2016:08:48:15 -0700] "GET / HTTP/1.1" 200 38900 "-" "FreeWebMonitoring SiteChecker/0.2 (+http://www.freewebmonitoring.com/bot.html)" "www.superior-dentistry.com"
96.231.45.158 - - [13/Aug/2016:09:20:23 -0700] "GET /theme.css HTTP/1.1" 200 1926 "http://www.superior-dentistry.com/" "Mozilla/5.0 (Macintosh; Intel Mac OS X 10_11_6) AppleWebKit/537.36 (KHTML, like Gecko) Chrome/52.0.2743.116 Safari/537.36" "www.superior-dentistry.com"
96.231.45.158 - - [13/Aug/2016:09:20:24 -0700] "GET /img/logo.jpg HTTP/1.1" 200 139628 "http://www.superior-dentistry.com/" "Mozilla/5.0 (Macintosh; Intel Mac OS X 10_11_6) AppleWebKit/537.36 (KHTML, like Gecko) Chrome/52.0.2743.116 Safari/537.36" "www.superior-dentistry.com"
96.231.45.158 - - [13/Aug/2016:09:20:24 -0700] "GET /img/tmj-trauma.jpg HTTP/1.1" 200 22488 "http://www.superior-dentistry.com/" "Mozilla/5.0 (Macintosh; Intel Mac OS X 10_11_6) AppleWebKit/537.36 (KHTML, like Gecko) Chrome/52.0.2743.116 Safari/537.36" "www.superior-dentistry.com"
96.231.45.158 - - [13/Aug/2016:09:20:24 -0700] "GET /img/slider1.jpg HTTP/1.1" 200 268888 "http://www.superior-dentistry.com/" "Mozilla/5.0 (Macintosh; Intel Mac OS X 10_11_6) AppleWebKit/537.36 (KHTML, like Gecko) Chrome/52.0.2743.116 Safari/537.36" "www.superior-dentistry.com"
96.231.45.158 - - [13/Aug/2016:09:20:25 -0700] "GET /img/offer-31-05-2014-sonicare-brush.jpg HTTP/1.1" 200 13165 "http://www.superior-dentistry.com/" "Mozilla/5.0 (Macintosh; Intel Mac OS X 10_11_6) AppleWebKit/537.36 (KHTML, like Gecko) Chrome/52.0.2743.116 Safari/537.36" "www.superior-dentistry.com"
96.231.45.158 - - [13/Aug/2016:09:20:27 -0700] "GET /js/bootstrap.min.js HTTP/1.1" 200 35601 "http://www.superior-dentistry.com/" "Mozilla/5.0 (Macintosh; Intel Mac OS X 10_11_6) AppleWebKit/537.36 (KHTML, like Gecko) Chrome/52.0.2743.116 Safari/537.36" "www.superior-dentistry.com"
96.231.45.158 - - [13/Aug/2016:09:20:27 -0700] "GET /fonts/fontawesome-webfont.woff2?v=4.3.0 HTTP/1.1" 200 56780 "http://www.superior-dentistry.com/css/font-awesome.css" "Mozilla/5.0 (Macintosh; Intel Mac OS X 10_11_6) AppleWebKit/537.36 (KHTML, like Gecko) Chrome/52.0.2743.116 Safari/537.36" "www.superior-dentistry.com"
96.231.45.158 - - [13/Aug/2016:09:20:27 -0700] "GET /img/zocdoc-apt.jpg HTTP/1.1" 200 79396 "http://www.superior-dentistry.com/" "Mozilla/5.0 (Macintosh; Intel Mac OS X 10_11_6) AppleWebKit/537.36 (KHTML, like Gecko) Chrome/52.0.2743.116 Safari/537.36" "www.superior-dentistry.com"
96.231.45.158 - - [13/Aug/2016:09:20:38 -0700] "GET /assets/flash/ZeroClipboard.swf?noCache=1471105227703 HTTP/1.1" 404 89 "http://www.superior-dentistry.com/" "Mozilla/5.0 (Macintosh; Intel Mac OS X 10_11_6) AppleWebKit/537.36 (KHTML, like Gecko) Chrome/52.0.2743.116 Safari/537.36" "www.superior-dentistry.com"
54.242.164.91 - - [13/Aug/2016:09:32:28 -0700] "GET / HTTP/1.1" 200 38900 "-" "Mozilla/5.0 (X11; Linux x86_64)AppleWebKit/537.36 (KHTML, like Gecko)Chrome/43.0.2357.134 Safari/537.36http://notifyninja.com/monitoring" "superior-dentistry.com"
198.16.7.150 - - [13/Aug/2016:09:49:41 -0700] "GET / HTTP/1.1" 200 38900 "-" "FreeWebMonitoring SiteChecker/0.2 (+http://www.freewebmonitoring.com/bot.html)" "www.superior-dentistry.com"
96.231.45.158 - - [13/Aug/2016:10:03:15 -0700] "GET /img/office-slider2.jpg HTTP/1.1" 200 148450 "http://www.superior-dentistry.com/firstvisit.html" "Mozilla/5.0 (Macintosh; Intel Mac OS X 10_11_6) AppleWebKit/537.36 (KHTML, like Gecko) Chrome/52.0.2743.116 Safari/537.36" "www.superior-dentistry.com"
199.16.156.125 - - [13/Aug/2016:10:03:15 -0700] "GET /robots.txt HTTP/1.1" 200 49 "-" "Twitterbot/1.0" "www.superior-dentistry.com"
199.16.156.125 - - [13/Aug/2016:10:03:15 -0700] "GET /robots.txt HTTP/1.1" 200 49 "-" "Twitterbot/1.0" "www.superior-dentistry.com"
199.16.156.125 - - [13/Aug/2016:10:03:15 -0700] "GET /images/logo1.jpg HTTP/1.1" 404 89 "-" "Twitterbot/1.0" "www.superior-dentistry.com"
199.16.156.125 - - [13/Aug/2016:10:03:16 -0700] "GET /images/endodontia-root-canal-treatment.jpg HTTP/1.1" 404 89 "-" "Twitterbot/1.0" "www.superior-dentistry.com"
199.59.148.211 - - [13/Aug/2016:10:03:16 -0700] "GET /robots.txt HTTP/1.1" 200 49 "-" "Twitterbot/1.0" "www.superior-dentistry.com"
199.59.148.211 - - [13/Aug/2016:10:03:16 -0700] "GET /robots.txt HTTP/1.1" 200 49 "-" "Twitterbot/1.0" "www.superior-dentistry.com"
199.59.148.211 - - [13/Aug/2016:10:03:16 -0700] "GET /images/logo1.jpg HTTP/1.1" 404 89 "-" "Twitterbot/1.0" "www.superior-dentistry.com"
199.59.148.211 - - [13/Aug/2016:10:03:16 -0700] "GET /images/logo1.jpg HTTP/1.1" 404 89 "-" "Twitterbot/1.0" "www.superior-dentistry.com"
199.59.148.209 - - [13/Aug/2016:10:03:31 -0700] "GET /images/endodontia-root-canal-treatment.jpg HTTP/1.1" 404 89 "-" "Twitterbot/1.0" "www.superior-dentistry.com"
96.231.45.158 - - [13/Aug/2016:10:05:04 -0700] "GET /meet-staff.html HTTP/1.1" 200 22168 "http://www.superior-dentistry.com/firstvisit.html" "Mozilla/5.0 (Macintosh; Intel Mac OS X 10_11_6) AppleWebKit/537.36 (KHTML, like Gecko) Chrome/52.0.2743.116 Safari/537.36" "www.superior-dentistry.com"
96.231.45.158 - - [13/Aug/2016:10:05:10 -0700] "GET /img/dental-extractions.jpg HTTP/1.1" 200 165246 "http://www.superior-dentistry.com/services.html" "Mozilla/5.0 (Macintosh; Intel Mac OS X 10_11_6) AppleWebKit/537.36 (KHTML, like Gecko) Chrome/52.0.2743.116 Safari/537.36" "www.superior-dentistry.com"
96.231.45.158 - - [13/Aug/2016:10:05:10 -0700] "GET /img/dentures.jpg HTTP/1.1" 200 126240 "http://www.superior-dentistry.com/services.html" "Mozilla/5.0 (Macintosh; Intel Mac OS X 10_11_6) AppleWebKit/537.36 (KHTML, like Gecko) Chrome/52.0.2743.116 Safari/537.36" "www.superior-dentistry.com"
96.231.45.158 - - [13/Aug/2016:10:05:11 -0700] "GET /img/bridges-dentist-md.jpg HTTP/1.1" 200 67242 "http://www.superior-dentistry.com/services.html" "Mozilla/5.0 (Macintosh; Intel Mac OS X 10_11_6) AppleWebKit/537.36 (KHTML, like Gecko) Chrome/52.0.2743.116 Safari/537.36" "www.superior-dentistry.com"
96.231.45.158 - - [13/Aug/2016:10:05:11 -0700] "GET /img/Lumineers.jpg HTTP/1.1" 200 70250 "http://www.superior-dentistry.com/services.html" "Mozilla/5.0 (Macintosh; Intel Mac OS X 10_11_6) AppleWebKit/537.36 (KHTML, like Gecko) Chrome/52.0.2743.116 Safari/537.36" "www.superior-dentistry.com"
96.231.45.158 - - [13/Aug/2016:10:05:34 -0700] "GET /Patient-Before-After-Gallery.html HTTP/1.1" 200 23825 "http://www.superior-dentistry.com/services.html" "Mozilla/5.0 (Macintosh; Intel Mac OS X 10_11_6) AppleWebKit/537.36 (KHTML, like Gecko) Chrome/52.0.2743.116 Safari/537.36" "www.superior-dentistry.com"
96.231.45.158 - - [13/Aug/2016:10:05:34 -0700] "GET /img/before1.jpg HTTP/1.1" 200 13262 "http://www.superior-dentistry.com/Patient-Before-After-Gallery.html" "Mozilla/5.0 (Macintosh; Intel Mac OS X 10_11_6) AppleWebKit/537.36 (KHTML, like Gecko) Chrome/52.0.2743.116 Safari/537.36" "www.superior-dentistry.com"
96.231.45.158 - - [13/Aug/2016:10:05:34 -0700] "GET /img/after1.jpg HTTP/1.1" 200 9920 "http://www.superior-dentistry.com/Patient-Before-After-Gallery.html" "Mozilla/5.0 (Macintosh; Intel Mac OS X 10_11_6) AppleWebKit/537.36 (KHTML, like Gecko) Chrome/52.0.2743.116 Safari/537.36" "www.superior-dentistry.com"
96.231.45.158 - - [13/Aug/2016:10:05:34 -0700] "GET /img/before2.jpg HTTP/1.1" 200 12834 "http://www.superior-dentistry.com/Patient-Before-After-Gallery.html" "Mozilla/5.0 (Macintosh; Intel Mac OS X 10_11_6) AppleWebKit/537.36 (KHTML, like Gecko) Chrome/52.0.2743.116 Safari/537.36" "www.superior-dentistry.com"
96.231.45.158 - - [13/Aug/2016:10:05:34 -0700] "GET /img/after2.jpg HTTP/1.1" 200 13168 "http://www.superior-dentistry.com/Patient-Before-After-Gallery.html" "Mozilla/5.0 (Macintosh; Intel Mac OS X 10_11_6) AppleWebKit/537.36 (KHTML, like Gecko) Chrome/52.0.2743.116 Safari/537.36" "www.superior-dentistry.com"
96.231.45.158 - - [13/Aug/2016:10:05:41 -0700] "GET /css/style.css HTTP/1.1" 404 89 "http://www.superior-dentistry.com/blog.php" "Mozilla/5.0 (Macintosh; Intel Mac OS X 10_11_6) AppleWebKit/537.36 (KHTML, like Gecko) Chrome/52.0.2743.116 Safari/537.36" "www.superior-dentistry.com"
96.231.45.158 - - [13/Aug/2016:10:05:41 -0700] "GET /js/jquery.easing.1.3.js HTTP/1.1" 404 89 "http://www.superior-dentistry.com/blog.php" "Mozilla/5.0 (Macintosh; Intel Mac OS X 10_11_6) AppleWebKit/537.36 (KHTML, like Gecko) Chrome/52.0.2743.116 Safari/537.36" "www.superior-dentistry.com"
96.231.45.158 - - [13/Aug/2016:10:05:41 -0700] "GET /js/jquery.easing.1.3.js HTTP/1.1" 404 89 "http://www.superior-dentistry.com/blog.php" "Mozilla/5.0 (Macintosh; Intel Mac OS X 10_11_6) AppleWebKit/537.36 (KHTML, like Gecko) Chrome/52.0.2743.116 Safari/537.36" "www.superior-dentistry.com"
96.231.45.158 - - [13/Aug/2016:10:05:42 -0700] "GET /images/Pattern.jpg HTTP/1.1" 404 89 "http://www.superior-dentistry.com/blog.php" "Mozilla/5.0 (Macintosh; Intel Mac OS X 10_11_6) AppleWebKit/537.36 (KHTML, like Gecko) Chrome/52.0.2743.116 Safari/537.36" "www.superior-dentistry.com"
73.173.245.170 - - [13/Aug/2016:10:18:02 -0700] "GET / HTTP/1.1" 200 38900 "https://www.google.com/" "Mozilla/5.0 (Linux; Android 6.0.1; SAMSUNG-SM-N920A Build/MMB29K) AppleWebKit/537.36 (KHTML, like Gecko) Chrome/52.0.2743.98 Mobile Safari/537.36" "www.superior-dentistry.com"
73.173.245.170 - - [13/Aug/2016:10:18:02 -0700] "GET /img/jaw-surgery.jpg HTTP/1.1" 200 27058 "http://www.superior-dentistry.com/" "Mozilla/5.0 (Linux; Android 6.0.1; SAMSUNG-SM-N920A Build/MMB29K) AppleWebKit/537.36 (KHTML, like Gecko) Chrome/52.0.2743.98 Mobile Safari/537.36" "www.superior-dentistry.com"
73.173.245.170 - - [13/Aug/2016:10:18:02 -0700] "GET /img/oral-pathology.jpg HTTP/1.1" 200 33395 "http://www.superior-dentistry.com/" "Mozilla/5.0 (Linux; Android 6.0.1; SAMSUNG-SM-N920A Build/MMB29K) AppleWebKit/537.36 (KHTML, like Gecko) Chrome/52.0.2743.98 Mobile Safari/537.36" "www.superior-dentistry.com"
73.173.245.170 - - [13/Aug/2016:10:18:03 -0700] "GET /img/meetdr-ali.jpg HTTP/1.1" 200 60533 "http://www.superior-dentistry.com/" "Mozilla/5.0 (Linux; Android 6.0.1; SAMSUNG-SM-N920A Build/MMB29K) AppleWebKit/537.36 (KHTML, like Gecko) Chrome/52.0.2743.98 Mobile Safari/537.36" "www.superior-dentistry.com"
73.173.245.170 - - [13/Aug/2016:10:18:03 -0700] "GET /fonts/fontawesome-webfont.woff2?v=4.3.0 HTTP/1.1" 200 56780 "http://www.superior-dentistry.com/css/font-awesome.css" "Mozilla/5.0 (Linux; Android 6.0.1; SAMSUNG-SM-N920A Build/MMB29K) AppleWebKit/537.36 (KHTML, like Gecko) Chrome/52.0.2743.98 Mobile Safari/537.36" "www.superior-dentistry.com"[0]
