207.46.13.126 - - [06/Dec/2015:16:24:58 -0800] "GET /robots.txt HTTP/1.1" 200 49 "-" "Mozilla/5.0 (compatible; bingbot/2.0; +http://www.bing.com/bingbot.htm)" "www.superior-dentistry.com"
148.251.234.184 - - [06/Dec/2015:16:27:00 -0800] "GET /Dental-Sites-We-Like.html HTTP/1.1" 200 41324 "-" "Mozilla/5.0 (Windows; U; Windows NT 5.1; en-US; rv:1.8.1.6) Gecko/20070725 Firefox/2.0.0.6 - James BOT - WebCrawler http://cognitiveseo.com/bot.html" "www.superior-dentistry.com"
54.236.1.70 - - [06/Dec/2015:16:44:10 -0800] "GET /apple-touch-icon.png HTTP/1.1" 404 89 "-" "Pinterest/0.2 (+http://www.pinterest.com/)" "www.superior-dentistry.com"
100.43.91.29 - - [06/Dec/2015:16:47:28 -0800] "GET / HTTP/1.1" 200 38156 "-" "Mozilla/5.0 (compatible; YandexBot/3.0; +http://yandex.com/bots)" "www.superior-dentistry.com"
141.8.143.159 - - [06/Dec/2015:16:47:30 -0800] "GET / HTTP/1.1" 200 38156 "-" "Mozilla/5.0 (compatible; YandexBot/3.0; +http://yandex.com/bots)" "superior-dentistry.com"
199.21.99.193 - - [06/Dec/2015:16:47:32 -0800] "GET /index.php HTTP/1.1" 200 73 "-" "Mozilla/5.0 (compatible; YandexBot/3.0; +http://yandex.com/bots)" "www.superior-dentistry.com"
141.8.143.218 - - [06/Dec/2015:16:47:35 -0800] "GET / HTTP/1.1" 200 38156 "-" "Mozilla/5.0 (compatible; YandexBot/3.0; +http://yandex.com/bots)" "superior-dentistry.com"
71.126.183.119 - - [06/Dec/2015:16:48:37 -0800] "GET /Dentist-Bowie-MD/css/js-image-slider.css HTTP/1.1" 200 2917 "http://www.superior-dentistry.com/Dentist-Bowie-MD/Dental-Implants-Maryland-MD.html" "Mozilla/5.0 (Macintosh; Intel Mac OS X 10_11_1) AppleWebKit/601.2.7 (KHTML, like Gecko) Version/9.0.1 Safari/601.2.7" "www.superior-dentistry.com"
71.126.183.119 - - [06/Dec/2015:16:48:37 -0800] "GET /Dentist-Bowie-MD/css/font/delicious-roman.woff HTTP/1.1" 404 89 "http://www.superior-dentistry.com/Dentist-Bowie-MD/Dental-Implants-Maryland-MD.html" "Mozilla/5.0 (Macintosh; Intel Mac OS X 10_11_1) AppleWebKit/601.2.7 (KHTML, like Gecko) Version/9.0.1 Safari/601.2.7" "www.superior-dentistry.com"
71.126.183.119 - - [06/Dec/2015:16:48:37 -0800] "GET /images/services3.png HTTP/1.1" 404 89 "http://www.superior-dentistry.com/Dentist-Bowie-MD/Dental-Implants-Maryland-MD.html" "Mozilla/5.0 (Macintosh; Intel Mac OS X 10_11_1) AppleWebKit/601.2.7 (KHTML, like Gecko) Version/9.0.1 Safari/601.2.7" "www.superior-dentistry.com"
71.126.183.119 - - [06/Dec/2015:16:48:37 -0800] "GET /images/care6.jpg HTTP/1.1" 404 89 "http://www.superior-dentistry.com/Dentist-Bowie-MD/Dental-Implants-Maryland-MD.html" "Mozilla/5.0 (Macintosh; Intel Mac OS X 10_11_1) AppleWebKit/601.2.7 (KHTML, like Gecko) Version/9.0.1 Safari/601.2.7" "www.superior-dentistry.com"
71.126.183.119 - - [06/Dec/2015:16:48:37 -0800] "GET /images/care4.jpg HTTP/1.1" 404 89 "http://www.superior-dentistry.com/Dentist-Bowie-MD/Dental-Implants-Maryland-MD.html" "Mozilla/5.0 (Macintosh; Intel Mac OS X 10_11_1) AppleWebKit/601.2.7 (KHTML, like Gecko) Version/9.0.1 Safari/601.2.7" "www.superior-dentistry.com"
71.126.183.119 - - [06/Dec/2015:16:48:37 -0800] "GET /images/care6.jpg HTTP/1.1" 404 89 "http://www.superior-dentistry.com/Dentist-Bowie-MD/Dental-Implants-Maryland-MD.html" "Mozilla/5.0 (Macintosh; Intel Mac OS X 10_11_1) AppleWebKit/601.2.7 (KHTML, like Gecko) Version/9.0.1 Safari/601.2.7" "www.superior-dentistry.com"
207.46.13.126 - - [06/Dec/2015:16:52:46 -0800] "GET /robots.txt HTTP/1.1" 200 49 "-" "Mozilla/5.0 (compatible; bingbot/2.0; +http://www.bing.com/bingbot.htm)" "www.superior-dentistry.com"
207.46.13.126 - - [06/Dec/2015:16:53:35 -0800] "GET /special-offers.html HTTP/1.1" 200 23685 "-" "Mozilla/5.0 (compatible; bingbot/2.0; +http://www.bing.com/bingbot.htm)" "www.superior-dentistry.com"
100.43.90.12 - - [06/Dec/2015:17:16:41 -0800] "GET /robots.txt HTTP/1.1" 200 49 "-" "Mozilla/5.0 (compatible; YandexBot/3.0; +http://yandex.com/bots)" "www.superior-dentistry.com"
208.122.6.102 - - [06/Dec/2015:17:17:07 -0800] "GET / HTTP/1.1" 200 38156 "-" "FreeWebMonitoring SiteChecker/0.2 (+http://www.freewebmonitoring.com/bot.html)" "www.superior-dentistry.com"
188.165.15.188 - - [06/Dec/2015:17:17:51 -0800] "GET /images/care2.jpg HTTP/1.1" 404 89 "-" "Mozilla/5.0 (compatible; AhrefsBot/5.0; +http://ahrefs.com/robot/)" "www.superior-dentistry.com"
208.115.111.69 - - [06/Dec/2015:17:33:32 -0800] "GET /Dentist-Bowie-MD/images/?S=D HTTP/1.1" 200 2816 "-" "Mozilla/5.0 (compatible; DotBot/1.1; http://www.opensiteexplorer.org/dotbot, help@moz.com)" "www.superior-dentistry.com"
207.46.13.38 - - [06/Dec/2015:17:34:40 -0800] "GET /robots.txt HTTP/1.1" 200 49 "-" "Mozilla/5.0 (compatible; bingbot/2.0; +http://www.bing.com/bingbot.htm)" "www.superior-dentistry.com"
207.46.13.38 - - [06/Dec/2015:17:35:10 -0800] "GET / HTTP/1.1" 200 38156 "-" "Mozilla/5.0 (iPhone; CPU iPhone OS 7_0 like Mac OS X) AppleWebKit/537.51.1 (KHTML, like Gecko) Version/7.0 Mobile/11A465 Safari/9537.53 (compatible; bingbot/2.0;  http://www.bing.com/bingbot.htm)" "www.superior-dentistry.com"
199.30.24.194 - - [06/Dec/2015:17:35:13 -0800] "GET /css/bootstrap-theme.css HTTP/1.1" 200 19156 "http://www.superior-dentistry.com/" "Mozilla/5.0 (iPhone; CPU iPhone OS 7_0 like Mac OS X) AppleWebKit/537.51.1 (KHTML, like Gecko) Version/7.0 Mobile/11A465 Safari/9537.53 BingPreview/1.0b" "www.superior-dentistry.com"
199.30.24.194 - - [06/Dec/2015:17:35:13 -0800] "GET /theme.css HTTP/1.1" 200 1926 "http://www.superior-dentistry.com/" "Mozilla/5.0 (iPhone; CPU iPhone OS 7_0 like Mac OS X) AppleWebKit/537.51.1 (KHTML, like Gecko) Version/7.0 Mobile/11A465 Safari/9537.53 BingPreview/1.0b" "www.superior-dentistry.com"
199.30.24.194 - - [06/Dec/2015:17:35:13 -0800] "GET /css/font-awesome.css HTTP/1.1" 200 28747 "http://www.superior-dentistry.com/" "Mozilla/5.0 (iPhone; CPU iPhone OS 7_0 like Mac OS X) AppleWebKit/537.51.1 (KHTML, like Gecko) Version/7.0 Mobile/11A465 Safari/9537.53 BingPreview/1.0b" "www.superior-dentistry.com"
199.30.24.194 - - [06/Dec/2015:17:35:13 -0800] "GET /js/ie-emulation-modes-warning.js HTTP/1.1" 200 2132 "http://www.superior-dentistry.com/" "Mozilla/5.0 (iPhone; CPU iPhone OS 7_0 like Mac OS X) AppleWebKit/537.51.1 (KHTML, like Gecko) Version/7.0 Mobile/11A465 Safari/9537.53 BingPreview/1.0b" "www.superior-dentistry.com"
199.30.24.194 - - [06/Dec/2015:17:35:14 -0800] "GET /img/wisdom-teeth-extraction.jpg HTTP/1.1" 200 23758 "http://www.superior-dentistry.com/" "Mozilla/5.0 (iPhone; CPU iPhone OS 7_0 like Mac OS X) AppleWebKit/537.51.1 (KHTML, like Gecko) Version/7.0 Mobile/11A465 Safari/9537.53 BingPreview/1.0b" "www.superior-dentistry.com"
199.30.24.194 - - [06/Dec/2015:17:35:14 -0800] "GET /img/dental-implants.jpg HTTP/1.1" 200 22844 "http://www.superior-dentistry.com/" "Mozilla/5.0 (iPhone; CPU iPhone OS 7_0 like Mac OS X) AppleWebKit/537.51.1 (KHTML, like Gecko) Version/7.0 Mobile/11A465 Safari/9537.53 BingPreview/1.0b" "www.superior-dentistry.com"
199.30.24.194 - - [06/Dec/2015:17:35:14 -0800] "GET /img/logo.jpg HTTP/1.1" 200 139628 "http://www.superior-dentistry.com/" "Mozilla/5.0 (iPhone; CPU iPhone OS 7_0 like Mac OS X) AppleWebKit/537.51.1 (KHTML, like Gecko) Version/7.0 Mobile/11A465 Safari/9537.53 BingPreview/1.0b" "www.superior-dentistry.com"
199.30.24.194 - - [06/Dec/2015:17:35:14 -0800] "GET /img/jaw-surgery.jpg HTTP/1.1" 200 27058 "http://www.superior-dentistry.com/" "Mozilla/5.0 (iPhone; CPU iPhone OS 7_0 like Mac OS X) AppleWebKit/537.51.1 (KHTML, like Gecko) Version/7.0 Mobile/11A465 Safari/9537.53 BingPreview/1.0b" "www.superior-dentistry.com"
199.30.24.194 - - [06/Dec/2015:17:35:14 -0800] "GET /img/tmj-trauma.jpg HTTP/1.1" 200 22488 "http://www.superior-dentistry.com/" "Mozilla/5.0 (iPhone; CPU iPhone OS 7_0 like Mac OS X) AppleWebKit/537.51.1 (KHTML, like Gecko) Version/7.0 Mobile/11A465 Safari/9537.53 BingPreview/1.0b" "www.superior-dentistry.com"
199.30.24.194 - - [06/Dec/2015:17:35:14 -0800] "GET /img/oral-pathology.jpg HTTP/1.1" 200 33395 "http://www.superior-dentistry.com/" "Mozilla/5.0 (iPhone; CPU iPhone OS 7_0 like Mac OS X) AppleWebKit/537.51.1 (KHTML, like Gecko) Version/7.0 Mobile/11A465 Safari/9537.53 BingPreview/1.0b" "www.superior-dentistry.com"
199.30.24.194 - - [06/Dec/2015:17:35:14 -0800] "GET /fonts/fontawesome-webfont.ttf?v=4.3.0 HTTP/1.1" 200 122092 "http://www.superior-dentistry.com/" "Mozilla/5.0 (iPhone; CPU iPhone OS 7_0 like Mac OS X) AppleWebKit/537.51.1 (KHTML, like Gecko) Version/7.0 Mobile/11A465 Safari/9537.53 BingPreview/1.0b" "www.superior-dentistry.com"
199.30.24.194 - - [06/Dec/2015:17:35:15 -0800] "GET /img/slider1.jpg HTTP/1.1" 200 268888 "http://www.superior-dentistry.com/" "Mozilla/5.0 (iPhone; CPU iPhone OS 7_0 like Mac OS X) AppleWebKit/537.51.1 (KHTML, like Gecko) Version/7.0 Mobile/11A465 Safari/9537.53 BingPreview/1.0b" "www.superior-dentistry.com"
199.30.24.194 - - [06/Dec/2015:17:35:16 -0800] "GET /js/bootstrap.min.js HTTP/1.1" 200 35601 "http://www.superior-dentistry.com/" "Mozilla/5.0 (iPhone; CPU iPhone OS 7_0 like Mac OS X) AppleWebKit/537.51.1 (KHTML, like Gecko) Version/7.0 Mobile/11A465 Safari/9537.53 BingPreview/1.0b" "www.superior-dentistry.com"
199.30.24.194 - - [06/Dec/2015:17:35:17 -0800] "GET /img/slider2.jpg HTTP/1.1" 200 345766 "http://www.superior-dentistry.com/" "Mozilla/5.0 (iPhone; CPU iPhone OS 7_0 like Mac OS X) AppleWebKit/537.51.1 (KHTML, like Gecko) Version/7.0 Mobile/11A465 Safari/9537.53 BingPreview/1.0b" "www.superior-dentistry.com"
199.30.24.194 - - [06/Dec/2015:17:35:17 -0800] "GET /img/meetdr-ali.jpg HTTP/1.1" 200 60533 "http://www.superior-dentistry.com/" "Mozilla/5.0 (iPhone; CPU iPhone OS 7_0 like Mac OS X) AppleWebKit/537.51.1 (KHTML, like Gecko) Version/7.0 Mobile/11A465 Safari/9537.53 BingPreview/1.0b" "www.superior-dentistry.com"
199.30.24.194 - - [06/Dec/2015:17:35:17 -0800] "GET /js/docs.min.js HTTP/1.1" 200 43299 "http://www.superior-dentistry.com/" "Mozilla/5.0 (iPhone; CPU iPhone OS 7_0 like Mac OS X) AppleWebKit/537.51.1 (KHTML, like Gecko) Version/7.0 Mobile/11A465 Safari/9537.53 BingPreview/1.0b" "www.superior-dentistry.com"
199.30.24.194 - - [06/Dec/2015:17:35:18 -0800] "GET /img/offer-31-05-2014-sonicare-brush.jpg HTTP/1.1" 200 13165 "http://www.superior-dentistry.com/" "Mozilla/5.0 (iPhone; CPU iPhone OS 7_0 like Mac OS X) AppleWebKit/537.51.1 (KHTML, like Gecko) Version/7.0 Mobile/11A465 Safari/9537.53 BingPreview/1.0b" "www.superior-dentistry.com"
199.30.24.194 - - [06/Dec/2015:17:35:18 -0800] "GET /js/ie10-viewport-bug-workaround.js HTTP/1.1" 200 694 "http://www.superior-dentistry.com/" "Mozilla/5.0 (iPhone; CPU iPhone OS 7_0 like Mac OS X) AppleWebKit/537.51.1 (KHTML, like Gecko) Version/7.0 Mobile/11A465 Safari/9537.53 BingPreview/1.0b" "www.superior-dentistry.com"
199.30.24.194 - - [06/Dec/2015:17:35:19 -0800] "GET /img/patients-choice-winner-2015.png HTTP/1.1" 200 9818 "http://www.superior-dentistry.com/" "Mozilla/5.0 (iPhone; CPU iPhone OS 7_0 like Mac OS X) AppleWebKit/537.51.1 (KHTML, like Gecko) Version/7.0 Mobile/11A465 Safari/9537.53 BingPreview/1.0b" "www.superior-dentistry.com"
199.30.24.194 - - [06/Dec/2015:17:35:19 -0800] "GET /img/zocdoc-apt.jpg HTTP/1.1" 200 79396 "http://www.superior-dentistry.com/" "Mozilla/5.0 (iPhone; CPU iPhone OS 7_0 like Mac OS X) AppleWebKit/537.51.1 (KHTML, like Gecko) Version/7.0 Mobile/11A465 Safari/9537.53 BingPreview/1.0b" "www.superior-dentistry.com"
199.30.24.194 - - [06/Dec/2015:17:35:19 -0800] "GET /assets/flash/ZeroClipboard.swf?noCache=1449452118989 HTTP/1.1" 404 89 "http://www.superior-dentistry.com/assets/flash/ZeroClipboard.swf?noCache=1449452118989" "Mozilla/5.0 (iPhone; CPU iPhone OS 7_0 like Mac OS X) AppleWebKit/537.51.1 (KHTML, like Gecko) Version/7.0 Mobile/11A465 Safari/9537.53 BingPreview/1.0b" "www.superior-dentistry.com"
208.122.6.102 - - [06/Dec/2015:18:17:50 -0800] "GET / HTTP/1.1" 200 38156 "-" "FreeWebMonitoring SiteChecker/0.2 (+http://www.freewebmonitoring.com/bot.html)" "www.superior-dentistry.com"
66.249.64.168 - - [06/Dec/2015:19:05:22 -0800] "GET /images/implant-before-and-after.jpg HTTP/1.1" 404 89 "-" "Googlebot-Image/1.0" "www.superior-dentistry.com"
8.37.70.80 - - [06/Dec/2015:19:08:15 -0800] "GET /robots.txt HTTP/1.1" 200 49 "-" "AddThis.com (http://support.addthis.com/)" "www.superior-dentistry.com"
8.37.70.80 - - [06/Dec/2015:19:08:15 -0800] "GET /Dentist-Bowie-MD/Dental-Implants-Maryland-MD.html HTTP/1.1" 200 33055 "-" "AddThis.com (http://support.addthis.com/)" "www.superior-dentistry.com"
207.46.13.126 - - [06/Dec/2015:19:39:18 -0800] "GET /robots.txt HTTP/1.1" 200 49 "-" "Mozilla/5.0 (compatible; bingbot/2.0; +http://www.bing.com/bingbot.htm)" "www.superior-dentistry.com"
40.77.167.89 - - [06/Dec/2015:19:46:12 -0800] "GET /robots.txt HTTP/1.1" 200 49 "-" "Mozilla/5.0 (compatible; bingbot/2.0; +http://www.bing.com/bingbot.htm)" "www.superior-dentistry.com"
40.77.167.89 - - [06/Dec/2015:19:47:42 -0800] "GET /firstvisit.php HTTP/1.1" 200 73 "-" "Mozilla/5.0 (compatible; bingbot/2.0; +http://www.bing.com/bingbot.htm)" "www.superior-dentistry.com"
40.77.167.89 - - [06/Dec/2015:19:58:25 -0800] "GET /robots.txt HTTP/1.1" 200 49 "-" "Mozilla/5.0 (compatible; bingbot/2.0; +http://www.bing.com/bingbot.htm)" "www.superior-dentistry.com"
207.46.13.77 - - [06/Dec/2015:19:59:26 -0800] "GET /robots.txt HTTP/1.1" 200 49 "-" "Mozilla/5.0 (compatible; bingbot/2.0; +http://www.bing.com/bingbot.htm)" "www.superior-dentistry.com"
207.46.13.77 - - [06/Dec/2015:20:00:47 -0800] "GET /images/bridges-dentist-md.jpg HTTP/1.1" 404 89 "-" "Mozilla/5.0 (compatible; bingbot/2.0; +http://www.bing.com/bingbot.htm)" "www.superior-dentistry.com"
182.64.214.150 - - [06/Dec/2015:20:02:00 -0800] "GET /contact-us.html HTTP/1.1" 200 23726 "-" "Mozilla/5.0 (Windows; U; Windows NT 5.1; en-US; rv:1.9.2.19) Gecko/20110707 Firefox/3.6.19 GTB7.1 (.NET CLR 3.5.30729)" "www.superior-dentistry.com"
182.64.214.150 - - [06/Dec/2015:20:02:00 -0800] "GET /theme.css HTTP/1.1" 304 - "http://www.superior-dentistry.com/contact-us.html" "Mozilla/5.0 (Windows; U; Windows NT 5.1; en-US; rv:1.9.2.19) Gecko/20110707 Firefox/3.6.19 GTB7.1 (.NET CLR 3.5.30729)" "www.superior-dentistry.com"
182.64.214.150 - - [06/Dec/2015:20:02:00 -0800] "GET /css/bootstrap-theme.css HTTP/1.1" 200 19156 "http://www.superior-dentistry.com/contact-us.html" "Mozilla/5.0 (Windows; U; Windows NT 5.1; en-US; rv:1.9.2.19) Gecko/20110707 Firefox/3.6.19 GTB7.1 (.NET CLR 3.5.30729)" "www.superior-dentistry.com"
182.64.214.150 - - [06/Dec/2015:20:02:00 -0800] "GET /css/font-awesome.css HTTP/1.1" 200 28747 "http://www.superior-dentistry.com/contact-us.html" "Mozilla/5.0 (Windows; U; Windows NT 5.1; en-US; rv:1.9.2.19) Gecko/20110707 Firefox/3.6.19 GTB7.1 (.NET CLR 3.5.30729)" "www.superior-dentistry.com"
182.64.214.150 - - [06/Dec/2015:20:02:00 -0800] "GET /js/ie-emulation-modes-warning.js HTTP/1.1" 200 2132 "http://www.superior-dentistry.com/contact-us.html" "Mozilla/5.0 (Windows; U; Windows NT 5.1; en-US; rv:1.9.2.19) Gecko/20110707 Firefox/3.6.19 GTB7.1 (.NET CLR 3.5.30729)" "www.superior-dentistry.com"
182.64.214.150 - - [06/Dec/2015:20:02:00 -0800] "GET /css/bootstrap.css HTTP/1.1" 200 138415 "http://www.superior-dentistry.com/contact-us.html" "Mozilla/5.0 (Windows; U; Windows NT 5.1; en-US; rv:1.9.2.19) Gecko/20110707 Firefox/3.6.19 GTB7.1 (.NET CLR 3.5.30729)" "www.superior-dentistry.com"
182.64.214.150 - - [06/Dec/2015:20:02:05 -0800] "GET /img/contact-img.jpg HTTP/1.1" 200 83148 "http://www.superior-dentistry.com/contact-us.html" "Mozilla/5.0 (Windows; U; Windows NT 5.1; en-US; rv:1.9.2.19) Gecko/20110707 Firefox/3.6.19 GTB7.1 (.NET CLR 3.5.30729)" "www.superior-dentistry.com"
182.64.214.150 - - [06/Dec/2015:20:02:12 -0800] "GET /img/zocdoc-apt.jpg HTTP/1.1" 200 79396 "http://www.superior-dentistry.com/contact-us.html" "Mozilla/5.0 (Windows; U; Windows NT 5.1; en-US; rv:1.9.2.19) Gecko/20110707 Firefox/3.6.19 GTB7.1 (.NET CLR 3.5.30729)" "www.superior-dentistry.com"
182.64.214.150 - - [06/Dec/2015:20:02:24 -0800] "GET /favicon.ico HTTP/1.1" 200 688 "-" "Mozilla/5.0 (Windows; U; Windows NT 5.1; en-US; rv:1.9.2.19) Gecko/20110707 Firefox/3.6.19 GTB7.1 (.NET CLR 3.5.30729)" "www.superior-dentistry.com"
182.64.214.150 - - [06/Dec/2015:20:02:36 -0800] "POST /sendemail.php HTTP/1.1" 302 5 "http://www.superior-dentistry.com/contact-us.html" "Mozilla/5.0 (Windows; U; Windows NT 5.1; en-US; rv:1.9.2.19) Gecko/20110707 Firefox/3.6.19 GTB7.1 (.NET CLR 3.5.30729)" "www.superior-dentistry.com"
182.64.214.150 - - [06/Dec/2015:20:02:37 -0800] "GET /fonts/fontawesome-webfont.woff?v=4.3.0 HTTP/1.1" 304 - "http://www.superior-dentistry.com/css/font-awesome.css" "Mozilla/5.0 (Windows; U; Windows NT 5.1; en-US; rv:1.9.2.19) Gecko/20110707 Firefox/3.6.19 GTB7.1 (.NET CLR 3.5.30729)" "www.superior-dentistry.com"
207.46.13.126 - - [06/Dec/2015:20:11:05 -0800] "GET /images/ZocDoc.png HTTP/1.1" 404 89 "-" "Mozilla/5.0 (compatible; bingbot/2.0; +http://www.bing.com/bingbot.htm)" "www.superior-dentistry.com"
207.46.13.126 - - [06/Dec/2015:20:11:05 -0800] "GET /images/mainimg1.jpg HTTP/1.1" 404 89 "-" "Mozilla/5.0 (compatible; bingbot/2.0; +http://www.bing.com/bingbot.htm)" "www.superior-dentistry.com"
207.46.13.126 - - [06/Dec/2015:20:11:05 -0800] "GET /images/night-guard.jpg HTTP/1.1" 404 89 "-" "Mozilla/5.0 (compatible; bingbot/2.0; +http://www.bing.com/bingbot.htm)" "www.superior-dentistry.com"
208.122.6.102 - - [06/Dec/2015:20:20:40 -0800] "GET / HTTP/1.1" 200 38156 "-" "FreeWebMonitoring SiteChecker/0.2 (+http://www.freewebmonitoring.com/bot.html)" "www.superior-dentistry.com"
206.16.134.16 - - [06/Dec/2015:20:43:11 -0800] "GET / HTTP/1.1" 200 38156 "-" "Mozilla/5.0 (Windows NT 6.1; WOW64; rv:29.0) Gecko/20120101 Firefox/29.0" "superior-dentistry.com"
207.46.13.77 - - [06/Dec/2015:21:12:13 -0800] "GET /robots.txt HTTP/1.1" 200 49 "-" "Mozilla/5.0 (compatible; bingbot/2.0; +http://www.bing.com/bingbot.htm)" "www.superior-dentistry.com"
100.43.90.8 - - [06/Dec/2015:21:12:33 -0800] "GET /img/porcelain-veneers.jpg HTTP/1.1" 200 151567 "-" "Mozilla/5.0 (compatible; YandexImages/3.0; +http://yandex.com/bots)" "www.superior-dentistry.com"
207.46.13.77 - - [06/Dec/2015:21:12:44 -0800] "GET /img/porcelain-veneers.jpg HTTP/1.1" 304 - "-" "Mozilla/5.0 (compatible; bingbot/2.0; +http://www.bing.com/bingbot.htm)" "www.superior-dentistry.com"
185.53.44.79 - - [06/Dec/2015:21:13:54 -0800] "GET /Dental-Links.html HTTP/1.1" 200 27636 "-" "Mozilla/5.0 (compatible; XoviBot/2.0; +http://www.xovibot.net/)" "www.superior-dentistry.com"
208.122.6.102 - - [06/Dec/2015:21:21:35 -0800] "GET / HTTP/1.1" 200 38156 "-" "FreeWebMonitoring SiteChecker/0.2 (+http://www.freewebmonitoring.com/bot.html)" "www.superior-dentistry.com"
204.79.180.183 - - [06/Dec/2015:21:35:02 -0800] "GET /index.html HTTP/1.1" 200 38156 "-" "Mozilla/5.0 (compatible; MSIE 9.0; Windows NT 6.1; Trident/5.0;  Trident/5.0)" "www.superior-dentistry.com"
204.79.180.229 - - [06/Dec/2015:21:35:03 -0800] "GET /css/font-awesome.css HTTP/1.1" 200 28747 "http://www.superior-dentistry.com/index.html" "Mozilla/5.0 (compatible; MSIE 9.0; Windows NT 6.1; Trident/5.0;  Trident/5.0)" "www.superior-dentistry.com"
204.79.180.73 - - [06/Dec/2015:21:35:04 -0800] "GET /theme.css HTTP/1.1" 200 1926 "http://www.superior-dentistry.com/index.html" "Mozilla/5.0 (compatible; MSIE 9.0; Windows NT 6.1; Trident/5.0;  Trident/5.0)" "www.superior-dentistry.com"
204.79.180.234 - - [06/Dec/2015:21:35:04 -0800] "GET /css/bootstrap-theme.css HTTP/1.1" 304 - "http://www.superior-dentistry.com/index.html" "Mozilla/5.0 (compatible; MSIE 9.0; Windows NT 6.1; Trident/5.0;  Trident/5.0)" "www.superior-dentistry.com"
204.79.180.21 - - [06/Dec/2015:21:35:04 -0800] "GET /css/bootstrap.css HTTP/1.1" 304 - "http://www.superior-dentistry.com/index.html" "Mozilla/5.0 (compatible; MSIE 9.0; Windows NT 6.1; Trident/5.0;  Trident/5.0)" "www.superior-dentistry.com"
204.79.180.244 - - [06/Dec/2015:21:35:05 -0800] "GET /js/ie-emulation-modes-warning.js HTTP/1.1" 200 2132 "http://www.superior-dentistry.com/index.html" "Mozilla/5.0 (compatible; MSIE 9.0; Windows NT 6.1; Trident/5.0;  Trident/5.0)" "www.superior-dentistry.com"
204.79.180.90 - - [06/Dec/2015:21:35:06 -0800] "GET /js/docs.min.js HTTP/1.1" 200 43299 "http://www.superior-dentistry.com/index.html" "Mozilla/5.0 (compatible; MSIE 9.0; Windows NT 6.1; Trident/5.0;  Trident/5.0)" "www.superior-dentistry.com"
204.79.180.2 - - [06/Dec/2015:21:35:06 -0800] "GET /js/bootstrap.min.js HTTP/1.1" 200 35601 "http://www.superior-dentistry.com/index.html" "Mozilla/5.0 (compatible; MSIE 9.0; Windows NT 6.1; Trident/5.0;  Trident/5.0)" "www.superior-dentistry.com"
204.79.180.76 - - [06/Dec/2015:21:35:06 -0800] "GET /js/ie10-viewport-bug-workaround.js HTTP/1.1" 200 694 "http://www.superior-dentistry.com/index.html" "Mozilla/5.0 (compatible; MSIE 9.0; Windows NT 6.1; Trident/5.0;  Trident/5.0)" "www.superior-dentistry.com"
204.79.180.158 - - [06/Dec/2015:21:35:06 -0800] "GET /assets/flash/ZeroClipboard.swf?noCache=1449466506630 HTTP/1.1" 404 89 "http://www.superior-dentistry.com/index.html" "Mozilla/5.0 (compatible; MSIE 9.0; Windows NT 6.1; Trident/5.0;  Trident/5.0)" "www.superior-dentistry.com"
151.80.31.119 - - [06/Dec/2015:22:04:11 -0800] "GET /robots.txt HTTP/1.1" 200 49 "-" "Mozilla/5.0 (compatible; AhrefsBot/5.0; +http://ahrefs.com/robot/)" "superior-dentistry.com"
208.122.6.102 - - [06/Dec/2015:22:22:24 -0800] "GET / HTTP/1.1" 200 38156 "-" "FreeWebMonitoring SiteChecker/0.2 (+http://www.freewebmonitoring.com/bot.html)" "www.superior-dentistry.com"
66.249.64.174 - - [06/Dec/2015:22:22:56 -0800] "GET /img/jaw-surgery.jpg HTTP/1.1" 200 27058 "-" "Googlebot-Image/1.0" "www.superior-dentistry.com"
95.142.163.99 - - [06/Dec/2015:22:32:55 -0800] "GET /contact-us.php HTTP/1.1" 200 73 "-" "Mozilla/5.0 (X11; Ubuntu; Linux x86_64; rv:26.0) Gecko/20100101 Firefox/26.0" "www.superior-dentistry.com"
185.53.44.91 - - [06/Dec/2015:22:47:44 -0800] "GET /treatment.php HTTP/1.1" 200 21262 "-" "Mozilla/5.0 (compatible; XoviBot/2.0; +http://www.xovibot.net/)" "www.superior-dentistry.com"
207.46.13.126 - - [06/Dec/2015:23:00:25 -0800] "GET /robots.txt HTTP/1.1" 200 49 "-" "Mozilla/5.0 (compatible; bingbot/2.0; +http://www.bing.com/bingbot.htm)" "www.superior-dentistry.com"
54.235.174.193 - - [06/Dec/2015:23:13:29 -0800] "GET /Dental-LinkExchange.html HTTP/1.1" 200 25575 "-" "Mozilla/5.0 (Windows; U; Windows NT 5.1; en-US; rv:1.7.5) Gecko/20041107 Firefox/1.0" "superior-dentistry.com"
208.115.113.85 - - [06/Dec/2015:23:20:46 -0800] "GET /robots.txt HTTP/1.1" 200 49 "-" "Mozilla/5.0 (compatible; DotBot/1.1; http://www.opensiteexplorer.org/dotbot, help@moz.com)" "www.superior-dentistry.com"
208.122.6.102 - - [06/Dec/2015:23:22:40 -0800] "GET / HTTP/1.1" 200 38156 "-" "FreeWebMonitoring SiteChecker/0.2 (+http://www.freewebmonitoring.com/bot.html)" "www.superior-dentistry.com"
54.221.206.141 - - [06/Dec/2015:23:36:46 -0800] "GET /robots.txt HTTP/1.1" 200 49 "-" "Mozilla/5.0 (compatible; MSIE 9.0; Windows NT 6.1; WOW64; Trident/5.0)" "superior-dentistry.com"
54.235.174.193 - - [07/Dec/2015:00:06:48 -0800] "HEAD /Dental-LinkExchange.html HTTP/1.1" 200 0 "-" "Mozilla/5.0 (Windows; U; Windows NT 5.1; en-US; rv:1.7.5) Gecko/20041107 Firefox/1.0" "superior-dentistry.com"
54.235.174.193 - - [07/Dec/2015:00:06:48 -0800] "GET /Dental-LinkExchange.html HTTP/1.1" 200 25575 "-" "Mozilla/5.0 (Windows; U; Windows NT 5.1; en-US; rv:1.7.5) Gecko/20041107 Firefox/1.0" "superior-dentistry.com"
208.115.113.85 - - [07/Dec/2015:00:23:22 -0800] "GET /Dental-LinkExchange.html HTTP/1.1" 200 25575 "-" "Mozilla/5.0 (compatible; DotBot/1.1; http://www.opensiteexplorer.org/dotbot, help@moz.com)" "www.superior-dentistry.com"
119.96.193.6 - - [07/Dec/2015:00:38:04 -0800] "GET /blog.php HTTP/1.1" 200 99736 "-" "Mozilla/5.0 (Windows NT 6.1; Trident/7.0; rv:11.0) like Gecko" "www.superior-dentistry.com"
119.96.193.6 - - [07/Dec/2015:00:38:06 -0800] "POST /blog.php/trackback/ HTTP/1.1" 200 99355 "http://www.superior-dentistry.com/blog.php" "Mozilla/5.0 (Windows NT 6.1; Trident/7.0; rv:11.0) like Gecko" "www.superior-dentistry.com"
66.249.64.174 - - [07/Dec/2015:00:48:35 -0800] "GET /images/patientform.png HTTP/1.1" 404 89 "-" "Googlebot-Image/1.0" "www.superior-dentistry.com"
66.249.64.168 - - [07/Dec/2015:00:52:37 -0800] "GET /images/care2.jpg HTTP/1.1" 404 89 "-" "Googlebot-Image/1.0" "www.superior-dentistry.com"
208.115.113.85 - - [07/Dec/2015:01:00:18 -0800] "GET /Dentist-Bowie-MD/js/?S=D HTTP/1.1" 200 6862 "-" "Mozilla/5.0 (compatible; DotBot/1.1; http://www.opensiteexplorer.org/dotbot, help@moz.com)" "www.superior-dentistry.com"
208.115.113.85 - - [07/Dec/2015:01:01:47 -0800] "GET /Dentist-Bowie-MD/images/?D=D HTTP/1.1" 200 2816 "-" "Mozilla/5.0 (compatible; DotBot/1.1; http://www.opensiteexplorer.org/dotbot, help@moz.com)" "www.superior-dentistry.com"
207.46.13.126 - - [07/Dec/2015:01:19:53 -0800] "GET /robots.txt HTTP/1.1" 200 49 "-" "Mozilla/5.0 (compatible; bingbot/2.0; +http://www.bing.com/bingbot.htm)" "www.superior-dentistry.com"
207.46.13.126 - - [07/Dec/2015:01:19:58 -0800] "GET /special-offers.html HTTP/1.1" 200 23685 "-" "Mozilla/5.0 (iPhone; CPU iPhone OS 7_0 like Mac OS X) AppleWebKit/537.51.1 (KHTML, like Gecko) Version/7.0 Mobile/11A465 Safari/9537.53 (compatible; bingbot/2.0;  http://www.bing.com/bingbot.htm)" "www.superior-dentistry.com"
207.46.13.77 - - [07/Dec/2015:01:20:04 -0800] "GET /robots.txt HTTP/1.1" 200 49 "-" "Mozilla/5.0 (compatible; bingbot/2.0; +http://www.bing.com/bingbot.htm)" "www.superior-dentistry.com"
207.46.13.126 - - [07/Dec/2015:01:20:13 -0800] "GET /css/js-image-slider.css HTTP/1.1" 404 89 "-" "Mozilla/5.0 (iPhone; CPU iPhone OS 7_0 like Mac OS X) AppleWebKit/537.51.1 (KHTML, like Gecko) Version/7.0 Mobile/11A465 Safari/9537.53 (compatible; bingbot/2.0; +http://www.bing.com/bingbot.htm)" "www.superior-dentistry.com"
208.122.6.102 - - [07/Dec/2015:01:24:23 -0800] "GET / HTTP/1.1" 200 38156 "-" "FreeWebMonitoring SiteChecker/0.2 (+http://www.freewebmonitoring.com/bot.html)" "www.superior-dentistry.com"
40.77.167.89 - - [07/Dec/2015:01:45:19 -0800] "GET /img/SnapOnSmile.jpg HTTP/1.1" 200 71471 "-" "Mozilla/5.0 (compatible; bingbot/2.0; +http://www.bing.com/bingbot.htm)" "www.superior-dentistry.com"
40.77.167.89 - - [07/Dec/2015:01:45:20 -0800] "GET /Dentist-Bowie-MD/js/ HTTP/1.1" 200 6862 "-" "Mozilla/5.0 (compatible; bingbot/2.0; +http://www.bing.com/bingbot.htm)" "www.superior-dentistry.com"
180.76.15.136 - - [07/Dec/2015:01:46:29 -0800] "GET /Financial-And-Privacy-Policy.pdf HTTP/1.1" 200 617984 "-" "Mozilla/5.0 (compatible; Baiduspider/2.0; +http://www.baidu.com/search/spider.html)" "superior-dentistry.com"
141.8.143.163 - - [07/Dec/2015:02:07:57 -0800] "GET /robots.txt HTTP/1.1" 200 49 "-" "Mozilla/5.0 (compatible; YandexBot/3.0; +http://yandex.com/bots)" "www.superior-dentistry.com"
199.30.24.193 - - [07/Dec/2015:02:21:07 -0800] "GET /css/style.css HTTP/1.1" 404 89 "http://www.superior-dentistry.com/special-offers.html" "Mozilla/5.0 (iPhone; CPU iPhone OS 7_0 like Mac OS X) AppleWebKit/537.51.1 (KHTML, like Gecko) Version/7.0 Mobile/11A465 Safari/9537.53 BingPreview/1.0b" "www.superior-dentistry.com"
199.30.24.193 - - [07/Dec/2015:02:21:07 -0800] "GET /js/jquery-1.6.4.min.js HTTP/1.1" 404 89 "http://www.superior-dentistry.com/special-offers.html" "Mozilla/5.0 (iPhone; CPU iPhone OS 7_0 like Mac OS X) AppleWebKit/537.51.1 (KHTML, like Gecko) Version/7.0 Mobile/11A465 Safari/9537.53 BingPreview/1.0b" "www.superior-dentistry.com"
208.122.6.102 - - [07/Dec/2015:02:25:18 -0800] "GET / HTTP/1.1" 200 38156 "-" "FreeWebMonitoring SiteChecker/0.2 (+http://www.freewebmonitoring.com/bot.html)" "www.superior-dentistry.com"
80.250.234.220 - - [07/Dec/2015:03:11:14 -0800] "POST /manager/processors/login.processor.php HTTP/1.1" 404 89 "-" "Mozilla/5.0 (X11; Ubuntu; Linux i686 on x86_64) AppleWebKit/537.36 (KHTML, like Gecko) Chrome/32.0.1719.27 Safari/537.36" "superior-dentistry.com"
66.249.64.168 - - [07/Dec/2015:03:12:09 -0800] "GET /index.php HTTP/1.1" 200 73 "-" "Mozilla/5.0 (compatible; Googlebot/2.1; +http://www.google.com/bot.html)" "www.superior-dentistry.com"
180.76.15.150 - - [07/Dec/2015:03:15:38 -0800] "GET /Patient-Information-Form.pdf HTTP/1.1" 200 1114112 "-" "Mozilla/5.0 (compatible; Baiduspider/2.0; +http://www.baidu.com/search/spider.html)" "superior-dentistry.com"
207.46.13.126 - - [07/Dec/2015:03:17:51 -0800] "GET /robots.txt HTTP/1.1" 200 49 "-" "Mozilla/5.0 (compatible; bingbot/2.0; +http://www.bing.com/bingbot.htm)" "www.superior-dentistry.com"
207.46.13.126 - - [07/Dec/2015:03:17:59 -0800] "GET /urllist.txt HTTP/1.1" 200 1480 "-" "Mozilla/5.0 (compatible; bingbot/2.0; +http://www.bing.com/bingbot.htm)" "www.superior-dentistry.com"
208.122.6.102 - - [07/Dec/2015:03:26:24 -0800] "GET / HTTP/1.1" 200 38156 "-" "FreeWebMonitoring SiteChecker/0.2 (+http://www.freewebmonitoring.com/bot.html)" "www.superior-dentistry.com"
85.94.126.59 - - [07/Dec/2015:03:46:34 -0800] "GET /Bowie-Dentists/images/care5.jpg HTTP/1.1" 200 330601 "https://www.google.com" "Mozilla/5.0 (Windows NT 6.1; WOW64; rv:42.0) Gecko/20100101 Firefox/42.0" "www.superior-dentistry.com"
203.133.169.230 - - [07/Dec/2015:04:12:31 -0800] "GET / HTTP/1.1" 200 38156 "-" "Mozilla/5.0 (compatible; MSIE or Firefox mutant; not on Windows server;) Daumoa 4.0" "www.superior-dentistry.com"
100.43.90.13 - - [07/Dec/2015:04:16:01 -0800] "GET /Bowie-Dentists/images/care1.jpg HTTP/1.1" 200 284811 "-" "Mozilla/5.0 (compatible; YandexImages/3.0; +http://yandex.com/bots)" "www.superior-dentistry.com"
66.249.64.162 - - [07/Dec/2015:04:17:57 -0800] "GET /assets/flash/ZeroClipboard.swf?noCache=1449446400033&trustedOrigins=www.superior-dentistry.com%2C%2F%2Fwww.superior-dentistry.com%2Chttp%3A%2F%2Fwww.superior-dentistry.com HTTP/1.1" 404 89 "-" "Googlebot-Video/1.0" "www.superior-dentistry.com"
174.48.237.124 - - [07/Dec/2015:04:18:03 -0800] "HEAD /Dentistry-Maryland-MD.html HTTP/1.1" 200 0 "http://www.ask.com/web?q=Dentist Dundalk&frstpgo=0&page=5" "Mozilla/5.0 (Windows; U; MSIE 9.0; Windows NT 9.0; en-US)" "www.superior-dentistry.com"
174.48.237.124 - - [07/Dec/2015:04:18:03 -0800] "GET /Dentistry-Maryland-MD.html HTTP/1.1" 200 31039 "http://www.ask.com/web?q=Dentist Dundalk&frstpgo=0&page=5" "Mozilla/5.0 (Windows; U; MSIE 9.0; Windows NT 9.0; en-US)" "www.superior-dentistry.com"
207.46.13.188 - - [07/Dec/2015:04:23:09 -0800] "GET /robots.txt HTTP/1.1" 200 49 "-" "Mozilla/5.0 (compatible; bingbot/2.0; +http://www.bing.com/bingbot.htm)" "www.superior-dentistry.com"
207.46.13.188 - - [07/Dec/2015:04:23:10 -0800] "GET /Dentist-Bowie-MD/Dental-Implants-Maryland-MD.html HTTP/1.1" 200 33055 "-" "Mozilla/5.0 (compatible; bingbot/2.0; +http://www.bing.com/bingbot.htm)" "www.superior-dentistry.com"
207.46.13.188 - - [07/Dec/2015:04:23:21 -0800] "GET /robots.txt HTTP/1.1" 200 49 "-" "Mozilla/5.0 (compatible; bingbot/2.0; +http://www.bing.com/bingbot.htm)" "www.superior-dentistry.com"
207.46.13.188 - - [07/Dec/2015:04:23:21 -0800] "GET /robots.txt HTTP/1.1" 200 49 "-" "Mozilla/5.0 (compatible; bingbot/2.0; +http://www.bing.com/bingbot.htm)" "www.superior-dentistry.com"
207.46.13.188 - - [07/Dec/2015:04:23:22 -0800] "GET /robots.txt HTTP/1.1" 200 49 "-" "Mozilla/5.0 (compatible; bingbot/2.0; +http://www.bing.com/bingbot.htm)" "www.superior-dentistry.com"
207.46.13.126 - - [07/Dec/2015:04:23:24 -0800] "GET /robots.txt HTTP/1.1" 200 49 "-" "Mozilla/5.0 (compatible; bingbot/2.0; +http://www.bing.com/bingbot.htm)" "www.superior-dentistry.com"
207.46.13.126 - - [07/Dec/2015:04:23:33 -0800] "GET /Dentist-Bowie-MD/js/js-image-slider.js HTTP/1.1" 200 15260 "-" "Mozilla/5.0 (compatible; bingbot/2.0; +http://www.bing.com/bingbot.htm)" "www.superior-dentistry.com"
207.46.13.126 - - [07/Dec/2015:04:23:33 -0800] "GET /images/care6.jpg HTTP/1.1" 404 89 "-" "Mozilla/5.0 (compatible; bingbot/2.0; +http://www.bing.com/bingbot.htm)" "www.superior-dentistry.com"
207.46.13.188 - - [07/Dec/2015:04:23:37 -0800] "GET /Dentist-Bowie-MD/css/js-image-slider.css HTTP/1.1" 200 2917 "-" "Mozilla/5.0 (compatible; bingbot/2.0; +http://www.bing.com/bingbot.htm)" "www.superior-dentistry.com"
207.46.13.188 - - [07/Dec/2015:04:23:37 -0800] "GET /Dentist-Bowie-MD/css/style.css HTTP/1.1" 200 19818 "-" "Mozilla/5.0 (compatible; bingbot/2.0; +http://www.bing.com/bingbot.htm)" "www.superior-dentistry.com"
207.46.13.188 - - [07/Dec/2015:04:23:37 -0800] "GET /images/care5.jpg HTTP/1.1" 404 89 "-" "Mozilla/5.0 (compatible; bingbot/2.0; +http://www.bing.com/bingbot.htm)" "www.superior-dentistry.com"
207.46.13.188 - - [07/Dec/2015:04:23:37 -0800] "GET /images/services3.png HTTP/1.1" 404 89 "-" "Mozilla/5.0 (compatible; bingbot/2.0; +http://www.bing.com/bingbot.htm)" "www.superior-dentistry.com"
208.122.6.102 - - [07/Dec/2015:04:27:15 -0800] "GET / HTTP/1.1" 200 38156 "-" "FreeWebMonitoring SiteChecker/0.2 (+http://www.freewebmonitoring.com/bot.html)" "www.superior-dentistry.com"
185.53.44.148 - - [07/Dec/2015:04:38:06 -0800] "GET /Dentistry-Maryland-MD.html HTTP/1.1" 200 31039 "-" "Mozilla/5.0 (compatible; XoviBot/2.0; +http://www.xovibot.net/)" "www.superior-dentistry.com"
71.246.203.156 - - [07/Dec/2015:05:11:39 -0800] "GET /js/ie-emulation-modes-warning.js HTTP/1.1" 200 2132 "http://www.superior-dentistry.com/" "Mozilla/5.0 (iPhone; CPU iPhone OS 9_1 like Mac OS X) AppleWebKit/601.1.46 (KHTML, like Gecko) Version/9.0 Mobile/13B143 Safari/601.1" "www.superior-dentistry.com"
71.246.203.156 - - [07/Dec/2015:05:11:39 -0800] "GET /css/font-awesome.css HTTP/1.1" 200 28747 "http://www.superior-dentistry.com/" "Mozilla/5.0 (iPhone; CPU iPhone OS 9_1 like Mac OS X) AppleWebKit/601.1.46 (KHTML, like Gecko) Version/9.0 Mobile/13B143 Safari/601.1" "www.superior-dentistry.com"
71.246.203.156 - - [07/Dec/2015:05:11:39 -0800] "GET /img/wisdom-teeth-extraction.jpg HTTP/1.1" 200 23758 "http://www.superior-dentistry.com/" "Mozilla/5.0 (iPhone; CPU iPhone OS 9_1 like Mac OS X) AppleWebKit/601.1.46 (KHTML, like Gecko) Version/9.0 Mobile/13B143 Safari/601.1" "www.superior-dentistry.com"
71.246.203.156 - - [07/Dec/2015:05:11:39 -0800] "GET /img/dental-implants.jpg HTTP/1.1" 200 22844 "http://www.superior-dentistry.com/" "Mozilla/5.0 (iPhone; CPU iPhone OS 9_1 like Mac OS X) AppleWebKit/601.1.46 (KHTML, like Gecko) Version/9.0 Mobile/13B143 Safari/601.1" "www.superior-dentistry.com"
71.246.203.156 - - [07/Dec/2015:05:11:39 -0800] "GET /img/logo.jpg HTTP/1.1" 200 139628 "http://www.superior-dentistry.com/" "Mozilla/5.0 (iPhone; CPU iPhone OS 9_1 like Mac OS X) AppleWebKit/601.1.46 (KHTML, like Gecko) Version/9.0 Mobile/13B143 Safari/601.1" "www.superior-dentistry.com"
71.246.203.156 - - [07/Dec/2015:05:11:39 -0800] "GET /css/bootstrap.css HTTP/1.1" 200 138415 "http://www.superior-dentistry.com/" "Mozilla/5.0 (iPhone; CPU iPhone OS 9_1 like Mac OS X) AppleWebKit/601.1.46 (KHTML, like Gecko) Version/9.0 Mobile/13B143 Safari/601.1" "www.superior-dentistry.com"
71.246.203.156 - - [07/Dec/2015:05:11:39 -0800] "GET /js/bootstrap.min.js HTTP/1.1" 200 35601 "http://www.superior-dentistry.com/" "Mozilla/5.0 (iPhone; CPU iPhone OS 9_1 like Mac OS X) AppleWebKit/601.1.46 (KHTML, like Gecko) Version/9.0 Mobile/13B143 Safari/601.1" "www.superior-dentistry.com"
71.246.203.156 - - [07/Dec/2015:05:11:39 -0800] "GET /js/docs.min.js HTTP/1.1" 200 43299 "http://www.superior-dentistry.com/" "Mozilla/5.0 (iPhone; CPU iPhone OS 9_1 like Mac OS X) AppleWebKit/601.1.46 (KHTML, like Gecko) Version/9.0 Mobile/13B143 Safari/601.1" "www.superior-dentistry.com"
71.246.203.156 - - [07/Dec/2015:05:11:39 -0800] "GET /js/ie10-viewport-bug-workaround.js HTTP/1.1" 200 694 "http://www.superior-dentistry.com/" "Mozilla/5.0 (iPhone; CPU iPhone OS 9_1 like Mac OS X) AppleWebKit/601.1.46 (KHTML, like Gecko) Version/9.0 Mobile/13B143 Safari/601.1" "www.superior-dentistry.com"
71.246.203.156 - - [07/Dec/2015:05:11:39 -0800] "GET /img/oral-pathology.jpg HTTP/1.1" 200 33395 "http://www.superior-dentistry.com/" "Mozilla/5.0 (iPhone; CPU iPhone OS 9_1 like Mac OS X) AppleWebKit/601.1.46 (KHTML, like Gecko) Version/9.0 Mobile/13B143 Safari/601.1" "www.superior-dentistry.com"
71.246.203.156 - - [07/Dec/2015:05:11:39 -0800] "GET /img/slider3.jpg HTTP/1.1" 200 217901 "http://www.superior-dentistry.com/" "Mozilla/5.0 (iPhone; CPU iPhone OS 9_1 like Mac OS X) AppleWebKit/601.1.46 (KHTML, like Gecko) Version/9.0 Mobile/13B143 Safari/601.1" "www.superior-dentistry.com"
71.246.203.156 - - [07/Dec/2015:05:11:39 -0800] "GET /img/jaw-surgery.jpg HTTP/1.1" 200 27058 "http://www.superior-dentistry.com/" "Mozilla/5.0 (iPhone; CPU iPhone OS 9_1 like Mac OS X) AppleWebKit/601.1.46 (KHTML, like Gecko) Version/9.0 Mobile/13B143 Safari/601.1" "www.superior-dentistry.com"
71.246.203.156 - - [07/Dec/2015:05:11:39 -0800] "GET /img/tmj-trauma.jpg HTTP/1.1" 200 22488 "http://www.superior-dentistry.com/" "Mozilla/5.0 (iPhone; CPU iPhone OS 9_1 like Mac OS X) AppleWebKit/601.1.46 (KHTML, like Gecko) Version/9.0 Mobile/13B143 Safari/601.1" "www.superior-dentistry.com"
71.246.203.156 - - [07/Dec/2015:05:13:00 -0800] "GET /img/slider1.jpg HTTP/1.1" 200 268888 "http://www.superior-dentistry.com/" "Mozilla/5.0 (iPhone; CPU iPhone OS 9_1 like Mac OS X) AppleWebKit/601.1.46 (KHTML, like Gecko) Version/9.0 Mobile/13B143 Safari/601.1" "www.superior-dentistry.com"
131.253.25.160 - - [07/Dec/2015:05:24:26 -0800] "GET /Dentist-Bowie-MD/css/reset.css HTTP/1.1" 200 922 "http://www.superior-dentistry.com/Dentist-Bowie-MD/Dental-Implants-Maryland-MD.html" "Mozilla/5.0 (Windows NT 6.1; WOW64) AppleWebKit/534+ (KHTML, like Gecko) BingPreview/1.0b" "www.superior-dentistry.com"
131.253.25.160 - - [07/Dec/2015:05:24:26 -0800] "GET /Dentist-Bowie-MD/js/jquery-1.6.4.min.js HTTP/1.1" 200 91669 "http://www.superior-dentistry.com/Dentist-Bowie-MD/Dental-Implants-Maryland-MD.html" "Mozilla/5.0 (Windows NT 6.1; WOW64) AppleWebKit/534+ (KHTML, like Gecko) BingPreview/1.0b" "www.superior-dentistry.com"
131.253.25.160 - - [07/Dec/2015:05:24:26 -0800] "GET /Dentist-Bowie-MD/css/coin-slider.css HTTP/1.1" 200 710 "http://www.superior-dentistry.com/Dentist-Bowie-MD/Dental-Implants-Maryland-MD.html" "Mozilla/5.0 (Windows NT 6.1; WOW64) AppleWebKit/534+ (KHTML, like Gecko) BingPreview/1.0b" "www.superior-dentistry.com"
131.253.25.160 - - [07/Dec/2015:05:24:26 -0800] "GET /Dentist-Bowie-MD/css/grid.css HTTP/1.1" 200 5182 "http://www.superior-dentistry.com/Dentist-Bowie-MD/Dental-Implants-Maryland-MD.html" "Mozilla/5.0 (Windows NT 6.1; WOW64) AppleWebKit/534+ (KHTML, like Gecko) BingPreview/1.0b" "www.superior-dentistry.com"
131.253.25.160 - - [07/Dec/2015:05:24:26 -0800] "GET /Dentist-Bowie-MD/css/forms.css HTTP/1.1" 200 2909 "http://www.superior-dentistry.com/Dentist-Bowie-MD/Dental-Implants-Maryland-MD.html" "Mozilla/5.0 (Windows NT 6.1; WOW64) AppleWebKit/534+ (KHTML, like Gecko) BingPreview/1.0b" "www.superior-dentistry.com"
131.253.25.160 - - [07/Dec/2015:05:24:27 -0800] "GET /Dentist-Bowie-MD/js/jquery.easing.1.3.js HTTP/1.1" 200 3517 "http://www.superior-dentistry.com/Dentist-Bowie-MD/Dental-Implants-Maryland-MD.html" "Mozilla/5.0 (Windows NT 6.1; WOW64) AppleWebKit/534+ (KHTML, like Gecko) BingPreview/1.0b" "www.superior-dentistry.com"
131.253.25.160 - - [07/Dec/2015:05:24:27 -0800] "GET /Dentist-Bowie-MD/css/font/delicious-roman.ttf HTTP/1.1" 404 89 "http://www.superior-dentistry.com/Dentist-Bowie-MD/Dental-Implants-Maryland-MD.html" "Mozilla/5.0 (Windows NT 6.1; WOW64) AppleWebKit/534+ (KHTML, like Gecko) BingPreview/1.0b" "www.superior-dentistry.com"
131.253.25.160 - - [07/Dec/2015:05:24:27 -0800] "GET /Dentist-Bowie-MD/images/logo1.jpg HTTP/1.1" 200 37169 "http://www.superior-dentistry.com/Dentist-Bowie-MD/Dental-Implants-Maryland-MD.html" "Mozilla/5.0 (Windows NT 6.1; WOW64) AppleWebKit/534+ (KHTML, like Gecko) BingPreview/1.0b" "www.superior-dentistry.com"
131.253.25.160 - - [07/Dec/2015:05:24:27 -0800] "GET /images/care1.jpg HTTP/1.1" 404 89 "http://www.superior-dentistry.com/Dentist-Bowie-MD/Dental-Implants-Maryland-MD.html" "Mozilla/5.0 (Windows NT 6.1; WOW64) AppleWebKit/534+ (KHTML, like Gecko) BingPreview/1.0b" "www.superior-dentistry.com"
131.253.25.160 - - [07/Dec/2015:05:24:27 -0800] "GET /images/care2.jpg HTTP/1.1" 404 89 "http://www.superior-dentistry.com/Dentist-Bowie-MD/Dental-Implants-Maryland-MD.html" "Mozilla/5.0 (Windows NT 6.1; WOW64) AppleWebKit/534+ (KHTML, like Gecko) BingPreview/1.0b" "www.superior-dentistry.com"
131.253.25.160 - - [07/Dec/2015:05:24:27 -0800] "GET /images/care4.jpg HTTP/1.1" 404 89 "http://www.superior-dentistry.com/Dentist-Bowie-MD/Dental-Implants-Maryland-MD.html" "Mozilla/5.0 (Windows NT 6.1; WOW64) AppleWebKit/534+ (KHTML, like Gecko) BingPreview/1.0b" "www.superior-dentistry.com"
131.253.25.160 - - [07/Dec/2015:05:24:27 -0800] "GET /Dentist-Bowie-MD/css/font/delicious-roman.svg HTTP/1.1" 404 89 "http://www.superior-dentistry.com/Dentist-Bowie-MD/Dental-Implants-Maryland-MD.html" "Mozilla/5.0 (Windows NT 6.1; WOW64) AppleWebKit/534+ (KHTML, like Gecko) BingPreview/1.0b" "www.superior-dentistry.com"
131.253.25.160 - - [07/Dec/2015:05:24:27 -0800] "GET /images/Patient-apt-icon2.png HTTP/1.1" 404 89 "http://www.superior-dentistry.com/Dentist-Bowie-MD/Dental-Implants-Maryland-MD.html" "Mozilla/5.0 (Windows NT 6.1; WOW64) AppleWebKit/534+ (KHTML, like Gecko) BingPreview/1.0b" "www.superior-dentistry.com"
131.253.25.160 - - [07/Dec/2015:05:24:27 -0800] "GET /Dentist-Bowie-MD/css/images/overlay.png HTTP/1.1" 404 89 "http://www.superior-dentistry.com/Dentist-Bowie-MD/Dental-Implants-Maryland-MD.html" "Mozilla/5.0 (Windows NT 6.1; WOW64) AppleWebKit/534+ (KHTML, like Gecko) BingPreview/1.0b" "www.superior-dentistry.com"
208.122.6.102 - - [07/Dec/2015:05:27:59 -0800] "GET / HTTP/1.1" 200 38156 "-" "FreeWebMonitoring SiteChecker/0.2 (+http://www.freewebmonitoring.com/bot.html)" "www.superior-dentistry.com"
191.191.149.236 - - [07/Dec/2015:05:31:49 -0800] "GET / HTTP/1.1" 200 38156 "http://rankings-analytics.com/try.php?u=http://superior-dentistry.com" "Mozilla/5.0 (Windows NT 6.1; WOW64) AppleWebKit/537.36 (KHTML, like Gecko) Chrome/36.0.1985.143 Safari/537.36" "superior-dentistry.com"
191.191.149.236 - - [07/Dec/2015:05:31:50 -0800] "GET /css/font-awesome.css HTTP/1.1" 200 28747 "http://superior-dentistry.com/" "Mozilla/5.0 (Windows NT 6.1; WOW64) AppleWebKit/537.36 (KHTML, like Gecko) Chrome/36.0.1985.143 Safari/537.36" "superior-dentistry.com"
191.191.149.236 - - [07/Dec/2015:05:31:50 -0800] "GET /theme.css HTTP/1.1" 200 1926 "http://superior-dentistry.com/" "Mozilla/5.0 (Windows NT 6.1; WOW64) AppleWebKit/537.36 (KHTML, like Gecko) Chrome/36.0.1985.143 Safari/537.36" "superior-dentistry.com"
191.191.149.236 - - [07/Dec/2015:05:31:50 -0800] "GET /css/bootstrap.css HTTP/1.1" 200 138415 "http://superior-dentistry.com/" "Mozilla/5.0 (Windows NT 6.1; WOW64) AppleWebKit/537.36 (KHTML, like Gecko) Chrome/36.0.1985.143 Safari/537.36" "superior-dentistry.com"
191.191.149.236 - - [07/Dec/2015:05:31:50 -0800] "GET /css/bootstrap-theme.css HTTP/1.1" 200 19156 "http://superior-dentistry.com/" "Mozilla/5.0 (Windows NT 6.1; WOW64) AppleWebKit/537.36 (KHTML, like Gecko) Chrome/36.0.1985.143 Safari/537.36" "superior-dentistry.com"
191.191.149.236 - - [07/Dec/2015:05:31:50 -0800] "GET /js/ie-emulation-modes-warning.js HTTP/1.1" 200 2132 "http://superior-dentistry.com/" "Mozilla/5.0 (Windows NT 6.1; WOW64) AppleWebKit/537.36 (KHTML, like Gecko) Chrome/36.0.1985.143 Safari/537.36" "superior-dentistry.com"
191.191.149.236 - - [07/Dec/2015:05:31:51 -0800] "GET /js/ie10-viewport-bug-workaround.js HTTP/1.1" 200 694 "http://superior-dentistry.com/" "Mozilla/5.0 (Windows NT 6.1; WOW64) AppleWebKit/537.36 (KHTML, like Gecko) Chrome/36.0.1985.143 Safari/537.36" "superior-dentistry.com"
191.191.149.236 - - [07/Dec/2015:05:31:51 -0800] "GET /js/docs.min.js HTTP/1.1" 200 43299 "http://superior-dentistry.com/" "Mozilla/5.0 (Windows NT 6.1; WOW64) AppleWebKit/537.36 (KHTML, like Gecko) Chrome/36.0.1985.143 Safari/537.36" "superior-dentistry.com"
191.191.149.236 - - [07/Dec/2015:05:31:51 -0800] "GET /js/bootstrap.min.js HTTP/1.1" 200 35601 "http://superior-dentistry.com/" "Mozilla/5.0 (Windows NT 6.1; WOW64) AppleWebKit/537.36 (KHTML, like Gecko) Chrome/36.0.1985.143 Safari/537.36" "superior-dentistry.com"
191.191.149.236 - - [07/Dec/2015:05:31:52 -0800] "GET /img/dental-implants.jpg HTTP/1.1" 200 22844 "http://superior-dentistry.com/" "Mozilla/5.0 (Windows NT 6.1; WOW64) AppleWebKit/537.36 (KHTML, like Gecko) Chrome/36.0.1985.143 Safari/537.36" "superior-dentistry.com"
191.191.149.236 - - [07/Dec/2015:05:31:52 -0800] "GET /img/logo.jpg HTTP/1.1" 200 139628 "http://superior-dentistry.com/" "Mozilla/5.0 (Windows NT 6.1; WOW64) AppleWebKit/537.36 (KHTML, like Gecko) Chrome/36.0.1985.143 Safari/537.36" "superior-dentistry.com"
191.191.149.236 - - [07/Dec/2015:05:31:52 -0800] "GET /img/wisdom-teeth-extraction.jpg HTTP/1.1" 200 23758 "http://superior-dentistry.com/" "Mozilla/5.0 (Windows NT 6.1; WOW64) AppleWebKit/537.36 (KHTML, like Gecko) Chrome/36.0.1985.143 Safari/537.36" "superior-dentistry.com"
191.191.149.236 - - [07/Dec/2015:05:31:52 -0800] "GET /img/oral-pathology.jpg HTTP/1.1" 200 33395 "http://superior-dentistry.com/" "Mozilla/5.0 (Windows NT 6.1; WOW64) AppleWebKit/537.36 (KHTML, like Gecko) Chrome/36.0.1985.143 Safari/537.36" "superior-dentistry.com"
191.191.149.236 - - [07/Dec/2015:05:31:52 -0800] "GET /img/jaw-surgery.jpg HTTP/1.1" 200 27058 "http://superior-dentistry.com/" "Mozilla/5.0 (Windows NT 6.1; WOW64) AppleWebKit/537.36 (KHTML, like Gecko) Chrome/36.0.1985.143 Safari/537.36" "superior-dentistry.com"
191.191.149.236 - - [07/Dec/2015:05:31:52 -0800] "GET /img/extraction.jpg HTTP/1.1" 200 30135 "http://superior-dentistry.com/" "Mozilla/5.0 (Windows NT 6.1; WOW64) AppleWebKit/537.36 (KHTML, like Gecko) Chrome/36.0.1985.143 Safari/537.36" "superior-dentistry.com"
191.191.149.236 - - [07/Dec/2015:05:31:52 -0800] "GET /img/tmj-trauma.jpg HTTP/1.1" 200 22488 "http://superior-dentistry.com/" "Mozilla/5.0 (Windows NT 6.1; WOW64) AppleWebKit/537.36 (KHTML, like Gecko) Chrome/36.0.1985.143 Safari/537.36" "superior-dentistry.com"
191.191.149.236 - - [07/Dec/2015:05:31:52 -0800] "GET /img/slider2.jpg HTTP/1.1" 200 345766 "http://superior-dentistry.com/" "Mozilla/5.0 (Windows NT 6.1; WOW64) AppleWebKit/537.36 (KHTML, like Gecko) Chrome/36.0.1985.143 Safari/537.36" "superior-dentistry.com"
191.191.149.236 - - [07/Dec/2015:05:31:52 -0800] "GET /img/slider1.jpg HTTP/1.1" 200 268888 "http://superior-dentistry.com/" "Mozilla/5.0 (Windows NT 6.1; WOW64) AppleWebKit/537.36 (KHTML, like Gecko) Chrome/36.0.1985.143 Safari/537.36" "superior-dentistry.com"
191.191.149.236 - - [07/Dec/2015:05:31:52 -0800] "GET /img/slider3.jpg HTTP/1.1" 200 217901 "http://superior-dentistry.com/" "Mozilla/5.0 (Windows NT 6.1; WOW64) AppleWebKit/537.36 (KHTML, like Gecko) Chrome/36.0.1985.143 Safari/537.36" "superior-dentistry.com"
191.191.149.236 - - [07/Dec/2015:05:31:52 -0800] "GET /img/meetdr-melika.jpg HTTP/1.1" 200 75968 "http://superior-dentistry.com/" "Mozilla/5.0 (Windows NT 6.1; WOW64) AppleWebKit/537.36 (KHTML, like Gecko) Chrome/36.0.1985.143 Safari/537.36" "superior-dentistry.com"
191.191.149.236 - - [07/Dec/2015:05:31:53 -0800] "GET /img/offer-31-05-2014-sonicare-brush.jpg HTTP/1.1" 200 13165 "http://superior-dentistry.com/" "Mozilla/5.0 (Windows NT 6.1; WOW64) AppleWebKit/537.36 (KHTML, like Gecko) Chrome/36.0.1985.143 Safari/537.36" "superior-dentistry.com"
191.191.149.236 - - [07/Dec/2015:05:31:53 -0800] "GET /img/offer-31-05-2014-new-patient.jpg HTTP/1.1" 200 15365 "http://superior-dentistry.com/" "Mozilla/5.0 (Windows NT 6.1; WOW64) AppleWebKit/537.36 (KHTML, like Gecko) Chrome/36.0.1985.143 Safari/537.36" "superior-dentistry.com"
191.191.149.236 - - [07/Dec/2015:05:31:53 -0800] "GET /fonts/fontawesome-webfont.ttf?v=4.3.0 HTTP/1.1" 200 122092 "http://superior-dentistry.com/" "Mozilla/5.0 (Windows NT 6.1; WOW64) AppleWebKit/537.36 (KHTML, like Gecko) Chrome/36.0.1985.143 Safari/537.36" "superior-dentistry.com"
71.246.203.156 - - [07/Dec/2015:06:01:34 -0800] "GET /img/dental-implants.jpg HTTP/1.1" 200 22844 "http://www.superior-dentistry.com/" "Mozilla/5.0 (iPhone; CPU iPhone OS 9_1 like Mac OS X) AppleWebKit/601.1.46 (KHTML, like Gecko) Version/9.0 Mobile/13B143 Safari/601.1" "www.superior-dentistry.com"
71.246.203.156 - - [07/Dec/2015:06:01:34 -0800] "GET /img/wisdom-teeth-extraction.jpg HTTP/1.1" 200 23758 "http://www.superior-dentistry.com/" "Mozilla/5.0 (iPhone; CPU iPhone OS 9_1 like Mac OS X) AppleWebKit/601.1.46 (KHTML, like Gecko) Version/9.0 Mobile/13B143 Safari/601.1" "www.superior-dentistry.com"
71.246.203.156 - - [07/Dec/2015:06:01:34 -0800] "GET /css/bootstrap.css HTTP/1.1" 200 138415 "http://www.superior-dentistry.com/" "Mozilla/5.0 (iPhone; CPU iPhone OS 9_1 like Mac OS X) AppleWebKit/601.1.46 (KHTML, like Gecko) Version/9.0 Mobile/13B143 Safari/601.1" "www.superior-dentistry.com"
71.246.203.156 - - [07/Dec/2015:06:01:34 -0800] "GET /img/logo.jpg HTTP/1.1" 200 139628 "http://www.superior-dentistry.com/" "Mozilla/5.0 (iPhone; CPU iPhone OS 9_1 like Mac OS X) AppleWebKit/601.1.46 (KHTML, like Gecko) Version/9.0 Mobile/13B143 Safari/601.1" "www.superior-dentistry.com"
71.246.203.156 - - [07/Dec/2015:06:01:34 -0800] "GET /img/oral-pathology.jpg HTTP/1.1" 200 33395 "http://www.superior-dentistry.com/" "Mozilla/5.0 (iPhone; CPU iPhone OS 9_1 like Mac OS X) AppleWebKit/601.1.46 (KHTML, like Gecko) Version/9.0 Mobile/13B143 Safari/601.1" "www.superior-dentistry.com"
180.76.15.31 - - [07/Dec/2015:06:03:18 -0800] "GET /Patient-Information-Form.pdf HTTP/1.1" 200 1114112 "-" "Mozilla/5.0 (compatible; Baiduspider/2.0; +http://www.baidu.com/search/spider.html)" "www.superior-dentistry.com"
208.122.6.102 - - [07/Dec/2015:06:29:05 -0800] "GET / HTTP/1.1" 200 38156 "-" "FreeWebMonitoring SiteChecker/0.2 (+http://www.freewebmonitoring.com/bot.html)" "www.superior-dentistry.com"
