100.16.104.42 - - [29/Oct/2016:17:38:34 -0700] "GET /favicon.ico HTTP/1.1" 200 688 "-" "Mozilla/5.0 (Windows NT 6.1; WOW64; rv:49.0) Gecko/20100101 Firefox/49.0" "www.superior-dentistry.com"
198.16.7.150 - - [29/Oct/2016:18:02:18 -0700] "GET / HTTP/1.1" 200 38900 "-" "FreeWebMonitoring SiteChecker/0.2 (+http://www.freewebmonitoring.com/bot.html)" "www.superior-dentistry.com"
216.19.213.111 - - [29/Oct/2016:18:03:38 -0700] "GET / HTTP/1.1" 200 38900 "-" "=Mozilla/5.0 (Windows; U; Windows NT 6.1; en-US) AppleWebKit/534.16 (KHTML, like Gecko) Chrome/10.0.648.204 Safari/534.16" "superior-dentistry.com"
54.91.16.247 - - [29/Oct/2016:18:10:41 -0700] "HEAD / HTTP/1.1" 200 0 "-" "Mozilla/5.0 (Macintosh; Intel Mac OS X 10_7_4) AppleWebKit/537.11 (KHTML, like Gecko)(compatible; http://url-validation.citygrid.com/) Chrome/23.0.1271.95 Safari/537.11" "superior-dentistry.com"
207.46.13.237 - - [29/Oct/2016:18:39:22 -0700] "GET /robots.txt HTTP/1.1" 200 49 "-" "Mozilla/5.0 (compatible; bingbot/2.0; +http://www.bing.com/bingbot.htm)" "www.superior-dentistry.com"
198.16.7.150 - - [29/Oct/2016:19:03:30 -0700] "GET / HTTP/1.1" 200 38900 "-" "FreeWebMonitoring SiteChecker/0.2 (+http://www.freewebmonitoring.com/bot.html)" "www.superior-dentistry.com"
174.204.23.55 - - [29/Oct/2016:19:25:17 -0700] "GET / HTTP/1.1" 200 38900 "-" "Mozilla/5.0 (iPhone; CPU iPhone OS 10_0_2 like Mac OS X) AppleWebKit/602.1.50 (KHTML, like Gecko) Mobile/14A456" "www.superior-dentistry.com"
174.204.23.55 - - [29/Oct/2016:19:25:17 -0700] "GET /css/bootstrap.css HTTP/1.1" 200 138415 "http://www.superior-dentistry.com/" "Mozilla/5.0 (iPhone; CPU iPhone OS 10_0_2 like Mac OS X) AppleWebKit/602.1.50 (KHTML, like Gecko) Mobile/14A456" "www.superior-dentistry.com"
174.204.23.55 - - [29/Oct/2016:19:25:17 -0700] "GET /css/bootstrap-theme.css HTTP/1.1" 200 19156 "http://www.superior-dentistry.com/" "Mozilla/5.0 (iPhone; CPU iPhone OS 10_0_2 like Mac OS X) AppleWebKit/602.1.50 (KHTML, like Gecko) Mobile/14A456" "www.superior-dentistry.com"
174.204.23.55 - - [29/Oct/2016:19:25:17 -0700] "GET /css/font-awesome.css HTTP/1.1" 200 28747 "http://www.superior-dentistry.com/" "Mozilla/5.0 (iPhone; CPU iPhone OS 10_0_2 like Mac OS X) AppleWebKit/602.1.50 (KHTML, like Gecko) Mobile/14A456" "www.superior-dentistry.com"
174.204.23.55 - - [29/Oct/2016:19:25:17 -0700] "GET /theme.css HTTP/1.1" 200 1926 "http://www.superior-dentistry.com/" "Mozilla/5.0 (iPhone; CPU iPhone OS 10_0_2 like Mac OS X) AppleWebKit/602.1.50 (KHTML, like Gecko) Mobile/14A456" "www.superior-dentistry.com"
174.204.23.55 - - [29/Oct/2016:19:25:17 -0700] "GET /js/ie-emulation-modes-warning.js HTTP/1.1" 200 2132 "http://www.superior-dentistry.com/" "Mozilla/5.0 (iPhone; CPU iPhone OS 10_0_2 like Mac OS X) AppleWebKit/602.1.50 (KHTML, like Gecko) Mobile/14A456" "www.superior-dentistry.com"
174.204.23.55 - - [29/Oct/2016:19:25:17 -0700] "GET /js/bootstrap.min.js HTTP/1.1" 200 35601 "http://www.superior-dentistry.com/" "Mozilla/5.0 (iPhone; CPU iPhone OS 10_0_2 like Mac OS X) AppleWebKit/602.1.50 (KHTML, like Gecko) Mobile/14A456" "www.superior-dentistry.com"
174.204.23.55 - - [29/Oct/2016:19:25:18 -0700] "GET /js/docs.min.js HTTP/1.1" 200 43299 "http://www.superior-dentistry.com/" "Mozilla/5.0 (iPhone; CPU iPhone OS 10_0_2 like Mac OS X) AppleWebKit/602.1.50 (KHTML, like Gecko) Mobile/14A456" "www.superior-dentistry.com"
174.204.23.55 - - [29/Oct/2016:19:25:18 -0700] "GET /js/ie10-viewport-bug-workaround.js HTTP/1.1" 200 694 "http://www.superior-dentistry.com/" "Mozilla/5.0 (iPhone; CPU iPhone OS 10_0_2 like Mac OS X) AppleWebKit/602.1.50 (KHTML, like Gecko) Mobile/14A456" "www.superior-dentistry.com"
174.204.23.55 - - [29/Oct/2016:19:25:18 -0700] "GET /img/wisdom-teeth-extraction.jpg HTTP/1.1" 200 23758 "http://www.superior-dentistry.com/" "Mozilla/5.0 (iPhone; CPU iPhone OS 10_0_2 like Mac OS X) AppleWebKit/602.1.50 (KHTML, like Gecko) Mobile/14A456" "www.superior-dentistry.com"
174.204.23.55 - - [29/Oct/2016:19:25:18 -0700] "GET /img/logo.jpg HTTP/1.1" 200 139628 "http://www.superior-dentistry.com/" "Mozilla/5.0 (iPhone; CPU iPhone OS 10_0_2 like Mac OS X) AppleWebKit/602.1.50 (KHTML, like Gecko) Mobile/14A456" "www.superior-dentistry.com"
174.204.23.55 - - [29/Oct/2016:19:25:18 -0700] "GET /img/dental-implants.jpg HTTP/1.1" 200 22844 "http://www.superior-dentistry.com/" "Mozilla/5.0 (iPhone; CPU iPhone OS 10_0_2 like Mac OS X) AppleWebKit/602.1.50 (KHTML, like Gecko) Mobile/14A456" "www.superior-dentistry.com"[0]
174.204.23.55 - - [29/Oct/2016:19:25:18 -0700] "GET /img/extraction.jpg HTTP/1.1" 200 30135 "http://www.superior-dentistry.com/" "Mozilla/5.0 (iPhone; CPU iPhone OS 10_0_2 like Mac OS X) AppleWebKit/602.1.50 (KHTML, like Gecko) Mobile/14A456" "www.superior-dentistry.com"
174.204.23.55 - - [29/Oct/2016:19:25:18 -0700] "GET /img/jaw-surgery.jpg HTTP/1.1" 200 27058 "http://www.superior-dentistry.com/" "Mozilla/5.0 (iPhone; CPU iPhone OS 10_0_2 like Mac OS X) AppleWebKit/602.1.50 (KHTML, like Gecko) Mobile/14A456" "www.superior-dentistry.com"[0]
174.204.23.55 - - [29/Oct/2016:19:25:18 -0700] "GET /img/oral-pathology.jpg HTTP/1.1" 200 33395 "http://www.superior-dentistry.com/" "Mozilla/5.0 (iPhone; CPU iPhone OS 10_0_2 like Mac OS X) AppleWebKit/602.1.50 (KHTML, like Gecko) Mobile/14A456" "www.superior-dentistry.com"
174.204.23.55 - - [29/Oct/2016:19:25:18 -0700] "GET /img/tmj-trauma.jpg HTTP/1.1" 200 22488 "http://www.superior-dentistry.com/" "Mozilla/5.0 (iPhone; CPU iPhone OS 10_0_2 like Mac OS X) AppleWebKit/602.1.50 (KHTML, like Gecko) Mobile/14A456" "www.superior-dentistry.com"
174.204.23.55 - - [29/Oct/2016:19:25:18 -0700] "GET /img/slider1.jpg HTTP/1.1" 200 268888 "http://www.superior-dentistry.com/" "Mozilla/5.0 (iPhone; CPU iPhone OS 10_0_2 like Mac OS X) AppleWebKit/602.1.50 (KHTML, like Gecko) Mobile/14A456" "www.superior-dentistry.com"
174.204.23.55 - - [29/Oct/2016:19:25:18 -0700] "GET /img/slider2.jpg HTTP/1.1" 200 345766 "http://www.superior-dentistry.com/" "Mozilla/5.0 (iPhone; CPU iPhone OS 10_0_2 like Mac OS X) AppleWebKit/602.1.50 (KHTML, like Gecko) Mobile/14A456" "www.superior-dentistry.com"
174.204.23.55 - - [29/Oct/2016:19:25:18 -0700] "GET /img/slider3.jpg HTTP/1.1" 200 217901 "http://www.superior-dentistry.com/" "Mozilla/5.0 (iPhone; CPU iPhone OS 10_0_2 like Mac OS X) AppleWebKit/602.1.50 (KHTML, like Gecko) Mobile/14A456" "www.superior-dentistry.com"
174.204.23.55 - - [29/Oct/2016:19:25:18 -0700] "GET /fonts/fontawesome-webfont.woff2?v=4.3.0 HTTP/1.1" 200 56780 "http://www.superior-dentistry.com/" "Mozilla/5.0 (iPhone; CPU iPhone OS 10_0_2 like Mac OS X) AppleWebKit/602.1.50 (KHTML, like Gecko) Mobile/14A456" "www.superior-dentistry.com"
174.204.23.55 - - [29/Oct/2016:19:25:18 -0700] "GET /img/meetdr-ali.jpg HTTP/1.1" 200 60533 "http://www.superior-dentistry.com/" "Mozilla/5.0 (iPhone; CPU iPhone OS 10_0_2 like Mac OS X) AppleWebKit/602.1.50 (KHTML, like Gecko) Mobile/14A456" "www.superior-dentistry.com"
174.204.23.55 - - [29/Oct/2016:19:25:19 -0700] "GET /img/meetdr-melika.jpg HTTP/1.1" 200 75968 "http://www.superior-dentistry.com/" "Mozilla/5.0 (iPhone; CPU iPhone OS 10_0_2 like Mac OS X) AppleWebKit/602.1.50 (KHTML, like Gecko) Mobile/14A456" "www.superior-dentistry.com"
174.204.23.55 - - [29/Oct/2016:19:25:19 -0700] "GET /img/offer-31-05-2014-whitening.jpg HTTP/1.1" 200 15686 "http://www.superior-dentistry.com/" "Mozilla/5.0 (iPhone; CPU iPhone OS 10_0_2 like Mac OS X) AppleWebKit/602.1.50 (KHTML, like Gecko) Mobile/14A456" "www.superior-dentistry.com"
174.204.23.55 - - [29/Oct/2016:19:25:19 -0700] "GET /img/offer-31-05-2014-sonicare-brush.jpg HTTP/1.1" 200 13165 "http://www.superior-dentistry.com/" "Mozilla/5.0 (iPhone; CPU iPhone OS 10_0_2 like Mac OS X) AppleWebKit/602.1.50 (KHTML, like Gecko) Mobile/14A456" "www.superior-dentistry.com"
174.204.23.55 - - [29/Oct/2016:19:25:19 -0700] "GET /img/offer-31-05-2014-new-patient.jpg HTTP/1.1" 200 15365 "http://www.superior-dentistry.com/" "Mozilla/5.0 (iPhone; CPU iPhone OS 10_0_2 like Mac OS X) AppleWebKit/602.1.50 (KHTML, like Gecko) Mobile/14A456" "www.superior-dentistry.com"
174.204.23.55 - - [29/Oct/2016:19:25:19 -0700] "GET /img/patients-choice-winner-2015.png HTTP/1.1" 200 9818 "http://www.superior-dentistry.com/" "Mozilla/5.0 (iPhone; CPU iPhone OS 10_0_2 like Mac OS X) AppleWebKit/602.1.50 (KHTML, like Gecko) Mobile/14A456" "www.superior-dentistry.com"
174.204.23.55 - - [29/Oct/2016:19:25:19 -0700] "GET /img/zocdoc-apt.jpg HTTP/1.1" 200 79396 "http://www.superior-dentistry.com/" "Mozilla/5.0 (iPhone; CPU iPhone OS 10_0_2 like Mac OS X) AppleWebKit/602.1.50 (KHTML, like Gecko) Mobile/14A456" "www.superior-dentistry.com"
174.204.23.55 - - [29/Oct/2016:19:26:28 -0700] "GET /services.html HTTP/1.1" 200 34139 "http://www.superior-dentistry.com/" "Mozilla/5.0 (iPhone; CPU iPhone OS 10_0_2 like Mac OS X) AppleWebKit/602.1.50 (KHTML, like Gecko) Mobile/14A456" "www.superior-dentistry.com"
174.204.23.55 - - [29/Oct/2016:19:26:29 -0700] "GET /img/doctor-achievement.jpg HTTP/1.1" 200 200838 "http://www.superior-dentistry.com/services.html" "Mozilla/5.0 (iPhone; CPU iPhone OS 10_0_2 like Mac OS X) AppleWebKit/602.1.50 (KHTML, like Gecko) Mobile/14A456" "www.superior-dentistry.com"
174.204.23.55 - - [29/Oct/2016:19:26:29 -0700] "GET /img/periodontalsurgery.jpg HTTP/1.1" 200 56963 "http://www.superior-dentistry.com/services.html" "Mozilla/5.0 (iPhone; CPU iPhone OS 10_0_2 like Mac OS X) AppleWebKit/602.1.50 (KHTML, like Gecko) Mobile/14A456" "www.superior-dentistry.com"
174.204.23.55 - - [29/Oct/2016:19:26:29 -0700] "GET /img/dental-extractions.jpg HTTP/1.1" 200 165246 "http://www.superior-dentistry.com/services.html" "Mozilla/5.0 (iPhone; CPU iPhone OS 10_0_2 like Mac OS X) AppleWebKit/602.1.50 (KHTML, like Gecko) Mobile/14A456" "www.superior-dentistry.com"
174.204.23.55 - - [29/Oct/2016:19:26:29 -0700] "GET /img/dentures.jpg HTTP/1.1" 200 126240 "http://www.superior-dentistry.com/services.html" "Mozilla/5.0 (iPhone; CPU iPhone OS 10_0_2 like Mac OS X) AppleWebKit/602.1.50 (KHTML, like Gecko) Mobile/14A456" "www.superior-dentistry.com"
174.204.23.55 - - [29/Oct/2016:19:26:29 -0700] "GET /img/endodontia-root-canal-treatment.jpg HTTP/1.1" 200 126762 "http://www.superior-dentistry.com/services.html" "Mozilla/5.0 (iPhone; CPU iPhone OS 10_0_2 like Mac OS X) AppleWebKit/602.1.50 (KHTML, like Gecko) Mobile/14A456" "www.superior-dentistry.com"
174.204.23.55 - - [29/Oct/2016:19:26:29 -0700] "GET /img/care3.jpg HTTP/1.1" 200 62411 "http://www.superior-dentistry.com/services.html" "Mozilla/5.0 (iPhone; CPU iPhone OS 10_0_2 like Mac OS X) AppleWebKit/602.1.50 (KHTML, like Gecko) Mobile/14A456" "www.superior-dentistry.com"
174.204.23.55 - - [29/Oct/2016:19:26:29 -0700] "GET /img/bridges-dentist-md.jpg HTTP/1.1" 200 67242 "http://www.superior-dentistry.com/services.html" "Mozilla/5.0 (iPhone; CPU iPhone OS 10_0_2 like Mac OS X) AppleWebKit/602.1.50 (KHTML, like Gecko) Mobile/14A456" "www.superior-dentistry.com"
174.204.23.55 - - [29/Oct/2016:19:26:29 -0700] "GET /img/SnapOnSmile.jpg HTTP/1.1" 200 71471 "http://www.superior-dentistry.com/services.html" "Mozilla/5.0 (iPhone; CPU iPhone OS 10_0_2 like Mac OS X) AppleWebKit/602.1.50 (KHTML, like Gecko) Mobile/14A456" "www.superior-dentistry.com"
174.204.23.55 - - [29/Oct/2016:19:26:29 -0700] "GET /img/white_composite_filling.jpg HTTP/1.1" 200 105229 "http://www.superior-dentistry.com/services.html" "Mozilla/5.0 (iPhone; CPU iPhone OS 10_0_2 like Mac OS X) AppleWebKit/602.1.50 (KHTML, like Gecko) Mobile/14A456" "www.superior-dentistry.com"
174.204.23.55 - - [29/Oct/2016:19:26:29 -0700] "GET /img/implant-before-and-after.jpg HTTP/1.1" 200 122702 "http://www.superior-dentistry.com/services.html" "Mozilla/5.0 (iPhone; CPU iPhone OS 10_0_2 like Mac OS X) AppleWebKit/602.1.50 (KHTML, like Gecko) Mobile/14A456" "www.superior-dentistry.com"
174.204.23.55 - - [29/Oct/2016:19:26:29 -0700] "GET /img/Lumineers.jpg HTTP/1.1" 200 70250 "http://www.superior-dentistry.com/services.html" "Mozilla/5.0 (iPhone; CPU iPhone OS 10_0_2 like Mac OS X) AppleWebKit/602.1.50 (KHTML, like Gecko) Mobile/14A456" "www.superior-dentistry.com"
174.204.23.55 - - [29/Oct/2016:19:26:29 -0700] "GET /img/porcelain-veneers.jpg HTTP/1.1" 200 151567 "http://www.superior-dentistry.com/services.html" "Mozilla/5.0 (iPhone; CPU iPhone OS 10_0_2 like Mac OS X) AppleWebKit/602.1.50 (KHTML, like Gecko) Mobile/14A456" "www.superior-dentistry.com"
199.16.156.126 - - [29/Oct/2016:19:26:31 -0700] "GET /robots.txt HTTP/1.1" 200 49 "-" "Twitterbot/1.0" "www.superior-dentistry.com"
199.16.156.126 - - [29/Oct/2016:19:26:31 -0700] "GET /images/logo1.jpg HTTP/1.1" 404 89 "-" "Twitterbot/1.0" "www.superior-dentistry.com"
199.16.156.125 - - [29/Oct/2016:19:26:32 -0700] "GET /robots.txt HTTP/1.1" 200 49 "-" "Twitterbot/1.0" "www.superior-dentistry.com"
199.16.156.125 - - [29/Oct/2016:19:26:32 -0700] "GET /images/endodontia-root-canal-treatment.jpg HTTP/1.1" 404 89 "-" "Twitterbot/1.0" "www.superior-dentistry.com"
174.204.23.55 - - [29/Oct/2016:19:26:54 -0700] "GET /meet-staff.html HTTP/1.1" 200 22168 "http://www.superior-dentistry.com/services.html" "Mozilla/5.0 (iPhone; CPU iPhone OS 10_0_2 like Mac OS X) AppleWebKit/602.1.50 (KHTML, like Gecko) Mobile/14A456" "www.superior-dentistry.com"
174.204.23.55 - - [29/Oct/2016:19:26:54 -0700] "GET /img/Dr-Ali-shatergholi.jpg HTTP/1.1" 200 17298 "http://www.superior-dentistry.com/meet-staff.html" "Mozilla/5.0 (iPhone; CPU iPhone OS 10_0_2 like Mac OS X) AppleWebKit/602.1.50 (KHTML, like Gecko) Mobile/14A456" "www.superior-dentistry.com"
174.204.23.55 - - [29/Oct/2016:19:26:54 -0700] "GET /img/Dr-Melika.jpg HTTP/1.1" 200 28557 "http://www.superior-dentistry.com/meet-staff.html" "Mozilla/5.0 (iPhone; CPU iPhone OS 10_0_2 like Mac OS X) AppleWebKit/602.1.50 (KHTML, like Gecko) Mobile/14A456" "www.superior-dentistry.com"
5.255.250.28 - - [29/Oct/2016:20:35:27 -0700] "GET /sitemap.xml HTTP/1.1" 200 4530 "-" "Mozilla/5.0 (compatible; YandexBot/3.0; +http://yandex.com/bots)" "superior-dentistry.com"
198.16.7.150 - - [29/Oct/2016:21:06:19 -0700] "GET / HTTP/1.1" 200 38900 "-" "FreeWebMonitoring SiteChecker/0.2 (+http://www.freewebmonitoring.com/bot.html)" "www.superior-dentistry.com"
54.242.164.91 - - [29/Oct/2016:21:06:46 -0700] "GET / HTTP/1.1" 200 38900 "-" "Mozilla/5.0 (X11; Linux x86_64) AppleWebKit/537.36 (KHTML, like Gecko) Chrome/43.0.2357.134 Safari/537.36 http://notifyninja.com/monitoring" "superior-dentistry.com"
159.203.124.118 - - [29/Oct/2016:21:33:57 -0700] "GET / HTTP/1.1" 200 38900 "-" "-" "www.superior-dentistry.com"
198.16.7.150 - - [29/Oct/2016:22:07:29 -0700] "GET / HTTP/1.1" 200 38900 "-" "FreeWebMonitoring SiteChecker/0.2 (+http://www.freewebmonitoring.com/bot.html)" "www.superior-dentistry.com"
157.55.39.243 - - [29/Oct/2016:22:31:03 -0700] "GET /robots.txt HTTP/1.1" 200 49 "-" "Mozilla/5.0 (compatible; bingbot/2.0; +http://www.bing.com/bingbot.htm)" "www.superior-dentistry.com"
163.172.64.216 - - [29/Oct/2016:22:35:56 -0700] "GET /Dentist-Bowie-MD/Dental-Implants-Maryland-MD.html HTTP/1.1" 200 32074 "-" "Mozilla/5.0 (compatible; AhrefsBot/5.1; +http://ahrefs.com/robot/)" "www.superior-dentistry.com"
89.32.71.73 - - [29/Oct/2016:22:49:29 -0700] "GET / HTTP/1.1" 200 38900 "-" "Mozilla/5.0 (Macintosh; Intel Mac OS X 10_9_3) AppleWebKit/537.75.14 (KHTML, like Gecko) Version/7.0.3 Safari/7046A194A" "www.superior-dentistry.com"
180.76.15.146 - - [29/Oct/2016:22:58:57 -0700] "GET /contact-us.php HTTP/1.1" 200 73 "-" "Mozilla/5.0 (compatible; Baiduspider/2.0; +http://www.baidu.com/search/spider.html)" "www.superior-dentistry.com"
68.33.94.189 - - [29/Oct/2016:23:02:09 -0700] "GET /blog.php HTTP/1.1" 200 107037 "http://www.superior-dentistry.com/services.html" "Mozilla/5.0 (Macintosh; Intel Mac OS X 10_11_5) AppleWebKit/601.6.17 (KHTML, like Gecko) Version/9.1.1 Safari/601.6.17" "www.superior-dentistry.com"
68.33.94.189 - - [29/Oct/2016:23:02:11 -0700] "GET /js/jquery.easing.1.3.js HTTP/1.1" 404 89 "http://www.superior-dentistry.com/blog.php" "Mozilla/5.0 (Macintosh; Intel Mac OS X 10_11_5) AppleWebKit/601.6.17 (KHTML, like Gecko) Version/9.1.1 Safari/601.6.17" "www.superior-dentistry.com"
68.33.94.189 - - [29/Oct/2016:23:02:11 -0700] "GET /js/jquery-1.6.4.min.js HTTP/1.1" 404 89 "http://www.superior-dentistry.com/blog.php" "Mozilla/5.0 (Macintosh; Intel Mac OS X 10_11_5) AppleWebKit/601.6.17 (KHTML, like Gecko) Version/9.1.1 Safari/601.6.17" "www.superior-dentistry.com"
68.33.94.189 - - [29/Oct/2016:23:02:11 -0700] "GET /css/style.css HTTP/1.1" 404 89 "http://www.superior-dentistry.com/blog.php" "Mozilla/5.0 (Macintosh; Intel Mac OS X 10_11_5) AppleWebKit/601.6.17 (KHTML, like Gecko) Version/9.1.1 Safari/601.6.17" "www.superior-dentistry.com"
68.33.94.189 - - [29/Oct/2016:23:02:11 -0700] "GET /css/font-awesome.css HTTP/1.1" 200 28747 "http://www.superior-dentistry.com/blog.php" "Mozilla/5.0 (Macintosh; Intel Mac OS X 10_11_5) AppleWebKit/601.6.17 (KHTML, like Gecko) Version/9.1.1 Safari/601.6.17" "www.superior-dentistry.com"
68.33.94.189 - - [29/Oct/2016:23:02:11 -0700] "GET /css/bootstrap.css HTTP/1.1" 200 138415 "http://www.superior-dentistry.com/blog.php" "Mozilla/5.0 (Macintosh; Intel Mac OS X 10_11_5) AppleWebKit/601.6.17 (KHTML, like Gecko) Version/9.1.1 Safari/601.6.17" "www.superior-dentistry.com"
68.33.94.189 - - [29/Oct/2016:23:02:11 -0700] "GET /js/bootstrap.min.js HTTP/1.1" 200 35601 "http://www.superior-dentistry.com/blog.php" "Mozilla/5.0 (Macintosh; Intel Mac OS X 10_11_5) AppleWebKit/601.6.17 (KHTML, like Gecko) Version/9.1.1 Safari/601.6.17" "www.superior-dentistry.com"
68.33.94.189 - - [29/Oct/2016:23:02:12 -0700] "GET /js/jquery.easing.1.3.js HTTP/1.1" 404 89 "http://www.superior-dentistry.com/blog.php" "Mozilla/5.0 (Macintosh; Intel Mac OS X 10_11_5) AppleWebKit/601.6.17 (KHTML, like Gecko) Version/9.1.1 Safari/601.6.17" "www.superior-dentistry.com"
68.33.94.189 - - [29/Oct/2016:23:02:12 -0700] "GET /css/bootstrap-theme.css HTTP/1.1" 200 19156 "http://www.superior-dentistry.com/blog.php" "Mozilla/5.0 (Macintosh; Intel Mac OS X 10_11_5) AppleWebKit/601.6.17 (KHTML, like Gecko) Version/9.1.1 Safari/601.6.17" "www.superior-dentistry.com"
68.33.94.189 - - [29/Oct/2016:23:02:12 -0700] "GET /theme.css HTTP/1.1" 200 1926 "http://www.superior-dentistry.com/blog.php" "Mozilla/5.0 (Macintosh; Intel Mac OS X 10_11_5) AppleWebKit/601.6.17 (KHTML, like Gecko) Version/9.1.1 Safari/601.6.17" "www.superior-dentistry.com"
68.33.94.189 - - [29/Oct/2016:23:02:12 -0700] "GET /js/docs.min.js HTTP/1.1" 200 43299 "http://www.superior-dentistry.com/blog.php" "Mozilla/5.0 (Macintosh; Intel Mac OS X 10_11_5) AppleWebKit/601.6.17 (KHTML, like Gecko) Version/9.1.1 Safari/601.6.17" "www.superior-dentistry.com"
96.115.70.76 - - [29/Oct/2016:23:02:12 -0700] "GET /js/bootstrap.min.js HTTP/1.1" 200 35601 "-" "Agent" "www.superior-dentistry.com"
68.33.94.189 - - [29/Oct/2016:23:02:13 -0700] "GET /images/Pattern.jpg HTTP/1.1" 404 89 "http://www.superior-dentistry.com/blog.php" "Mozilla/5.0 (Macintosh; Intel Mac OS X 10_11_5) AppleWebKit/601.6.17 (KHTML, like Gecko) Version/9.1.1 Safari/601.6.17" "www.superior-dentistry.com"
68.33.94.189 - - [29/Oct/2016:23:02:13 -0700] "GET /img/contact-img.jpg HTTP/1.1" 200 83148 "http://www.superior-dentistry.com/blog.php" "Mozilla/5.0 (Macintosh; Intel Mac OS X 10_11_5) AppleWebKit/601.6.17 (KHTML, like Gecko) Version/9.1.1 Safari/601.6.17" "www.superior-dentistry.com"
68.33.94.189 - - [29/Oct/2016:23:02:16 -0700] "GET /js/bootstrap.min.js?_fp216=0.2166271733585745 HTTP/1.1" 200 35601 "http://www.superior-dentistry.com/blog.php" "Mozilla/5.0 (Macintosh; Intel Mac OS X 10_11_5) AppleWebKit/601.6.17 (KHTML, like Gecko) Version/9.1.1 Safari/601.6.17" "www.superior-dentistry.com"
199.16.156.124 - - [29/Oct/2016:23:02:29 -0700] "GET /robots.txt HTTP/1.1" 200 49 "-" "Twitterbot/1.0" "www.superior-dentistry.com"
199.16.156.126 - - [29/Oct/2016:23:02:29 -0700] "GET /robots.txt HTTP/1.1" 200 49 "-" "Twitterbot/1.0" "www.superior-dentistry.com"
199.16.156.124 - - [29/Oct/2016:23:02:29 -0700] "GET /images/logo1.jpg HTTP/1.1" 404 89 "-" "Twitterbot/1.0" "www.superior-dentistry.com"
199.16.156.126 - - [29/Oct/2016:23:02:29 -0700] "GET /images/endodontia-root-canal-treatment.jpg HTTP/1.1" 404 89 "-" "Twitterbot/1.0" "www.superior-dentistry.com"
199.16.156.124 - - [29/Oct/2016:23:02:29 -0700] "GET /robots.txt HTTP/1.1" 200 49 "-" "Twitterbot/1.0" "www.superior-dentistry.com"
199.16.156.124 - - [29/Oct/2016:23:02:29 -0700] "GET /images/logo1.jpg HTTP/1.1" 404 89 "-" "Twitterbot/1.0" "www.superior-dentistry.com"
24.126.125.55 - - [29/Oct/2016:23:02:39 -0700] "GET /img/zocdoc-apt.jpg HTTP/1.1" 200 79396 "http://www.superior-dentistry.com/blog.php" "Mozilla/5.0 (Macintosh; Intel Mac OS X 10_11_5) AppleWebKit/601.6.17 (KHTML, like Gecko) Version/9.1.1 Safari/601.6.17" "www.superior-dentistry.com"
198.16.7.150 - - [29/Oct/2016:23:08:26 -0700] "GET / HTTP/1.1" 200 38900 "-" "FreeWebMonitoring SiteChecker/0.2 (+http://www.freewebmonitoring.com/bot.html)" "www.superior-dentistry.com"
54.242.164.91 - - [30/Oct/2016:01:07:40 -0700] "GET / HTTP/1.1" 200 38900 "-" "Mozilla/5.0 (X11; Linux x86_64) AppleWebKit/537.36 (KHTML, like Gecko) Chrome/43.0.2357.134 Safari/537.36 http://notifyninja.com/monitoring" "superior-dentistry.com"
151.80.31.103 - - [30/Oct/2016:01:08:20 -0700] "GET /robots.txt HTTP/1.1" 200 49 "-" "Mozilla/5.0 (compatible; AhrefsBot/5.1; +http://ahrefs.com/robot/)" "www.superior-dentistry.com"
157.55.39.118 - - [30/Oct/2016:01:16:45 -0700] "GET /img/meetdr-melika.jpg HTTP/1.1" 200 75968 "-" "Mozilla/5.0 (compatible; bingbot/2.0; +http://www.bing.com/bingbot.htm)" "www.superior-dentistry.com"
198.16.7.150 - - [30/Oct/2016:01:19:51 -0700] "GET / HTTP/1.1" 200 38900 "-" "FreeWebMonitoring SiteChecker/0.2 (+http://www.freewebmonitoring.com/bot.html)" "www.superior-dentistry.com"
24.126.125.55 - - [30/Oct/2016:02:10:40 -0700] "GET /assets/flash/ZeroClipboard.swf?noCache=1477807346832 HTTP/1.1" 404 89 "http://www.superior-dentistry.com/blog.php" "Mozilla/5.0 (Macintosh; Intel Mac OS X 10_11_5) AppleWebKit/601.6.17 (KHTML, like Gecko) Version/9.1.1 Safari/601.6.17" "www.superior-dentistry.com"
198.16.7.150 - - [30/Oct/2016:02:20:30 -0700] "GET / HTTP/1.1" 200 38900 "-" "FreeWebMonitoring SiteChecker/0.2 (+http://www.freewebmonitoring.com/bot.html)" "www.superior-dentistry.com"
65.36.241.48 - - [30/Oct/2016:02:25:27 -0700] "HEAD / HTTP/1.1" 200 0 "-" "InternetSeer.com" "www.superior-dentistry.com"
207.46.13.200 - - [30/Oct/2016:02:39:25 -0700] "GET /robots.txt HTTP/1.1" 200 49 "-" "Mozilla/5.0 (compatible; bingbot/2.0; +http://www.bing.com/bingbot.htm)" "www.superior-dentistry.com"
180.76.15.141 - - [30/Oct/2016:02:54:24 -0700] "GET /Dentist-Bowie-MD/css/bootstrap-theme.css HTTP/1.1" 200 19156 "-" "Mozilla/5.0 (compatible; Baiduspider/2.0; +http://www.baidu.com/search/spider.html)" "www.superior-dentistry.com"
198.16.7.150 - - [30/Oct/2016:03:21:41 -0700] "GET / HTTP/1.1" 200 38900 "-" "FreeWebMonitoring SiteChecker/0.2 (+http://www.freewebmonitoring.com/bot.html)" "www.superior-dentistry.com"
198.16.7.150 - - [30/Oct/2016:04:22:33 -0700] "GET / HTTP/1.1" 200 38900 "-" "FreeWebMonitoring SiteChecker/0.2 (+http://www.freewebmonitoring.com/bot.html)" "www.superior-dentistry.com"
207.46.13.200 - - [30/Oct/2016:04:23:52 -0700] "GET /robots.txt HTTP/1.1" 200 49 "-" "Mozilla/5.0 (compatible; bingbot/2.0; +http://www.bing.com/bingbot.htm)" "superior-dentistry.com"
54.224.150.79 - - [30/Oct/2016:04:51:31 -0700] "GET / HTTP/1.1" 200 38900 "-" "Mozilla/5.0 (Macintosh; Intel Mac OS X 10.9; rv:29.0) Gecko/20100101 Firefox/29.0" "superior-dentistry.com"
199.16.156.124 - - [30/Oct/2016:04:51:33 -0700] "GET /robots.txt HTTP/1.1" 200 49 "-" "Twitterbot/1.0" "www.superior-dentistry.com"
199.16.156.124 - - [30/Oct/2016:04:51:33 -0700] "GET /images/endodontia-root-canal-treatment.jpg HTTP/1.1" 404 89 "-" "Twitterbot/1.0" "www.superior-dentistry.com"
199.16.156.125 - - [30/Oct/2016:04:51:33 -0700] "GET /robots.txt HTTP/1.1" 200 49 "-" "Twitterbot/1.0" "www.superior-dentistry.com"
199.16.156.125 - - [30/Oct/2016:04:51:33 -0700] "GET /images/logo1.jpg HTTP/1.1" 404 89 "-" "Twitterbot/1.0" "www.superior-dentistry.com"
199.16.156.124 - - [30/Oct/2016:04:51:38 -0700] "GET /Bowie-Dentists/Childrens-Dentistry-Maryland.html HTTP/1.1" 200 28854 "-" "Twitterbot/1.0" "www.superior-dentistry.com"
199.16.156.126 - - [30/Oct/2016:04:51:45 -0700] "GET /Dentist-Bowie-MD/Dental-Implants-Maryland-MD HTTP/1.1" 200 32074 "-" "Twitterbot/1.0" "www.superior-dentistry.com"
157.55.39.118 - - [30/Oct/2016:05:06:13 -0700] "GET /Dentist-Bowie-MD/popup/ HTTP/1.1" 200 991 "-" "msnbot-media/1.1 (+http://search.msn.com/msnbot.htm)" "www.superior-dentistry.com"
157.55.39.118 - - [30/Oct/2016:05:07:11 -0700] "GET /blog.php HTTP/1.1" 200 107037 "-" "Mozilla/5.0 (iPhone; CPU iPhone OS 7_0 like Mac OS X) AppleWebKit/537.51.1 (KHTML, like Gecko) Version/7.0 Mobile/11A465 Safari/9537.53 (compatible; bingbot/2.0; +http://www.bing.com/bingbot.htm)" "www.superior-dentistry.com"
157.55.39.118 - - [30/Oct/2016:05:07:49 -0700] "GET /Dentist-Bowie-MD/css/?S=A HTTP/1.1" 200 1872 "-" "Mozilla/5.0 (compatible; bingbot/2.0; +http://www.bing.com/bingbot.htm)" "www.superior-dentistry.com"
157.55.39.118 - - [30/Oct/2016:05:07:50 -0700] "GET /img/logo.jpg HTTP/1.1" 200 139628 "-" "Mozilla/5.0 (iPhone; CPU iPhone OS 7_0 like Mac OS X) AppleWebKit/537.51.1 (KHTML, like Gecko) Version/7.0 Mobile/11A465 Safari/9537.53 (compatible; bingbot/2.0; +http://www.bing.com/bingbot.htm)" "www.superior-dentistry.com"
157.55.39.118 - - [30/Oct/2016:05:07:51 -0700] "GET /js/bootstrap.min.js HTTP/1.1" 200 35601 "-" "Mozilla/5.0 (iPhone; CPU iPhone OS 7_0 like Mac OS X) AppleWebKit/537.51.1 (KHTML, like Gecko) Version/7.0 Mobile/11A465 Safari/9537.53 (compatible; bingbot/2.0; +http://www.bing.com/bingbot.htm)" "www.superior-dentistry.com"
157.55.39.118 - - [30/Oct/2016:05:08:27 -0700] "GET /js/ie10-viewport-bug-workaround.js HTTP/1.1" 200 694 "-" "Mozilla/5.0 (iPhone; CPU iPhone OS 7_0 like Mac OS X) AppleWebKit/537.51.1 (KHTML, like Gecko) Version/7.0 Mobile/11A465 Safari/9537.53 (compatible; bingbot/2.0; +http://www.bing.com/bingbot.htm)" "www.superior-dentistry.com"
54.242.164.91 - - [30/Oct/2016:05:08:31 -0700] "GET / HTTP/1.1" 200 38900 "-" "Mozilla/5.0 (X11; Linux x86_64) AppleWebKit/537.36 (KHTML, like Gecko) Chrome/43.0.2357.134 Safari/537.36 http://notifyninja.com/monitoring" "superior-dentistry.com"
85.218.217.94 - - [30/Oct/2016:05:09:19 -0700] "GET /wp-login.php HTTP/1.1" 200 73 "-" "Mozilla/5.0 (Windows NT 6.1; WOW64; rv:40.0) Gecko/20100101 Firefox/40.1" "www.superior-dentistry.com"
85.218.217.94 - - [30/Oct/2016:05:09:20 -0700] "GET / HTTP/1.1" 200 38900 "-" "Mozilla/5.0 (Windows NT 6.1; WOW64; rv:40.0) Gecko/20100101 Firefox/40.1" "www.superior-dentistry.com"
157.55.39.118 - - [30/Oct/2016:05:09:49 -0700] "GET /js/jquery-1.6.4.min.js HTTP/1.1" 404 89 "-" "Mozilla/5.0 (iPhone; CPU iPhone OS 7_0 like Mac OS X) AppleWebKit/537.51.1 (KHTML, like Gecko) Version/7.0 Mobile/11A465 Safari/9537.53 (compatible; bingbot/2.0; +http://www.bing.com/bingbot.htm)" "www.superior-dentistry.com"[0]
157.55.39.118 - - [30/Oct/2016:05:09:49 -0700] "GET /js/jquery.easing.1.3.js HTTP/1.1" 404 89 "-" "Mozilla/5.0 (iPhone; CPU iPhone OS 7_0 like Mac OS X) AppleWebKit/537.51.1 (KHTML, like Gecko) Version/7.0 Mobile/11A465 Safari/9537.53 (compatible; bingbot/2.0; +http://www.bing.com/bingbot.htm)" "www.superior-dentistry.com"
180.76.15.18 - - [30/Oct/2016:05:20:33 -0700] "GET /Dental-Sites-We-Like.html HTTP/1.1" 200 41846 "-" "Mozilla/5.0 (compatible; Baiduspider/2.0; +http://www.baidu.com/search/spider.html)" "www.superior-dentistry.com"
198.16.7.150 - - [30/Oct/2016:05:23:34 -0700] "GET / HTTP/1.1" 200 38900 "-" "FreeWebMonitoring SiteChecker/0.2 (+http://www.freewebmonitoring.com/bot.html)" "www.superior-dentistry.com"
157.55.39.118 - - [30/Oct/2016:05:27:17 -0700] "GET /dentist-bowie-md/periodontal-services-maryland-md.html HTTP/1.1" 404 89 "-" "Mozilla/5.0 (iPhone; CPU iPhone OS 7_0 like Mac OS X) AppleWebKit/537.51.1 (KHTML, like Gecko) Version/7.0 Mobile/11A465 Safari/9537.53 (compatible; bingbot/2.0; +http://www.bing.com/bingbot.htm)" "superior-dentistry.com"
17.142.159.177 - - [30/Oct/2016:05:32:32 -0700] "GET / HTTP/1.1" 200 38900 "-" "Mozilla/5.0 (Macintosh; Intel Mac OS X 10_10_1) AppleWebKit/600.2.5 (KHTML, like Gecko) Version/8.0.2 Safari/600.2.5 (Applebot/0.1; +http://www.apple.com/go/applebot)" "www.superior-dentistry.com"
17.142.159.177 - - [30/Oct/2016:05:32:38 -0700] "GET /apple-touch-icon-precomposed.png HTTP/1.1" 404 89 "-" "Mozilla/5.0 (Macintosh; Intel Mac OS X 10_10_1) AppleWebKit/600.2.5 (KHTML, like Gecko) Version/8.0.2 Safari/600.2.5 (Applebot/0.1; +http://www.apple.com/go/applebot)" "www.superior-dentistry.com"
17.142.159.177 - - [30/Oct/2016:05:32:38 -0700] "GET /apple-touch-icon.png HTTP/1.1" 404 89 "-" "Mozilla/5.0 (Macintosh; Intel Mac OS X 10_10_1) AppleWebKit/600.2.5 (KHTML, like Gecko) Version/8.0.2 Safari/600.2.5 (Applebot/0.1; +http://www.apple.com/go/applebot)" "www.superior-dentistry.com"
17.142.159.177 - - [30/Oct/2016:05:32:38 -0700] "GET /favicon.ico HTTP/1.1" 200 688 "-" "Mozilla/5.0 (Macintosh; Intel Mac OS X 10_10_1) AppleWebKit/600.2.5 (KHTML, like Gecko) Version/8.0.2 Safari/600.2.5 (Applebot/0.1; +http://www.apple.com/go/applebot)" "www.superior-dentistry.com"
17.142.159.177 - - [30/Oct/2016:05:32:39 -0700] "GET /apple-app-site-association HTTP/1.1" 403 255 "-" "Mozilla/5.0 (Macintosh; Intel Mac OS X 10_10_1) AppleWebKit/600.2.5 (KHTML, like Gecko) Version/8.0.2 Safari/600.2.5 (Applebot/0.1; +http://www.apple.com/go/applebot)" "www.superior-dentistry.com"
131.253.27.52 - - [30/Oct/2016:06:08:27 -0700] "GET /css/style.css HTTP/1.1" 404 89 "-" "Mozilla/5.0 (iPhone; CPU iPhone OS 7_0 like Mac OS X) AppleWebKit/537.51.1 (KHTML, like Gecko) Version/7.0 Mobile/11A465 Safari/9537.53 BingPreview/1.0b" "www.superior-dentistry.com"
131.253.27.151 - - [30/Oct/2016:06:08:31 -0700] "GET /css/bootstrap-theme.css HTTP/1.1" 200 19156 "-" "Mozilla/5.0 (iPhone; CPU iPhone OS 7_0 like Mac OS X) AppleWebKit/537.51.1 (KHTML, like Gecko) Version/7.0 Mobile/11A465 Safari/9537.53 BingPreview/1.0b" "www.superior-dentistry.com"
131.253.27.70 - - [30/Oct/2016:06:08:31 -0700] "GET /css/font-awesome.css HTTP/1.1" 200 28747 "-" "Mozilla/5.0 (iPhone; CPU iPhone OS 7_0 like Mac OS X) AppleWebKit/537.51.1 (KHTML, like Gecko) Version/7.0 Mobile/11A465 Safari/9537.53 BingPreview/1.0b" "www.superior-dentistry.com"
131.253.27.41 - - [30/Oct/2016:06:08:37 -0700] "GET /img/contact-img.jpg HTTP/1.1" 200 83148 "-" "Mozilla/5.0 (iPhone; CPU iPhone OS 7_0 like Mac OS X) AppleWebKit/537.51.1 (KHTML, like Gecko) Version/7.0 Mobile/11A465 Safari/9537.53 BingPreview/1.0b" "www.superior-dentistry.com"
131.253.25.247 - - [30/Oct/2016:06:08:37 -0700] "GET /images/Pattern.jpg HTTP/1.1" 404 89 "-" "Mozilla/5.0 (iPhone; CPU iPhone OS 7_0 like Mac OS X) AppleWebKit/537.51.1 (KHTML, like Gecko) Version/7.0 Mobile/11A465 Safari/9537.53 BingPreview/1.0b" "www.superior-dentistry.com"
131.253.25.247 - - [30/Oct/2016:06:08:39 -0700] "GET /fonts/fontawesome-webfont.ttf?v=4.3.0 HTTP/1.1" 200 122092 "-" "Mozilla/5.0 (iPhone; CPU iPhone OS 7_0 like Mac OS X) AppleWebKit/537.51.1 (KHTML, like Gecko) Version/7.0 Mobile/11A465 Safari/9537.53 BingPreview/1.0b" "www.superior-dentistry.com"
131.253.27.4 - - [30/Oct/2016:06:08:40 -0700] "GET /js/docs.min.js HTTP/1.1" 200 43299 "-" "Mozilla/5.0 (iPhone; CPU iPhone OS 7_0 like Mac OS X) AppleWebKit/537.51.1 (KHTML, like Gecko) Version/7.0 Mobile/11A465 Safari/9537.53 BingPreview/1.0b" "www.superior-dentistry.com"
131.253.27.4 - - [30/Oct/2016:06:08:42 -0700] "GET /assets/flash/ZeroClipboard.swf?noCache=1477832920799 HTTP/1.1" 404 89 "-" "Mozilla/5.0 (iPhone; CPU iPhone OS 7_0 like Mac OS X) AppleWebKit/537.51.1 (KHTML, like Gecko) Version/7.0 Mobile/11A465 Safari/9537.53 BingPreview/1.0b" "www.superior-dentistry.com"
180.76.15.149 - - [30/Oct/2016:06:27:32 -0700] "GET /Dentist-Bowie-MD/img/?N=D HTTP/1.1" 200 857 "-" "Mozilla/5.0 (compatible; Baiduspider/2.0; +http://www.baidu.com/search/spider.html)" "www.superior-dentistry.com"
207.46.13.158 - - [30/Oct/2016:06:31:27 -0700] "GET /robots.txt HTTP/1.1" 200 49 "-" "Mozilla/5.0 (compatible; bingbot/2.0; +http://www.bing.com/bingbot.htm)" "www.superior-dentistry.com"
178.255.87.242 - - [30/Oct/2016:06:45:04 -0700] "HEAD /robots.txt HTTP/1.1" 200 0 "-" "COMODO SSL Checker" "superior-dentistry.com"
198.16.7.150 - - [30/Oct/2016:07:25:37 -0700] "GET / HTTP/1.1" 200 38900 "-" "FreeWebMonitoring SiteChecker/0.2 (+http://www.freewebmonitoring.com/bot.html)" "www.superior-dentistry.com"
173.252.114.114 - - [30/Oct/2016:07:38:38 -0700] "GET / HTTP/1.1" 200 38900 "-" "-" "www.superior-dentistry.com"
40.77.167.90 - - [30/Oct/2016:07:58:46 -0700] "GET /special-offers.html HTTP/1.1" 200 23685 "-" "Mozilla/5.0 (compatible; bingbot/2.0; +http://www.bing.com/bingbot.htm)" "www.superior-dentistry.com"
40.77.167.90 - - [30/Oct/2016:08:01:02 -0700] "GET /css/js-image-slider.css HTTP/1.1" 404 89 "-" "Mozilla/5.0 (compatible; bingbot/2.0; +http://www.bing.com/bingbot.htm)" "www.superior-dentistry.com"
40.77.167.90 - - [30/Oct/2016:08:01:02 -0700] "GET /images/cut-offer.png HTTP/1.1" 404 89 "-" "Mozilla/5.0 (compatible; bingbot/2.0; +http://www.bing.com/bingbot.htm)" "www.superior-dentistry.com"
40.77.167.90 - - [30/Oct/2016:08:01:02 -0700] "GET /images/offer-31-05-2015-new-patient.jpg HTTP/1.1" 404 89 "-" "Mozilla/5.0 (compatible; bingbot/2.0; +http://www.bing.com/bingbot.htm)" "www.superior-dentistry.com"
40.77.167.90 - - [30/Oct/2016:08:01:02 -0700] "GET /images/offer-31-05-2015-sonicare-brush.jpg HTTP/1.1" 404 89 "-" "Mozilla/5.0 (compatible; bingbot/2.0; +http://www.bing.com/bingbot.htm)" "www.superior-dentistry.com"
23.25.88.43 - - [30/Oct/2016:08:36:25 -0700] "GET /js/ie-emulation-modes-warning.js HTTP/1.1" 200 2132 "http://www.superior-dentistry.com/" "Mozilla/5.0 (Windows NT 6.1) AppleWebKit/537.36 (KHTML, like Gecko) Chrome/54.0.2840.71 Safari/537.36" "www.superior-dentistry.com"
23.25.88.43 - - [30/Oct/2016:08:36:25 -0700] "GET /css/bootstrap.css HTTP/1.1" 200 138415 "http://www.superior-dentistry.com/" "Mozilla/5.0 (Windows NT 6.1) AppleWebKit/537.36 (KHTML, like Gecko) Chrome/54.0.2840.71 Safari/537.36" "www.superior-dentistry.com"
23.25.88.43 - - [30/Oct/2016:08:36:26 -0700] "GET /img/meetdr-ali.jpg HTTP/1.1" 200 60533 "http://www.superior-dentistry.com/" "Mozilla/5.0 (Windows NT 6.1) AppleWebKit/537.36 (KHTML, like Gecko) Chrome/54.0.2840.71 Safari/537.36" "www.superior-dentistry.com"
23.25.88.43 - - [30/Oct/2016:08:36:27 -0700] "GET /img/extraction.jpg HTTP/1.1" 200 30135 "http://www.superior-dentistry.com/" "Mozilla/5.0 (Windows NT 6.1) AppleWebKit/537.36 (KHTML, like Gecko) Chrome/54.0.2840.71 Safari/537.36" "www.superior-dentistry.com"
23.25.88.43 - - [30/Oct/2016:08:36:27 -0700] "GET /img/tmj-trauma.jpg HTTP/1.1" 200 22488 "http://www.superior-dentistry.com/" "Mozilla/5.0 (Windows NT 6.1) AppleWebKit/537.36 (KHTML, like Gecko) Chrome/54.0.2840.71 Safari/537.36" "www.superior-dentistry.com"
23.25.88.43 - - [30/Oct/2016:08:36:27 -0700] "GET /img/zocdoc-apt.jpg HTTP/1.1" 200 79396 "http://www.superior-dentistry.com/" "Mozilla/5.0 (Windows NT 6.1) AppleWebKit/537.36 (KHTML, like Gecko) Chrome/54.0.2840.71 Safari/537.36" "www.superior-dentistry.com"
23.25.88.43 - - [30/Oct/2016:08:36:29 -0700] "GET /favicon.ico HTTP/1.1" 200 688 "http://www.superior-dentistry.com/" "Mozilla/5.0 (Windows NT 6.1) AppleWebKit/537.36 (KHTML, like Gecko) Chrome/54.0.2840.71 Safari/537.36" "www.superior-dentistry.com"
54.242.164.91 - - [30/Oct/2016:09:09:49 -0700] "GET / HTTP/1.1" 200 38900 "-" "Mozilla/5.0 (X11; Linux x86_64) AppleWebKit/537.36 (KHTML, like Gecko) Chrome/43.0.2357.134 Safari/537.36 http://notifyninja.com/monitoring" "superior-dentistry.com"
198.16.7.150 - - [30/Oct/2016:09:27:06 -0700] "GET / HTTP/1.1" 200 38900 "-" "FreeWebMonitoring SiteChecker/0.2 (+http://www.freewebmonitoring.com/bot.html)" "www.superior-dentistry.com"
66.102.8.154 - - [30/Oct/2016:09:41:43 -0700] "GET /images/care1.jpg HTTP/1.1" 404 89 "-" "Mozilla/5.0 (Windows NT 5.1; rv:11.0) Gecko Firefox/11.0 (via ggpht.com GoogleImageProxy)" "www.superior-dentistry.com"
66.102.8.156 - - [30/Oct/2016:09:42:03 -0700] "GET /images/care1.jpg HTTP/1.1" 404 89 "-" "Mozilla/5.0 (Windows NT 5.1; rv:11.0) Gecko Firefox/11.0 (via ggpht.com GoogleImageProxy)" "www.superior-dentistry.com"
66.102.8.156 - - [30/Oct/2016:09:43:10 -0700] "GET /images/care1.jpg HTTP/1.1" 404 89 "-" "Mozilla/5.0 (Windows NT 5.1; rv:11.0) Gecko Firefox/11.0 (via ggpht.com GoogleImageProxy)" "www.superior-dentistry.com"[0]
66.102.8.154 - - [30/Oct/2016:09:43:21 -0700] "GET /images/care1.jpg HTTP/1.1" 404 89 "-" "Mozilla/5.0 (Windows NT 5.1; rv:11.0) Gecko Firefox/11.0 (via ggpht.com GoogleImageProxy)" "www.superior-dentistry.com"[0]
66.102.8.156 - - [30/Oct/2016:09:43:29 -0700] "GET /images/care1.jpg HTTP/1.1" 404 89 "-" "Mozilla/5.0 (Windows NT 5.1; rv:11.0) Gecko Firefox/11.0 (via ggpht.com GoogleImageProxy)" "www.superior-dentistry.com"
66.102.8.152 - - [30/Oct/2016:09:44:06 -0700] "GET /images/care1.jpg HTTP/1.1" 404 89 "-" "Mozilla/5.0 (Windows NT 5.1; rv:11.0) Gecko Firefox/11.0 (via ggpht.com GoogleImageProxy)" "www.superior-dentistry.com"
66.102.8.152 - - [30/Oct/2016:09:44:11 -0700] "GET /images/care1.jpg HTTP/1.1" 404 89 "-" "Mozilla/5.0 (Windows NT 5.1; rv:11.0) Gecko Firefox/11.0 (via ggpht.com GoogleImageProxy)" "www.superior-dentistry.com"
66.102.8.152 - - [30/Oct/2016:09:44:32 -0700] "GET /images/care1.jpg HTTP/1.1" 404 89 "-" "Mozilla/5.0 (Windows NT 5.1; rv:11.0) Gecko Firefox/11.0 (via ggpht.com GoogleImageProxy)" "www.superior-dentistry.com"[0]
199.16.156.124 - - [30/Oct/2016:10:04:23 -0700] "GET /robots.txt HTTP/1.1" 200 49 "-" "Twitterbot/1.0" "www.superior-dentistry.com"
199.16.156.124 - - [30/Oct/2016:10:04:23 -0700] "GET /images/logo1.jpg HTTP/1.1" 404 89 "-" "Twitterbot/1.0" "www.superior-dentistry.com"
199.16.156.126 - - [30/Oct/2016:10:04:27 -0700] "GET /images/endodontia-root-canal-treatment.jpg HTTP/1.1" 404 89 "-" "Twitterbot/1.0" "www.superior-dentistry.com"
199.16.156.126 - - [30/Oct/2016:10:04:35 -0700] "GET /robots.txt HTTP/1.1" 200 49 "-" "Twitterbot/1.0" "www.superior-dentistry.com"
198.16.7.150 - - [30/Oct/2016:10:28:12 -0700] "GET / HTTP/1.1" 200 38900 "-" "FreeWebMonitoring SiteChecker/0.2 (+http://www.freewebmonitoring.com/bot.html)" "www.superior-dentistry.com"
207.46.13.239 - - [30/Oct/2016:10:39:27 -0700] "GET /robots.txt HTTP/1.1" 200 49 "-" "Mozilla/5.0 (compatible; bingbot/2.0; +http://www.bing.com/bingbot.htm)" "www.superior-dentistry.com"
207.46.13.239 - - [30/Oct/2016:11:05:20 -0700] "GET /robots.txt HTTP/1.1" 200 49 "-" "Mozilla/5.0 (compatible; bingbot/2.0; +http://www.bing.com/bingbot.htm)" "www.superior-dentistry.com"
198.16.7.150 - - [30/Oct/2016:11:28:16 -0700] "GET / HTTP/1.1" 200 38900 "-" "FreeWebMonitoring SiteChecker/0.2 (+http://www.freewebmonitoring.com/bot.html)" "www.superior-dentistry.com"
69.251.108.102 - - [30/Oct/2016:11:59:09 -0700] "GET /assets/flash/ZeroClipboard.swf?noCache=1477853948003 HTTP/1.1" 404 89 "http://www.superior-dentistry.com/" "Mozilla/5.0 (Windows NT 6.1; WOW64) AppleWebKit/537.36 (KHTML, like Gecko) Chrome/54.0.2840.71 Safari/537.36" "www.superior-dentistry.com"
141.8.143.176 - - [30/Oct/2016:12:14:27 -0700] "GET /robots.txt HTTP/1.1" 200 49 "-" "Mozilla/5.0 (compatible; YandexBot/3.0; +http://yandex.com/bots)" "www.superior-dentistry.com"
198.16.7.150 - - [30/Oct/2016:12:28:41 -0700] "GET / HTTP/1.1" 200 38900 "-" "FreeWebMonitoring SiteChecker/0.2 (+http://www.freewebmonitoring.com/bot.html)" "www.superior-dentistry.com"
54.194.195.84 - - [30/Oct/2016:12:32:19 -0700] "GET /theme.css HTTP/1.1" 200 1926 "http://superior-dentistry.com/" "Mozilla/5.0 (X11; Linux x86_64) AppleWebKit/537.36 (KHTML, like Gecko) Chrome/50.0.2661.86 Safari/537.36" "superior-dentistry.com"
54.194.195.84 - - [30/Oct/2016:12:32:19 -0700] "GET /css/font-awesome.css HTTP/1.1" 200 28747 "http://superior-dentistry.com/" "Mozilla/5.0 (X11; Linux x86_64) AppleWebKit/537.36 (KHTML, like Gecko) Chrome/50.0.2661.86 Safari/537.36" "superior-dentistry.com"
54.194.195.84 - - [30/Oct/2016:12:32:19 -0700] "GET /css/bootstrap-theme.css HTTP/1.1" 200 19156 "http://superior-dentistry.com/" "Mozilla/5.0 (X11; Linux x86_64) AppleWebKit/537.36 (KHTML, like Gecko) Chrome/50.0.2661.86 Safari/537.36" "superior-dentistry.com"
54.194.195.84 - - [30/Oct/2016:12:32:19 -0700] "GET /js/ie-emulation-modes-warning.js HTTP/1.1" 200 2132 "http://superior-dentistry.com/" "Mozilla/5.0 (X11; Linux x86_64) AppleWebKit/537.36 (KHTML, like Gecko) Chrome/50.0.2661.86 Safari/537.36" "superior-dentistry.com"
54.194.195.84 - - [30/Oct/2016:12:32:19 -0700] "GET /js/bootstrap.min.js HTTP/1.1" 200 35601 "http://superior-dentistry.com/" "Mozilla/5.0 (X11; Linux x86_64) AppleWebKit/537.36 (KHTML, like Gecko) Chrome/50.0.2661.86 Safari/537.36" "superior-dentistry.com"
54.194.195.84 - - [30/Oct/2016:12:32:19 -0700] "GET /js/docs.min.js HTTP/1.1" 200 43299 "http://superior-dentistry.com/" "Mozilla/5.0 (X11; Linux x86_64) AppleWebKit/537.36 (KHTML, like Gecko) Chrome/50.0.2661.86 Safari/537.36" "superior-dentistry.com"
54.194.195.84 - - [30/Oct/2016:12:32:19 -0700] "GET /img/jaw-surgery.jpg HTTP/1.1" 200 27058 "http://superior-dentistry.com/" "Mozilla/5.0 (X11; Linux x86_64) AppleWebKit/537.36 (KHTML, like Gecko) Chrome/50.0.2661.86 Safari/537.36" "superior-dentistry.com"
54.194.195.84 - - [30/Oct/2016:12:32:19 -0700] "GET /img/wisdom-teeth-extraction.jpg HTTP/1.1" 200 23758 "http://superior-dentistry.com/" "Mozilla/5.0 (X11; Linux x86_64) AppleWebKit/537.36 (KHTML, like Gecko) Chrome/50.0.2661.86 Safari/537.36" "superior-dentistry.com"
54.194.195.84 - - [30/Oct/2016:12:32:19 -0700] "GET /img/extraction.jpg HTTP/1.1" 200 30135 "http://superior-dentistry.com/" "Mozilla/5.0 (X11; Linux x86_64) AppleWebKit/537.36 (KHTML, like Gecko) Chrome/50.0.2661.86 Safari/537.36" "superior-dentistry.com"
54.194.195.84 - - [30/Oct/2016:12:32:19 -0700] "GET /img/dental-implants.jpg HTTP/1.1" 200 22844 "http://superior-dentistry.com/" "Mozilla/5.0 (X11; Linux x86_64) AppleWebKit/537.36 (KHTML, like Gecko) Chrome/50.0.2661.86 Safari/537.36" "superior-dentistry.com"
54.194.195.84 - - [30/Oct/2016:12:32:19 -0700] "GET /img/logo.jpg HTTP/1.1" 200 139628 "http://superior-dentistry.com/" "Mozilla/5.0 (X11; Linux x86_64) AppleWebKit/537.36 (KHTML, like Gecko) Chrome/50.0.2661.86 Safari/537.36" "superior-dentistry.com"
54.194.195.84 - - [30/Oct/2016:12:32:19 -0700] "GET /img/oral-pathology.jpg HTTP/1.1" 200 33395 "http://superior-dentistry.com/" "Mozilla/5.0 (X11; Linux x86_64) AppleWebKit/537.36 (KHTML, like Gecko) Chrome/50.0.2661.86 Safari/537.36" "superior-dentistry.com"
54.194.195.84 - - [30/Oct/2016:12:32:19 -0700] "GET /fonts/fontawesome-webfont.woff2?v=4.3.0 HTTP/1.1" 200 56780 "http://superior-dentistry.com/css/font-awesome.css" "Mozilla/5.0 (X11; Linux x86_64) AppleWebKit/537.36 (KHTML, like Gecko) Chrome/50.0.2661.86 Safari/537.36" "superior-dentistry.com"
54.194.195.84 - - [30/Oct/2016:12:32:19 -0700] "GET /img/tmj-trauma.jpg HTTP/1.1" 200 22488 "http://superior-dentistry.com/" "Mozilla/5.0 (X11; Linux x86_64) AppleWebKit/537.36 (KHTML, like Gecko) Chrome/50.0.2661.86 Safari/537.36" "superior-dentistry.com"
54.194.195.84 - - [30/Oct/2016:12:32:19 -0700] "GET /img/meetdr-melika.jpg HTTP/1.1" 200 75968 "http://superior-dentistry.com/" "Mozilla/5.0 (X11; Linux x86_64) AppleWebKit/537.36 (KHTML, like Gecko) Chrome/50.0.2661.86 Safari/537.36" "superior-dentistry.com"
54.194.195.84 - - [30/Oct/2016:12:32:19 -0700] "GET /img/meetdr-ali.jpg HTTP/1.1" 200 60533 "http://superior-dentistry.com/" "Mozilla/5.0 (X11; Linux x86_64) AppleWebKit/537.36 (KHTML, like Gecko) Chrome/50.0.2661.86 Safari/537.36" "superior-dentistry.com"
54.194.195.84 - - [30/Oct/2016:12:32:19 -0700] "GET /img/slider1.jpg HTTP/1.1" 200 268888 "http://superior-dentistry.com/" "Mozilla/5.0 (X11; Linux x86_64) AppleWebKit/537.36 (KHTML, like Gecko) Chrome/50.0.2661.86 Safari/537.36" "superior-dentistry.com"[0]
54.194.195.84 - - [30/Oct/2016:12:32:19 -0700] "GET /img/patients-choice-winner-2015.png HTTP/1.1" 200 9818 "http://superior-dentistry.com/" "Mozilla/5.0 (X11; Linux x86_64) AppleWebKit/537.36 (KHTML, like Gecko) Chrome/50.0.2661.86 Safari/537.36" "superior-dentistry.com"
54.194.195.84 - - [30/Oct/2016:12:32:19 -0700] "GET /img/slider2.jpg HTTP/1.1" 200 345766 "http://superior-dentistry.com/" "Mozilla/5.0 (X11; Linux x86_64) AppleWebKit/537.36 (KHTML, like Gecko) Chrome/50.0.2661.86 Safari/537.36" "superior-dentistry.com"
54.194.195.84 - - [30/Oct/2016:12:32:19 -0700] "GET /img/slider3.jpg HTTP/1.1" 200 217901 "http://superior-dentistry.com/" "Mozilla/5.0 (X11; Linux x86_64) AppleWebKit/537.36 (KHTML, like Gecko) Chrome/50.0.2661.86 Safari/537.36" "superior-dentistry.com"
54.194.195.84 - - [30/Oct/2016:12:32:19 -0700] "GET /img/offer-31-05-2014-whitening.jpg HTTP/1.1" 200 15686 "http://superior-dentistry.com/" "Mozilla/5.0 (X11; Linux x86_64) AppleWebKit/537.36 (KHTML, like Gecko) Chrome/50.0.2661.86 Safari/537.36" "superior-dentistry.com"
54.194.195.84 - - [30/Oct/2016:12:32:19 -0700] "GET /img/offer-31-05-2014-sonicare-brush.jpg HTTP/1.1" 200 13165 "http://superior-dentistry.com/" "Mozilla/5.0 (X11; Linux x86_64) AppleWebKit/537.36 (KHTML, like Gecko) Chrome/50.0.2661.86 Safari/537.36" "superior-dentistry.com"
54.194.195.84 - - [30/Oct/2016:12:32:20 -0700] "GET /img/zocdoc-apt.jpg HTTP/1.1" 200 79396 "http://superior-dentistry.com/" "Mozilla/5.0 (X11; Linux x86_64) AppleWebKit/537.36 (KHTML, like Gecko) Chrome/50.0.2661.86 Safari/537.36" "www.superior-dentistry.com"
54.194.195.84 - - [30/Oct/2016:12:32:20 -0700] "GET /img/offer-31-05-2014-new-patient.jpg HTTP/1.1" 200 15365 "http://superior-dentistry.com/" "Mozilla/5.0 (X11; Linux x86_64) AppleWebKit/537.36 (KHTML, like Gecko) Chrome/50.0.2661.86 Safari/537.36" "superior-dentistry.com"
54.194.195.84 - - [30/Oct/2016:12:32:29 -0700] "GET / HTTP/1.1" 200 38900 "-" "Mozilla/5.0 (X11; Linux x86_64) AppleWebKit/537.36 (KHTML, like Gecko) Chrome/50.0.2661.86 Safari/537.36" "superior-dentistry.com"
54.229.32.81 - - [30/Oct/2016:12:33:01 -0700] "GET / HTTP/1.1" 200 38900 "-" "Mozilla/5.0 (X11; Linux x86_64) AppleWebKit/537.36 (KHTML, like Gecko) Chrome/50.0.2661.86 Safari/537.36" "superior-dentistry.com"
54.229.32.81 - - [30/Oct/2016:12:33:01 -0700] "GET /css/bootstrap.css HTTP/1.1" 200 138415 "http://superior-dentistry.com/" "Mozilla/5.0 (X11; Linux x86_64) AppleWebKit/537.36 (KHTML, like Gecko) Chrome/50.0.2661.86 Safari/537.36" "superior-dentistry.com"
54.229.32.81 - - [30/Oct/2016:12:33:01 -0700] "GET /theme.css HTTP/1.1" 200 1926 "http://superior-dentistry.com/" "Mozilla/5.0 (X11; Linux x86_64) AppleWebKit/537.36 (KHTML, like Gecko) Chrome/50.0.2661.86 Safari/537.36" "superior-dentistry.com"
54.229.32.81 - - [30/Oct/2016:12:33:01 -0700] "GET /css/bootstrap-theme.css HTTP/1.1" 200 19156 "http://superior-dentistry.com/" "Mozilla/5.0 (X11; Linux x86_64) AppleWebKit/537.36 (KHTML, like Gecko) Chrome/50.0.2661.86 Safari/537.36" "superior-dentistry.com"
54.229.32.81 - - [30/Oct/2016:12:33:01 -0700] "GET /js/ie-emulation-modes-warning.js HTTP/1.1" 200 2132 "http://superior-dentistry.com/" "Mozilla/5.0 (X11; Linux x86_64) AppleWebKit/537.36 (KHTML, like Gecko) Chrome/50.0.2661.86 Safari/537.36" "superior-dentistry.com"
54.229.32.81 - - [30/Oct/2016:12:33:01 -0700] "GET /css/font-awesome.css HTTP/1.1" 200 28747 "http://superior-dentistry.com/" "Mozilla/5.0 (X11; Linux x86_64) AppleWebKit/537.36 (KHTML, like Gecko) Chrome/50.0.2661.86 Safari/537.36" "superior-dentistry.com"
54.229.32.81 - - [30/Oct/2016:12:33:01 -0700] "GET /js/bootstrap.min.js HTTP/1.1" 200 35601 "http://superior-dentistry.com/" "Mozilla/5.0 (X11; Linux x86_64) AppleWebKit/537.36 (KHTML, like Gecko) Chrome/50.0.2661.86 Safari/537.36" "superior-dentistry.com"
54.229.32.81 - - [30/Oct/2016:12:33:01 -0700] "GET /js/ie10-viewport-bug-workaround.js HTTP/1.1" 200 694 "http://superior-dentistry.com/" "Mozilla/5.0 (X11; Linux x86_64) AppleWebKit/537.36 (KHTML, like Gecko) Chrome/50.0.2661.86 Safari/537.36" "superior-dentistry.com"
54.229.32.81 - - [30/Oct/2016:12:33:01 -0700] "GET /js/docs.min.js HTTP/1.1" 200 43299 "http://superior-dentistry.com/" "Mozilla/5.0 (X11; Linux x86_64) AppleWebKit/537.36 (KHTML, like Gecko) Chrome/50.0.2661.86 Safari/537.36" "superior-dentistry.com"
54.229.32.81 - - [30/Oct/2016:12:33:02 -0700] "GET /img/offer-31-05-2014-new-patient.jpg HTTP/1.1" 200 15365 "http://superior-dentistry.com/" "Mozilla/5.0 (X11; Linux x86_64) AppleWebKit/537.36 (KHTML, like Gecko) Chrome/50.0.2661.86 Safari/537.36" "superior-dentistry.com"
54.229.32.81 - - [30/Oct/2016:12:33:02 -0700] "GET /assets/flash/ZeroClipboard.swf?noCache=1477855982057 HTTP/1.1" 404 89 "http://superior-dentistry.com/" "Mozilla/5.0 (X11; Linux x86_64) AppleWebKit/537.36 (KHTML, like Gecko) Chrome/50.0.2661.86 Safari/537.36" "superior-dentistry.com"
54.229.32.81 - - [30/Oct/2016:12:33:11 -0700] "GET / HTTP/1.1" 200 38900 "-" "Mozilla/5.0 (X11; Linux x86_64) AppleWebKit/537.36 (KHTML, like Gecko) Chrome/50.0.2661.86 Safari/537.36" "superior-dentistry.com"
54.229.32.81 - - [30/Oct/2016:12:33:12 -0700] "GET /img/zocdoc-apt.jpg HTTP/1.1" 200 79396 "http://superior-dentistry.com/" "Mozilla/5.0 (X11; Linux x86_64) AppleWebKit/537.36 (KHTML, like Gecko) Chrome/50.0.2661.86 Safari/537.36" "www.superior-dentistry.com"
54.229.32.81 - - [30/Oct/2016:12:33:12 -0700] "GET /assets/flash/ZeroClipboard.swf?noCache=1477855991983 HTTP/1.1" 404 89 "http://superior-dentistry.com/" "Mozilla/5.0 (X11; Linux x86_64) AppleWebKit/537.36 (KHTML, like Gecko) Chrome/50.0.2661.86 Safari/537.36" "superior-dentistry.com"
