54.242.164.91 - - [20/Sep/2016:17:30:22 -0700] "GET / HTTP/1.1" 200 38900 "-" "Mozilla/5.0 (X11; Linux x86_64)AppleWebKit/537.36 (KHTML, like Gecko)Chrome/43.0.2357.134 Safari/537.36http://notifyninja.com/monitoring" "superior-dentistry.com"
134.249.65.218 - - [20/Sep/2016:17:58:07 -0700] "GET / HTTP/1.1" 200 38900 "http://cool-wedding.net/dresses" "Opera/9.00 (Windows NT 5.1; U; en)" "www.superior-dentistry.com"
134.249.65.218 - - [20/Sep/2016:17:58:07 -0700] "GET / HTTP/1.1" 200 38900 "http://tomatis.gospartner.com/" "Opera/9.00 (Windows NT 5.1; U; en)" "www.superior-dentistry.com"
134.249.65.218 - - [20/Sep/2016:17:58:07 -0700] "GET / HTTP/1.1" 200 38900 "http://xn--e1aggki3c.xn--80adxhks/" "Opera/9.00 (Windows NT 5.1; U; en)" "www.superior-dentistry.com"
178.137.160.205 - - [20/Sep/2016:18:16:19 -0700] "GET / HTTP/1.1" 200 38900 "https://takeitdumps.com/" "Opera/9.00 (Windows NT 4.0; U; en)" "www.superior-dentistry.com"
46.119.115.28 - - [20/Sep/2016:18:19:12 -0700] "GET / HTTP/1.1" 200 38900 "http://zdesformula.ru/parallelogram-diagonal.html" "Opera/9.0 (Windows NT 5.1; U; en)" "www.superior-dentistry.com"
46.119.115.28 - - [20/Sep/2016:18:19:12 -0700] "GET / HTTP/1.1" 200 38900 "http://healbio.ru/" "Opera/9.0 (Windows NT 5.1; U; en)" "www.superior-dentistry.com"
46.119.115.28 - - [20/Sep/2016:18:19:12 -0700] "GET / HTTP/1.1" 200 38900 "http://landreferat.ru/" "Opera/9.0 (Windows NT 5.1; U; en)" "www.superior-dentistry.com"
46.119.115.28 - - [20/Sep/2016:18:19:12 -0700] "GET / HTTP/1.1" 200 38900 "http://healbio.ru/" "Opera/9.0 (Windows NT 5.1; U; en)" "www.superior-dentistry.com"
46.119.115.28 - - [20/Sep/2016:18:19:13 -0700] "GET / HTTP/1.1" 200 38900 "http://healbio.ru/" "Opera/9.0 (Windows NT 5.1; U; en)" "www.superior-dentistry.com"
46.119.115.28 - - [20/Sep/2016:18:19:13 -0700] "GET / HTTP/1.1" 200 38900 "http://landreferat.ru/" "Opera/9.0 (Windows NT 5.1; U; en)" "www.superior-dentistry.com"
198.16.7.150 - - [20/Sep/2016:18:21:38 -0700] "GET / HTTP/1.1" 200 38900 "-" "FreeWebMonitoring SiteChecker/0.2 (+http://www.freewebmonitoring.com/bot.html)" "www.superior-dentistry.com"
54.242.164.91 - - [20/Sep/2016:18:41:42 -0700] "GET / HTTP/1.1" 200 38900 "-" "Mozilla/5.0 (X11; Linux x86_64)AppleWebKit/537.36 (KHTML, like Gecko)Chrome/43.0.2357.134 Safari/537.36http://notifyninja.com/monitoring" "superior-dentistry.com"
54.243.142.136 - - [20/Sep/2016:18:55:11 -0700] "HEAD /Dental-LinkExchange.html HTTP/1.1" 200 0 "-" "Mozilla/5.0 (Windows; U; Windows NT 5.1; en-US; rv:1.7.5) Gecko/20041107 Firefox/1.0" "www.superior-dentistry.com"
54.243.142.136 - - [20/Sep/2016:18:55:11 -0700] "GET /Dental-LinkExchange.html HTTP/1.1" 200 24959 "-" "Mozilla/5.0 (Windows; U; Windows NT 5.1; en-US; rv:1.7.5) Gecko/20041107 Firefox/1.0" "www.superior-dentistry.com"
54.243.142.136 - - [20/Sep/2016:18:55:11 -0700] "GET /robots.txt HTTP/1.1" 200 49 "-" "Mozilla/5.0 (compatible; MSIE 9.0; Windows NT 6.1; WOW64; Trident/5.0)" "www.superior-dentistry.com"
46.118.112.191 - - [20/Sep/2016:19:06:23 -0700] "GET / HTTP/1.1" 200 38900 "http://www.privatefx.all4invest.info/" "Mozilla/4.7 (compatible; OffByOne; Windows 2000) Webster Pro V3.4" "www.superior-dentistry.com"
46.118.112.191 - - [20/Sep/2016:19:06:23 -0700] "GET / HTTP/1.1" 200 38900 "http://xn--80aaomkdl5amcy.xn--p1ai/" "Mozilla/4.7 (compatible; OffByOne; Windows 2000) Webster Pro V3.4" "www.superior-dentistry.com"
46.118.112.191 - - [20/Sep/2016:19:06:23 -0700] "GET / HTTP/1.1" 200 38900 "http://hd-filmy.net/" "Mozilla/4.7 (compatible; OffByOne; Windows 2000) Webster Pro V3.4" "www.superior-dentistry.com"
46.118.112.191 - - [20/Sep/2016:19:06:23 -0700] "GET / HTTP/1.1" 200 38900 "http://event-map.ru/" "Mozilla/4.7 (compatible; OffByOne; Windows 2000) Webster Pro V3.4" "www.superior-dentistry.com"
46.118.112.191 - - [20/Sep/2016:19:06:23 -0700] "GET / HTTP/1.1" 200 38900 "http://xn--80aaomkdl5amcy.xn--p1ai/" "Mozilla/4.7 (compatible; OffByOne; Windows 2000) Webster Pro V3.4" "www.superior-dentistry.com"
46.118.112.191 - - [20/Sep/2016:19:06:24 -0700] "GET / HTTP/1.1" 200 38900 "http://event-map.ru/" "Mozilla/4.7 (compatible; OffByOne; Windows 2000) Webster Pro V3.4" "www.superior-dentistry.com"
46.118.112.191 - - [20/Sep/2016:19:06:24 -0700] "GET / HTTP/1.1" 200 38900 "http://hd-filmy.net/" "Mozilla/4.7 (compatible; OffByOne; Windows 2000) Webster Pro V3.4" "www.superior-dentistry.com"
46.118.112.191 - - [20/Sep/2016:19:06:24 -0700] "GET / HTTP/1.1" 200 38900 "http://xn--80aaomkdl5amcy.xn--p1ai/" "Mozilla/4.7 (compatible; OffByOne; Windows 2000) Webster Pro V3.4" "www.superior-dentistry.com"
46.118.112.191 - - [20/Sep/2016:19:06:24 -0700] "GET / HTTP/1.1" 200 38900 "http://hd-filmy.net/" "Mozilla/4.7 (compatible; OffByOne; Windows 2000) Webster Pro V3.4" "www.superior-dentistry.com"
46.118.112.191 - - [20/Sep/2016:19:06:24 -0700] "GET / HTTP/1.1" 200 38900 "http://event-map.ru/" "Mozilla/4.7 (compatible; OffByOne; Windows 2000) Webster Pro V3.4" "www.superior-dentistry.com"
46.118.112.191 - - [20/Sep/2016:19:06:24 -0700] "GET / HTTP/1.1" 200 38900 "http://www.privatefx.all4invest.info/" "Mozilla/4.7 (compatible; OffByOne; Windows 2000) Webster Pro V3.4" "www.superior-dentistry.com"
198.16.7.150 - - [20/Sep/2016:19:22:37 -0700] "GET / HTTP/1.1" 200 38900 "-" "FreeWebMonitoring SiteChecker/0.2 (+http://www.freewebmonitoring.com/bot.html)" "www.superior-dentistry.com"
180.76.15.24 - - [20/Sep/2016:19:46:06 -0700] "GET /Bowie-Dentists/firstvisit.php HTTP/1.1" 200 73 "-" "Mozilla/5.0 (compatible; Baiduspider/2.0; +http://www.baidu.com/search/spider.html)" "www.superior-dentistry.com"
54.242.164.91 - - [20/Sep/2016:19:53:15 -0700] "GET / HTTP/1.1" 200 38900 "-" "Mozilla/5.0 (X11; Linux x86_64)AppleWebKit/537.36 (KHTML, like Gecko)Chrome/43.0.2357.134 Safari/537.36http://notifyninja.com/monitoring" "superior-dentistry.com"
180.76.15.32 - - [20/Sep/2016:20:19:35 -0700] "GET /Dentist-Bowie-MD/popup/fancybox/?M=A HTTP/1.1" 200 1611 "-" "Mozilla/5.0 (compatible; Baiduspider/2.0; +http://www.baidu.com/search/spider.html)" "www.superior-dentistry.com"
198.16.7.150 - - [20/Sep/2016:20:23:16 -0700] "GET / HTTP/1.1" 200 38900 "-" "FreeWebMonitoring SiteChecker/0.2 (+http://www.freewebmonitoring.com/bot.html)" "www.superior-dentistry.com"
54.242.164.91 - - [20/Sep/2016:21:04:28 -0700] "GET / HTTP/1.1" 200 38900 "-" "Mozilla/5.0 (X11; Linux x86_64)AppleWebKit/537.36 (KHTML, like Gecko)Chrome/43.0.2357.134 Safari/537.36http://notifyninja.com/monitoring" "superior-dentistry.com"
198.16.7.150 - - [20/Sep/2016:21:25:36 -0700] "GET / HTTP/1.1" 200 38900 "-" "FreeWebMonitoring SiteChecker/0.2 (+http://www.freewebmonitoring.com/bot.html)" "www.superior-dentistry.com"
54.243.141.178 - - [20/Sep/2016:21:29:03 -0700] "HEAD /Dental-Sites-We-Like.html HTTP/1.1" 200 0 "-" "Mozilla/5.0 (Windows; U; Windows NT 5.1; en-US; rv:1.7.5) Gecko/20041107 Firefox/1.0" "www.superior-dentistry.com"
54.243.141.178 - - [20/Sep/2016:21:29:03 -0700] "GET /Dental-Sites-We-Like.html HTTP/1.1" 200 41846 "-" "Mozilla/5.0 (Windows; U; Windows NT 5.1; en-US; rv:1.7.5) Gecko/20041107 Firefox/1.0" "www.superior-dentistry.com"
54.243.141.178 - - [20/Sep/2016:21:29:03 -0700] "GET /robots.txt HTTP/1.1" 200 49 "-" "Mozilla/5.0 (compatible; MSIE 9.0; Windows NT 6.1; WOW64; Trident/5.0)" "www.superior-dentistry.com"
40.77.167.1 - - [20/Sep/2016:22:10:35 -0700] "GET /robots.txt HTTP/1.1" 200 49 "-" "Mozilla/5.0 (compatible; bingbot/2.0; +http://www.bing.com/bingbot.htm)" "www.superior-dentistry.com"
138.197.136.16 - - [20/Sep/2016:22:13:04 -0700] "GET / HTTP/1.1" 200 38900 "-" "-" "www.superior-dentistry.com"
138.197.136.16 - - [20/Sep/2016:22:13:54 -0700] "GET / HTTP/1.1" 200 38900 "-" "-" "www.superior-dentistry.com"
159.203.46.121 - - [20/Sep/2016:22:16:04 -0700] "GET / HTTP/1.1" 200 38900 "-" "Mozilla/5.0 (iPhone; CPU iPhone OS 5_0 like Mac OS X) AppleWebKit/534.34 (KHTML, like Gecko) Version/5.1" "www.superior-dentistry.com"
159.203.46.121 - - [20/Sep/2016:22:16:04 -0700] "GET /theme.css HTTP/1.1" 200 1926 "http://www.superior-dentistry.com/" "Mozilla/5.0 (iPhone; CPU iPhone OS 5_0 like Mac OS X) AppleWebKit/534.34 (KHTML, like Gecko) Version/5.1" "www.superior-dentistry.com"
159.203.46.121 - - [20/Sep/2016:22:16:04 -0700] "GET /css/bootstrap-theme.css HTTP/1.1" 200 19156 "http://www.superior-dentistry.com/" "Mozilla/5.0 (iPhone; CPU iPhone OS 5_0 like Mac OS X) AppleWebKit/534.34 (KHTML, like Gecko) Version/5.1" "www.superior-dentistry.com"
159.203.46.121 - - [20/Sep/2016:22:16:04 -0700] "GET /js/ie-emulation-modes-warning.js HTTP/1.1" 200 2132 "http://www.superior-dentistry.com/" "Mozilla/5.0 (iPhone; CPU iPhone OS 5_0 like Mac OS X) AppleWebKit/534.34 (KHTML, like Gecko) Version/5.1" "www.superior-dentistry.com"
159.203.46.121 - - [20/Sep/2016:22:16:04 -0700] "GET /js/docs.min.js HTTP/1.1" 200 43299 "http://www.superior-dentistry.com/" "Mozilla/5.0 (iPhone; CPU iPhone OS 5_0 like Mac OS X) AppleWebKit/534.34 (KHTML, like Gecko) Version/5.1" "www.superior-dentistry.com"
159.203.46.121 - - [20/Sep/2016:22:16:04 -0700] "GET /img/wisdom-teeth-extraction.jpg HTTP/1.1" 200 23758 "http://www.superior-dentistry.com/" "Mozilla/5.0 (iPhone; CPU iPhone OS 5_0 like Mac OS X) AppleWebKit/534.34 (KHTML, like Gecko) Version/5.1" "www.superior-dentistry.com"
159.203.46.121 - - [20/Sep/2016:22:16:04 -0700] "GET /img/offer-31-05-2014-new-patient.jpg HTTP/1.1" 200 15365 "http://www.superior-dentistry.com/" "Mozilla/5.0 (iPhone; CPU iPhone OS 5_0 like Mac OS X) AppleWebKit/534.34 (KHTML, like Gecko) Version/5.1" "www.superior-dentistry.com"
159.203.46.121 - - [20/Sep/2016:22:16:04 -0700] "GET /img/slider2.jpg HTTP/1.1" 200 345766 "http://www.superior-dentistry.com/" "Mozilla/5.0 (iPhone; CPU iPhone OS 5_0 like Mac OS X) AppleWebKit/534.34 (KHTML, like Gecko) Version/5.1" "www.superior-dentistry.com"
159.203.46.121 - - [20/Sep/2016:22:16:04 -0700] "GET /img/offer-31-05-2014-whitening.jpg HTTP/1.1" 200 15686 "http://www.superior-dentistry.com/" "Mozilla/5.0 (iPhone; CPU iPhone OS 5_0 like Mac OS X) AppleWebKit/534.34 (KHTML, like Gecko) Version/5.1" "www.superior-dentistry.com"
138.197.136.16 - - [20/Sep/2016:22:16:37 -0700] "GET / HTTP/1.1" 200 38900 "-" "-" "www.superior-dentistry.com"
45.79.103.178 - - [20/Sep/2016:22:34:38 -0700] "GET /robots.txt HTTP/1.1" 200 49 "http://uptime.com/superior-dentistry.com" "Mozilla/5.0 (compatible; Uptimebot/1.0; +http://www.uptime.com/uptimebot)" "superior-dentistry.com"
45.79.103.178 - - [20/Sep/2016:22:34:39 -0700] "HEAD / HTTP/1.1" 200 0 "http://uptime.com/superior-dentistry.com" "Mozilla/5.0 (compatible; Uptimebot/1.0; +http://www.uptime.com/uptimebot)" "superior-dentistry.com"
40.77.167.1 - - [20/Sep/2016:22:36:42 -0700] "GET /Patient-Before-After-Gallery.html HTTP/1.1" 200 23825 "-" "Mozilla/5.0 (compatible; bingbot/2.0; +http://www.bing.com/bingbot.htm)" "www.superior-dentistry.com"
180.76.15.9 - - [20/Sep/2016:22:50:36 -0700] "GET /Patient-Information-Form.pdf HTTP/1.1" 200 1114112 "-" "Mozilla/5.0 (compatible; Baiduspider/2.0; +http://www.baidu.com/search/spider.html)" "superior-dentistry.com"
198.16.7.150 - - [20/Sep/2016:23:28:39 -0700] "GET / HTTP/1.1" 200 38900 "-" "FreeWebMonitoring SiteChecker/0.2 (+http://www.freewebmonitoring.com/bot.html)" "www.superior-dentistry.com"
180.76.15.147 - - [20/Sep/2016:23:39:52 -0700] "GET /css/style.css HTTP/1.1" 404 89 "-" "Mozilla/5.0 (compatible; Baiduspider/2.0; +http://www.baidu.com/search/spider.html)" "www.superior-dentistry.com"
62.138.2.243 - - [20/Sep/2016:23:49:21 -0700] "GET /%E2%80%9Dhttp://www.nicedentist.com HTTP/1.1" 404 89 "-" "Mozilla/5.0 (compatible; MJ12bot/v1.4.5; http://www.majestic12.co.uk/bot.php?+)" "superior-dentistry.com"
62.138.2.243 - - [20/Sep/2016:23:49:22 -0700] "GET /robots.txt HTTP/1.1" 200 49 "-" "Mozilla/5.0 (compatible; MJ12bot/v1.4.5; http://www.majestic12.co.uk/bot.php?+)" "www.superior-dentistry.com"
64.140.162.202 - - [21/Sep/2016:00:18:15 -0700] "GET / HTTP/1.1" 200 38900 "http://www.google.com" "Mozilla/5.0 (Windows NT 6.1; WOW64) AppleWebKit/537.36 (KHTML, like Gecko) Chrome/32.0.1700.107 Safari/537.36" "www.superior-dentistry.com"
198.16.7.150 - - [21/Sep/2016:00:30:18 -0700] "GET / HTTP/1.1" 200 38900 "-" "FreeWebMonitoring SiteChecker/0.2 (+http://www.freewebmonitoring.com/bot.html)" "www.superior-dentistry.com"
151.80.31.103 - - [21/Sep/2016:00:33:54 -0700] "GET /robots.txt HTTP/1.1" 200 49 "-" "Mozilla/5.0 (compatible; AhrefsBot/5.1; +http://ahrefs.com/robot/)" "www.superior-dentistry.com"
163.172.66.69 - - [21/Sep/2016:00:33:54 -0700] "GET /Bowie-Dentists/firstvisit.html HTTP/1.1" 404 89 "-" "Mozilla/5.0 (compatible; AhrefsBot/5.1; +http://ahrefs.com/robot/)" "www.superior-dentistry.com"
54.242.164.91 - - [21/Sep/2016:00:37:06 -0700] "GET / HTTP/1.1" 200 38900 "-" "Mozilla/5.0 (X11; Linux x86_64)AppleWebKit/537.36 (KHTML, like Gecko)Chrome/43.0.2357.134 Safari/537.36http://notifyninja.com/monitoring" "superior-dentistry.com"
54.242.164.91 - - [21/Sep/2016:01:47:55 -0700] "GET / HTTP/1.1" 200 38900 "-" "Mozilla/5.0 (X11; Linux x86_64)AppleWebKit/537.36 (KHTML, like Gecko)Chrome/43.0.2357.134 Safari/537.36http://notifyninja.com/monitoring" "superior-dentistry.com"
66.249.75.186 - - [21/Sep/2016:02:28:13 -0700] "GET /assets/flash/ZeroClipboard.swf?noCache=1474243200033&trustedOrigins=www.superior-dentistry.com%2C%2F%2Fwww.superior-dentistry.com%2Chttp%3A%2F%2Fwww.superior-dentistry.com HTTP/1.1" 404 89 "-" "Googlebot-Video/1.0" "www.superior-dentistry.com"
134.249.159.113 - - [21/Sep/2016:02:40:16 -0700] "GET /js/docs.min.js HTTP/1.1" 200 43299 "-" "-" "superior-dentistry.com"
134.249.159.113 - - [21/Sep/2016:02:59:14 -0700] "GET /js/bootstrap.min.js HTTP/1.1" 200 35601 "-" "-" "superior-dentistry.com"
199.58.86.206 - - [21/Sep/2016:03:16:15 -0700] "GET / HTTP/1.1" 200 38900 "-" "Mozilla/5.0 (compatible; MJ12bot/v1.4.5; http://www.majestic12.co.uk/bot.php?+)" "www.superior-dentistry.com"
134.249.159.113 - - [21/Sep/2016:03:23:44 -0700] "GET /js/ie10-viewport-bug-workaround.js HTTP/1.1" 200 694 "-" "-" "superior-dentistry.com"
134.249.159.113 - - [21/Sep/2016:03:28:23 -0700] "GET /css/font-awesome.css HTTP/1.1" 200 28747 "-" "-" "superior-dentistry.com"
198.16.7.150 - - [21/Sep/2016:03:32:50 -0700] "GET / HTTP/1.1" 200 38900 "-" "FreeWebMonitoring SiteChecker/0.2 (+http://www.freewebmonitoring.com/bot.html)" "www.superior-dentistry.com"
199.59.148.210 - - [21/Sep/2016:03:51:10 -0700] "GET /images/logo1.jpg HTTP/1.1" 404 89 "-" "Twitterbot/1.0" "www.superior-dentistry.com"
5.255.250.70 - - [21/Sep/2016:03:58:32 -0700] "GET /robots.txt HTTP/1.1" 200 49 "-" "Mozilla/5.0 (compatible; YandexBot/3.0; +http://yandex.com/bots)" "superior-dentistry.com"
134.249.159.113 - - [21/Sep/2016:04:12:20 -0700] "GET /css/bootstrap.css HTTP/1.1" 200 138415 "-" "-" "superior-dentistry.com"
54.242.164.91 - - [21/Sep/2016:04:17:09 -0700] "GET / HTTP/1.1" 200 38900 "-" "Mozilla/5.0 (X11; Linux x86_64)AppleWebKit/537.36 (KHTML, like Gecko)Chrome/43.0.2357.134 Safari/537.36http://notifyninja.com/monitoring" "superior-dentistry.com"
47.11.72.73 - - [21/Sep/2016:04:21:34 -0700] "GET /js/ie-emulation-modes-warning.js HTTP/1.1" 200 2132 "http://superior-dentistry.com/" "Mozilla/5.0 (Windows NT 6.1; WOW64) AppleWebKit/537.36 (KHTML, like Gecko) Chrome/36.0.1985.143 Safari/537.36" "superior-dentistry.com"
47.11.72.73 - - [21/Sep/2016:04:21:35 -0700] "GET /js/bootstrap.min.js HTTP/1.1" 200 35601 "http://superior-dentistry.com/" "Mozilla/5.0 (Windows NT 6.1; WOW64) AppleWebKit/537.36 (KHTML, like Gecko) Chrome/36.0.1985.143 Safari/537.36" "superior-dentistry.com"
47.11.72.73 - - [21/Sep/2016:04:21:36 -0700] "GET /js/ie10-viewport-bug-workaround.js HTTP/1.1" 200 694 "http://superior-dentistry.com/" "Mozilla/5.0 (Windows NT 6.1; WOW64) AppleWebKit/537.36 (KHTML, like Gecko) Chrome/36.0.1985.143 Safari/537.36" "superior-dentistry.com"
47.11.72.73 - - [21/Sep/2016:04:21:40 -0700] "GET /img/logo.jpg HTTP/1.1" 200 139628 "http://superior-dentistry.com/" "Mozilla/5.0 (Windows NT 6.1; WOW64) AppleWebKit/537.36 (KHTML, like Gecko) Chrome/36.0.1985.143 Safari/537.36" "superior-dentistry.com"
47.11.72.73 - - [21/Sep/2016:04:21:42 -0700] "GET /img/tmj-trauma.jpg HTTP/1.1" 200 22488 "http://superior-dentistry.com/" "Mozilla/5.0 (Windows NT 6.1; WOW64) AppleWebKit/537.36 (KHTML, like Gecko) Chrome/36.0.1985.143 Safari/537.36" "superior-dentistry.com"
47.11.72.73 - - [21/Sep/2016:04:21:43 -0700] "GET /img/slider1.jpg HTTP/1.1" 200 268888 "http://superior-dentistry.com/" "Mozilla/5.0 (Windows NT 6.1; WOW64) AppleWebKit/537.36 (KHTML, like Gecko) Chrome/36.0.1985.143 Safari/537.36" "superior-dentistry.com"
47.11.72.73 - - [21/Sep/2016:04:21:43 -0700] "GET /img/slider2.jpg HTTP/1.1" 200 345766 "http://superior-dentistry.com/" "Mozilla/5.0 (Windows NT 6.1; WOW64) AppleWebKit/537.36 (KHTML, like Gecko) Chrome/36.0.1985.143 Safari/537.36" "superior-dentistry.com"
47.11.72.73 - - [21/Sep/2016:04:21:44 -0700] "GET /img/slider3.jpg HTTP/1.1" 200 217901 "http://superior-dentistry.com/" "Mozilla/5.0 (Windows NT 6.1; WOW64) AppleWebKit/537.36 (KHTML, like Gecko) Chrome/36.0.1985.143 Safari/537.36" "superior-dentistry.com"
47.11.72.73 - - [21/Sep/2016:04:21:44 -0700] "GET /img/meetdr-ali.jpg HTTP/1.1" 200 60533 "http://superior-dentistry.com/" "Mozilla/5.0 (Windows NT 6.1; WOW64) AppleWebKit/537.36 (KHTML, like Gecko) Chrome/36.0.1985.143 Safari/537.36" "superior-dentistry.com"
180.76.15.134 - - [21/Sep/2016:04:41:57 -0700] "GET /Patient-Information-Form.pdf HTTP/1.1" 200 1114112 "-" "Mozilla/5.0 (compatible; Baiduspider/2.0; +http://www.baidu.com/search/spider.html)" "www.superior-dentistry.com"
180.76.15.33 - - [21/Sep/2016:04:57:34 -0700] "GET /Dental-Links.html HTTP/1.1" 200 27799 "-" "Mozilla/5.0 (compatible; Baiduspider/2.0; +http://www.baidu.com/search/spider.html)" "superior-dentistry.com"
54.243.143.134 - - [21/Sep/2016:05:10:28 -0700] "HEAD /Dental-LinkExchange.html HTTP/1.1" 200 0 "-" "Mozilla/5.0 (Windows; U; Windows NT 5.1; en-US; rv:1.7.5) Gecko/20041107 Firefox/1.0" "superior-dentistry.com"
54.243.142.136 - - [21/Sep/2016:05:13:16 -0700] "GET /robots.txt HTTP/1.1" 200 49 "-" "Mozilla/5.0 (compatible; MSIE 9.0; Windows NT 6.1; WOW64; Trident/5.0)" "superior-dentistry.com"
54.242.164.91 - - [21/Sep/2016:05:29:42 -0700] "GET / HTTP/1.1" 200 38900 "-" "Mozilla/5.0 (X11; Linux x86_64)AppleWebKit/537.36 (KHTML, like Gecko)Chrome/43.0.2357.134 Safari/537.36http://notifyninja.com/monitoring" "superior-dentistry.com"
198.16.7.150 - - [21/Sep/2016:05:34:59 -0700] "GET / HTTP/1.1" 200 38900 "-" "FreeWebMonitoring SiteChecker/0.2 (+http://www.freewebmonitoring.com/bot.html)" "www.superior-dentistry.com"
54.242.164.91 - - [21/Sep/2016:06:43:40 -0700] "GET / HTTP/1.1" 200 38900 "-" "Mozilla/5.0 (X11; Linux x86_64)AppleWebKit/537.36 (KHTML, like Gecko)Chrome/43.0.2357.134 Safari/537.36http://notifyninja.com/monitoring" "superior-dentistry.com"
195.64.208.131 - - [21/Sep/2016:07:01:51 -0700] "GET /img/bridges-dentist-md.jpg HTTP/1.1" 200 67242 "https://www.bing.com/" "Mozilla/5.0 (Windows NT 6.3) AppleWebKit/537.36 (KHTML, like Gecko) Chrome/53.0.2785.116 Safari/537.36" "www.superior-dentistry.com"
141.8.143.182 - - [21/Sep/2016:07:01:56 -0700] "GET /robots.txt HTTP/1.1" 200 49 "-" "Mozilla/5.0 (compatible; YandexBot/3.0; +http://yandex.com/bots)" "www.superior-dentistry.com"
172.58.184.176 - - [21/Sep/2016:07:07:22 -0700] "GET /img/oral-pathology.jpg HTTP/1.1" 200 33395 "http://www.superior-dentistry.com/" "Mozilla/5.0 (Linux; Android 6.0.1; SAMSUNG SM-G930T Build/MMB29M) AppleWebKit/537.36 (KHTML, like Gecko) SamsungBrowser/4.0 Chrome/44.0.2403.133 Mobile Safari/537.36" "www.superior-dentistry.com"[0]
172.58.184.176 - - [21/Sep/2016:07:07:22 -0700] "GET /img/logo.jpg HTTP/1.1" 200 139628 "http://www.superior-dentistry.com/" "Mozilla/5.0 (Linux; Android 6.0.1; SAMSUNG SM-G930T Build/MMB29M) AppleWebKit/537.36 (KHTML, like Gecko) SamsungBrowser/4.0 Chrome/44.0.2403.133 Mobile Safari/537.36" "www.superior-dentistry.com"
172.58.184.176 - - [21/Sep/2016:07:07:22 -0700] "GET /img/meetdr-ali.jpg HTTP/1.1" 200 60533 "http://www.superior-dentistry.com/" "Mozilla/5.0 (Linux; Android 6.0.1; SAMSUNG SM-G930T Build/MMB29M) AppleWebKit/537.36 (KHTML, like Gecko) SamsungBrowser/4.0 Chrome/44.0.2403.133 Mobile Safari/537.36" "www.superior-dentistry.com"
172.58.184.176 - - [21/Sep/2016:07:07:23 -0700] "GET /img/slider2.jpg HTTP/1.1" 200 345766 "http://www.superior-dentistry.com/" "Mozilla/5.0 (Linux; Android 6.0.1; SAMSUNG SM-G930T Build/MMB29M) AppleWebKit/537.36 (KHTML, like Gecko) SamsungBrowser/4.0 Chrome/44.0.2403.133 Mobile Safari/537.36" "www.superior-dentistry.com"
172.58.184.176 - - [21/Sep/2016:07:08:59 -0700] "GET /meet-staff.html HTTP/1.1" 200 22168 "http://www.superior-dentistry.com/" "Mozilla/5.0 (Linux; Android 6.0.1; SAMSUNG SM-G930T Build/MMB29M) AppleWebKit/537.36 (KHTML, like Gecko) SamsungBrowser/4.0 Chrome/44.0.2403.133 Mobile Safari/537.36" "www.superior-dentistry.com"
199.16.156.125 - - [21/Sep/2016:07:09:01 -0700] "GET /robots.txt HTTP/1.1" 200 49 "-" "Twitterbot/1.0" "www.superior-dentistry.com"
199.16.156.125 - - [21/Sep/2016:07:09:02 -0700] "GET /images/logo1.jpg HTTP/1.1" 404 89 "-" "Twitterbot/1.0" "www.superior-dentistry.com"
199.16.156.124 - - [21/Sep/2016:07:09:02 -0700] "GET /images/endodontia-root-canal-treatment.jpg HTTP/1.1" 404 89 "-" "Twitterbot/1.0" "www.superior-dentistry.com"
96.241.73.211 - - [21/Sep/2016:07:11:08 -0700] "GET /css/bootstrap.css HTTP/1.1" 200 138415 "http://www.superior-dentistry.com/" "Mozilla/5.0 (Windows NT 10.0; Win64; x64) AppleWebKit/537.36 (KHTML, like Gecko) Chrome/46.0.2486.0 Safari/537.36 Edge/13.10586" "www.superior-dentistry.com"[0]
96.241.73.211 - - [21/Sep/2016:07:11:08 -0700] "GET /img/logo.jpg HTTP/1.1" 200 139628 "http://www.superior-dentistry.com/" "Mozilla/5.0 (Windows NT 10.0; Win64; x64) AppleWebKit/537.36 (KHTML, like Gecko) Chrome/46.0.2486.0 Safari/537.36 Edge/13.10586" "www.superior-dentistry.com"
96.241.73.211 - - [21/Sep/2016:07:11:08 -0700] "GET /css/font-awesome.css HTTP/1.1" 200 28747 "http://www.superior-dentistry.com/" "Mozilla/5.0 (Windows NT 10.0; Win64; x64) AppleWebKit/537.36 (KHTML, like Gecko) Chrome/46.0.2486.0 Safari/537.36 Edge/13.10586" "www.superior-dentistry.com"
96.241.73.211 - - [21/Sep/2016:07:11:08 -0700] "GET /js/ie-emulation-modes-warning.js HTTP/1.1" 200 2132 "http://www.superior-dentistry.com/" "Mozilla/5.0 (Windows NT 10.0; Win64; x64) AppleWebKit/537.36 (KHTML, like Gecko) Chrome/46.0.2486.0 Safari/537.36 Edge/13.10586" "www.superior-dentistry.com"
96.241.73.211 - - [21/Sep/2016:07:11:08 -0700] "GET /js/bootstrap.min.js HTTP/1.1" 200 35601 "http://www.superior-dentistry.com/" "Mozilla/5.0 (Windows NT 10.0; Win64; x64) AppleWebKit/537.36 (KHTML, like Gecko) Chrome/46.0.2486.0 Safari/537.36 Edge/13.10586" "www.superior-dentistry.com"
96.241.73.211 - - [21/Sep/2016:07:11:08 -0700] "GET /img/dental-implants.jpg HTTP/1.1" 200 22844 "http://www.superior-dentistry.com/" "Mozilla/5.0 (Windows NT 10.0; Win64; x64) AppleWebKit/537.36 (KHTML, like Gecko) Chrome/46.0.2486.0 Safari/537.36 Edge/13.10586" "www.superior-dentistry.com"
96.241.73.211 - - [21/Sep/2016:07:11:08 -0700] "GET /img/extraction.jpg HTTP/1.1" 200 30135 "http://www.superior-dentistry.com/" "Mozilla/5.0 (Windows NT 10.0; Win64; x64) AppleWebKit/537.36 (KHTML, like Gecko) Chrome/46.0.2486.0 Safari/537.36 Edge/13.10586" "www.superior-dentistry.com"
96.241.73.211 - - [21/Sep/2016:07:11:08 -0700] "GET /js/ie10-viewport-bug-workaround.js HTTP/1.1" 200 694 "http://www.superior-dentistry.com/" "Mozilla/5.0 (Windows NT 10.0; Win64; x64) AppleWebKit/537.36 (KHTML, like Gecko) Chrome/46.0.2486.0 Safari/537.36 Edge/13.10586" "www.superior-dentistry.com"
96.241.73.211 - - [21/Sep/2016:07:11:08 -0700] "GET /js/docs.min.js HTTP/1.1" 200 43299 "http://www.superior-dentistry.com/" "Mozilla/5.0 (Windows NT 10.0; Win64; x64) AppleWebKit/537.36 (KHTML, like Gecko) Chrome/46.0.2486.0 Safari/537.36 Edge/13.10586" "www.superior-dentistry.com"
96.241.73.211 - - [21/Sep/2016:07:11:09 -0700] "GET /img/jaw-surgery.jpg HTTP/1.1" 200 27058 "http://www.superior-dentistry.com/" "Mozilla/5.0 (Windows NT 10.0; Win64; x64) AppleWebKit/537.36 (KHTML, like Gecko) Chrome/46.0.2486.0 Safari/537.36 Edge/13.10586" "www.superior-dentistry.com"
96.241.73.211 - - [21/Sep/2016:07:11:09 -0700] "GET /img/oral-pathology.jpg HTTP/1.1" 200 33395 "http://www.superior-dentistry.com/" "Mozilla/5.0 (Windows NT 10.0; Win64; x64) AppleWebKit/537.36 (KHTML, like Gecko) Chrome/46.0.2486.0 Safari/537.36 Edge/13.10586" "www.superior-dentistry.com"
96.241.73.211 - - [21/Sep/2016:07:11:09 -0700] "GET /img/tmj-trauma.jpg HTTP/1.1" 200 22488 "http://www.superior-dentistry.com/" "Mozilla/5.0 (Windows NT 10.0; Win64; x64) AppleWebKit/537.36 (KHTML, like Gecko) Chrome/46.0.2486.0 Safari/537.36 Edge/13.10586" "www.superior-dentistry.com"
96.241.73.211 - - [21/Sep/2016:07:11:09 -0700] "GET /fonts/fontawesome-webfont.woff?v=4.3.0 HTTP/1.1" 200 71508 "http://www.superior-dentistry.com/" "Mozilla/5.0 (Windows NT 10.0; Win64; x64) AppleWebKit/537.36 (KHTML, like Gecko) Chrome/46.0.2486.0 Safari/537.36 Edge/13.10586" "www.superior-dentistry.com"[0]
96.241.73.211 - - [21/Sep/2016:07:11:09 -0700] "GET /img/slider1.jpg HTTP/1.1" 200 268888 "http://www.superior-dentistry.com/" "Mozilla/5.0 (Windows NT 10.0; Win64; x64) AppleWebKit/537.36 (KHTML, like Gecko) Chrome/46.0.2486.0 Safari/537.36 Edge/13.10586" "www.superior-dentistry.com"
96.241.73.211 - - [21/Sep/2016:07:11:09 -0700] "GET /img/slider2.jpg HTTP/1.1" 200 345766 "http://www.superior-dentistry.com/" "Mozilla/5.0 (Windows NT 10.0; Win64; x64) AppleWebKit/537.36 (KHTML, like Gecko) Chrome/46.0.2486.0 Safari/537.36 Edge/13.10586" "www.superior-dentistry.com"
96.241.73.211 - - [21/Sep/2016:07:11:09 -0700] "GET /img/slider3.jpg HTTP/1.1" 200 217901 "http://www.superior-dentistry.com/" "Mozilla/5.0 (Windows NT 10.0; Win64; x64) AppleWebKit/537.36 (KHTML, like Gecko) Chrome/46.0.2486.0 Safari/537.36 Edge/13.10586" "www.superior-dentistry.com"
96.241.73.211 - - [21/Sep/2016:07:11:09 -0700] "GET /img/meetdr-ali.jpg HTTP/1.1" 200 60533 "http://www.superior-dentistry.com/" "Mozilla/5.0 (Windows NT 10.0; Win64; x64) AppleWebKit/537.36 (KHTML, like Gecko) Chrome/46.0.2486.0 Safari/537.36 Edge/13.10586" "www.superior-dentistry.com"
96.241.73.211 - - [21/Sep/2016:07:11:09 -0700] "GET /favicon.ico HTTP/1.1" 200 688 "-" "Mozilla/5.0 (Windows NT 10.0; Win64; x64) AppleWebKit/537.36 (KHTML, like Gecko) Chrome/46.0.2486.0 Safari/537.36 Edge/13.10586" "www.superior-dentistry.com"
96.241.73.211 - - [21/Sep/2016:07:11:09 -0700] "GET /img/meetdr-melika.jpg HTTP/1.1" 200 75968 "http://www.superior-dentistry.com/" "Mozilla/5.0 (Windows NT 10.0; Win64; x64) AppleWebKit/537.36 (KHTML, like Gecko) Chrome/46.0.2486.0 Safari/537.36 Edge/13.10586" "www.superior-dentistry.com"
96.241.73.211 - - [21/Sep/2016:07:11:09 -0700] "GET /img/offer-31-05-2014-sonicare-brush.jpg HTTP/1.1" 200 13165 "http://www.superior-dentistry.com/" "Mozilla/5.0 (Windows NT 10.0; Win64; x64) AppleWebKit/537.36 (KHTML, like Gecko) Chrome/46.0.2486.0 Safari/537.36 Edge/13.10586" "www.superior-dentistry.com"[0]
96.241.73.211 - - [21/Sep/2016:07:11:10 -0700] "GET /img/zocdoc-apt.jpg HTTP/1.1" 200 79396 "http://www.superior-dentistry.com/" "Mozilla/5.0 (Windows NT 10.0; Win64; x64) AppleWebKit/537.36 (KHTML, like Gecko) Chrome/46.0.2486.0 Safari/537.36 Edge/13.10586" "www.superior-dentistry.com"
96.241.73.211 - - [21/Sep/2016:07:11:10 -0700] "GET /img/offer-31-05-2014-whitening.jpg HTTP/1.1" 200 15686 "http://www.superior-dentistry.com/" "Mozilla/5.0 (Windows NT 10.0; Win64; x64) AppleWebKit/537.36 (KHTML, like Gecko) Chrome/46.0.2486.0 Safari/537.36 Edge/13.10586" "www.superior-dentistry.com"
96.241.73.211 - - [21/Sep/2016:07:11:10 -0700] "GET /img/offer-31-05-2014-new-patient.jpg HTTP/1.1" 200 15365 "http://www.superior-dentistry.com/" "Mozilla/5.0 (Windows NT 10.0; Win64; x64) AppleWebKit/537.36 (KHTML, like Gecko) Chrome/46.0.2486.0 Safari/537.36 Edge/13.10586" "www.superior-dentistry.com"
96.241.73.211 - - [21/Sep/2016:07:11:10 -0700] "GET /img/patients-choice-winner-2015.png HTTP/1.1" 200 9818 "http://www.superior-dentistry.com/" "Mozilla/5.0 (Windows NT 10.0; Win64; x64) AppleWebKit/537.36 (KHTML, like Gecko) Chrome/46.0.2486.0 Safari/537.36 Edge/13.10586" "www.superior-dentistry.com"[0]
96.241.73.211 - - [21/Sep/2016:07:11:12 -0700] "GET /assets/flash/ZeroClipboard.swf?noCache=1474467082144 HTTP/1.1" 404 89 "http://www.superior-dentistry.com/" "Mozilla/5.0 (Windows NT 10.0; Win64; x64) AppleWebKit/537.36 (KHTML, like Gecko) Chrome/46.0.2486.0 Safari/537.36 Edge/13.10586" "www.superior-dentistry.com"
96.241.73.211 - - [21/Sep/2016:07:12:06 -0700] "GET /contact-us.html HTTP/1.1" 200 23728 "http://www.superior-dentistry.com/" "Mozilla/5.0 (Windows NT 10.0; Win64; x64) AppleWebKit/537.36 (KHTML, like Gecko) Chrome/46.0.2486.0 Safari/537.36 Edge/13.10586" "www.superior-dentistry.com"
96.241.73.211 - - [21/Sep/2016:07:12:06 -0700] "GET /img/contact-img.jpg HTTP/1.1" 200 83148 "http://www.superior-dentistry.com/contact-us.html" "Mozilla/5.0 (Windows NT 10.0; Win64; x64) AppleWebKit/537.36 (KHTML, like Gecko) Chrome/46.0.2486.0 Safari/537.36 Edge/13.10586" "www.superior-dentistry.com"
96.241.73.211 - - [21/Sep/2016:07:12:08 -0700] "GET /assets/flash/ZeroClipboard.swf?noCache=1474467140496 HTTP/1.1" 404 89 "http://www.superior-dentistry.com/contact-us.html" "Mozilla/5.0 (Windows NT 10.0; Win64; x64) AppleWebKit/537.36 (KHTML, like Gecko) Chrome/46.0.2486.0 Safari/537.36 Edge/13.10586" "www.superior-dentistry.com"
96.241.73.211 - - [21/Sep/2016:07:12:14 -0700] "GET /img/SnapOnSmile.jpg HTTP/1.1" 200 71471 "http://www.superior-dentistry.com/services.html" "Mozilla/5.0 (Windows NT 10.0; Win64; x64) AppleWebKit/537.36 (KHTML, like Gecko) Chrome/46.0.2486.0 Safari/537.36 Edge/13.10586" "www.superior-dentistry.com"
96.241.73.211 - - [21/Sep/2016:07:12:15 -0700] "GET /img/porcelain-veneers.jpg HTTP/1.1" 200 151567 "http://www.superior-dentistry.com/services.html" "Mozilla/5.0 (Windows NT 10.0; Win64; x64) AppleWebKit/537.36 (KHTML, like Gecko) Chrome/46.0.2486.0 Safari/537.36 Edge/13.10586" "www.superior-dentistry.com"
96.241.73.211 - - [21/Sep/2016:07:12:15 -0700] "GET /assets/flash/ZeroClipboard.swf?noCache=1474467147606 HTTP/1.1" 404 89 "http://www.superior-dentistry.com/services.html" "Mozilla/5.0 (Windows NT 10.0; Win64; x64) AppleWebKit/537.36 (KHTML, like Gecko) Chrome/46.0.2486.0 Safari/537.36 Edge/13.10586" "www.superior-dentistry.com"
96.241.73.211 - - [21/Sep/2016:07:20:44 -0700] "GET /assets/flash/ZeroClipboard.swf?noCache=1474467656081 HTTP/1.1" 404 89 "http://www.superior-dentistry.com/contact-us.html" "Mozilla/5.0 (Windows NT 10.0; Win64; x64) AppleWebKit/537.36 (KHTML, like Gecko) Chrome/46.0.2486.0 Safari/537.36 Edge/13.10586" "www.superior-dentistry.com"
54.159.75.140 - - [21/Sep/2016:07:46:22 -0700] "GET /robots.txt HTTP/1.1" 200 49 "-" "Mozilla/5.0 (compatible; linkdexbot/2.2; +http://www.linkdex.com/bots/)" "superior-dentistry.com"
198.16.7.150 - - [21/Sep/2016:08:39:00 -0700] "GET / HTTP/1.1" 200 38900 "-" "FreeWebMonitoring SiteChecker/0.2 (+http://www.freewebmonitoring.com/bot.html)" "www.superior-dentistry.com"
5.255.250.70 - - [21/Sep/2016:09:33:50 -0700] "GET /Dentistry-Maryland-MD.html HTTP/1.1" 200 30875 "-" "Mozilla/5.0 (compatible; YandexBot/3.0; +http://yandex.com/bots)" "www.superior-dentistry.com"
72.66.100.73 - - [21/Sep/2016:09:49:43 -0700] "GET /img/mainimg8.jpg HTTP/1.1" 200 246879 "https://www.google.com/" "Mozilla/5.0 (Macintosh; Intel Mac OS X 10_10_5) AppleWebKit/601.7.8 (KHTML, like Gecko) Version/9.1.3 Safari/601.7.8" "www.superior-dentistry.com"
199.59.148.211 - - [21/Sep/2016:10:08:59 -0700] "GET /robots.txt HTTP/1.1" 200 49 "-" "Twitterbot/1.0" "www.superior-dentistry.com"
98.189.107.131 - - [21/Sep/2016:10:13:51 -0700] "HEAD / HTTP/1.1" 200 0 "https://www.google.com/search?hl=en&q=cosmetic dentistry clinic&num=100&start=0" "Mozilla/5.0 (Windows; U; MSIE 9.0; Windows NT 9.0; en-US)" "www.superior-dentistry.com"
67.214.92.246 - - [21/Sep/2016:10:16:36 -0700] "GET /css/bootstrap-theme.css HTTP/1.1" 200 19156 "http://www.superior-dentistry.com/" "Mozilla/5.0 (Windows NT 6.1; WOW64) AppleWebKit/537.36 (KHTML, like Gecko) Chrome/53.0.2785.116 Safari/537.36" "www.superior-dentistry.com"
67.214.92.246 - - [21/Sep/2016:10:16:38 -0700] "GET /img/logo.jpg HTTP/1.1" 200 139628 "http://www.superior-dentistry.com/" "Mozilla/5.0 (Windows NT 6.1; WOW64) AppleWebKit/537.36 (KHTML, like Gecko) Chrome/53.0.2785.116 Safari/537.36" "www.superior-dentistry.com"
67.214.92.246 - - [21/Sep/2016:10:16:39 -0700] "GET /img/wisdom-teeth-extraction.jpg HTTP/1.1" 200 23758 "http://www.superior-dentistry.com/" "Mozilla/5.0 (Windows NT 6.1; WOW64) AppleWebKit/537.36 (KHTML, like Gecko) Chrome/53.0.2785.116 Safari/537.36" "www.superior-dentistry.com"
67.214.92.246 - - [21/Sep/2016:10:16:40 -0700] "GET /img/extraction.jpg HTTP/1.1" 200 30135 "http://www.superior-dentistry.com/" "Mozilla/5.0 (Windows NT 6.1; WOW64) AppleWebKit/537.36 (KHTML, like Gecko) Chrome/53.0.2785.116 Safari/537.36" "www.superior-dentistry.com"
67.214.92.246 - - [21/Sep/2016:10:16:40 -0700] "GET /img/jaw-surgery.jpg HTTP/1.1" 200 27058 "http://www.superior-dentistry.com/" "Mozilla/5.0 (Windows NT 6.1; WOW64) AppleWebKit/537.36 (KHTML, like Gecko) Chrome/53.0.2785.116 Safari/537.36" "www.superior-dentistry.com"
67.214.92.246 - - [21/Sep/2016:10:16:45 -0700] "GET /img/slider3.jpg HTTP/1.1" 200 217901 "http://www.superior-dentistry.com/" "Mozilla/5.0 (Windows NT 6.1; WOW64) AppleWebKit/537.36 (KHTML, like Gecko) Chrome/53.0.2785.116 Safari/537.36" "www.superior-dentistry.com"
67.214.92.246 - - [21/Sep/2016:10:16:47 -0700] "GET /img/meetdr-melika.jpg HTTP/1.1" 200 75968 "http://www.superior-dentistry.com/" "Mozilla/5.0 (Windows NT 6.1; WOW64) AppleWebKit/537.36 (KHTML, like Gecko) Chrome/53.0.2785.116 Safari/537.36" "www.superior-dentistry.com"
67.214.92.246 - - [21/Sep/2016:10:16:49 -0700] "GET /img/offer-31-05-2014-whitening.jpg HTTP/1.1" 200 15686 "http://www.superior-dentistry.com/" "Mozilla/5.0 (Windows NT 6.1; WOW64) AppleWebKit/537.36 (KHTML, like Gecko) Chrome/53.0.2785.116 Safari/537.36" "www.superior-dentistry.com"
67.214.92.246 - - [21/Sep/2016:10:16:49 -0700] "GET /img/offer-31-05-2014-new-patient.jpg HTTP/1.1" 200 15365 "http://www.superior-dentistry.com/" "Mozilla/5.0 (Windows NT 6.1; WOW64) AppleWebKit/537.36 (KHTML, like Gecko) Chrome/53.0.2785.116 Safari/537.36" "www.superior-dentistry.com"
67.214.92.246 - - [21/Sep/2016:10:16:52 -0700] "GET /js/bootstrap.min.js HTTP/1.1" 200 35601 "http://www.superior-dentistry.com/" "Mozilla/5.0 (Windows NT 6.1; WOW64) AppleWebKit/537.36 (KHTML, like Gecko) Chrome/53.0.2785.116 Safari/537.36" "www.superior-dentistry.com"
67.214.92.246 - - [21/Sep/2016:10:16:53 -0700] "GET /js/docs.min.js HTTP/1.1" 200 43299 "http://www.superior-dentistry.com/" "Mozilla/5.0 (Windows NT 6.1; WOW64) AppleWebKit/537.36 (KHTML, like Gecko) Chrome/53.0.2785.116 Safari/537.36" "www.superior-dentistry.com"
67.214.92.246 - - [21/Sep/2016:10:16:54 -0700] "GET /js/ie10-viewport-bug-workaround.js HTTP/1.1" 200 694 "http://www.superior-dentistry.com/" "Mozilla/5.0 (Windows NT 6.1; WOW64) AppleWebKit/537.36 (KHTML, like Gecko) Chrome/53.0.2785.116 Safari/537.36" "www.superior-dentistry.com"
67.214.92.246 - - [21/Sep/2016:10:16:54 -0700] "GET /fonts/fontawesome-webfont.woff2?v=4.3.0 HTTP/1.1" 200 56780 "http://www.superior-dentistry.com/css/font-awesome.css" "Mozilla/5.0 (Windows NT 6.1; WOW64) AppleWebKit/537.36 (KHTML, like Gecko) Chrome/53.0.2785.116 Safari/537.36" "www.superior-dentistry.com"
67.214.92.246 - - [21/Sep/2016:10:16:55 -0700] "GET /img/zocdoc-apt.jpg HTTP/1.1" 200 79396 "http://www.superior-dentistry.com/" "Mozilla/5.0 (Windows NT 6.1; WOW64) AppleWebKit/537.36 (KHTML, like Gecko) Chrome/53.0.2785.116 Safari/537.36" "www.superior-dentistry.com"
67.214.92.246 - - [21/Sep/2016:10:16:58 -0700] "GET /favicon.ico HTTP/1.1" 200 688 "http://www.superior-dentistry.com/" "Mozilla/5.0 (Windows NT 6.1; WOW64) AppleWebKit/537.36 (KHTML, like Gecko) Chrome/53.0.2785.116 Safari/537.36" "www.superior-dentistry.com"
54.242.164.91 - - [21/Sep/2016:10:22:59 -0700] "GET / HTTP/1.1" 200 38900 "-" "Mozilla/5.0 (X11; Linux x86_64)AppleWebKit/537.36 (KHTML, like Gecko)Chrome/43.0.2357.134 Safari/537.36http://notifyninja.com/monitoring" "superior-dentistry.com"
98.189.107.131 - - [21/Sep/2016:10:37:37 -0700] "HEAD / HTTP/1.1" 200 0 "http://www.superior-dentistry.com/" "Mozilla/5.0 (Windows; U; MSIE 9.0; Windows NT 9.0; en-US)" "www.superior-dentistry.com"
98.189.107.131 - - [21/Sep/2016:10:37:37 -0700] "GET /meet-staff.html HTTP/1.1" 200 22168 "http://www.superior-dentistry.com/" "Mozilla/5.0 (Windows; U; MSIE 9.0; Windows NT 9.0; en-US)" "www.superior-dentistry.com"
98.189.107.131 - - [21/Sep/2016:10:37:39 -0700] "GET /testimonials.html HTTP/1.1" 200 24785 "http://www.superior-dentistry.com/" "Mozilla/5.0 (Windows; U; MSIE 9.0; Windows NT 9.0; en-US)" "www.superior-dentistry.com"
98.189.107.131 - - [21/Sep/2016:10:37:39 -0700] "HEAD /Dental-Sites-We-Like.html HTTP/1.1" 200 0 "http://www.superior-dentistry.com/" "Mozilla/5.0 (Windows; U; MSIE 9.0; Windows NT 9.0; en-US)" "www.superior-dentistry.com"
98.189.107.131 - - [21/Sep/2016:10:37:40 -0700] "GET /Dentists-Bowie-MD.html HTTP/1.1" 200 27344 "http://www.superior-dentistry.com/" "Mozilla/5.0 (Windows; U; MSIE 9.0; Windows NT 9.0; en-US)" "www.superior-dentistry.com"
98.189.107.131 - - [21/Sep/2016:10:37:40 -0700] "HEAD /Bowie-Dentists/Childrens-Dentistry-Maryland.html HTTP/1.1" 200 0 "http://www.superior-dentistry.com/" "Mozilla/5.0 (Windows; U; MSIE 9.0; Windows NT 9.0; en-US)" "www.superior-dentistry.com"
98.189.107.131 - - [21/Sep/2016:10:37:40 -0700] "GET /Bowie-Dentists/Preventive-Dentistry-Maryland.html HTTP/1.1" 200 39411 "http://www.superior-dentistry.com/" "Mozilla/5.0 (Windows; U; MSIE 9.0; Windows NT 9.0; en-US)" "www.superior-dentistry.com"
98.189.107.131 - - [21/Sep/2016:10:37:40 -0700] "GET /Bowie-Dentists/Childrens-Dentistry-Maryland.html HTTP/1.1" 200 28854 "http://www.superior-dentistry.com/" "Mozilla/5.0 (Windows; U; MSIE 9.0; Windows NT 9.0; en-US)" "www.superior-dentistry.com"
98.189.107.131 - - [21/Sep/2016:10:37:41 -0700] "HEAD /Bowie-Dentists/Periodontal-Therapy-Maryland.html HTTP/1.1" 404 0 "http://www.superior-dentistry.com/" "Mozilla/5.0 (Windows; U; MSIE 9.0; Windows NT 9.0; en-US)" "www.superior-dentistry.com"
98.189.107.131 - - [21/Sep/2016:10:37:41 -0700] "GET /Bowie-Dentists/Periodontal-Therapy-Maryland.html HTTP/1.1" 404 89 "http://www.superior-dentistry.com/" "Mozilla/5.0 (Windows; U; MSIE 9.0; Windows NT 9.0; en-US)" "www.superior-dentistry.com"
5.9.88.103 - - [21/Sep/2016:10:40:52 -0700] "GET /robots.txt HTTP/1.1" 200 49 "-" "Mozilla/5.0 (compatible; MJ12bot/v1.4.5; http://www.majestic12.co.uk/bot.php?+)" "superior-dentistry.com"
5.9.88.103 - - [21/Sep/2016:10:40:53 -0700] "GET /%E2%80%9Dhttp://www.nicedentist.com HTTP/1.1" 404 89 "-" "Mozilla/5.0 (compatible; MJ12bot/v1.4.5; http://www.majestic12.co.uk/bot.php?+)" "superior-dentistry.com"
5.9.88.103 - - [21/Sep/2016:10:40:55 -0700] "GET /robots.txt HTTP/1.1" 200 49 "-" "Mozilla/5.0 (compatible; MJ12bot/v1.4.5; http://www.majestic12.co.uk/bot.php?+)" "www.superior-dentistry.com"
5.9.88.103 - - [21/Sep/2016:10:40:57 -0700] "GET /Bowie-Dentists/Preventive-Dentistry-Maryland.html HTTP/1.1" 200 39411 "-" "Mozilla/5.0 (compatible; MJ12bot/v1.4.5; http://www.majestic12.co.uk/bot.php?+)" "www.superior-dentistry.com"
68.180.229.239 - - [21/Sep/2016:11:19:42 -0700] "GET /services.php HTTP/1.1" 200 73 "-" "Mozilla/5.0 (compatible; Yahoo! Slurp; http://help.yahoo.com/help/us/ysearch/slurp)" "www.superior-dentistry.com"
50.207.52.206 - - [21/Sep/2016:11:20:07 -0700] "GET /img/logo.jpg HTTP/1.1" 200 139628 "http://www.superior-dentistry.com/" "Mozilla/5.0 (Windows NT 6.1; Win64; x64) AppleWebKit/537.36 (KHTML, like Gecko) Chrome/53.0.2785.116 Safari/537.36" "www.superior-dentistry.com"[0]
50.207.52.206 - - [21/Sep/2016:11:20:08 -0700] "GET /js/bootstrap.min.js HTTP/1.1" 200 35601 "http://www.superior-dentistry.com/" "Mozilla/5.0 (Windows NT 6.1; Win64; x64) AppleWebKit/537.36 (KHTML, like Gecko) Chrome/53.0.2785.116 Safari/537.36" "www.superior-dentistry.com"
50.207.52.206 - - [21/Sep/2016:11:20:09 -0700] "GET /fonts/fontawesome-webfont.woff2?v=4.3.0 HTTP/1.1" 200 56780 "http://www.superior-dentistry.com/css/font-awesome.css" "Mozilla/5.0 (Windows NT 6.1; Win64; x64) AppleWebKit/537.36 (KHTML, like Gecko) Chrome/53.0.2785.116 Safari/537.36" "www.superior-dentistry.com"
50.207.52.206 - - [21/Sep/2016:11:20:09 -0700] "GET /img/patients-choice-winner-2015.png HTTP/1.1" 200 9818 "http://www.superior-dentistry.com/" "Mozilla/5.0 (Windows NT 6.1; Win64; x64) AppleWebKit/537.36 (KHTML, like Gecko) Chrome/53.0.2785.116 Safari/537.36" "www.superior-dentistry.com"
50.207.52.206 - - [21/Sep/2016:11:20:09 -0700] "GET /img/slider3.jpg HTTP/1.1" 200 217901 "http://www.superior-dentistry.com/" "Mozilla/5.0 (Windows NT 6.1; Win64; x64) AppleWebKit/537.36 (KHTML, like Gecko) Chrome/53.0.2785.116 Safari/537.36" "www.superior-dentistry.com"
50.207.52.206 - - [21/Sep/2016:11:20:10 -0700] "GET /img/offer-31-05-2014-new-patient.jpg HTTP/1.1" 200 15365 "http://www.superior-dentistry.com/" "Mozilla/5.0 (Windows NT 6.1; Win64; x64) AppleWebKit/537.36 (KHTML, like Gecko) Chrome/53.0.2785.116 Safari/537.36" "www.superior-dentistry.com"
50.207.52.206 - - [21/Sep/2016:11:20:10 -0700] "GET /assets/flash/ZeroClipboard.swf?noCache=1474482024924 HTTP/1.1" 404 89 "http://www.superior-dentistry.com/" "Mozilla/5.0 (Windows NT 6.1; Win64; x64) AppleWebKit/537.36 (KHTML, like Gecko) Chrome/53.0.2785.116 Safari/537.36" "www.superior-dentistry.com"
50.207.52.206 - - [21/Sep/2016:11:20:24 -0700] "GET /assets/flash/ZeroClipboard.swf?noCache=1474482040316 HTTP/1.1" 404 89 "http://www.superior-dentistry.com/" "Mozilla/5.0 (Windows NT 6.1; Win64; x64) AppleWebKit/537.36 (KHTML, like Gecko) Chrome/53.0.2785.116 Safari/537.36" "www.superior-dentistry.com"
54.242.164.91 - - [21/Sep/2016:11:37:24 -0700] "GET / HTTP/1.1" 200 38900 "-" "Mozilla/5.0 (X11; Linux x86_64)AppleWebKit/537.36 (KHTML, like Gecko)Chrome/43.0.2357.134 Safari/537.36http://notifyninja.com/monitoring" "superior-dentistry.com"
50.225.112.138 - - [21/Sep/2016:12:03:28 -0700] "GET /theme.css HTTP/1.1" 200 1926 "http://www.superior-dentistry.com/" "Mozilla/5.0 (Windows NT 6.3; WOW64) AppleWebKit/537.36 (KHTML, like Gecko) Chrome/53.0.2785.116 Safari/537.36" "www.superior-dentistry.com"[0]
50.225.112.138 - - [21/Sep/2016:12:03:29 -0700] "GET /js/ie10-viewport-bug-workaround.js HTTP/1.1" 200 694 "http://www.superior-dentistry.com/" "Mozilla/5.0 (Windows NT 6.3; WOW64) AppleWebKit/537.36 (KHTML, like Gecko) Chrome/53.0.2785.116 Safari/537.36" "www.superior-dentistry.com"[0]
50.225.112.138 - - [21/Sep/2016:12:03:29 -0700] "GET /img/extraction.jpg HTTP/1.1" 200 30135 "http://www.superior-dentistry.com/" "Mozilla/5.0 (Windows NT 6.3; WOW64) AppleWebKit/537.36 (KHTML, like Gecko) Chrome/53.0.2785.116 Safari/537.36" "www.superior-dentistry.com"
50.225.112.138 - - [21/Sep/2016:12:03:29 -0700] "GET /img/jaw-surgery.jpg HTTP/1.1" 200 27058 "http://www.superior-dentistry.com/" "Mozilla/5.0 (Windows NT 6.3; WOW64) AppleWebKit/537.36 (KHTML, like Gecko) Chrome/53.0.2785.116 Safari/537.36" "www.superior-dentistry.com"
50.225.112.138 - - [21/Sep/2016:12:03:29 -0700] "GET /img/slider1.jpg HTTP/1.1" 200 268888 "http://www.superior-dentistry.com/" "Mozilla/5.0 (Windows NT 6.3; WOW64) AppleWebKit/537.36 (KHTML, like Gecko) Chrome/53.0.2785.116 Safari/537.36" "www.superior-dentistry.com"
50.225.112.138 - - [21/Sep/2016:12:03:29 -0700] "GET /img/patients-choice-winner-2015.png HTTP/1.1" 200 9818 "http://www.superior-dentistry.com/" "Mozilla/5.0 (Windows NT 6.3; WOW64) AppleWebKit/537.36 (KHTML, like Gecko) Chrome/53.0.2785.116 Safari/537.36" "www.superior-dentistry.com"
98.189.107.131 - - [21/Sep/2016:12:05:42 -0700] "GET / HTTP/1.1" 200 38900 "http://www.superior-dentistry.com/firstvisit.html" "Mozilla/5.0 (Windows; U; MSIE 9.0; Windows NT 9.0; en-US)" "www.superior-dentistry.com"
98.189.107.131 - - [21/Sep/2016:12:05:42 -0700] "GET /extractions.html HTTP/1.1" 404 89 "http://www.superior-dentistry.com/meet-staff.html" "Mozilla/5.0 (Windows; U; MSIE 9.0; Windows NT 9.0; en-US)" "www.superior-dentistry.com"
98.189.107.131 - - [21/Sep/2016:12:05:42 -0700] "GET /tmj-disorder.html HTTP/1.1" 404 89 "http://www.superior-dentistry.com/meet-staff.html" "Mozilla/5.0 (Windows; U; MSIE 9.0; Windows NT 9.0; en-US)" "www.superior-dentistry.com"
98.189.107.131 - - [21/Sep/2016:12:05:42 -0700] "GET /orthognathic-jaw-surgery.html HTTP/1.1" 404 89 "http://www.superior-dentistry.com/meet-staff.html" "Mozilla/5.0 (Windows; U; MSIE 9.0; Windows NT 9.0; en-US)" "www.superior-dentistry.com"
98.189.107.131 - - [21/Sep/2016:12:05:42 -0700] "GET /dental-implants.html HTTP/1.1" 404 89 "http://www.superior-dentistry.com/meet-staff.html" "Mozilla/5.0 (Windows; U; MSIE 9.0; Windows NT 9.0; en-US)" "www.superior-dentistry.com"
98.189.107.131 - - [21/Sep/2016:12:05:42 -0700] "HEAD / HTTP/1.1" 200 0 "http://www.superior-dentistry.com/services.html" "Mozilla/5.0 (Windows; U; MSIE 9.0; Windows NT 9.0; en-US)" "www.superior-dentistry.com"
98.189.107.131 - - [21/Sep/2016:12:05:42 -0700] "GET / HTTP/1.1" 200 38900 "http://www.superior-dentistry.com/services.html" "Mozilla/5.0 (Windows; U; MSIE 9.0; Windows NT 9.0; en-US)" "www.superior-dentistry.com"
98.189.107.131 - - [21/Sep/2016:12:05:43 -0700] "HEAD / HTTP/1.1" 200 0 "http://www.superior-dentistry.com/services.html" "Mozilla/5.0 (Windows; U; MSIE 9.0; Windows NT 9.0; en-US)" "www.superior-dentistry.com"
98.189.107.131 - - [21/Sep/2016:12:05:43 -0700] "HEAD / HTTP/1.1" 200 0 "http://www.superior-dentistry.com/services.html" "Mozilla/5.0 (Windows; U; MSIE 9.0; Windows NT 9.0; en-US)" "www.superior-dentistry.com"
98.189.107.131 - - [21/Sep/2016:12:05:43 -0700] "HEAD / HTTP/1.1" 200 0 "http://www.superior-dentistry.com/services.html" "Mozilla/5.0 (Windows; U; MSIE 9.0; Windows NT 9.0; en-US)" "www.superior-dentistry.com"
98.189.107.131 - - [21/Sep/2016:12:05:43 -0700] "HEAD / HTTP/1.1" 200 0 "http://www.superior-dentistry.com/services.html" "Mozilla/5.0 (Windows; U; MSIE 9.0; Windows NT 9.0; en-US)" "www.superior-dentistry.com"
98.189.107.131 - - [21/Sep/2016:12:05:43 -0700] "HEAD / HTTP/1.1" 200 0 "http://www.superior-dentistry.com/services.html" "Mozilla/5.0 (Windows; U; MSIE 9.0; Windows NT 9.0; en-US)" "www.superior-dentistry.com"
98.189.107.131 - - [21/Sep/2016:12:05:43 -0700] "HEAD / HTTP/1.1" 200 0 "http://www.superior-dentistry.com/services.html" "Mozilla/5.0 (Windows; U; MSIE 9.0; Windows NT 9.0; en-US)" "www.superior-dentistry.com"
98.189.107.131 - - [21/Sep/2016:12:05:43 -0700] "HEAD / HTTP/1.1" 200 0 "http://www.superior-dentistry.com/services.html" "Mozilla/5.0 (Windows; U; MSIE 9.0; Windows NT 9.0; en-US)" "www.superior-dentistry.com"
98.189.107.131 - - [21/Sep/2016:12:05:43 -0700] "GET / HTTP/1.1" 200 38900 "http://www.superior-dentistry.com/services.html" "Mozilla/5.0 (Windows; U; MSIE 9.0; Windows NT 9.0; en-US)" "www.superior-dentistry.com"
98.189.107.131 - - [21/Sep/2016:12:05:43 -0700] "GET / HTTP/1.1" 200 38900 "http://www.superior-dentistry.com/services.html" "Mozilla/5.0 (Windows; U; MSIE 9.0; Windows NT 9.0; en-US)" "www.superior-dentistry.com"
98.189.107.131 - - [21/Sep/2016:12:05:43 -0700] "GET / HTTP/1.1" 200 38900 "http://www.superior-dentistry.com/services.html" "Mozilla/5.0 (Windows; U; MSIE 9.0; Windows NT 9.0; en-US)" "www.superior-dentistry.com"
98.189.107.131 - - [21/Sep/2016:12:05:43 -0700] "GET / HTTP/1.1" 200 38900 "http://www.superior-dentistry.com/services.html" "Mozilla/5.0 (Windows; U; MSIE 9.0; Windows NT 9.0; en-US)" "www.superior-dentistry.com"
98.189.107.131 - - [21/Sep/2016:12:05:43 -0700] "GET / HTTP/1.1" 200 38900 "http://www.superior-dentistry.com/services.html" "Mozilla/5.0 (Windows; U; MSIE 9.0; Windows NT 9.0; en-US)" "www.superior-dentistry.com"
98.189.107.131 - - [21/Sep/2016:12:05:44 -0700] "HEAD / HTTP/1.1" 200 0 "http://www.superior-dentistry.com/services.html" "Mozilla/5.0 (Windows; U; MSIE 9.0; Windows NT 9.0; en-US)" "www.superior-dentistry.com"
98.189.107.131 - - [21/Sep/2016:12:05:44 -0700] "HEAD / HTTP/1.1" 200 0 "http://www.superior-dentistry.com/services.html" "Mozilla/5.0 (Windows; U; MSIE 9.0; Windows NT 9.0; en-US)" "www.superior-dentistry.com"
98.189.107.131 - - [21/Sep/2016:12:05:44 -0700] "GET / HTTP/1.1" 200 38900 "http://www.superior-dentistry.com/services.html" "Mozilla/5.0 (Windows; U; MSIE 9.0; Windows NT 9.0; en-US)" "www.superior-dentistry.com"
98.189.107.131 - - [21/Sep/2016:12:05:45 -0700] "GET / HTTP/1.1" 200 38900 "http://www.superior-dentistry.com/services.html" "Mozilla/5.0 (Windows; U; MSIE 9.0; Windows NT 9.0; en-US)" "www.superior-dentistry.com"
98.189.107.131 - - [21/Sep/2016:12:05:45 -0700] "HEAD /Dentist-Bowie-MD/services.html HTTP/1.1" 404 0 "http://www.superior-dentistry.com/Dentist-Bowie-MD/Dental-Implants-Maryland-MD.html" "Mozilla/5.0 (Windows; U; MSIE 9.0; Windows NT 9.0; en-US)" "www.superior-dentistry.com"
98.189.107.131 - - [21/Sep/2016:12:05:45 -0700] "GET /Dentist-Bowie-MD/meet-staff.html HTTP/1.1" 404 89 "http://www.superior-dentistry.com/Dentist-Bowie-MD/Dental-Implants-Maryland-MD.html" "Mozilla/5.0 (Windows; U; MSIE 9.0; Windows NT 9.0; en-US)" "www.superior-dentistry.com"
98.189.107.131 - - [21/Sep/2016:12:05:45 -0700] "GET /Dentist-Bowie-MD/services.html HTTP/1.1" 404 89 "http://www.superior-dentistry.com/Dentist-Bowie-MD/Dental-Implants-Maryland-MD.html" "Mozilla/5.0 (Windows; U; MSIE 9.0; Windows NT 9.0; en-US)" "www.superior-dentistry.com"
