40.77.167.18 - - [05/Dec/2015:16:07:48 -0800] "GET /special-offers.html HTTP/1.1" 200 23685 "-" "Mozilla/5.0 (iPhone; CPU iPhone OS 7_0 like Mac OS X) AppleWebKit/537.51.1 (KHTML, like Gecko) Version/7.0 Mobile/11A465 Safari/9537.53 (compatible; bingbot/2.0;  http://www.bing.com/bingbot.htm)" "www.superior-dentistry.com"
180.153.236.135 - - [05/Dec/2015:16:09:12 -0800] "GET / HTTP/1.1" 200 38156 "http://www.superior-dentistry.com/" "Mozilla/5.0 (compatible; MSIE 9.0; Windows NT 6.1; Trident/5.0); 360Spider(compatible; HaosouSpider; http://www.haosou.com/help/help_3_2.html)" "www.superior-dentistry.com"
65.36.241.48 - - [05/Dec/2015:17:11:30 -0800] "HEAD / HTTP/1.1" 200 0 "-" "InternetSeer.com" "www.superior-dentistry.com"
52.0.238.61 - - [05/Dec/2015:17:14:10 -0800] "GET /robots.txt HTTP/1.1" 200 49 "-" "Mozilla/5.0 (compatible; proximic; +http://www.proximic.com/info/spider.php)" "superior-dentistry.com"
206.16.134.19 - - [05/Dec/2015:17:17:10 -0800] "GET / HTTP/1.1" 200 38156 "-" "Mozilla/5.0 (Windows NT 6.1; WOW64; rv:29.0) Gecko/20120101 Firefox/29.0" "superior-dentistry.com"
207.46.13.126 - - [05/Dec/2015:17:40:18 -0800] "GET /robots.txt HTTP/1.1" 200 49 "-" "Mozilla/5.0 (compatible; bingbot/2.0; +http://www.bing.com/bingbot.htm)" "www.superior-dentistry.com"
207.46.13.126 - - [05/Dec/2015:17:42:26 -0800] "GET /services.html HTTP/1.1" 200 34114 "-" "Mozilla/5.0 (compatible; bingbot/2.0; +http://www.bing.com/bingbot.htm)" "www.superior-dentistry.com"
208.122.6.102 - - [05/Dec/2015:17:50:28 -0800] "GET / HTTP/1.1" 200 38156 "-" "FreeWebMonitoring SiteChecker/0.2 (+http://www.freewebmonitoring.com/bot.html)" "www.superior-dentistry.com"
213.138.94.55 - - [05/Dec/2015:17:56:53 -0800] "GET / HTTP/1.1" 200 38156 "-" "Mozilla/5.0 (X11; Linux x86_64; rv:38.0) Gecko/20100101 Firefox/38.0 Iceweasel/38.2.1" "superior-dentistry.com"
207.46.13.126 - - [05/Dec/2015:18:23:50 -0800] "GET /robots.txt HTTP/1.1" 200 49 "-" "Mozilla/5.0 (compatible; bingbot/2.0; +http://www.bing.com/bingbot.htm)" "superior-dentistry.com"
207.46.13.126 - - [05/Dec/2015:18:29:04 -0800] "GET /sitemap.xml HTTP/1.1" 200 4803 "-" "Mozilla/5.0 (compatible; bingbot/2.0; +http://www.bing.com/bingbot.htm)" "superior-dentistry.com"
198.100.144.83 - - [05/Dec/2015:18:59:03 -0800] "GET /robots.txt HTTP/1.1" 200 49 "-" "Mozilla/5.0 (compatible; MJ12bot/v1.4.5; http://www.majestic12.co.uk/bot.php?+)" "superior-dentistry.com"
198.100.144.83 - - [05/Dec/2015:18:59:07 -0800] "GET /Dental-LinkExchange.html HTTP/1.1" 200 25575 "-" "Mozilla/5.0 (compatible; MJ12bot/v1.4.5; http://www.majestic12.co.uk/bot.php?+)" "superior-dentistry.com"
198.100.144.83 - - [05/Dec/2015:18:59:11 -0800] "GET /index.php HTTP/1.1" 200 73 "-" "Mozilla/5.0 (compatible; MJ12bot/v1.4.5; http://www.majestic12.co.uk/bot.php?+)" "superior-dentistry.com"
208.115.113.85 - - [05/Dec/2015:19:10:22 -0800] "GET /robots.txt HTTP/1.1" 200 49 "-" "Mozilla/5.0 (compatible; DotBot/1.1; http://www.opensiteexplorer.org/dotbot, help@moz.com)" "www.superior-dentistry.com"
207.46.13.126 - - [05/Dec/2015:19:19:23 -0800] "GET /robots.txt HTTP/1.1" 200 49 "-" "Mozilla/5.0 (compatible; bingbot/2.0; +http://www.bing.com/bingbot.htm)" "www.superior-dentistry.com"
207.46.13.126 - - [05/Dec/2015:19:19:28 -0800] "GET /sitemap.xml HTTP/1.1" 200 4803 "-" "Mozilla/5.0 (compatible; bingbot/2.0; +http://www.bing.com/bingbot.htm)" "www.superior-dentistry.com"
208.122.6.102 - - [05/Dec/2015:19:53:23 -0800] "GET / HTTP/1.1" 200 38156 "-" "FreeWebMonitoring SiteChecker/0.2 (+http://www.freewebmonitoring.com/bot.html)" "www.superior-dentistry.com"
40.77.167.89 - - [05/Dec/2015:20:04:23 -0800] "GET /robots.txt HTTP/1.1" 200 49 "-" "Mozilla/5.0 (compatible; bingbot/2.0; +http://www.bing.com/bingbot.htm)" "www.superior-dentistry.com"
40.77.167.89 - - [05/Dec/2015:20:05:16 -0800] "GET /meet-staff.php HTTP/1.1" 200 73 "-" "Mozilla/5.0 (iPhone; CPU iPhone OS 7_0 like Mac OS X) AppleWebKit/537.51.1 (KHTML, like Gecko) Version/7.0 Mobile/11A465 Safari/9537.53 (compatible; bingbot/2.0;  http://www.bing.com/bingbot.htm)" "www.superior-dentistry.com"
40.77.167.89 - - [05/Dec/2015:20:25:10 -0800] "GET /robots.txt HTTP/1.1" 200 49 "-" "Mozilla/5.0 (compatible; bingbot/2.0; +http://www.bing.com/bingbot.htm)" "www.superior-dentistry.com"
40.77.167.89 - - [05/Dec/2015:20:28:06 -0800] "GET /firstvisit.php HTTP/1.1" 200 73 "-" "Mozilla/5.0 (iPhone; CPU iPhone OS 7_0 like Mac OS X) AppleWebKit/537.51.1 (KHTML, like Gecko) Version/7.0 Mobile/11A465 Safari/9537.53 (compatible; bingbot/2.0;  http://www.bing.com/bingbot.htm)" "www.superior-dentistry.com"
208.122.6.102 - - [05/Dec/2015:20:53:41 -0800] "GET / HTTP/1.1" 200 38156 "-" "FreeWebMonitoring SiteChecker/0.2 (+http://www.freewebmonitoring.com/bot.html)" "www.superior-dentistry.com"
207.46.13.126 - - [05/Dec/2015:21:05:58 -0800] "GET /robots.txt HTTP/1.1" 200 49 "-" "Mozilla/5.0 (compatible; bingbot/2.0; +http://www.bing.com/bingbot.htm)" "www.superior-dentistry.com"
207.46.13.77 - - [05/Dec/2015:21:05:59 -0800] "GET /robots.txt HTTP/1.1" 200 49 "-" "Mozilla/5.0 (compatible; bingbot/2.0; +http://www.bing.com/bingbot.htm)" "www.superior-dentistry.com"
208.115.113.85 - - [05/Dec/2015:21:13:26 -0800] "GET /Dentist-Bowie-MD/js/image_slider/?M=D HTTP/1.1" 200 1499 "-" "Mozilla/5.0 (compatible; DotBot/1.1; http://www.opensiteexplorer.org/dotbot, help@moz.com)" "www.superior-dentistry.com"
52.90.216.39 - - [05/Dec/2015:21:20:33 -0800] "GET / HTTP/1.1" 200 38156 "-" "Mozilla/5.0 (compatible; proximic; +http://www.proximic.com/info/spider.php)" "superior-dentistry.com"
207.46.13.126 - - [05/Dec/2015:21:26:10 -0800] "GET /images/logo1.jpg HTTP/1.1" 404 89 "-" "Mozilla/5.0 (compatible; bingbot/2.0; +http://www.bing.com/bingbot.htm)" "www.superior-dentistry.com"
207.46.13.126 - - [05/Dec/2015:21:30:16 -0800] "GET /robots.txt HTTP/1.1" 200 49 "-" "Mozilla/5.0 (compatible; bingbot/2.0; +http://www.bing.com/bingbot.htm)" "www.superior-dentistry.com"
207.46.13.126 - - [05/Dec/2015:21:38:06 -0800] "GET /robots.txt HTTP/1.1" 200 49 "-" "Mozilla/5.0 (compatible; bingbot/2.0; +http://www.bing.com/bingbot.htm)" "www.superior-dentistry.com"
207.46.13.126 - - [05/Dec/2015:21:38:11 -0800] "GET /images/meetdr1.png HTTP/1.1" 404 89 "-" "Mozilla/5.0 (compatible; bingbot/2.0; +http://www.bing.com/bingbot.htm)" "www.superior-dentistry.com"
207.46.13.77 - - [05/Dec/2015:21:47:27 -0800] "GET /images/dentures.jpg HTTP/1.1" 404 89 "-" "Mozilla/5.0 (compatible; bingbot/2.0; +http://www.bing.com/bingbot.htm)" "www.superior-dentistry.com"
207.46.13.126 - - [05/Dec/2015:21:49:41 -0800] "GET /robots.txt HTTP/1.1" 200 49 "-" "Mozilla/5.0 (compatible; bingbot/2.0; +http://www.bing.com/bingbot.htm)" "www.superior-dentistry.com"
207.46.13.126 - - [05/Dec/2015:21:49:57 -0800] "GET /images/Dr-Melika.jpg HTTP/1.1" 404 89 "-" "Mozilla/5.0 (compatible; bingbot/2.0; +http://www.bing.com/bingbot.htm)" "www.superior-dentistry.com"
208.122.6.102 - - [05/Dec/2015:21:55:08 -0800] "GET / HTTP/1.1" 200 38156 "-" "FreeWebMonitoring SiteChecker/0.2 (+http://www.freewebmonitoring.com/bot.html)" "www.superior-dentistry.com"
52.0.220.233 - - [05/Dec/2015:22:23:55 -0800] "GET / HTTP/1.1" 200 38156 "-" "Mozilla/5.0 (Macintosh; Intel Mac OS X 10_10_1) AppleWebKit/537.36 (KHTML, like Gecko) Chrome/39.0.2171.95 Safari/537.36" "www.superior-dentistry.com"
178.63.13.15 - - [05/Dec/2015:22:24:54 -0800] "GET /robots.txt HTTP/1.1" 200 49 "-" "Mozilla/5.0 (compatible; MJ12bot/v1.4.5; http://www.majestic12.co.uk/bot.php?+)" "www.superior-dentistry.com"
178.63.13.15 - - [05/Dec/2015:22:24:56 -0800] "GET /%E2%80%9Dhttp://www.nicedentist.com HTTP/1.1" 404 89 "-" "Mozilla/5.0 (compatible; MJ12bot/v1.4.5; http://www.majestic12.co.uk/bot.php?+)" "www.superior-dentistry.com"
69.30.213.82 - - [05/Dec/2015:22:32:49 -0800] "GET /robots.txt HTTP/1.1" 200 49 "-" "Mozilla/5.0 (compatible; MJ12bot/v1.4.5; http://www.majestic12.co.uk/bot.php?+)" "superior-dentistry.com"
69.30.213.82 - - [05/Dec/2015:22:32:50 -0800] "GET /%E2%80%9Dhttp://www.nicedentist.com HTTP/1.1" 404 89 "-" "Mozilla/5.0 (compatible; MJ12bot/v1.4.5; http://www.majestic12.co.uk/bot.php?+)" "superior-dentistry.com"
54.235.174.193 - - [05/Dec/2015:22:49:11 -0800] "HEAD / HTTP/1.1" 200 0 "-" "Mozilla/5.0 (Windows; U; Windows NT 5.1; en-US; rv:1.7.5) Gecko/20041107 Firefox/1.0" "superior-dentistry.com"
54.235.174.193 - - [05/Dec/2015:22:49:11 -0800] "GET / HTTP/1.1" 200 38156 "-" "Mozilla/5.0 (Windows; U; Windows NT 5.1; en-US; rv:1.7.5) Gecko/20041107 Firefox/1.0" "superior-dentistry.com"
54.235.174.193 - - [05/Dec/2015:22:49:12 -0800] "GET /robots.txt HTTP/1.1" 200 49 "-" "Mozilla/5.0 (compatible; MSIE 9.0; Windows NT 6.1; WOW64; Trident/5.0)" "superior-dentistry.com"
208.122.6.102 - - [05/Dec/2015:22:56:54 -0800] "GET / HTTP/1.1" 200 38156 "-" "FreeWebMonitoring SiteChecker/0.2 (+http://www.freewebmonitoring.com/bot.html)" "www.superior-dentistry.com"
207.46.13.38 - - [05/Dec/2015:23:56:38 -0800] "GET /robots.txt HTTP/1.1" 200 49 "-" "Mozilla/5.0 (compatible; bingbot/2.0; +http://www.bing.com/bingbot.htm)" "superior-dentistry.com"
208.122.6.102 - - [05/Dec/2015:23:58:01 -0800] "GET / HTTP/1.1" 200 38156 "-" "FreeWebMonitoring SiteChecker/0.2 (+http://www.freewebmonitoring.com/bot.html)" "www.superior-dentistry.com"
207.46.13.126 - - [05/Dec/2015:23:58:11 -0800] "GET /Dental-Sites-We-Like.html HTTP/1.1" 200 41324 "-" "Mozilla/5.0 (compatible; bingbot/2.0; +http://www.bing.com/bingbot.htm)" "superior-dentistry.com"
207.46.13.38 - - [06/Dec/2015:00:03:06 -0800] "GET /testimonials.html HTTP/1.1" 200 24783 "-" "Mozilla/5.0 (compatible; bingbot/2.0; +http://www.bing.com/bingbot.htm)" "superior-dentistry.com"
207.46.13.38 - - [06/Dec/2015:00:03:06 -0800] "GET /Dental-LinkExchange.html HTTP/1.1" 200 25575 "-" "Mozilla/5.0 (compatible; bingbot/2.0; +http://www.bing.com/bingbot.htm)" "superior-dentistry.com"
40.77.167.89 - - [06/Dec/2015:00:04:55 -0800] "GET /Bowie-Dentists-Sitemap.html HTTP/1.1" 200 28353 "-" "Mozilla/5.0 (compatible; bingbot/2.0; +http://www.bing.com/bingbot.htm)" "superior-dentistry.com"
221.232.62.140 - - [06/Dec/2015:00:15:39 -0800] "GET /blog.php HTTP/1.1" 200 99736 "-" "Mozilla/5.0 (Windows NT 6.1; Trident/7.0; rv:11.0) like Gecko" "www.superior-dentistry.com"
221.232.62.140 - - [06/Dec/2015:00:15:43 -0800] "POST /blog.php/trackback/ HTTP/1.1" 200 99355 "http://www.superior-dentistry.com/blog.php" "Mozilla/5.0 (Windows NT 6.1; Trident/7.0; rv:11.0) like Gecko" "www.superior-dentistry.com"
188.165.15.188 - - [06/Dec/2015:00:30:44 -0800] "GET /Bowie-Dentists/testimonials.html HTTP/1.1" 404 89 "-" "Mozilla/5.0 (compatible; AhrefsBot/5.0; +http://ahrefs.com/robot/)" "www.superior-dentistry.com"
208.122.6.102 - - [06/Dec/2015:00:59:09 -0800] "GET / HTTP/1.1" 200 38156 "-" "FreeWebMonitoring SiteChecker/0.2 (+http://www.freewebmonitoring.com/bot.html)" "www.superior-dentistry.com"
77.75.76.161 - - [06/Dec/2015:01:57:40 -0800] "GET /robots.txt HTTP/1.1" 200 49 "-" "Mozilla/5.0 (compatible; SeznamBot/3.2; +http://fulltext.sblog.cz/)" "www.superior-dentistry.com"
77.75.76.161 - - [06/Dec/2015:01:57:41 -0800] "GET /meet-staff.html HTTP/1.1" 200 22166 "-" "Mozilla/5.0 (compatible; SeznamBot/3.2; +http://fulltext.sblog.cz/)" "www.superior-dentistry.com"
208.122.6.102 - - [06/Dec/2015:01:59:49 -0800] "GET / HTTP/1.1" 200 38156 "-" "FreeWebMonitoring SiteChecker/0.2 (+http://www.freewebmonitoring.com/bot.html)" "www.superior-dentistry.com"
65.36.241.48 - - [06/Dec/2015:02:13:06 -0800] "HEAD / HTTP/1.1" 200 0 "-" "InternetSeer.com" "www.superior-dentistry.com"
198.27.82.147 - - [06/Dec/2015:02:16:19 -0800] "GET /robots.txt HTTP/1.1" 200 49 "-" "Mozilla/5.0 (compatible; MJ12bot/v1.4.5; http://www.majestic12.co.uk/bot.php?+)" "www.superior-dentistry.com"
198.27.82.147 - - [06/Dec/2015:02:16:21 -0800] "GET /%E2%80%9Dhttp://www.nicedentist.com HTTP/1.1" 404 89 "-" "Mozilla/5.0 (compatible; MJ12bot/v1.4.5; http://www.majestic12.co.uk/bot.php?+)" "www.superior-dentistry.com"
208.122.6.102 - - [06/Dec/2015:03:00:28 -0800] "GET / HTTP/1.1" 200 38156 "-" "FreeWebMonitoring SiteChecker/0.2 (+http://www.freewebmonitoring.com/bot.html)" "www.superior-dentistry.com"
171.4.31.219 - - [06/Dec/2015:03:06:04 -0800] "GET / HTTP/1.1" 200 38156 "http://rankings-analytics.com/try.php?u=http://superior-dentistry.com" "Mozilla/5.0 (Windows NT 6.1; WOW64) AppleWebKit/537.36 (KHTML, like Gecko) Chrome/36.0.1985.143 Safari/537.36" "superior-dentistry.com"
171.4.31.219 - - [06/Dec/2015:03:06:05 -0800] "GET /css/bootstrap-theme.css HTTP/1.1" 200 19156 "http://superior-dentistry.com/" "Mozilla/5.0 (Windows NT 6.1; WOW64) AppleWebKit/537.36 (KHTML, like Gecko) Chrome/36.0.1985.143 Safari/537.36" "superior-dentistry.com"
171.4.31.219 - - [06/Dec/2015:03:06:05 -0800] "GET /css/font-awesome.css HTTP/1.1" 200 28747 "http://superior-dentistry.com/" "Mozilla/5.0 (Windows NT 6.1; WOW64) AppleWebKit/537.36 (KHTML, like Gecko) Chrome/36.0.1985.143 Safari/537.36" "superior-dentistry.com"
171.4.31.219 - - [06/Dec/2015:03:06:05 -0800] "GET /css/bootstrap.css HTTP/1.1" 200 138415 "http://superior-dentistry.com/" "Mozilla/5.0 (Windows NT 6.1; WOW64) AppleWebKit/537.36 (KHTML, like Gecko) Chrome/36.0.1985.143 Safari/537.36" "superior-dentistry.com"
171.4.31.219 - - [06/Dec/2015:03:06:05 -0800] "GET /theme.css HTTP/1.1" 200 1926 "http://superior-dentistry.com/" "Mozilla/5.0 (Windows NT 6.1; WOW64) AppleWebKit/537.36 (KHTML, like Gecko) Chrome/36.0.1985.143 Safari/537.36" "superior-dentistry.com"
171.4.31.219 - - [06/Dec/2015:03:06:05 -0800] "GET /js/ie-emulation-modes-warning.js HTTP/1.1" 200 2132 "http://superior-dentistry.com/" "Mozilla/5.0 (Windows NT 6.1; WOW64) AppleWebKit/537.36 (KHTML, like Gecko) Chrome/36.0.1985.143 Safari/537.36" "superior-dentistry.com"
171.4.31.219 - - [06/Dec/2015:03:06:06 -0800] "GET /js/bootstrap.min.js HTTP/1.1" 200 35601 "http://superior-dentistry.com/" "Mozilla/5.0 (Windows NT 6.1; WOW64) AppleWebKit/537.36 (KHTML, like Gecko) Chrome/36.0.1985.143 Safari/537.36" "superior-dentistry.com"
171.4.31.219 - - [06/Dec/2015:03:06:06 -0800] "GET /js/docs.min.js HTTP/1.1" 200 43299 "http://superior-dentistry.com/" "Mozilla/5.0 (Windows NT 6.1; WOW64) AppleWebKit/537.36 (KHTML, like Gecko) Chrome/36.0.1985.143 Safari/537.36" "superior-dentistry.com"
171.4.31.219 - - [06/Dec/2015:03:06:06 -0800] "GET /js/ie10-viewport-bug-workaround.js HTTP/1.1" 200 694 "http://superior-dentistry.com/" "Mozilla/5.0 (Windows NT 6.1; WOW64) AppleWebKit/537.36 (KHTML, like Gecko) Chrome/36.0.1985.143 Safari/537.36" "superior-dentistry.com"
171.4.31.219 - - [06/Dec/2015:03:06:09 -0800] "GET /img/dental-implants.jpg HTTP/1.1" 200 22844 "http://superior-dentistry.com/" "Mozilla/5.0 (Windows NT 6.1; WOW64) AppleWebKit/537.36 (KHTML, like Gecko) Chrome/36.0.1985.143 Safari/537.36" "superior-dentistry.com"
171.4.31.219 - - [06/Dec/2015:03:06:09 -0800] "GET /img/wisdom-teeth-extraction.jpg HTTP/1.1" 200 23758 "http://superior-dentistry.com/" "Mozilla/5.0 (Windows NT 6.1; WOW64) AppleWebKit/537.36 (KHTML, like Gecko) Chrome/36.0.1985.143 Safari/537.36" "superior-dentistry.com"
171.4.31.219 - - [06/Dec/2015:03:06:09 -0800] "GET /img/extraction.jpg HTTP/1.1" 200 30135 "http://superior-dentistry.com/" "Mozilla/5.0 (Windows NT 6.1; WOW64) AppleWebKit/537.36 (KHTML, like Gecko) Chrome/36.0.1985.143 Safari/537.36" "superior-dentistry.com"
171.4.31.219 - - [06/Dec/2015:03:06:09 -0800] "GET /img/jaw-surgery.jpg HTTP/1.1" 200 27058 "http://superior-dentistry.com/" "Mozilla/5.0 (Windows NT 6.1; WOW64) AppleWebKit/537.36 (KHTML, like Gecko) Chrome/36.0.1985.143 Safari/537.36" "superior-dentistry.com"
171.4.31.219 - - [06/Dec/2015:03:06:09 -0800] "GET /img/logo.jpg HTTP/1.1" 200 139628 "http://superior-dentistry.com/" "Mozilla/5.0 (Windows NT 6.1; WOW64) AppleWebKit/537.36 (KHTML, like Gecko) Chrome/36.0.1985.143 Safari/537.36" "superior-dentistry.com"
171.4.31.219 - - [06/Dec/2015:03:06:09 -0800] "GET /img/oral-pathology.jpg HTTP/1.1" 200 33395 "http://superior-dentistry.com/" "Mozilla/5.0 (Windows NT 6.1; WOW64) AppleWebKit/537.36 (KHTML, like Gecko) Chrome/36.0.1985.143 Safari/537.36" "superior-dentistry.com"
171.4.31.219 - - [06/Dec/2015:03:06:11 -0800] "GET /img/tmj-trauma.jpg HTTP/1.1" 200 22488 "http://superior-dentistry.com/" "Mozilla/5.0 (Windows NT 6.1; WOW64) AppleWebKit/537.36 (KHTML, like Gecko) Chrome/36.0.1985.143 Safari/537.36" "superior-dentistry.com"
171.4.31.219 - - [06/Dec/2015:03:06:11 -0800] "GET /img/zocdoc-apt.jpg HTTP/1.1" 200 79396 "http://superior-dentistry.com/" "Mozilla/5.0 (Windows NT 6.1; WOW64) AppleWebKit/537.36 (KHTML, like Gecko) Chrome/36.0.1985.143 Safari/537.36" "www.superior-dentistry.com"
171.4.31.219 - - [06/Dec/2015:03:06:11 -0800] "GET /img/slider1.jpg HTTP/1.1" 200 268888 "http://superior-dentistry.com/" "Mozilla/5.0 (Windows NT 6.1; WOW64) AppleWebKit/537.36 (KHTML, like Gecko) Chrome/36.0.1985.143 Safari/537.36" "superior-dentistry.com"
171.4.31.219 - - [06/Dec/2015:03:06:11 -0800] "GET /img/slider2.jpg HTTP/1.1" 200 345766 "http://superior-dentistry.com/" "Mozilla/5.0 (Windows NT 6.1; WOW64) AppleWebKit/537.36 (KHTML, like Gecko) Chrome/36.0.1985.143 Safari/537.36" "superior-dentistry.com"
171.4.31.219 - - [06/Dec/2015:03:06:12 -0800] "GET /img/slider3.jpg HTTP/1.1" 200 217901 "http://superior-dentistry.com/" "Mozilla/5.0 (Windows NT 6.1; WOW64) AppleWebKit/537.36 (KHTML, like Gecko) Chrome/36.0.1985.143 Safari/537.36" "superior-dentistry.com"
171.4.31.219 - - [06/Dec/2015:03:06:12 -0800] "GET /img/meetdr-ali.jpg HTTP/1.1" 200 60533 "http://superior-dentistry.com/" "Mozilla/5.0 (Windows NT 6.1; WOW64) AppleWebKit/537.36 (KHTML, like Gecko) Chrome/36.0.1985.143 Safari/537.36" "superior-dentistry.com"
171.4.31.219 - - [06/Dec/2015:03:06:12 -0800] "GET /img/meetdr-melika.jpg HTTP/1.1" 200 75968 "http://superior-dentistry.com/" "Mozilla/5.0 (Windows NT 6.1; WOW64) AppleWebKit/537.36 (KHTML, like Gecko) Chrome/36.0.1985.143 Safari/537.36" "superior-dentistry.com"
171.4.31.219 - - [06/Dec/2015:03:06:14 -0800] "GET /img/offer-31-05-2014-sonicare-brush.jpg HTTP/1.1" 200 13165 "http://superior-dentistry.com/" "Mozilla/5.0 (Windows NT 6.1; WOW64) AppleWebKit/537.36 (KHTML, like Gecko) Chrome/36.0.1985.143 Safari/537.36" "superior-dentistry.com"
171.4.31.219 - - [06/Dec/2015:03:06:14 -0800] "GET /img/offer-31-05-2014-whitening.jpg HTTP/1.1" 200 15686 "http://superior-dentistry.com/" "Mozilla/5.0 (Windows NT 6.1; WOW64) AppleWebKit/537.36 (KHTML, like Gecko) Chrome/36.0.1985.143 Safari/537.36" "superior-dentistry.com"
171.4.31.219 - - [06/Dec/2015:03:06:15 -0800] "GET /img/offer-31-05-2014-new-patient.jpg HTTP/1.1" 200 15365 "http://superior-dentistry.com/" "Mozilla/5.0 (Windows NT 6.1; WOW64) AppleWebKit/537.36 (KHTML, like Gecko) Chrome/36.0.1985.143 Safari/537.36" "superior-dentistry.com"
171.4.31.219 - - [06/Dec/2015:03:06:15 -0800] "GET /img/patients-choice-winner-2015.png HTTP/1.1" 200 9818 "http://superior-dentistry.com/" "Mozilla/5.0 (Windows NT 6.1; WOW64) AppleWebKit/537.36 (KHTML, like Gecko) Chrome/36.0.1985.143 Safari/537.36" "superior-dentistry.com"
171.4.31.219 - - [06/Dec/2015:03:06:15 -0800] "GET /fonts/fontawesome-webfont.ttf?v=4.3.0 HTTP/1.1" 200 122092 "http://superior-dentistry.com/" "Mozilla/5.0 (Windows NT 6.1; WOW64) AppleWebKit/537.36 (KHTML, like Gecko) Chrome/36.0.1985.143 Safari/537.36" "superior-dentistry.com"
199.59.148.210 - - [06/Dec/2015:03:15:46 -0800] "GET /robots.txt HTTP/1.1" 200 49 "-" "Twitterbot/1.0" "www.superior-dentistry.com"
131.253.38.67 - - [06/Dec/2015:03:15:48 -0800] "GET / HTTP/1.1" 200 38156 "-" "Mozilla/5.0 (compatible; MSIE 10.0; Windows NT 6.2; WOW64; Trident/6.0)" "www.superior-dentistry.com"
69.30.213.202 - - [06/Dec/2015:04:39:16 -0800] "GET /Dentistry-Maryland-MD.html HTTP/1.1" 200 31039 "-" "Mozilla/5.0 (compatible; MJ12bot/v1.4.5; http://www.majestic12.co.uk/bot.php?+)" "www.superior-dentistry.com"
115.117.78.54 - - [06/Dec/2015:04:59:40 -0800] "GET / HTTP/1.1" 200 38156 "-" "Mozilla/5.0 (Windows NT 6.1) AppleWebKit/537.36 (KHTML, like Gecko) Chrome/46.0.2490.71 Safari/537.36" "superior-dentistry.com"
115.117.78.54 - - [06/Dec/2015:04:59:41 -0800] "GET /css/bootstrap.css HTTP/1.1" 200 138415 "http://superior-dentistry.com/" "Mozilla/5.0 (Windows NT 6.1) AppleWebKit/537.36 (KHTML, like Gecko) Chrome/46.0.2490.71 Safari/537.36" "superior-dentistry.com"
115.117.78.54 - - [06/Dec/2015:04:59:44 -0800] "GET /css/font-awesome.css HTTP/1.1" 200 28747 "http://superior-dentistry.com/" "Mozilla/5.0 (Windows NT 6.1) AppleWebKit/537.36 (KHTML, like Gecko) Chrome/46.0.2490.71 Safari/537.36" "superior-dentistry.com"
115.117.78.54 - - [06/Dec/2015:04:59:45 -0800] "GET /css/bootstrap-theme.css HTTP/1.1" 200 19156 "http://superior-dentistry.com/" "Mozilla/5.0 (Windows NT 6.1) AppleWebKit/537.36 (KHTML, like Gecko) Chrome/46.0.2490.71 Safari/537.36" "superior-dentistry.com"
115.117.78.54 - - [06/Dec/2015:04:59:53 -0800] "GET /img/oral-pathology.jpg HTTP/1.1" 200 33395 "http://superior-dentistry.com/" "Mozilla/5.0 (Windows NT 6.1) AppleWebKit/537.36 (KHTML, like Gecko) Chrome/46.0.2490.71 Safari/537.36" "superior-dentistry.com"
115.117.78.54 - - [06/Dec/2015:04:59:57 -0800] "GET /img/patients-choice-winner-2015.png HTTP/1.1" 200 9818 "http://superior-dentistry.com/" "Mozilla/5.0 (Windows NT 6.1) AppleWebKit/537.36 (KHTML, like Gecko) Chrome/46.0.2490.71 Safari/537.36" "superior-dentistry.com"
115.117.78.54 - - [06/Dec/2015:04:59:59 -0800] "GET /img/meetdr-melika.jpg HTTP/1.1" 200 75968 "http://superior-dentistry.com/" "Mozilla/5.0 (Windows NT 6.1) AppleWebKit/537.36 (KHTML, like Gecko) Chrome/46.0.2490.71 Safari/537.36" "superior-dentistry.com"
115.117.78.54 - - [06/Dec/2015:05:00:02 -0800] "GET /img/zocdoc-apt.jpg HTTP/1.1" 200 79396 "http://superior-dentistry.com/" "Mozilla/5.0 (Windows NT 6.1) AppleWebKit/537.36 (KHTML, like Gecko) Chrome/46.0.2490.71 Safari/537.36" "www.superior-dentistry.com"
115.117.78.54 - - [06/Dec/2015:05:00:02 -0800] "GET /img/tmj-trauma.jpg HTTP/1.1" 200 22488 "http://superior-dentistry.com/" "Mozilla/5.0 (Windows NT 6.1) AppleWebKit/537.36 (KHTML, like Gecko) Chrome/46.0.2490.71 Safari/537.36" "superior-dentistry.com"
115.117.78.54 - - [06/Dec/2015:05:00:16 -0800] "GET /img/slider2.jpg HTTP/1.1" 200 345766 "http://superior-dentistry.com/" "Mozilla/5.0 (Windows NT 6.1) AppleWebKit/537.36 (KHTML, like Gecko) Chrome/46.0.2490.71 Safari/537.36" "superior-dentistry.com"
115.117.78.54 - - [06/Dec/2015:05:00:22 -0800] "GET /img/slider3.jpg HTTP/1.1" 200 217901 "http://superior-dentistry.com/" "Mozilla/5.0 (Windows NT 6.1) AppleWebKit/537.36 (KHTML, like Gecko) Chrome/46.0.2490.71 Safari/537.36" "superior-dentistry.com"
115.117.78.54 - - [06/Dec/2015:05:00:48 -0800] "GET /favicon.ico HTTP/1.1" 200 688 "http://superior-dentistry.com/" "Mozilla/5.0 (Windows NT 6.1) AppleWebKit/537.36 (KHTML, like Gecko) Chrome/46.0.2490.71 Safari/537.36" "superior-dentistry.com"
180.76.15.25 - - [06/Dec/2015:05:02:11 -0800] "GET /Bowie-Dentists/Preventive-Dentistry-Maryland.html HTTP/1.1" 200 39411 "-" "Mozilla/5.0 (compatible; Baiduspider/2.0; +http://www.baidu.com/search/spider.html)" "www.superior-dentistry.com"
208.122.6.102 - - [06/Dec/2015:05:03:37 -0800] "GET / HTTP/1.1" 200 38156 "-" "FreeWebMonitoring SiteChecker/0.2 (+http://www.freewebmonitoring.com/bot.html)" "www.superior-dentistry.com"
207.46.13.38 - - [06/Dec/2015:05:04:48 -0800] "GET /robots.txt HTTP/1.1" 200 49 "-" "Mozilla/5.0 (compatible; bingbot/2.0; +http://www.bing.com/bingbot.htm)" "www.superior-dentistry.com"
207.46.13.38 - - [06/Dec/2015:05:04:58 -0800] "GET /meet-staff.html HTTP/1.1" 200 22166 "-" "Mozilla/5.0 (compatible; bingbot/2.0; +http://www.bing.com/bingbot.htm)" "www.superior-dentistry.com"
108.45.153.239 - - [06/Dec/2015:05:09:42 -0800] "GET /js/ie-emulation-modes-warning.js HTTP/1.1" 200 2132 "http://www.superior-dentistry.com/contact-us.html" "Mozilla/5.0 (iPhone; CPU iPhone OS 9_1 like Mac OS X) AppleWebKit/601.1.46 (KHTML, like Gecko) Version/9.0 Mobile/13B143 Safari/601.1" "www.superior-dentistry.com"
108.45.153.239 - - [06/Dec/2015:05:09:42 -0800] "GET /css/bootstrap-theme.css HTTP/1.1" 200 19156 "http://www.superior-dentistry.com/contact-us.html" "Mozilla/5.0 (iPhone; CPU iPhone OS 9_1 like Mac OS X) AppleWebKit/601.1.46 (KHTML, like Gecko) Version/9.0 Mobile/13B143 Safari/601.1" "www.superior-dentistry.com"
108.45.153.239 - - [06/Dec/2015:05:09:42 -0800] "GET /img/logo.jpg HTTP/1.1" 200 139628 "http://www.superior-dentistry.com/contact-us.html" "Mozilla/5.0 (iPhone; CPU iPhone OS 9_1 like Mac OS X) AppleWebKit/601.1.46 (KHTML, like Gecko) Version/9.0 Mobile/13B143 Safari/601.1" "www.superior-dentistry.com"
207.46.13.126 - - [06/Dec/2015:05:24:33 -0800] "GET /robots.txt HTTP/1.1" 200 49 "-" "Mozilla/5.0 (compatible; bingbot/2.0; +http://www.bing.com/bingbot.htm)" "www.superior-dentistry.com"
207.46.13.126 - - [06/Dec/2015:05:24:40 -0800] "GET /services.php HTTP/1.1" 200 73 "-" "Mozilla/5.0 (iPhone; CPU iPhone OS 7_0 like Mac OS X) AppleWebKit/537.51.1 (KHTML, like Gecko) Version/7.0 Mobile/11A465 Safari/9537.53 (compatible; bingbot/2.0;  http://www.bing.com/bingbot.htm)" "www.superior-dentistry.com"
69.30.234.2 - - [06/Dec/2015:05:46:48 -0800] "GET /robots.txt HTTP/1.1" 200 49 "-" "Mozilla/5.0 (compatible; MJ12bot/v1.4.5; http://www.majestic12.co.uk/bot.php?+)" "www.superior-dentistry.com"
69.30.234.2 - - [06/Dec/2015:05:46:51 -0800] "GET /Bowie-Dentists-Sitemap.html HTTP/1.1" 200 28353 "-" "Mozilla/5.0 (compatible; MJ12bot/v1.4.5; http://www.majestic12.co.uk/bot.php?+)" "www.superior-dentistry.com"
69.30.234.2 - - [06/Dec/2015:05:46:51 -0800] "GET /robots.txt HTTP/1.1" 200 49 "-" "Mozilla/5.0 (compatible; MJ12bot/v1.4.5; http://www.majestic12.co.uk/bot.php?+)" "www.superior-dentistry.com"
69.30.234.2 - - [06/Dec/2015:05:46:52 -0800] "GET /firstvisit.php HTTP/1.1" 200 73 "-" "Mozilla/5.0 (compatible; MJ12bot/v1.4.5; http://www.majestic12.co.uk/bot.php?+)" "www.superior-dentistry.com"
208.122.6.102 - - [06/Dec/2015:06:04:18 -0800] "GET / HTTP/1.1" 200 38156 "-" "FreeWebMonitoring SiteChecker/0.2 (+http://www.freewebmonitoring.com/bot.html)" "www.superior-dentistry.com"
208.122.6.102 - - [06/Dec/2015:07:05:23 -0800] "GET / HTTP/1.1" 200 38156 "-" "FreeWebMonitoring SiteChecker/0.2 (+http://www.freewebmonitoring.com/bot.html)" "www.superior-dentistry.com"
141.8.143.167 - - [06/Dec/2015:07:28:28 -0800] "GET /robots.txt HTTP/1.1" 200 49 "-" "Mozilla/5.0 (compatible; YandexBot/3.0; +http://yandex.com/bots)" "www.superior-dentistry.com"
208.122.6.102 - - [06/Dec/2015:08:06:05 -0800] "GET / HTTP/1.1" 200 38156 "-" "FreeWebMonitoring SiteChecker/0.2 (+http://www.freewebmonitoring.com/bot.html)" "www.superior-dentistry.com"
115.117.74.189 - - [06/Dec/2015:08:11:15 -0800] "GET /css/font-awesome.css HTTP/1.1" 200 28747 "http://superior-dentistry.com/" "Mozilla/5.0 (Windows NT 6.1; WOW64) AppleWebKit/537.36 (KHTML, like Gecko) Chrome/47.0.2526.73 Safari/537.36" "superior-dentistry.com"
115.117.74.189 - - [06/Dec/2015:08:11:15 -0800] "GET /css/bootstrap-theme.css HTTP/1.1" 200 19156 "http://superior-dentistry.com/" "Mozilla/5.0 (Windows NT 6.1; WOW64) AppleWebKit/537.36 (KHTML, like Gecko) Chrome/47.0.2526.73 Safari/537.36" "superior-dentistry.com"
115.117.74.189 - - [06/Dec/2015:08:11:18 -0800] "GET /img/logo.jpg HTTP/1.1" 200 139628 "http://superior-dentistry.com/" "Mozilla/5.0 (Windows NT 6.1; WOW64) AppleWebKit/537.36 (KHTML, like Gecko) Chrome/47.0.2526.73 Safari/537.36" "superior-dentistry.com"
115.117.74.189 - - [06/Dec/2015:08:11:18 -0800] "GET /js/docs.min.js HTTP/1.1" 200 43299 "http://superior-dentistry.com/" "Mozilla/5.0 (Windows NT 6.1; WOW64) AppleWebKit/537.36 (KHTML, like Gecko) Chrome/47.0.2526.73 Safari/537.36" "superior-dentistry.com"
115.117.74.189 - - [06/Dec/2015:08:11:30 -0800] "GET /img/extraction.jpg HTTP/1.1" 200 30135 "http://superior-dentistry.com/" "Mozilla/5.0 (Windows NT 6.1; WOW64) AppleWebKit/537.36 (KHTML, like Gecko) Chrome/47.0.2526.73 Safari/537.36" "superior-dentistry.com"
115.117.74.189 - - [06/Dec/2015:08:11:32 -0800] "GET /img/oral-pathology.jpg HTTP/1.1" 200 33395 "http://superior-dentistry.com/" "Mozilla/5.0 (Windows NT 6.1; WOW64) AppleWebKit/537.36 (KHTML, like Gecko) Chrome/47.0.2526.73 Safari/537.36" "superior-dentistry.com"
115.117.74.189 - - [06/Dec/2015:08:11:33 -0800] "GET /fonts/fontawesome-webfont.woff2?v=4.3.0 HTTP/1.1" 200 56780 "http://superior-dentistry.com/css/font-awesome.css" "Mozilla/5.0 (Windows NT 6.1; WOW64) AppleWebKit/537.36 (KHTML, like Gecko) Chrome/47.0.2526.73 Safari/537.36" "superior-dentistry.com"
115.117.74.189 - - [06/Dec/2015:08:11:34 -0800] "GET /assets/flash/ZeroClipboard.swf?noCache=1449418293402 HTTP/1.1" 404 89 "http://superior-dentistry.com/" "Mozilla/5.0 (Windows NT 6.1; WOW64) AppleWebKit/537.36 (KHTML, like Gecko) Chrome/47.0.2526.73 Safari/537.36" "superior-dentistry.com"
115.117.74.189 - - [06/Dec/2015:08:11:36 -0800] "GET /img/slider1.jpg HTTP/1.1" 200 268888 "http://superior-dentistry.com/" "Mozilla/5.0 (Windows NT 6.1; WOW64) AppleWebKit/537.36 (KHTML, like Gecko) Chrome/47.0.2526.73 Safari/537.36" "superior-dentistry.com"
115.117.74.189 - - [06/Dec/2015:08:11:36 -0800] "GET /img/meetdr-melika.jpg HTTP/1.1" 200 75968 "http://superior-dentistry.com/" "Mozilla/5.0 (Windows NT 6.1; WOW64) AppleWebKit/537.36 (KHTML, like Gecko) Chrome/47.0.2526.73 Safari/537.36" "superior-dentistry.com"
115.117.74.189 - - [06/Dec/2015:08:11:39 -0800] "GET /img/zocdoc-apt.jpg HTTP/1.1" 200 79396 "http://superior-dentistry.com/" "Mozilla/5.0 (Windows NT 6.1; WOW64) AppleWebKit/537.36 (KHTML, like Gecko) Chrome/47.0.2526.73 Safari/537.36" "www.superior-dentistry.com"
115.117.74.189 - - [06/Dec/2015:08:11:40 -0800] "GET /img/slider2.jpg HTTP/1.1" 200 345766 "http://superior-dentistry.com/" "Mozilla/5.0 (Windows NT 6.1; WOW64) AppleWebKit/537.36 (KHTML, like Gecko) Chrome/47.0.2526.73 Safari/537.36" "superior-dentistry.com"
115.117.74.189 - - [06/Dec/2015:08:11:41 -0800] "GET /img/slider3.jpg HTTP/1.1" 200 217901 "http://superior-dentistry.com/" "Mozilla/5.0 (Windows NT 6.1; WOW64) AppleWebKit/537.36 (KHTML, like Gecko) Chrome/47.0.2526.73 Safari/537.36" "superior-dentistry.com"
115.117.74.189 - - [06/Dec/2015:08:11:42 -0800] "GET /img/offer-31-05-2014-sonicare-brush.jpg HTTP/1.1" 200 13165 "http://superior-dentistry.com/" "Mozilla/5.0 (Windows NT 6.1; WOW64) AppleWebKit/537.36 (KHTML, like Gecko) Chrome/47.0.2526.73 Safari/537.36" "superior-dentistry.com"
115.117.74.189 - - [06/Dec/2015:08:12:21 -0800] "GET /favicon.ico HTTP/1.1" 200 688 "http://superior-dentistry.com/" "Mozilla/5.0 (Windows NT 6.1; WOW64) AppleWebKit/537.36 (KHTML, like Gecko) Chrome/47.0.2526.73 Safari/537.36" "superior-dentistry.com"
115.117.74.189 - - [06/Dec/2015:08:12:36 -0800] "GET /img/periodontalsurgery.jpg HTTP/1.1" 200 56963 "http://superior-dentistry.com/services.html" "Mozilla/5.0 (Windows NT 6.1; WOW64) AppleWebKit/537.36 (KHTML, like Gecko) Chrome/47.0.2526.73 Safari/537.36" "superior-dentistry.com"
115.117.74.189 - - [06/Dec/2015:08:12:36 -0800] "GET /img/invisalign.jpg HTTP/1.1" 200 142640 "http://superior-dentistry.com/services.html" "Mozilla/5.0 (Windows NT 6.1; WOW64) AppleWebKit/537.36 (KHTML, like Gecko) Chrome/47.0.2526.73 Safari/537.36" "superior-dentistry.com"
115.117.74.189 - - [06/Dec/2015:08:12:36 -0800] "GET /img/dental-extractions.jpg HTTP/1.1" 200 165246 "http://superior-dentistry.com/services.html" "Mozilla/5.0 (Windows NT 6.1; WOW64) AppleWebKit/537.36 (KHTML, like Gecko) Chrome/47.0.2526.73 Safari/537.36" "superior-dentistry.com"
115.117.74.189 - - [06/Dec/2015:08:12:36 -0800] "GET /img/doctor-achievement.jpg HTTP/1.1" 200 200838 "http://superior-dentistry.com/services.html" "Mozilla/5.0 (Windows NT 6.1; WOW64) AppleWebKit/537.36 (KHTML, like Gecko) Chrome/47.0.2526.73 Safari/537.36" "superior-dentistry.com"
115.117.74.189 - - [06/Dec/2015:08:12:36 -0800] "GET /img/dentures.jpg HTTP/1.1" 200 126240 "http://superior-dentistry.com/services.html" "Mozilla/5.0 (Windows NT 6.1; WOW64) AppleWebKit/537.36 (KHTML, like Gecko) Chrome/47.0.2526.73 Safari/537.36" "superior-dentistry.com"
115.117.74.189 - - [06/Dec/2015:08:13:03 -0800] "GET /img/bridges-dentist-md.jpg HTTP/1.1" 200 67242 "http://superior-dentistry.com/services.html" "Mozilla/5.0 (Windows NT 6.1; WOW64) AppleWebKit/537.36 (KHTML, like Gecko) Chrome/47.0.2526.73 Safari/537.36" "superior-dentistry.com"
115.117.74.189 - - [06/Dec/2015:08:13:09 -0800] "GET /img/white_composite_filling.jpg HTTP/1.1" 200 105229 "http://superior-dentistry.com/services.html" "Mozilla/5.0 (Windows NT 6.1; WOW64) AppleWebKit/537.36 (KHTML, like Gecko) Chrome/47.0.2526.73 Safari/537.36" "superior-dentistry.com"
115.117.74.189 - - [06/Dec/2015:08:13:14 -0800] "GET /img/SnapOnSmile.jpg HTTP/1.1" 200 71471 "http://superior-dentistry.com/services.html" "Mozilla/5.0 (Windows NT 6.1; WOW64) AppleWebKit/537.36 (KHTML, like Gecko) Chrome/47.0.2526.73 Safari/537.36" "superior-dentistry.com"
115.117.74.189 - - [06/Dec/2015:08:13:17 -0800] "GET /img/Lumineers.jpg HTTP/1.1" 200 70250 "http://superior-dentistry.com/services.html" "Mozilla/5.0 (Windows NT 6.1; WOW64) AppleWebKit/537.36 (KHTML, like Gecko) Chrome/47.0.2526.73 Safari/537.36" "superior-dentistry.com"
115.117.74.189 - - [06/Dec/2015:08:13:18 -0800] "GET /img/porcelain-veneers.jpg HTTP/1.1" 200 151567 "http://superior-dentistry.com/services.html" "Mozilla/5.0 (Windows NT 6.1; WOW64) AppleWebKit/537.36 (KHTML, like Gecko) Chrome/47.0.2526.73 Safari/537.36" "superior-dentistry.com"
115.117.74.189 - - [06/Dec/2015:08:14:19 -0800] "GET /firstvisit.html HTTP/1.1" 200 24042 "http://superior-dentistry.com/services.html" "Mozilla/5.0 (Windows NT 6.1; WOW64) AppleWebKit/537.36 (KHTML, like Gecko) Chrome/47.0.2526.73 Safari/537.36" "superior-dentistry.com"
115.117.74.189 - - [06/Dec/2015:08:14:29 -0800] "GET /js/jquery.easing.1.3.js HTTP/1.1" 404 89 "http://superior-dentistry.com/blog.php" "Mozilla/5.0 (Windows NT 6.1; WOW64) AppleWebKit/537.36 (KHTML, like Gecko) Chrome/47.0.2526.73 Safari/537.36" "superior-dentistry.com"
115.117.74.189 - - [06/Dec/2015:08:14:29 -0800] "GET /css/style.css HTTP/1.1" 404 89 "http://superior-dentistry.com/blog.php" "Mozilla/5.0 (Windows NT 6.1; WOW64) AppleWebKit/537.36 (KHTML, like Gecko) Chrome/47.0.2526.73 Safari/537.36" "superior-dentistry.com"
115.117.74.189 - - [06/Dec/2015:08:14:30 -0800] "GET /img/contact-img.jpg HTTP/1.1" 200 83148 "http://superior-dentistry.com/blog.php" "Mozilla/5.0 (Windows NT 6.1; WOW64) AppleWebKit/537.36 (KHTML, like Gecko) Chrome/47.0.2526.73 Safari/537.36" "superior-dentistry.com"
115.117.74.189 - - [06/Dec/2015:08:14:30 -0800] "GET /images/Pattern.jpg HTTP/1.1" 404 89 "http://superior-dentistry.com/blog.php" "Mozilla/5.0 (Windows NT 6.1; WOW64) AppleWebKit/537.36 (KHTML, like Gecko) Chrome/47.0.2526.73 Safari/537.36" "superior-dentistry.com"
115.117.74.189 - - [06/Dec/2015:08:14:39 -0800] "GET /assets/flash/ZeroClipboard.swf?noCache=1449418478531 HTTP/1.1" 404 89 "http://superior-dentistry.com/blog.php" "Mozilla/5.0 (Windows NT 6.1; WOW64) AppleWebKit/537.36 (KHTML, like Gecko) Chrome/47.0.2526.73 Safari/537.36" "superior-dentistry.com"
199.16.156.126 - - [06/Dec/2015:08:19:22 -0800] "GET /index.php HTTP/1.1" 200 73 "-" "Twitterbot/1.0" "www.superior-dentistry.com"
199.16.156.124 - - [06/Dec/2015:08:19:22 -0800] "GET /index.php HTTP/1.1" 200 73 "-" "Twitterbot/1.0" "www.superior-dentistry.com"
123.125.71.82 - - [06/Dec/2015:09:13:01 -0800] "GET /robots.txt HTTP/1.1" 200 49 "-" "Mozilla/5.0 (Windows NT 5.1; rv:6.0.2) Gecko/20100101 Firefox/6.0.2" "superior-dentistry.com"
69.121.55.27 - - [06/Dec/2015:10:08:16 -0800] "GET /img/Teeth-Whitening1.jpg HTTP/1.1" 200 150063 "https://www.google.com/" "Mozilla/5.0 (iPhone; CPU iPhone OS 9_1 like Mac OS X) AppleWebKit/601.1.46 (KHTML, like Gecko) Version/9.0 Mobile/13B143 Safari/601.1" "www.superior-dentistry.com"
208.122.6.102 - - [06/Dec/2015:10:08:52 -0800] "GET / HTTP/1.1" 200 38156 "-" "FreeWebMonitoring SiteChecker/0.2 (+http://www.freewebmonitoring.com/bot.html)" "www.superior-dentistry.com"
66.249.64.234 - - [06/Dec/2015:10:54:50 -0800] "GET /index.php HTTP/1.1" 200 73 "-" "SAMSUNG-SGH-E250/1.0 Profile/MIDP-2.0 Configuration/CLDC-1.1 UP.Browser/6.2.3.3.c.1.101 (GUI) MMP/2.0 (compatible; Googlebot-Mobile/2.1; +http://www.google.com/bot.html)" "www.superior-dentistry.com"
66.249.64.224 - - [06/Dec/2015:10:54:52 -0800] "GET / HTTP/1.1" 200 38156 "-" "SAMSUNG-SGH-E250/1.0 Profile/MIDP-2.0 Configuration/CLDC-1.1 UP.Browser/6.2.3.3.c.1.101 (GUI) MMP/2.0 (compatible; Googlebot-Mobile/2.1; +http://www.google.com/bot.html)" "www.superior-dentistry.com"
166.216.165.126 - - [06/Dec/2015:11:23:45 -0800] "GET / HTTP/1.1" 200 38156 "-" "Mozilla/5.0 (Macintosh; Intel Mac OS X 10.8; rv:42.0) Gecko/20100101 Firefox/42.0" "www.superior-dentistry.com"
166.216.165.126 - - [06/Dec/2015:11:23:45 -0800] "GET /js/ie-emulation-modes-warning.js HTTP/1.1" 200 2132 "http://www.superior-dentistry.com/" "Mozilla/5.0 (Macintosh; Intel Mac OS X 10.8; rv:42.0) Gecko/20100101 Firefox/42.0" "www.superior-dentistry.com"
166.216.165.126 - - [06/Dec/2015:11:23:45 -0800] "GET /js/bootstrap.min.js HTTP/1.1" 200 35601 "http://www.superior-dentistry.com/" "Mozilla/5.0 (Macintosh; Intel Mac OS X 10.8; rv:42.0) Gecko/20100101 Firefox/42.0" "www.superior-dentistry.com"
166.216.165.126 - - [06/Dec/2015:11:23:45 -0800] "GET /theme.css HTTP/1.1" 200 1926 "http://www.superior-dentistry.com/" "Mozilla/5.0 (Macintosh; Intel Mac OS X 10.8; rv:42.0) Gecko/20100101 Firefox/42.0" "www.superior-dentistry.com"
166.216.165.126 - - [06/Dec/2015:11:23:45 -0800] "GET /css/bootstrap.css HTTP/1.1" 200 138415 "http://www.superior-dentistry.com/" "Mozilla/5.0 (Macintosh; Intel Mac OS X 10.8; rv:42.0) Gecko/20100101 Firefox/42.0" "www.superior-dentistry.com"
166.216.165.126 - - [06/Dec/2015:11:23:45 -0800] "GET /js/ie10-viewport-bug-workaround.js HTTP/1.1" 200 694 "http://www.superior-dentistry.com/" "Mozilla/5.0 (Macintosh; Intel Mac OS X 10.8; rv:42.0) Gecko/20100101 Firefox/42.0" "www.superior-dentistry.com"
166.216.165.126 - - [06/Dec/2015:11:23:45 -0800] "GET /favicon.ico HTTP/1.1" 200 688 "-" "Mozilla/5.0 (Macintosh; Intel Mac OS X 10.8; rv:42.0) Gecko/20100101 Firefox/42.0" "www.superior-dentistry.com"
166.216.165.126 - - [06/Dec/2015:11:23:45 -0800] "GET /img/logo.jpg HTTP/1.1" 200 139628 "http://www.superior-dentistry.com/" "Mozilla/5.0 (Macintosh; Intel Mac OS X 10.8; rv:42.0) Gecko/20100101 Firefox/42.0" "www.superior-dentistry.com"
166.216.165.126 - - [06/Dec/2015:11:23:45 -0800] "GET /img/meetdr-ali.jpg HTTP/1.1" 200 60533 "http://www.superior-dentistry.com/" "Mozilla/5.0 (Macintosh; Intel Mac OS X 10.8; rv:42.0) Gecko/20100101 Firefox/42.0" "www.superior-dentistry.com"
166.216.165.126 - - [06/Dec/2015:11:23:45 -0800] "GET /img/tmj-trauma.jpg HTTP/1.1" 200 22488 "http://www.superior-dentistry.com/" "Mozilla/5.0 (Macintosh; Intel Mac OS X 10.8; rv:42.0) Gecko/20100101 Firefox/42.0" "www.superior-dentistry.com"
166.216.165.126 - - [06/Dec/2015:11:23:45 -0800] "GET /img/slider3.jpg HTTP/1.1" 200 217901 "http://www.superior-dentistry.com/" "Mozilla/5.0 (Macintosh; Intel Mac OS X 10.8; rv:42.0) Gecko/20100101 Firefox/42.0" "www.superior-dentistry.com"
166.216.165.126 - - [06/Dec/2015:11:23:46 -0800] "GET /img/slider2.jpg HTTP/1.1" 200 345766 "http://www.superior-dentistry.com/" "Mozilla/5.0 (Macintosh; Intel Mac OS X 10.8; rv:42.0) Gecko/20100101 Firefox/42.0" "www.superior-dentistry.com"
166.216.165.126 - - [06/Dec/2015:11:23:46 -0800] "GET /img/slider1.jpg HTTP/1.1" 200 268888 "http://www.superior-dentistry.com/" "Mozilla/5.0 (Macintosh; Intel Mac OS X 10.8; rv:42.0) Gecko/20100101 Firefox/42.0" "www.superior-dentistry.com"
166.216.165.126 - - [06/Dec/2015:11:23:46 -0800] "GET /fonts/fontawesome-webfont.woff2?v=4.3.0 HTTP/1.1" 200 56780 "http://www.superior-dentistry.com/css/font-awesome.css" "Mozilla/5.0 (Macintosh; Intel Mac OS X 10.8; rv:42.0) Gecko/20100101 Firefox/42.0" "www.superior-dentistry.com"
166.216.165.126 - - [06/Dec/2015:11:23:46 -0800] "GET /img/meetdr-melika.jpg HTTP/1.1" 200 75968 "http://www.superior-dentistry.com/" "Mozilla/5.0 (Macintosh; Intel Mac OS X 10.8; rv:42.0) Gecko/20100101 Firefox/42.0" "www.superior-dentistry.com"
166.216.165.126 - - [06/Dec/2015:11:23:46 -0800] "GET /img/offer-31-05-2014-new-patient.jpg HTTP/1.1" 200 15365 "http://www.superior-dentistry.com/" "Mozilla/5.0 (Macintosh; Intel Mac OS X 10.8; rv:42.0) Gecko/20100101 Firefox/42.0" "www.superior-dentistry.com"
166.216.165.126 - - [06/Dec/2015:11:23:46 -0800] "GET /img/patients-choice-winner-2015.png HTTP/1.1" 200 9818 "http://www.superior-dentistry.com/" "Mozilla/5.0 (Macintosh; Intel Mac OS X 10.8; rv:42.0) Gecko/20100101 Firefox/42.0" "www.superior-dentistry.com"
166.216.165.126 - - [06/Dec/2015:11:23:56 -0800] "GET /meet-staff.html HTTP/1.1" 200 22166 "http://www.superior-dentistry.com/" "Mozilla/5.0 (Macintosh; Intel Mac OS X 10.8; rv:42.0) Gecko/20100101 Firefox/42.0" "www.superior-dentistry.com"
166.216.165.126 - - [06/Dec/2015:11:23:57 -0800] "GET /img/Dr-Melika.jpg HTTP/1.1" 200 28557 "http://www.superior-dentistry.com/meet-staff.html" "Mozilla/5.0 (Macintosh; Intel Mac OS X 10.8; rv:42.0) Gecko/20100101 Firefox/42.0" "www.superior-dentistry.com"
166.216.165.126 - - [06/Dec/2015:11:23:57 -0800] "GET /img/Dr-Ali-shatergholi.jpg HTTP/1.1" 200 17298 "http://www.superior-dentistry.com/meet-staff.html" "Mozilla/5.0 (Macintosh; Intel Mac OS X 10.8; rv:42.0) Gecko/20100101 Firefox/42.0" "www.superior-dentistry.com"
166.216.165.126 - - [06/Dec/2015:11:23:57 -0800] "GET /img/doctor-achievement.jpg HTTP/1.1" 200 200838 "http://www.superior-dentistry.com/meet-staff.html" "Mozilla/5.0 (Macintosh; Intel Mac OS X 10.8; rv:42.0) Gecko/20100101 Firefox/42.0" "www.superior-dentistry.com"
166.216.165.126 - - [06/Dec/2015:11:23:57 -0800] "GET /assets/flash/ZeroClipboard.swf?noCache=1449429837320 HTTP/1.1" 404 89 "http://www.superior-dentistry.com/meet-staff.html" "Mozilla/5.0 (Macintosh; Intel Mac OS X 10.8; rv:42.0) Gecko/20100101 Firefox/42.0" "www.superior-dentistry.com"
199.16.156.125 - - [06/Dec/2015:11:23:58 -0800] "GET /images/logo1.jpg HTTP/1.1" 404 89 "-" "Twitterbot/1.0" "www.superior-dentistry.com"
166.216.165.126 - - [06/Dec/2015:11:24:18 -0800] "GET /assets/flash/ZeroClipboard.swf?noCache=1449429858101 HTTP/1.1" 404 89 "http://www.superior-dentistry.com/meet-staff.html" "Mozilla/5.0 (Macintosh; Intel Mac OS X 10.8; rv:42.0) Gecko/20100101 Firefox/42.0" "www.superior-dentistry.com"
166.216.165.126 - - [06/Dec/2015:11:25:00 -0800] "GET /blog.php HTTP/1.1" 200 99736 "http://www.superior-dentistry.com/meet-staff.html" "Mozilla/5.0 (Macintosh; Intel Mac OS X 10.8; rv:42.0) Gecko/20100101 Firefox/42.0" "www.superior-dentistry.com"
166.216.165.126 - - [06/Dec/2015:11:25:00 -0800] "GET /css/style.css HTTP/1.1" 404 89 "http://www.superior-dentistry.com/blog.php" "Mozilla/5.0 (Macintosh; Intel Mac OS X 10.8; rv:42.0) Gecko/20100101 Firefox/42.0" "www.superior-dentistry.com"
166.216.165.126 - - [06/Dec/2015:11:25:00 -0800] "GET /js/jquery-1.6.4.min.js HTTP/1.1" 404 89 "http://www.superior-dentistry.com/blog.php" "Mozilla/5.0 (Macintosh; Intel Mac OS X 10.8; rv:42.0) Gecko/20100101 Firefox/42.0" "www.superior-dentistry.com"
166.216.165.126 - - [06/Dec/2015:11:25:00 -0800] "GET /js/jquery.easing.1.3.js HTTP/1.1" 404 89 "http://www.superior-dentistry.com/blog.php" "Mozilla/5.0 (Macintosh; Intel Mac OS X 10.8; rv:42.0) Gecko/20100101 Firefox/42.0" "www.superior-dentistry.com"
166.216.165.126 - - [06/Dec/2015:11:25:00 -0800] "GET /img/contact-img.jpg HTTP/1.1" 200 83148 "http://www.superior-dentistry.com/blog.php" "Mozilla/5.0 (Macintosh; Intel Mac OS X 10.8; rv:42.0) Gecko/20100101 Firefox/42.0" "www.superior-dentistry.com"
166.216.165.126 - - [06/Dec/2015:11:25:00 -0800] "GET /images/Pattern.jpg HTTP/1.1" 404 89 "http://www.superior-dentistry.com/blog.php" "Mozilla/5.0 (Macintosh; Intel Mac OS X 10.8; rv:42.0) Gecko/20100101 Firefox/42.0" "www.superior-dentistry.com"
166.216.165.126 - - [06/Dec/2015:11:25:01 -0800] "GET /assets/flash/ZeroClipboard.swf?noCache=1449429901236 HTTP/1.1" 404 89 "http://www.superior-dentistry.com/blog.php" "Mozilla/5.0 (Macintosh; Intel Mac OS X 10.8; rv:42.0) Gecko/20100101 Firefox/42.0" "www.superior-dentistry.com"
71.244.146.111 - - [06/Dec/2015:11:38:22 -0800] "GET /fonts/fontawesome-webfont.woff2?v=4.3.0 HTTP/1.1" 304 - "http://www.superior-dentistry.com/css/font-awesome.css" "Mozilla/5.0 (Macintosh; Intel Mac OS X 10.8; rv:42.0) Gecko/20100101 Firefox/42.0" "www.superior-dentistry.com"
71.244.146.111 - - [06/Dec/2015:11:38:23 -0800] "GET /assets/flash/ZeroClipboard.swf?noCache=1449430703107 HTTP/1.1" 404 89 "http://www.superior-dentistry.com/" "Mozilla/5.0 (Macintosh; Intel Mac OS X 10.8; rv:42.0) Gecko/20100101 Firefox/42.0" "www.superior-dentistry.com"
180.76.15.152 - - [06/Dec/2015:11:42:03 -0800] "GET /Bowie-Dentists/Preventive-Dentistry-Maryland.html HTTP/1.1" 200 39411 "-" "Mozilla/5.0 (compatible; Baiduspider/2.0; +http://www.baidu.com/search/spider.html)" "www.superior-dentistry.com"
141.8.143.182 - - [06/Dec/2015:11:53:42 -0800] "GET /img/invisalign.jpg HTTP/1.1" 200 142640 "-" "Mozilla/5.0 (compatible; YandexImages/3.0; +http://yandex.com/bots)" "www.superior-dentistry.com"
66.249.64.162 - - [06/Dec/2015:12:05:51 -0800] "GET / HTTP/1.1" 200 38156 "-" "DoCoMo/2.0 N905i(c100;TB;W24H16) (compatible; Googlebot-Mobile/2.1; +http://www.google.com/bot.html)" "www.superior-dentistry.com"
208.122.6.102 - - [06/Dec/2015:12:11:50 -0800] "GET / HTTP/1.1" 200 38156 "-" "FreeWebMonitoring SiteChecker/0.2 (+http://www.freewebmonitoring.com/bot.html)" "www.superior-dentistry.com"
221.232.62.140 - - [06/Dec/2015:12:24:18 -0800] "GET /blog.php HTTP/1.1" 200 99736 "-" "Mozilla/5.0 (Windows NT 6.1; Trident/7.0; rv:11.0) like Gecko" "www.superior-dentistry.com"
221.232.62.140 - - [06/Dec/2015:12:24:21 -0800] "POST /blog.php/trackback/ HTTP/1.1" 200 99355 "http://www.superior-dentistry.com/blog.php" "Mozilla/5.0 (Windows NT 6.1; Trident/7.0; rv:11.0) like Gecko" "www.superior-dentistry.com"
91.121.101.78 - - [06/Dec/2015:12:27:37 -0800] "GET /robots.txt HTTP/1.1" 200 49 "-" "Mozilla/5.0 (compatible; MJ12bot/v1.4.5; http://www.majestic12.co.uk/bot.php?+)" "superior-dentistry.com"
91.121.101.78 - - [06/Dec/2015:12:27:40 -0800] "GET /%E2%80%9Dhttp://www.nicedentist.com HTTP/1.1" 404 89 "-" "Mozilla/5.0 (compatible; MJ12bot/v1.4.5; http://www.majestic12.co.uk/bot.php?+)" "superior-dentistry.com"
65.36.241.48 - - [06/Dec/2015:12:29:50 -0800] "HEAD / HTTP/1.1" 200 0 "-" "InternetSeer.com" "www.superior-dentistry.com"
66.249.64.168 - - [06/Dec/2015:12:40:21 -0800] "GET /images/pinterest.png HTTP/1.1" 404 89 "-" "Googlebot-Image/1.0" "www.superior-dentistry.com"
208.115.113.85 - - [06/Dec/2015:12:44:09 -0800] "GET /Dentist-Bowie-MD/?S=A HTTP/1.1" 200 1706 "-" "Mozilla/5.0 (compatible; DotBot/1.1; http://www.opensiteexplorer.org/dotbot, help@moz.com)" "www.superior-dentistry.com"
61.135.190.105 - - [06/Dec/2015:13:02:47 -0800] "GET / HTTP/1.1" 200 38156 "http://www.baidu.com/s?wd=SuperiorDentistry%7CBowieMD" "Mozilla/5.0 (Linux; Android 4.1.1; Nexus 7 Build/JRO03D) AppleWebKit/535.19 (KHTML, like Gecko) Chrome/18.0.1025.166  Safari/535.19" "superior-dentistry.com"
61.135.190.103 - - [06/Dec/2015:13:02:50 -0800] "GET / HTTP/1.1" 200 38156 "http://www.baidu.com/s?wd=SuperiorDentistry%7CBowieMD" "Mozilla/5.0 (Windows NT 6.1; WOW64) AppleWebKit/537.36 (KHTML, like Gecko) Chrome/36.0.1985.143 Safari/537.36" "superior-dentistry.com"
61.135.190.102 - - [06/Dec/2015:13:02:50 -0800] "GET /js/ie-emulation-modes-warning.js HTTP/1.1" 200 2132 "http://superior-dentistry.com/" "Mozilla/5.0 (Windows NT 6.1; WOW64) AppleWebKit/537.36 (KHTML, like Gecko) Chrome/36.0.1985.143 Safari/537.36" "superior-dentistry.com"
61.135.190.105 - - [06/Dec/2015:13:02:56 -0800] "GET /js/bootstrap.min.js HTTP/1.1" 200 35601 "http://superior-dentistry.com/" "Mozilla/5.0 (Linux; Android 4.1.1; Nexus 7 Build/JRO03D) AppleWebKit/535.19 (KHTML, like Gecko) Chrome/18.0.1025.166  Safari/535.19" "superior-dentistry.com"
61.135.190.105 - - [06/Dec/2015:13:02:56 -0800] "GET /js/docs.min.js HTTP/1.1" 200 43299 "http://superior-dentistry.com/" "Mozilla/5.0 (Linux; Android 4.1.1; Nexus 7 Build/JRO03D) AppleWebKit/535.19 (KHTML, like Gecko) Chrome/18.0.1025.166  Safari/535.19" "superior-dentistry.com"
61.135.190.105 - - [06/Dec/2015:13:02:57 -0800] "GET /js/ie10-viewport-bug-workaround.js HTTP/1.1" 200 694 "http://superior-dentistry.com/" "Mozilla/5.0 (Linux; Android 4.1.1; Nexus 7 Build/JRO03D) AppleWebKit/535.19 (KHTML, like Gecko) Chrome/18.0.1025.166  Safari/535.19" "superior-dentistry.com"
61.135.190.103 - - [06/Dec/2015:13:03:02 -0800] "GET / HTTP/1.1" 200 38156 "http://www.baidu.com/s?wd=SuperiorDentistry%7CBowieMD" "Mozilla/5.0 (Windows NT 6.1; WOW64) AppleWebKit/537.36 (KHTML, like Gecko) Chrome/36.0.1985.143 Safari/537.36" "superior-dentistry.com"
61.135.190.105 - - [06/Dec/2015:13:03:25 -0800] "GET / HTTP/1.1" 200 38156 "http://www.baidu.com/s?wd=SuperiorDentistry%7CBowieMD" "Mozilla/5.0 (iPhone; CPU iPhone OS 5_0 like Mac OS X) AppleWebKit/534.46 (KHTML, like Gecko) Version/5.1 Mobile/9A334 Safari/7534.48.3" "superior-dentistry.com"
61.135.190.222 - - [06/Dec/2015:13:03:26 -0800] "GET /js/ie-emulation-modes-warning.js HTTP/1.1" 200 2132 "http://superior-dentistry.com/" "Mozilla/5.0 (iPhone; CPU iPhone OS 5_0 like Mac OS X) AppleWebKit/534.46 (KHTML, like Gecko) Version/5.1 Mobile/9A334 Safari/7534.48.3" "superior-dentistry.com"
61.135.190.105 - - [06/Dec/2015:13:03:34 -0800] "GET /js/bootstrap.min.js HTTP/1.1" 200 35601 "http://superior-dentistry.com/" "Mozilla/5.0 (iPhone; CPU iPhone OS 5_0 like Mac OS X) AppleWebKit/534.46 (KHTML, like Gecko) Version/5.1 Mobile/9A334 Safari/7534.48.3" "superior-dentistry.com"
