69.30.234.2 - - [13/Feb/2016:17:09:18 -0800] "GET /robots.txt HTTP/1.1" 200 49 "-" "Mozilla/5.0 (compatible; MJ12bot/v1.4.5; http://www.majestic12.co.uk/bot.php?+)" "www.superior-dentistry.com"
69.30.234.2 - - [13/Feb/2016:17:09:20 -0800] "GET / HTTP/1.1" 200 38156 "-" "Mozilla/5.0 (compatible; MJ12bot/v1.4.5; http://www.majestic12.co.uk/bot.php?+)" "www.superior-dentistry.com"
206.16.134.16 - - [13/Feb/2016:17:20:45 -0800] "GET / HTTP/1.1" 200 38156 "-" "Mozilla/5.0 (Windows NT 6.1; WOW64; rv:29.0) Gecko/20120101 Firefox/29.0" "superior-dentistry.com"
206.16.134.27 - - [13/Feb/2016:17:21:09 -0800] "GET / HTTP/1.1" 200 38156 "-" "Mozilla/5.0 (Windows NT 6.1; WOW64; rv:29.0) Gecko/20120101 Firefox/29.0" "superior-dentistry.com"
207.46.13.149 - - [13/Feb/2016:17:24:02 -0800] "GET /robots.txt HTTP/1.1" 200 49 "-" "Mozilla/5.0 (compatible; bingbot/2.0; +http://www.bing.com/bingbot.htm)" "www.superior-dentistry.com"
208.122.6.102 - - [13/Feb/2016:17:28:23 -0800] "GET / HTTP/1.1" 200 38156 "-" "FreeWebMonitoring SiteChecker/0.2 (+http://www.freewebmonitoring.com/bot.html)" "www.superior-dentistry.com"
100.43.91.2 - - [13/Feb/2016:17:31:26 -0800] "GET /robots.txt HTTP/1.1" 200 49 "-" "Mozilla/5.0 (compatible; YandexBot/3.0; +http://yandex.com/bots)" "superior-dentistry.com"
130.193.51.106 - - [13/Feb/2016:17:31:30 -0800] "GET / HTTP/1.1" 200 38156 "-" "Mozilla/5.0 (compatible; YandexBot/3.0; +http://yandex.com/bots)" "superior-dentistry.com"
72.91.230.34 - - [13/Feb/2016:17:37:54 -0800] "GET /robots.txt HTTP/1.1" 200 49 "-" "Mozilla/5.0 (compatible; MJ12bot/v1.4.5; http://www.majestic12.co.uk/bot.php?+)" "www.superior-dentistry.com"
72.91.230.34 - - [13/Feb/2016:17:37:55 -0800] "GET /%E2%80%9Dhttp://www.nicedentist.com HTTP/1.1" 404 89 "-" "Mozilla/5.0 (compatible; MJ12bot/v1.4.5; http://www.majestic12.co.uk/bot.php?+)" "www.superior-dentistry.com"
108.48.148.192 - - [13/Feb/2016:17:52:05 -0800] "GET /img/slider3.jpg HTTP/1.1" 200 217901 "http://www.superior-dentistry.com/" "Mozilla/5.0 (iPhone; CPU iPhone OS 9_2_1 like Mac OS X) AppleWebKit/601.1.46 (KHTML, like Gecko) Version/9.0 Mobile/13D15 Safari/601.1" "www.superior-dentistry.com"
108.48.148.192 - - [13/Feb/2016:17:52:06 -0800] "GET /img/zocdoc-apt.jpg HTTP/1.1" 200 79396 "http://www.superior-dentistry.com/" "Mozilla/5.0 (iPhone; CPU iPhone OS 9_2_1 like Mac OS X) AppleWebKit/601.1.46 (KHTML, like Gecko) Version/9.0 Mobile/13D15 Safari/601.1" "www.superior-dentistry.com"
108.48.148.192 - - [13/Feb/2016:17:52:07 -0800] "GET /img/wisdom-teeth-extraction.jpg HTTP/1.1" 200 23758 "http://www.superior-dentistry.com/" "Mozilla/5.0 (iPhone; CPU iPhone OS 9_2_1 like Mac OS X) AppleWebKit/601.1.46 (KHTML, like Gecko) Version/9.0 Mobile/13D15 Safari/601.1" "www.superior-dentistry.com"
157.55.39.169 - - [13/Feb/2016:17:56:19 -0800] "GET /contact-us.html HTTP/1.1" 200 23726 "-" "Mozilla/5.0 (compatible; bingbot/2.0; +http://www.bing.com/bingbot.htm)" "www.superior-dentistry.com"
157.55.39.169 - - [13/Feb/2016:17:56:44 -0800] "GET /images/care6.jpg HTTP/1.1" 404 89 "-" "Mozilla/5.0 (compatible; bingbot/2.0; +http://www.bing.com/bingbot.htm)" "www.superior-dentistry.com"
207.46.13.78 - - [13/Feb/2016:18:02:39 -0800] "GET /Bowie-Dentists/images/care4.jpg HTTP/1.1" 200 357042 "-" "Mozilla/5.0 (compatible; bingbot/2.0; +http://www.bing.com/bingbot.htm)" "www.superior-dentistry.com"
141.8.143.182 - - [13/Feb/2016:18:06:33 -0800] "GET /robots.txt HTTP/1.1" 200 49 "-" "Mozilla/5.0 (compatible; YandexBot/3.0; +http://yandex.com/bots)" "www.superior-dentistry.com"
207.46.13.78 - - [13/Feb/2016:18:21:19 -0800] "GET /Dentist-Bowie-MD/js/?D=D HTTP/1.1" 200 6862 "-" "Mozilla/5.0 (compatible; bingbot/2.0; +http://www.bing.com/bingbot.htm)" "www.superior-dentistry.com"
69.30.215.106 - - [13/Feb/2016:18:40:20 -0800] "GET /%E2%80%9Dhttp://www.nicedentist.com HTTP/1.1" 404 89 "-" "Mozilla/5.0 (compatible; MJ12bot/v1.4.5; http://www.majestic12.co.uk/bot.php?+)" "www.superior-dentistry.com"
40.77.167.67 - - [13/Feb/2016:18:58:09 -0800] "GET /img/dentures.jpg HTTP/1.1" 200 126240 "-" "Mozilla/5.0 (compatible; bingbot/2.0; +http://www.bing.com/bingbot.htm)" "www.superior-dentistry.com"
208.122.6.102 - - [13/Feb/2016:19:29:20 -0800] "GET / HTTP/1.1" 200 38156 "-" "FreeWebMonitoring SiteChecker/0.2 (+http://www.freewebmonitoring.com/bot.html)" "www.superior-dentistry.com"
78.46.50.246 - - [13/Feb/2016:19:35:26 -0800] "GET /robots.txt HTTP/1.1" 200 49 "-" "Mozilla/5.0 (compatible; MJ12bot/v1.4.5; http://www.majestic12.co.uk/bot.php?+)" "superior-dentistry.com"
78.46.50.246 - - [13/Feb/2016:19:35:30 -0800] "GET /Bowie-Dentists/Periodontal-Therapy-Maryland.html HTTP/1.1" 200 40166 "-" "Mozilla/5.0 (compatible; MJ12bot/v1.4.5; http://www.majestic12.co.uk/bot.php?+)" "www.superior-dentistry.com"
78.46.50.246 - - [13/Feb/2016:19:35:32 -0800] "GET /Bowie-Dentists/Preventive-Dentistry-Maryland.html HTTP/1.1" 200 39411 "-" "Mozilla/5.0 (compatible; MJ12bot/v1.4.5; http://www.majestic12.co.uk/bot.php?+)" "www.superior-dentistry.com"
78.46.50.246 - - [13/Feb/2016:19:35:34 -0800] "GET /Dentist-Bowie-MD/Dental-Implants-Maryland-MD.html HTTP/1.1" 200 33055 "-" "Mozilla/5.0 (compatible; MJ12bot/v1.4.5; http://www.majestic12.co.uk/bot.php?+)" "www.superior-dentistry.com"
108.48.148.192 - - [13/Feb/2016:19:53:15 -0800] "GET /img/patients-choice-winner-2015.png HTTP/1.1" 200 9818 "http://www.superior-dentistry.com/" "Mozilla/5.0 (iPhone; CPU iPhone OS 9_2_1 like Mac OS X) AppleWebKit/601.1.46 (KHTML, like Gecko) Version/9.0 Mobile/13D15 Safari/601.1" "www.superior-dentistry.com"
108.48.148.192 - - [13/Feb/2016:19:53:15 -0800] "GET /img/offer-31-05-2014-whitening.jpg HTTP/1.1" 200 15686 "http://www.superior-dentistry.com/" "Mozilla/5.0 (iPhone; CPU iPhone OS 9_2_1 like Mac OS X) AppleWebKit/601.1.46 (KHTML, like Gecko) Version/9.0 Mobile/13D15 Safari/601.1" "www.superior-dentistry.com"
108.48.148.192 - - [13/Feb/2016:19:53:15 -0800] "GET /img/jaw-surgery.jpg HTTP/1.1" 200 27058 "http://www.superior-dentistry.com/" "Mozilla/5.0 (iPhone; CPU iPhone OS 9_2_1 like Mac OS X) AppleWebKit/601.1.46 (KHTML, like Gecko) Version/9.0 Mobile/13D15 Safari/601.1" "www.superior-dentistry.com"
108.48.148.192 - - [13/Feb/2016:19:53:15 -0800] "GET /img/offer-31-05-2014-sonicare-brush.jpg HTTP/1.1" 200 13165 "http://www.superior-dentistry.com/" "Mozilla/5.0 (iPhone; CPU iPhone OS 9_2_1 like Mac OS X) AppleWebKit/601.1.46 (KHTML, like Gecko) Version/9.0 Mobile/13D15 Safari/601.1" "www.superior-dentistry.com"
108.48.148.192 - - [13/Feb/2016:19:53:15 -0800] "GET /img/dental-implants.jpg HTTP/1.1" 200 22844 "http://www.superior-dentistry.com/" "Mozilla/5.0 (iPhone; CPU iPhone OS 9_2_1 like Mac OS X) AppleWebKit/601.1.46 (KHTML, like Gecko) Version/9.0 Mobile/13D15 Safari/601.1" "www.superior-dentistry.com"
108.48.148.192 - - [13/Feb/2016:19:53:15 -0800] "GET /img/slider3.jpg HTTP/1.1" 200 217901 "http://www.superior-dentistry.com/" "Mozilla/5.0 (iPhone; CPU iPhone OS 9_2_1 like Mac OS X) AppleWebKit/601.1.46 (KHTML, like Gecko) Version/9.0 Mobile/13D15 Safari/601.1" "www.superior-dentistry.com"
69.30.198.178 - - [13/Feb/2016:19:53:27 -0800] "GET /%E2%80%9Dhttp://www.nicedentist.com HTTP/1.1" 404 89 "-" "Mozilla/5.0 (compatible; MJ12bot/v1.4.5; http://www.majestic12.co.uk/bot.php?+)" "superior-dentistry.com"
180.76.15.140 - - [13/Feb/2016:19:58:31 -0800] "GET /Dentist-Bowie-MD/images/Thumbs.db HTTP/1.1" 200 770560 "-" "Mozilla/5.0 (compatible; Baiduspider/2.0; +http://www.baidu.com/search/spider.html)" "www.superior-dentistry.com"
199.16.156.125 - - [13/Feb/2016:20:02:55 -0800] "GET /robots.txt HTTP/1.1" 200 49 "-" "Twitterbot/1.0" "www.superior-dentistry.com"
199.16.156.126 - - [13/Feb/2016:20:02:55 -0800] "GET /images/logo1.jpg HTTP/1.1" 404 89 "-" "Twitterbot/1.0" "www.superior-dentistry.com"
199.16.156.124 - - [13/Feb/2016:20:02:55 -0800] "GET /images/logo1.jpg HTTP/1.1" 404 89 "-" "Twitterbot/1.0" "www.superior-dentistry.com"
199.16.156.126 - - [13/Feb/2016:20:02:55 -0800] "GET /index.php HTTP/1.1" 200 73 "-" "Twitterbot/1.0" "www.superior-dentistry.com"
65.55.210.109 - - [13/Feb/2016:20:17:34 -0800] "GET /css/font-awesome.css HTTP/1.1" 200 28747 "http://www.superior-dentistry.com/" "Mozilla/5.0 (iPhone; CPU iPhone OS 7_0 like Mac OS X) AppleWebKit/537.51.1 (KHTML, like Gecko) Version/7.0 Mobile/11A465 Safari/9537.53 BingPreview/1.0b" "www.superior-dentistry.com"
65.55.210.109 - - [13/Feb/2016:20:17:34 -0800] "GET /css/bootstrap.css HTTP/1.1" 200 138415 "http://www.superior-dentistry.com/" "Mozilla/5.0 (iPhone; CPU iPhone OS 7_0 like Mac OS X) AppleWebKit/537.51.1 (KHTML, like Gecko) Version/7.0 Mobile/11A465 Safari/9537.53 BingPreview/1.0b" "www.superior-dentistry.com"
65.55.210.109 - - [13/Feb/2016:20:17:34 -0800] "GET /css/bootstrap-theme.css HTTP/1.1" 200 19156 "http://www.superior-dentistry.com/" "Mozilla/5.0 (iPhone; CPU iPhone OS 7_0 like Mac OS X) AppleWebKit/537.51.1 (KHTML, like Gecko) Version/7.0 Mobile/11A465 Safari/9537.53 BingPreview/1.0b" "www.superior-dentistry.com"
65.55.210.109 - - [13/Feb/2016:20:17:34 -0800] "GET /theme.css HTTP/1.1" 200 1926 "http://www.superior-dentistry.com/" "Mozilla/5.0 (iPhone; CPU iPhone OS 7_0 like Mac OS X) AppleWebKit/537.51.1 (KHTML, like Gecko) Version/7.0 Mobile/11A465 Safari/9537.53 BingPreview/1.0b" "www.superior-dentistry.com"
65.55.210.109 - - [13/Feb/2016:20:17:34 -0800] "GET /js/ie-emulation-modes-warning.js HTTP/1.1" 200 2132 "http://www.superior-dentistry.com/" "Mozilla/5.0 (iPhone; CPU iPhone OS 7_0 like Mac OS X) AppleWebKit/537.51.1 (KHTML, like Gecko) Version/7.0 Mobile/11A465 Safari/9537.53 BingPreview/1.0b" "www.superior-dentistry.com"
65.55.210.109 - - [13/Feb/2016:20:17:35 -0800] "GET /img/dental-implants.jpg HTTP/1.1" 200 22844 "http://www.superior-dentistry.com/" "Mozilla/5.0 (iPhone; CPU iPhone OS 7_0 like Mac OS X) AppleWebKit/537.51.1 (KHTML, like Gecko) Version/7.0 Mobile/11A465 Safari/9537.53 BingPreview/1.0b" "www.superior-dentistry.com"
65.55.210.109 - - [13/Feb/2016:20:17:35 -0800] "GET /img/jaw-surgery.jpg HTTP/1.1" 200 27058 "http://www.superior-dentistry.com/" "Mozilla/5.0 (iPhone; CPU iPhone OS 7_0 like Mac OS X) AppleWebKit/537.51.1 (KHTML, like Gecko) Version/7.0 Mobile/11A465 Safari/9537.53 BingPreview/1.0b" "www.superior-dentistry.com"
65.55.210.109 - - [13/Feb/2016:20:17:35 -0800] "GET /fonts/fontawesome-webfont.ttf?v=4.3.0 HTTP/1.1" 200 122092 "http://www.superior-dentistry.com/" "Mozilla/5.0 (iPhone; CPU iPhone OS 7_0 like Mac OS X) AppleWebKit/537.51.1 (KHTML, like Gecko) Version/7.0 Mobile/11A465 Safari/9537.53 BingPreview/1.0b" "www.superior-dentistry.com"
65.55.210.109 - - [13/Feb/2016:20:17:35 -0800] "GET /img/meetdr-ali.jpg HTTP/1.1" 200 60533 "http://www.superior-dentistry.com/" "Mozilla/5.0 (iPhone; CPU iPhone OS 7_0 like Mac OS X) AppleWebKit/537.51.1 (KHTML, like Gecko) Version/7.0 Mobile/11A465 Safari/9537.53 BingPreview/1.0b" "www.superior-dentistry.com"
65.55.210.109 - - [13/Feb/2016:20:17:35 -0800] "GET /img/meetdr-melika.jpg HTTP/1.1" 200 75968 "http://www.superior-dentistry.com/" "Mozilla/5.0 (iPhone; CPU iPhone OS 7_0 like Mac OS X) AppleWebKit/537.51.1 (KHTML, like Gecko) Version/7.0 Mobile/11A465 Safari/9537.53 BingPreview/1.0b" "www.superior-dentistry.com"
65.55.210.109 - - [13/Feb/2016:20:17:36 -0800] "GET /img/wisdom-teeth-extraction.jpg HTTP/1.1" 200 23758 "http://www.superior-dentistry.com/" "Mozilla/5.0 (iPhone; CPU iPhone OS 7_0 like Mac OS X) AppleWebKit/537.51.1 (KHTML, like Gecko) Version/7.0 Mobile/11A465 Safari/9537.53 BingPreview/1.0b" "www.superior-dentistry.com"
65.55.210.109 - - [13/Feb/2016:20:17:36 -0800] "GET /img/offer-31-05-2014-whitening.jpg HTTP/1.1" 200 15686 "http://www.superior-dentistry.com/" "Mozilla/5.0 (iPhone; CPU iPhone OS 7_0 like Mac OS X) AppleWebKit/537.51.1 (KHTML, like Gecko) Version/7.0 Mobile/11A465 Safari/9537.53 BingPreview/1.0b" "www.superior-dentistry.com"
65.55.210.109 - - [13/Feb/2016:20:17:36 -0800] "GET /js/docs.min.js HTTP/1.1" 200 43299 "http://www.superior-dentistry.com/" "Mozilla/5.0 (iPhone; CPU iPhone OS 7_0 like Mac OS X) AppleWebKit/537.51.1 (KHTML, like Gecko) Version/7.0 Mobile/11A465 Safari/9537.53 BingPreview/1.0b" "www.superior-dentistry.com"
65.55.210.109 - - [13/Feb/2016:20:17:37 -0800] "GET /js/ie10-viewport-bug-workaround.js HTTP/1.1" 200 694 "http://www.superior-dentistry.com/" "Mozilla/5.0 (iPhone; CPU iPhone OS 7_0 like Mac OS X) AppleWebKit/537.51.1 (KHTML, like Gecko) Version/7.0 Mobile/11A465 Safari/9537.53 BingPreview/1.0b" "www.superior-dentistry.com"
65.55.210.109 - - [13/Feb/2016:20:17:37 -0800] "GET /assets/flash/ZeroClipboard.swf?noCache=1455423457131 HTTP/1.1" 404 89 "http://www.superior-dentistry.com/assets/flash/ZeroClipboard.swf?noCache=1455423457131" "Mozilla/5.0 (iPhone; CPU iPhone OS 7_0 like Mac OS X) AppleWebKit/537.51.1 (KHTML, like Gecko) Version/7.0 Mobile/11A465 Safari/9537.53 BingPreview/1.0b" "www.superior-dentistry.com"
89.32.251.229 - - [13/Feb/2016:20:22:24 -0800] "GET / HTTP/1.1" 200 38156 "http://www.superior-dentistry.com/" "Mozilla/5.0 (Macintosh; Intel Mac OS X 10.10; rv:34.0) Gecko/20100101 Firefox/34.0" "www.superior-dentistry.com"
89.32.251.229 - - [13/Feb/2016:20:22:27 -0800] "GET /Dentist-Bowie-MD/Periodontal-Services-Maryland-MD.html HTTP/1.1" 200 19779 "http://www.superior-dentistry.com/" "Mozilla/5.0 (Macintosh; Intel Mac OS X 10.10; rv:34.0) Gecko/20100101 Firefox/34.0" "www.superior-dentistry.com"
50.17.158.63 - - [13/Feb/2016:20:55:39 -0800] "GET /Dental-Links.html HTTP/1.1" 200 27636 "-" "Mozilla/5.0 (compatible; linkdexbot/2.0; +http://www.linkdex.com/bots/)" "www.superior-dentistry.com"
54.160.31.47 - - [13/Feb/2016:21:05:17 -0800] "GET /Dentist-Bowie-MD/Tooth-Extractions-Maryland-MD.html HTTP/1.1" 200 32565 "-" "Mozilla/5.0 (compatible; linkdexbot/2.0; +http://www.linkdex.com/bots/)" "www.superior-dentistry.com"
180.76.15.159 - - [13/Feb/2016:21:06:46 -0800] "GET /theme.css HTTP/1.1" 200 1926 "-" "Mozilla/5.0 (compatible; Baiduspider/2.0; +http://www.baidu.com/search/spider.html)" "www.superior-dentistry.com"
54.160.31.47 - - [13/Feb/2016:21:22:38 -0800] "GET /Dentistry-Maryland-MD.html HTTP/1.1" 200 31039 "-" "Mozilla/5.0 (compatible; linkdexbot/2.0; +http://www.linkdex.com/bots/)" "www.superior-dentistry.com"
208.122.6.102 - - [13/Feb/2016:21:31:50 -0800] "GET / HTTP/1.1" 200 38156 "-" "FreeWebMonitoring SiteChecker/0.2 (+http://www.freewebmonitoring.com/bot.html)" "www.superior-dentistry.com"
54.160.31.47 - - [13/Feb/2016:21:34:14 -0800] "GET /Dentists-Bowie-MD.html HTTP/1.1" 200 38040 "-" "Mozilla/5.0 (compatible; linkdexbot/2.0; +http://www.linkdex.com/bots/)" "www.superior-dentistry.com"
54.89.180.186 - - [13/Feb/2016:21:47:01 -0800] "GET /blog.php HTTP/1.1" 200 99736 "-" "Mozilla/5.0 (compatible; linkdexbot/2.0; +http://www.linkdex.com/bots/)" "www.superior-dentistry.com"
65.36.241.48 - - [13/Feb/2016:21:48:38 -0800] "HEAD / HTTP/1.1" 200 0 "-" "InternetSeer.com" "www.superior-dentistry.com"
40.77.167.67 - - [13/Feb/2016:21:59:47 -0800] "GET /Dentist-Bowie-MD/Dental-Implants-Maryland-MD.html HTTP/1.1" 200 33055 "-" "Mozilla/5.0 (compatible; bingbot/2.0; +http://www.bing.com/bingbot.htm)" "www.superior-dentistry.com"
54.160.31.47 - - [13/Feb/2016:22:01:38 -0800] "GET /contact-us.html HTTP/1.1" 200 23726 "-" "Mozilla/5.0 (compatible; linkdexbot/2.0; +http://www.linkdex.com/bots/)" "www.superior-dentistry.com"
207.46.13.78 - - [13/Feb/2016:22:05:36 -0800] "GET /Dentists-Bowie-MD.html HTTP/1.1" 200 38040 "-" "Mozilla/5.0 (compatible; bingbot/2.0; +http://www.bing.com/bingbot.htm)" "www.superior-dentistry.com"
54.89.180.186 - - [13/Feb/2016:22:09:44 -0800] "GET /firstvisit.html HTTP/1.1" 200 24042 "-" "Mozilla/5.0 (compatible; linkdexbot/2.0; +http://www.linkdex.com/bots/)" "www.superior-dentistry.com"
54.89.180.186 - - [13/Feb/2016:22:15:19 -0800] "GET /Dental-Sites-We-Like.html HTTP/1.1" 200 41324 "-" "Mozilla/5.0 (compatible; linkdexbot/2.0; +http://www.linkdex.com/bots/)" "www.superior-dentistry.com"
199.16.156.126 - - [13/Feb/2016:22:16:50 -0800] "GET /robots.txt HTTP/1.1" 200 49 "-" "Twitterbot/1.0" "www.superior-dentistry.com"
199.16.156.124 - - [13/Feb/2016:22:16:51 -0800] "GET /images/logo1.jpg HTTP/1.1" 404 89 "-" "Twitterbot/1.0" "www.superior-dentistry.com"
54.89.180.186 - - [13/Feb/2016:22:22:44 -0800] "GET /Patient-Before-After-Gallery.html HTTP/1.1" 200 23787 "-" "Mozilla/5.0 (compatible; linkdexbot/2.0; +http://www.linkdex.com/bots/)" "www.superior-dentistry.com"
54.89.180.186 - - [13/Feb/2016:22:27:55 -0800] "GET / HTTP/1.1" 200 38156 "-" "Mozilla/5.0 (compatible; linkdexbot/2.0; +http://www.linkdex.com/bots/)" "superior-dentistry.com"
54.89.180.186 - - [13/Feb/2016:22:30:33 -0800] "GET /Bowie-Dentists-Sitemap.html HTTP/1.1" 200 28353 "-" "Mozilla/5.0 (compatible; linkdexbot/2.0; +http://www.linkdex.com/bots/)" "superior-dentistry.com"
54.89.180.186 - - [13/Feb/2016:22:32:51 -0800] "GET /Dental-LinkExchange.html HTTP/1.1" 200 25575 "-" "Mozilla/5.0 (compatible; linkdexbot/2.0; +http://www.linkdex.com/bots/)" "superior-dentistry.com"
54.89.180.186 - - [13/Feb/2016:22:38:04 -0800] "GET /Dental-Links.html HTTP/1.1" 200 27636 "-" "Mozilla/5.0 (compatible; linkdexbot/2.0; +http://www.linkdex.com/bots/)" "superior-dentistry.com"
54.89.180.186 - - [13/Feb/2016:22:40:47 -0800] "GET /Dental-Sites-We-Like.html HTTP/1.1" 200 41324 "-" "Mozilla/5.0 (compatible; linkdexbot/2.0; +http://www.linkdex.com/bots/)" "superior-dentistry.com"
54.160.31.47 - - [13/Feb/2016:23:25:30 -0800] "GET / HTTP/1.1" 200 38156 "-" "Mozilla/5.0 (compatible; linkdexbot/2.0; +http://www.linkdex.com/bots/)" "superior-dentistry.com"
208.122.6.102 - - [13/Feb/2016:23:34:02 -0800] "GET / HTTP/1.1" 200 38156 "-" "FreeWebMonitoring SiteChecker/0.2 (+http://www.freewebmonitoring.com/bot.html)" "www.superior-dentistry.com"
193.111.140.106 - - [13/Feb/2016:23:55:44 -0800] "GET /robots.txt HTTP/1.1" 200 49 "-" "Mozilla/5.0 (compatible; MJ12bot/v1.4.5; http://www.majestic12.co.uk/bot.php?+)" "www.superior-dentistry.com"
193.111.140.106 - - [13/Feb/2016:23:55:46 -0800] "GET /%E2%80%9Dhttp://www.nicedentist.com HTTP/1.1" 404 89 "-" "Mozilla/5.0 (compatible; MJ12bot/v1.4.5; http://www.majestic12.co.uk/bot.php?+)" "www.superior-dentistry.com"
208.122.6.102 - - [14/Feb/2016:00:34:51 -0800] "GET / HTTP/1.1" 200 38156 "-" "FreeWebMonitoring SiteChecker/0.2 (+http://www.freewebmonitoring.com/bot.html)" "www.superior-dentistry.com"
204.79.180.145 - - [14/Feb/2016:00:50:02 -0800] "GET /firstvisit.html HTTP/1.1" 200 24042 "-" "Mozilla/5.0 (compatible; MSIE 9.0; Windows NT 6.0; Trident/5.0;  Trident/5.0)" "www.superior-dentistry.com"
204.79.180.183 - - [14/Feb/2016:00:50:02 -0800] "GET /css/bootstrap-theme.css HTTP/1.1" 200 19156 "http://www.superior-dentistry.com/firstvisit.html" "Mozilla/5.0 (compatible; MSIE 9.0; Windows NT 6.0; Trident/5.0;  Trident/5.0)" "www.superior-dentistry.com"
204.79.180.174 - - [14/Feb/2016:00:50:03 -0800] "GET /css/bootstrap.css HTTP/1.1" 200 138415 "http://www.superior-dentistry.com/firstvisit.html" "Mozilla/5.0 (compatible; MSIE 9.0; Windows NT 6.0; Trident/5.0;  Trident/5.0)" "www.superior-dentistry.com"
204.79.180.15 - - [14/Feb/2016:00:50:03 -0800] "GET /css/font-awesome.css HTTP/1.1" 200 28747 "http://www.superior-dentistry.com/firstvisit.html" "Mozilla/5.0 (compatible; MSIE 9.0; Windows NT 6.0; Trident/5.0;  Trident/5.0)" "www.superior-dentistry.com"
204.79.180.221 - - [14/Feb/2016:00:50:03 -0800] "GET /css/procedure-thumb.css HTTP/1.1" 200 2005 "http://www.superior-dentistry.com/firstvisit.html" "Mozilla/5.0 (compatible; MSIE 9.0; Windows NT 6.0; Trident/5.0;  Trident/5.0)" "www.superior-dentistry.com"
204.79.180.79 - - [14/Feb/2016:00:50:24 -0800] "GET /theme.css HTTP/1.1" 200 1926 "http://www.superior-dentistry.com/firstvisit.html" "Mozilla/5.0 (compatible; MSIE 9.0; Windows NT 6.0; Trident/5.0;  Trident/5.0)" "www.superior-dentistry.com"
204.79.180.18 - - [14/Feb/2016:00:50:24 -0800] "GET /js/ie-emulation-modes-warning.js HTTP/1.1" 200 2132 "http://www.superior-dentistry.com/firstvisit.html" "Mozilla/5.0 (compatible; MSIE 9.0; Windows NT 6.0; Trident/5.0;  Trident/5.0)" "www.superior-dentistry.com"
204.79.180.22 - - [14/Feb/2016:00:50:24 -0800] "GET /js/docs.min.js HTTP/1.1" 200 43299 "http://www.superior-dentistry.com/firstvisit.html" "Mozilla/5.0 (compatible; MSIE 9.0; Windows NT 6.0; Trident/5.0;  Trident/5.0)" "www.superior-dentistry.com"
204.79.180.42 - - [14/Feb/2016:00:50:25 -0800] "GET /js/ie10-viewport-bug-workaround.js HTTP/1.1" 200 694 "http://www.superior-dentistry.com/firstvisit.html" "Mozilla/5.0 (compatible; MSIE 9.0; Windows NT 6.0; Trident/5.0;  Trident/5.0)" "www.superior-dentistry.com"
204.79.180.215 - - [14/Feb/2016:00:50:25 -0800] "GET /js/bootstrap.min.js HTTP/1.1" 200 35601 "http://www.superior-dentistry.com/firstvisit.html" "Mozilla/5.0 (compatible; MSIE 9.0; Windows NT 6.0; Trident/5.0;  Trident/5.0)" "www.superior-dentistry.com"
208.122.6.102 - - [14/Feb/2016:01:35:33 -0800] "GET / HTTP/1.1" 200 38156 "-" "FreeWebMonitoring SiteChecker/0.2 (+http://www.freewebmonitoring.com/bot.html)" "www.superior-dentistry.com"
97.86.109.69 - - [14/Feb/2016:01:41:49 -0800] "GET / HTTP/1.1" 200 38156 "-" "Mozilla/5.0 (X11; Linux x86_64) AppleWebKit/537.36 (KHTML, like Gecko) Ubuntu Chromium/28.0.1500.71 Chrome/28.0.1500.71 Safari/537.36" "www.superior-dentistry.com"
174.129.237.157 - - [14/Feb/2016:01:43:35 -0800] "GET /robots.txt HTTP/1.1" 200 49 "-" "ia_archiver" "www.superior-dentistry.com"
174.129.237.157 - - [14/Feb/2016:01:43:35 -0800] "GET /Dental-Sites-We-Like.html HTTP/1.1" 200 41324 "-" "ia_archiver" "www.superior-dentistry.com"
100.43.85.21 - - [14/Feb/2016:01:46:54 -0800] "GET /robots.txt HTTP/1.1" 200 49 "-" "Mozilla/5.0 (compatible; YandexBot/3.0; +http://yandex.com/bots)" "www.superior-dentistry.com"
169.55.230.181 - - [14/Feb/2016:01:47:05 -0800] "GET /robots.txt HTTP/1.1" 200 49 "-" "WeSEE" "superior-dentistry.com"
159.8.234.183 - - [14/Feb/2016:01:48:16 -0800] "GET / HTTP/1.1" 200 38156 "-" "WeSEE_Bot:we_help_monitize_your_site (http://www.wesee.com/bot/)" "superior-dentistry.com"
159.8.234.183 - - [14/Feb/2016:01:48:18 -0800] "GET / HTTP/1.1" 200 38156 "-" "WeSEE_Bot:we_help_monitize_your_site (http://www.wesee.com/bot/)" "superior-dentistry.com"
159.8.234.183 - - [14/Feb/2016:01:48:18 -0800] "GET /theme.css HTTP/1.1" 200 1926 "http://superior-dentistry.com/" "WeSEE_Bot:we_help_monitize_your_site (http://www.wesee.com/bot/)" "superior-dentistry.com"
159.8.234.183 - - [14/Feb/2016:01:48:18 -0800] "GET /css/bootstrap-theme.css HTTP/1.1" 200 19156 "http://superior-dentistry.com/" "WeSEE_Bot:we_help_monitize_your_site (http://www.wesee.com/bot/)" "superior-dentistry.com"
159.8.234.183 - - [14/Feb/2016:01:48:18 -0800] "GET /css/bootstrap.css HTTP/1.1" 200 138415 "http://superior-dentistry.com/" "WeSEE_Bot:we_help_monitize_your_site (http://www.wesee.com/bot/)" "superior-dentistry.com"
159.8.234.183 - - [14/Feb/2016:01:48:18 -0800] "GET /js/ie-emulation-modes-warning.js HTTP/1.1" 200 2132 "http://superior-dentistry.com/" "WeSEE_Bot:we_help_monitize_your_site (http://www.wesee.com/bot/)" "superior-dentistry.com"
159.8.234.183 - - [14/Feb/2016:01:48:18 -0800] "GET /css/font-awesome.css HTTP/1.1" 200 28747 "http://superior-dentistry.com/" "WeSEE_Bot:we_help_monitize_your_site (http://www.wesee.com/bot/)" "superior-dentistry.com"
159.8.234.183 - - [14/Feb/2016:01:48:18 -0800] "GET /js/bootstrap.min.js HTTP/1.1" 200 35601 "http://superior-dentistry.com/" "WeSEE_Bot:we_help_monitize_your_site (http://www.wesee.com/bot/)" "superior-dentistry.com"
159.8.234.183 - - [14/Feb/2016:01:48:18 -0800] "GET /js/docs.min.js HTTP/1.1" 200 43299 "http://superior-dentistry.com/" "WeSEE_Bot:we_help_monitize_your_site (http://www.wesee.com/bot/)" "superior-dentistry.com"
159.8.234.183 - - [14/Feb/2016:01:48:18 -0800] "GET /js/ie10-viewport-bug-workaround.js HTTP/1.1" 200 694 "http://superior-dentistry.com/" "WeSEE_Bot:we_help_monitize_your_site (http://www.wesee.com/bot/)" "superior-dentistry.com"
159.8.234.183 - - [14/Feb/2016:01:48:19 -0800] "GET /img/oral-pathology.jpg HTTP/1.1" 200 33395 "http://superior-dentistry.com/" "WeSEE_Bot:we_help_monitize_your_site (http://www.wesee.com/bot/)" "superior-dentistry.com"
159.8.234.183 - - [14/Feb/2016:01:48:19 -0800] "GET /img/dental-implants.jpg HTTP/1.1" 200 22844 "http://superior-dentistry.com/" "WeSEE_Bot:we_help_monitize_your_site (http://www.wesee.com/bot/)" "superior-dentistry.com"
159.8.234.183 - - [14/Feb/2016:01:48:19 -0800] "GET /img/jaw-surgery.jpg HTTP/1.1" 200 27058 "http://superior-dentistry.com/" "WeSEE_Bot:we_help_monitize_your_site (http://www.wesee.com/bot/)" "superior-dentistry.com"
159.8.234.183 - - [14/Feb/2016:01:48:19 -0800] "GET /img/extraction.jpg HTTP/1.1" 200 30135 "http://superior-dentistry.com/" "WeSEE_Bot:we_help_monitize_your_site (http://www.wesee.com/bot/)" "superior-dentistry.com"
159.8.234.183 - - [14/Feb/2016:01:48:19 -0800] "GET /img/logo.jpg HTTP/1.1" 200 139628 "http://superior-dentistry.com/" "WeSEE_Bot:we_help_monitize_your_site (http://www.wesee.com/bot/)" "superior-dentistry.com"
159.8.234.183 - - [14/Feb/2016:01:48:19 -0800] "GET /img/wisdom-teeth-extraction.jpg HTTP/1.1" 200 23758 "http://superior-dentistry.com/" "WeSEE_Bot:we_help_monitize_your_site (http://www.wesee.com/bot/)" "superior-dentistry.com"
159.8.234.183 - - [14/Feb/2016:01:48:19 -0800] "GET /img/tmj-trauma.jpg HTTP/1.1" 200 22488 "http://superior-dentistry.com/" "WeSEE_Bot:we_help_monitize_your_site (http://www.wesee.com/bot/)" "superior-dentistry.com"
159.8.234.183 - - [14/Feb/2016:01:48:19 -0800] "GET /img/offer-31-05-2014-sonicare-brush.jpg HTTP/1.1" 200 13165 "http://superior-dentistry.com/" "WeSEE_Bot:we_help_monitize_your_site (http://www.wesee.com/bot/)" "superior-dentistry.com"
159.8.234.183 - - [14/Feb/2016:01:48:19 -0800] "GET /img/meetdr-melika.jpg HTTP/1.1" 200 75968 "http://superior-dentistry.com/" "WeSEE_Bot:we_help_monitize_your_site (http://www.wesee.com/bot/)" "superior-dentistry.com"
159.8.234.183 - - [14/Feb/2016:01:48:19 -0800] "GET /img/meetdr-ali.jpg HTTP/1.1" 200 60533 "http://superior-dentistry.com/" "WeSEE_Bot:we_help_monitize_your_site (http://www.wesee.com/bot/)" "superior-dentistry.com"
159.8.234.183 - - [14/Feb/2016:01:48:19 -0800] "GET /img/slider1.jpg HTTP/1.1" 200 268888 "http://superior-dentistry.com/" "WeSEE_Bot:we_help_monitize_your_site (http://www.wesee.com/bot/)" "superior-dentistry.com"
159.8.234.183 - - [14/Feb/2016:01:48:19 -0800] "GET /img/slider2.jpg HTTP/1.1" 200 345766 "http://superior-dentistry.com/" "WeSEE_Bot:we_help_monitize_your_site (http://www.wesee.com/bot/)" "superior-dentistry.com"
159.8.234.183 - - [14/Feb/2016:01:48:19 -0800] "GET /img/slider3.jpg HTTP/1.1" 200 217901 "http://superior-dentistry.com/" "WeSEE_Bot:we_help_monitize_your_site (http://www.wesee.com/bot/)" "superior-dentistry.com"
159.8.234.183 - - [14/Feb/2016:01:48:19 -0800] "GET /img/offer-31-05-2014-whitening.jpg HTTP/1.1" 200 15686 "http://superior-dentistry.com/" "WeSEE_Bot:we_help_monitize_your_site (http://www.wesee.com/bot/)" "superior-dentistry.com"
159.8.234.183 - - [14/Feb/2016:01:48:19 -0800] "GET /img/offer-31-05-2014-new-patient.jpg HTTP/1.1" 200 15365 "http://superior-dentistry.com/" "WeSEE_Bot:we_help_monitize_your_site (http://www.wesee.com/bot/)" "superior-dentistry.com"
159.8.234.183 - - [14/Feb/2016:01:48:19 -0800] "GET /img/patients-choice-winner-2015.png HTTP/1.1" 200 9818 "http://superior-dentistry.com/" "WeSEE_Bot:we_help_monitize_your_site (http://www.wesee.com/bot/)" "superior-dentistry.com"
159.8.234.183 - - [14/Feb/2016:01:48:19 -0800] "GET /fonts/fontawesome-webfont.woff?v=4.3.0 HTTP/1.1" 200 71508 "http://superior-dentistry.com/" "WeSEE_Bot:we_help_monitize_your_site (http://www.wesee.com/bot/)" "superior-dentistry.com"
159.8.234.183 - - [14/Feb/2016:01:48:20 -0800] "GET /img/zocdoc-apt.jpg HTTP/1.1" 200 79396 "http://superior-dentistry.com/" "WeSEE_Bot:we_help_monitize_your_site (http://www.wesee.com/bot/)" "www.superior-dentistry.com"
159.8.232.219 - - [14/Feb/2016:01:48:36 -0800] "GET /img/meetdr-melika.jpg HTTP/1.1" 200 75968 "-" "WeSEE_Bot:we_help_monitize_your_site (http://www.wesee.com/bot/)" "superior-dentistry.com"
159.8.232.219 - - [14/Feb/2016:01:48:36 -0800] "GET /img/offer-31-05-2014-new-patient.jpg HTTP/1.1" 200 15365 "-" "WeSEE_Bot:we_help_monitize_your_site (http://www.wesee.com/bot/)" "superior-dentistry.com"
159.8.232.219 - - [14/Feb/2016:01:48:36 -0800] "GET /img/offer-31-05-2014-sonicare-brush.jpg HTTP/1.1" 200 13165 "-" "WeSEE_Bot:we_help_monitize_your_site (http://www.wesee.com/bot/)" "superior-dentistry.com"
159.8.232.219 - - [14/Feb/2016:01:48:36 -0800] "GET /img/meetdr-ali.jpg HTTP/1.1" 200 60533 "-" "WeSEE_Bot:we_help_monitize_your_site (http://www.wesee.com/bot/)" "superior-dentistry.com"
159.8.232.219 - - [14/Feb/2016:01:48:36 -0800] "GET /img/offer-31-05-2014-whitening.jpg HTTP/1.1" 200 15686 "-" "WeSEE_Bot:we_help_monitize_your_site (http://www.wesee.com/bot/)" "superior-dentistry.com"
52.71.155.178 - - [14/Feb/2016:01:53:07 -0800] "GET / HTTP/1.1" 200 38156 "-" "Mozilla/5.0 (Macintosh; Intel Mac OS X 10_10_1) AppleWebKit/600.1.25 (KHTML, like Gecko) Version/8.0 Safari/600.1.25" "superior-dentistry.com"
100.43.91.29 - - [14/Feb/2016:02:02:19 -0800] "GET /Bowie-Dentists/Periodontal-Therapy-Maryland.html HTTP/1.1" 200 40166 "-" "Mozilla/5.0 (compatible; YandexBot/3.0; +http://yandex.com/bots)" "www.superior-dentistry.com"
204.79.180.169 - - [14/Feb/2016:02:29:37 -0800] "GET /firstvisit.html HTTP/1.1" 200 24042 "-" "Mozilla/5.0 (compatible; MSIE 9.0; Windows NT 6.0; Trident/5.0;  Trident/5.0)" "www.superior-dentistry.com"
204.79.180.53 - - [14/Feb/2016:02:29:38 -0800] "GET /css/bootstrap-theme.css HTTP/1.1" 200 19156 "http://www.superior-dentistry.com/firstvisit.html" "Mozilla/5.0 (compatible; MSIE 9.0; Windows NT 6.0; Trident/5.0;  Trident/5.0)" "www.superior-dentistry.com"
204.79.180.111 - - [14/Feb/2016:02:29:38 -0800] "GET /css/bootstrap.css HTTP/1.1" 200 138415 "http://www.superior-dentistry.com/firstvisit.html" "Mozilla/5.0 (compatible; MSIE 9.0; Windows NT 6.0; Trident/5.0;  Trident/5.0)" "www.superior-dentistry.com"
204.79.180.180 - - [14/Feb/2016:02:29:38 -0800] "GET /css/font-awesome.css HTTP/1.1" 200 28747 "http://www.superior-dentistry.com/firstvisit.html" "Mozilla/5.0 (compatible; MSIE 9.0; Windows NT 6.0; Trident/5.0;  Trident/5.0)" "www.superior-dentistry.com"
204.79.180.243 - - [14/Feb/2016:02:29:38 -0800] "GET /theme.css HTTP/1.1" 200 1926 "http://www.superior-dentistry.com/firstvisit.html" "Mozilla/5.0 (compatible; MSIE 9.0; Windows NT 6.0; Trident/5.0;  Trident/5.0)" "www.superior-dentistry.com"
204.79.180.160 - - [14/Feb/2016:02:29:38 -0800] "GET /css/procedure-thumb.css HTTP/1.1" 200 2005 "http://www.superior-dentistry.com/firstvisit.html" "Mozilla/5.0 (compatible; MSIE 9.0; Windows NT 6.0; Trident/5.0;  Trident/5.0)" "www.superior-dentistry.com"
204.79.180.113 - - [14/Feb/2016:02:29:39 -0800] "GET /js/ie-emulation-modes-warning.js HTTP/1.1" 200 2132 "http://www.superior-dentistry.com/firstvisit.html" "Mozilla/5.0 (compatible; MSIE 9.0; Windows NT 6.0; Trident/5.0;  Trident/5.0)" "www.superior-dentistry.com"
204.79.180.106 - - [14/Feb/2016:02:29:42 -0800] "GET /js/docs.min.js HTTP/1.1" 200 43299 "http://www.superior-dentistry.com/firstvisit.html" "Mozilla/5.0 (compatible; MSIE 9.0; Windows NT 6.0; Trident/5.0;  Trident/5.0)" "www.superior-dentistry.com"
204.79.180.190 - - [14/Feb/2016:02:29:42 -0800] "GET /js/ie10-viewport-bug-workaround.js HTTP/1.1" 200 694 "http://www.superior-dentistry.com/firstvisit.html" "Mozilla/5.0 (compatible; MSIE 9.0; Windows NT 6.0; Trident/5.0;  Trident/5.0)" "www.superior-dentistry.com"
204.79.180.56 - - [14/Feb/2016:02:29:44 -0800] "GET /assets/flash/ZeroClipboard.swf?noCache=1455445783669 HTTP/1.1" 404 89 "http://www.superior-dentistry.com/firstvisit.html" "Mozilla/5.0 (compatible; MSIE 9.0; Windows NT 6.0; Trident/5.0;  Trident/5.0)" "www.superior-dentistry.com"
157.55.39.169 - - [14/Feb/2016:02:35:09 -0800] "GET /robots.txt HTTP/1.1" 200 49 "-" "Mozilla/5.0 (compatible; bingbot/2.0; +http://www.bing.com/bingbot.htm)" "www.superior-dentistry.com"
208.122.6.102 - - [14/Feb/2016:02:37:41 -0800] "GET / HTTP/1.1" 200 38156 "-" "FreeWebMonitoring SiteChecker/0.2 (+http://www.freewebmonitoring.com/bot.html)" "www.superior-dentistry.com"
54.83.2.253 - - [14/Feb/2016:03:01:35 -0800] "GET /robots.txt HTTP/1.1" 200 49 "-" "Mozilla/5.0 (compatible; MSIE 9.0; Windows NT 6.1; WOW64; Trident/5.0)" "superior-dentistry.com"
138.201.16.80 - - [14/Feb/2016:03:07:32 -0800] "GET / HTTP/1.1" 200 38156 "-" "Mozilla/5.0 (Windows; U; Windows NT 5.1; ru; rv:1.9.0.1) Gecko/2008070208" "superior-dentistry.com"
52.3.146.92 - - [14/Feb/2016:03:36:05 -0800] "GET /robots.txt HTTP/1.1" 200 49 "-" "Thumbtack-Thunderdome/1.0" "www.superior-dentistry.com"
52.3.146.92 - - [14/Feb/2016:03:36:05 -0800] "GET / HTTP/1.1" 200 38156 "-" "Thumbtack-Thunderdome/1.0" "www.superior-dentistry.com"
52.3.146.92 - - [14/Feb/2016:03:36:06 -0800] "GET /index.html HTTP/1.1" 200 38156 "-" "Thumbtack-Thunderdome/1.0" "www.superior-dentistry.com"
52.3.146.92 - - [14/Feb/2016:03:36:08 -0800] "GET /meet-staff.html HTTP/1.1" 200 22166 "-" "Thumbtack-Thunderdome/1.0" "www.superior-dentistry.com"
52.3.146.92 - - [14/Feb/2016:03:36:09 -0800] "GET /services.html HTTP/1.1" 200 34114 "-" "Thumbtack-Thunderdome/1.0" "www.superior-dentistry.com"
52.3.146.92 - - [14/Feb/2016:03:36:11 -0800] "GET /firstvisit.html HTTP/1.1" 200 24042 "-" "Thumbtack-Thunderdome/1.0" "www.superior-dentistry.com"
52.3.146.92 - - [14/Feb/2016:03:36:12 -0800] "GET /Patient-Before-After-Gallery.html HTTP/1.1" 200 23787 "-" "Thumbtack-Thunderdome/1.0" "www.superior-dentistry.com"
52.3.146.92 - - [14/Feb/2016:03:36:14 -0800] "GET /blog.php HTTP/1.1" 200 99736 "-" "Thumbtack-Thunderdome/1.0" "www.superior-dentistry.com"
52.3.146.92 - - [14/Feb/2016:03:36:15 -0800] "GET /contact-us.html HTTP/1.1" 200 23726 "-" "Thumbtack-Thunderdome/1.0" "www.superior-dentistry.com"
52.3.146.92 - - [14/Feb/2016:03:36:16 -0800] "GET /Dentistry-Maryland-MD.html HTTP/1.1" 200 31039 "-" "Thumbtack-Thunderdome/1.0" "www.superior-dentistry.com"
52.3.146.92 - - [14/Feb/2016:03:36:17 -0800] "GET /contact-us.php HTTP/1.1" 200 73 "-" "Thumbtack-Thunderdome/1.0" "www.superior-dentistry.com"
52.3.146.92 - - [14/Feb/2016:03:36:18 -0800] "GET /firstvisit.php HTTP/1.1" 200 73 "-" "Thumbtack-Thunderdome/1.0" "www.superior-dentistry.com"
52.3.146.92 - - [14/Feb/2016:03:36:19 -0800] "GET /testimonials.html HTTP/1.1" 200 24783 "-" "Thumbtack-Thunderdome/1.0" "www.superior-dentistry.com"
52.3.146.92 - - [14/Feb/2016:03:36:20 -0800] "GET /testimonial.html HTTP/1.1" 404 89 "-" "Thumbtack-Thunderdome/1.0" "www.superior-dentistry.com"
52.3.146.92 - - [14/Feb/2016:03:36:21 -0800] "GET /services.php HTTP/1.1" 200 73 "-" "Thumbtack-Thunderdome/1.0" "www.superior-dentistry.com"
52.3.146.92 - - [14/Feb/2016:03:36:22 -0800] "GET /Dentist-Bowie-MD/Dental-Implants-Maryland-MD.html HTTP/1.1" 200 33055 "-" "Thumbtack-Thunderdome/1.0" "www.superior-dentistry.com"
52.3.146.92 - - [14/Feb/2016:03:36:24 -0800] "GET /Dentists-Bowie-MD.html HTTP/1.1" 200 38040 "-" "Thumbtack-Thunderdome/1.0" "www.superior-dentistry.com"
52.3.146.92 - - [14/Feb/2016:03:36:25 -0800] "GET /index.php HTTP/1.1" 200 73 "-" "Thumbtack-Thunderdome/1.0" "www.superior-dentistry.com"
52.3.146.92 - - [14/Feb/2016:03:36:26 -0800] "GET /Dental-Links.html HTTP/1.1" 200 27636 "-" "Thumbtack-Thunderdome/1.0" "www.superior-dentistry.com"
52.3.146.92 - - [14/Feb/2016:03:36:27 -0800] "GET /meet-staff.php HTTP/1.1" 200 73 "-" "Thumbtack-Thunderdome/1.0" "www.superior-dentistry.com"
52.3.146.92 - - [14/Feb/2016:03:36:29 -0800] "GET /dental-implants.html HTTP/1.1" 404 89 "-" "Thumbtack-Thunderdome/1.0" "www.superior-dentistry.com"
52.3.146.92 - - [14/Feb/2016:03:36:30 -0800] "GET /wisdom-teeth.html HTTP/1.1" 404 89 "-" "Thumbtack-Thunderdome/1.0" "www.superior-dentistry.com"
52.3.146.92 - - [14/Feb/2016:03:36:31 -0800] "GET /extractions.html HTTP/1.1" 404 89 "-" "Thumbtack-Thunderdome/1.0" "www.superior-dentistry.com"
52.3.146.92 - - [14/Feb/2016:03:36:32 -0800] "GET /orthognathic-jaw-surgery.html HTTP/1.1" 404 89 "-" "Thumbtack-Thunderdome/1.0" "www.superior-dentistry.com"
52.3.146.92 - - [14/Feb/2016:03:36:33 -0800] "GET /oral-pathology.html HTTP/1.1" 404 89 "-" "Thumbtack-Thunderdome/1.0" "www.superior-dentistry.com"
52.3.146.92 - - [14/Feb/2016:03:36:34 -0800] "GET /tmj-disorder.html HTTP/1.1" 404 89 "-" "Thumbtack-Thunderdome/1.0" "www.superior-dentistry.com"
52.3.146.92 - - [14/Feb/2016:03:36:35 -0800] "GET /treatment.php HTTP/1.1" 200 21262 "-" "Thumbtack-Thunderdome/1.0" "www.superior-dentistry.com"
52.3.146.92 - - [14/Feb/2016:03:36:36 -0800] "GET /patient.html HTTP/1.1" 404 89 "-" "Thumbtack-Thunderdome/1.0" "www.superior-dentistry.com"
52.3.146.92 - - [14/Feb/2016:03:36:37 -0800] "GET /aboutus.html HTTP/1.1" 404 89 "-" "Thumbtack-Thunderdome/1.0" "www.superior-dentistry.com"
52.3.146.92 - - [14/Feb/2016:03:36:38 -0800] "GET /Dentist-Bowie-MD/Tooth-Extractions-Maryland-MD.html HTTP/1.1" 200 32565 "-" "Thumbtack-Thunderdome/1.0" "www.superior-dentistry.com"
52.3.146.92 - - [14/Feb/2016:03:36:40 -0800] "GET /Dentist.html HTTP/1.1" 404 89 "-" "Thumbtack-Thunderdome/1.0" "www.superior-dentistry.com"
52.3.146.92 - - [14/Feb/2016:03:36:41 -0800] "GET /Dentist-Bowie-MD/Periodontal-Services-Maryland-MD.html HTTP/1.1" 200 19779 "-" "Thumbtack-Thunderdome/1.0" "www.superior-dentistry.com"
208.122.6.102 - - [14/Feb/2016:03:38:25 -0800] "GET / HTTP/1.1" 200 38156 "-" "FreeWebMonitoring SiteChecker/0.2 (+http://www.freewebmonitoring.com/bot.html)" "www.superior-dentistry.com"
108.28.146.31 - - [14/Feb/2016:04:26:02 -0800] "GET /css/bootstrap.css HTTP/1.1" 200 138415 "http://www.superior-dentistry.com/" "Mozilla/5.0 (Windows NT 6.1; WOW64) AppleWebKit/537.36 (KHTML, like Gecko) Chrome/48.0.2564.109 Safari/537.36" "www.superior-dentistry.com"
108.28.146.31 - - [14/Feb/2016:04:26:02 -0800] "GET /theme.css HTTP/1.1" 200 1926 "http://www.superior-dentistry.com/" "Mozilla/5.0 (Windows NT 6.1; WOW64) AppleWebKit/537.36 (KHTML, like Gecko) Chrome/48.0.2564.109 Safari/537.36" "www.superior-dentistry.com"
108.28.146.31 - - [14/Feb/2016:04:26:02 -0800] "GET /css/bootstrap-theme.css HTTP/1.1" 200 19156 "http://www.superior-dentistry.com/" "Mozilla/5.0 (Windows NT 6.1; WOW64) AppleWebKit/537.36 (KHTML, like Gecko) Chrome/48.0.2564.109 Safari/537.36" "www.superior-dentistry.com"
108.28.146.31 - - [14/Feb/2016:04:26:02 -0800] "GET /css/font-awesome.css HTTP/1.1" 200 28747 "http://www.superior-dentistry.com/" "Mozilla/5.0 (Windows NT 6.1; WOW64) AppleWebKit/537.36 (KHTML, like Gecko) Chrome/48.0.2564.109 Safari/537.36" "www.superior-dentistry.com"
108.28.146.31 - - [14/Feb/2016:04:26:02 -0800] "GET /js/ie-emulation-modes-warning.js HTTP/1.1" 200 2132 "http://www.superior-dentistry.com/" "Mozilla/5.0 (Windows NT 6.1; WOW64) AppleWebKit/537.36 (KHTML, like Gecko) Chrome/48.0.2564.109 Safari/537.36" "www.superior-dentistry.com"
108.28.146.31 - - [14/Feb/2016:04:26:02 -0800] "GET /img/dental-implants.jpg HTTP/1.1" 200 22844 "http://www.superior-dentistry.com/" "Mozilla/5.0 (Windows NT 6.1; WOW64) AppleWebKit/537.36 (KHTML, like Gecko) Chrome/48.0.2564.109 Safari/537.36" "www.superior-dentistry.com"
108.28.146.31 - - [14/Feb/2016:04:26:02 -0800] "GET /img/extraction.jpg HTTP/1.1" 200 30135 "http://www.superior-dentistry.com/" "Mozilla/5.0 (Windows NT 6.1; WOW64) AppleWebKit/537.36 (KHTML, like Gecko) Chrome/48.0.2564.109 Safari/537.36" "www.superior-dentistry.com"
108.28.146.31 - - [14/Feb/2016:04:26:02 -0800] "GET /img/tmj-trauma.jpg HTTP/1.1" 200 22488 "http://www.superior-dentistry.com/" "Mozilla/5.0 (Windows NT 6.1; WOW64) AppleWebKit/537.36 (KHTML, like Gecko) Chrome/48.0.2564.109 Safari/537.36" "www.superior-dentistry.com"
108.28.146.31 - - [14/Feb/2016:04:26:02 -0800] "GET /img/slider1.jpg HTTP/1.1" 200 268888 "http://www.superior-dentistry.com/" "Mozilla/5.0 (Windows NT 6.1; WOW64) AppleWebKit/537.36 (KHTML, like Gecko) Chrome/48.0.2564.109 Safari/537.36" "www.superior-dentistry.com"
108.28.146.31 - - [14/Feb/2016:04:26:02 -0800] "GET /img/meetdr-melika.jpg HTTP/1.1" 200 75968 "http://www.superior-dentistry.com/" "Mozilla/5.0 (Windows NT 6.1; WOW64) AppleWebKit/537.36 (KHTML, like Gecko) Chrome/48.0.2564.109 Safari/537.36" "www.superior-dentistry.com"
108.28.146.31 - - [14/Feb/2016:04:26:02 -0800] "GET /img/offer-31-05-2014-sonicare-brush.jpg HTTP/1.1" 200 13165 "http://www.superior-dentistry.com/" "Mozilla/5.0 (Windows NT 6.1; WOW64) AppleWebKit/537.36 (KHTML, like Gecko) Chrome/48.0.2564.109 Safari/537.36" "www.superior-dentistry.com"
108.28.146.31 - - [14/Feb/2016:04:26:02 -0800] "GET /img/offer-31-05-2014-new-patient.jpg HTTP/1.1" 200 15365 "http://www.superior-dentistry.com/" "Mozilla/5.0 (Windows NT 6.1; WOW64) AppleWebKit/537.36 (KHTML, like Gecko) Chrome/48.0.2564.109 Safari/537.36" "www.superior-dentistry.com"
108.28.146.31 - - [14/Feb/2016:04:26:02 -0800] "GET /img/patients-choice-winner-2015.png HTTP/1.1" 200 9818 "http://www.superior-dentistry.com/" "Mozilla/5.0 (Windows NT 6.1; WOW64) AppleWebKit/537.36 (KHTML, like Gecko) Chrome/48.0.2564.109 Safari/537.36" "www.superior-dentistry.com"
108.28.146.31 - - [14/Feb/2016:04:26:02 -0800] "GET /js/docs.min.js HTTP/1.1" 200 43299 "http://www.superior-dentistry.com/" "Mozilla/5.0 (Windows NT 6.1; WOW64) AppleWebKit/537.36 (KHTML, like Gecko) Chrome/48.0.2564.109 Safari/537.36" "www.superior-dentistry.com"
108.28.146.31 - - [14/Feb/2016:04:26:02 -0800] "GET /js/ie10-viewport-bug-workaround.js HTTP/1.1" 200 694 "http://www.superior-dentistry.com/" "Mozilla/5.0 (Windows NT 6.1; WOW64) AppleWebKit/537.36 (KHTML, like Gecko) Chrome/48.0.2564.109 Safari/537.36" "www.superior-dentistry.com"
108.28.146.31 - - [14/Feb/2016:04:26:02 -0800] "GET /fonts/fontawesome-webfont.woff2?v=4.3.0 HTTP/1.1" 200 56780 "http://www.superior-dentistry.com/css/font-awesome.css" "Mozilla/5.0 (Windows NT 6.1; WOW64) AppleWebKit/537.36 (KHTML, like Gecko) Chrome/48.0.2564.109 Safari/537.36" "www.superior-dentistry.com"
108.28.146.31 - - [14/Feb/2016:04:26:03 -0800] "GET /img/zocdoc-apt.jpg HTTP/1.1" 200 79396 "http://www.superior-dentistry.com/" "Mozilla/5.0 (Windows NT 6.1; WOW64) AppleWebKit/537.36 (KHTML, like Gecko) Chrome/48.0.2564.109 Safari/537.36" "www.superior-dentistry.com"
108.28.146.31 - - [14/Feb/2016:04:26:02 -0800] "GET /js/bootstrap.min.js HTTP/1.1" 200 35601 "http://www.superior-dentistry.com/" "Mozilla/5.0 (Windows NT 6.1; WOW64) AppleWebKit/537.36 (KHTML, like Gecko) Chrome/48.0.2564.109 Safari/537.36" "www.superior-dentistry.com"
108.28.146.31 - - [14/Feb/2016:04:26:07 -0800] "GET /assets/flash/ZeroClipboard.swf?noCache=1455452732733 HTTP/1.1" 404 89 "http://www.superior-dentistry.com/" "Mozilla/5.0 (Windows NT 6.1; WOW64) AppleWebKit/537.36 (KHTML, like Gecko) Chrome/48.0.2564.109 Safari/537.36" "www.superior-dentistry.com"
208.122.6.102 - - [14/Feb/2016:04:40:56 -0800] "GET / HTTP/1.1" 200 38156 "-" "FreeWebMonitoring SiteChecker/0.2 (+http://www.freewebmonitoring.com/bot.html)" "www.superior-dentistry.com"
173.79.197.111 - - [14/Feb/2016:05:18:10 -0800] "GET /index.html HTTP/1.1" 200 38156 "-" "Mozilla/5.0 (Macintosh; Intel Mac OS X 10_11_2) AppleWebKit/601.3.9 (KHTML, like Gecko)" "www.superior-dentistry.com"
173.79.197.111 - - [14/Feb/2016:05:18:10 -0800] "GET /apple-touch-icon-precomposed.png HTTP/1.1" 404 89 "-" "Safari/11601.3.9 CFNetwork/760.2.6 Darwin/15.2.0 (x86_64)" "www.superior-dentistry.com"
173.79.197.111 - - [14/Feb/2016:05:18:10 -0800] "GET /apple-touch-icon.png HTTP/1.1" 404 89 "-" "Safari/11601.3.9 CFNetwork/760.2.6 Darwin/15.2.0 (x86_64)" "www.superior-dentistry.com"
173.79.197.111 - - [14/Feb/2016:05:18:10 -0800] "GET /apple-touch-icon.png HTTP/1.1" 404 89 "-" "Safari/11601.3.9 CFNetwork/760.2.6 Darwin/15.2.0 (x86_64)" "www.superior-dentistry.com"
208.122.6.102 - - [14/Feb/2016:05:42:47 -0800] "GET / HTTP/1.1" 200 38156 "-" "FreeWebMonitoring SiteChecker/0.2 (+http://www.freewebmonitoring.com/bot.html)" "www.superior-dentistry.com"
65.36.241.48 - - [14/Feb/2016:06:06:28 -0800] "HEAD / HTTP/1.1" 200 0 "-" "InternetSeer.com" "www.superior-dentistry.com"
157.55.39.169 - - [14/Feb/2016:06:16:39 -0800] "GET /sitemap.xml HTTP/1.1" 200 4803 "-" "Mozilla/5.0 (compatible; bingbot/2.0; +http://www.bing.com/bingbot.htm)" "www.superior-dentistry.com"
208.122.6.102 - - [14/Feb/2016:06:43:45 -0800] "GET / HTTP/1.1" 200 38156 "-" "FreeWebMonitoring SiteChecker/0.2 (+http://www.freewebmonitoring.com/bot.html)" "www.superior-dentistry.com"
95.211.198.9 - - [14/Feb/2016:06:50:40 -0800] "GET / HTTP/1.1" 200 38156 "-" "Mozilla/5.0" "superior-dentistry.com"
207.46.13.78 - - [14/Feb/2016:07:04:10 -0800] "GET /Bowie-Dentists/Periodontal-Therapy-Maryland.html HTTP/1.1" 200 40166 "-" "Mozilla/5.0 (compatible; bingbot/2.0; +http://www.bing.com/bingbot.htm)" "www.superior-dentistry.com"
70.208.135.52 - - [14/Feb/2016:07:06:14 -0800] "GET /img/slider3.jpg HTTP/1.1" 200 217901 "http://www.superior-dentistry.com/" "Mozilla/5.0 (iPhone; CPU iPhone OS 9_2_1 like Mac OS X) AppleWebKit/601.1.46 (KHTML, like Gecko) Version/9.0 Mobile/13D15 Safari/601.1" "www.superior-dentistry.com"
5.9.89.170 - - [14/Feb/2016:07:21:02 -0800] "GET /robots.txt HTTP/1.1" 200 49 "-" "Mozilla/5.0 (compatible; MJ12bot/v1.4.5; http://www.majestic12.co.uk/bot.php?+)" "superior-dentistry.com"
208.122.6.102 - - [14/Feb/2016:07:44:03 -0800] "GET / HTTP/1.1" 200 38156 "-" "FreeWebMonitoring SiteChecker/0.2 (+http://www.freewebmonitoring.com/bot.html)" "www.superior-dentistry.com"
207.46.13.149 - - [14/Feb/2016:07:45:14 -0800] "GET /contact-us.php HTTP/1.1" 200 73 "-" "Mozilla/5.0 (iPhone; CPU iPhone OS 7_0 like Mac OS X) AppleWebKit/537.51.1 (KHTML, like Gecko) Version/7.0 Mobile/11A465 Safari/9537.53 (compatible; bingbot/2.0;  http://www.bing.com/bingbot.htm)" "www.superior-dentistry.com"
204.79.180.216 - - [14/Feb/2016:07:47:45 -0800] "GET /firstvisit.html HTTP/1.1" 200 24042 "-" "Mozilla/5.0 (compatible; MSIE 9.0; Windows NT 6.1; Trident/5.0;  Trident/5.0)" "www.superior-dentistry.com"
204.79.180.220 - - [14/Feb/2016:07:47:45 -0800] "GET /css/bootstrap.css HTTP/1.1" 200 138415 "http://www.superior-dentistry.com/firstvisit.html" "Mozilla/5.0 (compatible; MSIE 9.0; Windows NT 6.1; Trident/5.0;  Trident/5.0)" "www.superior-dentistry.com"
204.79.180.14 - - [14/Feb/2016:07:47:49 -0800] "GET /css/bootstrap.css HTTP/1.1" 200 138415 "http://www.superior-dentistry.com/firstvisit.html" "Mozilla/5.0 (compatible; MSIE 9.0; Windows NT 6.1; Trident/5.0;  Trident/5.0)" "www.superior-dentistry.com"
204.79.180.58 - - [14/Feb/2016:07:47:49 -0800] "GET /css/font-awesome.css HTTP/1.1" 200 28747 "http://www.superior-dentistry.com/firstvisit.html" "Mozilla/5.0 (compatible; MSIE 9.0; Windows NT 6.1; Trident/5.0;  Trident/5.0)" "www.superior-dentistry.com"
204.79.180.176 - - [14/Feb/2016:07:47:49 -0800] "GET /theme.css HTTP/1.1" 200 1926 "http://www.superior-dentistry.com/firstvisit.html" "Mozilla/5.0 (compatible; MSIE 9.0; Windows NT 6.1; Trident/5.0;  Trident/5.0)" "www.superior-dentistry.com"
204.79.180.221 - - [14/Feb/2016:07:47:49 -0800] "GET /css/bootstrap-theme.css HTTP/1.1" 200 19156 "http://www.superior-dentistry.com/firstvisit.html" "Mozilla/5.0 (compatible; MSIE 9.0; Windows NT 6.1; Trident/5.0;  Trident/5.0)" "www.superior-dentistry.com"
204.79.180.117 - - [14/Feb/2016:07:47:53 -0800] "GET /css/procedure-thumb.css HTTP/1.1" 200 2005 "http://www.superior-dentistry.com/firstvisit.html" "Mozilla/5.0 (compatible; MSIE 9.0; Windows NT 6.1; Trident/5.0;  Trident/5.0)" "www.superior-dentistry.com"
204.79.180.41 - - [14/Feb/2016:07:47:53 -0800] "GET /js/ie-emulation-modes-warning.js HTTP/1.1" 200 2132 "http://www.superior-dentistry.com/firstvisit.html" "Mozilla/5.0 (compatible; MSIE 9.0; Windows NT 6.1; Trident/5.0;  Trident/5.0)" "www.superior-dentistry.com"
204.79.180.215 - - [14/Feb/2016:07:47:53 -0800] "GET /js/docs.min.js HTTP/1.1" 200 43299 "http://www.superior-dentistry.com/firstvisit.html" "Mozilla/5.0 (compatible; MSIE 9.0; Windows NT 6.1; Trident/5.0;  Trident/5.0)" "www.superior-dentistry.com"
204.79.180.220 - - [14/Feb/2016:07:47:53 -0800] "GET /js/bootstrap.min.js HTTP/1.1" 200 35601 "http://www.superior-dentistry.com/firstvisit.html" "Mozilla/5.0 (compatible; MSIE 9.0; Windows NT 6.1; Trident/5.0;  Trident/5.0)" "www.superior-dentistry.com"
204.79.180.125 - - [14/Feb/2016:07:47:53 -0800] "GET /js/ie10-viewport-bug-workaround.js HTTP/1.1" 200 694 "http://www.superior-dentistry.com/firstvisit.html" "Mozilla/5.0 (compatible; MSIE 9.0; Windows NT 6.1; Trident/5.0;  Trident/5.0)" "www.superior-dentistry.com"
69.30.234.2 - - [14/Feb/2016:07:53:07 -0800] "GET /robots.txt HTTP/1.1" 200 49 "-" "Mozilla/5.0 (compatible; MJ12bot/v1.4.5; http://www.majestic12.co.uk/bot.php?+)" "superior-dentistry.com"
69.30.234.2 - - [14/Feb/2016:07:53:23 -0800] "GET /testimonials.html HTTP/1.1" 200 24783 "-" "Mozilla/5.0 (compatible; MJ12bot/v1.4.5; http://www.majestic12.co.uk/bot.php?+)" "superior-dentistry.com"
66.249.66.93 - - [14/Feb/2016:08:22:08 -0800] "GET /css/js-image-slider.css HTTP/1.1" 404 89 "-" "Mozilla/5.0 (compatible; Googlebot/2.1; +http://www.google.com/bot.html)" "superior-dentistry.com"
66.249.66.97 - - [14/Feb/2016:08:22:09 -0800] "GET /css/style.css HTTP/1.1" 404 89 "-" "Mozilla/5.0 (compatible; Googlebot/2.1; +http://www.google.com/bot.html)" "superior-dentistry.com"
66.249.66.95 - - [14/Feb/2016:08:22:10 -0800] "GET /js/jquery.easing.1.3.js HTTP/1.1" 404 89 "-" "Mozilla/5.0 (compatible; Googlebot/2.1; +http://www.google.com/bot.html)" "superior-dentistry.com"
66.249.66.97 - - [14/Feb/2016:08:22:11 -0800] "GET /js/js-image-slider.js HTTP/1.1" 404 89 "-" "Mozilla/5.0 (compatible; Googlebot/2.1; +http://www.google.com/bot.html)" "superior-dentistry.com"
