46.118.157.136 - - [02/Sep/2016:10:02:07 -0700] "GET / HTTP/1.1" 200 38900 "http://confib.ifmo.ru/" "Opera/7.60 (Windows NT 5.2; U)  [en] (IBM EVV/3.0/EAK01AG9/LE)" "www.superior-dentistry.com"
46.118.157.136 - - [02/Sep/2016:10:09:43 -0700] "GET / HTTP/1.1" 200 38900 "http://berlininsl.com/" "Mozilla/4.0 (compatible; MSIE 4.01; Digital AlphaServer 1000A 4/233; Windows NT; Powered By 64-Bit Alpha Processor)" "www.superior-dentistry.com"
46.118.157.136 - - [02/Sep/2016:10:09:45 -0700] "GET / HTTP/1.1" 200 38900 "http://berlininsl.com/" "Mozilla/4.0 (compatible; MSIE 4.01; Digital AlphaServer 1000A 4/233; Windows NT; Powered By 64-Bit Alpha Processor)" "www.superior-dentistry.com"
201.69.86.139 - - [02/Sep/2016:10:17:26 -0700] "GET /css/bootstrap-theme.css HTTP/1.1" 200 19156 "http://superior-dentistry.com/" "Mozilla/5.0 (Windows NT 6.1; WOW64) AppleWebKit/537.36 (KHTML, like Gecko) Chrome/36.0.1985.143 Safari/537.36" "superior-dentistry.com"
201.69.86.139 - - [02/Sep/2016:10:17:26 -0700] "GET /theme.css HTTP/1.1" 200 1926 "http://superior-dentistry.com/" "Mozilla/5.0 (Windows NT 6.1; WOW64) AppleWebKit/537.36 (KHTML, like Gecko) Chrome/36.0.1985.143 Safari/537.36" "superior-dentistry.com"
201.69.86.139 - - [02/Sep/2016:10:17:26 -0700] "GET /css/font-awesome.css HTTP/1.1" 200 28747 "http://superior-dentistry.com/" "Mozilla/5.0 (Windows NT 6.1; WOW64) AppleWebKit/537.36 (KHTML, like Gecko) Chrome/36.0.1985.143 Safari/537.36" "superior-dentistry.com"
201.69.86.139 - - [02/Sep/2016:10:17:26 -0700] "GET /css/bootstrap.css HTTP/1.1" 200 138415 "http://superior-dentistry.com/" "Mozilla/5.0 (Windows NT 6.1; WOW64) AppleWebKit/537.36 (KHTML, like Gecko) Chrome/36.0.1985.143 Safari/537.36" "superior-dentistry.com"
201.69.86.139 - - [02/Sep/2016:10:17:26 -0700] "GET /js/ie-emulation-modes-warning.js HTTP/1.1" 200 2132 "http://superior-dentistry.com/" "Mozilla/5.0 (Windows NT 6.1; WOW64) AppleWebKit/537.36 (KHTML, like Gecko) Chrome/36.0.1985.143 Safari/537.36" "superior-dentistry.com"
201.69.86.139 - - [02/Sep/2016:10:17:27 -0700] "GET /js/bootstrap.min.js HTTP/1.1" 200 35601 "http://superior-dentistry.com/" "Mozilla/5.0 (Windows NT 6.1; WOW64) AppleWebKit/537.36 (KHTML, like Gecko) Chrome/36.0.1985.143 Safari/537.36" "superior-dentistry.com"
192.166.218.214 - - [02/Sep/2016:10:20:46 -0700] "GET /Bowie-Dentists-Sitemap.html HTTP/1.1" 200 28379 "-" "Mozilla/5.0 (compatible; MJ12bot/v1.4.5; http://www.majestic12.co.uk/bot.php?+)" "www.superior-dentistry.com"
198.16.7.150 - - [02/Sep/2016:10:31:50 -0700] "GET / HTTP/1.1" 200 38900 "-" "FreeWebMonitoring SiteChecker/0.2 (+http://www.freewebmonitoring.com/bot.html)" "www.superior-dentistry.com"
108.18.135.179 - - [02/Sep/2016:10:32:47 -0700] "GET / HTTP/1.1" 200 38900 "https://www.google.com/" "Mozilla/5.0 (Windows NT 6.1; Win64; x64) AppleWebKit/537.36 (KHTML, like Gecko) Chrome/52.0.2743.116 Safari/537.36" "www.superior-dentistry.com"
108.18.135.179 - - [02/Sep/2016:10:32:47 -0700] "GET /css/font-awesome.css HTTP/1.1" 200 28747 "http://www.superior-dentistry.com/" "Mozilla/5.0 (Windows NT 6.1; Win64; x64) AppleWebKit/537.36 (KHTML, like Gecko) Chrome/52.0.2743.116 Safari/537.36" "www.superior-dentistry.com"
108.18.135.179 - - [02/Sep/2016:10:32:47 -0700] "GET /css/bootstrap-theme.css HTTP/1.1" 200 19156 "http://www.superior-dentistry.com/" "Mozilla/5.0 (Windows NT 6.1; Win64; x64) AppleWebKit/537.36 (KHTML, like Gecko) Chrome/52.0.2743.116 Safari/537.36" "www.superior-dentistry.com"
108.18.135.179 - - [02/Sep/2016:10:32:47 -0700] "GET /theme.css HTTP/1.1" 200 1926 "http://www.superior-dentistry.com/" "Mozilla/5.0 (Windows NT 6.1; Win64; x64) AppleWebKit/537.36 (KHTML, like Gecko) Chrome/52.0.2743.116 Safari/537.36" "www.superior-dentistry.com"
108.18.135.179 - - [02/Sep/2016:10:32:47 -0700] "GET /css/bootstrap.css HTTP/1.1" 200 138415 "http://www.superior-dentistry.com/" "Mozilla/5.0 (Windows NT 6.1; Win64; x64) AppleWebKit/537.36 (KHTML, like Gecko) Chrome/52.0.2743.116 Safari/537.36" "www.superior-dentistry.com"[0]
108.18.135.179 - - [02/Sep/2016:10:32:47 -0700] "GET /img/logo.jpg HTTP/1.1" 200 139628 "http://www.superior-dentistry.com/" "Mozilla/5.0 (Windows NT 6.1; Win64; x64) AppleWebKit/537.36 (KHTML, like Gecko) Chrome/52.0.2743.116 Safari/537.36" "www.superior-dentistry.com"
108.18.135.179 - - [02/Sep/2016:10:32:48 -0700] "GET /js/ie-emulation-modes-warning.js HTTP/1.1" 200 2132 "http://www.superior-dentistry.com/" "Mozilla/5.0 (Windows NT 6.1; Win64; x64) AppleWebKit/537.36 (KHTML, like Gecko) Chrome/52.0.2743.116 Safari/537.36" "www.superior-dentistry.com"
108.18.135.179 - - [02/Sep/2016:10:32:48 -0700] "GET /img/jaw-surgery.jpg HTTP/1.1" 200 27058 "http://www.superior-dentistry.com/" "Mozilla/5.0 (Windows NT 6.1; Win64; x64) AppleWebKit/537.36 (KHTML, like Gecko) Chrome/52.0.2743.116 Safari/537.36" "www.superior-dentistry.com"
108.18.135.179 - - [02/Sep/2016:10:32:48 -0700] "GET /img/extraction.jpg HTTP/1.1" 200 30135 "http://www.superior-dentistry.com/" "Mozilla/5.0 (Windows NT 6.1; Win64; x64) AppleWebKit/537.36 (KHTML, like Gecko) Chrome/52.0.2743.116 Safari/537.36" "www.superior-dentistry.com"[0]
108.18.135.179 - - [02/Sep/2016:10:32:48 -0700] "GET /img/wisdom-teeth-extraction.jpg HTTP/1.1" 200 23758 "http://www.superior-dentistry.com/" "Mozilla/5.0 (Windows NT 6.1; Win64; x64) AppleWebKit/537.36 (KHTML, like Gecko) Chrome/52.0.2743.116 Safari/537.36" "www.superior-dentistry.com"
108.18.135.179 - - [02/Sep/2016:10:32:48 -0700] "GET /img/oral-pathology.jpg HTTP/1.1" 200 33395 "http://www.superior-dentistry.com/" "Mozilla/5.0 (Windows NT 6.1; Win64; x64) AppleWebKit/537.36 (KHTML, like Gecko) Chrome/52.0.2743.116 Safari/537.36" "www.superior-dentistry.com"
108.18.135.179 - - [02/Sep/2016:10:32:48 -0700] "GET /img/slider3.jpg HTTP/1.1" 200 217901 "http://www.superior-dentistry.com/" "Mozilla/5.0 (Windows NT 6.1; Win64; x64) AppleWebKit/537.36 (KHTML, like Gecko) Chrome/52.0.2743.116 Safari/537.36" "www.superior-dentistry.com"
108.18.135.179 - - [02/Sep/2016:10:32:48 -0700] "GET /img/slider1.jpg HTTP/1.1" 200 268888 "http://www.superior-dentistry.com/" "Mozilla/5.0 (Windows NT 6.1; Win64; x64) AppleWebKit/537.36 (KHTML, like Gecko) Chrome/52.0.2743.116 Safari/537.36" "www.superior-dentistry.com"[0]
108.18.135.179 - - [02/Sep/2016:10:32:48 -0700] "GET /img/slider2.jpg HTTP/1.1" 200 345766 "http://www.superior-dentistry.com/" "Mozilla/5.0 (Windows NT 6.1; Win64; x64) AppleWebKit/537.36 (KHTML, like Gecko) Chrome/52.0.2743.116 Safari/537.36" "www.superior-dentistry.com"
108.18.135.179 - - [02/Sep/2016:10:32:48 -0700] "GET /img/meetdr-melika.jpg HTTP/1.1" 200 75968 "http://www.superior-dentistry.com/" "Mozilla/5.0 (Windows NT 6.1; Win64; x64) AppleWebKit/537.36 (KHTML, like Gecko) Chrome/52.0.2743.116 Safari/537.36" "www.superior-dentistry.com"
108.18.135.179 - - [02/Sep/2016:10:32:48 -0700] "GET /img/offer-31-05-2014-whitening.jpg HTTP/1.1" 200 15686 "http://www.superior-dentistry.com/" "Mozilla/5.0 (Windows NT 6.1; Win64; x64) AppleWebKit/537.36 (KHTML, like Gecko) Chrome/52.0.2743.116 Safari/537.36" "www.superior-dentistry.com"
108.18.135.179 - - [02/Sep/2016:10:32:48 -0700] "GET /img/offer-31-05-2014-new-patient.jpg HTTP/1.1" 200 15365 "http://www.superior-dentistry.com/" "Mozilla/5.0 (Windows NT 6.1; Win64; x64) AppleWebKit/537.36 (KHTML, like Gecko) Chrome/52.0.2743.116 Safari/537.36" "www.superior-dentistry.com"
108.18.135.179 - - [02/Sep/2016:10:32:48 -0700] "GET /js/bootstrap.min.js HTTP/1.1" 200 35601 "http://www.superior-dentistry.com/" "Mozilla/5.0 (Windows NT 6.1; Win64; x64) AppleWebKit/537.36 (KHTML, like Gecko) Chrome/52.0.2743.116 Safari/537.36" "www.superior-dentistry.com"
108.18.135.179 - - [02/Sep/2016:10:32:48 -0700] "GET /js/docs.min.js HTTP/1.1" 200 43299 "http://www.superior-dentistry.com/" "Mozilla/5.0 (Windows NT 6.1; Win64; x64) AppleWebKit/537.36 (KHTML, like Gecko) Chrome/52.0.2743.116 Safari/537.36" "www.superior-dentistry.com"
108.18.135.179 - - [02/Sep/2016:10:32:48 -0700] "GET /js/ie10-viewport-bug-workaround.js HTTP/1.1" 200 694 "http://www.superior-dentistry.com/" "Mozilla/5.0 (Windows NT 6.1; Win64; x64) AppleWebKit/537.36 (KHTML, like Gecko) Chrome/52.0.2743.116 Safari/537.36" "www.superior-dentistry.com"
108.18.135.179 - - [02/Sep/2016:10:32:49 -0700] "GET /fonts/fontawesome-webfont.woff2?v=4.3.0 HTTP/1.1" 200 56780 "http://www.superior-dentistry.com/css/font-awesome.css" "Mozilla/5.0 (Windows NT 6.1; Win64; x64) AppleWebKit/537.36 (KHTML, like Gecko) Chrome/52.0.2743.116 Safari/537.36" "www.superior-dentistry.com"
108.18.135.179 - - [02/Sep/2016:10:32:49 -0700] "GET /img/zocdoc-apt.jpg HTTP/1.1" 200 79396 "http://www.superior-dentistry.com/" "Mozilla/5.0 (Windows NT 6.1; Win64; x64) AppleWebKit/537.36 (KHTML, like Gecko) Chrome/52.0.2743.116 Safari/537.36" "www.superior-dentistry.com"
108.18.135.179 - - [02/Sep/2016:10:32:52 -0700] "GET /favicon.ico HTTP/1.1" 200 688 "http://www.superior-dentistry.com/" "Mozilla/5.0 (Windows NT 6.1; Win64; x64) AppleWebKit/537.36 (KHTML, like Gecko) Chrome/52.0.2743.116 Safari/537.36" "www.superior-dentistry.com"
108.18.135.179 - - [02/Sep/2016:10:40:17 -0700] "GET /assets/flash/ZeroClipboard.swf?noCache=1472838017552 HTTP/1.1" 404 89 "http://www.superior-dentistry.com/contact-us.html" "Mozilla/5.0 (Windows NT 6.1; Win64; x64) AppleWebKit/537.36 (KHTML, like Gecko) Chrome/52.0.2743.116 Safari/537.36" "www.superior-dentistry.com"
199.16.156.126 - - [02/Sep/2016:10:40:18 -0700] "GET /images/logo1.jpg HTTP/1.1" 404 89 "-" "Twitterbot/1.0" "www.superior-dentistry.com"
199.16.156.124 - - [02/Sep/2016:10:40:18 -0700] "GET /images/endodontia-root-canal-treatment.jpg HTTP/1.1" 404 89 "-" "Twitterbot/1.0" "www.superior-dentistry.com"
199.16.156.124 - - [02/Sep/2016:10:40:18 -0700] "GET /images/logo1.jpg HTTP/1.1" 404 89 "-" "Twitterbot/1.0" "www.superior-dentistry.com"
108.18.135.179 - - [02/Sep/2016:10:40:25 -0700] "GET /assets/flash/ZeroClipboard.swf?noCache=1472838025268 HTTP/1.1" 404 89 "http://www.superior-dentistry.com/" "Mozilla/5.0 (Windows NT 6.1; Win64; x64) AppleWebKit/537.36 (KHTML, like Gecko) Chrome/52.0.2743.116 Safari/537.36" "www.superior-dentistry.com"
108.18.135.179 - - [02/Sep/2016:10:40:47 -0700] "GET /img/dental-extractions.jpg HTTP/1.1" 200 165246 "http://www.superior-dentistry.com/services.html" "Mozilla/5.0 (Windows NT 6.1; Win64; x64) AppleWebKit/537.36 (KHTML, like Gecko) Chrome/52.0.2743.116 Safari/537.36" "www.superior-dentistry.com"[0]
108.18.135.179 - - [02/Sep/2016:10:40:48 -0700] "GET /assets/flash/ZeroClipboard.swf?noCache=1472838047987 HTTP/1.1" 404 89 "http://www.superior-dentistry.com/services.html" "Mozilla/5.0 (Windows NT 6.1; Win64; x64) AppleWebKit/537.36 (KHTML, like Gecko) Chrome/52.0.2743.116 Safari/537.36" "www.superior-dentistry.com"[0]
207.46.13.184 - - [02/Sep/2016:11:23:57 -0700] "GET /Financial-And-Privacy-Policy.pdf HTTP/1.1" 200 617984 "-" "Mozilla/5.0 (compatible; bingbot/2.0; +http://www.bing.com/bingbot.htm)" "www.superior-dentistry.com"
220.181.108.103 - - [02/Sep/2016:11:31:39 -0700] "GET /images/offer-31-05-2014-new-patient.jpg HTTP/1.1" 404 89 "http://image.baidu.com/i?ct=503316480&z=0&tn=baiduimagedetail" "Baiduspider-image+(+http://www.baidu.com/search/spider.htm)" "superior-dentistry.com"
198.16.7.150 - - [02/Sep/2016:11:33:04 -0700] "GET / HTTP/1.1" 200 38900 "-" "FreeWebMonitoring SiteChecker/0.2 (+http://www.freewebmonitoring.com/bot.html)" "www.superior-dentistry.com"
207.46.13.142 - - [02/Sep/2016:12:25:46 -0700] "GET /Dentists-Bowie-MD.html HTTP/1.1" 200 27344 "-" "Mozilla/5.0 (compatible; bingbot/2.0; +http://www.bing.com/bingbot.htm)" "www.superior-dentistry.com"
207.46.13.142 - - [02/Sep/2016:12:25:47 -0700] "GET /Dentist-Bowie-MD/css/?N=D HTTP/1.1" 200 1872 "-" "Mozilla/5.0 (compatible; bingbot/2.0; +http://www.bing.com/bingbot.htm)" "www.superior-dentistry.com"
198.16.7.150 - - [02/Sep/2016:12:33:45 -0700] "GET / HTTP/1.1" 200 38900 "-" "FreeWebMonitoring SiteChecker/0.2 (+http://www.freewebmonitoring.com/bot.html)" "www.superior-dentistry.com"
207.46.13.102 - - [02/Sep/2016:12:55:44 -0700] "GET /Bowie-Dentists/Childrens-Dentistry-Maryland.html HTTP/1.1" 200 28854 "-" "Mozilla/5.0 (compatible; bingbot/2.0; +http://www.bing.com/bingbot.htm)" "www.superior-dentistry.com"
207.46.13.102 - - [02/Sep/2016:12:55:46 -0700] "GET /blog.php HTTP/1.1" 200 107037 "-" "Mozilla/5.0 (compatible; bingbot/2.0; +http://www.bing.com/bingbot.htm)" "www.superior-dentistry.com"
207.46.13.102 - - [02/Sep/2016:12:55:46 -0700] "GET /testimonials.html HTTP/1.1" 200 24785 "-" "Mozilla/5.0 (compatible; bingbot/2.0; +http://www.bing.com/bingbot.htm)" "www.superior-dentistry.com"
108.26.188.36 - - [02/Sep/2016:13:28:09 -0700] "GET /img/night-guard.jpg HTTP/1.1" 200 106940 "https://www.google.com/" "Mozilla/5.0 (Windows NT 10.0; WOW64) AppleWebKit/537.36 (KHTML, like Gecko) Chrome/52.0.2743.116 Safari/537.36" "www.superior-dentistry.com"
198.16.7.150 - - [02/Sep/2016:13:34:06 -0700] "GET / HTTP/1.1" 200 38900 "-" "FreeWebMonitoring SiteChecker/0.2 (+http://www.freewebmonitoring.com/bot.html)" "www.superior-dentistry.com"
207.46.13.102 - - [02/Sep/2016:13:44:56 -0700] "GET /meet-staff.html HTTP/1.1" 200 22168 "-" "Mozilla/5.0 (compatible; bingbot/2.0; +http://www.bing.com/bingbot.htm)" "www.superior-dentistry.com"
207.46.13.102 - - [02/Sep/2016:13:44:57 -0700] "GET /Bowie-Dentists/js/bootstrap.min.js HTTP/1.1" 200 35601 "-" "Mozilla/5.0 (compatible; bingbot/2.0; +http://www.bing.com/bingbot.htm)" "www.superior-dentistry.com"
207.46.13.102 - - [02/Sep/2016:13:44:57 -0700] "GET /Dentist-Bowie-MD/Periodontal-Services-Maryland-MD.html HTTP/1.1" 200 25411 "-" "Mozilla/5.0 (compatible; bingbot/2.0; +http://www.bing.com/bingbot.htm)" "www.superior-dentistry.com"
207.46.13.102 - - [02/Sep/2016:13:44:57 -0700] "GET /Dental-LinkExchange.html HTTP/1.1" 200 24959 "-" "Mozilla/5.0 (compatible; bingbot/2.0; +http://www.bing.com/bingbot.htm)" "www.superior-dentistry.com"
207.46.13.102 - - [02/Sep/2016:13:44:58 -0700] "GET /Bowie-Dentists/js/ie-emulation-modes-warning.js HTTP/1.1" 200 2132 "-" "Mozilla/5.0 (compatible; bingbot/2.0; +http://www.bing.com/bingbot.htm)" "www.superior-dentistry.com"
131.253.27.2 - - [02/Sep/2016:13:54:54 -0700] "GET /Bowie-Dentists/css/font-awesome.css HTTP/1.1" 200 28747 "-" "Mozilla/5.0 (Windows NT 6.1; WOW64) AppleWebKit/534+ (KHTML, like Gecko) BingPreview/1.0b" "www.superior-dentistry.com"
131.253.27.190 - - [02/Sep/2016:13:54:54 -0700] "GET /Bowie-Dentists/theme.css HTTP/1.1" 200 1926 "-" "Mozilla/5.0 (Windows NT 6.1; WOW64) AppleWebKit/534+ (KHTML, like Gecko) BingPreview/1.0b" "www.superior-dentistry.com"
131.253.27.115 - - [02/Sep/2016:13:54:56 -0700] "GET /Bowie-Dentists/img/logo.jpg HTTP/1.1" 200 139628 "-" "Mozilla/5.0 (Windows NT 6.1; WOW64) AppleWebKit/534+ (KHTML, like Gecko) BingPreview/1.0b" "www.superior-dentistry.com"
198.16.7.150 - - [02/Sep/2016:14:35:14 -0700] "GET / HTTP/1.1" 200 38900 "-" "FreeWebMonitoring SiteChecker/0.2 (+http://www.freewebmonitoring.com/bot.html)" "www.superior-dentistry.com"
73.172.121.101 - - [02/Sep/2016:15:26:24 -0700] "GET /js/ie10-viewport-bug-workaround.js HTTP/1.1" 200 694 "http://www.superior-dentistry.com/" "Mozilla/5.0 (Windows NT 10.0; WOW64) AppleWebKit/537.36 (KHTML, like Gecko) Chrome/52.0.2743.116 Safari/537.36" "www.superior-dentistry.com"
73.172.121.101 - - [02/Sep/2016:15:26:24 -0700] "GET /js/docs.min.js HTTP/1.1" 200 43299 "http://www.superior-dentistry.com/" "Mozilla/5.0 (Windows NT 10.0; WOW64) AppleWebKit/537.36 (KHTML, like Gecko) Chrome/52.0.2743.116 Safari/537.36" "www.superior-dentistry.com"
73.172.121.101 - - [02/Sep/2016:15:26:24 -0700] "GET /js/bootstrap.min.js HTTP/1.1" 200 35601 "http://www.superior-dentistry.com/" "Mozilla/5.0 (Windows NT 10.0; WOW64) AppleWebKit/537.36 (KHTML, like Gecko) Chrome/52.0.2743.116 Safari/537.36" "www.superior-dentistry.com"
73.172.121.101 - - [02/Sep/2016:15:26:24 -0700] "GET /img/extraction.jpg HTTP/1.1" 200 30135 "http://www.superior-dentistry.com/" "Mozilla/5.0 (Windows NT 10.0; WOW64) AppleWebKit/537.36 (KHTML, like Gecko) Chrome/52.0.2743.116 Safari/537.36" "www.superior-dentistry.com"
73.172.121.101 - - [02/Sep/2016:15:26:24 -0700] "GET /img/wisdom-teeth-extraction.jpg HTTP/1.1" 200 23758 "http://www.superior-dentistry.com/" "Mozilla/5.0 (Windows NT 10.0; WOW64) AppleWebKit/537.36 (KHTML, like Gecko) Chrome/52.0.2743.116 Safari/537.36" "www.superior-dentistry.com"
73.172.121.101 - - [02/Sep/2016:15:26:24 -0700] "GET /img/dental-implants.jpg HTTP/1.1" 200 22844 "http://www.superior-dentistry.com/" "Mozilla/5.0 (Windows NT 10.0; WOW64) AppleWebKit/537.36 (KHTML, like Gecko) Chrome/52.0.2743.116 Safari/537.36" "www.superior-dentistry.com"
73.172.121.101 - - [02/Sep/2016:15:26:24 -0700] "GET /fonts/fontawesome-webfont.woff2?v=4.3.0 HTTP/1.1" 200 56780 "http://www.superior-dentistry.com/css/font-awesome.css" "Mozilla/5.0 (Windows NT 10.0; WOW64) AppleWebKit/537.36 (KHTML, like Gecko) Chrome/52.0.2743.116 Safari/537.36" "www.superior-dentistry.com"
73.172.121.101 - - [02/Sep/2016:15:26:24 -0700] "GET /img/jaw-surgery.jpg HTTP/1.1" 200 27058 "http://www.superior-dentistry.com/" "Mozilla/5.0 (Windows NT 10.0; WOW64) AppleWebKit/537.36 (KHTML, like Gecko) Chrome/52.0.2743.116 Safari/537.36" "www.superior-dentistry.com"
73.172.121.101 - - [02/Sep/2016:15:26:24 -0700] "GET /img/oral-pathology.jpg HTTP/1.1" 200 33395 "http://www.superior-dentistry.com/" "Mozilla/5.0 (Windows NT 10.0; WOW64) AppleWebKit/537.36 (KHTML, like Gecko) Chrome/52.0.2743.116 Safari/537.36" "www.superior-dentistry.com"
73.172.121.101 - - [02/Sep/2016:15:26:24 -0700] "GET /img/slider1.jpg HTTP/1.1" 200 268888 "http://www.superior-dentistry.com/" "Mozilla/5.0 (Windows NT 10.0; WOW64) AppleWebKit/537.36 (KHTML, like Gecko) Chrome/52.0.2743.116 Safari/537.36" "www.superior-dentistry.com"
73.172.121.101 - - [02/Sep/2016:15:26:25 -0700] "GET /img/meetdr-ali.jpg HTTP/1.1" 200 60533 "http://www.superior-dentistry.com/" "Mozilla/5.0 (Windows NT 10.0; WOW64) AppleWebKit/537.36 (KHTML, like Gecko) Chrome/52.0.2743.116 Safari/537.36" "www.superior-dentistry.com"
73.172.121.101 - - [02/Sep/2016:15:26:25 -0700] "GET /img/slider2.jpg HTTP/1.1" 200 345766 "http://www.superior-dentistry.com/" "Mozilla/5.0 (Windows NT 10.0; WOW64) AppleWebKit/537.36 (KHTML, like Gecko) Chrome/52.0.2743.116 Safari/537.36" "www.superior-dentistry.com"
73.172.121.101 - - [02/Sep/2016:15:26:25 -0700] "GET /img/offer-31-05-2014-new-patient.jpg HTTP/1.1" 200 15365 "http://www.superior-dentistry.com/" "Mozilla/5.0 (Windows NT 10.0; WOW64) AppleWebKit/537.36 (KHTML, like Gecko) Chrome/52.0.2743.116 Safari/537.36" "www.superior-dentistry.com"
73.172.121.101 - - [02/Sep/2016:15:26:25 -0700] "GET /img/offer-31-05-2014-whitening.jpg HTTP/1.1" 200 15686 "http://www.superior-dentistry.com/" "Mozilla/5.0 (Windows NT 10.0; WOW64) AppleWebKit/537.36 (KHTML, like Gecko) Chrome/52.0.2743.116 Safari/537.36" "www.superior-dentistry.com"[0]
73.172.121.101 - - [02/Sep/2016:15:26:25 -0700] "GET /img/patients-choice-winner-2015.png HTTP/1.1" 200 9818 "http://www.superior-dentistry.com/" "Mozilla/5.0 (Windows NT 10.0; WOW64) AppleWebKit/537.36 (KHTML, like Gecko) Chrome/52.0.2743.116 Safari/537.36" "www.superior-dentistry.com"
73.172.121.101 - - [02/Sep/2016:15:26:26 -0700] "GET /img/zocdoc-apt.jpg HTTP/1.1" 200 79396 "http://www.superior-dentistry.com/" "Mozilla/5.0 (Windows NT 10.0; WOW64) AppleWebKit/537.36 (KHTML, like Gecko) Chrome/52.0.2743.116 Safari/537.36" "www.superior-dentistry.com"
73.172.121.101 - - [02/Sep/2016:15:26:29 -0700] "GET /assets/flash/ZeroClipboard.swf?noCache=1472855166833 HTTP/1.1" 404 89 "http://www.superior-dentistry.com/" "Mozilla/5.0 (Windows NT 10.0; WOW64) AppleWebKit/537.36 (KHTML, like Gecko) Chrome/52.0.2743.116 Safari/537.36" "www.superior-dentistry.com"
73.172.121.101 - - [02/Sep/2016:15:26:32 -0700] "GET /favicon.ico HTTP/1.1" 200 688 "http://www.superior-dentistry.com/" "Mozilla/5.0 (Windows NT 10.0; WOW64) AppleWebKit/537.36 (KHTML, like Gecko) Chrome/52.0.2743.116 Safari/537.36" "www.superior-dentistry.com"[0]
73.172.121.101 - - [02/Sep/2016:15:30:24 -0700] "GET /assets/flash/ZeroClipboard.swf?noCache=1472855404171 HTTP/1.1" 404 89 "http://www.superior-dentistry.com/" "Mozilla/5.0 (Windows NT 10.0; WOW64) AppleWebKit/537.36 (KHTML, like Gecko) Chrome/52.0.2743.116 Safari/537.36" "www.superior-dentistry.com"
73.172.121.101 - - [02/Sep/2016:15:30:55 -0700] "GET /firstvisit.html HTTP/1.1" 200 24044 "http://www.superior-dentistry.com/" "Mozilla/5.0 (Windows NT 10.0; WOW64) AppleWebKit/537.36 (KHTML, like Gecko) Chrome/52.0.2743.116 Safari/537.36" "www.superior-dentistry.com"
73.172.121.101 - - [02/Sep/2016:15:30:56 -0700] "GET /css/procedure-thumb.css HTTP/1.1" 200 2005 "http://www.superior-dentistry.com/firstvisit.html" "Mozilla/5.0 (Windows NT 10.0; WOW64) AppleWebKit/537.36 (KHTML, like Gecko) Chrome/52.0.2743.116 Safari/537.36" "www.superior-dentistry.com"[0]
73.172.121.101 - - [02/Sep/2016:15:30:56 -0700] "GET /img/office-slider2.jpg HTTP/1.1" 200 148450 "http://www.superior-dentistry.com/firstvisit.html" "Mozilla/5.0 (Windows NT 10.0; WOW64) AppleWebKit/537.36 (KHTML, like Gecko) Chrome/52.0.2743.116 Safari/537.36" "www.superior-dentistry.com"
73.172.121.101 - - [02/Sep/2016:15:30:58 -0700] "GET /assets/flash/ZeroClipboard.swf?noCache=1472855437890 HTTP/1.1" 404 89 "http://www.superior-dentistry.com/firstvisit.html" "Mozilla/5.0 (Windows NT 10.0; WOW64) AppleWebKit/537.36 (KHTML, like Gecko) Chrome/52.0.2743.116 Safari/537.36" "www.superior-dentistry.com"
199.16.156.126 - - [02/Sep/2016:15:31:00 -0700] "GET /images/logo1.jpg HTTP/1.1" 404 89 "-" "Twitterbot/1.0" "www.superior-dentistry.com"
198.16.7.150 - - [02/Sep/2016:15:36:42 -0700] "GET / HTTP/1.1" 200 38900 "-" "FreeWebMonitoring SiteChecker/0.2 (+http://www.freewebmonitoring.com/bot.html)" "www.superior-dentistry.com"
46.118.157.136 - - [02/Sep/2016:15:58:00 -0700] "GET / HTTP/1.1" 200 38900 "http://i-service.kz/" "Mozilla/4.0 (compatible; Powermarks/3.5; Windows 95/98/2000/NT)" "www.superior-dentistry.com"
46.118.157.136 - - [02/Sep/2016:15:58:01 -0700] "GET / HTTP/1.1" 200 38900 "http://i-service.kz/" "Mozilla/4.0 (compatible; Powermarks/3.5; Windows 95/98/2000/NT)" "www.superior-dentistry.com"
157.55.39.135 - - [02/Sep/2016:16:12:34 -0700] "GET /contact-us.html HTTP/1.1" 200 23728 "-" "Mozilla/5.0 (compatible; bingbot/2.0; +http://www.bing.com/bingbot.htm)" "www.superior-dentistry.com"
157.55.39.135 - - [02/Sep/2016:16:12:43 -0700] "GET /Dental-Links.html HTTP/1.1" 200 27799 "-" "Mozilla/5.0 (compatible; bingbot/2.0; +http://www.bing.com/bingbot.htm)" "www.superior-dentistry.com"
207.46.13.142 - - [02/Sep/2016:16:16:58 -0700] "GET /Dentist-Bowie-MD/blog.php HTTP/1.1" 200 416 "-" "Mozilla/5.0 (compatible; bingbot/2.0; +http://www.bing.com/bingbot.htm)" "www.superior-dentistry.com"
198.16.7.150 - - [02/Sep/2016:16:37:49 -0700] "GET / HTTP/1.1" 200 38900 "-" "FreeWebMonitoring SiteChecker/0.2 (+http://www.freewebmonitoring.com/bot.html)" "www.superior-dentistry.com"
46.118.122.167 - - [02/Sep/2016:16:46:23 -0700] "GET / HTTP/1.1" 200 38900 "http://diksi-mebel.ru/" "Opera/9.00 (Windows NT 4.0; U; en)" "www.superior-dentistry.com"
46.118.122.167 - - [02/Sep/2016:16:46:25 -0700] "GET / HTTP/1.1" 200 38900 "http://diksi-mebel.ru/" "Opera/9.00 (Windows NT 4.0; U; en)" "www.superior-dentistry.com"
207.46.13.142 - - [02/Sep/2016:16:53:08 -0700] "GET /firstvisit.php HTTP/1.1" 200 73 "-" "Mozilla/5.0 (compatible; bingbot/2.0; +http://www.bing.com/bingbot.htm)" "www.superior-dentistry.com"
