54.242.164.91 - - [10/Sep/2016:17:05:16 -0700] "GET / HTTP/1.1" 200 38900 "-" "Mozilla/5.0 (X11; Linux x86_64)AppleWebKit/537.36 (KHTML, like Gecko)Chrome/43.0.2357.134 Safari/537.36http://notifyninja.com/monitoring" "superior-dentistry.com"
177.36.4.245 - - [10/Sep/2016:17:51:44 -0700] "GET / HTTP/1.1" 200 38900 "http://1-99seo.com/try.php?u=http://superior-dentistry.com" "Mozilla/5.0 (Windows NT 6.1; WOW64) AppleWebKit/537.36 (KHTML, like Gecko) Chrome/32.0.1700.107 Safari/537.36" "superior-dentistry.com"
177.36.4.245 - - [10/Sep/2016:17:51:44 -0700] "GET /css/bootstrap-theme.css HTTP/1.1" 200 19156 "http://superior-dentistry.com/" "Mozilla/5.0 (Windows NT 6.1; WOW64) AppleWebKit/537.36 (KHTML, like Gecko) Chrome/32.0.1700.107 Safari/537.36" "superior-dentistry.com"
177.36.4.245 - - [10/Sep/2016:17:51:45 -0700] "GET /js/ie10-viewport-bug-workaround.js HTTP/1.1" 200 694 "http://superior-dentistry.com/" "Mozilla/5.0 (Windows NT 6.1; WOW64) AppleWebKit/537.36 (KHTML, like Gecko) Chrome/32.0.1700.107 Safari/537.36" "superior-dentistry.com"
177.36.4.245 - - [10/Sep/2016:17:51:45 -0700] "GET /js/docs.min.js HTTP/1.1" 200 43299 "http://superior-dentistry.com/" "Mozilla/5.0 (Windows NT 6.1; WOW64) AppleWebKit/537.36 (KHTML, like Gecko) Chrome/32.0.1700.107 Safari/537.36" "superior-dentistry.com"
177.36.4.245 - - [10/Sep/2016:17:51:45 -0700] "GET /js/bootstrap.min.js HTTP/1.1" 200 35601 "http://superior-dentistry.com/" "Mozilla/5.0 (Windows NT 6.1; WOW64) AppleWebKit/537.36 (KHTML, like Gecko) Chrome/32.0.1700.107 Safari/537.36" "superior-dentistry.com"
177.36.4.245 - - [10/Sep/2016:17:51:51 -0700] "GET /img/dental-implants.jpg HTTP/1.1" 200 22844 "http://superior-dentistry.com/" "Mozilla/5.0 (Windows NT 6.1; WOW64) AppleWebKit/537.36 (KHTML, like Gecko) Chrome/32.0.1700.107 Safari/537.36" "superior-dentistry.com"[0]
177.36.4.245 - - [10/Sep/2016:17:51:51 -0700] "GET /img/logo.jpg HTTP/1.1" 200 139628 "http://superior-dentistry.com/" "Mozilla/5.0 (Windows NT 6.1; WOW64) AppleWebKit/537.36 (KHTML, like Gecko) Chrome/32.0.1700.107 Safari/537.36" "superior-dentistry.com"[0]
177.36.4.245 - - [10/Sep/2016:17:51:54 -0700] "GET /img/slider2.jpg HTTP/1.1" 200 345766 "http://superior-dentistry.com/" "Mozilla/5.0 (Windows NT 6.1; WOW64) AppleWebKit/537.36 (KHTML, like Gecko) Chrome/32.0.1700.107 Safari/537.36" "superior-dentistry.com"
177.36.4.245 - - [10/Sep/2016:17:51:55 -0700] "GET /img/slider3.jpg HTTP/1.1" 200 217901 "http://superior-dentistry.com/" "Mozilla/5.0 (Windows NT 6.1; WOW64) AppleWebKit/537.36 (KHTML, like Gecko) Chrome/32.0.1700.107 Safari/537.36" "superior-dentistry.com"
177.36.4.245 - - [10/Sep/2016:17:51:55 -0700] "GET /img/meetdr-ali.jpg HTTP/1.1" 200 60533 "http://superior-dentistry.com/" "Mozilla/5.0 (Windows NT 6.1; WOW64) AppleWebKit/537.36 (KHTML, like Gecko) Chrome/32.0.1700.107 Safari/537.36" "superior-dentistry.com"
177.36.4.245 - - [10/Sep/2016:17:52:00 -0700] "GET /img/meetdr-melika.jpg HTTP/1.1" 200 75968 "http://superior-dentistry.com/" "Mozilla/5.0 (Windows NT 6.1; WOW64) AppleWebKit/537.36 (KHTML, like Gecko) Chrome/32.0.1700.107 Safari/537.36" "superior-dentistry.com"
177.36.4.245 - - [10/Sep/2016:17:52:02 -0700] "GET /img/offer-31-05-2014-sonicare-brush.jpg HTTP/1.1" 200 13165 "http://superior-dentistry.com/" "Mozilla/5.0 (Windows NT 6.1; WOW64) AppleWebKit/537.36 (KHTML, like Gecko) Chrome/32.0.1700.107 Safari/537.36" "superior-dentistry.com"
177.36.4.245 - - [10/Sep/2016:17:52:03 -0700] "GET /img/offer-31-05-2014-whitening.jpg HTTP/1.1" 200 15686 "http://superior-dentistry.com/" "Mozilla/5.0 (Windows NT 6.1; WOW64) AppleWebKit/537.36 (KHTML, like Gecko) Chrome/32.0.1700.107 Safari/537.36" "superior-dentistry.com"
177.36.4.245 - - [10/Sep/2016:17:52:05 -0700] "GET /img/offer-31-05-2014-new-patient.jpg HTTP/1.1" 200 15365 "http://superior-dentistry.com/" "Mozilla/5.0 (Windows NT 6.1; WOW64) AppleWebKit/537.36 (KHTML, like Gecko) Chrome/32.0.1700.107 Safari/537.36" "superior-dentistry.com"
54.242.164.91 - - [10/Sep/2016:18:06:51 -0700] "GET / HTTP/1.1" 200 38900 "-" "Mozilla/5.0 (X11; Linux x86_64)AppleWebKit/537.36 (KHTML, like Gecko)Chrome/43.0.2357.134 Safari/537.36http://notifyninja.com/monitoring" "superior-dentistry.com"
174.129.1.66 - - [10/Sep/2016:18:52:31 -0700] "GET /Dental-LinkExchange.html HTTP/1.1" 200 24959 "-" "Mozilla/5.0 (Windows; U; Windows NT 5.1; en-US; rv:1.7.5) Gecko/20041107 Firefox/1.0" "www.superior-dentistry.com"
174.129.1.66 - - [10/Sep/2016:18:52:31 -0700] "GET /robots.txt HTTP/1.1" 200 49 "-" "Mozilla/5.0 (compatible; MSIE 9.0; Windows NT 6.1; WOW64; Trident/5.0)" "www.superior-dentistry.com"
54.243.143.219 - - [10/Sep/2016:19:01:05 -0700] "HEAD /Dental-Sites-We-Like.html HTTP/1.1" 200 0 "-" "Mozilla/5.0 (Windows; U; Windows NT 5.1; en-US; rv:1.7.5) Gecko/20041107 Firefox/1.0" "www.superior-dentistry.com"
54.243.143.219 - - [10/Sep/2016:19:01:05 -0700] "GET /Dental-Sites-We-Like.html HTTP/1.1" 200 41846 "-" "Mozilla/5.0 (Windows; U; Windows NT 5.1; en-US; rv:1.7.5) Gecko/20041107 Firefox/1.0" "www.superior-dentistry.com"
54.243.143.219 - - [10/Sep/2016:19:01:05 -0700] "GET /robots.txt HTTP/1.1" 200 49 "-" "Mozilla/5.0 (compatible; MSIE 9.0; Windows NT 6.1; WOW64; Trident/5.0)" "www.superior-dentistry.com"
66.87.80.1 - - [10/Sep/2016:19:10:03 -0700] "GET / HTTP/1.1" 200 38900 "https://www.google.com/" "Mozilla/5.0 (iPhone; CPU iPhone OS 9_2_1 like Mac OS X) AppleWebKit/601.1.46 (KHTML, like Gecko) Version/9.0 Mobile/13D15 Safari/601.1" "www.superior-dentistry.com"
66.87.80.1 - - [10/Sep/2016:19:10:03 -0700] "GET /img/extraction.jpg HTTP/1.1" 200 30135 "http://www.superior-dentistry.com/" "Mozilla/5.0 (iPhone; CPU iPhone OS 9_2_1 like Mac OS X) AppleWebKit/601.1.46 (KHTML, like Gecko) Version/9.0 Mobile/13D15 Safari/601.1" "www.superior-dentistry.com"
66.87.80.1 - - [10/Sep/2016:19:10:03 -0700] "GET /js/docs.min.js HTTP/1.1" 200 43299 "http://www.superior-dentistry.com/" "Mozilla/5.0 (iPhone; CPU iPhone OS 9_2_1 like Mac OS X) AppleWebKit/601.1.46 (KHTML, like Gecko) Version/9.0 Mobile/13D15 Safari/601.1" "www.superior-dentistry.com"
66.87.80.1 - - [10/Sep/2016:19:10:03 -0700] "GET /img/dental-implants.jpg HTTP/1.1" 200 22844 "http://www.superior-dentistry.com/" "Mozilla/5.0 (iPhone; CPU iPhone OS 9_2_1 like Mac OS X) AppleWebKit/601.1.46 (KHTML, like Gecko) Version/9.0 Mobile/13D15 Safari/601.1" "www.superior-dentistry.com"
66.87.80.1 - - [10/Sep/2016:19:10:03 -0700] "GET /js/bootstrap.min.js HTTP/1.1" 200 35601 "http://www.superior-dentistry.com/" "Mozilla/5.0 (iPhone; CPU iPhone OS 9_2_1 like Mac OS X) AppleWebKit/601.1.46 (KHTML, like Gecko) Version/9.0 Mobile/13D15 Safari/601.1" "www.superior-dentistry.com"
66.87.80.1 - - [10/Sep/2016:19:10:03 -0700] "GET /css/bootstrap.css HTTP/1.1" 200 138415 "http://www.superior-dentistry.com/" "Mozilla/5.0 (iPhone; CPU iPhone OS 9_2_1 like Mac OS X) AppleWebKit/601.1.46 (KHTML, like Gecko) Version/9.0 Mobile/13D15 Safari/601.1" "www.superior-dentistry.com"
66.87.80.1 - - [10/Sep/2016:19:10:03 -0700] "GET /js/ie-emulation-modes-warning.js HTTP/1.1" 200 2132 "http://www.superior-dentistry.com/" "Mozilla/5.0 (iPhone; CPU iPhone OS 9_2_1 like Mac OS X) AppleWebKit/601.1.46 (KHTML, like Gecko) Version/9.0 Mobile/13D15 Safari/601.1" "www.superior-dentistry.com"
66.87.80.1 - - [10/Sep/2016:19:10:03 -0700] "GET /img/oral-pathology.jpg HTTP/1.1" 200 33395 "http://www.superior-dentistry.com/" "Mozilla/5.0 (iPhone; CPU iPhone OS 9_2_1 like Mac OS X) AppleWebKit/601.1.46 (KHTML, like Gecko) Version/9.0 Mobile/13D15 Safari/601.1" "www.superior-dentistry.com"
66.87.80.1 - - [10/Sep/2016:19:10:03 -0700] "GET /img/slider3.jpg HTTP/1.1" 200 217901 "http://www.superior-dentistry.com/" "Mozilla/5.0 (iPhone; CPU iPhone OS 9_2_1 like Mac OS X) AppleWebKit/601.1.46 (KHTML, like Gecko) Version/9.0 Mobile/13D15 Safari/601.1" "www.superior-dentistry.com"
66.87.80.1 - - [10/Sep/2016:19:10:03 -0700] "GET /img/slider1.jpg HTTP/1.1" 200 268888 "http://www.superior-dentistry.com/" "Mozilla/5.0 (iPhone; CPU iPhone OS 9_2_1 like Mac OS X) AppleWebKit/601.1.46 (KHTML, like Gecko) Version/9.0 Mobile/13D15 Safari/601.1" "www.superior-dentistry.com"
66.87.80.1 - - [10/Sep/2016:19:10:03 -0700] "GET /img/slider2.jpg HTTP/1.1" 200 345766 "http://www.superior-dentistry.com/" "Mozilla/5.0 (iPhone; CPU iPhone OS 9_2_1 like Mac OS X) AppleWebKit/601.1.46 (KHTML, like Gecko) Version/9.0 Mobile/13D15 Safari/601.1" "www.superior-dentistry.com"[0]
66.87.80.1 - - [10/Sep/2016:19:10:15 -0700] "GET /img/zocdoc-apt.jpg HTTP/1.1" 200 79396 "http://www.superior-dentistry.com/" "Mozilla/5.0 (iPhone; CPU iPhone OS 9_2_1 like Mac OS X) AppleWebKit/601.1.46 (KHTML, like Gecko) Version/9.0 Mobile/13D15 Safari/601.1" "www.superior-dentistry.com"
71.178.218.209 - - [10/Sep/2016:19:15:05 -0700] "GET / HTTP/1.1" 200 38900 "https://www.google.com/" "Mozilla/5.0 (Windows NT 6.3; WOW64) AppleWebKit/537.36 (KHTML, like Gecko) Chrome/52.0.2743.116 Safari/537.36" "www.superior-dentistry.com"
71.178.218.209 - - [10/Sep/2016:19:15:05 -0700] "GET /js/ie-emulation-modes-warning.js HTTP/1.1" 200 2132 "http://www.superior-dentistry.com/" "Mozilla/5.0 (Windows NT 6.3; WOW64) AppleWebKit/537.36 (KHTML, like Gecko) Chrome/52.0.2743.116 Safari/537.36" "www.superior-dentistry.com"
71.178.218.209 - - [10/Sep/2016:19:15:07 -0700] "GET /img/dental-implants.jpg HTTP/1.1" 200 22844 "http://www.superior-dentistry.com/" "Mozilla/5.0 (Windows NT 6.3; WOW64) AppleWebKit/537.36 (KHTML, like Gecko) Chrome/52.0.2743.116 Safari/537.36" "www.superior-dentistry.com"
71.178.218.209 - - [10/Sep/2016:19:15:07 -0700] "GET /img/tmj-trauma.jpg HTTP/1.1" 200 22488 "http://www.superior-dentistry.com/" "Mozilla/5.0 (Windows NT 6.3; WOW64) AppleWebKit/537.36 (KHTML, like Gecko) Chrome/52.0.2743.116 Safari/537.36" "www.superior-dentistry.com"
71.178.218.209 - - [10/Sep/2016:19:15:09 -0700] "GET /img/offer-31-05-2014-sonicare-brush.jpg HTTP/1.1" 200 13165 "http://www.superior-dentistry.com/" "Mozilla/5.0 (Windows NT 6.3; WOW64) AppleWebKit/537.36 (KHTML, like Gecko) Chrome/52.0.2743.116 Safari/537.36" "www.superior-dentistry.com"
71.178.218.209 - - [10/Sep/2016:19:15:12 -0700] "GET /js/bootstrap.min.js HTTP/1.1" 200 35601 "http://www.superior-dentistry.com/" "Mozilla/5.0 (Windows NT 6.3; WOW64) AppleWebKit/537.36 (KHTML, like Gecko) Chrome/52.0.2743.116 Safari/537.36" "www.superior-dentistry.com"[0]
198.16.7.150 - - [10/Sep/2016:19:45:53 -0700] "GET / HTTP/1.1" 200 38900 "-" "FreeWebMonitoring SiteChecker/0.2 (+http://www.freewebmonitoring.com/bot.html)" "www.superior-dentistry.com"
178.137.164.15 - - [10/Sep/2016:20:11:29 -0700] "GET / HTTP/1.1" 200 38900 "http://film-one.ru/" "Mozilla/4.0 (compatible; MSIE 5.5; Windows NT 5.0; T312461)" "www.superior-dentistry.com"
46.118.119.71 - - [10/Sep/2016:20:11:44 -0700] "GET / HTTP/1.1" 200 38900 "http://obuv-kupit.ru/" "Mozilla/4.0 (compatible; MSIE 5.0; Windows 95) Opera 6.01  [en]" "www.superior-dentistry.com"
109.230.211.45 - - [10/Sep/2016:20:49:07 -0700] "GET /Patient-Before-After-Gallery.html HTTP/1.1" 200 23825 "-" "Mozilla/5.0 (Windows NT 10.0; Win64; x64) AppleWebKit/537.36 (KHTML, like Gecko) Chrome/43.0.2351.3 Safari/537.36 Edge/12.0" "www.superior-dentistry.com"
109.230.211.148 - - [10/Sep/2016:20:52:35 -0700] "GET /Dentist-Bowie-MD/Dental-Implants-Maryland-MD.html HTTP/1.1" 200 32074 "-" "Mozilla/5.0 (Windows NT 10.0; Win64; x64) AppleWebKit/537.36 (KHTML, like Gecko) Chrome/43.0.2351.3 Safari/537.36 Edge/12.0" "www.superior-dentistry.com"
109.230.214.124 - - [10/Sep/2016:21:01:24 -0700] "GET /special-offers.html HTTP/1.1" 200 23685 "-" "Mozilla/5.0 (Windows NT 10.0; Win64; x64) AppleWebKit/537.36 (KHTML, like Gecko) Chrome/43.0.2351.3 Safari/537.36 Edge/12.0" "www.superior-dentistry.com"
54.242.164.91 - - [10/Sep/2016:21:17:22 -0700] "GET / HTTP/1.1" 200 38900 "-" "Mozilla/5.0 (X11; Linux x86_64)AppleWebKit/537.36 (KHTML, like Gecko)Chrome/43.0.2357.134 Safari/537.36http://notifyninja.com/monitoring" "superior-dentistry.com"
5.9.63.149 - - [10/Sep/2016:21:32:48 -0700] "GET /Dentists-Bowie-MD.html HTTP/1.1" 200 27344 "-" "Mozilla/5.0 (compatible; MJ12bot/v1.4.5; http://www.majestic12.co.uk/bot.php?+)" "www.superior-dentistry.com"
40.77.167.88 - - [10/Sep/2016:22:11:17 -0700] "GET /robots.txt HTTP/1.1" 200 49 "-" "Mozilla/5.0 (compatible; bingbot/2.0; +http://www.bing.com/bingbot.htm)" "superior-dentistry.com"
54.183.193.126 - - [10/Sep/2016:22:32:43 -0700] "GET / HTTP/1.1" 200 38900 "-" "Mozilla/5.0 (Windows; U; Windows NT 6.0; en-US; rv:1.9.2.3) Gecko/20100401 Firefox/3.6.3 (.NET CLR 3.5.30729)" "superior-dentistry.com"
66.249.85.163 - - [10/Sep/2016:22:40:25 -0700] "GET /favicon.ico HTTP/1.1" 200 688 "-" "Mozilla/5.0 (X11; Linux x86_64) AppleWebKit/537.36 (KHTML, like Gecko) Chrome/49.0.2623.75 Safari/537.36 Google Favicon" "superior-dentistry.com"
104.250.155.186 - - [10/Sep/2016:22:57:06 -0700] "GET / HTTP/1.1" 200 38900 "-" "Mozilla/5.0 (Windows NT 10.0; WOW64) AppleWebKit/537.36 (KHTML, like Gecko) Chrome/49.0.2623.87 Safari/537.36" "www.superior-dentistry.com"
104.250.155.186 - - [10/Sep/2016:22:57:07 -0700] "GET / HTTP/1.1" 200 38900 "-" "Mozilla/5.0 (Windows NT 10.0; WOW64) AppleWebKit/537.36 (KHTML, like Gecko) Chrome/49.0.2623.87 Safari/537.36" "www.superior-dentistry.com"
104.250.155.186 - - [10/Sep/2016:22:57:07 -0700] "GET /theme.css HTTP/1.1" 200 1926 "http://www.superior-dentistry.com/" "Mozilla/5.0 (Windows NT 10.0; WOW64) AppleWebKit/537.36 (KHTML, like Gecko) Chrome/49.0.2623.87 Safari/537.36" "www.superior-dentistry.com"
104.250.155.186 - - [10/Sep/2016:22:57:07 -0700] "GET /css/bootstrap-theme.css HTTP/1.1" 200 19156 "http://www.superior-dentistry.com/" "Mozilla/5.0 (Windows NT 10.0; WOW64) AppleWebKit/537.36 (KHTML, like Gecko) Chrome/49.0.2623.87 Safari/537.36" "www.superior-dentistry.com"
104.250.155.186 - - [10/Sep/2016:22:57:07 -0700] "GET /css/font-awesome.css HTTP/1.1" 200 28747 "http://www.superior-dentistry.com/" "Mozilla/5.0 (Windows NT 10.0; WOW64) AppleWebKit/537.36 (KHTML, like Gecko) Chrome/49.0.2623.87 Safari/537.36" "www.superior-dentistry.com"
104.250.155.186 - - [10/Sep/2016:22:57:07 -0700] "GET /js/docs.min.js HTTP/1.1" 200 43299 "http://www.superior-dentistry.com/" "Mozilla/5.0 (Windows NT 10.0; WOW64) AppleWebKit/537.36 (KHTML, like Gecko) Chrome/49.0.2623.87 Safari/537.36" "www.superior-dentistry.com"
82.193.127.15 - - [10/Sep/2016:22:59:29 -0700] "GET /%E2%80%9Dhttp://www.nicedentist.com HTTP/1.1" 404 89 "-" "Mozilla/5.0 (compatible; MJ12bot/v1.4.5; http://www.majestic12.co.uk/bot.php?+)" "superior-dentistry.com"
82.193.127.15 - - [10/Sep/2016:22:59:39 -0700] "GET /Bowie-Dentists/Childrens-Dentistry-Maryland.html HTTP/1.1" 200 28854 "-" "Mozilla/5.0 (compatible; MJ12bot/v1.4.5; http://www.majestic12.co.uk/bot.php?+)" "www.superior-dentistry.com"
192.126.155.54 - - [10/Sep/2016:23:16:27 -0700] "GET /dental-linkexchange.html HTTP/1.1" 404 89 "-" "Mozilla/5.0 (X11; Ubuntu; Linux x86_64; rv:26.0) Gecko/20100101 Firefox/26.0" "www.superior-dentistry.com"
54.242.164.91 - - [10/Sep/2016:23:25:31 -0700] "GET / HTTP/1.1" 200 38900 "-" "Mozilla/5.0 (X11; Linux x86_64)AppleWebKit/537.36 (KHTML, like Gecko)Chrome/43.0.2357.134 Safari/537.36http://notifyninja.com/monitoring" "superior-dentistry.com"
198.16.7.150 - - [10/Sep/2016:23:52:39 -0700] "GET / HTTP/1.1" 200 38900 "-" "FreeWebMonitoring SiteChecker/0.2 (+http://www.freewebmonitoring.com/bot.html)" "www.superior-dentistry.com"
72.66.100.219 - - [10/Sep/2016:23:54:07 -0700] "GET / HTTP/1.1" 200 38900 "https://www.google.com/" "Mozilla/5.0 (iPhone; CPU iPhone OS 9_2_1 like Mac OS X) AppleWebKit/601.1.46 (KHTML, like Gecko) Version/9.0 Mobile/13D15 Safari/601.1" "www.superior-dentistry.com"
72.66.100.219 - - [10/Sep/2016:23:54:07 -0700] "GET /css/bootstrap.css HTTP/1.1" 200 138415 "http://www.superior-dentistry.com/" "Mozilla/5.0 (iPhone; CPU iPhone OS 9_2_1 like Mac OS X) AppleWebKit/601.1.46 (KHTML, like Gecko) Version/9.0 Mobile/13D15 Safari/601.1" "www.superior-dentistry.com"
72.66.100.219 - - [10/Sep/2016:23:54:07 -0700] "GET /css/bootstrap-theme.css HTTP/1.1" 200 19156 "http://www.superior-dentistry.com/" "Mozilla/5.0 (iPhone; CPU iPhone OS 9_2_1 like Mac OS X) AppleWebKit/601.1.46 (KHTML, like Gecko) Version/9.0 Mobile/13D15 Safari/601.1" "www.superior-dentistry.com"
72.66.100.219 - - [10/Sep/2016:23:54:07 -0700] "GET /js/ie10-viewport-bug-workaround.js HTTP/1.1" 200 694 "http://www.superior-dentistry.com/" "Mozilla/5.0 (iPhone; CPU iPhone OS 9_2_1 like Mac OS X) AppleWebKit/601.1.46 (KHTML, like Gecko) Version/9.0 Mobile/13D15 Safari/601.1" "www.superior-dentistry.com"
72.66.100.219 - - [10/Sep/2016:23:54:07 -0700] "GET /css/font-awesome.css HTTP/1.1" 200 28747 "http://www.superior-dentistry.com/" "Mozilla/5.0 (iPhone; CPU iPhone OS 9_2_1 like Mac OS X) AppleWebKit/601.1.46 (KHTML, like Gecko) Version/9.0 Mobile/13D15 Safari/601.1" "www.superior-dentistry.com"
72.66.100.219 - - [10/Sep/2016:23:54:07 -0700] "GET /img/slider2.jpg HTTP/1.1" 200 345766 "http://www.superior-dentistry.com/" "Mozilla/5.0 (iPhone; CPU iPhone OS 9_2_1 like Mac OS X) AppleWebKit/601.1.46 (KHTML, like Gecko) Version/9.0 Mobile/13D15 Safari/601.1" "www.superior-dentistry.com"
72.66.100.219 - - [10/Sep/2016:23:54:07 -0700] "GET /img/slider3.jpg HTTP/1.1" 200 217901 "http://www.superior-dentistry.com/" "Mozilla/5.0 (iPhone; CPU iPhone OS 9_2_1 like Mac OS X) AppleWebKit/601.1.46 (KHTML, like Gecko) Version/9.0 Mobile/13D15 Safari/601.1" "www.superior-dentistry.com"
72.66.100.219 - - [10/Sep/2016:23:54:07 -0700] "GET /img/offer-31-05-2014-new-patient.jpg HTTP/1.1" 200 15365 "http://www.superior-dentistry.com/" "Mozilla/5.0 (iPhone; CPU iPhone OS 9_2_1 like Mac OS X) AppleWebKit/601.1.46 (KHTML, like Gecko) Version/9.0 Mobile/13D15 Safari/601.1" "www.superior-dentistry.com"
72.66.100.219 - - [10/Sep/2016:23:54:07 -0700] "GET /img/slider1.jpg HTTP/1.1" 200 268888 "http://www.superior-dentistry.com/" "Mozilla/5.0 (iPhone; CPU iPhone OS 9_2_1 like Mac OS X) AppleWebKit/601.1.46 (KHTML, like Gecko) Version/9.0 Mobile/13D15 Safari/601.1" "www.superior-dentistry.com"
72.66.100.219 - - [10/Sep/2016:23:54:07 -0700] "GET /img/offer-31-05-2014-whitening.jpg HTTP/1.1" 200 15686 "http://www.superior-dentistry.com/" "Mozilla/5.0 (iPhone; CPU iPhone OS 9_2_1 like Mac OS X) AppleWebKit/601.1.46 (KHTML, like Gecko) Version/9.0 Mobile/13D15 Safari/601.1" "www.superior-dentistry.com"
72.66.100.219 - - [10/Sep/2016:23:54:07 -0700] "GET /img/patients-choice-winner-2015.png HTTP/1.1" 200 9818 "http://www.superior-dentistry.com/" "Mozilla/5.0 (iPhone; CPU iPhone OS 9_2_1 like Mac OS X) AppleWebKit/601.1.46 (KHTML, like Gecko) Version/9.0 Mobile/13D15 Safari/601.1" "www.superior-dentistry.com"
72.66.100.219 - - [10/Sep/2016:23:54:07 -0700] "GET /img/offer-31-05-2014-sonicare-brush.jpg HTTP/1.1" 200 13165 "http://www.superior-dentistry.com/" "Mozilla/5.0 (iPhone; CPU iPhone OS 9_2_1 like Mac OS X) AppleWebKit/601.1.46 (KHTML, like Gecko) Version/9.0 Mobile/13D15 Safari/601.1" "www.superior-dentistry.com"
72.66.100.219 - - [10/Sep/2016:23:54:07 -0700] "GET /fonts/fontawesome-webfont.woff?v=4.3.0 HTTP/1.1" 200 71508 "http://www.superior-dentistry.com/" "Mozilla/5.0 (iPhone; CPU iPhone OS 9_2_1 like Mac OS X) AppleWebKit/601.1.46 (KHTML, like Gecko) Version/9.0 Mobile/13D15 Safari/601.1" "www.superior-dentistry.com"
72.66.100.219 - - [10/Sep/2016:23:54:08 -0700] "GET /img/zocdoc-apt.jpg HTTP/1.1" 200 79396 "http://www.superior-dentistry.com/" "Mozilla/5.0 (iPhone; CPU iPhone OS 9_2_1 like Mac OS X) AppleWebKit/601.1.46 (KHTML, like Gecko) Version/9.0 Mobile/13D15 Safari/601.1" "www.superior-dentistry.com"
107.22.43.235 - - [11/Sep/2016:00:37:38 -0700] "GET /contact-us.html HTTP/1.1" 200 23728 "-" "Mozilla/5.0 (Windows NT 6.3; WOW64) AppleWebKit/537.36 (KHTML, like Gecko) Chrome/34.0.1847.137 Safari/537.36" "superior-dentistry.com"
54.81.160.19 - - [11/Sep/2016:00:37:57 -0700] "GET /index.html HTTP/1.1" 200 38900 "-" "Mozilla/5.0 (Windows NT 6.3; WOW64) AppleWebKit/537.36 (KHTML, like Gecko) Chrome/34.0.1847.137 Safari/537.36" "superior-dentistry.com"[0]
54.146.62.72 - - [11/Sep/2016:00:41:14 -0700] "GET /index.html HTTP/1.1" 200 38900 "-" "Mozilla/5.0 (Windows NT 6.3; WOW64) AppleWebKit/537.36 (KHTML, like Gecko) Chrome/32.0.1700.76 Safari/537.36" "superior-dentistry.com"
107.22.42.46 - - [11/Sep/2016:00:41:22 -0700] "GET /contact-us.html HTTP/1.1" 200 23728 "-" "Mozilla/5.0 (Windows NT 6.3; WOW64) AppleWebKit/537.36 (KHTML, like Gecko) Chrome/32.0.1700.76 Safari/537.36" "superior-dentistry.com"
107.22.42.46 - - [11/Sep/2016:00:41:22 -0700] "GET /js/ie-emulation-modes-warning.js HTTP/1.1" 200 2132 "http://superior-dentistry.com/contact-us.html" "Mozilla/5.0 (Windows NT 6.3; WOW64) AppleWebKit/537.36 (KHTML, like Gecko) Chrome/32.0.1700.76 Safari/537.36" "superior-dentistry.com"
107.22.42.46 - - [11/Sep/2016:00:41:23 -0700] "GET /css/bootstrap-theme.css HTTP/1.1" 200 19156 "http://superior-dentistry.com/contact-us.html" "Mozilla/5.0 (Windows NT 6.3; WOW64) AppleWebKit/537.36 (KHTML, like Gecko) Chrome/32.0.1700.76 Safari/537.36" "superior-dentistry.com"
107.22.42.46 - - [11/Sep/2016:00:41:23 -0700] "GET /js/docs.min.js HTTP/1.1" 200 43299 "http://superior-dentistry.com/contact-us.html" "Mozilla/5.0 (Windows NT 6.3; WOW64) AppleWebKit/537.36 (KHTML, like Gecko) Chrome/32.0.1700.76 Safari/537.36" "superior-dentistry.com"
107.22.42.46 - - [11/Sep/2016:00:41:24 -0700] "GET /js/bootstrap.min.js HTTP/1.1" 200 35601 "http://superior-dentistry.com/contact-us.html" "Mozilla/5.0 (Windows NT 6.3; WOW64) AppleWebKit/537.36 (KHTML, like Gecko) Chrome/32.0.1700.76 Safari/537.36" "superior-dentistry.com"
54.146.62.72 - - [11/Sep/2016:00:43:03 -0700] "GET /js/jquery-1.6.4.min.js HTTP/1.1" 404 89 "http://superior-dentistry.com/blog.php" "Mozilla/5.0 (Windows NT 6.3; WOW64) AppleWebKit/537.36 (KHTML, like Gecko) Chrome/32.0.1700.76 Safari/537.36" "superior-dentistry.com"
54.146.62.72 - - [11/Sep/2016:00:43:04 -0700] "GET /fonts/fontawesome-webfont.woff?v=4.3.0 HTTP/1.1" 200 71508 "http://superior-dentistry.com/blog.php" "Mozilla/5.0 (Windows NT 6.3; WOW64) AppleWebKit/537.36 (KHTML, like Gecko) Chrome/32.0.1700.76 Safari/537.36" "superior-dentistry.com"
54.198.185.83 - - [11/Sep/2016:00:51:47 -0700] "GET /meet-staff.html HTTP/1.1" 200 22168 "-" "Mozilla/5.0 (Windows NT 6.3; WOW64) AppleWebKit/537.36 (KHTML, like Gecko) Chrome/32.0.1700.76 Safari/537.36" "superior-dentistry.com"
54.198.185.83 - - [11/Sep/2016:00:51:47 -0700] "GET /css/bootstrap-theme.css HTTP/1.1" 200 19156 "http://superior-dentistry.com/meet-staff.html" "Mozilla/5.0 (Windows NT 6.3; WOW64) AppleWebKit/537.36 (KHTML, like Gecko) Chrome/32.0.1700.76 Safari/537.36" "superior-dentistry.com"
54.198.185.83 - - [11/Sep/2016:00:51:47 -0700] "GET /theme.css HTTP/1.1" 200 1926 "http://superior-dentistry.com/meet-staff.html" "Mozilla/5.0 (Windows NT 6.3; WOW64) AppleWebKit/537.36 (KHTML, like Gecko) Chrome/32.0.1700.76 Safari/537.36" "superior-dentistry.com"
54.198.185.83 - - [11/Sep/2016:00:51:47 -0700] "GET /js/ie-emulation-modes-warning.js HTTP/1.1" 200 2132 "http://superior-dentistry.com/meet-staff.html" "Mozilla/5.0 (Windows NT 6.3; WOW64) AppleWebKit/537.36 (KHTML, like Gecko) Chrome/32.0.1700.76 Safari/537.36" "superior-dentistry.com"
54.198.185.83 - - [11/Sep/2016:00:51:47 -0700] "GET /js/bootstrap.min.js HTTP/1.1" 200 35601 "http://superior-dentistry.com/meet-staff.html" "Mozilla/5.0 (Windows NT 6.3; WOW64) AppleWebKit/537.36 (KHTML, like Gecko) Chrome/32.0.1700.76 Safari/537.36" "superior-dentistry.com"
54.198.185.83 - - [11/Sep/2016:00:51:47 -0700] "GET /css/bootstrap.css HTTP/1.1" 200 138415 "http://superior-dentistry.com/meet-staff.html" "Mozilla/5.0 (Windows NT 6.3; WOW64) AppleWebKit/537.36 (KHTML, like Gecko) Chrome/32.0.1700.76 Safari/537.36" "superior-dentistry.com"
54.198.185.83 - - [11/Sep/2016:00:51:47 -0700] "GET /js/docs.min.js HTTP/1.1" 200 43299 "http://superior-dentistry.com/meet-staff.html" "Mozilla/5.0 (Windows NT 6.3; WOW64) AppleWebKit/537.36 (KHTML, like Gecko) Chrome/32.0.1700.76 Safari/537.36" "superior-dentistry.com"[0]
54.198.185.83 - - [11/Sep/2016:00:51:47 -0700] "GET /js/ie10-viewport-bug-workaround.js HTTP/1.1" 200 694 "http://superior-dentistry.com/meet-staff.html" "Mozilla/5.0 (Windows NT 6.3; WOW64) AppleWebKit/537.36 (KHTML, like Gecko) Chrome/32.0.1700.76 Safari/537.36" "superior-dentistry.com"
54.80.5.120 - - [11/Sep/2016:00:54:06 -0700] "GET / HTTP/1.1" 200 38900 "-" "Mozilla/5.0 (Windows NT 6.3; WOW64) AppleWebKit/537.36 (KHTML, like Gecko) Chrome/32.0.1700.76 Safari/537.36" "superior-dentistry.com"
54.80.5.120 - - [11/Sep/2016:00:54:06 -0700] "GET /theme.css HTTP/1.1" 200 1926 "http://superior-dentistry.com/" "Mozilla/5.0 (Windows NT 6.3; WOW64) AppleWebKit/537.36 (KHTML, like Gecko) Chrome/32.0.1700.76 Safari/537.36" "superior-dentistry.com"
54.80.5.120 - - [11/Sep/2016:00:54:06 -0700] "GET /js/docs.min.js HTTP/1.1" 200 43299 "http://superior-dentistry.com/" "Mozilla/5.0 (Windows NT 6.3; WOW64) AppleWebKit/537.36 (KHTML, like Gecko) Chrome/32.0.1700.76 Safari/537.36" "superior-dentistry.com"
198.16.7.150 - - [11/Sep/2016:00:54:11 -0700] "GET / HTTP/1.1" 200 38900 "-" "FreeWebMonitoring SiteChecker/0.2 (+http://www.freewebmonitoring.com/bot.html)" "www.superior-dentistry.com"
54.242.164.91 - - [11/Sep/2016:01:29:32 -0700] "GET / HTTP/1.1" 200 38900 "-" "Mozilla/5.0 (X11; Linux x86_64)AppleWebKit/537.36 (KHTML, like Gecko)Chrome/43.0.2357.134 Safari/537.36http://notifyninja.com/monitoring" "superior-dentistry.com"
198.16.7.150 - - [11/Sep/2016:01:54:53 -0700] "GET / HTTP/1.1" 200 38900 "-" "FreeWebMonitoring SiteChecker/0.2 (+http://www.freewebmonitoring.com/bot.html)" "www.superior-dentistry.com"
5.255.250.30 - - [11/Sep/2016:02:32:06 -0700] "GET /robots.txt HTTP/1.1" 200 49 "-" "Mozilla/5.0 (compatible; YandexBot/3.0; +http://yandex.com/bots)" "superior-dentistry.com"
180.76.15.144 - - [11/Sep/2016:02:46:47 -0700] "GET /js/ie-emulation-modes-warning.js HTTP/1.1" 200 2132 "http://superior-dentistry.com/" "Mozilla/5.0 (Windows NT 10.0; WOW64) AppleWebKit/537.36 (KHTML, like Gecko) Chrome/45.0.2454.93 Safari/537.36" "superior-dentistry.com"
180.76.15.26 - - [11/Sep/2016:02:46:47 -0700] "GET /js/ie10-viewport-bug-workaround.js HTTP/1.1" 200 694 "http://superior-dentistry.com/" "Mozilla/5.0 (Windows NT 10.0; WOW64) AppleWebKit/537.36 (KHTML, like Gecko) Chrome/45.0.2454.93 Safari/537.36" "superior-dentistry.com"
62.210.97.48 - - [11/Sep/2016:02:51:24 -0700] "GET /robots.txt HTTP/1.1" 200 49 "-" "Mozilla/5.0 (compatible; MJ12bot/v1.4.5; http://www.majestic12.co.uk/bot.php?+)" "www.superior-dentistry.com"
62.210.97.48 - - [11/Sep/2016:02:51:26 -0700] "GET /testimonials.html HTTP/1.1" 200 24785 "-" "Mozilla/5.0 (compatible; MJ12bot/v1.4.5; http://www.majestic12.co.uk/bot.php?+)" "www.superior-dentistry.com"
96.255.188.167 - - [11/Sep/2016:03:08:05 -0700] "GET /js/docs.min.js HTTP/1.1" 304 - "http://www.superior-dentistry.com/services.html" "Mozilla/5.0 (Linux; Android 5.0.2; SM-T357T Build/LRX22G) AppleWebKit/537.36 (KHTML, like Gecko) Chrome/53.0.2785.97 Safari/537.36" "www.superior-dentistry.com"
96.255.188.167 - - [11/Sep/2016:03:08:05 -0700] "GET /img/invisalign.jpg HTTP/1.1" 200 142640 "http://www.superior-dentistry.com/services.html" "Mozilla/5.0 (Linux; Android 5.0.2; SM-T357T Build/LRX22G) AppleWebKit/537.36 (KHTML, like Gecko) Chrome/53.0.2785.97 Safari/537.36" "www.superior-dentistry.com"
96.255.188.167 - - [11/Sep/2016:03:08:05 -0700] "GET /img/dental-extractions.jpg HTTP/1.1" 200 165246 "http://www.superior-dentistry.com/services.html" "Mozilla/5.0 (Linux; Android 5.0.2; SM-T357T Build/LRX22G) AppleWebKit/537.36 (KHTML, like Gecko) Chrome/53.0.2785.97 Safari/537.36" "www.superior-dentistry.com"
96.255.188.167 - - [11/Sep/2016:03:08:05 -0700] "GET /img/endodontia-root-canal-treatment.jpg HTTP/1.1" 200 126762 "http://www.superior-dentistry.com/services.html" "Mozilla/5.0 (Linux; Android 5.0.2; SM-T357T Build/LRX22G) AppleWebKit/537.36 (KHTML, like Gecko) Chrome/53.0.2785.97 Safari/537.36" "www.superior-dentistry.com"
96.255.188.167 - - [11/Sep/2016:03:08:05 -0700] "GET /img/night-guard.jpg HTTP/1.1" 200 106940 "http://www.superior-dentistry.com/services.html" "Mozilla/5.0 (Linux; Android 5.0.2; SM-T357T Build/LRX22G) AppleWebKit/537.36 (KHTML, like Gecko) Chrome/53.0.2785.97 Safari/537.36" "www.superior-dentistry.com"
96.255.188.167 - - [11/Sep/2016:03:08:05 -0700] "GET /img/implant-before-and-after.jpg HTTP/1.1" 200 122702 "http://www.superior-dentistry.com/services.html" "Mozilla/5.0 (Linux; Android 5.0.2; SM-T357T Build/LRX22G) AppleWebKit/537.36 (KHTML, like Gecko) Chrome/53.0.2785.97 Safari/537.36" "www.superior-dentistry.com"
96.255.188.167 - - [11/Sep/2016:03:08:08 -0700] "GET /img/zocdoc-apt.jpg HTTP/1.1" 200 79396 "http://www.superior-dentistry.com/services.html" "Mozilla/5.0 (Linux; Android 5.0.2; SM-T357T Build/LRX22G) AppleWebKit/537.36 (KHTML, like Gecko) Chrome/53.0.2785.97 Safari/537.36" "www.superior-dentistry.com"
199.16.156.124 - - [11/Sep/2016:03:08:13 -0700] "GET /images/logo1.jpg HTTP/1.1" 404 89 "-" "Twitterbot/1.0" "www.superior-dentistry.com"
199.16.156.125 - - [11/Sep/2016:03:08:13 -0700] "GET /images/logo1.jpg HTTP/1.1" 404 89 "-" "Twitterbot/1.0" "www.superior-dentistry.com"
199.16.156.124 - - [11/Sep/2016:03:08:13 -0700] "GET /images/logo1.jpg HTTP/1.1" 404 89 "-" "Twitterbot/1.0" "www.superior-dentistry.com"[0]
46.4.123.172 - - [11/Sep/2016:03:14:44 -0700] "GET /testimonials.html HTTP/1.1" 200 24785 "-" "Mozilla/5.0 (compatible; MJ12bot/v1.4.5; http://www.majestic12.co.uk/bot.php?+)" "www.superior-dentistry.com"
65.36.241.48 - - [11/Sep/2016:03:24:11 -0700] "HEAD / HTTP/1.1" 200 0 "-" "InternetSeer.com" "www.superior-dentistry.com"
174.129.237.157 - - [11/Sep/2016:03:33:29 -0700] "GET / HTTP/1.1" 200 38900 "-" "ia_archiver" "www.superior-dentistry.com"
5.9.111.70 - - [11/Sep/2016:03:38:26 -0700] "GET /robots.txt HTTP/1.1" 200 49 "-" "Mozilla/5.0 (compatible; MJ12bot/v1.4.5; http://www.majestic12.co.uk/bot.php?+)" "superior-dentistry.com"
5.9.111.70 - - [11/Sep/2016:03:38:32 -0700] "GET /Dental-LinkExchange.html HTTP/1.1" 200 24959 "-" "Mozilla/5.0 (compatible; MJ12bot/v1.4.5; http://www.majestic12.co.uk/bot.php?+)" "www.superior-dentistry.com"
213.239.210.249 - - [11/Sep/2016:03:41:14 -0700] "GET /contact-us.html HTTP/1.1" 200 23728 "-" "Mozilla/5.0 (Windows; U; Windows NT 6.1; de; rv:1.9.2.12) Gecko/20101026 Firefox/3.6.12" "www.superior-dentistry.com"
213.239.210.249 - - [11/Sep/2016:03:41:14 -0700] "GET /services.html HTTP/1.1" 200 34139 "-" "Mozilla/5.0 (Windows; U; Windows NT 6.1; de; rv:1.9.2.12) Gecko/20101026 Firefox/3.6.12" "www.superior-dentistry.com"
213.239.210.249 - - [11/Sep/2016:03:41:15 -0700] "GET /services.html HTTP/1.1" 200 34139 "-" "Mozilla/5.0 (Windows; U; Windows NT 6.1; de; rv:1.9.2.12) Gecko/20101026 Firefox/3.6.12" "www.superior-dentistry.com"
213.239.210.249 - - [11/Sep/2016:03:41:17 -0700] "GET /blog.php HTTP/1.1" 200 107037 "-" "Mozilla/5.0 (Windows; U; Windows NT 6.1; de; rv:1.9.2.12) Gecko/20101026 Firefox/3.6.12" "www.superior-dentistry.com"
198.16.7.150 - - [11/Sep/2016:03:56:25 -0700] "GET / HTTP/1.1" 200 38900 "-" "FreeWebMonitoring SiteChecker/0.2 (+http://www.freewebmonitoring.com/bot.html)" "www.superior-dentistry.com"
62.210.90.118 - - [11/Sep/2016:03:57:04 -0700] "GET /robots.txt HTTP/1.1" 200 49 "-" "Mozilla/5.0 (compatible; MJ12bot/v1.4.5; http://www.majestic12.co.uk/bot.php?+)" "superior-dentistry.com"
180.76.15.143 - - [11/Sep/2016:04:14:08 -0700] "GET /Dentist-Bowie-MD/less/?N=A HTTP/1.1" 200 2563 "-" "Mozilla/5.0 (compatible; Baiduspider/2.0; +http://www.baidu.com/search/spider.html)" "www.superior-dentistry.com"
178.255.215.79 - - [11/Sep/2016:04:16:13 -0700] "GET /Dentist-Bowie-MD/Dental-Implants-Maryland-MD.html HTTP/1.1" 200 32074 "-" "Mozilla/5.0 (compatible; Exabot/3.0; +http://www.exabot.com/go/robot)" "www.superior-dentistry.com"
144.76.8.132 - - [11/Sep/2016:04:24:46 -0700] "GET /Patient-Before-After-Gallery.html HTTP/1.1" 200 23825 "-" "Mozilla/5.0 (compatible; MJ12bot/v1.4.5; http://www.majestic12.co.uk/bot.php?+)" "www.superior-dentistry.com"[0]
54.242.164.91 - - [11/Sep/2016:04:34:08 -0700] "GET / HTTP/1.1" 200 38900 "-" "Mozilla/5.0 (X11; Linux x86_64)AppleWebKit/537.36 (KHTML, like Gecko)Chrome/43.0.2357.134 Safari/537.36http://notifyninja.com/monitoring" "superior-dentistry.com"
180.76.15.157 - - [11/Sep/2016:04:47:37 -0700] "GET /Dentist-Bowie-MD/css/font-awesome.css HTTP/1.1" 200 28747 "-" "Mozilla/5.0 (compatible; Baiduspider/2.0; +http://www.baidu.com/search/spider.html)" "www.superior-dentistry.com"
157.55.39.173 - - [11/Sep/2016:04:50:58 -0700] "GET /Bowie-Dentists/firstvisit.php HTTP/1.1" 200 73 "-" "Mozilla/5.0 (compatible; bingbot/2.0; +http://www.bing.com/bingbot.htm)" "superior-dentistry.com"
198.16.7.150 - - [11/Sep/2016:04:58:03 -0700] "GET / HTTP/1.1" 200 38900 "-" "FreeWebMonitoring SiteChecker/0.2 (+http://www.freewebmonitoring.com/bot.html)" "www.superior-dentistry.com"
54.221.206.141 - - [11/Sep/2016:05:12:07 -0700] "HEAD /Dental-LinkExchange.html HTTP/1.1" 200 0 "-" "Mozilla/5.0 (Windows; U; Windows NT 5.1; en-US; rv:1.7.5) Gecko/20041107 Firefox/1.0" "superior-dentistry.com"[0]
54.221.206.141 - - [11/Sep/2016:05:12:07 -0700] "GET /Dental-LinkExchange.html HTTP/1.1" 200 24959 "-" "Mozilla/5.0 (Windows; U; Windows NT 5.1; en-US; rv:1.7.5) Gecko/20041107 Firefox/1.0" "superior-dentistry.com"
95.79.30.13 - - [11/Sep/2016:05:48:16 -0700] "GET /Dental-LinkExchange.html HTTP/1.1" 200 24959 "-" "Mozilla/5.0 (compatible; MSIE 10.0; Windows NT 6.2; Trident/6.0; Zune 8.2.62; Zune 3.8.54; MEGAUPLOAD 3.9.34)" "www.superior-dentistry.com"
66.249.69.147 - - [11/Sep/2016:05:50:01 -0700] "GET /assets/flash/ZeroClipboard.swf?noCache=1473465600033&trustedOrigins=www.superior-dentistry.com%2C%2F%2Fwww.superior-dentistry.com%2Chttp%3A%2F%2Fwww.superior-dentistry.com HTTP/1.1" 404 89 "-" "Googlebot-Video/1.0" "www.superior-dentistry.com"
157.55.39.127 - - [11/Sep/2016:05:56:38 -0700] "GET /meet-staff.php HTTP/1.1" 200 73 "-" "msnbot-media/1.1 (+http://search.msn.com/msnbot.htm)" "www.superior-dentistry.com"
180.76.15.137 - - [11/Sep/2016:06:28:05 -0700] "GET /Dentist-Bowie-MD/css/ HTTP/1.1" 200 1872 "-" "Mozilla/5.0 (compatible; Baiduspider/2.0; +http://www.baidu.com/search/spider.html)" "www.superior-dentistry.com"
180.76.15.15 - - [11/Sep/2016:06:57:51 -0700] "GET /Patient-Information-Form.pdf HTTP/1.1" 200 1114112 "-" "Mozilla/5.0 (compatible; Baiduspider/2.0; +http://www.baidu.com/search/spider.html)" "superior-dentistry.com"
198.16.7.150 - - [11/Sep/2016:07:01:55 -0700] "GET / HTTP/1.1" 200 38900 "-" "FreeWebMonitoring SiteChecker/0.2 (+http://www.freewebmonitoring.com/bot.html)" "www.superior-dentistry.com"
51.254.131.246 - - [11/Sep/2016:07:05:57 -0700] "GET /robots.txt HTTP/1.1" 200 49 "-" "Mozilla/5.0 (compatible; MJ12bot/v1.4.5; http://www.majestic12.co.uk/bot.php?+)" "www.superior-dentistry.com"
73.132.59.121 - - [11/Sep/2016:07:28:22 -0700] "GET / HTTP/1.1" 200 38900 "-" "Mozilla/5.0 (iPhone; CPU iPhone OS 9_3_4 like Mac OS X) AppleWebKit/601.1.46 (KHTML, like Gecko) Version/9.0 Mobile/13G35 Safari/601.1" "www.superior-dentistry.com"
195.154.181.168 - - [11/Sep/2016:07:42:19 -0700] "GET /wp-admin/user/wp-reader.php HTTP/1.1" 404 89 "http://www.superior-dentistry.com/wp-admin/user/wp-reader.php" "Mozilla/5.0 (Windows NT 6.1; WOW64) AppleWebKit/537.36 (KHTML, like Gecko) Chrome/42.0.2311.152 Safari/537.36" "www.superior-dentistry.com"
54.242.164.91 - - [11/Sep/2016:07:53:43 -0700] "GET / HTTP/1.1" 200 38900 "-" "Mozilla/5.0 (X11; Linux x86_64)AppleWebKit/537.36 (KHTML, like Gecko)Chrome/43.0.2357.134 Safari/537.36http://notifyninja.com/monitoring" "superior-dentistry.com"
198.16.7.150 - - [11/Sep/2016:08:03:47 -0700] "GET / HTTP/1.1" 200 38900 "-" "FreeWebMonitoring SiteChecker/0.2 (+http://www.freewebmonitoring.com/bot.html)" "www.superior-dentistry.com"
141.8.143.194 - - [11/Sep/2016:08:23:56 -0700] "GET /sitemap.xml HTTP/1.1" 200 4530 "-" "Mozilla/5.0 (compatible; YandexBot/3.0; +http://yandex.com/bots)" "superior-dentistry.com"
157.55.39.173 - - [11/Sep/2016:08:50:43 -0700] "GET /robots.txt HTTP/1.1" 200 49 "-" "Mozilla/5.0 (compatible; bingbot/2.0; +http://www.bing.com/bingbot.htm)" "www.superior-dentistry.com"
54.197.74.229 - - [11/Sep/2016:09:50:10 -0700] "GET / HTTP/1.1" 200 38900 "-" "roboto" "superior-dentistry.com"
54.236.1.11 - - [11/Sep/2016:10:05:18 -0700] "GET /favicon.ico HTTP/1.1" 200 688 "-" "Pinterest/0.2 (+http://www.pinterest.com/)" "www.superior-dentistry.com"
54.236.1.11 - - [11/Sep/2016:10:05:18 -0700] "GET /apple-touch-icon.png HTTP/1.1" 404 89 "-" "Pinterest/0.2 (+http://www.pinterest.com/)" "www.superior-dentistry.com"
54.236.1.11 - - [11/Sep/2016:10:05:20 -0700] "GET /Dentist-Bowie-MD/img/doctor-achievement.jpg HTTP/1.1" 200 200838 "-" "Pinterest/0.2 (+http://www.pinterest.com/)" "www.superior-dentistry.com"
148.251.95.16 - - [11/Sep/2016:10:09:10 -0700] "GET /Dental-LinkExchange.html%0D HTTP/1.1" 404 89 "http://www.superior-dentistry.com/Dental-LinkExchange.html%0D" "Pcore-HTTP/v0.24.5" "www.superior-dentistry.com"
54.242.164.91 - - [11/Sep/2016:10:59:26 -0700] "GET / HTTP/1.1" 200 38900 "-" "Mozilla/5.0 (X11; Linux x86_64)AppleWebKit/537.36 (KHTML, like Gecko)Chrome/43.0.2357.134 Safari/537.36http://notifyninja.com/monitoring" "superior-dentistry.com"
148.251.95.16 - - [11/Sep/2016:11:00:48 -0700] "GET /Dental-Sites-We-Like.html%0D HTTP/1.1" 404 89 "http://www.superior-dentistry.com/Dental-Sites-We-Like.html%0D" "Pcore-HTTP/v0.24.5" "www.superior-dentistry.com"
198.16.7.150 - - [11/Sep/2016:11:08:20 -0700] "GET / HTTP/1.1" 200 38900 "-" "FreeWebMonitoring SiteChecker/0.2 (+http://www.freewebmonitoring.com/bot.html)" "www.superior-dentistry.com"
40.77.167.88 - - [11/Sep/2016:11:25:06 -0700] "GET /Dentist-Bowie-MD/css/?D=D HTTP/1.1" 200 1872 "-" "Mozilla/5.0 (compatible; bingbot/2.0; +http://www.bing.com/bingbot.htm)" "www.superior-dentistry.com"
54.196.3.254 - - [11/Sep/2016:11:36:49 -0700] "GET / HTTP/1.1" 200 38900 "-" "Mozilla/5.0 (Windows NT 6.1; WOW64) AppleWebKit/537.36 (KHTML, like Gecko) Chrome/28.0.1500.95 Safari/537.36" "www.superior-dentistry.com"
54.196.3.254 - - [11/Sep/2016:11:36:50 -0700] "GET /index.html HTTP/1.1" 200 38900 "-" "Mozilla/5.0 (Windows NT 6.1; WOW64) AppleWebKit/537.36 (KHTML, like Gecko) Chrome/28.0.1500.95 Safari/537.36" "www.superior-dentistry.com"
180.76.15.29 - - [11/Sep/2016:11:54:24 -0700] "GET /index.php HTTP/1.1" 200 73 "-" "Mozilla/5.0 (compatible; Baiduspider/2.0; +http://www.baidu.com/search/spider.html)" "www.superior-dentistry.com"
54.242.164.91 - - [11/Sep/2016:12:02:38 -0700] "GET / HTTP/1.1" 200 38900 "-" "Mozilla/5.0 (X11; Linux x86_64)AppleWebKit/537.36 (KHTML, like Gecko)Chrome/43.0.2357.134 Safari/537.36http://notifyninja.com/monitoring" "superior-dentistry.com"
213.239.205.118 - - [11/Sep/2016:12:06:55 -0700] "GET /Dental-Sites-We-Like.html HTTP/1.1" 200 41846 "-" "Mozilla/5.0 (compatible; MSIE 9.0; Windows NT 6.0; Trident/5.0; SLCC1; .NET CLR 2.0.50727; Media Center PC 5.0; .NET CLR 3.5.21022; .NET CLR 3.5.30729; MDDC; .NET CLR 3.0.30729; .NET4.0C; .NET4.0E)" "superior-dentistry.com"
213.239.205.118 - - [11/Sep/2016:12:06:57 -0700] "GET /firstvisit.html HTTP/1.1" 200 24044 "-" "Mozilla/5.0 (compatible; MSIE 9.0; Windows NT 6.0; Trident/5.0; SLCC1; .NET CLR 2.0.50727; Media Center PC 5.0; .NET CLR 3.5.21022; .NET CLR 3.5.30729; MDDC; .NET CLR 3.0.30729; .NET4.0C; .NET4.0E)" "superior-dentistry.com"
199.59.148.210 - - [11/Sep/2016:12:10:29 -0700] "GET /images/endodontia-root-canal-treatment.jpg HTTP/1.1" 404 89 "-" "Twitterbot/1.0" "www.superior-dentistry.com"
213.239.205.118 - - [11/Sep/2016:12:19:32 -0700] "GET /Dental-Sites-We-Like.html HTTP/1.1" 200 41846 "-" "Mozilla/5.0 (Windows NT 6.1) AppleWebKit/537.36 (KHTML, like Gecko) Iron/32.0.1750.1 Chrome/32.0.1750.1 Safari/537.36" "superior-dentistry.com"[0]
213.239.205.118 - - [11/Sep/2016:12:19:34 -0700] "GET /testimonial.html HTTP/1.1" 404 89 "-" "Mozilla/5.0 (Windows NT 6.1) AppleWebKit/537.36 (KHTML, like Gecko) Iron/32.0.1750.1 Chrome/32.0.1750.1 Safari/537.36" "superior-dentistry.com"
213.239.205.118 - - [11/Sep/2016:12:19:34 -0700] "GET /Dental-LinkExchange.html HTTP/1.1" 200 24959 "-" "Mozilla/5.0 (Windows NT 6.1) AppleWebKit/537.36 (KHTML, like Gecko) Iron/32.0.1750.1 Chrome/32.0.1750.1 Safari/537.36" "superior-dentistry.com"
108.48.49.6 - - [11/Sep/2016:12:32:49 -0700] "GET /img/dental-implants.jpg HTTP/1.1" 200 22844 "http://www.superior-dentistry.com/" "Mozilla/5.0 (iPhone; CPU iPhone OS 9_3_3 like Mac OS X) AppleWebKit/601.1.46 (KHTML, like Gecko) Version/9.0 Mobile/13G34 Safari/601.1" "www.superior-dentistry.com"
108.48.49.6 - - [11/Sep/2016:12:32:49 -0700] "GET /img/jaw-surgery.jpg HTTP/1.1" 200 27058 "http://www.superior-dentistry.com/" "Mozilla/5.0 (iPhone; CPU iPhone OS 9_3_3 like Mac OS X) AppleWebKit/601.1.46 (KHTML, like Gecko) Version/9.0 Mobile/13G34 Safari/601.1" "www.superior-dentistry.com"
66.249.69.147 - - [11/Sep/2016:13:03:17 -0700] "GET /assets/flash/ZeroClipboard.swf?noCache=1458086400033&trustedOrigins=www.superior-dentistry.com%2C%2F%2Fwww.superior-dentistry.com%2Chttp%3A%2F%2Fwww.superior-dentistry.com HTTP/1.1" 404 89 "-" "Googlebot-Video/1.0" "www.superior-dentistry.com"
180.76.15.154 - - [11/Sep/2016:13:27:45 -0700] "GET /js/ie10-viewport-bug-workaround.js HTTP/1.1" 200 694 "-" "Mozilla/5.0 (compatible; Baiduspider/2.0; +http://www.baidu.com/search/spider.html)" "superior-dentistry.com"
180.76.15.10 - - [11/Sep/2016:13:36:39 -0700] "GET /?publisher=localcom_rbl&placement=octane360 HTTP/1.1" 200 38900 "-" "Mozilla/5.0 (compatible; Baiduspider/2.0; +http://www.baidu.com/search/spider.html)" "www.superior-dentistry.com"
72.66.100.73 - - [11/Sep/2016:13:47:29 -0700] "GET / HTTP/1.1" 200 38900 "https://www.google.com/" "Mozilla/5.0 (Macintosh; Intel Mac OS X 10_10_5) AppleWebKit/601.7.8 (KHTML, like Gecko) Version/9.1.3 Safari/601.7.8" "www.superior-dentistry.com"
72.66.100.73 - - [11/Sep/2016:13:47:29 -0700] "GET /theme.css HTTP/1.1" 200 1926 "http://www.superior-dentistry.com/" "Mozilla/5.0 (Macintosh; Intel Mac OS X 10_10_5) AppleWebKit/601.7.8 (KHTML, like Gecko) Version/9.1.3 Safari/601.7.8" "www.superior-dentistry.com"
72.66.100.73 - - [11/Sep/2016:13:47:29 -0700] "GET /js/ie-emulation-modes-warning.js HTTP/1.1" 200 2132 "http://www.superior-dentistry.com/" "Mozilla/5.0 (Macintosh; Intel Mac OS X 10_10_5) AppleWebKit/601.7.8 (KHTML, like Gecko) Version/9.1.3 Safari/601.7.8" "www.superior-dentistry.com"
72.66.100.73 - - [11/Sep/2016:13:47:29 -0700] "GET /css/bootstrap-theme.css HTTP/1.1" 200 19156 "http://www.superior-dentistry.com/" "Mozilla/5.0 (Macintosh; Intel Mac OS X 10_10_5) AppleWebKit/601.7.8 (KHTML, like Gecko) Version/9.1.3 Safari/601.7.8" "www.superior-dentistry.com"
72.66.100.73 - - [11/Sep/2016:13:47:29 -0700] "GET /css/font-awesome.css HTTP/1.1" 200 28747 "http://www.superior-dentistry.com/" "Mozilla/5.0 (Macintosh; Intel Mac OS X 10_10_5) AppleWebKit/601.7.8 (KHTML, like Gecko) Version/9.1.3 Safari/601.7.8" "www.superior-dentistry.com"
72.66.100.73 - - [11/Sep/2016:13:47:29 -0700] "GET /js/bootstrap.min.js HTTP/1.1" 200 35601 "http://www.superior-dentistry.com/" "Mozilla/5.0 (Macintosh; Intel Mac OS X 10_10_5) AppleWebKit/601.7.8 (KHTML, like Gecko) Version/9.1.3 Safari/601.7.8" "www.superior-dentistry.com"
72.66.100.73 - - [11/Sep/2016:13:47:29 -0700] "GET /css/bootstrap.css HTTP/1.1" 200 138415 "http://www.superior-dentistry.com/" "Mozilla/5.0 (Macintosh; Intel Mac OS X 10_10_5) AppleWebKit/601.7.8 (KHTML, like Gecko) Version/9.1.3 Safari/601.7.8" "www.superior-dentistry.com"
72.66.100.73 - - [11/Sep/2016:13:47:29 -0700] "GET /js/docs.min.js HTTP/1.1" 200 43299 "http://www.superior-dentistry.com/" "Mozilla/5.0 (Macintosh; Intel Mac OS X 10_10_5) AppleWebKit/601.7.8 (KHTML, like Gecko) Version/9.1.3 Safari/601.7.8" "www.superior-dentistry.com"
72.66.100.73 - - [11/Sep/2016:13:47:29 -0700] "GET /js/ie10-viewport-bug-workaround.js HTTP/1.1" 200 694 "http://www.superior-dentistry.com/" "Mozilla/5.0 (Macintosh; Intel Mac OS X 10_10_5) AppleWebKit/601.7.8 (KHTML, like Gecko) Version/9.1.3 Safari/601.7.8" "www.superior-dentistry.com"
72.66.100.73 - - [11/Sep/2016:13:47:29 -0700] "GET /img/wisdom-teeth-extraction.jpg HTTP/1.1" 200 23758 "http://www.superior-dentistry.com/" "Mozilla/5.0 (Macintosh; Intel Mac OS X 10_10_5) AppleWebKit/601.7.8 (KHTML, like Gecko) Version/9.1.3 Safari/601.7.8" "www.superior-dentistry.com"
72.66.100.73 - - [11/Sep/2016:13:47:29 -0700] "GET /img/jaw-surgery.jpg HTTP/1.1" 200 27058 "http://www.superior-dentistry.com/" "Mozilla/5.0 (Macintosh; Intel Mac OS X 10_10_5) AppleWebKit/601.7.8 (KHTML, like Gecko) Version/9.1.3 Safari/601.7.8" "www.superior-dentistry.com"
72.66.100.73 - - [11/Sep/2016:13:47:29 -0700] "GET /img/oral-pathology.jpg HTTP/1.1" 200 33395 "http://www.superior-dentistry.com/" "Mozilla/5.0 (Macintosh; Intel Mac OS X 10_10_5) AppleWebKit/601.7.8 (KHTML, like Gecko) Version/9.1.3 Safari/601.7.8" "www.superior-dentistry.com"
72.66.100.73 - - [11/Sep/2016:13:47:29 -0700] "GET /img/dental-implants.jpg HTTP/1.1" 200 22844 "http://www.superior-dentistry.com/" "Mozilla/5.0 (Macintosh; Intel Mac OS X 10_10_5) AppleWebKit/601.7.8 (KHTML, like Gecko) Version/9.1.3 Safari/601.7.8" "www.superior-dentistry.com"
72.66.100.73 - - [11/Sep/2016:13:47:29 -0700] "GET /img/extraction.jpg HTTP/1.1" 200 30135 "http://www.superior-dentistry.com/" "Mozilla/5.0 (Macintosh; Intel Mac OS X 10_10_5) AppleWebKit/601.7.8 (KHTML, like Gecko) Version/9.1.3 Safari/601.7.8" "www.superior-dentistry.com"
72.66.100.73 - - [11/Sep/2016:13:47:29 -0700] "GET /img/logo.jpg HTTP/1.1" 200 139628 "http://www.superior-dentistry.com/" "Mozilla/5.0 (Macintosh; Intel Mac OS X 10_10_5) AppleWebKit/601.7.8 (KHTML, like Gecko) Version/9.1.3 Safari/601.7.8" "www.superior-dentistry.com"
72.66.100.73 - - [11/Sep/2016:13:47:29 -0700] "GET /img/tmj-trauma.jpg HTTP/1.1" 200 22488 "http://www.superior-dentistry.com/" "Mozilla/5.0 (Macintosh; Intel Mac OS X 10_10_5) AppleWebKit/601.7.8 (KHTML, like Gecko) Version/9.1.3 Safari/601.7.8" "www.superior-dentistry.com"[0]
72.66.100.73 - - [11/Sep/2016:13:47:29 -0700] "GET /img/slider1.jpg HTTP/1.1" 200 268888 "http://www.superior-dentistry.com/" "Mozilla/5.0 (Macintosh; Intel Mac OS X 10_10_5) AppleWebKit/601.7.8 (KHTML, like Gecko) Version/9.1.3 Safari/601.7.8" "www.superior-dentistry.com"
72.66.100.73 - - [11/Sep/2016:13:47:29 -0700] "GET /img/meetdr-ali.jpg HTTP/1.1" 200 60533 "http://www.superior-dentistry.com/" "Mozilla/5.0 (Macintosh; Intel Mac OS X 10_10_5) AppleWebKit/601.7.8 (KHTML, like Gecko) Version/9.1.3 Safari/601.7.8" "www.superior-dentistry.com"
72.66.100.73 - - [11/Sep/2016:13:47:29 -0700] "GET /img/slider3.jpg HTTP/1.1" 200 217901 "http://www.superior-dentistry.com/" "Mozilla/5.0 (Macintosh; Intel Mac OS X 10_10_5) AppleWebKit/601.7.8 (KHTML, like Gecko) Version/9.1.3 Safari/601.7.8" "www.superior-dentistry.com"
72.66.100.73 - - [11/Sep/2016:13:47:29 -0700] "GET /img/slider2.jpg HTTP/1.1" 200 345766 "http://www.superior-dentistry.com/" "Mozilla/5.0 (Macintosh; Intel Mac OS X 10_10_5) AppleWebKit/601.7.8 (KHTML, like Gecko) Version/9.1.3 Safari/601.7.8" "www.superior-dentistry.com"
72.66.100.73 - - [11/Sep/2016:13:47:29 -0700] "GET /img/meetdr-melika.jpg HTTP/1.1" 200 75968 "http://www.superior-dentistry.com/" "Mozilla/5.0 (Macintosh; Intel Mac OS X 10_10_5) AppleWebKit/601.7.8 (KHTML, like Gecko) Version/9.1.3 Safari/601.7.8" "www.superior-dentistry.com"
72.66.100.73 - - [11/Sep/2016:13:47:30 -0700] "GET /img/patients-choice-winner-2015.png HTTP/1.1" 200 9818 "http://www.superior-dentistry.com/" "Mozilla/5.0 (Macintosh; Intel Mac OS X 10_10_5) AppleWebKit/601.7.8 (KHTML, like Gecko) Version/9.1.3 Safari/601.7.8" "www.superior-dentistry.com"
72.66.100.73 - - [11/Sep/2016:13:47:30 -0700] "GET /img/offer-31-05-2014-sonicare-brush.jpg HTTP/1.1" 200 13165 "http://www.superior-dentistry.com/" "Mozilla/5.0 (Macintosh; Intel Mac OS X 10_10_5) AppleWebKit/601.7.8 (KHTML, like Gecko) Version/9.1.3 Safari/601.7.8" "www.superior-dentistry.com"
72.66.100.73 - - [11/Sep/2016:13:47:30 -0700] "GET /img/offer-31-05-2014-new-patient.jpg HTTP/1.1" 200 15365 "http://www.superior-dentistry.com/" "Mozilla/5.0 (Macintosh; Intel Mac OS X 10_10_5) AppleWebKit/601.7.8 (KHTML, like Gecko) Version/9.1.3 Safari/601.7.8" "www.superior-dentistry.com"
72.66.100.73 - - [11/Sep/2016:13:47:30 -0700] "GET /img/zocdoc-apt.jpg HTTP/1.1" 200 79396 "http://www.superior-dentistry.com/" "Mozilla/5.0 (Macintosh; Intel Mac OS X 10_10_5) AppleWebKit/601.7.8 (KHTML, like Gecko) Version/9.1.3 Safari/601.7.8" "www.superior-dentistry.com"[0]
72.66.100.73 - - [11/Sep/2016:13:47:30 -0700] "GET /img/offer-31-05-2014-whitening.jpg HTTP/1.1" 200 15686 "http://www.superior-dentistry.com/" "Mozilla/5.0 (Macintosh; Intel Mac OS X 10_10_5) AppleWebKit/601.7.8 (KHTML, like Gecko) Version/9.1.3 Safari/601.7.8" "www.superior-dentistry.com"
72.66.100.73 - - [11/Sep/2016:13:47:30 -0700] "GET /fonts/fontawesome-webfont.woff?v=4.3.0 HTTP/1.1" 200 71508 "http://www.superior-dentistry.com/" "Mozilla/5.0 (Macintosh; Intel Mac OS X 10_10_5) AppleWebKit/601.7.8 (KHTML, like Gecko) Version/9.1.3 Safari/601.7.8" "www.superior-dentistry.com"
72.66.100.73 - - [11/Sep/2016:13:47:30 -0700] "GET /assets/flash/ZeroClipboard.swf?noCache=1473626849716 HTTP/1.1" 404 89 "http://www.superior-dentistry.com/" "Mozilla/5.0 (Macintosh; Intel Mac OS X 10_10_5) AppleWebKit/601.7.8 (KHTML, like Gecko) Version/9.1.3 Safari/601.7.8" "www.superior-dentistry.com"
54.242.164.91 - - [11/Sep/2016:14:03:55 -0700] "GET / HTTP/1.1" 200 38900 "-" "Mozilla/5.0 (X11; Linux x86_64)AppleWebKit/537.36 (KHTML, like Gecko)Chrome/43.0.2357.134 Safari/537.36http://notifyninja.com/monitoring" "superior-dentistry.com"
