173.79.198.104 - - [24/Sep/2016:17:27:49 -0700] "GET /meet-staff.html HTTP/1.1" 200 22168 "http://www.superior-dentistry.com/Patient-Before-After-Gallery.html" "Mozilla/5.0 (iPhone; CPU iPhone OS 9_3_4 like Mac OS X) AppleWebKit/601.1.46 (KHTML, like Gecko) Version/9.0 Mobile/13G35 Safari/601.1" "www.superior-dentistry.com"
199.16.156.125 - - [24/Sep/2016:17:27:51 -0700] "GET /images/logo1.jpg HTTP/1.1" 404 89 "-" "Twitterbot/1.0" "www.superior-dentistry.com"
65.36.241.48 - - [24/Sep/2016:17:28:50 -0700] "HEAD / HTTP/1.1" 200 0 "-" "InternetSeer.com" "www.superior-dentistry.com"
173.79.198.104 - - [24/Sep/2016:17:28:51 -0700] "GET /index.html HTTP/1.1" 200 38900 "http://www.superior-dentistry.com/meet-staff.html" "Mozilla/5.0 (iPhone; CPU iPhone OS 9_3_4 like Mac OS X) AppleWebKit/601.1.46 (KHTML, like Gecko) Version/9.0 Mobile/13G35 Safari/601.1" "www.superior-dentistry.com"
173.79.198.104 - - [24/Sep/2016:17:28:51 -0700] "GET /img/offer-31-05-2014-whitening.jpg HTTP/1.1" 200 15686 "http://www.superior-dentistry.com/index.html" "Mozilla/5.0 (iPhone; CPU iPhone OS 9_3_4 like Mac OS X) AppleWebKit/601.1.46 (KHTML, like Gecko) Version/9.0 Mobile/13G35 Safari/601.1" "www.superior-dentistry.com"
198.16.7.150 - - [24/Sep/2016:18:10:46 -0700] "GET / HTTP/1.1" 200 38900 "-" "FreeWebMonitoring SiteChecker/0.2 (+http://www.freewebmonitoring.com/bot.html)" "www.superior-dentistry.com"
134.249.65.218 - - [24/Sep/2016:18:18:27 -0700] "GET / HTTP/1.1" 200 38900 "http://avramstroy.ru/" "Mozilla/4.0 (compatible; MSIE 5.5; Windows NT 4.0; .NET CLR 1.0.2914)" "www.superior-dentistry.com"
134.249.65.218 - - [24/Sep/2016:18:18:27 -0700] "GET / HTTP/1.1" 200 38900 "http://avramstroy.ru/" "Mozilla/4.0 (compatible; MSIE 5.5; Windows NT 4.0; .NET CLR 1.0.2914)" "www.superior-dentistry.com"
134.249.65.218 - - [24/Sep/2016:18:18:28 -0700] "GET / HTTP/1.1" 200 38900 "http://avramstroy.ru/" "Mozilla/4.0 (compatible; MSIE 5.5; Windows NT 4.0; .NET CLR 1.0.2914)" "www.superior-dentistry.com"
207.46.13.139 - - [24/Sep/2016:18:49:21 -0700] "GET /robots.txt HTTP/1.1" 200 49 "-" "Mozilla/5.0 (compatible; bingbot/2.0; +http://www.bing.com/bingbot.htm)" "www.superior-dentistry.com"
70.192.198.49 - - [24/Sep/2016:19:11:05 -0700] "GET /Bowie-Dentists/css/bootstrap-theme.css HTTP/1.1" 200 19156 "http://www.superior-dentistry.com/Bowie-Dentists/Childrens-Dentistry-Maryland.html" "Mozilla/5.0 (iPhone; CPU iPhone OS 9_3_4 like Mac OS X) AppleWebKit/601.1.46 (KHTML, like Gecko) Version/9.0 Mobile/13G35 Safari/601.1" "www.superior-dentistry.com"
70.192.198.49 - - [24/Sep/2016:19:11:05 -0700] "GET /Bowie-Dentists/css/bootstrap.css HTTP/1.1" 200 138415 "http://www.superior-dentistry.com/Bowie-Dentists/Childrens-Dentistry-Maryland.html" "Mozilla/5.0 (iPhone; CPU iPhone OS 9_3_4 like Mac OS X) AppleWebKit/601.1.46 (KHTML, like Gecko) Version/9.0 Mobile/13G35 Safari/601.1" "www.superior-dentistry.com"
198.16.7.150 - - [24/Sep/2016:19:11:58 -0700] "GET / HTTP/1.1" 200 38900 "-" "FreeWebMonitoring SiteChecker/0.2 (+http://www.freewebmonitoring.com/bot.html)" "www.superior-dentistry.com"
96.255.111.28 - - [24/Sep/2016:20:02:18 -0700] "GET /js/docs.min.js HTTP/1.1" 200 43299 "http://www.superior-dentistry.com/index.html" "Mozilla/5.0 (iPad; CPU OS 8_4 like Mac OS X) AppleWebKit/600.1.4 (KHTML, like Gecko) Version/8.0 Mobile/12H143 Safari/600.1.4" "www.superior-dentistry.com"
96.255.111.28 - - [24/Sep/2016:20:02:18 -0700] "GET /img/logo.jpg HTTP/1.1" 200 139628 "http://www.superior-dentistry.com/index.html" "Mozilla/5.0 (iPad; CPU OS 8_4 like Mac OS X) AppleWebKit/600.1.4 (KHTML, like Gecko) Version/8.0 Mobile/12H143 Safari/600.1.4" "www.superior-dentistry.com"
96.255.111.28 - - [24/Sep/2016:20:02:18 -0700] "GET /fonts/fontawesome-webfont.woff?v=4.3.0 HTTP/1.1" 200 71508 "http://www.superior-dentistry.com/index.html" "Mozilla/5.0 (iPad; CPU OS 8_4 like Mac OS X) AppleWebKit/600.1.4 (KHTML, like Gecko) Version/8.0 Mobile/12H143 Safari/600.1.4" "www.superior-dentistry.com"
96.255.111.28 - - [24/Sep/2016:20:02:19 -0700] "GET /img/zocdoc-apt.jpg HTTP/1.1" 200 79396 "http://www.superior-dentistry.com/index.html" "Mozilla/5.0 (iPad; CPU OS 8_4 like Mac OS X) AppleWebKit/600.1.4 (KHTML, like Gecko) Version/8.0 Mobile/12H143 Safari/600.1.4" "www.superior-dentistry.com"
73.132.160.141 - - [24/Sep/2016:20:32:35 -0700] "GET / HTTP/1.1" 200 38900 "-" "Mozilla/5.0 (iPhone; CPU iPhone OS 9_3_4 like Mac OS X) AppleWebKit/600.1.4 (KHTML, like Gecko) GSA/18.1.132077863 Mobile/13G35 Safari/600.1.4" "www.superior-dentistry.com"
73.132.160.141 - - [24/Sep/2016:20:32:35 -0700] "GET /theme.css HTTP/1.1" 200 1926 "http://www.superior-dentistry.com/" "Mozilla/5.0 (iPhone; CPU iPhone OS 9_3_4 like Mac OS X) AppleWebKit/600.1.4 (KHTML, like Gecko) GSA/18.1.132077863 Mobile/13G35 Safari/600.1.4" "www.superior-dentistry.com"
73.132.160.141 - - [24/Sep/2016:20:32:35 -0700] "GET /css/bootstrap-theme.css HTTP/1.1" 200 19156 "http://www.superior-dentistry.com/" "Mozilla/5.0 (iPhone; CPU iPhone OS 9_3_4 like Mac OS X) AppleWebKit/600.1.4 (KHTML, like Gecko) GSA/18.1.132077863 Mobile/13G35 Safari/600.1.4" "www.superior-dentistry.com"
73.132.160.141 - - [24/Sep/2016:20:32:35 -0700] "GET /css/font-awesome.css HTTP/1.1" 200 28747 "http://www.superior-dentistry.com/" "Mozilla/5.0 (iPhone; CPU iPhone OS 9_3_4 like Mac OS X) AppleWebKit/600.1.4 (KHTML, like Gecko) GSA/18.1.132077863 Mobile/13G35 Safari/600.1.4" "www.superior-dentistry.com"
73.132.160.141 - - [24/Sep/2016:20:32:35 -0700] "GET /js/ie-emulation-modes-warning.js HTTP/1.1" 200 2132 "http://www.superior-dentistry.com/" "Mozilla/5.0 (iPhone; CPU iPhone OS 9_3_4 like Mac OS X) AppleWebKit/600.1.4 (KHTML, like Gecko) GSA/18.1.132077863 Mobile/13G35 Safari/600.1.4" "www.superior-dentistry.com"
73.132.160.141 - - [24/Sep/2016:20:32:35 -0700] "GET /css/bootstrap.css HTTP/1.1" 200 138415 "http://www.superior-dentistry.com/" "Mozilla/5.0 (iPhone; CPU iPhone OS 9_3_4 like Mac OS X) AppleWebKit/600.1.4 (KHTML, like Gecko) GSA/18.1.132077863 Mobile/13G35 Safari/600.1.4" "www.superior-dentistry.com"
73.132.160.141 - - [24/Sep/2016:20:32:35 -0700] "GET /img/dental-implants.jpg HTTP/1.1" 200 22844 "http://www.superior-dentistry.com/" "Mozilla/5.0 (iPhone; CPU iPhone OS 9_3_4 like Mac OS X) AppleWebKit/600.1.4 (KHTML, like Gecko) GSA/18.1.132077863 Mobile/13G35 Safari/600.1.4" "www.superior-dentistry.com"
73.132.160.141 - - [24/Sep/2016:20:32:35 -0700] "GET /js/docs.min.js HTTP/1.1" 200 43299 "http://www.superior-dentistry.com/" "Mozilla/5.0 (iPhone; CPU iPhone OS 9_3_4 like Mac OS X) AppleWebKit/600.1.4 (KHTML, like Gecko) GSA/18.1.132077863 Mobile/13G35 Safari/600.1.4" "www.superior-dentistry.com"
73.132.160.141 - - [24/Sep/2016:20:32:35 -0700] "GET /img/wisdom-teeth-extraction.jpg HTTP/1.1" 200 23758 "http://www.superior-dentistry.com/" "Mozilla/5.0 (iPhone; CPU iPhone OS 9_3_4 like Mac OS X) AppleWebKit/600.1.4 (KHTML, like Gecko) GSA/18.1.132077863 Mobile/13G35 Safari/600.1.4" "www.superior-dentistry.com"
73.132.160.141 - - [24/Sep/2016:20:32:35 -0700] "GET /img/jaw-surgery.jpg HTTP/1.1" 200 27058 "http://www.superior-dentistry.com/" "Mozilla/5.0 (iPhone; CPU iPhone OS 9_3_4 like Mac OS X) AppleWebKit/600.1.4 (KHTML, like Gecko) GSA/18.1.132077863 Mobile/13G35 Safari/600.1.4" "www.superior-dentistry.com"
73.132.160.141 - - [24/Sep/2016:20:32:35 -0700] "GET /img/oral-pathology.jpg HTTP/1.1" 200 33395 "http://www.superior-dentistry.com/" "Mozilla/5.0 (iPhone; CPU iPhone OS 9_3_4 like Mac OS X) AppleWebKit/600.1.4 (KHTML, like Gecko) GSA/18.1.132077863 Mobile/13G35 Safari/600.1.4" "www.superior-dentistry.com"[0]
73.132.160.141 - - [24/Sep/2016:20:32:35 -0700] "GET /img/tmj-trauma.jpg HTTP/1.1" 200 22488 "http://www.superior-dentistry.com/" "Mozilla/5.0 (iPhone; CPU iPhone OS 9_3_4 like Mac OS X) AppleWebKit/600.1.4 (KHTML, like Gecko) GSA/18.1.132077863 Mobile/13G35 Safari/600.1.4" "www.superior-dentistry.com"
73.132.160.141 - - [24/Sep/2016:20:32:37 -0700] "GET /img/offer-31-05-2014-whitening.jpg HTTP/1.1" 200 15686 "http://www.superior-dentistry.com/" "Mozilla/5.0 (iPhone; CPU iPhone OS 9_3_4 like Mac OS X) AppleWebKit/600.1.4 (KHTML, like Gecko) GSA/18.1.132077863 Mobile/13G35 Safari/600.1.4" "www.superior-dentistry.com"
73.132.160.141 - - [24/Sep/2016:20:32:37 -0700] "GET /img/patients-choice-winner-2015.png HTTP/1.1" 200 9818 "http://www.superior-dentistry.com/" "Mozilla/5.0 (iPhone; CPU iPhone OS 9_3_4 like Mac OS X) AppleWebKit/600.1.4 (KHTML, like Gecko) GSA/18.1.132077863 Mobile/13G35 Safari/600.1.4" "www.superior-dentistry.com"
73.132.160.141 - - [24/Sep/2016:20:32:38 -0700] "GET /img/offer-31-05-2014-sonicare-brush.jpg HTTP/1.1" 200 13165 "http://www.superior-dentistry.com/" "Mozilla/5.0 (iPhone; CPU iPhone OS 9_3_4 like Mac OS X) AppleWebKit/600.1.4 (KHTML, like Gecko) GSA/18.1.132077863 Mobile/13G35 Safari/600.1.4" "www.superior-dentistry.com"
73.132.160.141 - - [24/Sep/2016:20:32:39 -0700] "GET /fonts/fontawesome-webfont.woff?v=4.3.0 HTTP/1.1" 200 71508 "http://www.superior-dentistry.com/" "Mozilla/5.0 (iPhone; CPU iPhone OS 9_3_4 like Mac OS X) AppleWebKit/600.1.4 (KHTML, like Gecko) GSA/18.1.132077863 Mobile/13G35 Safari/600.1.4" "www.superior-dentistry.com"
73.132.160.141 - - [24/Sep/2016:20:32:45 -0700] "GET /services.html HTTP/1.1" 200 34139 "http://www.superior-dentistry.com/" "Mozilla/5.0 (iPhone; CPU iPhone OS 9_3_4 like Mac OS X) AppleWebKit/600.1.4 (KHTML, like Gecko) GSA/18.1.132077863 Mobile/13G35 Safari/600.1.4" "www.superior-dentistry.com"
73.132.160.141 - - [24/Sep/2016:20:32:46 -0700] "GET /img/periodontalsurgery.jpg HTTP/1.1" 200 56963 "http://www.superior-dentistry.com/services.html" "Mozilla/5.0 (iPhone; CPU iPhone OS 9_3_4 like Mac OS X) AppleWebKit/600.1.4 (KHTML, like Gecko) GSA/18.1.132077863 Mobile/13G35 Safari/600.1.4" "www.superior-dentistry.com"
73.132.160.141 - - [24/Sep/2016:20:32:46 -0700] "GET /img/dental-extractions.jpg HTTP/1.1" 200 165246 "http://www.superior-dentistry.com/services.html" "Mozilla/5.0 (iPhone; CPU iPhone OS 9_3_4 like Mac OS X) AppleWebKit/600.1.4 (KHTML, like Gecko) GSA/18.1.132077863 Mobile/13G35 Safari/600.1.4" "www.superior-dentistry.com"
73.132.160.141 - - [24/Sep/2016:20:32:46 -0700] "GET /img/doctor-achievement.jpg HTTP/1.1" 200 200838 "http://www.superior-dentistry.com/services.html" "Mozilla/5.0 (iPhone; CPU iPhone OS 9_3_4 like Mac OS X) AppleWebKit/600.1.4 (KHTML, like Gecko) GSA/18.1.132077863 Mobile/13G35 Safari/600.1.4" "www.superior-dentistry.com"
73.132.160.141 - - [24/Sep/2016:20:32:46 -0700] "GET /img/invisalign.jpg HTTP/1.1" 200 142640 "http://www.superior-dentistry.com/services.html" "Mozilla/5.0 (iPhone; CPU iPhone OS 9_3_4 like Mac OS X) AppleWebKit/600.1.4 (KHTML, like Gecko) GSA/18.1.132077863 Mobile/13G35 Safari/600.1.4" "www.superior-dentistry.com"
73.132.160.141 - - [24/Sep/2016:20:32:46 -0700] "GET /img/dentures.jpg HTTP/1.1" 200 126240 "http://www.superior-dentistry.com/services.html" "Mozilla/5.0 (iPhone; CPU iPhone OS 9_3_4 like Mac OS X) AppleWebKit/600.1.4 (KHTML, like Gecko) GSA/18.1.132077863 Mobile/13G35 Safari/600.1.4" "www.superior-dentistry.com"
73.132.160.141 - - [24/Sep/2016:20:32:46 -0700] "GET /img/care3.jpg HTTP/1.1" 200 62411 "http://www.superior-dentistry.com/services.html" "Mozilla/5.0 (iPhone; CPU iPhone OS 9_3_4 like Mac OS X) AppleWebKit/600.1.4 (KHTML, like Gecko) GSA/18.1.132077863 Mobile/13G35 Safari/600.1.4" "www.superior-dentistry.com"
73.132.160.141 - - [24/Sep/2016:20:32:46 -0700] "GET /img/Teeth-Whitening1.jpg HTTP/1.1" 200 150063 "http://www.superior-dentistry.com/services.html" "Mozilla/5.0 (iPhone; CPU iPhone OS 9_3_4 like Mac OS X) AppleWebKit/600.1.4 (KHTML, like Gecko) GSA/18.1.132077863 Mobile/13G35 Safari/600.1.4" "www.superior-dentistry.com"
73.132.160.141 - - [24/Sep/2016:20:32:46 -0700] "GET /img/Lumineers.jpg HTTP/1.1" 200 70250 "http://www.superior-dentistry.com/services.html" "Mozilla/5.0 (iPhone; CPU iPhone OS 9_3_4 like Mac OS X) AppleWebKit/600.1.4 (KHTML, like Gecko) GSA/18.1.132077863 Mobile/13G35 Safari/600.1.4" "www.superior-dentistry.com"[0]
73.132.160.141 - - [24/Sep/2016:20:32:47 -0700] "GET /img/porcelain-veneers.jpg HTTP/1.1" 200 151567 "http://www.superior-dentistry.com/services.html" "Mozilla/5.0 (iPhone; CPU iPhone OS 9_3_4 like Mac OS X) AppleWebKit/600.1.4 (KHTML, like Gecko) GSA/18.1.132077863 Mobile/13G35 Safari/600.1.4" "www.superior-dentistry.com"
199.16.156.124 - - [24/Sep/2016:20:32:49 -0700] "GET /robots.txt HTTP/1.1" 200 49 "-" "Twitterbot/1.0" "www.superior-dentistry.com"
199.16.156.124 - - [24/Sep/2016:20:32:49 -0700] "GET /robots.txt HTTP/1.1" 200 49 "-" "Twitterbot/1.0" "www.superior-dentistry.com"
199.16.156.124 - - [24/Sep/2016:20:32:49 -0700] "GET /images/logo1.jpg HTTP/1.1" 404 89 "-" "Twitterbot/1.0" "www.superior-dentistry.com"
149.202.114.211 - - [24/Sep/2016:20:49:41 -0700] "GET /?author=1 HTTP/1.1" 200 38900 "-" "Mozilla/5.0 (Windows NT 6.3; WOW64; rv:28.0) Gecko/20100101 Firefox/28.0" "superior-dentistry.com"
40.77.167.16 - - [24/Sep/2016:21:05:09 -0700] "GET /Dentistry-Maryland-MD.html HTTP/1.1" 200 30875 "-" "Mozilla/5.0 (compatible; bingbot/2.0; +http://www.bing.com/bingbot.htm)" "www.superior-dentistry.com"
198.16.7.150 - - [24/Sep/2016:21:13:23 -0700] "GET / HTTP/1.1" 200 38900 "-" "FreeWebMonitoring SiteChecker/0.2 (+http://www.freewebmonitoring.com/bot.html)" "www.superior-dentistry.com"
54.242.164.91 - - [24/Sep/2016:21:15:18 -0700] "GET / HTTP/1.1" 200 38900 "-" "Mozilla/5.0 (X11; Linux x86_64)AppleWebKit/537.36 (KHTML, like Gecko)Chrome/43.0.2357.134 Safari/537.36http://notifyninja.com/monitoring" "superior-dentistry.com"
104.160.8.94 - - [24/Sep/2016:21:22:07 -0700] "GET / HTTP/1.1" 200 38900 "-" "Mozilla/5.0 (Windows NT 10.0; WOW64) AppleWebKit/537.36 (KHTML, like Gecko) Chrome/50.0.2661.102 Safari/537.36" "www.superior-dentistry.com"
159.203.124.118 - - [24/Sep/2016:21:35:57 -0700] "GET / HTTP/1.1" 200 38900 "-" "-" "www.superior-dentistry.com"
199.30.16.181 - - [24/Sep/2016:22:06:25 -0700] "GET /js/ie-emulation-modes-warning.js HTTP/1.1" 200 2132 "http://www.superior-dentistry.com/Dentistry-Maryland-MD.html" "Mozilla/5.0 (Windows NT 6.1; WOW64) AppleWebKit/534+ (KHTML, like Gecko) BingPreview/1.0b" "www.superior-dentistry.com"
199.30.16.181 - - [24/Sep/2016:22:06:29 -0700] "GET /fonts/fontawesome-webfont.ttf?v=4.3.0 HTTP/1.1" 200 122092 "http://www.superior-dentistry.com/Dentistry-Maryland-MD.html" "Mozilla/5.0 (Windows NT 6.1; WOW64) AppleWebKit/534+ (KHTML, like Gecko) BingPreview/1.0b" "www.superior-dentistry.com"
198.16.7.150 - - [24/Sep/2016:22:14:41 -0700] "GET / HTTP/1.1" 200 38900 "-" "FreeWebMonitoring SiteChecker/0.2 (+http://www.freewebmonitoring.com/bot.html)" "www.superior-dentistry.com"
54.242.164.91 - - [25/Sep/2016:00:55:45 -0700] "GET / HTTP/1.1" 200 38900 "-" "Mozilla/5.0 (X11; Linux x86_64)AppleWebKit/537.36 (KHTML, like Gecko)Chrome/43.0.2357.134 Safari/537.36http://notifyninja.com/monitoring" "superior-dentistry.com"
66.249.75.186 - - [25/Sep/2016:01:16:23 -0700] "GET /Dentist-Bowie-MD/services.html HTTP/1.1" 404 89 "-" "Mozilla/5.0 (compatible; Googlebot/2.1; +http://www.google.com/bot.html)" "www.superior-dentistry.com"
198.16.7.150 - - [25/Sep/2016:01:17:46 -0700] "GET / HTTP/1.1" 200 38900 "-" "FreeWebMonitoring SiteChecker/0.2 (+http://www.freewebmonitoring.com/bot.html)" "www.superior-dentistry.com"
66.249.75.182 - - [25/Sep/2016:01:18:25 -0700] "GET /Dentist-Bowie-MD/meet-staff.html HTTP/1.1" 404 89 "-" "Mozilla/5.0 (compatible; Googlebot/2.1; +http://www.google.com/bot.html)" "www.superior-dentistry.com"
66.249.75.186 - - [25/Sep/2016:01:18:37 -0700] "GET /Dentist-Bowie-MD/firstvisit.html HTTP/1.1" 404 89 "-" "Mozilla/5.0 (compatible; Googlebot/2.1; +http://www.google.com/bot.html)" "www.superior-dentistry.com"
66.249.75.186 - - [25/Sep/2016:01:28:57 -0700] "GET /Dentist-Bowie-MD/Patient-Before-After-Gallery.html HTTP/1.1" 404 89 "-" "Mozilla/5.0 (compatible; Googlebot/2.1; +http://www.google.com/bot.html)" "www.superior-dentistry.com"
54.242.164.91 - - [25/Sep/2016:02:09:07 -0700] "GET / HTTP/1.1" 200 38900 "-" "Mozilla/5.0 (X11; Linux x86_64)AppleWebKit/537.36 (KHTML, like Gecko)Chrome/43.0.2357.134 Safari/537.36http://notifyninja.com/monitoring" "superior-dentistry.com"
180.76.15.33 - - [25/Sep/2016:02:19:29 -0700] "GET /Patient-Information-Form.pdf HTTP/1.1" 200 1048576 "-" "Mozilla/5.0 (compatible; Baiduspider/2.0; +http://www.baidu.com/search/spider.html)" "www.superior-dentistry.com"
180.76.15.24 - - [25/Sep/2016:02:25:52 -0700] "GET /css/bootstrap-theme.css HTTP/1.1" 200 19156 "-" "Mozilla/5.0 (compatible; Baiduspider/2.0; +http://www.baidu.com/search/spider.html)" "superior-dentistry.com"
40.77.167.16 - - [25/Sep/2016:02:31:54 -0700] "GET /robots.txt HTTP/1.1" 200 49 "-" "Mozilla/5.0 (compatible; bingbot/2.0; +http://www.bing.com/bingbot.htm)" "superior-dentistry.com"
207.46.13.139 - - [25/Sep/2016:03:03:23 -0700] "GET /robots.txt HTTP/1.1" 200 49 "-" "Mozilla/5.0 (compatible; bingbot/2.0; +http://www.bing.com/bingbot.htm)" "www.superior-dentistry.com"
198.16.7.150 - - [25/Sep/2016:03:20:32 -0700] "GET / HTTP/1.1" 200 38900 "-" "FreeWebMonitoring SiteChecker/0.2 (+http://www.freewebmonitoring.com/bot.html)" "www.superior-dentistry.com"
54.242.164.91 - - [25/Sep/2016:03:22:29 -0700] "GET / HTTP/1.1" 200 38900 "-" "Mozilla/5.0 (X11; Linux x86_64)AppleWebKit/537.36 (KHTML, like Gecko)Chrome/43.0.2357.134 Safari/537.36http://notifyninja.com/monitoring" "superior-dentistry.com"
180.76.15.29 - - [25/Sep/2016:03:26:23 -0700] "GET /Dentist-Bowie-MD/less/rotated-flipped.less HTTP/1.1" 200 622 "-" "Mozilla/5.0 (compatible; Baiduspider/2.0; +http://www.baidu.com/search/spider.html)" "www.superior-dentistry.com"
66.249.75.182 - - [25/Sep/2016:03:47:19 -0700] "GET /assets/flash/ZeroClipboard.swf?noCache=1474675200033&trustedOrigins=www.superior-dentistry.com%2C%2F%2Fwww.superior-dentistry.com%2Chttp%3A%2F%2Fwww.superior-dentistry.com HTTP/1.1" 404 89 "-" "Googlebot-Video/1.0" "www.superior-dentistry.com"
199.16.156.124 - - [25/Sep/2016:04:16:53 -0700] "GET /robots.txt HTTP/1.1" 200 49 "-" "Twitterbot/1.0" "www.superior-dentistry.com"
199.16.156.124 - - [25/Sep/2016:04:16:53 -0700] "GET /robots.txt HTTP/1.1" 200 49 "-" "Twitterbot/1.0" "www.superior-dentistry.com"[1]
199.16.156.124 - - [25/Sep/2016:04:16:53 -0700] "GET /images/logo1.jpg HTTP/1.1" 404 89 "-" "Twitterbot/1.0" "www.superior-dentistry.com"
199.16.156.124 - - [25/Sep/2016:04:16:53 -0700] "GET /images/endodontia-root-canal-treatment.jpg HTTP/1.1" 404 89 "-" "Twitterbot/1.0" "www.superior-dentistry.com"
198.16.7.150 - - [25/Sep/2016:04:22:16 -0700] "GET / HTTP/1.1" 200 38900 "-" "FreeWebMonitoring SiteChecker/0.2 (+http://www.freewebmonitoring.com/bot.html)" "www.superior-dentistry.com"
198.16.7.150 - - [25/Sep/2016:05:23:49 -0700] "GET / HTTP/1.1" 200 38900 "-" "FreeWebMonitoring SiteChecker/0.2 (+http://www.freewebmonitoring.com/bot.html)" "www.superior-dentistry.com"
66.249.75.133 - - [25/Sep/2016:05:32:02 -0700] "GET /apple-app-site-association HTTP/1.1" 403 255 "-" "Mozilla/5.0 (compatible; Googlebot/2.1; +http://www.google.com/bot.html)" "www.superior-dentistry.com"
54.242.164.91 - - [25/Sep/2016:05:47:50 -0700] "GET / HTTP/1.1" 200 38900 "-" "Mozilla/5.0 (X11; Linux x86_64)AppleWebKit/537.36 (KHTML, like Gecko)Chrome/43.0.2357.134 Safari/537.36http://notifyninja.com/monitoring" "superior-dentistry.com"
198.16.7.150 - - [25/Sep/2016:06:25:10 -0700] "GET / HTTP/1.1" 200 38900 "-" "FreeWebMonitoring SiteChecker/0.2 (+http://www.freewebmonitoring.com/bot.html)" "www.superior-dentistry.com"
54.174.7.242 - - [25/Sep/2016:06:41:47 -0700] "GET /robots.txt HTTP/1.1" 200 49 "-" "" "www.superior-dentistry.com"
54.174.7.242 - - [25/Sep/2016:06:42:46 -0700] "GET / HTTP/1.1" 200 38900 "-" "ltx71 - (http://ltx71.com/)" "www.superior-dentistry.com"
42.236.10.98 - - [25/Sep/2016:07:01:33 -0700] "GET / HTTP/1.1" 200 38900 "http://www.superior-dentistry.com/" "Mozilla/5.0 (compatible; MSIE 9.0; Windows NT 6.1; Trident/5.0); 360Spider" "www.superior-dentistry.com"
42.236.10.98 - - [25/Sep/2016:07:01:33 -0700] "GET / HTTP/1.1" 200 38900 "http://superior-dentistry.com/" "Mozilla/5.0 (compatible; MSIE 9.0; Windows NT 6.1; Trident/5.0); 360Spider" "superior-dentistry.com"
194.67.197.101 - - [25/Sep/2016:07:04:02 -0700] "GET /Dental-LinkExchange.html HTTP/1.1" 200 24959 "http://www.superior-dentistry.com/" "Mozilla/5.0 (Windows NT 6.3; WOW64; rv:45.0) Gecko/20100101 Firefox/45.0" "www.superior-dentistry.com"
54.242.164.91 - - [25/Sep/2016:07:04:08 -0700] "GET / HTTP/1.1" 200 38900 "-" "Mozilla/5.0 (X11; Linux x86_64)AppleWebKit/537.36 (KHTML, like Gecko)Chrome/43.0.2357.134 Safari/537.36http://notifyninja.com/monitoring" "superior-dentistry.com"
65.36.241.48 - - [25/Sep/2016:07:12:31 -0700] "HEAD / HTTP/1.1" 200 0 "-" "InternetSeer.com" "www.superior-dentistry.com"
198.16.7.150 - - [25/Sep/2016:07:25:33 -0700] "GET / HTTP/1.1" 200 38900 "-" "FreeWebMonitoring SiteChecker/0.2 (+http://www.freewebmonitoring.com/bot.html)" "www.superior-dentistry.com"
180.76.15.27 - - [25/Sep/2016:07:36:18 -0700] "GET /Dentist-Bowie-MD/fonts/ HTTP/1.1" 200 1487 "-" "Mozilla/5.0 (compatible; Baiduspider/2.0; +http://www.baidu.com/search/spider.html)" "www.superior-dentistry.com"
69.30.198.186 - - [25/Sep/2016:07:54:11 -0700] "GET /index.html HTTP/1.1" 200 38900 "-" "Mozilla/5.0 (compatible; MJ12bot/v1.4.5; http://www.majestic12.co.uk/bot.php?+)" "www.superior-dentistry.com"
54.242.164.91 - - [25/Sep/2016:08:22:44 -0700] "GET / HTTP/1.1" 200 38900 "-" "Mozilla/5.0 (X11; Linux x86_64)AppleWebKit/537.36 (KHTML, like Gecko)Chrome/43.0.2357.134 Safari/537.36http://notifyninja.com/monitoring" "superior-dentistry.com"
166.137.240.52 - - [25/Sep/2016:08:24:42 -0700] "GET /theme.css HTTP/1.1" 200 1926 "http://www.superior-dentistry.com/" "Mozilla/5.0 (iPhone; CPU iPhone OS 9_3_5 like Mac OS X) AppleWebKit/601.1.46 (KHTML, like Gecko) Version/9.0 Mobile/13G36 Safari/601.1" "www.superior-dentistry.com"
198.16.7.150 - - [25/Sep/2016:08:26:11 -0700] "GET / HTTP/1.1" 200 38900 "-" "FreeWebMonitoring SiteChecker/0.2 (+http://www.freewebmonitoring.com/bot.html)" "www.superior-dentistry.com"
69.197.163.195 - - [25/Sep/2016:08:51:31 -0700] "GET /%E2%80%9Dhttp://www.nicedentist.com HTTP/1.1" 404 89 "-" "Mozilla/5.0 (compatible; MJ12bot/v1.4.5; http://www.majestic12.co.uk/bot.php?+)" "www.superior-dentistry.com"
198.16.7.150 - - [25/Sep/2016:09:27:50 -0700] "GET / HTTP/1.1" 200 38900 "-" "FreeWebMonitoring SiteChecker/0.2 (+http://www.freewebmonitoring.com/bot.html)" "www.superior-dentistry.com"
54.242.164.91 - - [25/Sep/2016:09:43:48 -0700] "GET / HTTP/1.1" 200 38900 "-" "Mozilla/5.0 (X11; Linux x86_64)AppleWebKit/537.36 (KHTML, like Gecko)Chrome/43.0.2357.134 Safari/537.36http://notifyninja.com/monitoring" "superior-dentistry.com"
198.16.7.150 - - [25/Sep/2016:10:28:38 -0700] "GET / HTTP/1.1" 200 38900 "-" "FreeWebMonitoring SiteChecker/0.2 (+http://www.freewebmonitoring.com/bot.html)" "www.superior-dentistry.com"
176.9.10.227 - - [25/Sep/2016:10:55:54 -0700] "GET /robots.txt HTTP/1.1" 200 49 "-" "Mozilla/5.0 (compatible; MJ12bot/v1.4.5; http://www.majestic12.co.uk/bot.php?+)" "superior-dentistry.com"
176.9.10.227 - - [25/Sep/2016:10:55:56 -0700] "GET /Dental-Links.html HTTP/1.1" 200 27799 "-" "Mozilla/5.0 (compatible; MJ12bot/v1.4.5; http://www.majestic12.co.uk/bot.php?+)" "superior-dentistry.com"
180.76.15.8 - - [25/Sep/2016:11:02:33 -0700] "GET /Dentists-Bowie-MD.html HTTP/1.1" 200 27344 "-" "Mozilla/5.0 (compatible; Baiduspider/2.0; +http://www.baidu.com/search/spider.html)" "superior-dentistry.com"
54.242.164.91 - - [25/Sep/2016:11:05:09 -0700] "GET / HTTP/1.1" 200 38900 "-" "Mozilla/5.0 (X11; Linux x86_64)AppleWebKit/537.36 (KHTML, like Gecko)Chrome/43.0.2357.134 Safari/537.36http://notifyninja.com/monitoring" "superior-dentistry.com"
179.104.31.164 - - [25/Sep/2016:11:14:59 -0700] "GET / HTTP/1.1" 200 38900 "http://1-99seo.com/try.php?u=http://superior-dentistry.com" "Mozilla/5.0 (Windows NT 6.1; WOW64) AppleWebKit/537.36 (KHTML, like Gecko) Chrome/32.0.1700.107 Safari/537.36" "superior-dentistry.com"
179.104.31.164 - - [25/Sep/2016:11:15:00 -0700] "GET /css/bootstrap-theme.css HTTP/1.1" 200 19156 "http://superior-dentistry.com/" "Mozilla/5.0 (Windows NT 6.1; WOW64) AppleWebKit/537.36 (KHTML, like Gecko) Chrome/32.0.1700.107 Safari/537.36" "superior-dentistry.com"
179.104.31.164 - - [25/Sep/2016:11:15:00 -0700] "GET /css/bootstrap.css HTTP/1.1" 200 138415 "http://superior-dentistry.com/" "Mozilla/5.0 (Windows NT 6.1; WOW64) AppleWebKit/537.36 (KHTML, like Gecko) Chrome/32.0.1700.107 Safari/537.36" "superior-dentistry.com"
179.104.31.164 - - [25/Sep/2016:11:15:00 -0700] "GET /css/font-awesome.css HTTP/1.1" 200 28747 "http://superior-dentistry.com/" "Mozilla/5.0 (Windows NT 6.1; WOW64) AppleWebKit/537.36 (KHTML, like Gecko) Chrome/32.0.1700.107 Safari/537.36" "superior-dentistry.com"
179.104.31.164 - - [25/Sep/2016:11:15:00 -0700] "GET /js/ie-emulation-modes-warning.js HTTP/1.1" 200 2132 "http://superior-dentistry.com/" "Mozilla/5.0 (Windows NT 6.1; WOW64) AppleWebKit/537.36 (KHTML, like Gecko) Chrome/32.0.1700.107 Safari/537.36" "superior-dentistry.com"
179.104.31.164 - - [25/Sep/2016:11:15:00 -0700] "GET /js/bootstrap.min.js HTTP/1.1" 200 35601 "http://superior-dentistry.com/" "Mozilla/5.0 (Windows NT 6.1; WOW64) AppleWebKit/537.36 (KHTML, like Gecko) Chrome/32.0.1700.107 Safari/537.36" "superior-dentistry.com"
179.104.31.164 - - [25/Sep/2016:11:15:00 -0700] "GET /js/ie10-viewport-bug-workaround.js HTTP/1.1" 200 694 "http://superior-dentistry.com/" "Mozilla/5.0 (Windows NT 6.1; WOW64) AppleWebKit/537.36 (KHTML, like Gecko) Chrome/32.0.1700.107 Safari/537.36" "superior-dentistry.com"
179.104.31.164 - - [25/Sep/2016:11:15:00 -0700] "GET /js/docs.min.js HTTP/1.1" 200 43299 "http://superior-dentistry.com/" "Mozilla/5.0 (Windows NT 6.1; WOW64) AppleWebKit/537.36 (KHTML, like Gecko) Chrome/32.0.1700.107 Safari/537.36" "superior-dentistry.com"
179.104.31.164 - - [25/Sep/2016:11:15:04 -0700] "GET /img/wisdom-teeth-extraction.jpg HTTP/1.1" 200 23758 "http://superior-dentistry.com/" "Mozilla/5.0 (Windows NT 6.1; WOW64) AppleWebKit/537.36 (KHTML, like Gecko) Chrome/32.0.1700.107 Safari/537.36" "superior-dentistry.com"
179.104.31.164 - - [25/Sep/2016:11:15:04 -0700] "GET /img/logo.jpg HTTP/1.1" 200 139628 "http://superior-dentistry.com/" "Mozilla/5.0 (Windows NT 6.1; WOW64) AppleWebKit/537.36 (KHTML, like Gecko) Chrome/32.0.1700.107 Safari/537.36" "superior-dentistry.com"
179.104.31.164 - - [25/Sep/2016:11:15:04 -0700] "GET /img/dental-implants.jpg HTTP/1.1" 200 22844 "http://superior-dentistry.com/" "Mozilla/5.0 (Windows NT 6.1; WOW64) AppleWebKit/537.36 (KHTML, like Gecko) Chrome/32.0.1700.107 Safari/537.36" "superior-dentistry.com"
179.104.31.164 - - [25/Sep/2016:11:15:04 -0700] "GET /img/extraction.jpg HTTP/1.1" 200 30135 "http://superior-dentistry.com/" "Mozilla/5.0 (Windows NT 6.1; WOW64) AppleWebKit/537.36 (KHTML, like Gecko) Chrome/32.0.1700.107 Safari/537.36" "superior-dentistry.com"[0]
179.104.31.164 - - [25/Sep/2016:11:15:04 -0700] "GET /img/jaw-surgery.jpg HTTP/1.1" 200 27058 "http://superior-dentistry.com/" "Mozilla/5.0 (Windows NT 6.1; WOW64) AppleWebKit/537.36 (KHTML, like Gecko) Chrome/32.0.1700.107 Safari/537.36" "superior-dentistry.com"
179.104.31.164 - - [25/Sep/2016:11:15:04 -0700] "GET /img/oral-pathology.jpg HTTP/1.1" 200 33395 "http://superior-dentistry.com/" "Mozilla/5.0 (Windows NT 6.1; WOW64) AppleWebKit/537.36 (KHTML, like Gecko) Chrome/32.0.1700.107 Safari/537.36" "superior-dentistry.com"
179.104.31.164 - - [25/Sep/2016:11:15:05 -0700] "GET /img/tmj-trauma.jpg HTTP/1.1" 200 22488 "http://superior-dentistry.com/" "Mozilla/5.0 (Windows NT 6.1; WOW64) AppleWebKit/537.36 (KHTML, like Gecko) Chrome/32.0.1700.107 Safari/537.36" "superior-dentistry.com"[0]
179.104.31.164 - - [25/Sep/2016:11:15:06 -0700] "GET /img/slider1.jpg HTTP/1.1" 200 268888 "http://superior-dentistry.com/" "Mozilla/5.0 (Windows NT 6.1; WOW64) AppleWebKit/537.36 (KHTML, like Gecko) Chrome/32.0.1700.107 Safari/537.36" "superior-dentistry.com"
179.104.31.164 - - [25/Sep/2016:11:15:06 -0700] "GET /img/slider2.jpg HTTP/1.1" 200 345766 "http://superior-dentistry.com/" "Mozilla/5.0 (Windows NT 6.1; WOW64) AppleWebKit/537.36 (KHTML, like Gecko) Chrome/32.0.1700.107 Safari/537.36" "superior-dentistry.com"
179.104.31.164 - - [25/Sep/2016:11:15:06 -0700] "GET /img/slider3.jpg HTTP/1.1" 200 217901 "http://superior-dentistry.com/" "Mozilla/5.0 (Windows NT 6.1; WOW64) AppleWebKit/537.36 (KHTML, like Gecko) Chrome/32.0.1700.107 Safari/537.36" "superior-dentistry.com"
179.104.31.164 - - [25/Sep/2016:11:15:06 -0700] "GET /img/meetdr-ali.jpg HTTP/1.1" 200 60533 "http://superior-dentistry.com/" "Mozilla/5.0 (Windows NT 6.1; WOW64) AppleWebKit/537.36 (KHTML, like Gecko) Chrome/32.0.1700.107 Safari/537.36" "superior-dentistry.com"
179.104.31.164 - - [25/Sep/2016:11:15:06 -0700] "GET /img/meetdr-melika.jpg HTTP/1.1" 200 75968 "http://superior-dentistry.com/" "Mozilla/5.0 (Windows NT 6.1; WOW64) AppleWebKit/537.36 (KHTML, like Gecko) Chrome/32.0.1700.107 Safari/537.36" "superior-dentistry.com"
179.104.31.164 - - [25/Sep/2016:11:15:08 -0700] "GET /img/offer-31-05-2014-whitening.jpg HTTP/1.1" 200 15686 "http://superior-dentistry.com/" "Mozilla/5.0 (Windows NT 6.1; WOW64) AppleWebKit/537.36 (KHTML, like Gecko) Chrome/32.0.1700.107 Safari/537.36" "superior-dentistry.com"
179.104.31.164 - - [25/Sep/2016:11:15:08 -0700] "GET /img/offer-31-05-2014-new-patient.jpg HTTP/1.1" 200 15365 "http://superior-dentistry.com/" "Mozilla/5.0 (Windows NT 6.1; WOW64) AppleWebKit/537.36 (KHTML, like Gecko) Chrome/32.0.1700.107 Safari/537.36" "superior-dentistry.com"
179.104.31.164 - - [25/Sep/2016:11:15:08 -0700] "GET /img/offer-31-05-2014-sonicare-brush.jpg HTTP/1.1" 200 13165 "http://superior-dentistry.com/" "Mozilla/5.0 (Windows NT 6.1; WOW64) AppleWebKit/537.36 (KHTML, like Gecko) Chrome/32.0.1700.107 Safari/537.36" "superior-dentistry.com"[0]
179.104.31.164 - - [25/Sep/2016:11:15:08 -0700] "GET /img/patients-choice-winner-2015.png HTTP/1.1" 200 9818 "http://superior-dentistry.com/" "Mozilla/5.0 (Windows NT 6.1; WOW64) AppleWebKit/537.36 (KHTML, like Gecko) Chrome/32.0.1700.107 Safari/537.36" "superior-dentistry.com"
179.104.31.164 - - [25/Sep/2016:11:15:08 -0700] "GET /fonts/fontawesome-webfont.ttf?v=4.3.0 HTTP/1.1" 200 122092 "http://superior-dentistry.com/" "Mozilla/5.0 (Windows NT 6.1; WOW64) AppleWebKit/537.36 (KHTML, like Gecko) Chrome/32.0.1700.107 Safari/537.36" "superior-dentistry.com"
51.254.141.30 - - [25/Sep/2016:11:25:50 -0700] "GET /robots.txt HTTP/1.1" 200 49 "-" "Mozilla/5.0 (compatible; MJ12bot/v1.4.5; http://www.majestic12.co.uk/bot.php?+)" "superior-dentistry.com"
51.254.141.30 - - [25/Sep/2016:11:25:51 -0700] "GET /index.html HTTP/1.1" 200 38900 "-" "Mozilla/5.0 (compatible; MJ12bot/v1.4.5; http://www.majestic12.co.uk/bot.php?+)" "superior-dentistry.com"
51.254.141.30 - - [25/Sep/2016:11:25:53 -0700] "GET /services.html HTTP/1.1" 200 34139 "-" "Mozilla/5.0 (compatible; MJ12bot/v1.4.5; http://www.majestic12.co.uk/bot.php?+)" "superior-dentistry.com"
51.254.141.30 - - [25/Sep/2016:11:25:55 -0700] "GET /%E2%80%9Dhttp://www.nicedentist.com HTTP/1.1" 404 89 "-" "Mozilla/5.0 (compatible; MJ12bot/v1.4.5; http://www.majestic12.co.uk/bot.php?+)" "superior-dentistry.com"
198.16.7.150 - - [25/Sep/2016:11:29:44 -0700] "GET / HTTP/1.1" 200 38900 "-" "FreeWebMonitoring SiteChecker/0.2 (+http://www.freewebmonitoring.com/bot.html)" "www.superior-dentistry.com"
40.77.167.95 - - [25/Sep/2016:11:41:59 -0700] "GET /robots.txt HTTP/1.1" 200 49 "-" "Mozilla/5.0 (compatible; bingbot/2.0; +http://www.bing.com/bingbot.htm)" "www.superior-dentistry.com"
198.16.7.150 - - [25/Sep/2016:12:31:11 -0700] "GET / HTTP/1.1" 200 38900 "-" "FreeWebMonitoring SiteChecker/0.2 (+http://www.freewebmonitoring.com/bot.html)" "www.superior-dentistry.com"
96.255.44.193 - - [25/Sep/2016:12:49:46 -0700] "GET /css/bootstrap.css HTTP/1.1" 200 138415 "http://www.superior-dentistry.com/" "Mozilla/5.0 (Windows NT 10.0; WOW64; rv:49.0) Gecko/20100101 Firefox/49.0" "www.superior-dentistry.com"
96.255.44.193 - - [25/Sep/2016:12:49:46 -0700] "GET /css/bootstrap-theme.css HTTP/1.1" 200 19156 "http://www.superior-dentistry.com/" "Mozilla/5.0 (Windows NT 10.0; WOW64; rv:49.0) Gecko/20100101 Firefox/49.0" "www.superior-dentistry.com"
96.255.44.193 - - [25/Sep/2016:12:49:46 -0700] "GET /css/font-awesome.css HTTP/1.1" 200 28747 "http://www.superior-dentistry.com/" "Mozilla/5.0 (Windows NT 10.0; WOW64; rv:49.0) Gecko/20100101 Firefox/49.0" "www.superior-dentistry.com"
96.255.44.193 - - [25/Sep/2016:12:49:46 -0700] "GET /theme.css HTTP/1.1" 200 1926 "http://www.superior-dentistry.com/" "Mozilla/5.0 (Windows NT 10.0; WOW64; rv:49.0) Gecko/20100101 Firefox/49.0" "www.superior-dentistry.com"
96.255.44.193 - - [25/Sep/2016:12:49:46 -0700] "GET /js/ie-emulation-modes-warning.js HTTP/1.1" 200 2132 "http://www.superior-dentistry.com/" "Mozilla/5.0 (Windows NT 10.0; WOW64; rv:49.0) Gecko/20100101 Firefox/49.0" "www.superior-dentistry.com"
96.255.44.193 - - [25/Sep/2016:12:49:46 -0700] "GET /js/bootstrap.min.js HTTP/1.1" 200 35601 "http://www.superior-dentistry.com/" "Mozilla/5.0 (Windows NT 10.0; WOW64; rv:49.0) Gecko/20100101 Firefox/49.0" "www.superior-dentistry.com"
96.255.44.193 - - [25/Sep/2016:12:49:46 -0700] "GET /js/docs.min.js HTTP/1.1" 200 43299 "http://www.superior-dentistry.com/" "Mozilla/5.0 (Windows NT 10.0; WOW64; rv:49.0) Gecko/20100101 Firefox/49.0" "www.superior-dentistry.com"
96.255.44.193 - - [25/Sep/2016:12:49:46 -0700] "GET /js/ie10-viewport-bug-workaround.js HTTP/1.1" 200 694 "http://www.superior-dentistry.com/" "Mozilla/5.0 (Windows NT 10.0; WOW64; rv:49.0) Gecko/20100101 Firefox/49.0" "www.superior-dentistry.com"
96.255.44.193 - - [25/Sep/2016:12:49:47 -0700] "GET /img/slider1.jpg HTTP/1.1" 200 268888 "http://www.superior-dentistry.com/" "Mozilla/5.0 (Windows NT 10.0; WOW64; rv:49.0) Gecko/20100101 Firefox/49.0" "www.superior-dentistry.com"
96.255.44.193 - - [25/Sep/2016:12:49:47 -0700] "GET /img/offer-31-05-2014-new-patient.jpg HTTP/1.1" 200 15365 "http://www.superior-dentistry.com/" "Mozilla/5.0 (Windows NT 10.0; WOW64; rv:49.0) Gecko/20100101 Firefox/49.0" "www.superior-dentistry.com"
96.255.44.193 - - [25/Sep/2016:12:49:47 -0700] "GET /img/patients-choice-winner-2015.png HTTP/1.1" 200 9818 "http://www.superior-dentistry.com/" "Mozilla/5.0 (Windows NT 10.0; WOW64; rv:49.0) Gecko/20100101 Firefox/49.0" "www.superior-dentistry.com"
96.255.44.193 - - [25/Sep/2016:12:49:47 -0700] "GET /favicon.ico HTTP/1.1" 200 688 "-" "Mozilla/5.0 (Windows NT 10.0; WOW64; rv:49.0) Gecko/20100101 Firefox/49.0" "www.superior-dentistry.com"
96.255.44.193 - - [25/Sep/2016:12:49:48 -0700] "GET /fonts/fontawesome-webfont.woff2?v=4.3.0 HTTP/1.1" 200 56780 "http://www.superior-dentistry.com/css/font-awesome.css" "Mozilla/5.0 (Windows NT 10.0; WOW64; rv:49.0) Gecko/20100101 Firefox/49.0" "www.superior-dentistry.com"
96.255.44.193 - - [25/Sep/2016:12:49:48 -0700] "GET /img/zocdoc-apt.jpg HTTP/1.1" 200 79396 "http://www.superior-dentistry.com/" "Mozilla/5.0 (Windows NT 10.0; WOW64; rv:49.0) Gecko/20100101 Firefox/49.0" "www.superior-dentistry.com"
69.30.198.202 - - [25/Sep/2016:12:56:57 -0700] "GET /robots.txt HTTP/1.1" 200 49 "-" "Mozilla/5.0 (compatible; MJ12bot/v1.4.5; http://www.majestic12.co.uk/bot.php?+)" "superior-dentistry.com"
69.30.198.202 - - [25/Sep/2016:12:57:00 -0700] "GET /robots.txt HTTP/1.1" 200 49 "-" "Mozilla/5.0 (compatible; MJ12bot/v1.4.5; http://www.majestic12.co.uk/bot.php?+)" "www.superior-dentistry.com"
66.249.93.6 - - [25/Sep/2016:13:02:29 -0700] "GET / HTTP/1.1" 200 38900 "-" "Mozilla/5.0 (X11; Linux x86_64) AppleWebKit/537.36 (KHTML, like Gecko) Chrome/49.0.2623.75 Safari/537.36 Google Favicon" "superior-dentistry.com"
66.249.93.2 - - [25/Sep/2016:13:02:30 -0700] "GET /favicon.ico HTTP/1.1" 200 688 "-" "Mozilla/5.0 (X11; Linux x86_64) AppleWebKit/537.36 (KHTML, like Gecko) Chrome/49.0.2623.75 Safari/537.36 Google Favicon" "superior-dentistry.com"
198.16.7.150 - - [25/Sep/2016:13:31:48 -0700] "GET / HTTP/1.1" 200 38900 "-" "FreeWebMonitoring SiteChecker/0.2 (+http://www.freewebmonitoring.com/bot.html)" "www.superior-dentistry.com"
54.242.164.91 - - [25/Sep/2016:13:46:12 -0700] "GET / HTTP/1.1" 200 38900 "-" "Mozilla/5.0 (X11; Linux x86_64)AppleWebKit/537.36 (KHTML, like Gecko)Chrome/43.0.2357.134 Safari/537.36http://notifyninja.com/monitoring" "superior-dentistry.com"
180.76.15.158 - - [25/Sep/2016:14:10:14 -0700] "GET /robots.txt HTTP/1.1" 200 49 "-" "Mozilla/5.0 (Windows NT 5.1; rv:6.0.2) Gecko/20100101 Firefox/6.0.2" "superior-dentistry.com"
72.66.96.246 - - [25/Sep/2016:14:28:37 -0700] "GET /css/bootstrap.css HTTP/1.1" 304 - "http://www.superior-dentistry.com/" "Mozilla/5.0 (iPhone; CPU iPhone OS 10_0_2 like Mac OS X) AppleWebKit/602.1.50 (KHTML, like Gecko) Version/10.0 Mobile/14A456 Safari/602.1" "www.superior-dentistry.com"
198.16.7.150 - - [25/Sep/2016:14:32:17 -0700] "GET / HTTP/1.1" 200 38900 "-" "FreeWebMonitoring SiteChecker/0.2 (+http://www.freewebmonitoring.com/bot.html)" "www.superior-dentistry.com"
54.242.164.91 - - [25/Sep/2016:15:04:13 -0700] "GET / HTTP/1.1" 200 38900 "-" "Mozilla/5.0 (X11; Linux x86_64)AppleWebKit/537.36 (KHTML, like Gecko)Chrome/43.0.2357.134 Safari/537.36http://notifyninja.com/monitoring" "superior-dentistry.com"
148.251.234.184 - - [25/Sep/2016:15:22:31 -0700] "GET /robots.txt HTTP/1.1" 200 49 "-" "Mozilla/5.0 (Windows; U; Windows NT 5.1; en-US; rv:1.8.1.6) Gecko/20070725 Firefox/2.0.0.6 - James BOT - WebCrawler http://cognitiveseo.com/bot.html" "www.superior-dentistry.com"
198.16.7.150 - - [25/Sep/2016:15:33:34 -0700] "GET / HTTP/1.1" 200 38900 "-" "FreeWebMonitoring SiteChecker/0.2 (+http://www.freewebmonitoring.com/bot.html)" "www.superior-dentistry.com"
91.199.119.51 - - [25/Sep/2016:16:13:38 -0700] "GET / HTTP/1.1" 200 38900 "-" "Mozilla/5.0 (Macintosh; Intel Mac OS X 10_10_1) AppleWebKit/537.36 (KHTML, like Gecko) Chrome/39.0.2171.95 Safari/537.36" "www.superior-dentistry.com"
148.251.151.4 - - [25/Sep/2016:16:38:31 -0700] "GET /Dental-Sites-We-Like.html HTTP/1.1" 200 41846 "-" "Mozilla/5.0 (Windows; U; Windows NT 5.1; en-US; rv:1.8.1.6) Gecko/20070725 Firefox/2.0.0.6 - James BOT - WebCrawler http://cognitiveseo.com/bot.html" "www.superior-dentistry.com"
