198.16.7.150 - - [14/Oct/2016:17:18:50 -0700] "GET / HTTP/1.1" 200 38900 "-" "FreeWebMonitoring SiteChecker/0.2 (+http://www.freewebmonitoring.com/bot.html)" "www.superior-dentistry.com"
180.76.15.144 - - [14/Oct/2016:17:24:11 -0700] "GET /Dentistry-Maryland-MD.html HTTP/1.1" 200 30875 "-" "Mozilla/5.0 (compatible; Baiduspider/2.0; +http://www.baidu.com/search/spider.html)" "superior-dentistry.com"
198.16.7.150 - - [14/Oct/2016:18:19:51 -0700] "GET / HTTP/1.1" 200 38900 "-" "FreeWebMonitoring SiteChecker/0.2 (+http://www.freewebmonitoring.com/bot.html)" "www.superior-dentistry.com"
157.55.39.55 - - [14/Oct/2016:18:55:39 -0700] "GET /robots.txt HTTP/1.1" 200 49 "-" "Mozilla/5.0 (compatible; bingbot/2.0; +http://www.bing.com/bingbot.htm)" "superior-dentistry.com"
182.118.53.248 - - [14/Oct/2016:19:01:41 -0700] "GET / HTTP/1.1" 200 38900 "http://www.superior-dentistry.com/" "Mozilla/5.0 (compatible; MSIE 9.0; Windows NT 6.1; Trident/5.0)" "www.superior-dentistry.com"
66.249.69.59 - - [14/Oct/2016:20:01:07 -0700] "GET /index.html HTTP/1.1" 200 38900 "-" "SAMSUNG-SGH-E250/1.0 Profile/MIDP-2.0 Configuration/CLDC-1.1 UP.Browser/6.2.3.3.c.1.101 (GUI) MMP/2.0 (compatible; Googlebot-Mobile/2.1; +http://www.google.com/bot.html)" "www.superior-dentistry.com"
180.76.15.14 - - [14/Oct/2016:20:01:50 -0700] "GET /Patient-Information-Form.pdf HTTP/1.1" 200 1114112 "-" "Mozilla/5.0 (compatible; Baiduspider/2.0; +http://www.baidu.com/search/spider.html)" "www.superior-dentistry.com"
198.16.7.150 - - [14/Oct/2016:20:21:08 -0700] "GET / HTTP/1.1" 200 38900 "-" "FreeWebMonitoring SiteChecker/0.2 (+http://www.freewebmonitoring.com/bot.html)" "www.superior-dentistry.com"
23.106.253.124 - - [14/Oct/2016:20:25:29 -0700] "GET /contact-us.php HTTP/1.1" 200 73 "-" "Mozilla/5.0 (X11; Ubuntu; Linux i686 on x86_64; rv:36.0) Gecko/20100101 Firefox/36.0" "www.superior-dentistry.com"
54.242.164.91 - - [14/Oct/2016:20:31:26 -0700] "GET / HTTP/1.1" 200 38900 "-" "Mozilla/5.0 (X11; Linux x86_64)AppleWebKit/537.36 (KHTML, like Gecko)Chrome/43.0.2357.134 Safari/537.36http://notifyninja.com/monitoring" "superior-dentistry.com"
46.4.116.197 - - [14/Oct/2016:21:15:04 -0700] "GET /robots.txt HTTP/1.1" 200 49 "-" "Mozilla/5.0 (compatible; MJ12bot/v1.4.5; http://www.majestic12.co.uk/bot.php?+)" "superior-dentistry.com"
46.4.116.197 - - [14/Oct/2016:21:15:05 -0700] "GET /Patient-Before-After-Gallery.html HTTP/1.1" 200 23825 "-" "Mozilla/5.0 (compatible; MJ12bot/v1.4.5; http://www.majestic12.co.uk/bot.php?+)" "superior-dentistry.com"
46.4.116.197 - - [14/Oct/2016:21:15:08 -0700] "GET /blog.php HTTP/1.1" 200 107037 "-" "Mozilla/5.0 (compatible; MJ12bot/v1.4.5; http://www.majestic12.co.uk/bot.php?+)" "superior-dentistry.com"
46.4.116.197 - - [14/Oct/2016:21:15:10 -0700] "GET /firstvisit.html HTTP/1.1" 200 24044 "-" "Mozilla/5.0 (compatible; MJ12bot/v1.4.5; http://www.majestic12.co.uk/bot.php?+)" "superior-dentistry.com"
46.4.116.197 - - [14/Oct/2016:21:15:12 -0700] "GET /robots.txt HTTP/1.1" 200 49 "-" "Mozilla/5.0 (compatible; MJ12bot/v1.4.5; http://www.majestic12.co.uk/bot.php?+)" "www.superior-dentistry.com"
46.4.116.197 - - [14/Oct/2016:21:15:13 -0700] "GET /Dentist-Bowie-MD/Dental-Implants-Maryland-MD.html HTTP/1.1" 200 32074 "-" "Mozilla/5.0 (compatible; MJ12bot/v1.4.5; http://www.majestic12.co.uk/bot.php?+)" "www.superior-dentistry.com"
46.4.116.197 - - [14/Oct/2016:21:15:15 -0700] "GET /Dentist-Bowie-MD/Dental-Links.html HTTP/1.1" 404 89 "-" "Mozilla/5.0 (compatible; MJ12bot/v1.4.5; http://www.majestic12.co.uk/bot.php?+)" "www.superior-dentistry.com"
46.4.116.197 - - [14/Oct/2016:21:15:16 -0700] "GET /Dentist-Bowie-MD/Patient-Before-After-Gallery.html HTTP/1.1" 404 89 "-" "Mozilla/5.0 (compatible; MJ12bot/v1.4.5; http://www.majestic12.co.uk/bot.php?+)" "www.superior-dentistry.com"
46.4.116.197 - - [14/Oct/2016:21:15:19 -0700] "GET /Dentist-Bowie-MD/blog.php HTTP/1.1" 200 416 "-" "Mozilla/5.0 (compatible; MJ12bot/v1.4.5; http://www.majestic12.co.uk/bot.php?+)" "www.superior-dentistry.com"
46.4.116.197 - - [14/Oct/2016:21:15:23 -0700] "GET /Dentist-Bowie-MD/contact-us.html HTTP/1.1" 404 89 "-" "Mozilla/5.0 (compatible; MJ12bot/v1.4.5; http://www.majestic12.co.uk/bot.php?+)" "www.superior-dentistry.com"
46.4.116.197 - - [14/Oct/2016:21:15:25 -0700] "GET /Dentist-Bowie-MD/firstvisit.html HTTP/1.1" 404 89 "-" "Mozilla/5.0 (compatible; MJ12bot/v1.4.5; http://www.majestic12.co.uk/bot.php?+)" "www.superior-dentistry.com"
46.4.116.197 - - [14/Oct/2016:21:15:27 -0700] "GET /Dentist-Bowie-MD/index.html HTTP/1.1" 404 89 "-" "Mozilla/5.0 (compatible; MJ12bot/v1.4.5; http://www.majestic12.co.uk/bot.php?+)" "www.superior-dentistry.com"
46.4.116.197 - - [14/Oct/2016:21:15:28 -0700] "GET /Dentist-Bowie-MD/meet-staff.html HTTP/1.1" 404 89 "-" "Mozilla/5.0 (compatible; MJ12bot/v1.4.5; http://www.majestic12.co.uk/bot.php?+)" "www.superior-dentistry.com"
46.4.116.197 - - [14/Oct/2016:21:15:33 -0700] "GET /Dentistry-Maryland-MD.html HTTP/1.1" 200 30875 "-" "Mozilla/5.0 (compatible; MJ12bot/v1.4.5; http://www.majestic12.co.uk/bot.php?+)" "www.superior-dentistry.com"
46.4.116.197 - - [14/Oct/2016:21:15:36 -0700] "GET /firstvisit.html HTTP/1.1" 200 24044 "-" "Mozilla/5.0 (compatible; MJ12bot/v1.4.5; http://www.majestic12.co.uk/bot.php?+)" "www.superior-dentistry.com"
46.4.116.197 - - [14/Oct/2016:21:15:38 -0700] "GET /firstvisit.php HTTP/1.1" 200 73 "-" "Mozilla/5.0 (compatible; MJ12bot/v1.4.5; http://www.majestic12.co.uk/bot.php?+)" "www.superior-dentistry.com"
46.4.116.197 - - [14/Oct/2016:21:15:41 -0700] "GET /index.php HTTP/1.1" 200 73 "-" "Mozilla/5.0 (compatible; MJ12bot/v1.4.5; http://www.majestic12.co.uk/bot.php?+)" "www.superior-dentistry.com"
54.236.1.11 - - [14/Oct/2016:21:17:01 -0700] "GET /favicon.ico HTTP/1.1" 200 688 "-" "Pinterest/0.2 (+http://www.pinterest.com/)" "www.superior-dentistry.com"
54.236.1.13 - - [14/Oct/2016:21:17:01 -0700] "GET /apple-touch-icon.png HTTP/1.1" 404 89 "-" "Pinterest/0.2 (+http://www.pinterest.com/)" "www.superior-dentistry.com"
198.16.7.150 - - [14/Oct/2016:21:21:49 -0700] "GET / HTTP/1.1" 200 38900 "-" "FreeWebMonitoring SiteChecker/0.2 (+http://www.freewebmonitoring.com/bot.html)" "www.superior-dentistry.com"
162.158.65.208 - - [14/Oct/2016:21:49:39 -0700] "GET /img/invisalign.jpg HTTP/1.1" 200 142640 "http://rostinformation6t.ga/free-teeth-extraction-in-maryland.html" "Mozilla/5.0 (compatible; CloudFlare-AlwaysOnline/1.0; +http://www.cloudflare.com/always-online) AppleWebKit/534.34" "www.superior-dentistry.com"[1]
162.158.65.182 - - [14/Oct/2016:21:49:42 -0700] "GET /img/invisalign.jpg HTTP/1.1" 200 142640 "-" "Mozilla/5.0 (compatible; CloudFlare-AlwaysOnline/1.0; +http://www.cloudflare.com/always-online) AppleWebKit/534.34" "www.superior-dentistry.com"
40.77.167.33 - - [14/Oct/2016:22:09:28 -0700] "GET /Dentist-Bowie-MD/js/?S=A HTTP/1.1" 200 1319 "-" "Mozilla/5.0 (compatible; bingbot/2.0; +http://www.bing.com/bingbot.htm)" "superior-dentistry.com"
157.55.39.55 - - [14/Oct/2016:22:12:52 -0700] "GET /robots.txt HTTP/1.1" 200 49 "-" "Mozilla/5.0 (compatible; bingbot/2.0; +http://www.bing.com/bingbot.htm)" "www.superior-dentistry.com"
180.76.15.134 - - [14/Oct/2016:22:33:13 -0700] "GET /Dentist-Bowie-MD/?N=A HTTP/1.1" 200 2249 "-" "Mozilla/5.0 (compatible; Baiduspider/2.0; +http://www.baidu.com/search/spider.html)" "www.superior-dentistry.com"
157.55.39.55 - - [14/Oct/2016:22:43:55 -0700] "GET /Dentist-Bowie-MD/fonts/ HTTP/1.1" 200 1487 "-" "Mozilla/5.0 (compatible; bingbot/2.0; +http://www.bing.com/bingbot.htm)" "superior-dentistry.com"
157.55.39.55 - - [14/Oct/2016:22:43:55 -0700] "GET /Patient-Before-After-Gallery.html HTTP/1.1" 200 23825 "-" "Mozilla/5.0 (compatible; bingbot/2.0; +http://www.bing.com/bingbot.htm)" "superior-dentistry.com"
157.55.39.55 - - [14/Oct/2016:22:43:56 -0700] "GET /Financial-And-Privacy-Policy.pdf HTTP/1.1" 200 524288 "-" "Mozilla/5.0 (compatible; bingbot/2.0; +http://www.bing.com/bingbot.htm)" "superior-dentistry.com"
157.55.39.55 - - [14/Oct/2016:22:43:56 -0700] "GET /Dentistry-Maryland-MD.html HTTP/1.1" 200 30875 "-" "Mozilla/5.0 (compatible; bingbot/2.0; +http://www.bing.com/bingbot.htm)" "superior-dentistry.com"
71.246.192.158 - - [14/Oct/2016:23:34:27 -0700] "GET /css/bootstrap.css HTTP/1.1" 200 138415 "http://www.superior-dentistry.com/" "Mozilla/5.0 (iPhone; CPU iPhone OS 10_0 like Mac OS X) AppleWebKit/602.1.50 (KHTML, like Gecko) Version/10.0 Mobile/14A346 Safari/602.1" "www.superior-dentistry.com"
71.246.192.158 - - [14/Oct/2016:23:34:27 -0700] "GET /css/font-awesome.css HTTP/1.1" 200 28747 "http://www.superior-dentistry.com/" "Mozilla/5.0 (iPhone; CPU iPhone OS 10_0 like Mac OS X) AppleWebKit/602.1.50 (KHTML, like Gecko) Version/10.0 Mobile/14A346 Safari/602.1" "www.superior-dentistry.com"
71.246.192.158 - - [14/Oct/2016:23:34:27 -0700] "GET /img/dental-implants.jpg HTTP/1.1" 200 22844 "http://www.superior-dentistry.com/" "Mozilla/5.0 (iPhone; CPU iPhone OS 10_0 like Mac OS X) AppleWebKit/602.1.50 (KHTML, like Gecko) Version/10.0 Mobile/14A346 Safari/602.1" "www.superior-dentistry.com"
71.246.192.158 - - [14/Oct/2016:23:34:27 -0700] "GET /img/tmj-trauma.jpg HTTP/1.1" 200 22488 "http://www.superior-dentistry.com/" "Mozilla/5.0 (iPhone; CPU iPhone OS 10_0 like Mac OS X) AppleWebKit/602.1.50 (KHTML, like Gecko) Version/10.0 Mobile/14A346 Safari/602.1" "www.superior-dentistry.com"
71.246.192.158 - - [14/Oct/2016:23:34:28 -0700] "GET /img/oral-pathology.jpg HTTP/1.1" 200 33395 "http://www.superior-dentistry.com/" "Mozilla/5.0 (iPhone; CPU iPhone OS 10_0 like Mac OS X) AppleWebKit/602.1.50 (KHTML, like Gecko) Version/10.0 Mobile/14A346 Safari/602.1" "www.superior-dentistry.com"
71.246.192.158 - - [14/Oct/2016:23:34:28 -0700] "GET /img/slider2.jpg HTTP/1.1" 200 345766 "http://www.superior-dentistry.com/" "Mozilla/5.0 (iPhone; CPU iPhone OS 10_0 like Mac OS X) AppleWebKit/602.1.50 (KHTML, like Gecko) Version/10.0 Mobile/14A346 Safari/602.1" "www.superior-dentistry.com"
71.246.192.158 - - [14/Oct/2016:23:34:28 -0700] "GET /img/slider3.jpg HTTP/1.1" 200 217901 "http://www.superior-dentistry.com/" "Mozilla/5.0 (iPhone; CPU iPhone OS 10_0 like Mac OS X) AppleWebKit/602.1.50 (KHTML, like Gecko) Version/10.0 Mobile/14A346 Safari/602.1" "www.superior-dentistry.com"
71.246.192.158 - - [14/Oct/2016:23:34:28 -0700] "GET /fonts/fontawesome-webfont.woff2?v=4.3.0 HTTP/1.1" 200 56780 "http://www.superior-dentistry.com/" "Mozilla/5.0 (iPhone; CPU iPhone OS 10_0 like Mac OS X) AppleWebKit/602.1.50 (KHTML, like Gecko) Version/10.0 Mobile/14A346 Safari/602.1" "www.superior-dentistry.com"[0]
71.246.192.158 - - [14/Oct/2016:23:34:28 -0700] "GET /img/slider1.jpg HTTP/1.1" 200 268888 "http://www.superior-dentistry.com/" "Mozilla/5.0 (iPhone; CPU iPhone OS 10_0 like Mac OS X) AppleWebKit/602.1.50 (KHTML, like Gecko) Version/10.0 Mobile/14A346 Safari/602.1" "www.superior-dentistry.com"
71.246.192.158 - - [14/Oct/2016:23:34:28 -0700] "GET /img/offer-31-05-2014-sonicare-brush.jpg HTTP/1.1" 200 13165 "http://www.superior-dentistry.com/" "Mozilla/5.0 (iPhone; CPU iPhone OS 10_0 like Mac OS X) AppleWebKit/602.1.50 (KHTML, like Gecko) Version/10.0 Mobile/14A346 Safari/602.1" "www.superior-dentistry.com"
71.246.192.158 - - [14/Oct/2016:23:34:28 -0700] "GET /img/offer-31-05-2014-new-patient.jpg HTTP/1.1" 200 15365 "http://www.superior-dentistry.com/" "Mozilla/5.0 (iPhone; CPU iPhone OS 10_0 like Mac OS X) AppleWebKit/602.1.50 (KHTML, like Gecko) Version/10.0 Mobile/14A346 Safari/602.1" "www.superior-dentistry.com"
71.246.192.158 - - [14/Oct/2016:23:34:29 -0700] "GET /img/zocdoc-apt.jpg HTTP/1.1" 200 79396 "http://www.superior-dentistry.com/" "Mozilla/5.0 (iPhone; CPU iPhone OS 10_0 like Mac OS X) AppleWebKit/602.1.50 (KHTML, like Gecko) Version/10.0 Mobile/14A346 Safari/602.1" "www.superior-dentistry.com"
71.246.192.158 - - [14/Oct/2016:23:34:38 -0700] "GET /img/doctor-achievement.jpg HTTP/1.1" 200 200838 "http://www.superior-dentistry.com/services.html" "Mozilla/5.0 (iPhone; CPU iPhone OS 10_0 like Mac OS X) AppleWebKit/602.1.50 (KHTML, like Gecko) Version/10.0 Mobile/14A346 Safari/602.1" "www.superior-dentistry.com"
71.246.192.158 - - [14/Oct/2016:23:34:39 -0700] "GET /img/dentures.jpg HTTP/1.1" 200 126240 "http://www.superior-dentistry.com/services.html" "Mozilla/5.0 (iPhone; CPU iPhone OS 10_0 like Mac OS X) AppleWebKit/602.1.50 (KHTML, like Gecko) Version/10.0 Mobile/14A346 Safari/602.1" "www.superior-dentistry.com"
71.246.192.158 - - [14/Oct/2016:23:34:39 -0700] "GET /img/endodontia-root-canal-treatment.jpg HTTP/1.1" 200 126762 "http://www.superior-dentistry.com/services.html" "Mozilla/5.0 (iPhone; CPU iPhone OS 10_0 like Mac OS X) AppleWebKit/602.1.50 (KHTML, like Gecko) Version/10.0 Mobile/14A346 Safari/602.1" "www.superior-dentistry.com"
71.246.192.158 - - [14/Oct/2016:23:34:39 -0700] "GET /img/bridges-dentist-md.jpg HTTP/1.1" 200 67242 "http://www.superior-dentistry.com/services.html" "Mozilla/5.0 (iPhone; CPU iPhone OS 10_0 like Mac OS X) AppleWebKit/602.1.50 (KHTML, like Gecko) Version/10.0 Mobile/14A346 Safari/602.1" "www.superior-dentistry.com"[0]
71.246.192.158 - - [14/Oct/2016:23:34:39 -0700] "GET /img/night-guard.jpg HTTP/1.1" 200 106940 "http://www.superior-dentistry.com/services.html" "Mozilla/5.0 (iPhone; CPU iPhone OS 10_0 like Mac OS X) AppleWebKit/602.1.50 (KHTML, like Gecko) Version/10.0 Mobile/14A346 Safari/602.1" "www.superior-dentistry.com"
71.246.192.158 - - [14/Oct/2016:23:34:40 -0700] "GET /img/porcelain-veneers.jpg HTTP/1.1" 200 151567 "http://www.superior-dentistry.com/services.html" "Mozilla/5.0 (iPhone; CPU iPhone OS 10_0 like Mac OS X) AppleWebKit/602.1.50 (KHTML, like Gecko) Version/10.0 Mobile/14A346 Safari/602.1" "www.superior-dentistry.com"
199.16.156.124 - - [14/Oct/2016:23:34:40 -0700] "GET /robots.txt HTTP/1.1" 200 49 "-" "Twitterbot/1.0" "www.superior-dentistry.com"
199.16.156.124 - - [14/Oct/2016:23:34:40 -0700] "GET /images/logo1.jpg HTTP/1.1" 404 89 "-" "Twitterbot/1.0" "www.superior-dentistry.com"
71.246.192.158 - - [14/Oct/2016:23:35:46 -0700] "GET /meet-staff.html HTTP/1.1" 200 22168 "http://www.superior-dentistry.com/services.html" "Mozilla/5.0 (iPhone; CPU iPhone OS 10_0 like Mac OS X) AppleWebKit/602.1.50 (KHTML, like Gecko) Version/10.0 Mobile/14A346 Safari/602.1" "www.superior-dentistry.com"
71.246.192.158 - - [14/Oct/2016:23:35:46 -0700] "GET /img/Dr-Ali-shatergholi.jpg HTTP/1.1" 200 17298 "http://www.superior-dentistry.com/meet-staff.html" "Mozilla/5.0 (iPhone; CPU iPhone OS 10_0 like Mac OS X) AppleWebKit/602.1.50 (KHTML, like Gecko) Version/10.0 Mobile/14A346 Safari/602.1" "www.superior-dentistry.com"
71.246.192.158 - - [14/Oct/2016:23:35:46 -0700] "GET /img/Dr-Melika.jpg HTTP/1.1" 200 28557 "http://www.superior-dentistry.com/meet-staff.html" "Mozilla/5.0 (iPhone; CPU iPhone OS 10_0 like Mac OS X) AppleWebKit/602.1.50 (KHTML, like Gecko) Version/10.0 Mobile/14A346 Safari/602.1" "www.superior-dentistry.com"
71.246.192.158 - - [14/Oct/2016:23:36:37 -0700] "GET /blog.php HTTP/1.1" 200 107037 "http://www.superior-dentistry.com/meet-staff.html" "Mozilla/5.0 (iPhone; CPU iPhone OS 10_0 like Mac OS X) AppleWebKit/602.1.50 (KHTML, like Gecko) Version/10.0 Mobile/14A346 Safari/602.1" "www.superior-dentistry.com"
71.246.192.158 - - [14/Oct/2016:23:36:37 -0700] "GET /css/style.css HTTP/1.1" 404 89 "http://www.superior-dentistry.com/blog.php" "Mozilla/5.0 (iPhone; CPU iPhone OS 10_0 like Mac OS X) AppleWebKit/602.1.50 (KHTML, like Gecko) Version/10.0 Mobile/14A346 Safari/602.1" "www.superior-dentistry.com"
71.246.192.158 - - [14/Oct/2016:23:36:37 -0700] "GET /js/jquery-1.6.4.min.js HTTP/1.1" 404 89 "http://www.superior-dentistry.com/blog.php" "Mozilla/5.0 (iPhone; CPU iPhone OS 10_0 like Mac OS X) AppleWebKit/602.1.50 (KHTML, like Gecko) Version/10.0 Mobile/14A346 Safari/602.1" "www.superior-dentistry.com"[0]
71.246.192.158 - - [14/Oct/2016:23:36:37 -0700] "GET /img/contact-img.jpg HTTP/1.1" 200 83148 "http://www.superior-dentistry.com/blog.php" "Mozilla/5.0 (iPhone; CPU iPhone OS 10_0 like Mac OS X) AppleWebKit/602.1.50 (KHTML, like Gecko) Version/10.0 Mobile/14A346 Safari/602.1" "www.superior-dentistry.com"
71.246.192.158 - - [14/Oct/2016:23:36:38 -0700] "GET /images/Pattern.jpg HTTP/1.1" 404 89 "http://www.superior-dentistry.com/blog.php" "Mozilla/5.0 (iPhone; CPU iPhone OS 10_0 like Mac OS X) AppleWebKit/602.1.50 (KHTML, like Gecko) Version/10.0 Mobile/14A346 Safari/602.1" "www.superior-dentistry.com"
157.55.39.148 - - [14/Oct/2016:23:39:27 -0700] "GET / HTTP/1.1" 200 38900 "-" "Mozilla/5.0 (compatible; bingbot/2.0; +http://www.bing.com/bingbot.htm)" "superior-dentistry.com"
157.55.39.148 - - [14/Oct/2016:23:39:28 -0700] "GET /testimonials.html HTTP/1.1" 200 24785 "-" "Mozilla/5.0 (compatible; bingbot/2.0; +http://www.bing.com/bingbot.htm)" "superior-dentistry.com"[0]
157.55.39.148 - - [14/Oct/2016:23:39:29 -0700] "GET /blog.php HTTP/1.1" 200 107037 "-" "Mozilla/5.0 (compatible; bingbot/2.0; +http://www.bing.com/bingbot.htm)" "superior-dentistry.com"
173.252.74.97 - - [14/Oct/2016:23:40:05 -0700] "GET /img/slider2.jpg HTTP/1.1" 200 345766 "-" "facebookexternalhit/1.1 (+http://www.facebook.com/externalhit_uatext.php)" "www.superior-dentistry.com"
37.115.187.108 - - [15/Oct/2016:00:27:47 -0700] "GET / HTTP/1.1" 200 38900 "http://chcu.net/" "Mozilla/4.0 (compatible; MSIE 5.0; Windows 3.1)" "www.superior-dentistry.com"
37.115.187.108 - - [15/Oct/2016:00:27:47 -0700] "GET / HTTP/1.1" 200 38900 "http://arenanews.com.ua/zdorove/4701-kosmetologicheskiy-salon-eteriya-na-rishelevskoy-30.html" "Mozilla/4.0 (compatible; MSIE 5.0; Windows 3.1)" "www.superior-dentistry.com"
37.115.187.108 - - [15/Oct/2016:00:27:48 -0700] "GET / HTTP/1.1" 200 38900 "http://arenanews.com.ua/zdorove/4701-kosmetologicheskiy-salon-eteriya-na-rishelevskoy-30.html" "Mozilla/4.0 (compatible; MSIE 5.0; Windows 3.1)" "www.superior-dentistry.com"
37.115.187.108 - - [15/Oct/2016:00:27:48 -0700] "GET / HTTP/1.1" 200 38900 "http://chcu.net/" "Mozilla/4.0 (compatible; MSIE 5.0; Windows 3.1)" "www.superior-dentistry.com"
54.242.164.91 - - [15/Oct/2016:00:31:59 -0700] "GET / HTTP/1.1" 200 38900 "-" "Mozilla/5.0 (X11; Linux x86_64)AppleWebKit/537.36 (KHTML, like Gecko)Chrome/43.0.2357.134 Safari/537.36http://notifyninja.com/monitoring" "superior-dentistry.com"
104.156.99.70 - - [15/Oct/2016:00:34:55 -0700] "GET /img/implant-before-and-after.jpg HTTP/1.1" 200 122702 "https://www.google.com/" "Mozilla/5.0 (Macintosh; Intel Mac OS X 10.12; rv:49.0) Gecko/20100101 Firefox/49.0" "www.superior-dentistry.com"
198.16.7.150 - - [15/Oct/2016:01:26:34 -0700] "GET / HTTP/1.1" 200 38900 "-" "FreeWebMonitoring SiteChecker/0.2 (+http://www.freewebmonitoring.com/bot.html)" "www.superior-dentistry.com"
120.61.59.108 - - [15/Oct/2016:01:28:15 -0700] "GET /images/Patient-apt-icon2.png HTTP/1.1" 404 89 "-" "Mozilla/5.0 (Windows NT 6.1; WOW64) AppleWebKit/537.36 (KHTML, like Gecko) Chrome/53.0.2785.143 Safari/537.36" "www.superior-dentistry.com"
199.59.148.209 - - [15/Oct/2016:01:28:37 -0700] "GET /robots.txt HTTP/1.1" 200 49 "-" "Twitterbot/1.0" "www.superior-dentistry.com"
199.59.148.209 - - [15/Oct/2016:01:28:37 -0700] "GET /robots.txt HTTP/1.1" 200 49 "-" "Twitterbot/1.0" "www.superior-dentistry.com"
199.59.148.209 - - [15/Oct/2016:01:28:37 -0700] "GET /robots.txt HTTP/1.1" 200 49 "-" "Twitterbot/1.0" "www.superior-dentistry.com"
199.59.148.209 - - [15/Oct/2016:01:28:37 -0700] "GET /images/logo1.jpg HTTP/1.1" 404 89 "-" "Twitterbot/1.0" "www.superior-dentistry.com"
199.59.148.209 - - [15/Oct/2016:01:28:37 -0700] "GET /images/endodontia-root-canal-treatment.jpg HTTP/1.1" 404 89 "-" "Twitterbot/1.0" "www.superior-dentistry.com"
199.59.148.209 - - [15/Oct/2016:01:28:37 -0700] "GET /images/logo1.jpg HTTP/1.1" 404 89 "-" "Twitterbot/1.0" "www.superior-dentistry.com"
62.210.75.243 - - [15/Oct/2016:01:47:46 -0700] "GET / HTTP/1.1" 200 38900 "-" "Mozilla/5.0 (X11; Linux x86_64) AppleWebKit/537.36 (KHTML, like Gecko) Chrome/28.0.1500.71 Safari/537.36" "www.superior-dentistry.com"
62.210.75.243 - - [15/Oct/2016:01:47:46 -0700] "GET /js/ie-emulation-modes-warning.js HTTP/1.1" 200 2132 "http://www.superior-dentistry.com/" "Mozilla/5.0 (X11; Linux x86_64) AppleWebKit/537.36 (KHTML, like Gecko) Chrome/28.0.1500.71 Safari/537.36" "www.superior-dentistry.com"
62.210.75.243 - - [15/Oct/2016:01:47:46 -0700] "GET /js/docs.min.js HTTP/1.1" 200 43299 "http://www.superior-dentistry.com/" "Mozilla/5.0 (X11; Linux x86_64) AppleWebKit/537.36 (KHTML, like Gecko) Chrome/28.0.1500.71 Safari/537.36" "www.superior-dentistry.com"
62.210.75.243 - - [15/Oct/2016:01:47:46 -0700] "GET /js/ie10-viewport-bug-workaround.js HTTP/1.1" 200 694 "http://www.superior-dentistry.com/" "Mozilla/5.0 (X11; Linux x86_64) AppleWebKit/537.36 (KHTML, like Gecko) Chrome/28.0.1500.71 Safari/537.36" "www.superior-dentistry.com"
108.15.19.135 - - [15/Oct/2016:01:50:32 -0700] "GET /apple-touch-icon-precomposed.png HTTP/1.1" 404 89 "-" "Safari/12602.1.50.0.10 CFNetwork/807.0.4 Darwin/16.0.0 (x86_64)" "www.superior-dentistry.com"
198.16.7.150 - - [15/Oct/2016:02:26:52 -0700] "GET / HTTP/1.1" 200 38900 "-" "FreeWebMonitoring SiteChecker/0.2 (+http://www.freewebmonitoring.com/bot.html)" "www.superior-dentistry.com"
69.58.178.59 - - [15/Oct/2016:02:43:26 -0700] "GET /robots.txt HTTP/1.1" 200 49 "-" "Mozilla/5.0 (X11; Ubuntu; Linux i686; rv:14.0; ips-agent) Gecko/20100101 Firefox/14.0.1" "www.superior-dentistry.com"
69.58.178.59 - - [15/Oct/2016:02:43:27 -0700] "GET / HTTP/1.1" 200 38900 "-" "Mozilla/5.0 (X11; Ubuntu; Linux i686; rv:14.0; ips-agent) Gecko/20100101 Firefox/14.0.1" "www.superior-dentistry.com"
69.58.178.59 - - [15/Oct/2016:02:43:33 -0700] "GET / HTTP/1.1" 200 38900 "-" "BlackBerry9000/4.6.0.167 Profile/MIDP-2.0 Configuration/CLDC-1.1 VendorID/102 ips-agent" "www.superior-dentistry.com"
69.58.178.59 - - [15/Oct/2016:02:43:37 -0700] "GET /blog.php HTTP/1.1" 200 107037 "-" "Mozilla/5.0 (X11; Ubuntu; Linux i686; rv:14.0; ips-agent) Gecko/20100101 Firefox/14.0.1" "www.superior-dentistry.com"
69.58.178.59 - - [15/Oct/2016:02:43:39 -0700] "GET /contact-us.html HTTP/1.1" 200 23728 "-" "Mozilla/5.0 (X11; Ubuntu; Linux i686; rv:14.0; ips-agent) Gecko/20100101 Firefox/14.0.1" "www.superior-dentistry.com"
69.58.178.59 - - [15/Oct/2016:02:43:40 -0700] "GET /index.html HTTP/1.1" 200 38900 "-" "Mozilla/5.0 (X11; Ubuntu; Linux i686; rv:14.0; ips-agent) Gecko/20100101 Firefox/14.0.1" "www.superior-dentistry.com"
69.58.178.59 - - [15/Oct/2016:02:43:41 -0700] "GET /meet-staff.html HTTP/1.1" 200 22168 "-" "Mozilla/5.0 (X11; Ubuntu; Linux i686; rv:14.0; ips-agent) Gecko/20100101 Firefox/14.0.1" "www.superior-dentistry.com"
69.58.178.59 - - [15/Oct/2016:02:43:42 -0700] "GET /firstvisit.html HTTP/1.1" 200 24044 "-" "Mozilla/5.0 (X11; Ubuntu; Linux i686; rv:14.0; ips-agent) Gecko/20100101 Firefox/14.0.1" "www.superior-dentistry.com"
69.58.178.59 - - [15/Oct/2016:02:43:43 -0700] "GET /Patient-Before-After-Gallery.html HTTP/1.1" 200 23825 "-" "Mozilla/5.0 (X11; Ubuntu; Linux i686; rv:14.0; ips-agent) Gecko/20100101 Firefox/14.0.1" "www.superior-dentistry.com"
69.58.178.59 - - [15/Oct/2016:02:43:44 -0700] "GET /Dentistry-Maryland-MD.html HTTP/1.1" 200 30875 "-" "Mozilla/5.0 (X11; Ubuntu; Linux i686; rv:14.0; ips-agent) Gecko/20100101 Firefox/14.0.1" "www.superior-dentistry.com"
69.58.178.59 - - [15/Oct/2016:02:43:45 -0700] "GET /testimonials.html HTTP/1.1" 200 24785 "-" "Mozilla/5.0 (X11; Ubuntu; Linux i686; rv:14.0; ips-agent) Gecko/20100101 Firefox/14.0.1" "www.superior-dentistry.com"
69.58.178.59 - - [15/Oct/2016:02:43:47 -0700] "GET /Dentist-Bowie-MD/Dental-Implants-Maryland-MD.html HTTP/1.1" 200 32074 "-" "Mozilla/5.0 (X11; Ubuntu; Linux i686; rv:14.0; ips-agent) Gecko/20100101 Firefox/14.0.1" "www.superior-dentistry.com"
180.76.15.7 - - [15/Oct/2016:02:50:24 -0700] "GET /testimonials.html HTTP/1.1" 200 24785 "-" "Mozilla/5.0 (compatible; Baiduspider/2.0; +http://www.baidu.com/search/spider.html)" "superior-dentistry.com"
180.76.15.134 - - [15/Oct/2016:02:52:52 -0700] "GET /Dentist-Bowie-MD/?D=D HTTP/1.1" 200 2249 "-" "Mozilla/5.0 (compatible; Baiduspider/2.0; +http://www.baidu.com/search/spider.html)" "www.superior-dentistry.com"
68.180.230.221 - - [15/Oct/2016:03:23:07 -0700] "GET /meet-staff.php HTTP/1.1" 200 73 "-" "Mozilla/5.0 (compatible; Yahoo! Slurp; http://help.yahoo.com/help/us/ysearch/slurp)" "www.superior-dentistry.com"
180.76.15.149 - - [15/Oct/2016:03:23:53 -0700] "GET /js/jquery.easing.1.3.js HTTP/1.1" 404 89 "-" "Mozilla/5.0 (compatible; Baiduspider/2.0; +http://www.baidu.com/search/spider.html)" "superior-dentistry.com"
198.16.7.150 - - [15/Oct/2016:03:27:48 -0700] "GET / HTTP/1.1" 200 38900 "-" "FreeWebMonitoring SiteChecker/0.2 (+http://www.freewebmonitoring.com/bot.html)" "www.superior-dentistry.com"
54.172.175.163 - - [15/Oct/2016:03:48:00 -0700] "GET / HTTP/1.1" 200 38900 "-" "Mozilla/5.0 (Windows NT 6.1; WOW64) AppleWebKit/537.36 (KHTML, like Gecko) Chrome/28.0.1500.95 Safari/537.36" "www.superior-dentistry.com"
54.172.175.163 - - [15/Oct/2016:03:48:00 -0700] "GET /index.html HTTP/1.1" 200 38900 "-" "Mozilla/5.0 (Windows NT 6.1; WOW64) AppleWebKit/537.36 (KHTML, like Gecko) Chrome/28.0.1500.95 Safari/537.36" "www.superior-dentistry.com"
54.87.163.47 - - [15/Oct/2016:03:51:17 -0700] "GET / HTTP/1.1" 200 38900 "-" "Mozilla/5.0 (Windows NT 6.1; WOW64) AppleWebKit/537.36 (KHTML, like Gecko) Chrome/28.0.1500.95 Safari/537.36" "superior-dentistry.com"
199.16.156.124 - - [15/Oct/2016:03:51:21 -0700] "GET /images/logo1.jpg HTTP/1.1" 404 89 "-" "Twitterbot/1.0" "www.superior-dentistry.com"[0]
180.76.15.17 - - [15/Oct/2016:03:59:51 -0700] "GET /Bowie-Dentists/firstvisit.php HTTP/1.1" 200 73 "-" "Mozilla/5.0 (compatible; Baiduspider/2.0; +http://www.baidu.com/search/spider.html)" "www.superior-dentistry.com"
176.46.103.144 - - [15/Oct/2016:04:08:01 -0700] "GET /img/night-guard.jpg HTTP/1.1" 200 106940 "https://www.google.ee/" "Mozilla/5.0 (Macintosh; Intel Mac OS X 10_12) AppleWebKit/602.1.50 (KHTML, like Gecko) Version/10.0 Safari/602.1.50" "www.superior-dentistry.com"[0]
75.159.240.116 - - [15/Oct/2016:04:20:40 -0700] "GET /img/porcelain-veneers.jpg HTTP/1.1" 200 151567 "https://www.google.ca/" "Mozilla/5.0 (Windows NT 10.0; WOW64) AppleWebKit/537.36 (KHTML, like Gecko) Chrome/53.0.2785.143 Safari/537.36" "www.superior-dentistry.com"
198.16.7.150 - - [15/Oct/2016:04:28:33 -0700] "GET / HTTP/1.1" 200 38900 "-" "FreeWebMonitoring SiteChecker/0.2 (+http://www.freewebmonitoring.com/bot.html)" "www.superior-dentistry.com"
46.229.164.102 - - [15/Oct/2016:04:31:58 -0700] "GET /robots.txt HTTP/1.1" 200 49 "-" "Mozilla/5.0 (compatible; SemrushBot/1.1~bl; +http://www.semrush.com/bot.html)" "www.superior-dentistry.com"
54.242.164.91 - - [15/Oct/2016:04:32:39 -0700] "GET / HTTP/1.1" 200 38900 "-" "Mozilla/5.0 (X11; Linux x86_64)AppleWebKit/537.36 (KHTML, like Gecko)Chrome/43.0.2357.134 Safari/537.36http://notifyninja.com/monitoring" "superior-dentistry.com"
180.76.15.134 - - [15/Oct/2016:04:34:10 -0700] "GET /js/js-image-slider.js HTTP/1.1" 404 89 "-" "Mozilla/5.0 (compatible; Baiduspider/2.0; +http://www.baidu.com/search/spider.html)" "superior-dentistry.com"
46.118.155.22 - - [15/Oct/2016:04:37:35 -0700] "GET / HTTP/1.1" 200 38900 "http://krasivoe-hd.net/" "Mozilla/5.0 (Windows NT 5.1; U; en) Opera 8.00" "www.superior-dentistry.com"
46.118.155.22 - - [15/Oct/2016:04:37:35 -0700] "GET / HTTP/1.1" 200 38900 "http://www.photorepair.ru/" "Opera/7.54 (Windows NT 5.1; U)  [pl]" "www.superior-dentistry.com"
46.118.155.22 - - [15/Oct/2016:04:37:35 -0700] "GET / HTTP/1.1" 200 38900 "http://krasivoe-hd.net/" "Mozilla/5.0 (Windows NT 5.1; U; en) Opera 8.00" "www.superior-dentistry.com"
46.118.155.22 - - [15/Oct/2016:04:37:35 -0700] "GET / HTTP/1.1" 200 38900 "http://www.photorepair.ru/" "Opera/7.54 (Windows NT 5.1; U)  [pl]" "www.superior-dentistry.com"
46.118.155.22 - - [15/Oct/2016:04:37:36 -0700] "GET / HTTP/1.1" 200 38900 "http://krasivoe-hd.net/" "Mozilla/5.0 (Windows NT 5.1; U; en) Opera 8.00" "www.superior-dentistry.com"
46.118.155.22 - - [15/Oct/2016:04:37:36 -0700] "GET / HTTP/1.1" 200 38900 "http://www.photorepair.ru/" "Opera/7.54 (Windows NT 5.1; U)  [pl]" "www.superior-dentistry.com"
77.253.220.26 - - [15/Oct/2016:04:37:47 -0700] "GET / HTTP/1.1" 200 38900 "-" "Mozilla/5.0 (Macintosh; Intel Mac OS X 10_6_8) AppleWebKit/534.30 (KHTML, like Gecko) Chrome/12.0.742.68 Safari/534.30" "superior-dentistry.com"
198.16.7.150 - - [15/Oct/2016:05:29:46 -0700] "GET / HTTP/1.1" 200 38900 "-" "FreeWebMonitoring SiteChecker/0.2 (+http://www.freewebmonitoring.com/bot.html)" "www.superior-dentistry.com"
73.165.101.141 - - [15/Oct/2016:06:02:16 -0700] "GET / HTTP/1.1" 200 38900 "-" "Mozilla/5.0 (iPhone; CPU iPhone OS 10_1 like Mac OS X) AppleWebKit/602.2.8 (KHTML, like Gecko) Version/10.0 Mobile/14B55c Safari/602.1" "www.superior-dentistry.com"
73.165.101.141 - - [15/Oct/2016:06:02:16 -0700] "GET /theme.css HTTP/1.1" 200 1926 "http://www.superior-dentistry.com/" "Mozilla/5.0 (iPhone; CPU iPhone OS 10_1 like Mac OS X) AppleWebKit/602.2.8 (KHTML, like Gecko) Version/10.0 Mobile/14B55c Safari/602.1" "www.superior-dentistry.com"
73.165.101.141 - - [15/Oct/2016:06:02:16 -0700] "GET /css/bootstrap-theme.css HTTP/1.1" 200 19156 "http://www.superior-dentistry.com/" "Mozilla/5.0 (iPhone; CPU iPhone OS 10_1 like Mac OS X) AppleWebKit/602.2.8 (KHTML, like Gecko) Version/10.0 Mobile/14B55c Safari/602.1" "www.superior-dentistry.com"
73.165.101.141 - - [15/Oct/2016:06:02:16 -0700] "GET /css/bootstrap.css HTTP/1.1" 200 138415 "http://www.superior-dentistry.com/" "Mozilla/5.0 (iPhone; CPU iPhone OS 10_1 like Mac OS X) AppleWebKit/602.2.8 (KHTML, like Gecko) Version/10.0 Mobile/14B55c Safari/602.1" "www.superior-dentistry.com"
73.165.101.141 - - [15/Oct/2016:06:02:16 -0700] "GET /css/font-awesome.css HTTP/1.1" 200 28747 "http://www.superior-dentistry.com/" "Mozilla/5.0 (iPhone; CPU iPhone OS 10_1 like Mac OS X) AppleWebKit/602.2.8 (KHTML, like Gecko) Version/10.0 Mobile/14B55c Safari/602.1" "www.superior-dentistry.com"
73.165.101.141 - - [15/Oct/2016:06:02:16 -0700] "GET /js/ie-emulation-modes-warning.js HTTP/1.1" 200 2132 "http://www.superior-dentistry.com/" "Mozilla/5.0 (iPhone; CPU iPhone OS 10_1 like Mac OS X) AppleWebKit/602.2.8 (KHTML, like Gecko) Version/10.0 Mobile/14B55c Safari/602.1" "www.superior-dentistry.com"
178.255.87.242 - - [15/Oct/2016:06:12:17 -0700] "HEAD /robots.txt HTTP/1.1" 200 0 "-" "COMODO SSL Checker" "superior-dentistry.com"
199.59.148.209 - - [15/Oct/2016:06:34:07 -0700] "GET /robots.txt HTTP/1.1" 200 49 "-" "Twitterbot/1.0" "www.superior-dentistry.com"
199.59.148.209 - - [15/Oct/2016:06:34:07 -0700] "GET /images/logo1.jpg HTTP/1.1" 404 89 "-" "Twitterbot/1.0" "www.superior-dentistry.com"
199.59.148.209 - - [15/Oct/2016:06:34:07 -0700] "GET /images/endodontia-root-canal-treatment.jpg HTTP/1.1" 404 89 "-" "Twitterbot/1.0" "www.superior-dentistry.com"
199.59.148.209 - - [15/Oct/2016:06:34:07 -0700] "GET /images/logo1.jpg HTTP/1.1" 404 89 "-" "Twitterbot/1.0" "www.superior-dentistry.com"[0]
73.191.69.50 - - [15/Oct/2016:06:45:44 -0700] "GET / HTTP/1.1" 200 38900 "https://www.google.com/" "Mozilla/5.0 (X11; CrOS x86_64 8530.96.0) AppleWebKit/537.36 (KHTML, like Gecko) Chrome/53.0.2785.154 Safari/537.36" "www.superior-dentistry.com"
73.191.69.50 - - [15/Oct/2016:06:45:46 -0700] "GET /img/logo.jpg HTTP/1.1" 200 139628 "http://www.superior-dentistry.com/" "Mozilla/5.0 (X11; CrOS x86_64 8530.96.0) AppleWebKit/537.36 (KHTML, like Gecko) Chrome/53.0.2785.154 Safari/537.36" "www.superior-dentistry.com"[0]
73.191.69.50 - - [15/Oct/2016:06:45:47 -0700] "GET /js/docs.min.js HTTP/1.1" 200 43299 "http://www.superior-dentistry.com/" "Mozilla/5.0 (X11; CrOS x86_64 8530.96.0) AppleWebKit/537.36 (KHTML, like Gecko) Chrome/53.0.2785.154 Safari/537.36" "www.superior-dentistry.com"
73.191.69.50 - - [15/Oct/2016:06:45:47 -0700] "GET /img/wisdom-teeth-extraction.jpg HTTP/1.1" 200 23758 "http://www.superior-dentistry.com/" "Mozilla/5.0 (X11; CrOS x86_64 8530.96.0) AppleWebKit/537.36 (KHTML, like Gecko) Chrome/53.0.2785.154 Safari/537.36" "www.superior-dentistry.com"
73.191.69.50 - - [15/Oct/2016:06:45:47 -0700] "GET /img/dental-implants.jpg HTTP/1.1" 200 22844 "http://www.superior-dentistry.com/" "Mozilla/5.0 (X11; CrOS x86_64 8530.96.0) AppleWebKit/537.36 (KHTML, like Gecko) Chrome/53.0.2785.154 Safari/537.36" "www.superior-dentistry.com"
73.191.69.50 - - [15/Oct/2016:06:45:47 -0700] "GET /img/extraction.jpg HTTP/1.1" 200 30135 "http://www.superior-dentistry.com/" "Mozilla/5.0 (X11; CrOS x86_64 8530.96.0) AppleWebKit/537.36 (KHTML, like Gecko) Chrome/53.0.2785.154 Safari/537.36" "www.superior-dentistry.com"
73.191.69.50 - - [15/Oct/2016:06:45:47 -0700] "GET /img/tmj-trauma.jpg HTTP/1.1" 200 22488 "http://www.superior-dentistry.com/" "Mozilla/5.0 (X11; CrOS x86_64 8530.96.0) AppleWebKit/537.36 (KHTML, like Gecko) Chrome/53.0.2785.154 Safari/537.36" "www.superior-dentistry.com"
73.191.69.50 - - [15/Oct/2016:06:45:47 -0700] "GET /img/oral-pathology.jpg HTTP/1.1" 200 33395 "http://www.superior-dentistry.com/" "Mozilla/5.0 (X11; CrOS x86_64 8530.96.0) AppleWebKit/537.36 (KHTML, like Gecko) Chrome/53.0.2785.154 Safari/537.36" "www.superior-dentistry.com"
73.191.69.50 - - [15/Oct/2016:06:45:47 -0700] "GET /img/slider1.jpg HTTP/1.1" 200 268888 "http://www.superior-dentistry.com/" "Mozilla/5.0 (X11; CrOS x86_64 8530.96.0) AppleWebKit/537.36 (KHTML, like Gecko) Chrome/53.0.2785.154 Safari/537.36" "www.superior-dentistry.com"
73.191.69.50 - - [15/Oct/2016:06:45:47 -0700] "GET /img/slider3.jpg HTTP/1.1" 200 217901 "http://www.superior-dentistry.com/" "Mozilla/5.0 (X11; CrOS x86_64 8530.96.0) AppleWebKit/537.36 (KHTML, like Gecko) Chrome/53.0.2785.154 Safari/537.36" "www.superior-dentistry.com"
73.191.69.50 - - [15/Oct/2016:06:45:47 -0700] "GET /img/slider2.jpg HTTP/1.1" 200 345766 "http://www.superior-dentistry.com/" "Mozilla/5.0 (X11; CrOS x86_64 8530.96.0) AppleWebKit/537.36 (KHTML, like Gecko) Chrome/53.0.2785.154 Safari/537.36" "www.superior-dentistry.com"
73.191.69.50 - - [15/Oct/2016:06:45:48 -0700] "GET /img/offer-31-05-2014-whitening.jpg HTTP/1.1" 200 15686 "http://www.superior-dentistry.com/" "Mozilla/5.0 (X11; CrOS x86_64 8530.96.0) AppleWebKit/537.36 (KHTML, like Gecko) Chrome/53.0.2785.154 Safari/537.36" "www.superior-dentistry.com"
73.191.69.50 - - [15/Oct/2016:06:45:48 -0700] "GET /img/offer-31-05-2014-new-patient.jpg HTTP/1.1" 200 15365 "http://www.superior-dentistry.com/" "Mozilla/5.0 (X11; CrOS x86_64 8530.96.0) AppleWebKit/537.36 (KHTML, like Gecko) Chrome/53.0.2785.154 Safari/537.36" "www.superior-dentistry.com"
73.191.69.50 - - [15/Oct/2016:06:45:49 -0700] "GET /img/zocdoc-apt.jpg HTTP/1.1" 200 79396 "http://www.superior-dentistry.com/" "Mozilla/5.0 (X11; CrOS x86_64 8530.96.0) AppleWebKit/537.36 (KHTML, like Gecko) Chrome/53.0.2785.154 Safari/537.36" "www.superior-dentistry.com"
73.191.69.50 - - [15/Oct/2016:06:45:49 -0700] "GET /assets/flash/ZeroClipboard.swf?noCache=1476539148475 HTTP/1.1" 404 89 "http://www.superior-dentistry.com/" "Mozilla/5.0 (X11; CrOS x86_64 8530.96.0) AppleWebKit/537.36 (KHTML, like Gecko) Chrome/53.0.2785.154 Safari/537.36" "www.superior-dentistry.com"
73.191.69.50 - - [15/Oct/2016:06:45:55 -0700] "GET /favicon.ico HTTP/1.1" 200 688 "http://www.superior-dentistry.com/" "Mozilla/5.0 (X11; CrOS x86_64 8530.96.0) AppleWebKit/537.36 (KHTML, like Gecko) Chrome/53.0.2785.154 Safari/537.36" "www.superior-dentistry.com"[0]
162.232.68.153 - - [15/Oct/2016:06:48:46 -0700] "GET /img/dental-implants.jpg HTTP/1.1" 200 22844 "-" "Mozilla/5.0 (Windows NT 6.1; WOW64; Trident/7.0; rv:11.0) like Gecko" "www.superior-dentistry.com"[0]
162.232.68.153 - - [15/Oct/2016:06:48:58 -0700] "GET / HTTP/1.1" 200 38900 "http://www.google.com/url?sa=i&rct=j&q=&esrc=s&source=images&cd=&ved=0ahUKEwi_7J3Q-dzPAhVF4SYKHbpOB54QjRwIBw&url=http%3A%2F%2Fwww.superior-dentistry.com%2F&psig=AFQjCNE3tjmLtJYF8CtACK3fmzE4OBugmg&ust=1476625641806919" "Mozilla/5.0 (Windows NT 6.1; WOW64; Trident/7.0; rv:11.0) like Gecko" "www.superior-dentistry.com"
162.232.68.153 - - [15/Oct/2016:06:48:58 -0700] "GET /css/bootstrap.css HTTP/1.1" 200 138415 "http://www.superior-dentistry.com/" "Mozilla/5.0 (Windows NT 6.1; WOW64; Trident/7.0; rv:11.0) like Gecko" "www.superior-dentistry.com"
162.232.68.153 - - [15/Oct/2016:06:48:58 -0700] "GET /js/docs.min.js HTTP/1.1" 200 43299 "http://www.superior-dentistry.com/" "Mozilla/5.0 (Windows NT 6.1; WOW64; Trident/7.0; rv:11.0) like Gecko" "www.superior-dentistry.com"
162.232.68.153 - - [15/Oct/2016:06:48:58 -0700] "GET /img/logo.jpg HTTP/1.1" 200 139628 "http://www.superior-dentistry.com/" "Mozilla/5.0 (Windows NT 6.1; WOW64; Trident/7.0; rv:11.0) like Gecko" "www.superior-dentistry.com"
162.232.68.153 - - [15/Oct/2016:06:48:58 -0700] "GET /img/wisdom-teeth-extraction.jpg HTTP/1.1" 200 23758 "http://www.superior-dentistry.com/" "Mozilla/5.0 (Windows NT 6.1; WOW64; Trident/7.0; rv:11.0) like Gecko" "www.superior-dentistry.com"
162.232.68.153 - - [15/Oct/2016:06:48:58 -0700] "GET /img/extraction.jpg HTTP/1.1" 200 30135 "http://www.superior-dentistry.com/" "Mozilla/5.0 (Windows NT 6.1; WOW64; Trident/7.0; rv:11.0) like Gecko" "www.superior-dentistry.com"
162.232.68.153 - - [15/Oct/2016:06:48:58 -0700] "GET /img/jaw-surgery.jpg HTTP/1.1" 200 27058 "http://www.superior-dentistry.com/" "Mozilla/5.0 (Windows NT 6.1; WOW64; Trident/7.0; rv:11.0) like Gecko" "www.superior-dentistry.com"
162.232.68.153 - - [15/Oct/2016:06:48:58 -0700] "GET /img/oral-pathology.jpg HTTP/1.1" 200 33395 "http://www.superior-dentistry.com/" "Mozilla/5.0 (Windows NT 6.1; WOW64; Trident/7.0; rv:11.0) like Gecko" "www.superior-dentistry.com"
162.232.68.153 - - [15/Oct/2016:06:48:58 -0700] "GET /img/tmj-trauma.jpg HTTP/1.1" 200 22488 "http://www.superior-dentistry.com/" "Mozilla/5.0 (Windows NT 6.1; WOW64; Trident/7.0; rv:11.0) like Gecko" "www.superior-dentistry.com"[0]
162.232.68.153 - - [15/Oct/2016:06:48:58 -0700] "GET /img/slider1.jpg HTTP/1.1" 200 268888 "http://www.superior-dentistry.com/" "Mozilla/5.0 (Windows NT 6.1; WOW64; Trident/7.0; rv:11.0) like Gecko" "www.superior-dentistry.com"
162.232.68.153 - - [15/Oct/2016:06:48:58 -0700] "GET /img/meetdr-ali.jpg HTTP/1.1" 200 60533 "http://www.superior-dentistry.com/" "Mozilla/5.0 (Windows NT 6.1; WOW64; Trident/7.0; rv:11.0) like Gecko" "www.superior-dentistry.com"
162.232.68.153 - - [15/Oct/2016:06:48:58 -0700] "GET /img/slider3.jpg HTTP/1.1" 200 217901 "http://www.superior-dentistry.com/" "Mozilla/5.0 (Windows NT 6.1; WOW64; Trident/7.0; rv:11.0) like Gecko" "www.superior-dentistry.com"
162.232.68.153 - - [15/Oct/2016:06:48:58 -0700] "GET /img/meetdr-melika.jpg HTTP/1.1" 200 75968 "http://www.superior-dentistry.com/" "Mozilla/5.0 (Windows NT 6.1; WOW64; Trident/7.0; rv:11.0) like Gecko" "www.superior-dentistry.com"
162.232.68.153 - - [15/Oct/2016:06:48:58 -0700] "GET /img/slider2.jpg HTTP/1.1" 200 345766 "http://www.superior-dentistry.com/" "Mozilla/5.0 (Windows NT 6.1; WOW64; Trident/7.0; rv:11.0) like Gecko" "www.superior-dentistry.com"
162.232.68.153 - - [15/Oct/2016:06:48:58 -0700] "GET /img/offer-31-05-2014-sonicare-brush.jpg HTTP/1.1" 200 13165 "http://www.superior-dentistry.com/" "Mozilla/5.0 (Windows NT 6.1; WOW64; Trident/7.0; rv:11.0) like Gecko" "www.superior-dentistry.com"
162.232.68.153 - - [15/Oct/2016:06:48:58 -0700] "GET /fonts/fontawesome-webfont.eot HTTP/1.1" 200 60767 "http://www.superior-dentistry.com/" "Mozilla/5.0 (Windows NT 6.1; WOW64; Trident/7.0; rv:11.0) like Gecko" "www.superior-dentistry.com"
162.232.68.153 - - [15/Oct/2016:06:48:59 -0700] "GET /img/offer-31-05-2014-whitening.jpg HTTP/1.1" 200 15686 "http://www.superior-dentistry.com/" "Mozilla/5.0 (Windows NT 6.1; WOW64; Trident/7.0; rv:11.0) like Gecko" "www.superior-dentistry.com"
162.232.68.153 - - [15/Oct/2016:06:48:59 -0700] "GET /img/offer-31-05-2014-new-patient.jpg HTTP/1.1" 200 15365 "http://www.superior-dentistry.com/" "Mozilla/5.0 (Windows NT 6.1; WOW64; Trident/7.0; rv:11.0) like Gecko" "www.superior-dentistry.com"
162.232.68.153 - - [15/Oct/2016:06:48:59 -0700] "GET /img/patients-choice-winner-2015.png HTTP/1.1" 200 9818 "http://www.superior-dentistry.com/" "Mozilla/5.0 (Windows NT 6.1; WOW64; Trident/7.0; rv:11.0) like Gecko" "www.superior-dentistry.com"
162.232.68.153 - - [15/Oct/2016:06:48:59 -0700] "GET /assets/flash/ZeroClipboard.swf?noCache=1476539342942 HTTP/1.1" 404 89 "http://www.superior-dentistry.com/" "Mozilla/5.0 (Windows NT 6.1; WOW64; Trident/7.0; rv:11.0) like Gecko" "www.superior-dentistry.com"
162.232.68.153 - - [15/Oct/2016:06:49:01 -0700] "GET /favicon.ico HTTP/1.1" 200 688 "-" "Mozilla/5.0 (Windows NT 6.1; Win64; x64; Trident/7.0; rv:11.0) like Gecko" "www.superior-dentistry.com"
162.232.68.153 - - [15/Oct/2016:06:49:08 -0700] "GET /services.html HTTP/1.1" 200 34139 "http://www.superior-dentistry.com/" "Mozilla/5.0 (Windows NT 6.1; WOW64; Trident/7.0; rv:11.0) like Gecko" "www.superior-dentistry.com"
162.232.68.153 - - [15/Oct/2016:06:49:09 -0700] "GET /img/care3.jpg HTTP/1.1" 200 62411 "http://www.superior-dentistry.com/services.html" "Mozilla/5.0 (Windows NT 6.1; WOW64; Trident/7.0; rv:11.0) like Gecko" "www.superior-dentistry.com"
162.232.68.153 - - [15/Oct/2016:06:49:09 -0700] "GET /img/Lumineers.jpg HTTP/1.1" 200 70250 "http://www.superior-dentistry.com/services.html" "Mozilla/5.0 (Windows NT 6.1; WOW64; Trident/7.0; rv:11.0) like Gecko" "www.superior-dentistry.com"
198.16.7.150 - - [15/Oct/2016:07:31:18 -0700] "GET / HTTP/1.1" 200 38900 "-" "FreeWebMonitoring SiteChecker/0.2 (+http://www.freewebmonitoring.com/bot.html)" "www.superior-dentistry.com"
180.76.15.152 - - [15/Oct/2016:07:44:27 -0700] "GET /blog.php HTTP/1.1" 200 107037 "-" "Mozilla/5.0 (compatible; Baiduspider/2.0; +http://www.baidu.com/search/spider.html)" "superior-dentistry.com"
54.242.164.91 - - [15/Oct/2016:08:32:58 -0700] "GET / HTTP/1.1" 200 38900 "-" "Mozilla/5.0 (X11; Linux x86_64)AppleWebKit/537.36 (KHTML, like Gecko)Chrome/43.0.2357.134 Safari/537.36http://notifyninja.com/monitoring" "superior-dentistry.com"
51.255.86.195 - - [15/Oct/2016:08:34:55 -0700] "GET /images/care2.jpg HTTP/1.1" 404 89 "-" "Toweyabot: toweya.com" "www.superior-dentistry.com"
51.255.86.195 - - [15/Oct/2016:08:34:56 -0700] "GET /images/pinterest.png HTTP/1.1" 404 89 "-" "Toweyabot: toweya.com" "www.superior-dentistry.com"
51.255.86.195 - - [15/Oct/2016:08:34:57 -0700] "GET /images/services3.png HTTP/1.1" 404 89 "-" "Toweyabot: toweya.com" "www.superior-dentistry.com"
51.255.86.195 - - [15/Oct/2016:08:34:57 -0700] "GET /images/care6.jpg HTTP/1.1" 404 89 "-" "Toweyabot: toweya.com" "www.superior-dentistry.com"
51.255.86.195 - - [15/Oct/2016:08:34:57 -0700] "GET /images/care1.jpg HTTP/1.1" 404 89 "-" "Toweyabot: toweya.com" "www.superior-dentistry.com"
220.181.51.110 - - [15/Oct/2016:09:06:03 -0700] "GET /robots.txt HTTP/1.1" 200 49 "-" "Mozilla/5.0 (Windows NT 10.0; WOW64) AppleWebKit/537.36 (KHTML, like Gecko) Chrome/45.0.2454.93 Safari/537.36" "www.superior-dentistry.com"
65.36.241.48 - - [15/Oct/2016:09:15:48 -0700] "HEAD / HTTP/1.1" 200 0 "-" "InternetSeer.com" "www.superior-dentistry.com"
40.77.167.33 - - [15/Oct/2016:09:24:10 -0700] "GET /robots.txt HTTP/1.1" 200 49 "-" "Mozilla/5.0 (compatible; bingbot/2.0; +http://www.bing.com/bingbot.htm)" "superior-dentistry.com"
40.77.167.33 - - [15/Oct/2016:09:28:17 -0700] "GET /Dentist-Bowie-MD/css/bootstrap.css.map HTTP/1.1" 200 282 "-" "Mozilla/5.0 (compatible; bingbot/2.0; +http://www.bing.com/bingbot.htm)" "superior-dentistry.com"[0]
198.16.7.150 - - [15/Oct/2016:10:34:01 -0700] "GET / HTTP/1.1" 200 38900 "-" "FreeWebMonitoring SiteChecker/0.2 (+http://www.freewebmonitoring.com/bot.html)" "www.superior-dentistry.com"
180.76.15.34 - - [15/Oct/2016:10:35:35 -0700] "GET /Dentist-Bowie-MD/?N=A HTTP/1.1" 200 2249 "-" "Mozilla/5.0 (compatible; Baiduspider/2.0; +http://www.baidu.com/search/spider.html)" "www.superior-dentistry.com"
151.80.31.159 - - [15/Oct/2016:10:38:49 -0700] "GET /robots.txt HTTP/1.1" 200 49 "-" "Mozilla/5.0 (compatible; AhrefsBot/5.1; +http://ahrefs.com/robot/)" "superior-dentistry.com"
40.77.167.35 - - [15/Oct/2016:10:45:39 -0700] "GET / HTTP/1.1" 200 38900 "-" "Mozilla/5.0 (compatible; bingbot/2.0; +http://www.bing.com/bingbot.htm)" "www.superior-dentistry.com"
40.77.167.35 - - [15/Oct/2016:10:48:06 -0700] "GET /robots.txt HTTP/1.1" 200 49 "-" "Mozilla/5.0 (compatible; bingbot/2.0; +http://www.bing.com/bingbot.htm)" "www.superior-dentistry.com"
40.77.167.35 - - [15/Oct/2016:10:54:57 -0700] "GET /js/bootstrap.min.js HTTP/1.1" 200 35601 "-" "Mozilla/5.0 (compatible; bingbot/2.0; +http://www.bing.com/bingbot.htm)" "www.superior-dentistry.com"
40.77.167.35 - - [15/Oct/2016:10:54:57 -0700] "GET /js/ie10-viewport-bug-workaround.js HTTP/1.1" 200 694 "-" "Mozilla/5.0 (compatible; bingbot/2.0; +http://www.bing.com/bingbot.htm)" "www.superior-dentistry.com"
178.137.167.230 - - [15/Oct/2016:11:11:41 -0700] "GET / HTTP/1.1" 200 38900 "http://lvov.mistr-x.org/" "Opera/9.00 (Windows NT 5.1; U; en)" "www.superior-dentistry.com"
178.137.167.230 - - [15/Oct/2016:11:11:42 -0700] "GET / HTTP/1.1" 200 38900 "http://lvov.mistr-x.org/" "Opera/9.00 (Windows NT 5.1; U; en)" "www.superior-dentistry.com"
178.137.167.230 - - [15/Oct/2016:11:11:43 -0700] "GET / HTTP/1.1" 200 38900 "http://lvov.mistr-x.org/" "Opera/9.00 (Windows NT 5.1; U; en)" "www.superior-dentistry.com"
68.180.230.221 - - [15/Oct/2016:11:16:03 -0700] "GET /index.php HTTP/1.1" 200 73 "-" "Mozilla/5.0 (compatible; Yahoo! Slurp; http://help.yahoo.com/help/us/ysearch/slurp)" "www.superior-dentistry.com"
198.16.7.150 - - [15/Oct/2016:11:34:32 -0700] "GET / HTTP/1.1" 200 38900 "-" "FreeWebMonitoring SiteChecker/0.2 (+http://www.freewebmonitoring.com/bot.html)" "www.superior-dentistry.com"
180.76.15.141 - - [15/Oct/2016:11:52:33 -0700] "GET /Bowie-Dentists/Childrens-Dentistry-Maryland.html HTTP/1.1" 200 28854 "-" "Mozilla/5.0 (compatible; Baiduspider/2.0; +http://www.baidu.com/search/spider.html)" "www.superior-dentistry.com"
96.241.218.152 - - [15/Oct/2016:11:59:35 -0700] "GET / HTTP/1.1" 200 38900 "https://www.google.com/" "Mozilla/5.0 (iPhone; CPU iPhone OS 9_3_3 like Mac OS X) AppleWebKit/601.1.46 (KHTML, like Gecko) Version/9.0 Mobile/13G34 Safari/601.1" "www.superior-dentistry.com"
96.241.218.152 - - [15/Oct/2016:11:59:35 -0700] "GET /img/logo.jpg HTTP/1.1" 200 139628 "http://www.superior-dentistry.com/" "Mozilla/5.0 (iPhone; CPU iPhone OS 9_3_3 like Mac OS X) AppleWebKit/601.1.46 (KHTML, like Gecko) Version/9.0 Mobile/13G34 Safari/601.1" "www.superior-dentistry.com"
96.241.218.152 - - [15/Oct/2016:11:59:36 -0700] "GET /css/font-awesome.css HTTP/1.1" 200 28747 "http://www.superior-dentistry.com/" "Mozilla/5.0 (iPhone; CPU iPhone OS 9_3_3 like Mac OS X) AppleWebKit/601.1.46 (KHTML, like Gecko) Version/9.0 Mobile/13G34 Safari/601.1" "www.superior-dentistry.com"
96.241.218.152 - - [15/Oct/2016:11:59:36 -0700] "GET /js/ie-emulation-modes-warning.js HTTP/1.1" 200 2132 "http://www.superior-dentistry.com/" "Mozilla/5.0 (iPhone; CPU iPhone OS 9_3_3 like Mac OS X) AppleWebKit/601.1.46 (KHTML, like Gecko) Version/9.0 Mobile/13G34 Safari/601.1" "www.superior-dentistry.com"
96.241.218.152 - - [15/Oct/2016:11:59:36 -0700] "GET /theme.css HTTP/1.1" 304 - "http://www.superior-dentistry.com/" "Mozilla/5.0 (iPhone; CPU iPhone OS 9_3_3 like Mac OS X) AppleWebKit/601.1.46 (KHTML, like Gecko) Version/9.0 Mobile/13G34 Safari/601.1" "www.superior-dentistry.com"
96.241.218.152 - - [15/Oct/2016:11:59:36 -0700] "GET /js/docs.min.js HTTP/1.1" 200 43299 "http://www.superior-dentistry.com/" "Mozilla/5.0 (iPhone; CPU iPhone OS 9_3_3 like Mac OS X) AppleWebKit/601.1.46 (KHTML, like Gecko) Version/9.0 Mobile/13G34 Safari/601.1" "www.superior-dentistry.com"
96.241.218.152 - - [15/Oct/2016:11:59:36 -0700] "GET /img/patients-choice-winner-2015.png HTTP/1.1" 200 9818 "http://www.superior-dentistry.com/" "Mozilla/5.0 (iPhone; CPU iPhone OS 9_3_3 like Mac OS X) AppleWebKit/601.1.46 (KHTML, like Gecko) Version/9.0 Mobile/13G34 Safari/601.1" "www.superior-dentistry.com"
96.241.218.152 - - [15/Oct/2016:11:59:36 -0700] "GET /img/jaw-surgery.jpg HTTP/1.1" 200 27058 "http://www.superior-dentistry.com/" "Mozilla/5.0 (iPhone; CPU iPhone OS 9_3_3 like Mac OS X) AppleWebKit/601.1.46 (KHTML, like Gecko) Version/9.0 Mobile/13G34 Safari/601.1" "www.superior-dentistry.com"
96.241.218.152 - - [15/Oct/2016:11:59:36 -0700] "GET /img/dental-implants.jpg HTTP/1.1" 200 22844 "http://www.superior-dentistry.com/" "Mozilla/5.0 (iPhone; CPU iPhone OS 9_3_3 like Mac OS X) AppleWebKit/601.1.46 (KHTML, like Gecko) Version/9.0 Mobile/13G34 Safari/601.1" "www.superior-dentistry.com"
96.241.218.152 - - [15/Oct/2016:11:59:36 -0700] "GET /img/wisdom-teeth-extraction.jpg HTTP/1.1" 200 23758 "http://www.superior-dentistry.com/" "Mozilla/5.0 (iPhone; CPU iPhone OS 9_3_3 like Mac OS X) AppleWebKit/601.1.46 (KHTML, like Gecko) Version/9.0 Mobile/13G34 Safari/601.1" "www.superior-dentistry.com"
96.241.218.152 - - [15/Oct/2016:11:59:36 -0700] "GET /img/meetdr-ali.jpg HTTP/1.1" 200 60533 "http://www.superior-dentistry.com/" "Mozilla/5.0 (iPhone; CPU iPhone OS 9_3_3 like Mac OS X) AppleWebKit/601.1.46 (KHTML, like Gecko) Version/9.0 Mobile/13G34 Safari/601.1" "www.superior-dentistry.com"
96.241.218.152 - - [15/Oct/2016:11:59:36 -0700] "GET /img/offer-31-05-2014-sonicare-brush.jpg HTTP/1.1" 200 13165 "http://www.superior-dentistry.com/" "Mozilla/5.0 (iPhone; CPU iPhone OS 9_3_3 like Mac OS X) AppleWebKit/601.1.46 (KHTML, like Gecko) Version/9.0 Mobile/13G34 Safari/601.1" "www.superior-dentistry.com"
96.241.218.152 - - [15/Oct/2016:11:59:36 -0700] "GET /img/extraction.jpg HTTP/1.1" 200 30135 "http://www.superior-dentistry.com/" "Mozilla/5.0 (iPhone; CPU iPhone OS 9_3_3 like Mac OS X) AppleWebKit/601.1.46 (KHTML, like Gecko) Version/9.0 Mobile/13G34 Safari/601.1" "www.superior-dentistry.com"
