65.36.241.48 - - [07/Aug/2016:17:09:59 -0700] "HEAD / HTTP/1.1" 200 0 "-" "InternetSeer.com" "www.superior-dentistry.com"
157.56.3.66 - - [07/Aug/2016:17:20:34 -0700] "GET /Dental-Sites-We-Like.html HTTP/1.1" 200 41846 "-" "Mozilla/5.0 (Windows NT 6.3; WOW64) AppleWebKit/537.36 (KHTML, like Gecko) Chrome/42.0.2311.152 Safari/537.36 (BingLocalSearch)" "www.superior-dentistry.com"
157.56.3.66 - - [07/Aug/2016:17:20:35 -0700] "GET /Dentist-Bowie-MD/Periodontal-Services-Maryland-MD.html HTTP/1.1" 200 25411 "-" "Mozilla/5.0 (Windows NT 6.3; WOW64) AppleWebKit/537.36 (KHTML, like Gecko) Chrome/42.0.2311.152 Safari/537.36 (BingLocalSearch)" "www.superior-dentistry.com"[0]
157.56.3.66 - - [07/Aug/2016:17:20:39 -0700] "GET /Dentists-Bowie-MD.html HTTP/1.1" 200 27344 "-" "Mozilla/5.0 (Windows NT 6.3; WOW64) AppleWebKit/537.36 (KHTML, like Gecko) Chrome/42.0.2311.152 Safari/537.36 (BingLocalSearch)" "www.superior-dentistry.com"
157.56.3.66 - - [07/Aug/2016:17:20:46 -0700] "GET /Dentist-Bowie-MD/Dental-Implants-Maryland-MD.html HTTP/1.1" 200 32074 "-" "Mozilla/5.0 (Windows NT 6.3; WOW64) AppleWebKit/537.36 (KHTML, like Gecko) Chrome/42.0.2311.152 Safari/537.36 (BingLocalSearch)" "www.superior-dentistry.com"
157.56.3.66 - - [07/Aug/2016:17:20:49 -0700] "GET /Bowie-Dentists/Childrens-Dentistry-Maryland.html HTTP/1.1" 200 28854 "-" "Mozilla/5.0 (Windows NT 6.3; WOW64) AppleWebKit/537.36 (KHTML, like Gecko) Chrome/42.0.2311.152 Safari/537.36 (BingLocalSearch)" "www.superior-dentistry.com"
54.242.164.91 - - [07/Aug/2016:17:35:20 -0700] "GET / HTTP/1.1" 200 38900 "-" "Mozilla/5.0 (X11; Linux x86_64)AppleWebKit/537.36 (KHTML, like Gecko)Chrome/43.0.2357.134 Safari/537.36http://notifyninja.com/monitoring" "superior-dentistry.com"
52.200.99.88 - - [07/Aug/2016:17:38:47 -0700] "GET /robots.txt HTTP/1.1" 200 49 "-" "btcrawler" "superior-dentistry.com"
54.162.91.248 - - [07/Aug/2016:17:38:47 -0700] "GET /favicon.ico HTTP/1.1" 200 688 "-" "Embedly +support@embed.ly" "superior-dentistry.com"
52.200.99.88 - - [07/Aug/2016:17:38:47 -0700] "GET /robots.txt HTTP/1.1" 200 49 "-" "btcrawler" "www.superior-dentistry.com"
52.200.99.88 - - [07/Aug/2016:17:38:47 -0700] "GET /images/logo1.jpg HTTP/1.1" 404 89 "-" "btcrawler" "www.superior-dentistry.com"
198.16.7.150 - - [07/Aug/2016:17:56:57 -0700] "GET / HTTP/1.1" 200 38900 "-" "FreeWebMonitoring SiteChecker/0.2 (+http://www.freewebmonitoring.com/bot.html)" "www.superior-dentistry.com"
66.87.81.2 - - [07/Aug/2016:18:20:07 -0700] "GET / HTTP/1.1" 200 38900 "https://www.google.com/" "Mozilla/5.0 (iPhone; CPU iPhone OS 9_3_2 like Mac OS X) AppleWebKit/601.1.46 (KHTML, like Gecko) Version/9.0 Mobile/13F69 Safari/601.1" "www.superior-dentistry.com"
66.87.81.2 - - [07/Aug/2016:18:20:07 -0700] "GET /img/tmj-trauma.jpg HTTP/1.1" 200 22488 "http://www.superior-dentistry.com/" "Mozilla/5.0 (iPhone; CPU iPhone OS 9_3_2 like Mac OS X) AppleWebKit/601.1.46 (KHTML, like Gecko) Version/9.0 Mobile/13F69 Safari/601.1" "www.superior-dentistry.com"
66.87.81.2 - - [07/Aug/2016:18:20:07 -0700] "GET /img/oral-pathology.jpg HTTP/1.1" 200 33395 "http://www.superior-dentistry.com/" "Mozilla/5.0 (iPhone; CPU iPhone OS 9_3_2 like Mac OS X) AppleWebKit/601.1.46 (KHTML, like Gecko) Version/9.0 Mobile/13F69 Safari/601.1" "www.superior-dentistry.com"
66.87.81.2 - - [07/Aug/2016:18:20:11 -0700] "GET /fonts/fontawesome-webfont.woff?v=4.3.0 HTTP/1.1" 200 71508 "http://www.superior-dentistry.com/" "Mozilla/5.0 (iPhone; CPU iPhone OS 9_3_2 like Mac OS X) AppleWebKit/601.1.46 (KHTML, like Gecko) Version/9.0 Mobile/13F69 Safari/601.1" "www.superior-dentistry.com"
66.87.81.2 - - [07/Aug/2016:18:23:49 -0700] "GET /services.html HTTP/1.1" 200 34139 "http://www.superior-dentistry.com/" "Mozilla/5.0 (iPhone; CPU iPhone OS 9_3_2 like Mac OS X) AppleWebKit/601.1.46 (KHTML, like Gecko) Version/9.0 Mobile/13F69 Safari/601.1" "www.superior-dentistry.com"[0]
66.87.81.2 - - [07/Aug/2016:18:23:49 -0700] "GET /img/endodontia-root-canal-treatment.jpg HTTP/1.1" 200 126762 "http://www.superior-dentistry.com/services.html" "Mozilla/5.0 (iPhone; CPU iPhone OS 9_3_2 like Mac OS X) AppleWebKit/601.1.46 (KHTML, like Gecko) Version/9.0 Mobile/13F69 Safari/601.1" "www.superior-dentistry.com"
66.87.81.2 - - [07/Aug/2016:18:23:49 -0700] "GET /img/Teeth-Whitening1.jpg HTTP/1.1" 200 150063 "http://www.superior-dentistry.com/services.html" "Mozilla/5.0 (iPhone; CPU iPhone OS 9_3_2 like Mac OS X) AppleWebKit/601.1.46 (KHTML, like Gecko) Version/9.0 Mobile/13F69 Safari/601.1" "www.superior-dentistry.com"
66.87.81.2 - - [07/Aug/2016:18:23:49 -0700] "GET /img/care3.jpg HTTP/1.1" 200 62411 "http://www.superior-dentistry.com/services.html" "Mozilla/5.0 (iPhone; CPU iPhone OS 9_3_2 like Mac OS X) AppleWebKit/601.1.46 (KHTML, like Gecko) Version/9.0 Mobile/13F69 Safari/601.1" "www.superior-dentistry.com"
66.87.81.2 - - [07/Aug/2016:18:23:49 -0700] "GET /img/bridges-dentist-md.jpg HTTP/1.1" 200 67242 "http://www.superior-dentistry.com/services.html" "Mozilla/5.0 (iPhone; CPU iPhone OS 9_3_2 like Mac OS X) AppleWebKit/601.1.46 (KHTML, like Gecko) Version/9.0 Mobile/13F69 Safari/601.1" "www.superior-dentistry.com"
66.87.81.2 - - [07/Aug/2016:18:23:49 -0700] "GET /img/invisalign.jpg HTTP/1.1" 200 142640 "http://www.superior-dentistry.com/services.html" "Mozilla/5.0 (iPhone; CPU iPhone OS 9_3_2 like Mac OS X) AppleWebKit/601.1.46 (KHTML, like Gecko) Version/9.0 Mobile/13F69 Safari/601.1" "www.superior-dentistry.com"
66.87.81.2 - - [07/Aug/2016:18:23:49 -0700] "GET /img/night-guard.jpg HTTP/1.1" 200 106940 "http://www.superior-dentistry.com/services.html" "Mozilla/5.0 (iPhone; CPU iPhone OS 9_3_2 like Mac OS X) AppleWebKit/601.1.46 (KHTML, like Gecko) Version/9.0 Mobile/13F69 Safari/601.1" "www.superior-dentistry.com"
66.87.81.2 - - [07/Aug/2016:18:23:49 -0700] "GET /img/Lumineers.jpg HTTP/1.1" 200 70250 "http://www.superior-dentistry.com/services.html" "Mozilla/5.0 (iPhone; CPU iPhone OS 9_3_2 like Mac OS X) AppleWebKit/601.1.46 (KHTML, like Gecko) Version/9.0 Mobile/13F69 Safari/601.1" "www.superior-dentistry.com"
66.87.81.2 - - [07/Aug/2016:18:23:49 -0700] "GET /img/SnapOnSmile.jpg HTTP/1.1" 200 71471 "http://www.superior-dentistry.com/services.html" "Mozilla/5.0 (iPhone; CPU iPhone OS 9_3_2 like Mac OS X) AppleWebKit/601.1.46 (KHTML, like Gecko) Version/9.0 Mobile/13F69 Safari/601.1" "www.superior-dentistry.com"
66.87.81.2 - - [07/Aug/2016:18:23:49 -0700] "GET /img/doctor-achievement.jpg HTTP/1.1" 200 200838 "http://www.superior-dentistry.com/services.html" "Mozilla/5.0 (iPhone; CPU iPhone OS 9_3_2 like Mac OS X) AppleWebKit/601.1.46 (KHTML, like Gecko) Version/9.0 Mobile/13F69 Safari/601.1" "www.superior-dentistry.com"
66.87.81.2 - - [07/Aug/2016:18:23:49 -0700] "GET /img/dental-extractions.jpg HTTP/1.1" 200 165246 "http://www.superior-dentistry.com/services.html" "Mozilla/5.0 (iPhone; CPU iPhone OS 9_3_2 like Mac OS X) AppleWebKit/601.1.46 (KHTML, like Gecko) Version/9.0 Mobile/13F69 Safari/601.1" "www.superior-dentistry.com"
66.87.81.2 - - [07/Aug/2016:18:23:49 -0700] "GET /img/porcelain-veneers.jpg HTTP/1.1" 200 151567 "http://www.superior-dentistry.com/services.html" "Mozilla/5.0 (iPhone; CPU iPhone OS 9_3_2 like Mac OS X) AppleWebKit/601.1.46 (KHTML, like Gecko) Version/9.0 Mobile/13F69 Safari/601.1" "www.superior-dentistry.com"
66.87.81.2 - - [07/Aug/2016:18:23:49 -0700] "GET /img/implant-before-and-after.jpg HTTP/1.1" 200 122702 "http://www.superior-dentistry.com/services.html" "Mozilla/5.0 (iPhone; CPU iPhone OS 9_3_2 like Mac OS X) AppleWebKit/601.1.46 (KHTML, like Gecko) Version/9.0 Mobile/13F69 Safari/601.1" "www.superior-dentistry.com"
66.87.81.2 - - [07/Aug/2016:18:23:49 -0700] "GET /img/periodontalsurgery.jpg HTTP/1.1" 200 56963 "http://www.superior-dentistry.com/services.html" "Mozilla/5.0 (iPhone; CPU iPhone OS 9_3_2 like Mac OS X) AppleWebKit/601.1.46 (KHTML, like Gecko) Version/9.0 Mobile/13F69 Safari/601.1" "www.superior-dentistry.com"
66.87.81.2 - - [07/Aug/2016:18:23:49 -0700] "GET /img/dentures.jpg HTTP/1.1" 200 126240 "http://www.superior-dentistry.com/services.html" "Mozilla/5.0 (iPhone; CPU iPhone OS 9_3_2 like Mac OS X) AppleWebKit/601.1.46 (KHTML, like Gecko) Version/9.0 Mobile/13F69 Safari/601.1" "www.superior-dentistry.com"
199.59.148.211 - - [07/Aug/2016:18:23:56 -0700] "GET /robots.txt HTTP/1.1" 200 49 "-" "Twitterbot/1.0" "www.superior-dentistry.com"
199.59.148.211 - - [07/Aug/2016:18:23:57 -0700] "GET /robots.txt HTTP/1.1" 200 49 "-" "Twitterbot/1.0" "www.superior-dentistry.com"
199.59.148.211 - - [07/Aug/2016:18:23:57 -0700] "GET /images/endodontia-root-canal-treatment.jpg HTTP/1.1" 404 89 "-" "Twitterbot/1.0" "www.superior-dentistry.com"
199.59.148.211 - - [07/Aug/2016:18:23:57 -0700] "GET /images/logo1.jpg HTTP/1.1" 404 89 "-" "Twitterbot/1.0" "www.superior-dentistry.com"
54.242.164.91 - - [07/Aug/2016:18:36:44 -0700] "GET / HTTP/1.1" 200 38900 "-" "Mozilla/5.0 (X11; Linux x86_64)AppleWebKit/537.36 (KHTML, like Gecko)Chrome/43.0.2357.134 Safari/537.36http://notifyninja.com/monitoring" "superior-dentistry.com"
198.16.7.150 - - [07/Aug/2016:18:58:50 -0700] "GET / HTTP/1.1" 200 38900 "-" "FreeWebMonitoring SiteChecker/0.2 (+http://www.freewebmonitoring.com/bot.html)" "www.superior-dentistry.com"
180.76.15.137 - - [07/Aug/2016:19:37:16 -0700] "GET /Dentist-Bowie-MD/index.html HTTP/1.1" 404 89 "-" "Mozilla/5.0 (compatible; Baiduspider/2.0; +http://www.baidu.com/search/spider.html)" "www.superior-dentistry.com"
204.79.180.9 - - [07/Aug/2016:19:43:28 -0700] "GET / HTTP/1.1" 200 38900 "http://www.bing.com/search?q=bowie+dental+care+rt.+214+bowie+MD&form=MSNH14&sc=8-4&sp=-1&qs=n&sk=" "Mozilla/5.0 (compatible; MSIE 9.0; Windows NT 6.1; Trident/5.0;  Trident/5.0)" "www.superior-dentistry.com"
204.79.180.81 - - [07/Aug/2016:19:43:29 -0700] "GET /js/ie-emulation-modes-warning.js HTTP/1.1" 200 2132 "http://www.superior-dentistry.com/" "Mozilla/5.0 (compatible; MSIE 9.0; Windows NT 6.1; Trident/5.0;  Trident/5.0)" "www.superior-dentistry.com"
204.79.180.222 - - [07/Aug/2016:19:43:31 -0700] "GET /js/ie10-viewport-bug-workaround.js HTTP/1.1" 200 694 "http://www.superior-dentistry.com/" "Mozilla/5.0 (compatible; MSIE 9.0; Windows NT 6.1; Trident/5.0;  Trident/5.0)" "www.superior-dentistry.com"
107.23.14.203 - - [07/Aug/2016:19:58:25 -0700] "GET /wp-login.php HTTP/1.1" 200 73 "-" "Mozilla/5.0 (Windows NT 6.1; WOW64; rv:40.0) Gecko/20100101 Firefox/40.1" "superior-dentistry.com"
107.23.14.203 - - [07/Aug/2016:19:58:25 -0700] "GET /administrator/ HTTP/1.1" 404 89 "-" "Mozilla/5.0 (Windows NT 6.1; rv:31.0) Gecko/20100101 Firefox/31.0" "superior-dentistry.com"
198.16.7.150 - - [07/Aug/2016:20:00:27 -0700] "GET / HTTP/1.1" 200 38900 "-" "FreeWebMonitoring SiteChecker/0.2 (+http://www.freewebmonitoring.com/bot.html)" "www.superior-dentistry.com"
46.4.120.3 - - [07/Aug/2016:20:35:24 -0700] "GET /robots.txt HTTP/1.1" 200 49 "-" "Mozilla/5.0 (compatible; MJ12bot/v1.4.5; http://www.majestic12.co.uk/bot.php?+)" "superior-dentistry.com"
46.4.120.3 - - [07/Aug/2016:20:35:27 -0700] "GET /robots.txt HTTP/1.1" 200 49 "-" "Mozilla/5.0 (compatible; MJ12bot/v1.4.5; http://www.majestic12.co.uk/bot.php?+)" "www.superior-dentistry.com"
46.4.120.3 - - [07/Aug/2016:20:35:28 -0700] "GET /contact-us.php HTTP/1.1" 200 73 "-" "Mozilla/5.0 (compatible; MJ12bot/v1.4.5; http://www.majestic12.co.uk/bot.php?+)" "www.superior-dentistry.com"
24.155.102.159 - - [07/Aug/2016:20:53:46 -0700] "GET /img/dental-implants.jpg HTTP/1.1" 200 22844 "https://www.google.com/" "Mozilla/5.0 (Windows NT 6.1) AppleWebKit/537.36 (KHTML, like Gecko) Chrome/51.0.2704.103 Safari/537.36" "www.superior-dentistry.com"
24.155.102.159 - - [07/Aug/2016:20:53:59 -0700] "GET /img/logo.jpg HTTP/1.1" 200 139628 "https://www.google.com/" "Mozilla/5.0 (Windows NT 6.1) AppleWebKit/537.36 (KHTML, like Gecko) Chrome/51.0.2704.103 Safari/537.36" "www.superior-dentistry.com"
24.155.102.159 - - [07/Aug/2016:20:54:00 -0700] "GET /img/doctor-achievement.jpg HTTP/1.1" 200 200838 "https://www.google.com/" "Mozilla/5.0 (Windows NT 6.1) AppleWebKit/537.36 (KHTML, like Gecko) Chrome/51.0.2704.103 Safari/537.36" "www.superior-dentistry.com"
24.155.102.159 - - [07/Aug/2016:20:54:01 -0700] "GET /img/slider2.jpg HTTP/1.1" 200 345766 "https://www.google.com/" "Mozilla/5.0 (Windows NT 6.1) AppleWebKit/537.36 (KHTML, like Gecko) Chrome/51.0.2704.103 Safari/537.36" "www.superior-dentistry.com"
24.155.102.159 - - [07/Aug/2016:20:54:03 -0700] "GET /img/extraction.jpg HTTP/1.1" 200 30135 "https://www.google.com/" "Mozilla/5.0 (Windows NT 6.1) AppleWebKit/537.36 (KHTML, like Gecko) Chrome/51.0.2704.103 Safari/537.36" "www.superior-dentistry.com"
24.155.102.159 - - [07/Aug/2016:20:54:06 -0700] "GET /img/office-slider1.jpg HTTP/1.1" 200 134555 "https://www.google.com/" "Mozilla/5.0 (Windows NT 6.1) AppleWebKit/537.36 (KHTML, like Gecko) Chrome/51.0.2704.103 Safari/537.36" "www.superior-dentistry.com"
198.16.7.150 - - [07/Aug/2016:21:05:03 -0700] "GET / HTTP/1.1" 200 38900 "-" "FreeWebMonitoring SiteChecker/0.2 (+http://www.freewebmonitoring.com/bot.html)" "www.superior-dentistry.com"
5.255.250.70 - - [07/Aug/2016:21:22:15 -0700] "GET /robots.txt HTTP/1.1" 200 49 "-" "Mozilla/5.0 (compatible; YandexBot/3.0; +http://yandex.com/bots)" "www.superior-dentistry.com"
198.16.7.150 - - [07/Aug/2016:22:05:51 -0700] "GET / HTTP/1.1" 200 38900 "-" "FreeWebMonitoring SiteChecker/0.2 (+http://www.freewebmonitoring.com/bot.html)" "www.superior-dentistry.com"
207.46.13.180 - - [07/Aug/2016:22:25:58 -0700] "GET /Dentist-Bowie-MD/Dental-Links.html HTTP/1.1" 404 89 "-" "Mozilla/5.0 (compatible; bingbot/2.0; +http://www.bing.com/bingbot.htm)" "superior-dentistry.com"
198.16.7.150 - - [07/Aug/2016:23:06:52 -0700] "GET / HTTP/1.1" 200 38900 "-" "FreeWebMonitoring SiteChecker/0.2 (+http://www.freewebmonitoring.com/bot.html)" "www.superior-dentistry.com"
54.242.164.91 - - [07/Aug/2016:23:41:36 -0700] "GET / HTTP/1.1" 200 38900 "-" "Mozilla/5.0 (X11; Linux x86_64)AppleWebKit/537.36 (KHTML, like Gecko)Chrome/43.0.2357.134 Safari/537.36http://notifyninja.com/monitoring" "superior-dentistry.com"
198.16.7.150 - - [08/Aug/2016:00:07:09 -0700] "GET / HTTP/1.1" 200 38900 "-" "FreeWebMonitoring SiteChecker/0.2 (+http://www.freewebmonitoring.com/bot.html)" "www.superior-dentistry.com"
207.46.13.74 - - [08/Aug/2016:00:45:43 -0700] "GET /robots.txt HTTP/1.1" 200 49 "-" "Mozilla/5.0 (compatible; bingbot/2.0; +http://www.bing.com/bingbot.htm)" "www.superior-dentistry.com"
145.133.66.183 - - [08/Aug/2016:00:55:28 -0700] "GET /wp-login.php HTTP/1.1" 200 73 "-" "Mozilla/5.0 (Windows NT 6.1; WOW64; rv:40.0) Gecko/20100101 Firefox/40.1" "www.superior-dentistry.com"
145.133.66.183 - - [08/Aug/2016:00:55:28 -0700] "GET / HTTP/1.1" 200 38900 "-" "Mozilla/5.0 (Windows NT 6.1; WOW64; rv:40.0) Gecko/20100101 Firefox/40.1" "www.superior-dentistry.com"
198.16.7.150 - - [08/Aug/2016:01:07:53 -0700] "GET / HTTP/1.1" 200 38900 "-" "FreeWebMonitoring SiteChecker/0.2 (+http://www.freewebmonitoring.com/bot.html)" "www.superior-dentistry.com"
54.242.164.91 - - [08/Aug/2016:01:43:36 -0700] "GET / HTTP/1.1" 200 38900 "-" "Mozilla/5.0 (X11; Linux x86_64)AppleWebKit/537.36 (KHTML, like Gecko)Chrome/43.0.2357.134 Safari/537.36http://notifyninja.com/monitoring" "superior-dentistry.com"
95.211.135.133 - - [08/Aug/2016:02:02:57 -0700] "GET / HTTP/1.1" 200 38900 "-" "-" "www.superior-dentistry.com"
66.249.69.147 - - [08/Aug/2016:02:08:00 -0700] "GET /assets/flash/ZeroClipboard.swf?noCache=1470614400033&trustedOrigins=www.superior-dentistry.com%2C%2F%2Fwww.superior-dentistry.com%2Chttp%3A%2F%2Fwww.superior-dentistry.com HTTP/1.1" 404 89 "-" "Googlebot-Video/1.0" "www.superior-dentistry.com"
54.242.164.91 - - [08/Aug/2016:02:44:53 -0700] "GET / HTTP/1.1" 200 38900 "-" "Mozilla/5.0 (X11; Linux x86_64)AppleWebKit/537.36 (KHTML, like Gecko)Chrome/43.0.2357.134 Safari/537.36http://notifyninja.com/monitoring" "superior-dentistry.com"
198.16.7.150 - - [08/Aug/2016:03:10:15 -0700] "GET / HTTP/1.1" 200 38900 "-" "FreeWebMonitoring SiteChecker/0.2 (+http://www.freewebmonitoring.com/bot.html)" "www.superior-dentistry.com"
54.242.164.91 - - [08/Aug/2016:03:46:03 -0700] "GET / HTTP/1.1" 200 38900 "-" "Mozilla/5.0 (X11; Linux x86_64)AppleWebKit/537.36 (KHTML, like Gecko)Chrome/43.0.2357.134 Safari/537.36http://notifyninja.com/monitoring" "superior-dentistry.com"
54.89.10.62 - - [08/Aug/2016:03:47:29 -0700] "GET /robots.txt HTTP/1.1" 200 49 "-" "Mozilla/5.0 (Macintosh; Intel Mac OS X 10.9; rv:28.0) Gecko/20100101 Firefox/28.0 (FlipboardProxy/1.1; +http://flipboard.com/browserproxy)" "www.superior-dentistry.com"
207.46.13.113 - - [08/Aug/2016:03:59:04 -0700] "GET /robots.txt HTTP/1.1" 200 49 "-" "Mozilla/5.0 (compatible; bingbot/2.0; +http://www.bing.com/bingbot.htm)" "www.superior-dentistry.com"
54.242.164.91 - - [08/Aug/2016:04:46:53 -0700] "GET / HTTP/1.1" 200 38900 "-" "Mozilla/5.0 (X11; Linux x86_64)AppleWebKit/537.36 (KHTML, like Gecko)Chrome/43.0.2357.134 Safari/537.36http://notifyninja.com/monitoring" "superior-dentistry.com"
198.16.7.150 - - [08/Aug/2016:05:11:58 -0700] "GET / HTTP/1.1" 200 38900 "-" "FreeWebMonitoring SiteChecker/0.2 (+http://www.freewebmonitoring.com/bot.html)" "www.superior-dentistry.com"
5.248.196.10 - - [08/Aug/2016:05:14:18 -0700] "GET / HTTP/1.1" 200 38900 "http://laudit.ru/" "Opera/9.00 (Windows NT 5.1; U; ru)" "www.superior-dentistry.com"
5.248.196.10 - - [08/Aug/2016:05:14:18 -0700] "GET / HTTP/1.1" 200 38900 "http://laudit.ru/" "Opera/9.00 (Windows NT 5.1; U; ru)" "www.superior-dentistry.com"
5.248.196.10 - - [08/Aug/2016:05:14:19 -0700] "GET / HTTP/1.1" 200 38900 "http://laudit.ru/" "Opera/9.00 (Windows NT 5.1; U; ru)" "www.superior-dentistry.com"
54.242.164.91 - - [08/Aug/2016:05:48:37 -0700] "GET / HTTP/1.1" 200 38900 "-" "Mozilla/5.0 (X11; Linux x86_64)AppleWebKit/537.36 (KHTML, like Gecko)Chrome/43.0.2357.134 Safari/537.36http://notifyninja.com/monitoring" "superior-dentistry.com"
198.16.7.150 - - [08/Aug/2016:06:13:02 -0700] "GET / HTTP/1.1" 200 38900 "-" "FreeWebMonitoring SiteChecker/0.2 (+http://www.freewebmonitoring.com/bot.html)" "www.superior-dentistry.com"
138.201.59.34 - - [08/Aug/2016:06:14:32 -0700] "GET /css/bootstrap.css HTTP/1.1" 200 138415 "http://www.superior-dentistry.com/" "Mozilla/5.0 (compatible; SEOkicks-Robot; +http://www.seokicks.de/robot.html)" "www.superior-dentistry.com"
138.201.59.34 - - [08/Aug/2016:06:14:37 -0700] "GET /theme.css HTTP/1.1" 200 1926 "http://www.superior-dentistry.com/" "Mozilla/5.0 (compatible; SEOkicks-Robot; +http://www.seokicks.de/robot.html)" "www.superior-dentistry.com"
138.201.59.34 - - [08/Aug/2016:06:14:39 -0700] "GET /js/ie-emulation-modes-warning.js HTTP/1.1" 200 2132 "http://www.superior-dentistry.com/" "Mozilla/5.0 (compatible; SEOkicks-Robot; +http://www.seokicks.de/robot.html)" "www.superior-dentistry.com"
108.45.105.203 - - [08/Aug/2016:06:35:35 -0700] "GET / HTTP/1.1" 200 38900 "-" "Mozilla/5.0 (Linux; Android 6.0.1; SAMSUNG-SM-G890A Build/MMB29K) AppleWebKit/537.36 (KHTML, like Gecko) SamsungBrowser/4.0 Chrome/44.0.2403.133 Mobile Safari/537.36" "www.superior-dentistry.com"
108.45.105.203 - - [08/Aug/2016:06:35:35 -0700] "GET /css/font-awesome.css HTTP/1.1" 200 28747 "http://www.superior-dentistry.com/" "Mozilla/5.0 (Linux; Android 6.0.1; SAMSUNG-SM-G890A Build/MMB29K) AppleWebKit/537.36 (KHTML, like Gecko) SamsungBrowser/4.0 Chrome/44.0.2403.133 Mobile Safari/537.36" "www.superior-dentistry.com"
108.45.105.203 - - [08/Aug/2016:06:35:35 -0700] "GET /js/ie-emulation-modes-warning.js HTTP/1.1" 200 2132 "http://www.superior-dentistry.com/" "Mozilla/5.0 (Linux; Android 6.0.1; SAMSUNG-SM-G890A Build/MMB29K) AppleWebKit/537.36 (KHTML, like Gecko) SamsungBrowser/4.0 Chrome/44.0.2403.133 Mobile Safari/537.36" "www.superior-dentistry.com"
108.45.105.203 - - [08/Aug/2016:06:35:35 -0700] "GET /css/bootstrap.css HTTP/1.1" 200 138415 "http://www.superior-dentistry.com/" "Mozilla/5.0 (Linux; Android 6.0.1; SAMSUNG-SM-G890A Build/MMB29K) AppleWebKit/537.36 (KHTML, like Gecko) SamsungBrowser/4.0 Chrome/44.0.2403.133 Mobile Safari/537.36" "www.superior-dentistry.com"
108.45.105.203 - - [08/Aug/2016:06:35:35 -0700] "GET /img/slider3.jpg HTTP/1.1" 200 217901 "http://www.superior-dentistry.com/" "Mozilla/5.0 (Linux; Android 6.0.1; SAMSUNG-SM-G890A Build/MMB29K) AppleWebKit/537.36 (KHTML, like Gecko) SamsungBrowser/4.0 Chrome/44.0.2403.133 Mobile Safari/537.36" "www.superior-dentistry.com"
108.45.105.203 - - [08/Aug/2016:06:35:35 -0700] "GET /img/offer-31-05-2014-whitening.jpg HTTP/1.1" 200 15686 "http://www.superior-dentistry.com/" "Mozilla/5.0 (Linux; Android 6.0.1; SAMSUNG-SM-G890A Build/MMB29K) AppleWebKit/537.36 (KHTML, like Gecko) SamsungBrowser/4.0 Chrome/44.0.2403.133 Mobile Safari/537.36" "www.superior-dentistry.com"
108.45.105.203 - - [08/Aug/2016:06:35:35 -0700] "GET /img/slider1.jpg HTTP/1.1" 200 268888 "http://www.superior-dentistry.com/" "Mozilla/5.0 (Linux; Android 6.0.1; SAMSUNG-SM-G890A Build/MMB29K) AppleWebKit/537.36 (KHTML, like Gecko) SamsungBrowser/4.0 Chrome/44.0.2403.133 Mobile Safari/537.36" "www.superior-dentistry.com"
108.45.105.203 - - [08/Aug/2016:06:35:35 -0700] "GET /img/offer-31-05-2014-sonicare-brush.jpg HTTP/1.1" 200 13165 "http://www.superior-dentistry.com/" "Mozilla/5.0 (Linux; Android 6.0.1; SAMSUNG-SM-G890A Build/MMB29K) AppleWebKit/537.36 (KHTML, like Gecko) SamsungBrowser/4.0 Chrome/44.0.2403.133 Mobile Safari/537.36" "www.superior-dentistry.com"
108.45.105.203 - - [08/Aug/2016:06:35:35 -0700] "GET /fonts/fontawesome-webfont.woff2?v=4.3.0 HTTP/1.1" 200 56780 "http://www.superior-dentistry.com/css/font-awesome.css" "Mozilla/5.0 (Linux; Android 6.0.1; SAMSUNG-SM-G890A Build/MMB29K) AppleWebKit/537.36 (KHTML, like Gecko) SamsungBrowser/4.0 Chrome/44.0.2403.133 Mobile Safari/537.36" "www.superior-dentistry.com"
108.45.105.203 - - [08/Aug/2016:06:35:38 -0700] "GET /favicon.ico HTTP/1.1" 200 688 "http://www.superior-dentistry.com/" "Mozilla/5.0 (Linux; Android 6.0.1; SAMSUNG-SM-G890A Build/MMB29K) AppleWebKit/537.36 (KHTML, like Gecko) SamsungBrowser/4.0 Chrome/44.0.2403.133 Mobile Safari/537.36" "www.superior-dentistry.com"
98.100.63.74 - - [08/Aug/2016:06:42:21 -0700] "GET /img/dental-implants.jpg HTTP/1.1" 200 22844 "https://www.google.com/" "Mozilla/5.0 (Windows NT 6.1; WOW64) AppleWebKit/537.36 (KHTML, like Gecko) Chrome/52.0.2743.116 Safari/537.36" "www.superior-dentistry.com"
54.242.164.91 - - [08/Aug/2016:06:49:55 -0700] "GET / HTTP/1.1" 200 38900 "-" "Mozilla/5.0 (X11; Linux x86_64)AppleWebKit/537.36 (KHTML, like Gecko)Chrome/43.0.2357.134 Safari/537.36http://notifyninja.com/monitoring" "superior-dentistry.com"
71.126.155.245 - - [08/Aug/2016:06:57:50 -0700] "GET / HTTP/1.1" 200 38900 "http://www.google.com/search?site=&source=hp&ei=w4-oV96pC4iOmQHphpewDg&q=dr+shatergholi&oq=dr.+shater&gs_l=mobile-gws-hp.1.0.0i22i30l5.2909.9218.0.15614.11.11.0.3.3.0.178.1382.0j11.11.0....0...1c.1.64.mobile-gws-hp..0.11.1112.3..0j41j0i131j0i3j0i13._9KCIvbx-UM" "Mozilla/5.0 (Linux; Android 5.0; SAMSUNG SM-N900V 4G Build/LRX21V) AppleWebKit/537.36 (KHTML, like Gecko) SamsungBrowser/2.1 Chrome/34.0.1847.76 Mobile Safari/537.36" "www.superior-dentistry.com"
71.126.155.245 - - [08/Aug/2016:06:57:50 -0700] "GET /css/bootstrap-theme.css HTTP/1.1" 200 19156 "http://www.superior-dentistry.com/" "Mozilla/5.0 (Linux; Android 5.0; SAMSUNG SM-N900V 4G Build/LRX21V) AppleWebKit/537.36 (KHTML, like Gecko) SamsungBrowser/2.1 Chrome/34.0.1847.76 Mobile Safari/537.36" "www.superior-dentistry.com"
71.126.155.245 - - [08/Aug/2016:06:57:50 -0700] "GET /img/tmj-trauma.jpg HTTP/1.1" 200 22488 "http://www.superior-dentistry.com/" "Mozilla/5.0 (Linux; Android 5.0; SAMSUNG SM-N900V 4G Build/LRX21V) AppleWebKit/537.36 (KHTML, like Gecko) SamsungBrowser/2.1 Chrome/34.0.1847.76 Mobile Safari/537.36" "www.superior-dentistry.com"
71.126.155.245 - - [08/Aug/2016:06:57:51 -0700] "GET /img/zocdoc-apt.jpg HTTP/1.1" 200 79396 "http://www.superior-dentistry.com/" "Mozilla/5.0 (Linux; Android 5.0; SAMSUNG SM-N900V 4G Build/LRX21V) AppleWebKit/537.36 (KHTML, like Gecko) SamsungBrowser/2.1 Chrome/34.0.1847.76 Mobile Safari/537.36" "www.superior-dentistry.com"
108.18.144.88 - - [08/Aug/2016:07:01:57 -0700] "GET /img/meetdr-ali.jpg HTTP/1.1" 200 60533 "http://www.superior-dentistry.com/" "Mozilla/5.0 (Linux; Android 5.1.1; SM-P905V Build/LMY47X) AppleWebKit/537.36 (KHTML, like Gecko) Chrome/51.0.2704.81 Safari/537.36" "www.superior-dentistry.com"
108.18.144.88 - - [08/Aug/2016:07:02:00 -0700] "GET / HTTP/1.1" 200 38900 "-" "Dalvik/2.1.0 (Linux; U; Android 5.1.1; SM-P905V Build/LMY47X)" "www.superior-dentistry.com"
108.18.144.88 - - [08/Aug/2016:07:02:14 -0700] "GET /contact-us.html HTTP/1.1" 200 23728 "http://www.superior-dentistry.com/" "Mozilla/5.0 (Linux; Android 5.1.1; SM-P905V Build/LMY47X) AppleWebKit/537.36 (KHTML, like Gecko) Chrome/51.0.2704.81 Safari/537.36" "www.superior-dentistry.com"
108.18.144.88 - - [08/Aug/2016:07:02:14 -0700] "GET /img/contact-img.jpg HTTP/1.1" 200 83148 "http://www.superior-dentistry.com/contact-us.html" "Mozilla/5.0 (Linux; Android 5.1.1; SM-P905V Build/LMY47X) AppleWebKit/537.36 (KHTML, like Gecko) Chrome/51.0.2704.81 Safari/537.36" "www.superior-dentistry.com"
198.16.7.150 - - [08/Aug/2016:07:14:36 -0700] "GET / HTTP/1.1" 200 38900 "-" "FreeWebMonitoring SiteChecker/0.2 (+http://www.freewebmonitoring.com/bot.html)" "www.superior-dentistry.com"
128.75.104.83 - - [08/Aug/2016:07:18:08 -0700] "GET /js/ie10-viewport-bug-workaround.js HTTP/1.1" 200 694 "http://www.superior-dentistry.com/Dentistry-Maryland-MD.html" "Mozilla/5.0 (Windows NT 6.1; rv:25.0) Gecko/20100101 Firefox/25.0" "www.superior-dentistry.com"
128.75.104.83 - - [08/Aug/2016:07:18:08 -0700] "GET /js/bootstrap.min.js HTTP/1.1" 200 35601 "http://www.superior-dentistry.com/Dentistry-Maryland-MD.html" "Mozilla/5.0 (Windows NT 6.1; rv:25.0) Gecko/20100101 Firefox/25.0" "www.superior-dentistry.com"
128.75.104.83 - - [08/Aug/2016:07:18:08 -0700] "GET /js/docs.min.js HTTP/1.1" 200 43299 "http://www.superior-dentistry.com/Dentistry-Maryland-MD.html" "Mozilla/5.0 (Windows NT 6.1; rv:25.0) Gecko/20100101 Firefox/25.0" "www.superior-dentistry.com"
176.77.84.217 - - [08/Aug/2016:08:00:26 -0700] "GET /css/font-awesome.css HTTP/1.1" 200 28747 "http://www.superior-dentistry.com/Dentistry-Maryland-MD.html" "Mozilla/5.0 (compatible; MSIE 10.0; Windows NT 6.1; Trident/6.0; MDDCJS)" "www.superior-dentistry.com"
176.77.84.217 - - [08/Aug/2016:08:00:27 -0700] "GET /js/docs.min.js HTTP/1.1" 200 43299 "http://www.superior-dentistry.com/Dentistry-Maryland-MD.html" "Mozilla/5.0 (compatible; MSIE 10.0; Windows NT 6.1; Trident/6.0; MDDCJS)" "www.superior-dentistry.com"
176.77.84.217 - - [08/Aug/2016:08:00:32 -0700] "GET /fonts/fontawesome-webfont.eot HTTP/1.1" 200 60767 "http://www.superior-dentistry.com/Dentistry-Maryland-MD.html" "Mozilla/5.0 (compatible; MSIE 10.0; Windows NT 6.1; Trident/6.0; MDDCJS)" "www.superior-dentistry.com"
176.77.84.217 - - [08/Aug/2016:08:00:41 -0700] "GET /assets/flash/ZeroClipboard.swf?noCache=1470668440421 HTTP/1.1" 404 89 "http://www.superior-dentistry.com/Dentistry-Maryland-MD.html" "Mozilla/5.0 (compatible; MSIE 10.0; Windows NT 6.1; Trident/6.0; MDDCJS)" "www.superior-dentistry.com"
199.16.156.124 - - [08/Aug/2016:08:17:12 -0700] "GET /images/logo1.jpg HTTP/1.1" 404 89 "-" "Twitterbot/1.0" "www.superior-dentistry.com"
162.129.251.72 - - [08/Aug/2016:08:20:08 -0700] "GET /js/ie-emulation-modes-warning.js HTTP/1.1" 200 2132 "http://www.superior-dentistry.com/" "Mozilla/5.0 (Windows NT 6.1; WOW64) AppleWebKit/537.36 (KHTML, like Gecko) Chrome/52.0.2743.116 Safari/537.36" "www.superior-dentistry.com"[0]
162.129.251.72 - - [08/Aug/2016:08:20:08 -0700] "GET /css/bootstrap-theme.css HTTP/1.1" 200 19156 "http://www.superior-dentistry.com/" "Mozilla/5.0 (Windows NT 6.1; WOW64) AppleWebKit/537.36 (KHTML, like Gecko) Chrome/52.0.2743.116 Safari/537.36" "www.superior-dentistry.com"
162.129.251.72 - - [08/Aug/2016:08:20:09 -0700] "GET /img/tmj-trauma.jpg HTTP/1.1" 200 22488 "http://www.superior-dentistry.com/" "Mozilla/5.0 (Windows NT 6.1; WOW64) AppleWebKit/537.36 (KHTML, like Gecko) Chrome/52.0.2743.116 Safari/537.36" "www.superior-dentistry.com"
162.129.251.72 - - [08/Aug/2016:08:20:10 -0700] "GET /img/slider2.jpg HTTP/1.1" 200 345766 "http://www.superior-dentistry.com/" "Mozilla/5.0 (Windows NT 6.1; WOW64) AppleWebKit/537.36 (KHTML, like Gecko) Chrome/52.0.2743.116 Safari/537.36" "www.superior-dentistry.com"
162.129.251.72 - - [08/Aug/2016:08:20:11 -0700] "GET /img/offer-31-05-2014-sonicare-brush.jpg HTTP/1.1" 200 13165 "http://www.superior-dentistry.com/" "Mozilla/5.0 (Windows NT 6.1; WOW64) AppleWebKit/537.36 (KHTML, like Gecko) Chrome/52.0.2743.116 Safari/537.36" "www.superior-dentistry.com"
162.129.251.72 - - [08/Aug/2016:08:20:21 -0700] "GET /img/zocdoc-apt.jpg HTTP/1.1" 200 79396 "http://www.superior-dentistry.com/" "Mozilla/5.0 (Windows NT 6.1; WOW64) AppleWebKit/537.36 (KHTML, like Gecko) Chrome/52.0.2743.116 Safari/537.36" "www.superior-dentistry.com"
72.66.81.75 - - [08/Aug/2016:08:21:47 -0700] "GET / HTTP/1.1" 200 38900 "https://www.google.com/" "Mozilla/5.0 (Macintosh; Intel Mac OS X 10_9_5) AppleWebKit/537.36 (KHTML, like Gecko) Chrome/51.0.2704.103 Safari/537.36" "www.superior-dentistry.com"
72.66.81.75 - - [08/Aug/2016:08:21:47 -0700] "GET /js/ie-emulation-modes-warning.js HTTP/1.1" 200 2132 "http://www.superior-dentistry.com/" "Mozilla/5.0 (Macintosh; Intel Mac OS X 10_9_5) AppleWebKit/537.36 (KHTML, like Gecko) Chrome/51.0.2704.103 Safari/537.36" "www.superior-dentistry.com"
72.66.81.75 - - [08/Aug/2016:08:21:47 -0700] "GET /css/font-awesome.css HTTP/1.1" 200 28747 "http://www.superior-dentistry.com/" "Mozilla/5.0 (Macintosh; Intel Mac OS X 10_9_5) AppleWebKit/537.36 (KHTML, like Gecko) Chrome/51.0.2704.103 Safari/537.36" "www.superior-dentistry.com"
72.66.81.75 - - [08/Aug/2016:08:21:48 -0700] "GET /theme.css HTTP/1.1" 200 1926 "http://www.superior-dentistry.com/" "Mozilla/5.0 (Macintosh; Intel Mac OS X 10_9_5) AppleWebKit/537.36 (KHTML, like Gecko) Chrome/51.0.2704.103 Safari/537.36" "www.superior-dentistry.com"
72.66.81.75 - - [08/Aug/2016:08:21:48 -0700] "GET /img/extraction.jpg HTTP/1.1" 200 30135 "http://www.superior-dentistry.com/" "Mozilla/5.0 (Macintosh; Intel Mac OS X 10_9_5) AppleWebKit/537.36 (KHTML, like Gecko) Chrome/51.0.2704.103 Safari/537.36" "www.superior-dentistry.com"
72.66.81.75 - - [08/Aug/2016:08:21:49 -0700] "GET /img/jaw-surgery.jpg HTTP/1.1" 200 27058 "http://www.superior-dentistry.com/" "Mozilla/5.0 (Macintosh; Intel Mac OS X 10_9_5) AppleWebKit/537.36 (KHTML, like Gecko) Chrome/51.0.2704.103 Safari/537.36" "www.superior-dentistry.com"
72.66.81.75 - - [08/Aug/2016:08:21:49 -0700] "GET /img/tmj-trauma.jpg HTTP/1.1" 200 22488 "http://www.superior-dentistry.com/" "Mozilla/5.0 (Macintosh; Intel Mac OS X 10_9_5) AppleWebKit/537.36 (KHTML, like Gecko) Chrome/51.0.2704.103 Safari/537.36" "www.superior-dentistry.com"
72.66.81.75 - - [08/Aug/2016:08:21:51 -0700] "GET /js/docs.min.js HTTP/1.1" 200 43299 "http://www.superior-dentistry.com/" "Mozilla/5.0 (Macintosh; Intel Mac OS X 10_9_5) AppleWebKit/537.36 (KHTML, like Gecko) Chrome/51.0.2704.103 Safari/537.36" "www.superior-dentistry.com"
72.66.81.75 - - [08/Aug/2016:08:21:51 -0700] "GET /js/ie10-viewport-bug-workaround.js HTTP/1.1" 200 694 "http://www.superior-dentistry.com/" "Mozilla/5.0 (Macintosh; Intel Mac OS X 10_9_5) AppleWebKit/537.36 (KHTML, like Gecko) Chrome/51.0.2704.103 Safari/537.36" "www.superior-dentistry.com"
72.66.81.75 - - [08/Aug/2016:08:21:51 -0700] "GET /fonts/fontawesome-webfont.woff2?v=4.3.0 HTTP/1.1" 200 56780 "http://www.superior-dentistry.com/css/font-awesome.css" "Mozilla/5.0 (Macintosh; Intel Mac OS X 10_9_5) AppleWebKit/537.36 (KHTML, like Gecko) Chrome/51.0.2704.103 Safari/537.36" "www.superior-dentistry.com"
72.66.81.75 - - [08/Aug/2016:08:21:52 -0700] "GET /img/zocdoc-apt.jpg HTTP/1.1" 200 79396 "http://www.superior-dentistry.com/" "Mozilla/5.0 (Macintosh; Intel Mac OS X 10_9_5) AppleWebKit/537.36 (KHTML, like Gecko) Chrome/51.0.2704.103 Safari/537.36" "www.superior-dentistry.com"
72.66.81.75 - - [08/Aug/2016:08:21:52 -0700] "GET /favicon.ico HTTP/1.1" 200 688 "http://www.superior-dentistry.com/" "Mozilla/5.0 (Macintosh; Intel Mac OS X 10_9_5) AppleWebKit/537.36 (KHTML, like Gecko) Chrome/51.0.2704.103 Safari/537.36" "www.superior-dentistry.com"
72.66.81.75 - - [08/Aug/2016:08:26:53 -0700] "GET /Dentist-Bowie-MD/theme.css HTTP/1.1" 200 1926 "http://www.superior-dentistry.com/Dentist-Bowie-MD/Tooth-Extractions-Maryland-MD.html" "Mozilla/5.0 (Macintosh; Intel Mac OS X 10_9_5) AppleWebKit/537.36 (KHTML, like Gecko) Chrome/51.0.2704.103 Safari/537.36" "www.superior-dentistry.com"
72.66.81.75 - - [08/Aug/2016:08:26:53 -0700] "GET /Dentist-Bowie-MD/js/bootstrap.min.js HTTP/1.1" 200 35601 "http://www.superior-dentistry.com/Dentist-Bowie-MD/Tooth-Extractions-Maryland-MD.html" "Mozilla/5.0 (Macintosh; Intel Mac OS X 10_9_5) AppleWebKit/537.36 (KHTML, like Gecko) Chrome/51.0.2704.103 Safari/537.36" "www.superior-dentistry.com"
209.60.168.59 - - [08/Aug/2016:08:57:22 -0700] "GET /js/ie-emulation-modes-warning.js HTTP/1.1" 200 2132 "http://www.superior-dentistry.com/" "Mozilla/5.0 (Windows NT 6.1; WOW64) AppleWebKit/537.36 (KHTML, like Gecko) Chrome/51.0.2704.106 Safari/537.36" "www.superior-dentistry.com"
209.60.168.59 - - [08/Aug/2016:08:57:22 -0700] "GET /css/bootstrap.css HTTP/1.1" 200 138415 "http://www.superior-dentistry.com/" "Mozilla/5.0 (Windows NT 6.1; WOW64) AppleWebKit/537.36 (KHTML, like Gecko) Chrome/51.0.2704.106 Safari/537.36" "www.superior-dentistry.com"[0]
209.60.168.59 - - [08/Aug/2016:08:57:22 -0700] "GET /css/font-awesome.css HTTP/1.1" 200 28747 "http://www.superior-dentistry.com/" "Mozilla/5.0 (Windows NT 6.1; WOW64) AppleWebKit/537.36 (KHTML, like Gecko) Chrome/51.0.2704.106 Safari/537.36" "www.superior-dentistry.com"
209.60.168.59 - - [08/Aug/2016:08:57:22 -0700] "GET /css/bootstrap-theme.css HTTP/1.1" 200 19156 "http://www.superior-dentistry.com/" "Mozilla/5.0 (Windows NT 6.1; WOW64) AppleWebKit/537.36 (KHTML, like Gecko) Chrome/51.0.2704.106 Safari/537.36" "www.superior-dentistry.com"
209.60.168.59 - - [08/Aug/2016:08:57:26 -0700] "GET /js/bootstrap.min.js HTTP/1.1" 200 35601 "http://www.superior-dentistry.com/" "Mozilla/5.0 (Windows NT 6.1; WOW64) AppleWebKit/537.36 (KHTML, like Gecko) Chrome/51.0.2704.106 Safari/537.36" "www.superior-dentistry.com"
209.60.168.59 - - [08/Aug/2016:08:57:44 -0700] "GET /contact-us.html HTTP/1.1" 200 23728 "http://www.superior-dentistry.com/" "Mozilla/5.0 (Windows NT 6.1; WOW64) AppleWebKit/537.36 (KHTML, like Gecko) Chrome/51.0.2704.106 Safari/537.36" "www.superior-dentistry.com"
209.60.168.59 - - [08/Aug/2016:08:57:44 -0700] "GET /img/contact-img.jpg HTTP/1.1" 200 83148 "http://www.superior-dentistry.com/contact-us.html" "Mozilla/5.0 (Windows NT 6.1; WOW64) AppleWebKit/537.36 (KHTML, like Gecko) Chrome/51.0.2704.106 Safari/537.36" "www.superior-dentistry.com"
209.60.168.59 - - [08/Aug/2016:08:58:02 -0700] "GET /assets/flash/ZeroClipboard.swf?noCache=1470671882321 HTTP/1.1" 404 89 "http://www.superior-dentistry.com/" "Mozilla/5.0 (Windows NT 6.1; WOW64) AppleWebKit/537.36 (KHTML, like Gecko) Chrome/51.0.2704.106 Safari/537.36" "www.superior-dentistry.com"
202.46.56.199 - - [08/Aug/2016:09:05:53 -0700] "GET /js/ie-emulation-modes-warning.js HTTP/1.1" 200 2132 "http://superior-dentistry.com/" "Mozilla/5.0 (Windows NT 6.1; WOW64) AppleWebKit/537.36 (KHTML, like Gecko) Chrome/28.0.1500.72 Safari/537.36" "superior-dentistry.com"
202.46.56.199 - - [08/Aug/2016:09:05:53 -0700] "GET /js/bootstrap.min.js HTTP/1.1" 200 35601 "http://superior-dentistry.com/" "Mozilla/5.0 (Windows NT 6.1; WOW64) AppleWebKit/537.36 (KHTML, like Gecko) Chrome/28.0.1500.72 Safari/537.36" "superior-dentistry.com"
202.46.51.159 - - [08/Aug/2016:09:05:54 -0700] "GET /js/docs.min.js HTTP/1.1" 200 43299 "http://superior-dentistry.com/" "Mozilla/5.0 (Windows NT 6.1; WOW64) AppleWebKit/537.36 (KHTML, like Gecko) Chrome/28.0.1500.72 Safari/537.36" "superior-dentistry.com"
198.16.7.150 - - [08/Aug/2016:09:16:10 -0700] "GET / HTTP/1.1" 200 38900 "-" "FreeWebMonitoring SiteChecker/0.2 (+http://www.freewebmonitoring.com/bot.html)" "www.superior-dentistry.com"
209.60.168.59 - - [08/Aug/2016:09:16:50 -0700] "GET /assets/flash/ZeroClipboard.swf?noCache=1470673008582 HTTP/1.1" 404 89 "http://www.superior-dentistry.com/" "Mozilla/5.0 (Windows NT 6.1; WOW64) AppleWebKit/537.36 (KHTML, like Gecko) Chrome/51.0.2704.106 Safari/537.36" "www.superior-dentistry.com"[0]
54.242.164.91 - - [08/Aug/2016:09:54:43 -0700] "GET / HTTP/1.1" 200 38900 "-" "Mozilla/5.0 (X11; Linux x86_64)AppleWebKit/537.36 (KHTML, like Gecko)Chrome/43.0.2357.134 Safari/537.36http://notifyninja.com/monitoring" "superior-dentistry.com"
17.142.159.177 - - [08/Aug/2016:10:01:51 -0700] "GET /images/logo1.jpg HTTP/1.1" 404 89 "-" "Mozilla/5.0 (Macintosh; Intel Mac OS X 10_10_1) AppleWebKit/600.2.5 (KHTML, like Gecko) Version/8.0.2 Safari/600.2.5 (Applebot/0.1; +http://www.apple.com/go/applebot)" "www.superior-dentistry.com"
17.142.159.177 - - [08/Aug/2016:10:01:56 -0700] "GET /images/logo1.jpg HTTP/1.1" 404 89 "-" "Mozilla/5.0 (Macintosh; Intel Mac OS X 10_10_1) AppleWebKit/600.2.5 (KHTML, like Gecko) Version/8.0.2 Safari/600.2.5 (Applebot/0.1; +http://www.apple.com/go/applebot)" "www.superior-dentistry.com"
17.142.159.177 - - [08/Aug/2016:10:01:56 -0700] "GET /images/logo1.jpg HTTP/1.1" 404 89 "-" "Mozilla/5.0 (iPhone; CPU iPhone OS 8_1 like Mac OS X) AppleWebKit/600.1.4 (KHTML, like Gecko) Version/8.0 Mobile/12B410 Safari/600.1.4 (Applebot/0.1; +http://www.apple.com/go/applebot)" "www.superior-dentistry.com"
17.142.159.177 - - [08/Aug/2016:10:02:01 -0700] "GET /images/logo1.jpg HTTP/1.1" 404 89 "-" "Mozilla/5.0 (Macintosh; Intel Mac OS X 10_10_1) AppleWebKit/600.2.5 (KHTML, like Gecko) Version/8.0.2 Safari/600.2.5 (Applebot/0.1; +http://www.apple.com/go/applebot)" "www.superior-dentistry.com"[0]
17.142.159.177 - - [08/Aug/2016:10:02:01 -0700] "GET /images/logo1.jpg HTTP/1.1" 404 89 "-" "Mozilla/5.0 (iPhone; CPU iPhone OS 8_1 like Mac OS X) AppleWebKit/600.1.4 (KHTML, like Gecko) Version/8.0 Mobile/12B410 Safari/600.1.4 (Applebot/0.1; +http://www.apple.com/go/applebot)" "www.superior-dentistry.com"
63.88.33.254 - - [08/Aug/2016:10:31:09 -0700] "GET /js/ie-emulation-modes-warning.js HTTP/1.1" 200 2132 "http://www.superior-dentistry.com/" "Mozilla/5.0 (Windows NT 6.1; Win64; x64; Trident/7.0; rv:11.0) like Gecko" "www.superior-dentistry.com"
63.88.33.254 - - [08/Aug/2016:10:31:09 -0700] "GET /img/dental-implants.jpg HTTP/1.1" 200 22844 "http://www.superior-dentistry.com/" "Mozilla/5.0 (Windows NT 6.1; Win64; x64; Trident/7.0; rv:11.0) like Gecko" "www.superior-dentistry.com"
63.88.33.254 - - [08/Aug/2016:10:31:09 -0700] "GET /js/bootstrap.min.js HTTP/1.1" 200 35601 "http://www.superior-dentistry.com/" "Mozilla/5.0 (Windows NT 6.1; Win64; x64; Trident/7.0; rv:11.0) like Gecko" "www.superior-dentistry.com"
63.88.33.254 - - [08/Aug/2016:10:31:09 -0700] "GET /js/docs.min.js HTTP/1.1" 200 43299 "http://www.superior-dentistry.com/" "Mozilla/5.0 (Windows NT 6.1; Win64; x64; Trident/7.0; rv:11.0) like Gecko" "www.superior-dentistry.com"
63.88.33.254 - - [08/Aug/2016:10:31:09 -0700] "GET /js/ie10-viewport-bug-workaround.js HTTP/1.1" 200 694 "http://www.superior-dentistry.com/" "Mozilla/5.0 (Windows NT 6.1; Win64; x64; Trident/7.0; rv:11.0) like Gecko" "www.superior-dentistry.com"
63.88.33.254 - - [08/Aug/2016:10:31:10 -0700] "GET /img/wisdom-teeth-extraction.jpg HTTP/1.1" 200 23758 "http://www.superior-dentistry.com/" "Mozilla/5.0 (Windows NT 6.1; Win64; x64; Trident/7.0; rv:11.0) like Gecko" "www.superior-dentistry.com"
63.88.33.254 - - [08/Aug/2016:10:31:10 -0700] "GET /img/slider1.jpg HTTP/1.1" 200 268888 "http://www.superior-dentistry.com/" "Mozilla/5.0 (Windows NT 6.1; Win64; x64; Trident/7.0; rv:11.0) like Gecko" "www.superior-dentistry.com"
63.88.33.254 - - [08/Aug/2016:10:31:10 -0700] "GET /img/offer-31-05-2014-sonicare-brush.jpg HTTP/1.1" 200 13165 "http://www.superior-dentistry.com/" "Mozilla/5.0 (Windows NT 6.1; Win64; x64; Trident/7.0; rv:11.0) like Gecko" "www.superior-dentistry.com"
63.88.33.254 - - [08/Aug/2016:10:31:10 -0700] "GET /img/offer-31-05-2014-new-patient.jpg HTTP/1.1" 200 15365 "http://www.superior-dentistry.com/" "Mozilla/5.0 (Windows NT 6.1; Win64; x64; Trident/7.0; rv:11.0) like Gecko" "www.superior-dentistry.com"
199.16.156.126 - - [08/Aug/2016:10:31:42 -0700] "GET /robots.txt HTTP/1.1" 200 49 "-" "Twitterbot/1.0" "www.superior-dentistry.com"
199.16.156.124 - - [08/Aug/2016:10:31:43 -0700] "GET /images/logo1.jpg HTTP/1.1" 404 89 "-" "Twitterbot/1.0" "www.superior-dentistry.com"
199.16.156.124 - - [08/Aug/2016:10:31:43 -0700] "GET /images/logo1.jpg HTTP/1.1" 404 89 "-" "Twitterbot/1.0" "www.superior-dentistry.com"
96.231.38.73 - - [08/Aug/2016:10:38:24 -0700] "GET /contact-us.html HTTP/1.1" 200 23728 "-" "Mozilla/5.0 (iPhone; CPU iPhone OS 9_3_3 like Mac OS X) AppleWebKit/601.1.46 (KHTML, like Gecko) Version/9.0 Mobile/13G34 Safari/601.1" "www.superior-dentistry.com"
96.231.38.73 - - [08/Aug/2016:10:38:25 -0700] "GET /css/bootstrap.css HTTP/1.1" 200 138415 "http://www.superior-dentistry.com/contact-us.html" "Mozilla/5.0 (iPhone; CPU iPhone OS 9_3_3 like Mac OS X) AppleWebKit/601.1.46 (KHTML, like Gecko) Version/9.0 Mobile/13G34 Safari/601.1" "www.superior-dentistry.com"
96.231.38.73 - - [08/Aug/2016:10:38:25 -0700] "GET /js/ie-emulation-modes-warning.js HTTP/1.1" 200 2132 "http://www.superior-dentistry.com/contact-us.html" "Mozilla/5.0 (iPhone; CPU iPhone OS 9_3_3 like Mac OS X) AppleWebKit/601.1.46 (KHTML, like Gecko) Version/9.0 Mobile/13G34 Safari/601.1" "www.superior-dentistry.com"
96.231.38.73 - - [08/Aug/2016:10:38:25 -0700] "GET /theme.css HTTP/1.1" 200 1926 "http://www.superior-dentistry.com/contact-us.html" "Mozilla/5.0 (iPhone; CPU iPhone OS 9_3_3 like Mac OS X) AppleWebKit/601.1.46 (KHTML, like Gecko) Version/9.0 Mobile/13G34 Safari/601.1" "www.superior-dentistry.com"
96.231.38.73 - - [08/Aug/2016:10:38:25 -0700] "GET /js/bootstrap.min.js HTTP/1.1" 200 35601 "http://www.superior-dentistry.com/contact-us.html" "Mozilla/5.0 (iPhone; CPU iPhone OS 9_3_3 like Mac OS X) AppleWebKit/601.1.46 (KHTML, like Gecko) Version/9.0 Mobile/13G34 Safari/601.1" "www.superior-dentistry.com"
96.231.38.73 - - [08/Aug/2016:10:38:25 -0700] "GET /css/bootstrap-theme.css HTTP/1.1" 200 19156 "http://www.superior-dentistry.com/contact-us.html" "Mozilla/5.0 (iPhone; CPU iPhone OS 9_3_3 like Mac OS X) AppleWebKit/601.1.46 (KHTML, like Gecko) Version/9.0 Mobile/13G34 Safari/601.1" "www.superior-dentistry.com"
96.231.38.73 - - [08/Aug/2016:10:38:25 -0700] "GET /img/logo.jpg HTTP/1.1" 200 139628 "http://www.superior-dentistry.com/contact-us.html" "Mozilla/5.0 (iPhone; CPU iPhone OS 9_3_3 like Mac OS X) AppleWebKit/601.1.46 (KHTML, like Gecko) Version/9.0 Mobile/13G34 Safari/601.1" "www.superior-dentistry.com"[0]
96.231.38.73 - - [08/Aug/2016:10:38:25 -0700] "GET /css/font-awesome.css HTTP/1.1" 304 - "http://www.superior-dentistry.com/contact-us.html" "Mozilla/5.0 (iPhone; CPU iPhone OS 9_3_3 like Mac OS X) AppleWebKit/601.1.46 (KHTML, like Gecko) Version/9.0 Mobile/13G34 Safari/601.1" "www.superior-dentistry.com"
96.231.38.73 - - [08/Aug/2016:10:38:25 -0700] "GET /js/ie10-viewport-bug-workaround.js HTTP/1.1" 200 694 "http://www.superior-dentistry.com/contact-us.html" "Mozilla/5.0 (iPhone; CPU iPhone OS 9_3_3 like Mac OS X) AppleWebKit/601.1.46 (KHTML, like Gecko) Version/9.0 Mobile/13G34 Safari/601.1" "www.superior-dentistry.com"
152.133.7.1 - - [08/Aug/2016:10:52:59 -0700] "GET / HTTP/1.1" 200 38900 "http://www.google.com/url?sa=t&rct=j&q=&esrc=s&source=web&cd=3&ved=0ahUKEwik1pXvsLLOAhXM4IMKHVkRCmkQFggtMAI&url=http%3A%2F%2Fwww.superior-dentistry.com%2F&usg=AFQjCNGF-nEQNHBsad_bRxtFplrZJb5AWQ" "Mozilla/5.0 (Windows NT 6.1; Win64; x64; Trident/7.0; rv:11.0) like Gecko" "www.superior-dentistry.com"
152.133.7.1 - - [08/Aug/2016:10:52:59 -0700] "GET /css/bootstrap.css HTTP/1.1" 200 138415 "http://www.superior-dentistry.com/" "Mozilla/5.0 (Windows NT 6.1; Win64; x64; Trident/7.0; rv:11.0) like Gecko" "www.superior-dentistry.com"
152.133.7.1 - - [08/Aug/2016:10:53:00 -0700] "GET /theme.css HTTP/1.1" 200 1926 "http://www.superior-dentistry.com/" "Mozilla/5.0 (Windows NT 6.1; Win64; x64; Trident/7.0; rv:11.0) like Gecko" "www.superior-dentistry.com"
152.133.7.1 - - [08/Aug/2016:10:53:00 -0700] "GET /css/bootstrap-theme.css HTTP/1.1" 200 19156 "http://www.superior-dentistry.com/" "Mozilla/5.0 (Windows NT 6.1; Win64; x64; Trident/7.0; rv:11.0) like Gecko" "www.superior-dentistry.com"[0]
152.133.7.1 - - [08/Aug/2016:10:53:00 -0700] "GET /js/ie-emulation-modes-warning.js HTTP/1.1" 200 2132 "http://www.superior-dentistry.com/" "Mozilla/5.0 (Windows NT 6.1; Win64; x64; Trident/7.0; rv:11.0) like Gecko" "www.superior-dentistry.com"[0]
152.133.7.1 - - [08/Aug/2016:10:53:00 -0700] "GET /css/font-awesome.css HTTP/1.1" 200 28747 "http://www.superior-dentistry.com/" "Mozilla/5.0 (Windows NT 6.1; Win64; x64; Trident/7.0; rv:11.0) like Gecko" "www.superior-dentistry.com"
152.133.7.1 - - [08/Aug/2016:10:53:00 -0700] "GET /js/bootstrap.min.js HTTP/1.1" 200 35601 "http://www.superior-dentistry.com/" "Mozilla/5.0 (Windows NT 6.1; Win64; x64; Trident/7.0; rv:11.0) like Gecko" "www.superior-dentistry.com"
152.133.7.1 - - [08/Aug/2016:10:53:00 -0700] "GET /img/dental-implants.jpg HTTP/1.1" 200 22844 "http://www.superior-dentistry.com/" "Mozilla/5.0 (Windows NT 6.1; Win64; x64; Trident/7.0; rv:11.0) like Gecko" "www.superior-dentistry.com"
152.133.7.1 - - [08/Aug/2016:10:53:00 -0700] "GET /js/docs.min.js HTTP/1.1" 200 43299 "http://www.superior-dentistry.com/" "Mozilla/5.0 (Windows NT 6.1; Win64; x64; Trident/7.0; rv:11.0) like Gecko" "www.superior-dentistry.com"
152.133.7.1 - - [08/Aug/2016:10:53:00 -0700] "GET /js/ie10-viewport-bug-workaround.js HTTP/1.1" 200 694 "http://www.superior-dentistry.com/" "Mozilla/5.0 (Windows NT 6.1; Win64; x64; Trident/7.0; rv:11.0) like Gecko" "www.superior-dentistry.com"
152.133.7.1 - - [08/Aug/2016:10:53:00 -0700] "GET /img/wisdom-teeth-extraction.jpg HTTP/1.1" 200 23758 "http://www.superior-dentistry.com/" "Mozilla/5.0 (Windows NT 6.1; Win64; x64; Trident/7.0; rv:11.0) like Gecko" "www.superior-dentistry.com"
152.133.7.1 - - [08/Aug/2016:10:53:00 -0700] "GET /img/jaw-surgery.jpg HTTP/1.1" 200 27058 "http://www.superior-dentistry.com/" "Mozilla/5.0 (Windows NT 6.1; Win64; x64; Trident/7.0; rv:11.0) like Gecko" "www.superior-dentistry.com"
152.133.7.1 - - [08/Aug/2016:10:53:00 -0700] "GET /img/meetdr-ali.jpg HTTP/1.1" 200 60533 "http://www.superior-dentistry.com/" "Mozilla/5.0 (Windows NT 6.1; Win64; x64; Trident/7.0; rv:11.0) like Gecko" "www.superior-dentistry.com"
152.133.7.1 - - [08/Aug/2016:10:53:00 -0700] "GET /img/meetdr-melika.jpg HTTP/1.1" 200 75968 "http://www.superior-dentistry.com/" "Mozilla/5.0 (Windows NT 6.1; Win64; x64; Trident/7.0; rv:11.0) like Gecko" "www.superior-dentistry.com"
152.133.7.1 - - [08/Aug/2016:10:53:01 -0700] "GET /assets/flash/ZeroClipboard.swf?noCache=1470678780765 HTTP/1.1" 404 89 "http://www.superior-dentistry.com/" "Mozilla/5.0 (Windows NT 6.1; Win64; x64; Trident/7.0; rv:11.0) like Gecko" "www.superior-dentistry.com"
152.133.7.1 - - [08/Aug/2016:10:53:03 -0700] "GET /favicon.ico HTTP/1.1" 200 688 "-" "Mozilla/5.0 (Windows NT 6.1; Win64; x64; Trident/7.0; rv:11.0) like Gecko" "www.superior-dentistry.com"
152.133.7.1 - - [08/Aug/2016:10:53:24 -0700] "GET /img/Dr-Melika.jpg HTTP/1.1" 200 28557 "http://www.superior-dentistry.com/meet-staff.html" "Mozilla/5.0 (Windows NT 6.1; Win64; x64; Trident/7.0; rv:11.0) like Gecko" "www.superior-dentistry.com"
152.133.7.1 - - [08/Aug/2016:10:53:24 -0700] "GET /assets/flash/ZeroClipboard.swf?noCache=1470678804186 HTTP/1.1" 404 89 "http://www.superior-dentistry.com/meet-staff.html" "Mozilla/5.0 (Windows NT 6.1; Win64; x64; Trident/7.0; rv:11.0) like Gecko" "www.superior-dentistry.com"
152.133.7.1 - - [08/Aug/2016:10:53:56 -0700] "GET /assets/flash/ZeroClipboard.swf?noCache=1470678836253 HTTP/1.1" 404 89 "http://www.superior-dentistry.com/" "Mozilla/5.0 (Windows NT 6.1; Win64; x64; Trident/7.0; rv:11.0) like Gecko" "www.superior-dentistry.com"
54.242.164.91 - - [08/Aug/2016:10:56:53 -0700] "GET / HTTP/1.1" 200 38900 "-" "Mozilla/5.0 (X11; Linux x86_64)AppleWebKit/537.36 (KHTML, like Gecko)Chrome/43.0.2357.134 Safari/537.36http://notifyninja.com/monitoring" "superior-dentistry.com"
192.126.155.150 - - [08/Aug/2016:11:12:32 -0700] "GET /dental-linkexchange.html HTTP/1.1" 404 89 "-" "Mozilla/5.0 (X11; Ubuntu; Linux x86_64; rv:26.0) Gecko/20100101 Firefox/26.0" "www.superior-dentistry.com"
96.228.140.223 - - [08/Aug/2016:11:16:17 -0700] "GET / HTTP/1.1" 200 38900 "https://www.google.com/" "Mozilla/5.0 (Windows NT 6.1; WOW64) AppleWebKit/537.36 (KHTML, like Gecko) Chrome/51.0.2704.103 Safari/537.36" "www.superior-dentistry.com"
96.228.140.223 - - [08/Aug/2016:11:16:17 -0700] "GET /css/bootstrap.css HTTP/1.1" 200 138415 "http://www.superior-dentistry.com/" "Mozilla/5.0 (Windows NT 6.1; WOW64) AppleWebKit/537.36 (KHTML, like Gecko) Chrome/51.0.2704.103 Safari/537.36" "www.superior-dentistry.com"
96.228.140.223 - - [08/Aug/2016:11:16:17 -0700] "GET /css/font-awesome.css HTTP/1.1" 304 - "http://www.superior-dentistry.com/" "Mozilla/5.0 (Windows NT 6.1; WOW64) AppleWebKit/537.36 (KHTML, like Gecko) Chrome/51.0.2704.103 Safari/537.36" "www.superior-dentistry.com"
96.228.140.223 - - [08/Aug/2016:11:16:17 -0700] "GET /theme.css HTTP/1.1" 200 1926 "http://www.superior-dentistry.com/" "Mozilla/5.0 (Windows NT 6.1; WOW64) AppleWebKit/537.36 (KHTML, like Gecko) Chrome/51.0.2704.103 Safari/537.36" "www.superior-dentistry.com"
