207.46.13.166 - - [20/Oct/2015:17:35:09 -0700] "GET /Dentist-Bowie-MD/Dental-Implants-Maryland-MD HTTP/1.1" 200 33055 "-" "msnbot-media/1.1 (+http://search.msn.com/msnbot.htm)" "www.superior-dentistry.com"
180.76.15.158 - - [20/Oct/2015:17:43:14 -0700] "GET /special-offers.html HTTP/1.1" 200 23685 "-" "Mozilla/5.0 (compatible; Baiduspider/2.0; +http://www.baidu.com/search/spider.html)" "www.superior-dentistry.com"
208.115.111.69 - - [20/Oct/2015:17:47:37 -0700] "GET /robots.txt HTTP/1.1" 200 49 "-" "Mozilla/5.0 (compatible; DotBot/1.1; http://www.opensiteexplorer.org/dotbot, help@moz.com)" "www.superior-dentistry.com"
71.166.62.155 - - [20/Oct/2015:18:19:45 -0700] "GET / HTTP/1.1" 200 38156 "https://www.google.com/" "Mozilla/5.0 (iPhone; CPU iPhone OS 9_0_2 like Mac OS X) AppleWebKit/601.1.46 (KHTML, like Gecko) Version/9.0 Mobile/13A452 Safari/601.1" "www.superior-dentistry.com"
71.166.62.155 - - [20/Oct/2015:18:19:45 -0700] "GET /css/font-awesome.css HTTP/1.1" 200 28747 "http://www.superior-dentistry.com/" "Mozilla/5.0 (iPhone; CPU iPhone OS 9_0_2 like Mac OS X) AppleWebKit/601.1.46 (KHTML, like Gecko) Version/9.0 Mobile/13A452 Safari/601.1" "www.superior-dentistry.com"
71.166.62.155 - - [20/Oct/2015:18:19:45 -0700] "GET /css/bootstrap.css HTTP/1.1" 200 138415 "http://www.superior-dentistry.com/" "Mozilla/5.0 (iPhone; CPU iPhone OS 9_0_2 like Mac OS X) AppleWebKit/601.1.46 (KHTML, like Gecko) Version/9.0 Mobile/13A452 Safari/601.1" "www.superior-dentistry.com"
71.166.62.155 - - [20/Oct/2015:18:19:45 -0700] "GET /js/ie10-viewport-bug-workaround.js HTTP/1.1" 200 694 "http://www.superior-dentistry.com/" "Mozilla/5.0 (iPhone; CPU iPhone OS 9_0_2 like Mac OS X) AppleWebKit/601.1.46 (KHTML, like Gecko) Version/9.0 Mobile/13A452 Safari/601.1" "www.superior-dentistry.com"
71.166.62.155 - - [20/Oct/2015:18:19:45 -0700] "GET /theme.css HTTP/1.1" 200 1926 "http://www.superior-dentistry.com/" "Mozilla/5.0 (iPhone; CPU iPhone OS 9_0_2 like Mac OS X) AppleWebKit/601.1.46 (KHTML, like Gecko) Version/9.0 Mobile/13A452 Safari/601.1" "www.superior-dentistry.com"
71.166.62.155 - - [20/Oct/2015:18:19:45 -0700] "GET /img/offer-31-05-2014-whitening.jpg HTTP/1.1" 200 15686 "http://www.superior-dentistry.com/" "Mozilla/5.0 (iPhone; CPU iPhone OS 9_0_2 like Mac OS X) AppleWebKit/601.1.46 (KHTML, like Gecko) Version/9.0 Mobile/13A452 Safari/601.1" "www.superior-dentistry.com"
71.166.62.155 - - [20/Oct/2015:18:19:46 -0700] "GET /img/slider2.jpg HTTP/1.1" 200 345766 "http://www.superior-dentistry.com/" "Mozilla/5.0 (iPhone; CPU iPhone OS 9_0_2 like Mac OS X) AppleWebKit/601.1.46 (KHTML, like Gecko) Version/9.0 Mobile/13A452 Safari/601.1" "www.superior-dentistry.com"
71.166.62.155 - - [20/Oct/2015:18:20:11 -0700] "GET /contact-us.html HTTP/1.1" 200 23726 "http://www.superior-dentistry.com/" "Mozilla/5.0 (iPhone; CPU iPhone OS 9_0_2 like Mac OS X) AppleWebKit/601.1.46 (KHTML, like Gecko) Version/9.0 Mobile/13A452 Safari/601.1" "www.superior-dentistry.com"
71.166.62.155 - - [20/Oct/2015:18:20:29 -0700] "GET /img/Dr-Melika.jpg HTTP/1.1" 200 28557 "http://www.superior-dentistry.com/meet-staff.html" "Mozilla/5.0 (iPhone; CPU iPhone OS 9_0_2 like Mac OS X) AppleWebKit/601.1.46 (KHTML, like Gecko) Version/9.0 Mobile/13A452 Safari/601.1" "www.superior-dentistry.com"
71.166.62.155 - - [20/Oct/2015:18:20:56 -0700] "GET /css/procedure-thumb.css HTTP/1.1" 200 2005 "http://www.superior-dentistry.com/firstvisit.html" "Mozilla/5.0 (iPhone; CPU iPhone OS 9_0_2 like Mac OS X) AppleWebKit/601.1.46 (KHTML, like Gecko) Version/9.0 Mobile/13A452 Safari/601.1" "www.superior-dentistry.com"
71.166.62.155 - - [20/Oct/2015:18:20:56 -0700] "GET /img/doc.png HTTP/1.1" 200 26918 "http://www.superior-dentistry.com/firstvisit.html" "Mozilla/5.0 (iPhone; CPU iPhone OS 9_0_2 like Mac OS X) AppleWebKit/601.1.46 (KHTML, like Gecko) Version/9.0 Mobile/13A452 Safari/601.1" "www.superior-dentistry.com"
71.166.62.155 - - [20/Oct/2015:18:20:56 -0700] "GET /img/office-slider3.jpg HTTP/1.1" 200 116344 "http://www.superior-dentistry.com/firstvisit.html" "Mozilla/5.0 (iPhone; CPU iPhone OS 9_0_2 like Mac OS X) AppleWebKit/601.1.46 (KHTML, like Gecko) Version/9.0 Mobile/13A452 Safari/601.1" "www.superior-dentistry.com"
71.166.62.155 - - [20/Oct/2015:18:20:56 -0700] "GET /img/office-slider1.jpg HTTP/1.1" 200 134555 "http://www.superior-dentistry.com/firstvisit.html" "Mozilla/5.0 (iPhone; CPU iPhone OS 9_0_2 like Mac OS X) AppleWebKit/601.1.46 (KHTML, like Gecko) Version/9.0 Mobile/13A452 Safari/601.1" "www.superior-dentistry.com"
157.55.39.206 - - [20/Oct/2015:18:27:13 -0700] "GET /css/bootstrap.css HTTP/1.1" 200 138415 "-" "Mozilla/5.0 (compatible; bingbot/2.0; +http://www.bing.com/bingbot.htm)" "www.superior-dentistry.com"
207.46.13.182 - - [20/Oct/2015:18:27:22 -0700] "GET /js/ie10-viewport-bug-workaround.js HTTP/1.1" 200 694 "-" "Mozilla/5.0 (compatible; bingbot/2.0; +http://www.bing.com/bingbot.htm)" "www.superior-dentistry.com"
207.46.13.75 - - [20/Oct/2015:18:27:40 -0700] "GET /js/bootstrap.min.js HTTP/1.1" 200 35601 "-" "Mozilla/5.0 (compatible; bingbot/2.0; +http://www.bing.com/bingbot.htm)" "www.superior-dentistry.com"
207.46.13.75 - - [20/Oct/2015:18:27:40 -0700] "GET /js/ie-emulation-modes-warning.js HTTP/1.1" 200 2132 "-" "Mozilla/5.0 (compatible; bingbot/2.0; +http://www.bing.com/bingbot.htm)" "www.superior-dentistry.com"
108.3.141.118 - - [20/Oct/2015:18:31:46 -0700] "GET / HTTP/1.1" 200 38156 "https://www.google.com/" "Mozilla/5.0 (iPhone; CPU iPhone OS 9_0_2 like Mac OS X) AppleWebKit/601.1.46 (KHTML, like Gecko) Version/9.0 Mobile/13A452 Safari/601.1" "www.superior-dentistry.com"
108.3.141.118 - - [20/Oct/2015:18:31:46 -0700] "GET /img/logo.jpg HTTP/1.1" 200 139628 "http://www.superior-dentistry.com/" "Mozilla/5.0 (iPhone; CPU iPhone OS 9_0_2 like Mac OS X) AppleWebKit/601.1.46 (KHTML, like Gecko) Version/9.0 Mobile/13A452 Safari/601.1" "www.superior-dentistry.com"
108.3.141.118 - - [20/Oct/2015:18:31:46 -0700] "GET /img/dental-implants.jpg HTTP/1.1" 200 22844 "http://www.superior-dentistry.com/" "Mozilla/5.0 (iPhone; CPU iPhone OS 9_0_2 like Mac OS X) AppleWebKit/601.1.46 (KHTML, like Gecko) Version/9.0 Mobile/13A452 Safari/601.1" "www.superior-dentistry.com"
108.3.141.118 - - [20/Oct/2015:18:31:46 -0700] "GET /img/offer-31-05-2014-whitening.jpg HTTP/1.1" 200 15686 "http://www.superior-dentistry.com/" "Mozilla/5.0 (iPhone; CPU iPhone OS 9_0_2 like Mac OS X) AppleWebKit/601.1.46 (KHTML, like Gecko) Version/9.0 Mobile/13A452 Safari/601.1" "www.superior-dentistry.com"
108.3.141.118 - - [20/Oct/2015:18:31:46 -0700] "GET /css/bootstrap.css HTTP/1.1" 200 138415 "http://www.superior-dentistry.com/" "Mozilla/5.0 (iPhone; CPU iPhone OS 9_0_2 like Mac OS X) AppleWebKit/601.1.46 (KHTML, like Gecko) Version/9.0 Mobile/13A452 Safari/601.1" "www.superior-dentistry.com"
108.3.141.118 - - [20/Oct/2015:18:31:46 -0700] "GET /img/slider2.jpg HTTP/1.1" 200 345766 "http://www.superior-dentistry.com/" "Mozilla/5.0 (iPhone; CPU iPhone OS 9_0_2 like Mac OS X) AppleWebKit/601.1.46 (KHTML, like Gecko) Version/9.0 Mobile/13A452 Safari/601.1" "www.superior-dentistry.com"
108.3.141.118 - - [20/Oct/2015:18:31:46 -0700] "GET /img/meetdr-ali.jpg HTTP/1.1" 200 60533 "http://www.superior-dentistry.com/" "Mozilla/5.0 (iPhone; CPU iPhone OS 9_0_2 like Mac OS X) AppleWebKit/601.1.46 (KHTML, like Gecko) Version/9.0 Mobile/13A452 Safari/601.1" "www.superior-dentistry.com"
217.69.133.237 - - [20/Oct/2015:19:09:12 -0700] "GET /robots.txt HTTP/1.1" 200 49 "-" "Mozilla/5.0 (compatible; Linux x86_64; Mail.RU_Bot/2.0; +http://go.mail.ru/help/robots)" "superior-dentistry.com"
180.76.15.19 - - [20/Oct/2015:19:17:29 -0700] "GET /Dentist-Bowie-MD/js/?S=A HTTP/1.1" 200 6862 "-" "Mozilla/5.0 (compatible; Baiduspider/2.0; +http://www.baidu.com/search/spider.html)" "www.superior-dentistry.com"
217.69.133.235 - - [20/Oct/2015:19:18:39 -0700] "GET /index.html HTTP/1.1" 200 38156 "-" "Mozilla/5.0 (compatible; Linux x86_64; Mail.RU_Bot/2.0; +http://go.mail.ru/help/robots)" "superior-dentistry.com"
207.46.13.75 - - [20/Oct/2015:19:29:01 -0700] "GET /js/bootstrap.min.js HTTP/1.1" 304 - "-" "Mozilla/5.0 (compatible; bingbot/2.0; +http://www.bing.com/bingbot.htm)" "www.superior-dentistry.com"
208.122.6.102 - - [20/Oct/2015:19:46:34 -0700] "GET / HTTP/1.1" 200 38156 "-" "FreeWebMonitoring SiteChecker/0.2 (+http://www.freewebmonitoring.com/bot.html)" "www.superior-dentistry.com"
54.83.62.178 - - [20/Oct/2015:20:35:17 -0700] "GET /Dental-Sites-We-Like.html HTTP/1.1" 200 41324 "-" "User-Agent: Mozilla/5.0 (Windows NT 6.1; WOW64) AppleWebKit/537.31 (KHTML, like Gecko) Chrome/26.0.1410.64 Safari/537.31" "www.superior-dentistry.com"
217.69.133.239 - - [20/Oct/2015:20:48:08 -0700] "GET /robots.txt HTTP/1.1" 200 49 "-" "Mozilla/5.0 (compatible; Linux x86_64; Mail.RU_Bot/2.0; +http://go.mail.ru/help/robots)" "superior-dentistry.com"
71.189.164.218 - - [20/Oct/2015:20:52:34 -0700] "GET /firstvisit.html HTTP/1.1" 200 24042 "-" "Mozilla/5.0 (compatible; GimmeUSAbot/1.0; +https://gimmeusa.com/pages/crawler)" "superior-dentistry.com"
173.252.73.99 - - [20/Oct/2015:20:59:17 -0700] "GET /images/implant-before-and-after.jpg HTTP/1.1" 404 89 "-" "facebookexternalhit/1.1 (+http://www.facebook.com/externalhit_uatext.php)" "www.superior-dentistry.com"
54.243.138.3 - - [20/Oct/2015:21:07:02 -0700] "GET /testimonials.html HTTP/1.1" 200 24783 "-" "User-Agent: Mozilla/5.0 (Windows NT 6.1; WOW64) AppleWebKit/537.31 (KHTML, like Gecko) Chrome/26.0.1410.64 Safari/537.31" "www.superior-dentistry.com"
71.189.164.218 - - [20/Oct/2015:21:17:44 -0700] "GET /Dentistry-Maryland-MD.html HTTP/1.1" 200 31039 "-" "Mozilla/5.0 (compatible; GimmeUSAbot/1.0; +https://gimmeusa.com/pages/crawler)" "superior-dentistry.com"
71.189.164.218 - - [20/Oct/2015:21:35:19 -0700] "GET /Bowie-Dentists/Childrens-Dentistry-Maryland.html HTTP/1.1" 200 39945 "-" "Mozilla/5.0 (compatible; GimmeUSAbot/1.0; +https://gimmeusa.com/pages/crawler)" "www.superior-dentistry.com"
141.8.143.174 - - [20/Oct/2015:21:47:53 -0700] "GET /robots.txt HTTP/1.1" 200 49 "-" "Mozilla/5.0 (compatible; YandexBot/3.0; +http://yandex.com/bots)" "www.superior-dentistry.com"
208.122.6.102 - - [20/Oct/2015:21:49:13 -0700] "GET / HTTP/1.1" 200 38156 "-" "FreeWebMonitoring SiteChecker/0.2 (+http://www.freewebmonitoring.com/bot.html)" "www.superior-dentistry.com"
71.189.164.218 - - [20/Oct/2015:21:58:54 -0700] "GET /Bowie-Dentists/Periodontal-Therapy-Maryland.html HTTP/1.1" 200 40166 "-" "Mozilla/5.0 (compatible; GimmeUSAbot/1.0; +https://gimmeusa.com/pages/crawler)" "www.superior-dentistry.com"
141.8.143.182 - - [20/Oct/2015:21:59:05 -0700] "GET /img/office-slider1.jpg HTTP/1.1" 200 134555 "-" "Mozilla/5.0 (compatible; YandexImages/3.0; +http://yandex.com/bots)" "www.superior-dentistry.com"
71.189.164.218 - - [20/Oct/2015:22:01:28 -0700] "GET /Dentist-Bowie-MD/Tooth-Extractions-Maryland-MD.html HTTP/1.1" 200 32565 "-" "Mozilla/5.0 (compatible; GimmeUSAbot/1.0; +https://gimmeusa.com/pages/crawler)" "www.superior-dentistry.com"
62.212.73.49 - - [20/Oct/2015:22:08:24 -0700] "GET / HTTP/1.1" 200 38156 "http://superior-dentistry.com/" "Mozilla/5.0 (Windows NT 6.1; WOW64) AppleWebKit/537.36 (KHTML, like Gecko) Chrome/44.0.2403.125 Safari/537.36" "superior-dentistry.com"
198.27.88.122 - - [20/Oct/2015:22:14:03 -0700] "GET /contact-us.html HTTP/1.1" 200 23726 "http://www.superior-dentistry.com" "Mozilla/5.0 (compatible; MSIE 10.0; Windows NT 6.1; WOW64; Trident/6.0)" "www.superior-dentistry.com"
198.27.88.122 - - [20/Oct/2015:22:14:03 -0700] "GET /contact-us.php HTTP/1.1" 200 73 "http://www.superior-dentistry.com" "Mozilla/5.0 (Windows NT 5.1) AppleWebKit/537.36 (KHTML, like Gecko) Chrome/34.0.1847.131 Safari/537.36" "www.superior-dentistry.com"
198.27.88.122 - - [20/Oct/2015:22:14:03 -0700] "GET /contact-us.php HTTP/1.1" 200 73 "http://www.superior-dentistry.com" "Mozilla/5.0 (Windows NT 5.1) AppleWebKit/537.36 (KHTML, like Gecko) Chrome/34.0.1847.131 Safari/537.36" "www.superior-dentistry.com"
71.189.164.218 - - [20/Oct/2015:22:14:42 -0700] "GET /Dentist-Bowie-MD/Dental-Implants-Maryland-MD.html HTTP/1.1" 200 33055 "-" "Mozilla/5.0 (compatible; GimmeUSAbot/1.0; +https://gimmeusa.com/pages/crawler)" "www.superior-dentistry.com"
71.189.164.218 - - [20/Oct/2015:22:26:53 -0700] "GET /firstvisit.php HTTP/1.1" 200 73 "-" "Mozilla/5.0 (compatible; GimmeUSAbot/1.0; +https://gimmeusa.com/pages/crawler)" "www.superior-dentistry.com"
141.8.143.216 - - [20/Oct/2015:22:31:32 -0700] "GET /firstvisit.html HTTP/1.1" 200 24042 "-" "Mozilla/5.0 (compatible; YandexBot/3.0; +http://yandex.com/bots)" "www.superior-dentistry.com"
208.122.6.102 - - [20/Oct/2015:22:49:25 -0700] "GET / HTTP/1.1" 200 38156 "-" "FreeWebMonitoring SiteChecker/0.2 (+http://www.freewebmonitoring.com/bot.html)" "www.superior-dentistry.com"
100.43.91.5 - - [20/Oct/2015:23:04:04 -0700] "GET /img/Dr-Ali-shatergholi.jpg HTTP/1.1" 200 17298 "-" "Mozilla/5.0 (compatible; YandexImages/3.0; +http://yandex.com/bots)" "www.superior-dentistry.com"
217.69.133.240 - - [20/Oct/2015:23:56:19 -0700] "GET /robots.txt HTTP/1.1" 200 49 "-" "Mozilla/5.0 (compatible; Linux x86_64; Mail.RU_Bot/2.0; +http://go.mail.ru/help/robots)" "superior-dentistry.com"
100.43.91.5 - - [21/Oct/2015:00:09:00 -0700] "GET /img/office-slider2.jpg HTTP/1.1" 200 148450 "-" "Mozilla/5.0 (compatible; YandexImages/3.0; +http://yandex.com/bots)" "www.superior-dentistry.com"
141.8.143.182 - - [21/Oct/2015:00:41:35 -0700] "GET /img/invisalign.jpg HTTP/1.1" 200 142640 "-" "Mozilla/5.0 (compatible; YandexImages/3.0; +http://yandex.com/bots)" "www.superior-dentistry.com"
208.122.6.102 - - [21/Oct/2015:00:52:34 -0700] "GET / HTTP/1.1" 200 38156 "-" "FreeWebMonitoring SiteChecker/0.2 (+http://www.freewebmonitoring.com/bot.html)" "www.superior-dentistry.com"
188.94.32.42 - - [21/Oct/2015:00:53:43 -0700] "GET /images/implant-before-and-after.jpg HTTP/1.1" 404 89 "-" "Mozilla/5.0 (Windows NT 6.1; WOW64; Trident/7.0; rv:11.0) like Gecko" "www.superior-dentistry.com"
95.211.135.133 - - [21/Oct/2015:01:08:15 -0700] "HEAD / HTTP/1.1" 200 0 "-" "-" "www.superior-dentistry.com"
95.211.135.133 - - [21/Oct/2015:01:08:15 -0700] "GET / HTTP/1.1" 200 38156 "-" "-" "www.superior-dentistry.com"
95.211.135.133 - - [21/Oct/2015:01:08:16 -0700] "GET / HTTP/1.1" 200 38156 "-" "-" "www.superior-dentistry.com"
100.43.81.155 - - [21/Oct/2015:01:44:33 -0700] "GET /img/Dr-Melika.jpg HTTP/1.1" 200 28557 "-" "Mozilla/5.0 (compatible; YandexImages/3.0; +http://yandex.com/bots)" "www.superior-dentistry.com"
208.122.6.102 - - [21/Oct/2015:01:53:00 -0700] "GET / HTTP/1.1" 200 38156 "-" "FreeWebMonitoring SiteChecker/0.2 (+http://www.freewebmonitoring.com/bot.html)" "www.superior-dentistry.com"
88.198.227.103 - - [21/Oct/2015:02:07:13 -0700] "GET / HTTP/1.1" 200 38156 "-" "Mozilla/5.0 (Windows NT 6.2; rv:29.0) Gecko/20100101 Firefox/29.0" "superior-dentistry.com"
131.253.24.14 - - [21/Oct/2015:02:07:31 -0700] "GET /robots.txt HTTP/1.1" 200 49 "-" "msnbot-media/1.1 (+http://search.msn.com/msnbot.htm)" "www.superior-dentistry.com"
131.253.24.14 - - [21/Oct/2015:02:07:31 -0700] "GET /images/white_composite_filling.jpg HTTP/1.1" 404 89 "-" "msnbot-media/1.1 (+http://search.msn.com/msnbot.htm)" "www.superior-dentistry.com"
100.43.91.5 - - [21/Oct/2015:02:15:01 -0700] "GET /img/office-slider3.jpg HTTP/1.1" 200 116344 "-" "Mozilla/5.0 (compatible; YandexImages/3.0; +http://yandex.com/bots)" "www.superior-dentistry.com"
88.198.227.103 - - [21/Oct/2015:02:17:03 -0700] "GET /services.html HTTP/1.1" 200 34114 "-" "Mozilla/5.0 (compatible; MSIE 9.0; Windows NT 6.0; Trident/5.0; SLCC1; .NET CLR 2.0.50727; InfoPath.3; .NET CLR 3.5.30729; .NET4.0C; .NET CLR 3.0.30729; .NET4.0E)" "superior-dentistry.com"
88.198.227.103 - - [21/Oct/2015:02:17:03 -0700] "GET /contact-us.php HTTP/1.1" 200 73 "-" "Mozilla/5.0 (compatible; MSIE 9.0; Windows NT 6.0; Trident/5.0; SLCC1; .NET CLR 2.0.50727; InfoPath.3; .NET CLR 3.5.30729; .NET4.0C; .NET CLR 3.0.30729; .NET4.0E)" "www.superior-dentistry.com"
88.198.227.103 - - [21/Oct/2015:02:17:04 -0700] "GET /services.php HTTP/1.1" 200 73 "-" "Mozilla/5.0 (compatible; MSIE 9.0; Windows NT 6.0; Trident/5.0; SLCC1; .NET CLR 2.0.50727; InfoPath.3; .NET CLR 3.5.30729; .NET4.0C; .NET CLR 3.0.30729; .NET4.0E)" "www.superior-dentistry.com"
88.198.227.103 - - [21/Oct/2015:02:17:04 -0700] "GET /dental-sites-we-like.html HTTP/1.1" 404 89 "-" "Mozilla/5.0 (compatible; MSIE 9.0; Windows NT 6.0; Trident/5.0; SLCC1; .NET CLR 2.0.50727; InfoPath.3; .NET CLR 3.5.30729; .NET4.0C; .NET CLR 3.0.30729; .NET4.0E)" "superior-dentistry.com"
88.198.227.103 - - [21/Oct/2015:02:17:04 -0700] "GET /dentists-bowie-md.html HTTP/1.1" 404 89 "-" "Mozilla/5.0 (compatible; MSIE 9.0; Windows NT 6.0; Trident/5.0; SLCC1; .NET CLR 2.0.50727; InfoPath.3; .NET CLR 3.5.30729; .NET4.0C; .NET CLR 3.0.30729; .NET4.0E)" "superior-dentistry.com"
180.76.15.147 - - [21/Oct/2015:02:58:18 -0700] "GET /Dental-LinkExchange.html HTTP/1.1" 200 25575 "-" "Mozilla/5.0 (compatible; Baiduspider/2.0; +http://www.baidu.com/search/spider.html)" "superior-dentistry.com"
217.69.133.236 - - [21/Oct/2015:03:06:21 -0700] "GET /robots.txt HTTP/1.1" 200 49 "-" "Mozilla/5.0 (compatible; Linux x86_64; Mail.RU_Bot/2.0; +http://go.mail.ru/help/robots)" "superior-dentistry.com"
141.8.143.159 - - [21/Oct/2015:03:16:17 -0700] "GET /img/endodontia-root-canal-treatment.jpg HTTP/1.1" 200 126762 "-" "Mozilla/5.0 (compatible; YandexImages/3.0; +http://yandex.com/bots)" "www.superior-dentistry.com"
54.225.17.70 - - [21/Oct/2015:03:22:51 -0700] "GET /Bowie-Dentists/Childrens-Dentistry-Maryland.html HTTP/1.1" 200 39945 "-" "Mozilla/5.0 (Macintosh; Intel Mac OS X 10_9_4) AppleWebKit/537.36 (KHTML, like Gecko) Chrome/37.0.2062.124 Safari/537.36" "www.superior-dentistry.com"
54.243.138.3 - - [21/Oct/2015:03:30:11 -0700] "GET /contact-us.php HTTP/1.1" 200 73 "-" "User-Agent: Mozilla/5.0 (Windows NT 6.1; WOW64) AppleWebKit/537.31 (KHTML, like Gecko) Chrome/26.0.1410.64 Safari/537.31" "www.superior-dentistry.com"
180.76.15.24 - - [21/Oct/2015:03:41:03 -0700] "GET /sitemap.html HTTP/1.1" 200 9520 "-" "Mozilla/5.0 (compatible; Baiduspider/2.0; +http://www.baidu.com/search/spider.html)" "www.superior-dentistry.com"
100.43.81.155 - - [21/Oct/2015:03:46:42 -0700] "GET /img/office-slider4.jpg HTTP/1.1" 200 85815 "-" "Mozilla/5.0 (compatible; YandexImages/3.0; +http://yandex.com/bots)" "www.superior-dentistry.com"
208.122.6.102 - - [21/Oct/2015:03:56:22 -0700] "GET / HTTP/1.1" 200 38156 "-" "FreeWebMonitoring SiteChecker/0.2 (+http://www.freewebmonitoring.com/bot.html)" "www.superior-dentistry.com"
157.55.39.206 - - [21/Oct/2015:04:22:54 -0700] "GET /Dentistry-Maryland-MD.html HTTP/1.1" 200 31039 "-" "Mozilla/5.0 (compatible; bingbot/2.0; +http://www.bing.com/bingbot.htm)" "www.superior-dentistry.com"
157.55.39.206 - - [21/Oct/2015:04:51:20 -0700] "GET /meet-staff.html HTTP/1.1" 200 22166 "-" "Mozilla/5.0 (compatible; bingbot/2.0; +http://www.bing.com/bingbot.htm)" "www.superior-dentistry.com"
157.55.39.206 - - [21/Oct/2015:04:51:20 -0700] "GET /Patient-Before-After-Gallery.html HTTP/1.1" 200 23787 "-" "Mozilla/5.0 (compatible; bingbot/2.0; +http://www.bing.com/bingbot.htm)" "www.superior-dentistry.com"
207.46.13.166 - - [21/Oct/2015:04:51:26 -0700] "GET / HTTP/1.1" 200 38156 "-" "Mozilla/5.0 (compatible; bingbot/2.0; +http://www.bing.com/bingbot.htm)" "www.superior-dentistry.com"
207.46.13.166 - - [21/Oct/2015:04:51:27 -0700] "GET /Dentist-Bowie-MD/Tooth-Extractions-Maryland-MD.html HTTP/1.1" 200 32565 "-" "Mozilla/5.0 (compatible; bingbot/2.0; +http://www.bing.com/bingbot.htm)" "www.superior-dentistry.com"
207.46.13.166 - - [21/Oct/2015:04:51:27 -0700] "GET /?_escaped_fragment_= HTTP/1.1" 200 38156 "-" "Mozilla/5.0 (compatible; bingbot/2.0; +http://www.bing.com/bingbot.htm)" "www.superior-dentistry.com"
207.46.13.166 - - [21/Oct/2015:04:51:27 -0700] "GET /sitemap.html HTTP/1.1" 200 9520 "-" "Mozilla/5.0 (compatible; bingbot/2.0; +http://www.bing.com/bingbot.htm)" "www.superior-dentistry.com"
207.46.13.166 - - [21/Oct/2015:04:51:28 -0700] "GET /?_escaped_fragment_=home/mainPage HTTP/1.1" 200 38156 "-" "Mozilla/5.0 (compatible; bingbot/2.0; +http://www.bing.com/bingbot.htm)" "www.superior-dentistry.com"
207.46.13.182 - - [21/Oct/2015:04:51:58 -0700] "GET /Dentists-Bowie-MD.html HTTP/1.1" 200 38040 "-" "Mozilla/5.0 (compatible; bingbot/2.0; +http://www.bing.com/bingbot.htm)" "www.superior-dentistry.com"
207.46.13.182 - - [21/Oct/2015:04:51:59 -0700] "GET /testimonials.html HTTP/1.1" 200 24783 "-" "Mozilla/5.0 (compatible; bingbot/2.0; +http://www.bing.com/bingbot.htm)" "www.superior-dentistry.com"
207.46.13.182 - - [21/Oct/2015:04:51:59 -0700] "GET /Bowie-Dentists/Periodontal-Therapy-Maryland.html HTTP/1.1" 200 40166 "-" "Mozilla/5.0 (compatible; bingbot/2.0; +http://www.bing.com/bingbot.htm)" "www.superior-dentistry.com"
207.46.13.182 - - [21/Oct/2015:04:51:59 -0700] "GET /Bowie-Dentists/Childrens-Dentistry-Maryland.html HTTP/1.1" 200 39945 "-" "Mozilla/5.0 (compatible; bingbot/2.0; +http://www.bing.com/bingbot.htm)" "www.superior-dentistry.com"
207.46.13.75 - - [21/Oct/2015:04:56:02 -0700] "GET /robots.txt HTTP/1.1" 200 49 "-" "Mozilla/5.0 (compatible; bingbot/2.0; +http://www.bing.com/bingbot.htm)" "www.superior-dentistry.com"
208.122.6.102 - - [21/Oct/2015:04:57:05 -0700] "GET / HTTP/1.1" 200 38156 "-" "FreeWebMonitoring SiteChecker/0.2 (+http://www.freewebmonitoring.com/bot.html)" "www.superior-dentistry.com"
207.46.13.75 - - [21/Oct/2015:05:01:32 -0700] "GET /services.html HTTP/1.1" 200 34114 "-" "Mozilla/5.0 (compatible; bingbot/2.0; +http://www.bing.com/bingbot.htm)" "www.superior-dentistry.com"
207.46.13.75 - - [21/Oct/2015:05:01:33 -0700] "GET /?_escaped_fragment_=contact/c24vq HTTP/1.1" 200 38156 "-" "Mozilla/5.0 (compatible; bingbot/2.0; +http://www.bing.com/bingbot.htm)" "www.superior-dentistry.com"
207.46.13.75 - - [21/Oct/2015:05:01:33 -0700] "GET /Dentist-Bowie-MD/Dental-Implants-Maryland-MD.html HTTP/1.1" 200 33055 "-" "Mozilla/5.0 (compatible; bingbot/2.0; +http://www.bing.com/bingbot.htm)" "www.superior-dentistry.com"
207.46.13.75 - - [21/Oct/2015:05:01:34 -0700] "GET /Dentist-Bowie-MD/?D=D HTTP/1.1" 200 1706 "-" "Mozilla/5.0 (compatible; bingbot/2.0; +http://www.bing.com/bingbot.htm)" "www.superior-dentistry.com"
141.8.143.216 - - [21/Oct/2015:05:18:37 -0700] "GET /img/bridges-dentist-md.jpg HTTP/1.1" 200 67242 "-" "Mozilla/5.0 (compatible; YandexImages/3.0; +http://yandex.com/bots)" "www.superior-dentistry.com"
180.76.15.30 - - [21/Oct/2015:05:30:19 -0700] "GET /index.php HTTP/1.1" 200 73 "-" "Mozilla/5.0 (compatible; Baiduspider/2.0; +http://www.baidu.com/search/spider.html)" "www.superior-dentistry.com"
141.8.143.156 - - [21/Oct/2015:05:49:19 -0700] "GET /img/care3.jpg HTTP/1.1" 200 62411 "-" "Mozilla/5.0 (compatible; YandexImages/3.0; +http://yandex.com/bots)" "www.superior-dentistry.com"
208.122.6.102 - - [21/Oct/2015:05:58:12 -0700] "GET / HTTP/1.1" 200 38156 "-" "FreeWebMonitoring SiteChecker/0.2 (+http://www.freewebmonitoring.com/bot.html)" "www.superior-dentistry.com"
141.8.143.159 - - [21/Oct/2015:06:19:55 -0700] "GET /img/night-guard.jpg HTTP/1.1" 200 106940 "-" "Mozilla/5.0 (compatible; YandexImages/3.0; +http://yandex.com/bots)" "www.superior-dentistry.com"
66.249.75.99 - - [21/Oct/2015:06:35:05 -0700] "GET /Bowie-Dentists/images/care1.jpg HTTP/1.1" 200 284811 "-" "Googlebot-Image/1.0" "www.superior-dentistry.com"
96.231.104.142 - - [21/Oct/2015:06:45:06 -0700] "GET /css/bootstrap-theme.css HTTP/1.1" 200 19156 "http://www.superior-dentistry.com/" "Mozilla/5.0 (Linux; Android 5.1.1; SM-G925V Build/LMY47X) AppleWebKit/537.36 (KHTML, like Gecko) Chrome/46.0.2490.76 Mobile Safari/537.36" "www.superior-dentistry.com"
96.231.104.142 - - [21/Oct/2015:06:45:06 -0700] "GET /theme.css HTTP/1.1" 200 1926 "http://www.superior-dentistry.com/" "Mozilla/5.0 (Linux; Android 5.1.1; SM-G925V Build/LMY47X) AppleWebKit/537.36 (KHTML, like Gecko) Chrome/46.0.2490.76 Mobile Safari/537.36" "www.superior-dentistry.com"
96.231.104.142 - - [21/Oct/2015:06:45:06 -0700] "GET /css/font-awesome.css HTTP/1.1" 200 28747 "http://www.superior-dentistry.com/" "Mozilla/5.0 (Linux; Android 5.1.1; SM-G925V Build/LMY47X) AppleWebKit/537.36 (KHTML, like Gecko) Chrome/46.0.2490.76 Mobile Safari/537.36" "www.superior-dentistry.com"
96.231.104.142 - - [21/Oct/2015:06:45:07 -0700] "GET /js/ie-emulation-modes-warning.js HTTP/1.1" 200 2132 "http://www.superior-dentistry.com/" "Mozilla/5.0 (Linux; Android 5.1.1; SM-G925V Build/LMY47X) AppleWebKit/537.36 (KHTML, like Gecko) Chrome/46.0.2490.76 Mobile Safari/537.36" "www.superior-dentistry.com"
96.231.104.142 - - [21/Oct/2015:06:45:07 -0700] "GET /js/docs.min.js HTTP/1.1" 200 43299 "http://www.superior-dentistry.com/" "Mozilla/5.0 (Linux; Android 5.1.1; SM-G925V Build/LMY47X) AppleWebKit/537.36 (KHTML, like Gecko) Chrome/46.0.2490.76 Mobile Safari/537.36" "www.superior-dentistry.com"
96.231.104.142 - - [21/Oct/2015:06:45:07 -0700] "GET /js/ie10-viewport-bug-workaround.js HTTP/1.1" 200 694 "http://www.superior-dentistry.com/" "Mozilla/5.0 (Linux; Android 5.1.1; SM-G925V Build/LMY47X) AppleWebKit/537.36 (KHTML, like Gecko) Chrome/46.0.2490.76 Mobile Safari/537.36" "www.superior-dentistry.com"
96.231.104.142 - - [21/Oct/2015:06:45:07 -0700] "GET /img/tmj-trauma.jpg HTTP/1.1" 200 22488 "http://www.superior-dentistry.com/" "Mozilla/5.0 (Linux; Android 5.1.1; SM-G925V Build/LMY47X) AppleWebKit/537.36 (KHTML, like Gecko) Chrome/46.0.2490.76 Mobile Safari/537.36" "www.superior-dentistry.com"
96.231.104.142 - - [21/Oct/2015:06:45:07 -0700] "GET /img/jaw-surgery.jpg HTTP/1.1" 200 27058 "http://www.superior-dentistry.com/" "Mozilla/5.0 (Linux; Android 5.1.1; SM-G925V Build/LMY47X) AppleWebKit/537.36 (KHTML, like Gecko) Chrome/46.0.2490.76 Mobile Safari/537.36" "www.superior-dentistry.com"
96.231.104.142 - - [21/Oct/2015:06:45:07 -0700] "GET /img/slider1.jpg HTTP/1.1" 200 268888 "http://www.superior-dentistry.com/" "Mozilla/5.0 (Linux; Android 5.1.1; SM-G925V Build/LMY47X) AppleWebKit/537.36 (KHTML, like Gecko) Chrome/46.0.2490.76 Mobile Safari/537.36" "www.superior-dentistry.com"
96.231.104.142 - - [21/Oct/2015:06:45:07 -0700] "GET /img/offer-31-05-2014-sonicare-brush.jpg HTTP/1.1" 200 13165 "http://www.superior-dentistry.com/" "Mozilla/5.0 (Linux; Android 5.1.1; SM-G925V Build/LMY47X) AppleWebKit/537.36 (KHTML, like Gecko) Chrome/46.0.2490.76 Mobile Safari/537.36" "www.superior-dentistry.com"
96.231.104.142 - - [21/Oct/2015:06:45:07 -0700] "GET /fonts/fontawesome-webfont.woff2?v=4.3.0 HTTP/1.1" 200 56780 "http://www.superior-dentistry.com/css/font-awesome.css" "Mozilla/5.0 (Linux; Android 5.1.1; SM-G925V Build/LMY47X) AppleWebKit/537.36 (KHTML, like Gecko) Chrome/46.0.2490.76 Mobile Safari/537.36" "www.superior-dentistry.com"
96.231.104.142 - - [21/Oct/2015:06:45:07 -0700] "GET /img/offer-31-05-2014-whitening.jpg HTTP/1.1" 200 15686 "http://www.superior-dentistry.com/" "Mozilla/5.0 (Linux; Android 5.1.1; SM-G925V Build/LMY47X) AppleWebKit/537.36 (KHTML, like Gecko) Chrome/46.0.2490.76 Mobile Safari/537.36" "www.superior-dentistry.com"
96.231.104.142 - - [21/Oct/2015:06:45:08 -0700] "GET /img/zocdoc-apt.jpg HTTP/1.1" 200 79396 "http://www.superior-dentistry.com/" "Mozilla/5.0 (Linux; Android 5.1.1; SM-G925V Build/LMY47X) AppleWebKit/537.36 (KHTML, like Gecko) Chrome/46.0.2490.76 Mobile Safari/537.36" "www.superior-dentistry.com"
217.69.133.224 - - [21/Oct/2015:06:45:48 -0700] "GET /robots.txt HTTP/1.1" 200 49 "-" "Mozilla/5.0 (compatible; Linux x86_64; Mail.RU_Bot/2.0; +http://go.mail.ru/help/robots)" "superior-dentistry.com"
217.69.133.220 - - [21/Oct/2015:06:45:49 -0700] "GET /testimonials.html HTTP/1.1" 200 24783 "-" "Mozilla/5.0 (compatible; Linux x86_64; Mail.RU_Bot/2.0; +http://go.mail.ru/help/robots)" "superior-dentistry.com"
180.76.15.154 - - [21/Oct/2015:06:46:14 -0700] "GET /index.html HTTP/1.1" 200 38156 "-" "Mozilla/5.0 (compatible; Baiduspider/2.0; +http://www.baidu.com/search/spider.html)" "superior-dentistry.com"
207.46.13.166 - - [21/Oct/2015:07:07:17 -0700] "GET /meet-staff.html HTTP/1.1" 200 22166 "-" "Mozilla/5.0 (compatible; bingbot/2.0; +http://www.bing.com/bingbot.htm)" "www.superior-dentistry.com"
180.97.63.52 - - [21/Oct/2015:07:29:37 -0700] "GET /carousel/jquery-1.8.2.min.js HTTP/1.1" 404 89 "http://superior-dentistry.com/carousel/jquery-1.8.2.min.js" "Mozilla/5.0 (compatible; MSIE 9.0; Windows NT 6.1; Trident/5.0)" "superior-dentistry.com"
157.55.39.206 - - [21/Oct/2015:07:40:29 -0700] "GET /robots.txt HTTP/1.1" 200 49 "-" "Mozilla/5.0 (compatible; bingbot/2.0; +http://www.bing.com/bingbot.htm)" "www.superior-dentistry.com"
207.46.13.166 - - [21/Oct/2015:07:40:36 -0700] "GET /Dentist-Bowie-MD/js/jquery-1.6.4.min.js HTTP/1.1" 200 91669 "-" "Mozilla/5.0 (iPhone; CPU iPhone OS 7_0 like Mac OS X) AppleWebKit/537.51.1 (KHTML, like Gecko) Version/7.0 Mobile/11A465 Safari/9537.53 (compatible; bingbot/2.0; +http://www.bing.com/bingbot.htm)" "www.superior-dentistry.com"
207.46.13.166 - - [21/Oct/2015:07:40:37 -0700] "GET /Dentist-Bowie-MD/js/jquery.easing.1.3.js HTTP/1.1" 200 3517 "-" "Mozilla/5.0 (iPhone; CPU iPhone OS 7_0 like Mac OS X) AppleWebKit/537.51.1 (KHTML, like Gecko) Version/7.0 Mobile/11A465 Safari/9537.53 (compatible; bingbot/2.0; +http://www.bing.com/bingbot.htm)" "www.superior-dentistry.com"
207.46.13.166 - - [21/Oct/2015:07:40:37 -0700] "GET /Dentist-Bowie-MD/js/js-image-slider.js HTTP/1.1" 200 15260 "-" "Mozilla/5.0 (iPhone; CPU iPhone OS 7_0 like Mac OS X) AppleWebKit/537.51.1 (KHTML, like Gecko) Version/7.0 Mobile/11A465 Safari/9537.53 (compatible; bingbot/2.0; +http://www.bing.com/bingbot.htm)" "www.superior-dentistry.com"
166.137.240.62 - - [21/Oct/2015:07:50:42 -0700] "GET /theme.css HTTP/1.1" 200 1926 "http://www.superior-dentistry.com/" "Mozilla/5.0 (iPhone; CPU iPhone OS 9_0_2 like Mac OS X) AppleWebKit/601.1.46 (KHTML, like Gecko) Mobile/13A452" "www.superior-dentistry.com"
166.137.240.62 - - [21/Oct/2015:07:50:42 -0700] "GET /img/logo.jpg HTTP/1.1" 200 139628 "http://www.superior-dentistry.com/" "Mozilla/5.0 (iPhone; CPU iPhone OS 9_0_2 like Mac OS X) AppleWebKit/601.1.46 (KHTML, like Gecko) Mobile/13A452" "www.superior-dentistry.com"
166.137.240.62 - - [21/Oct/2015:07:50:42 -0700] "GET /img/oral-pathology.jpg HTTP/1.1" 200 33395 "http://www.superior-dentistry.com/" "Mozilla/5.0 (iPhone; CPU iPhone OS 9_0_2 like Mac OS X) AppleWebKit/601.1.46 (KHTML, like Gecko) Mobile/13A452" "www.superior-dentistry.com"
166.137.240.62 - - [21/Oct/2015:07:50:42 -0700] "GET /img/extraction.jpg HTTP/1.1" 200 30135 "http://www.superior-dentistry.com/" "Mozilla/5.0 (iPhone; CPU iPhone OS 9_0_2 like Mac OS X) AppleWebKit/601.1.46 (KHTML, like Gecko) Mobile/13A452" "www.superior-dentistry.com"
166.137.240.62 - - [21/Oct/2015:07:50:42 -0700] "GET /img/slider1.jpg HTTP/1.1" 200 268888 "http://www.superior-dentistry.com/" "Mozilla/5.0 (iPhone; CPU iPhone OS 9_0_2 like Mac OS X) AppleWebKit/601.1.46 (KHTML, like Gecko) Mobile/13A452" "www.superior-dentistry.com"
166.137.240.62 - - [21/Oct/2015:07:50:42 -0700] "GET /img/slider3.jpg HTTP/1.1" 200 217901 "http://www.superior-dentistry.com/" "Mozilla/5.0 (iPhone; CPU iPhone OS 9_0_2 like Mac OS X) AppleWebKit/601.1.46 (KHTML, like Gecko) Mobile/13A452" "www.superior-dentistry.com"
166.137.240.62 - - [21/Oct/2015:07:50:42 -0700] "GET /img/meetdr-melika.jpg HTTP/1.1" 200 75968 "http://www.superior-dentistry.com/" "Mozilla/5.0 (iPhone; CPU iPhone OS 9_0_2 like Mac OS X) AppleWebKit/601.1.46 (KHTML, like Gecko) Mobile/13A452" "www.superior-dentistry.com"
166.137.240.62 - - [21/Oct/2015:07:50:43 -0700] "GET /js/bootstrap.min.js HTTP/1.1" 200 35601 "http://www.superior-dentistry.com/" "Mozilla/5.0 (iPhone; CPU iPhone OS 9_0_2 like Mac OS X) AppleWebKit/601.1.46 (KHTML, like Gecko) Mobile/13A452" "www.superior-dentistry.com"
166.137.240.62 - - [21/Oct/2015:07:50:43 -0700] "GET /js/docs.min.js HTTP/1.1" 200 43299 "http://www.superior-dentistry.com/" "Mozilla/5.0 (iPhone; CPU iPhone OS 9_0_2 like Mac OS X) AppleWebKit/601.1.46 (KHTML, like Gecko) Mobile/13A452" "www.superior-dentistry.com"
166.137.240.62 - - [21/Oct/2015:07:50:43 -0700] "GET /js/ie10-viewport-bug-workaround.js HTTP/1.1" 200 694 "http://www.superior-dentistry.com/" "Mozilla/5.0 (iPhone; CPU iPhone OS 9_0_2 like Mac OS X) AppleWebKit/601.1.46 (KHTML, like Gecko) Mobile/13A452" "www.superior-dentistry.com"
141.8.143.168 - - [21/Oct/2015:07:52:18 -0700] "GET /img/implant-before-and-after.jpg HTTP/1.1" 200 122702 "-" "Mozilla/5.0 (compatible; YandexImages/3.0; +http://yandex.com/bots)" "www.superior-dentistry.com"
166.137.240.62 - - [21/Oct/2015:07:53:09 -0700] "GET /img/Dr-Melika.jpg HTTP/1.1" 200 28557 "http://www.superior-dentistry.com/meet-staff.html" "Mozilla/5.0 (iPhone; CPU iPhone OS 9_0_2 like Mac OS X) AppleWebKit/601.1.46 (KHTML, like Gecko) Mobile/13A452" "www.superior-dentistry.com"
166.137.240.62 - - [21/Oct/2015:07:53:55 -0700] "GET / HTTP/1.1" 200 38156 "-" "Mozilla/5.0 (iPhone; CPU iPhone OS 9_0_2 like Mac OS X) AppleWebKit/601.1.46 (KHTML, like Gecko) Mobile/13A452" "www.superior-dentistry.com"
166.137.240.62 - - [21/Oct/2015:07:53:55 -0700] "GET /img/offer-31-05-2014-whitening.jpg HTTP/1.1" 200 15686 "http://www.superior-dentistry.com/" "Mozilla/5.0 (iPhone; CPU iPhone OS 9_0_2 like Mac OS X) AppleWebKit/601.1.46 (KHTML, like Gecko) Mobile/13A452" "www.superior-dentistry.com"
166.137.240.62 - - [21/Oct/2015:07:53:55 -0700] "GET /img/jaw-surgery.jpg HTTP/1.1" 200 27058 "http://www.superior-dentistry.com/" "Mozilla/5.0 (iPhone; CPU iPhone OS 9_0_2 like Mac OS X) AppleWebKit/601.1.46 (KHTML, like Gecko) Mobile/13A452" "www.superior-dentistry.com"
166.137.240.62 - - [21/Oct/2015:07:54:03 -0700] "GET /meet-staff.html HTTP/1.1" 200 22166 "http://www.superior-dentistry.com/" "Mozilla/5.0 (iPhone; CPU iPhone OS 9_0_2 like Mac OS X) AppleWebKit/601.1.46 (KHTML, like Gecko) Mobile/13A452" "www.superior-dentistry.com"
207.46.13.75 - - [21/Oct/2015:08:21:55 -0700] "GET / HTTP/1.1" 200 38156 "-" "Mozilla/5.0 (compatible; bingbot/2.0; +http://www.bing.com/bingbot.htm)" "www.superior-dentistry.com"
192.187.121.66 - - [21/Oct/2015:08:29:50 -0700] "GET /robots.txt HTTP/1.1" 200 49 "-" "Mozilla/5.0 (compatible; MJ12bot/v1.4.5; http://www.majestic12.co.uk/bot.php?+)" "superior-dentistry.com"
166.137.240.62 - - [21/Oct/2015:08:40:36 -0700] "GET /img/patients-choice-winner-2015.png HTTP/1.1" 200 9818 "http://www.superior-dentistry.com/" "Mozilla/5.0 (iPhone; CPU iPhone OS 9_0_2 like Mac OS X) AppleWebKit/601.1.46 (KHTML, like Gecko) Version/9.0 Mobile/13A452 Safari/601.1" "www.superior-dentistry.com"
166.137.240.62 - - [21/Oct/2015:08:40:36 -0700] "GET /img/jaw-surgery.jpg HTTP/1.1" 200 27058 "http://www.superior-dentistry.com/" "Mozilla/5.0 (iPhone; CPU iPhone OS 9_0_2 like Mac OS X) AppleWebKit/601.1.46 (KHTML, like Gecko) Version/9.0 Mobile/13A452 Safari/601.1" "www.superior-dentistry.com"
166.137.240.62 - - [21/Oct/2015:08:40:36 -0700] "GET /img/slider1.jpg HTTP/1.1" 200 268888 "http://www.superior-dentistry.com/" "Mozilla/5.0 (iPhone; CPU iPhone OS 9_0_2 like Mac OS X) AppleWebKit/601.1.46 (KHTML, like Gecko) Version/9.0 Mobile/13A452 Safari/601.1" "www.superior-dentistry.com"
166.137.240.62 - - [21/Oct/2015:08:40:36 -0700] "GET /img/offer-31-05-2014-sonicare-brush.jpg HTTP/1.1" 200 13165 "http://www.superior-dentistry.com/" "Mozilla/5.0 (iPhone; CPU iPhone OS 9_0_2 like Mac OS X) AppleWebKit/601.1.46 (KHTML, like Gecko) Version/9.0 Mobile/13A452 Safari/601.1" "www.superior-dentistry.com"
131.253.25.248 - - [21/Oct/2015:08:41:15 -0700] "GET /Dentist-Bowie-MD/css/grid.css HTTP/1.1" 200 5182 "http://www.superior-dentistry.com/Dentist-Bowie-MD/Periodontal-Services-Maryland-MD.html" "Mozilla/5.0 (iPhone; CPU iPhone OS 7_0 like Mac OS X) AppleWebKit/537.51.1 (KHTML, like Gecko) Version/7.0 Mobile/11A465 Safari/9537.53 BingPreview/1.0b" "www.superior-dentistry.com"
131.253.25.248 - - [21/Oct/2015:08:41:16 -0700] "GET /Dentist-Bowie-MD/css/font/delicious-roman.svg HTTP/1.1" 404 89 "http://www.superior-dentistry.com/Dentist-Bowie-MD/Periodontal-Services-Maryland-MD.html" "Mozilla/5.0 (iPhone; CPU iPhone OS 7_0 like Mac OS X) AppleWebKit/537.51.1 (KHTML, like Gecko) Version/7.0 Mobile/11A465 Safari/9537.53 BingPreview/1.0b" "www.superior-dentistry.com"
66.249.75.99 - - [21/Oct/2015:09:00:09 -0700] "GET /Bowie-Dentists/www.superior-dentistry.com HTTP/1.1" 404 89 "-" "Mozilla/5.0 (compatible; Googlebot/2.1; +http://www.google.com/bot.html)" "www.superior-dentistry.com"
119.94.109.220 - - [21/Oct/2015:09:11:15 -0700] "GET / HTTP/1.1" 200 38156 "https://www.google.com.ph/" "Mozilla/5.0 (Windows NT 6.1) AppleWebKit/537.36 (KHTML, like Gecko) Chrome/46.0.2490.71 Safari/537.36" "www.superior-dentistry.com"
119.94.109.220 - - [21/Oct/2015:09:11:15 -0700] "GET /css/bootstrap.css HTTP/1.1" 200 138415 "http://www.superior-dentistry.com/" "Mozilla/5.0 (Windows NT 6.1) AppleWebKit/537.36 (KHTML, like Gecko) Chrome/46.0.2490.71 Safari/537.36" "www.superior-dentistry.com"
119.94.109.220 - - [21/Oct/2015:09:11:16 -0700] "GET /css/bootstrap-theme.css HTTP/1.1" 200 19156 "http://www.superior-dentistry.com/" "Mozilla/5.0 (Windows NT 6.1) AppleWebKit/537.36 (KHTML, like Gecko) Chrome/46.0.2490.71 Safari/537.36" "www.superior-dentistry.com"
119.94.109.220 - - [21/Oct/2015:09:11:16 -0700] "GET /theme.css HTTP/1.1" 200 1926 "http://www.superior-dentistry.com/" "Mozilla/5.0 (Windows NT 6.1) AppleWebKit/537.36 (KHTML, like Gecko) Chrome/46.0.2490.71 Safari/537.36" "www.superior-dentistry.com"
119.94.109.220 - - [21/Oct/2015:09:11:16 -0700] "GET /js/ie-emulation-modes-warning.js HTTP/1.1" 200 2132 "http://www.superior-dentistry.com/" "Mozilla/5.0 (Windows NT 6.1) AppleWebKit/537.36 (KHTML, like Gecko) Chrome/46.0.2490.71 Safari/537.36" "www.superior-dentistry.com"
119.94.109.220 - - [21/Oct/2015:09:11:16 -0700] "GET /img/logo.jpg HTTP/1.1" 200 139628 "http://www.superior-dentistry.com/" "Mozilla/5.0 (Windows NT 6.1) AppleWebKit/537.36 (KHTML, like Gecko) Chrome/46.0.2490.71 Safari/537.36" "www.superior-dentistry.com"
119.94.109.220 - - [21/Oct/2015:09:11:17 -0700] "GET /js/docs.min.js HTTP/1.1" 200 43299 "http://www.superior-dentistry.com/" "Mozilla/5.0 (Windows NT 6.1) AppleWebKit/537.36 (KHTML, like Gecko) Chrome/46.0.2490.71 Safari/537.36" "www.superior-dentistry.com"
119.94.109.220 - - [21/Oct/2015:09:11:17 -0700] "GET /js/ie10-viewport-bug-workaround.js HTTP/1.1" 200 694 "http://www.superior-dentistry.com/" "Mozilla/5.0 (Windows NT 6.1) AppleWebKit/537.36 (KHTML, like Gecko) Chrome/46.0.2490.71 Safari/537.36" "www.superior-dentistry.com"
119.94.109.220 - - [21/Oct/2015:09:11:17 -0700] "GET /img/oral-pathology.jpg HTTP/1.1" 200 33395 "http://www.superior-dentistry.com/" "Mozilla/5.0 (Windows NT 6.1) AppleWebKit/537.36 (KHTML, like Gecko) Chrome/46.0.2490.71 Safari/537.36" "www.superior-dentistry.com"
119.94.109.220 - - [21/Oct/2015:09:11:17 -0700] "GET /fonts/fontawesome-webfont.woff2?v=4.3.0 HTTP/1.1" 200 56780 "http://www.superior-dentistry.com/css/font-awesome.css" "Mozilla/5.0 (Windows NT 6.1) AppleWebKit/537.36 (KHTML, like Gecko) Chrome/46.0.2490.71 Safari/537.36" "www.superior-dentistry.com"
119.94.109.220 - - [21/Oct/2015:09:11:18 -0700] "GET /img/meetdr-ali.jpg HTTP/1.1" 200 60533 "http://www.superior-dentistry.com/" "Mozilla/5.0 (Windows NT 6.1) AppleWebKit/537.36 (KHTML, like Gecko) Chrome/46.0.2490.71 Safari/537.36" "www.superior-dentistry.com"
119.94.109.220 - - [21/Oct/2015:09:11:18 -0700] "GET /img/slider3.jpg HTTP/1.1" 200 217901 "http://www.superior-dentistry.com/" "Mozilla/5.0 (Windows NT 6.1) AppleWebKit/537.36 (KHTML, like Gecko) Chrome/46.0.2490.71 Safari/537.36" "www.superior-dentistry.com"
119.94.109.220 - - [21/Oct/2015:09:11:19 -0700] "GET /img/zocdoc-apt.jpg HTTP/1.1" 200 79396 "http://www.superior-dentistry.com/" "Mozilla/5.0 (Windows NT 6.1) AppleWebKit/537.36 (KHTML, like Gecko) Chrome/46.0.2490.71 Safari/537.36" "www.superior-dentistry.com"
119.94.109.220 - - [21/Oct/2015:09:11:23 -0700] "GET /favicon.ico HTTP/1.1" 200 688 "http://www.superior-dentistry.com/" "Mozilla/5.0 (Windows NT 6.1) AppleWebKit/537.36 (KHTML, like Gecko) Chrome/46.0.2490.71 Safari/537.36" "www.superior-dentistry.com"
46.118.155.216 - - [21/Oct/2015:09:12:18 -0700] "GET / HTTP/1.1" 200 38156 "-" "Mozilla/5.0 (Windows NT 6.3; WOW64; rv:39.0) Gecko/20100101 Firefox/39.0" "www.superior-dentistry.com"
46.118.155.216 - - [21/Oct/2015:09:12:19 -0700] "GET /blog/robots.txt HTTP/1.1" 200 73 "-" "Mozilla/5.0 (Windows NT 6.3; WOW64; rv:39.0) Gecko/20100101 Firefox/39.0" "www.superior-dentistry.com"
46.118.155.216 - - [21/Oct/2015:09:12:19 -0700] "GET /wordpress/ HTTP/1.1" 404 89 "-" "Mozilla/5.0 (Windows NT 6.3; WOW64; rv:39.0) Gecko/20100101 Firefox/39.0" "www.superior-dentistry.com"
217.69.133.238 - - [21/Oct/2015:09:21:34 -0700] "GET /robots.txt HTTP/1.1" 200 49 "-" "Mozilla/5.0 (compatible; Linux x86_64; Mail.RU_Bot/2.0; +http://go.mail.ru/help/robots)" "superior-dentistry.com"
89.145.95.42 - - [21/Oct/2015:09:33:59 -0700] "GET /robots.txt HTTP/1.1" 200 49 "-" "Mozilla/5.0 (compatible; GrapeshotCrawler/2.0; +http://www.grapeshot.co.uk/crawler.php)" "superior-dentistry.com"
89.145.95.42 - - [21/Oct/2015:09:34:01 -0700] "GET / HTTP/1.1" 200 38156 "-" "Mozilla/5.0 (compatible; GrapeshotCrawler/2.0; +http://www.grapeshot.co.uk/crawler.php)" "superior-dentistry.com"
207.46.13.166 - - [21/Oct/2015:09:41:19 -0700] "GET /contact-us.html HTTP/1.1" 200 23726 "-" "Mozilla/5.0 (compatible; bingbot/2.0; +http://www.bing.com/bingbot.htm)" "www.superior-dentistry.com"
207.46.13.182 - - [21/Oct/2015:09:47:42 -0700] "GET /Dentist-Bowie-MD/images/?N=A HTTP/1.1" 200 2816 "-" "Mozilla/5.0 (compatible; bingbot/2.0; +http://www.bing.com/bingbot.htm)" "www.superior-dentistry.com"
183.136.142.180 - - [21/Oct/2015:09:55:10 -0700] "GET /carousel/jquery.carouFredSel-6.2.1.js HTTP/1.1" 404 89 "http://www.superior-dentistry.com/carousel/jquery.carouFredSel-6.2.1.js" "Mozilla/5.0 (compatible; MSIE 9.0; Windows NT 6.1; Trident/5.0)" "www.superior-dentistry.com"
208.122.6.102 - - [21/Oct/2015:10:03:24 -0700] "GET / HTTP/1.1" 200 38156 "-" "FreeWebMonitoring SiteChecker/0.2 (+http://www.freewebmonitoring.com/bot.html)" "www.superior-dentistry.com"
69.30.221.250 - - [21/Oct/2015:10:28:34 -0700] "GET / HTTP/1.1" 200 38156 "-" "Mozilla/5.0 (compatible; MJ12bot/v1.4.5; http://www.majestic12.co.uk/bot.php?+)" "www.superior-dentistry.com"
171.13.14.233 - - [21/Oct/2015:10:31:29 -0700] "GET / HTTP/1.1" 200 38156 "http://www.superior-dentistry.com/" "Mozilla/5.0 (Linux; U; Android 4.0.2; en-us; Galaxy Nexus Build/ICL53F) AppleWebKit/534.30 (KHTML, like Gecko) Version/4.0 Mobile Safari/534.30" "www.superior-dentistry.com"
69.30.198.242 - - [21/Oct/2015:10:37:25 -0700] "GET /meet-staff.html HTTP/1.1" 200 22166 "-" "Mozilla/5.0 (compatible; MJ12bot/v1.4.5; http://www.majestic12.co.uk/bot.php?+)" "superior-dentistry.com"
69.30.198.242 - - [21/Oct/2015:10:37:27 -0700] "GET /meet-staff.php HTTP/1.1" 200 73 "-" "Mozilla/5.0 (compatible; MJ12bot/v1.4.5; http://www.majestic12.co.uk/bot.php?+)" "superior-dentistry.com"
66.249.69.93 - - [21/Oct/2015:10:43:16 -0700] "GET /assets/flash/ZeroClipboard.swf?noCache=1445385600033&trustedOrigins=www.superior-dentistry.com%2C%2F%2Fwww.superior-dentistry.com%2Chttp%3A%2F%2Fwww.superior-dentistry.com HTTP/1.1" 404 89 "-" "Googlebot-Video/1.0" "www.superior-dentistry.com"
180.76.15.5 - - [21/Oct/2015:10:52:21 -0700] "GET /Dentist-Bowie-MD/css/forms.css HTTP/1.1" 200 2909 "-" "Mozilla/5.0 (compatible; Baiduspider/2.0; +http://www.baidu.com/search/spider.html)" "www.superior-dentistry.com"
208.122.6.102 - - [21/Oct/2015:11:04:22 -0700] "GET / HTTP/1.1" 200 38156 "-" "FreeWebMonitoring SiteChecker/0.2 (+http://www.freewebmonitoring.com/bot.html)" "www.superior-dentistry.com"
96.255.146.232 - - [21/Oct/2015:11:04:32 -0700] "GET /css/bootstrap-theme.css HTTP/1.1" 200 19156 "http://www.superior-dentistry.com/" "Mozilla/5.0 (compatible; MSIE 9.0; AOL 9.7; AOLBuild 4343.30; Windows NT 6.1; WOW64; Trident/7.0)" "www.superior-dentistry.com"
96.255.146.232 - - [21/Oct/2015:11:04:32 -0700] "GET /js/docs.min.js HTTP/1.1" 200 43299 "http://www.superior-dentistry.com/" "Mozilla/5.0 (compatible; MSIE 9.0; AOL 9.7; AOLBuild 4343.30; Windows NT 6.1; WOW64; Trident/7.0)" "www.superior-dentistry.com"
96.255.146.232 - - [21/Oct/2015:11:04:32 -0700] "GET /js/ie10-viewport-bug-workaround.js HTTP/1.1" 200 694 "http://www.superior-dentistry.com/" "Mozilla/5.0 (compatible; MSIE 9.0; AOL 9.7; AOLBuild 4343.30; Windows NT 6.1; WOW64; Trident/7.0)" "www.superior-dentistry.com"
96.255.146.232 - - [21/Oct/2015:11:04:32 -0700] "GET /img/wisdom-teeth-extraction.jpg HTTP/1.1" 200 23758 "http://www.superior-dentistry.com/" "Mozilla/5.0 (compatible; MSIE 9.0; AOL 9.7; AOLBuild 4343.30; Windows NT 6.1; WOW64; Trident/7.0)" "www.superior-dentistry.com"
96.255.146.232 - - [21/Oct/2015:11:04:32 -0700] "GET /img/extraction.jpg HTTP/1.1" 200 30135 "http://www.superior-dentistry.com/" "Mozilla/5.0 (compatible; MSIE 9.0; AOL 9.7; AOLBuild 4343.30; Windows NT 6.1; WOW64; Trident/7.0)" "www.superior-dentistry.com"
96.255.146.232 - - [21/Oct/2015:11:04:32 -0700] "GET /img/tmj-trauma.jpg HTTP/1.1" 200 22488 "http://www.superior-dentistry.com/" "Mozilla/5.0 (compatible; MSIE 9.0; AOL 9.7; AOLBuild 4343.30; Windows NT 6.1; WOW64; Trident/7.0)" "www.superior-dentistry.com"
96.255.146.232 - - [21/Oct/2015:11:04:32 -0700] "GET /img/slider3.jpg HTTP/1.1" 200 217901 "http://www.superior-dentistry.com/" "Mozilla/5.0 (compatible; MSIE 9.0; AOL 9.7; AOLBuild 4343.30; Windows NT 6.1; WOW64; Trident/7.0)" "www.superior-dentistry.com"
96.255.146.232 - - [21/Oct/2015:11:04:33 -0700] "GET /img/offer-31-05-2014-whitening.jpg HTTP/1.1" 200 15686 "http://www.superior-dentistry.com/" "Mozilla/5.0 (compatible; MSIE 9.0; AOL 9.7; AOLBuild 4343.30; Windows NT 6.1; WOW64; Trident/7.0)" "www.superior-dentistry.com"
96.255.146.232 - - [21/Oct/2015:11:04:33 -0700] "GET /img/offer-31-05-2014-new-patient.jpg HTTP/1.1" 200 15365 "http://www.superior-dentistry.com/" "Mozilla/5.0 (compatible; MSIE 9.0; AOL 9.7; AOLBuild 4343.30; Windows NT 6.1; WOW64; Trident/7.0)" "www.superior-dentistry.com"
96.255.146.232 - - [21/Oct/2015:11:04:33 -0700] "GET /img/patients-choice-winner-2015.png HTTP/1.1" 200 9818 "http://www.superior-dentistry.com/" "Mozilla/5.0 (compatible; MSIE 9.0; AOL 9.7; AOLBuild 4343.30; Windows NT 6.1; WOW64; Trident/7.0)" "www.superior-dentistry.com"
96.255.146.232 - - [21/Oct/2015:11:04:35 -0700] "GET /favicon.ico HTTP/1.1" 200 688 "-" "Mozilla/5.0 (AOL 9.7; AOLBuild 4343.30; Windows NT 6.1; WOW64; Trident/7.0; rv:11.0) like Gecko" "www.superior-dentistry.com"
96.255.146.232 - - [21/Oct/2015:11:05:37 -0700] "GET /meet-staff.html HTTP/1.1" 200 22166 "http://www.superior-dentistry.com/" "Mozilla/5.0 (compatible; MSIE 9.0; AOL 9.7; AOLBuild 4343.30; Windows NT 6.1; WOW64; Trident/7.0)" "www.superior-dentistry.com"
199.16.156.124 - - [21/Oct/2015:11:05:39 -0700] "GET /robots.txt HTTP/1.1" 200 49 "-" "Twitterbot/1.0" "www.superior-dentistry.com"
199.16.156.124 - - [21/Oct/2015:11:05:39 -0700] "GET /Dentists-Bowie-MD.html HTTP/1.1" 200 38040 "-" "Twitterbot/1.0" "www.superior-dentistry.com"
199.16.156.124 - - [21/Oct/2015:11:05:39 -0700] "GET /robots.txt HTTP/1.1" 200 49 "-" "Twitterbot/1.0" "www.superior-dentistry.com"
199.16.156.124 - - [21/Oct/2015:11:05:39 -0700] "GET /Bowie-Dentists/Childrens-Dentistry-Maryland.html HTTP/1.1" 200 39945 "-" "Twitterbot/1.0" "www.superior-dentistry.com"
199.16.156.126 - - [21/Oct/2015:11:05:39 -0700] "GET /robots.txt HTTP/1.1" 200 49 "-" "Twitterbot/1.0" "www.superior-dentistry.com"
96.255.146.232 - - [21/Oct/2015:11:05:44 -0700] "GET /services.html HTTP/1.1" 200 34114 "http://www.superior-dentistry.com/meet-staff.html" "Mozilla/5.0 (compatible; MSIE 9.0; AOL 9.7; AOLBuild 4343.30; Windows NT 6.1; WOW64; Trident/7.0)" "www.superior-dentistry.com"
96.255.146.232 - - [21/Oct/2015:11:05:45 -0700] "GET /img/invisalign.jpg HTTP/1.1" 200 142640 "http://www.superior-dentistry.com/services.html" "Mozilla/5.0 (compatible; MSIE 9.0; AOL 9.7; AOLBuild 4343.30; Windows NT 6.1; WOW64; Trident/7.0)" "www.superior-dentistry.com"
96.255.146.232 - - [21/Oct/2015:11:05:45 -0700] "GET /img/SnapOnSmile.jpg HTTP/1.1" 200 71471 "http://www.superior-dentistry.com/services.html" "Mozilla/5.0 (compatible; MSIE 9.0; AOL 9.7; AOLBuild 4343.30; Windows NT 6.1; WOW64; Trident/7.0)" "www.superior-dentistry.com"
96.255.146.232 - - [21/Oct/2015:11:05:45 -0700] "GET /img/implant-before-and-after.jpg HTTP/1.1" 200 122702 "http://www.superior-dentistry.com/services.html" "Mozilla/5.0 (compatible; MSIE 9.0; AOL 9.7; AOLBuild 4343.30; Windows NT 6.1; WOW64; Trident/7.0)" "www.superior-dentistry.com"
96.255.146.232 - - [21/Oct/2015:11:05:45 -0700] "GET /assets/flash/ZeroClipboard.swf?noCache=1445450637834 HTTP/1.1" 404 89 "http://www.superior-dentistry.com/services.html" "Mozilla/5.0 (AOL 9.7; AOLBuild 4343.30; Windows NT 6.1; WOW64; Trident/7.0; rv:11.0) like Gecko" "www.superior-dentistry.com"
96.255.146.232 - - [21/Oct/2015:11:06:18 -0700] "GET /firstvisit.html HTTP/1.1" 200 24042 "http://www.superior-dentistry.com/services.html" "Mozilla/5.0 (compatible; MSIE 9.0; AOL 9.7; AOLBuild 4343.30; Windows NT 6.1; WOW64; Trident/7.0)" "www.superior-dentistry.com"
96.255.146.232 - - [21/Oct/2015:11:06:18 -0700] "GET /css/procedure-thumb.css HTTP/1.1" 200 2005 "http://www.superior-dentistry.com/firstvisit.html" "Mozilla/5.0 (compatible; MSIE 9.0; AOL 9.7; AOLBuild 4343.30; Windows NT 6.1; WOW64; Trident/7.0)" "www.superior-dentistry.com"
96.255.146.232 - - [21/Oct/2015:11:06:18 -0700] "GET /img/doc.png HTTP/1.1" 200 26918 "http://www.superior-dentistry.com/firstvisit.html" "Mozilla/5.0 (compatible; MSIE 9.0; AOL 9.7; AOLBuild 4343.30; Windows NT 6.1; WOW64; Trident/7.0)" "www.superior-dentistry.com"
