180.76.15.139 - - [14/Nov/2015:17:10:07 -0800] "GET /js/ie10-viewport-bug-workaround.js HTTP/1.1" 200 694 "http://superior-dentistry.com/" "Mozilla/5.0 (compatible; Baiduspider/2.0; +http://www.baidu.com/search/spider.html)" "superior-dentistry.com"
66.249.64.224 - - [14/Nov/2015:17:11:27 -0800] "GET /assets/flash/ZeroClipboard.swf?noCache=1447459200033&trustedOrigins=www.superior-dentistry.com%2C%2F%2Fwww.superior-dentistry.com%2Chttp%3A%2F%2Fwww.superior-dentistry.com HTTP/1.1" 404 89 "-" "Googlebot-Video/1.0" "www.superior-dentistry.com"
208.122.6.102 - - [14/Nov/2015:17:32:10 -0800] "GET / HTTP/1.1" 200 38156 "-" "FreeWebMonitoring SiteChecker/0.2 (+http://www.freewebmonitoring.com/bot.html)" "www.superior-dentistry.com"
188.40.95.70 - - [14/Nov/2015:17:37:14 -0800] "GET /robots.txt HTTP/1.1" 200 49 "-" "Mozilla/5.0 (compatible; MJ12bot/v1.4.5; http://www.majestic12.co.uk/bot.php?+)" "www.superior-dentistry.com"
188.40.95.70 - - [14/Nov/2015:17:37:18 -0800] "GET /Dentist-Bowie-MD/Tooth-Extractions-Maryland-MD.html HTTP/1.1" 200 32565 "-" "Mozilla/5.0 (compatible; MJ12bot/v1.4.5; http://www.majestic12.co.uk/bot.php?+)" "www.superior-dentistry.com"
208.122.6.102 - - [14/Nov/2015:18:33:24 -0800] "GET / HTTP/1.1" 200 38156 "-" "FreeWebMonitoring SiteChecker/0.2 (+http://www.freewebmonitoring.com/bot.html)" "www.superior-dentistry.com"
199.16.156.126 - - [14/Nov/2015:18:59:09 -0800] "GET /robots.txt HTTP/1.1" 200 49 "-" "Twitterbot/1.0" "www.superior-dentistry.com"
65.36.241.48 - - [14/Nov/2015:19:32:10 -0800] "HEAD / HTTP/1.1" 200 0 "-" "InternetSeer.com" "www.superior-dentistry.com"
208.122.6.102 - - [14/Nov/2015:19:34:56 -0800] "GET / HTTP/1.1" 200 38156 "-" "FreeWebMonitoring SiteChecker/0.2 (+http://www.freewebmonitoring.com/bot.html)" "www.superior-dentistry.com"
180.76.15.7 - - [14/Nov/2015:19:44:03 -0800] "GET /Dentists-Bowie-MD.html HTTP/1.1" 200 38040 "-" "Mozilla/5.0 (compatible; Baiduspider/2.0; +http://www.baidu.com/search/spider.html)" "www.superior-dentistry.com"
77.75.78.165 - - [14/Nov/2015:19:56:52 -0800] "GET /robots.txt HTTP/1.1" 200 49 "-" "Mozilla/5.0 (compatible; SeznamBot/3.2; +http://fulltext.sblog.cz/)" "www.superior-dentistry.com"
77.75.78.165 - - [14/Nov/2015:19:56:53 -0800] "GET /images/off4.jpg HTTP/1.1" 404 89 "-" "Mozilla/5.0 (compatible; SeznamBot/3.2; +http://fulltext.sblog.cz/)" "www.superior-dentistry.com"
207.46.13.173 - - [14/Nov/2015:20:10:39 -0800] "GET /Bowie-Dentists-Sitemap.html HTTP/1.1" 200 28353 "-" "Mozilla/5.0 (compatible; bingbot/2.0; +http://www.bing.com/bingbot.htm)" "superior-dentistry.com"
157.55.39.129 - - [14/Nov/2015:20:13:54 -0800] "GET /sitemap.xml HTTP/1.1" 200 4803 "-" "Mozilla/5.0 (compatible; bingbot/2.0; +http://www.bing.com/bingbot.htm)" "superior-dentistry.com"
157.55.39.129 - - [14/Nov/2015:20:13:55 -0800] "GET /Dental-Sites-We-Like.html HTTP/1.1" 200 41324 "-" "Mozilla/5.0 (compatible; bingbot/2.0; +http://www.bing.com/bingbot.htm)" "superior-dentistry.com"
157.55.39.127 - - [14/Nov/2015:20:15:25 -0800] "GET /images/dentures.jpg HTTP/1.1" 404 89 "-" "Mozilla/5.0 (compatible; bingbot/2.0; +http://www.bing.com/bingbot.htm)" "www.superior-dentistry.com"
17.142.159.151 - - [14/Nov/2015:20:30:02 -0800] "GET /images/logo1.jpg HTTP/1.1" 404 89 "-" "Mozilla/5.0 (Macintosh; Intel Mac OS X 10_10_1) AppleWebKit/600.2.5 (KHTML, like Gecko) Version/8.0.2 Safari/600.2.5 (Applebot/0.1; +http://www.apple.com/go/applebot)" "www.superior-dentistry.com"
17.142.156.171 - - [14/Nov/2015:20:30:02 -0800] "GET /images/logo1.jpg HTTP/1.1" 404 89 "-" "Mozilla/5.0 (iPhone; CPU iPhone OS 8_1 like Mac OS X) AppleWebKit/600.1.4 (KHTML, like Gecko) Version/8.0 Mobile/12B410 Safari/600.1.4 (Applebot/0.1; +http://www.apple.com/go/applebot)" "www.superior-dentistry.com"
180.76.15.159 - - [14/Nov/2015:21:09:09 -0800] "GET /sitemap.xml HTTP/1.1" 200 4803 "-" "Mozilla/5.0 (compatible; Baiduspider/2.0; +http://www.baidu.com/search/spider.html)" "superior-dentistry.com"
208.122.6.102 - - [14/Nov/2015:21:37:00 -0800] "GET / HTTP/1.1" 200 38156 "-" "FreeWebMonitoring SiteChecker/0.2 (+http://www.freewebmonitoring.com/bot.html)" "www.superior-dentistry.com"
95.142.163.99 - - [14/Nov/2015:22:25:40 -0800] "GET /contact-us.php HTTP/1.1" 200 73 "-" "Mozilla/5.0 (X11; Ubuntu; Linux x86_64; rv:26.0) Gecko/20100101 Firefox/26.0" "www.superior-dentistry.com"
208.122.6.102 - - [14/Nov/2015:22:38:02 -0800] "GET / HTTP/1.1" 200 38156 "-" "FreeWebMonitoring SiteChecker/0.2 (+http://www.freewebmonitoring.com/bot.html)" "www.superior-dentistry.com"
180.76.15.31 - - [14/Nov/2015:22:42:45 -0800] "GET /carousel/jquery-1.8.2.min.js HTTP/1.1" 404 89 "-" "Mozilla/5.0 (compatible; Baiduspider/2.0; +http://www.baidu.com/search/spider.html)" "superior-dentistry.com"
54.187.209.40 - - [14/Nov/2015:23:18:51 -0800] "GET /robots.txt HTTP/1.1" 200 49 "-" "Thumbtack-Thunderdome/1.0" "www.superior-dentistry.com"
54.187.209.40 - - [14/Nov/2015:23:19:01 -0800] "GET /services.html HTTP/1.1" 200 34114 "-" "Thumbtack-Thunderdome/1.0" "www.superior-dentistry.com"
54.187.209.40 - - [14/Nov/2015:23:19:05 -0800] "GET /Patient-Before-After-Gallery.html HTTP/1.1" 200 23787 "-" "Thumbtack-Thunderdome/1.0" "www.superior-dentistry.com"
54.187.209.40 - - [14/Nov/2015:23:19:15 -0800] "GET /contact-us.php HTTP/1.1" 200 73 "-" "Thumbtack-Thunderdome/1.0" "www.superior-dentistry.com"
54.187.209.40 - - [14/Nov/2015:23:19:17 -0800] "GET /firstvisit.php HTTP/1.1" 200 73 "-" "Thumbtack-Thunderdome/1.0" "www.superior-dentistry.com"
54.187.209.40 - - [14/Nov/2015:23:19:22 -0800] "GET /testimonial.html HTTP/1.1" 404 89 "-" "Thumbtack-Thunderdome/1.0" "www.superior-dentistry.com"
54.187.209.40 - - [14/Nov/2015:23:19:26 -0800] "GET /Dentist-Bowie-MD/Dental-Implants-Maryland-MD.html HTTP/1.1" 200 33055 "-" "Thumbtack-Thunderdome/1.0" "www.superior-dentistry.com"
54.187.209.40 - - [14/Nov/2015:23:19:28 -0800] "GET /Dentists-Bowie-MD.html HTTP/1.1" 200 38040 "-" "Thumbtack-Thunderdome/1.0" "www.superior-dentistry.com"
54.187.209.40 - - [14/Nov/2015:23:19:34 -0800] "GET /meet-staff.php HTTP/1.1" 200 73 "-" "Thumbtack-Thunderdome/1.0" "www.superior-dentistry.com"
54.187.209.40 - - [14/Nov/2015:23:19:37 -0800] "GET /dental-implants.html HTTP/1.1" 404 89 "-" "Thumbtack-Thunderdome/1.0" "www.superior-dentistry.com"
54.187.209.40 - - [14/Nov/2015:23:19:42 -0800] "GET /orthognathic-jaw-surgery.html HTTP/1.1" 404 89 "-" "Thumbtack-Thunderdome/1.0" "www.superior-dentistry.com"
54.187.209.40 - - [14/Nov/2015:23:19:44 -0800] "GET /oral-pathology.html HTTP/1.1" 404 89 "-" "Thumbtack-Thunderdome/1.0" "www.superior-dentistry.com"
54.187.209.40 - - [14/Nov/2015:23:19:46 -0800] "GET /tmj-disorder.html HTTP/1.1" 404 89 "-" "Thumbtack-Thunderdome/1.0" "www.superior-dentistry.com"
54.187.209.40 - - [14/Nov/2015:23:19:52 -0800] "GET /patient.html HTTP/1.1" 404 89 "-" "Thumbtack-Thunderdome/1.0" "www.superior-dentistry.com"
69.58.178.57 - - [15/Nov/2015:00:04:16 -0800] "GET /robots.txt HTTP/1.1" 200 49 "-" "Mozilla/5.0 (X11; Ubuntu; Linux i686; rv:14.0; ips-agent) Gecko/20100101 Firefox/14.0.1" "www.superior-dentistry.com"
69.58.178.57 - - [15/Nov/2015:00:04:31 -0800] "GET /index.html HTTP/1.1" 200 38156 "-" "Mozilla/5.0 (X11; Ubuntu; Linux i686; rv:14.0; ips-agent) Gecko/20100101 Firefox/14.0.1" "www.superior-dentistry.com"
69.58.178.57 - - [15/Nov/2015:00:04:32 -0800] "GET /meet-staff.html HTTP/1.1" 200 22166 "-" "Mozilla/5.0 (X11; Ubuntu; Linux i686; rv:14.0; ips-agent) Gecko/20100101 Firefox/14.0.1" "www.superior-dentistry.com"
69.58.178.57 - - [15/Nov/2015:00:04:35 -0800] "GET /Dentistry-Maryland-MD.html HTTP/1.1" 200 31039 "-" "Mozilla/5.0 (X11; Ubuntu; Linux i686; rv:14.0; ips-agent) Gecko/20100101 Firefox/14.0.1" "www.superior-dentistry.com"
69.58.178.57 - - [15/Nov/2015:00:04:37 -0800] "GET /contact-us.php HTTP/1.1" 200 73 "-" "Mozilla/5.0 (X11; Ubuntu; Linux i686; rv:14.0; ips-agent) Gecko/20100101 Firefox/14.0.1" "www.superior-dentistry.com"
69.58.178.57 - - [15/Nov/2015:00:04:41 -0800] "GET /Dentist-Bowie-MD/Dental-Implants-Maryland-MD.html HTTP/1.1" 200 33055 "-" "Mozilla/5.0 (X11; Ubuntu; Linux i686; rv:14.0; ips-agent) Gecko/20100101 Firefox/14.0.1" "www.superior-dentistry.com"
54.187.209.40 - - [15/Nov/2015:00:25:54 -0800] "GET /robots.txt HTTP/1.1" 200 49 "-" "Thumbtack-Thunderdome/1.0" "www.superior-dentistry.com"
54.187.209.40 - - [15/Nov/2015:00:26:09 -0800] "GET / HTTP/1.1" 200 38156 "-" "Thumbtack-Thunderdome/1.0" "www.superior-dentistry.com"
54.187.209.40 - - [15/Nov/2015:00:26:20 -0800] "GET /services.html HTTP/1.1" 200 34114 "-" "Thumbtack-Thunderdome/1.0" "www.superior-dentistry.com"
54.187.209.40 - - [15/Nov/2015:00:26:24 -0800] "GET /firstvisit.html HTTP/1.1" 200 24042 "-" "Thumbtack-Thunderdome/1.0" "www.superior-dentistry.com"
54.187.209.40 - - [15/Nov/2015:00:26:26 -0800] "GET /Patient-Before-After-Gallery.html HTTP/1.1" 200 23787 "-" "Thumbtack-Thunderdome/1.0" "www.superior-dentistry.com"
54.187.209.40 - - [15/Nov/2015:00:26:29 -0800] "GET /blog.php HTTP/1.1" 200 99736 "-" "Thumbtack-Thunderdome/1.0" "www.superior-dentistry.com"
54.187.209.40 - - [15/Nov/2015:00:26:33 -0800] "GET /contact-us.html HTTP/1.1" 200 23726 "-" "Thumbtack-Thunderdome/1.0" "www.superior-dentistry.com"
54.187.209.40 - - [15/Nov/2015:00:26:38 -0800] "GET /contact-us.php HTTP/1.1" 200 73 "-" "Thumbtack-Thunderdome/1.0" "www.superior-dentistry.com"
54.187.209.40 - - [15/Nov/2015:00:26:44 -0800] "GET /testimonials.html HTTP/1.1" 200 24783 "-" "Thumbtack-Thunderdome/1.0" "www.superior-dentistry.com"
54.187.209.40 - - [15/Nov/2015:00:26:47 -0800] "GET /testimonial.html HTTP/1.1" 404 89 "-" "Thumbtack-Thunderdome/1.0" "www.superior-dentistry.com"
54.187.209.40 - - [15/Nov/2015:00:26:48 -0800] "GET / HTTP/1.1" 200 38156 "-" "Thumbtack-Thunderdome/1.0" "www.superior-dentistry.com"
54.187.209.40 - - [15/Nov/2015:00:26:53 -0800] "GET /services.php HTTP/1.1" 200 73 "-" "Thumbtack-Thunderdome/1.0" "www.superior-dentistry.com"
54.187.209.40 - - [15/Nov/2015:00:26:55 -0800] "GET /Dentist-Bowie-MD/Dental-Implants-Maryland-MD.html HTTP/1.1" 200 33055 "-" "Thumbtack-Thunderdome/1.0" "www.superior-dentistry.com"
54.187.209.40 - - [15/Nov/2015:00:26:57 -0800] "GET /Dentists-Bowie-MD.html HTTP/1.1" 200 38040 "-" "Thumbtack-Thunderdome/1.0" "www.superior-dentistry.com"
54.187.209.40 - - [15/Nov/2015:00:27:01 -0800] "GET /index.php HTTP/1.1" 200 73 "-" "Thumbtack-Thunderdome/1.0" "www.superior-dentistry.com"
54.187.209.40 - - [15/Nov/2015:00:27:03 -0800] "GET /Dental-Links.html HTTP/1.1" 200 27636 "-" "Thumbtack-Thunderdome/1.0" "www.superior-dentistry.com"
54.187.209.40 - - [15/Nov/2015:00:27:05 -0800] "GET /meet-staff.php HTTP/1.1" 200 73 "-" "Thumbtack-Thunderdome/1.0" "www.superior-dentistry.com"
54.187.209.40 - - [15/Nov/2015:00:27:07 -0800] "GET /dental-implants.html HTTP/1.1" 404 89 "-" "Thumbtack-Thunderdome/1.0" "www.superior-dentistry.com"
54.187.209.40 - - [15/Nov/2015:00:27:11 -0800] "GET /wisdom-teeth.html HTTP/1.1" 404 89 "-" "Thumbtack-Thunderdome/1.0" "www.superior-dentistry.com"
54.187.209.40 - - [15/Nov/2015:00:27:14 -0800] "GET /extractions.html HTTP/1.1" 404 89 "-" "Thumbtack-Thunderdome/1.0" "www.superior-dentistry.com"
54.187.209.40 - - [15/Nov/2015:00:27:16 -0800] "GET /orthognathic-jaw-surgery.html HTTP/1.1" 404 89 "-" "Thumbtack-Thunderdome/1.0" "www.superior-dentistry.com"
54.187.209.40 - - [15/Nov/2015:00:27:18 -0800] "GET /oral-pathology.html HTTP/1.1" 404 89 "-" "Thumbtack-Thunderdome/1.0" "www.superior-dentistry.com"
54.187.209.40 - - [15/Nov/2015:00:27:20 -0800] "GET /tmj-disorder.html HTTP/1.1" 404 89 "-" "Thumbtack-Thunderdome/1.0" "www.superior-dentistry.com"
54.187.209.40 - - [15/Nov/2015:00:27:22 -0800] "GET /treatment.php HTTP/1.1" 200 21262 "-" "Thumbtack-Thunderdome/1.0" "www.superior-dentistry.com"
54.187.209.40 - - [15/Nov/2015:00:27:26 -0800] "GET /patient.html HTTP/1.1" 404 89 "-" "Thumbtack-Thunderdome/1.0" "www.superior-dentistry.com"
54.187.209.40 - - [15/Nov/2015:00:27:27 -0800] "GET /aboutus.html HTTP/1.1" 404 89 "-" "Thumbtack-Thunderdome/1.0" "www.superior-dentistry.com"
54.187.209.40 - - [15/Nov/2015:00:27:30 -0800] "GET /Dentist-Bowie-MD/Tooth-Extractions-Maryland-MD.html HTTP/1.1" 200 32565 "-" "Thumbtack-Thunderdome/1.0" "www.superior-dentistry.com"
54.187.209.40 - - [15/Nov/2015:00:27:32 -0800] "GET /Dentist.html HTTP/1.1" 404 89 "-" "Thumbtack-Thunderdome/1.0" "www.superior-dentistry.com"
54.187.209.40 - - [15/Nov/2015:00:27:34 -0800] "GET /Dentist-Bowie-MD/Periodontal-Services-Maryland-MD.html HTTP/1.1" 200 19779 "-" "Thumbtack-Thunderdome/1.0" "www.superior-dentistry.com"
208.122.6.102 - - [15/Nov/2015:00:40:00 -0800] "GET / HTTP/1.1" 200 38156 "-" "FreeWebMonitoring SiteChecker/0.2 (+http://www.freewebmonitoring.com/bot.html)" "www.superior-dentistry.com"
66.249.64.229 - - [15/Nov/2015:01:00:17 -0800] "GET /assets/flash/ZeroClipboard.swf?noCache=1447545600033&trustedOrigins=www.superior-dentistry.com%2C%2F%2Fwww.superior-dentistry.com%2Chttp%3A%2F%2Fwww.superior-dentistry.com HTTP/1.1" 404 89 "-" "Googlebot-Video/1.0" "www.superior-dentistry.com"
94.67.185.144 - - [15/Nov/2015:01:14:35 -0800] "GET /img/logo.jpg HTTP/1.1" 200 139628 "https://www.google.gr/" "Mozilla/5.0 (iPhone; CPU iPhone OS 8_3 like Mac OS X) AppleWebKit/600.1.4 (KHTML, like Gecko) Version/8.0 Mobile/12F70 Safari/600.1.4" "www.superior-dentistry.com"
208.122.6.102 - - [15/Nov/2015:01:40:24 -0800] "GET / HTTP/1.1" 200 38156 "-" "FreeWebMonitoring SiteChecker/0.2 (+http://www.freewebmonitoring.com/bot.html)" "www.superior-dentistry.com"
100.43.90.11 - - [15/Nov/2015:02:01:47 -0800] "GET /robots.txt HTTP/1.1" 200 49 "-" "Mozilla/5.0 (compatible; YandexBot/3.0; +http://yandex.com/bots)" "www.superior-dentistry.com"
100.43.90.11 - - [15/Nov/2015:02:01:51 -0800] "GET /firstvisit.php HTTP/1.1" 200 73 "-" "Mozilla/5.0 (compatible; YandexBot/3.0; +http://yandex.com/bots)" "www.superior-dentistry.com"
206.16.134.19 - - [15/Nov/2015:02:09:03 -0800] "GET / HTTP/1.1" 200 38156 "-" "Mozilla/5.0 (Windows NT 6.1; WOW64; rv:29.0) Gecko/20120101 Firefox/29.0" "superior-dentistry.com"
180.76.15.8 - - [15/Nov/2015:02:12:01 -0800] "GET /Patient-Information-Form.pdf HTTP/1.1" 200 1179648 "-" "Mozilla/5.0 (compatible; Baiduspider/2.0; +http://www.baidu.com/search/spider.html)" "www.superior-dentistry.com"
100.43.91.18 - - [15/Nov/2015:02:32:47 -0800] "GET /robots.txt HTTP/1.1" 200 49 "-" "Mozilla/5.0 (compatible; YandexBot/3.0; +http://yandex.com/bots)" "www.superior-dentistry.com"
100.43.91.29 - - [15/Nov/2015:02:32:55 -0800] "GET /index.php HTTP/1.1" 200 73 "-" "Mozilla/5.0 (compatible; YandexBot/3.0; +http://yandex.com/bots)" "www.superior-dentistry.com"
100.43.85.21 - - [15/Nov/2015:02:33:34 -0800] "GET / HTTP/1.1" 200 38156 "-" "Mozilla/5.0 (compatible; YandexBot/3.0; +http://yandex.com/bots)" "www.superior-dentistry.com"
199.21.99.193 - - [15/Nov/2015:02:33:56 -0800] "GET /index.html HTTP/1.1" 200 38156 "-" "Mozilla/5.0 (compatible; YandexBot/3.0; +http://yandex.com/bots)" "www.superior-dentistry.com"
199.21.99.193 - - [15/Nov/2015:02:34:20 -0800] "GET / HTTP/1.1" 200 38156 "-" "Mozilla/5.0 (compatible; YandexBot/3.0; +http://yandex.com/bots)" "www.superior-dentistry.com"
171.43.253.77 - - [15/Nov/2015:02:35:44 -0800] "GET /blog.php HTTP/1.1" 200 99736 "-" "Mozilla/5.0 (Windows NT 6.1; Trident/7.0; rv:11.0) like Gecko" "www.superior-dentistry.com"
171.43.253.77 - - [15/Nov/2015:02:35:50 -0800] "POST /blog.php/trackback/ HTTP/1.1" 200 99355 "http://www.superior-dentistry.com/blog.php" "Mozilla/5.0 (Windows NT 6.1; Trident/7.0; rv:11.0) like Gecko" "www.superior-dentistry.com"
208.122.6.102 - - [15/Nov/2015:02:41:54 -0800] "GET / HTTP/1.1" 200 38156 "-" "FreeWebMonitoring SiteChecker/0.2 (+http://www.freewebmonitoring.com/bot.html)" "www.superior-dentistry.com"
180.76.15.158 - - [15/Nov/2015:02:45:28 -0800] "GET /Dentists-Bowie-MD.html HTTP/1.1" 200 38040 "-" "Mozilla/5.0 (compatible; Baiduspider/2.0; +http://www.baidu.com/search/spider.html)" "superior-dentistry.com"
46.118.152.18 - - [15/Nov/2015:03:12:16 -0800] "GET /Bowie-Dentists/ HTTP/1.1" 200 1837 "http://luckyshop.net.ua/" "Mozilla/4.0 (compatible; MSIE 5.0; Windows 2000) Opera 6.0 [en]" "www.superior-dentistry.com"
157.55.39.11 - - [15/Nov/2015:03:21:12 -0800] "GET /robots.txt HTTP/1.1" 200 49 "-" "Mozilla/5.0 (compatible; bingbot/2.0; +http://www.bing.com/bingbot.htm)" "www.superior-dentistry.com"
157.55.39.11 - - [15/Nov/2015:03:21:27 -0800] "GET /special-offers.html HTTP/1.1" 200 23685 "-" "Mozilla/5.0 (compatible; bingbot/2.0; +http://www.bing.com/bingbot.htm)" "www.superior-dentistry.com"
207.46.13.173 - - [15/Nov/2015:03:22:16 -0800] "GET /robots.txt HTTP/1.1" 200 49 "-" "Mozilla/5.0 (compatible; bingbot/2.0; +http://www.bing.com/bingbot.htm)" "www.superior-dentistry.com"
157.55.39.127 - - [15/Nov/2015:03:22:41 -0800] "GET /robots.txt HTTP/1.1" 200 49 "-" "Mozilla/5.0 (compatible; bingbot/2.0; +http://www.bing.com/bingbot.htm)" "www.superior-dentistry.com"
157.55.39.127 - - [15/Nov/2015:03:24:09 -0800] "GET /robots.txt HTTP/1.1" 200 49 "-" "Mozilla/5.0 (compatible; bingbot/2.0; +http://www.bing.com/bingbot.htm)" "www.superior-dentistry.com"
157.55.39.127 - - [15/Nov/2015:03:24:10 -0800] "GET /js/js-image-slider.js HTTP/1.1" 404 89 "-" "Mozilla/5.0 (compatible; bingbot/2.0; +http://www.bing.com/bingbot.htm)" "www.superior-dentistry.com"
207.46.13.113 - - [15/Nov/2015:03:29:26 -0800] "GET /js/jquery-1.6.4.min.js HTTP/1.1" 404 89 "-" "Mozilla/5.0 (compatible; bingbot/2.0; +http://www.bing.com/bingbot.htm)" "www.superior-dentistry.com"
199.16.156.124 - - [15/Nov/2015:03:35:20 -0800] "GET /robots.txt HTTP/1.1" 200 49 "-" "Twitterbot/1.0" "www.superior-dentistry.com"
199.16.156.125 - - [15/Nov/2015:03:35:27 -0800] "GET /robots.txt HTTP/1.1" 200 49 "-" "Twitterbot/1.0" "www.superior-dentistry.com"
199.16.156.124 - - [15/Nov/2015:03:35:51 -0800] "GET /index.php HTTP/1.1" 200 73 "-" "Twitterbot/1.0" "www.superior-dentistry.com"
66.249.64.229 - - [15/Nov/2015:03:44:31 -0800] "GET /index.php HTTP/1.1" 200 73 "-" "Mozilla/5.0 (compatible; Googlebot/2.1; +http://www.google.com/bot.html)" "www.superior-dentistry.com"
208.122.6.102 - - [15/Nov/2015:04:03:01 -0800] "GET / HTTP/1.1" 200 38156 "-" "FreeWebMonitoring SiteChecker/0.2 (+http://www.freewebmonitoring.com/bot.html)" "www.superior-dentistry.com"
199.30.25.39 - - [15/Nov/2015:04:23:20 -0800] "GET /css/js-image-slider.css HTTP/1.1" 404 89 "http://www.superior-dentistry.com/special-offers.html" "Mozilla/5.0 (Windows NT 6.1; WOW64) AppleWebKit/534+ (KHTML, like Gecko) BingPreview/1.0b" "www.superior-dentistry.com"
199.30.25.40 - - [15/Nov/2015:04:23:22 -0800] "GET /images/cut-offer.png HTTP/1.1" 404 89 "http://www.superior-dentistry.com/special-offers.html" "Mozilla/5.0 (Windows NT 6.1; WOW64) AppleWebKit/534+ (KHTML, like Gecko) BingPreview/1.0b" "www.superior-dentistry.com"
199.30.25.40 - - [15/Nov/2015:04:23:22 -0800] "GET /images/offer-31-05-2015-new-patient.jpg HTTP/1.1" 404 89 "http://www.superior-dentistry.com/special-offers.html" "Mozilla/5.0 (Windows NT 6.1; WOW64) AppleWebKit/534+ (KHTML, like Gecko) BingPreview/1.0b" "www.superior-dentistry.com"
199.30.25.40 - - [15/Nov/2015:04:23:23 -0800] "GET /images/Patient-apt-icon2.png HTTP/1.1" 404 89 "http://www.superior-dentistry.com/special-offers.html" "Mozilla/5.0 (Windows NT 6.1; WOW64) AppleWebKit/534+ (KHTML, like Gecko) BingPreview/1.0b" "www.superior-dentistry.com"
180.76.15.12 - - [15/Nov/2015:04:48:17 -0800] "GET /services.php HTTP/1.1" 200 73 "-" "Mozilla/5.0 (compatible; Baiduspider/2.0; +http://www.baidu.com/search/spider.html)" "superior-dentistry.com"
208.122.6.102 - - [15/Nov/2015:05:04:27 -0800] "GET / HTTP/1.1" 200 38156 "-" "FreeWebMonitoring SiteChecker/0.2 (+http://www.freewebmonitoring.com/bot.html)" "www.superior-dentistry.com"
65.36.241.48 - - [15/Nov/2015:05:12:04 -0800] "HEAD / HTTP/1.1" 200 0 "-" "InternetSeer.com" "www.superior-dentistry.com"
207.46.13.113 - - [15/Nov/2015:05:28:28 -0800] "GET /Dentist-Bowie-MD/js/image_slider/ HTTP/1.1" 200 1499 "-" "Mozilla/5.0 (compatible; bingbot/2.0; +http://www.bing.com/bingbot.htm)" "superior-dentistry.com"
207.46.13.113 - - [15/Nov/2015:05:46:33 -0800] "GET /Bowie-Dentists/testimonials.html HTTP/1.1" 404 89 "-" "Mozilla/5.0 (compatible; bingbot/2.0; +http://www.bing.com/bingbot.htm)" "www.superior-dentistry.com"
208.122.6.102 - - [15/Nov/2015:06:05:12 -0800] "GET / HTTP/1.1" 200 38156 "-" "FreeWebMonitoring SiteChecker/0.2 (+http://www.freewebmonitoring.com/bot.html)" "www.superior-dentistry.com"
66.249.64.168 - - [15/Nov/2015:06:34:35 -0800] "GET /index.php HTTP/1.1" 200 73 "-" "Mozilla/5.0 (compatible; Googlebot/2.1; +http://www.google.com/bot.html)" "www.superior-dentistry.com"
208.122.6.102 - - [15/Nov/2015:07:06:19 -0800] "GET / HTTP/1.1" 200 38156 "-" "FreeWebMonitoring SiteChecker/0.2 (+http://www.freewebmonitoring.com/bot.html)" "www.superior-dentistry.com"
180.76.15.29 - - [15/Nov/2015:07:25:28 -0800] "GET /contact-us.php HTTP/1.1" 200 73 "-" "Mozilla/5.0 (compatible; Baiduspider/2.0; +http://www.baidu.com/search/spider.html)" "www.superior-dentistry.com"
123.30.175.212 - - [15/Nov/2015:07:43:58 -0800] "GET / HTTP/1.1" 200 38156 "-" "Mozilla/5.0 (compatible; coccoc/1.0; +http://help.coccoc.com/)" "superior-dentistry.com"
123.30.175.208 - - [15/Nov/2015:07:45:10 -0800] "GET /robots.txt HTTP/1.1" 200 49 "-" "Mozilla/5.0 (compatible; coccoc/1.0; +http://help.coccoc.com/)" "www.superior-dentistry.com"
123.30.175.207 - - [15/Nov/2015:07:45:15 -0800] "GET / HTTP/1.1" 200 38156 "-" "Mozilla/5.0 (compatible; coccoc/1.0; +http://help.coccoc.com/)" "www.superior-dentistry.com"
157.55.39.223 - - [15/Nov/2015:07:47:32 -0800] "GET /robots.txt HTTP/1.1" 200 49 "-" "Mozilla/5.0 (compatible; bingbot/2.0; +http://www.bing.com/bingbot.htm)" "www.superior-dentistry.com"
157.55.39.223 - - [15/Nov/2015:07:47:36 -0800] "GET /contact-us.html HTTP/1.1" 200 23726 "-" "Mozilla/5.0 (compatible; bingbot/2.0; +http://www.bing.com/bingbot.htm)" "www.superior-dentistry.com"
180.76.15.156 - - [15/Nov/2015:07:49:42 -0800] "GET /contact-us.html HTTP/1.1" 200 23726 "-" "Mozilla/5.0 (compatible; Baiduspider/2.0; +http://www.baidu.com/search/spider.html)" "superior-dentistry.com"
208.122.6.102 - - [15/Nov/2015:08:08:03 -0800] "GET / HTTP/1.1" 200 38156 "-" "FreeWebMonitoring SiteChecker/0.2 (+http://www.freewebmonitoring.com/bot.html)" "www.superior-dentistry.com"
207.46.13.173 - - [15/Nov/2015:08:17:43 -0800] "GET /robots.txt HTTP/1.1" 200 49 "-" "Mozilla/5.0 (compatible; bingbot/2.0; +http://www.bing.com/bingbot.htm)" "www.superior-dentistry.com"
180.76.15.138 - - [15/Nov/2015:08:19:04 -0800] "GET /Dentist-Bowie-MD/css/skin.css HTTP/1.1" 200 2073 "-" "Mozilla/5.0 (compatible; Baiduspider/2.0; +http://www.baidu.com/search/spider.html)" "www.superior-dentistry.com"
207.46.13.113 - - [15/Nov/2015:08:54:53 -0800] "GET /contact-us.php HTTP/1.1" 200 73 "-" "Mozilla/5.0 (iPhone; CPU iPhone OS 7_0 like Mac OS X) AppleWebKit/537.51.1 (KHTML, like Gecko) Version/7.0 Mobile/11A465 Safari/9537.53 (compatible; bingbot/2.0;  http://www.bing.com/bingbot.htm)" "www.superior-dentistry.com"
180.76.15.20 - - [15/Nov/2015:08:59:23 -0800] "GET /Bowie-Dentists-Sitemap.html HTTP/1.1" 200 28353 "-" "Mozilla/5.0 (compatible; Baiduspider/2.0; +http://www.baidu.com/search/spider.html)" "superior-dentistry.com"
208.122.6.102 - - [15/Nov/2015:09:08:17 -0800] "GET / HTTP/1.1" 200 38156 "-" "FreeWebMonitoring SiteChecker/0.2 (+http://www.freewebmonitoring.com/bot.html)" "www.superior-dentistry.com"
180.76.15.136 - - [15/Nov/2015:09:31:00 -0800] "GET /Dentist-Bowie-MD/images/Thumbs.db HTTP/1.1" 200 770560 "-" "Mozilla/5.0 (compatible; Baiduspider/2.0; +http://www.baidu.com/search/spider.html)" "www.superior-dentistry.com"
188.165.15.127 - - [15/Nov/2015:10:09:26 -0800] "GET /images/logo1.jpg HTTP/1.1" 404 89 "-" "Mozilla/5.0 (compatible; AhrefsBot/5.0; +http://ahrefs.com/robot/)" "www.superior-dentistry.com"
172.56.3.150 - - [15/Nov/2015:10:45:41 -0800] "GET / HTTP/1.1" 200 38156 "-" "Mozilla/5.0 (iPhone; CPU iPhone OS 9_1 like Mac OS X) AppleWebKit/601.1.46 (KHTML, like Gecko) Version/9.0 Mobile/13B143 Safari/601.1" "www.superior-dentistry.com"
180.76.15.158 - - [15/Nov/2015:10:51:18 -0800] "GET /meet-staff.php HTTP/1.1" 200 73 "-" "Mozilla/5.0 (compatible; Baiduspider/2.0; +http://www.baidu.com/search/spider.html)" "www.superior-dentistry.com"
180.76.15.27 - - [15/Nov/2015:10:57:04 -0800] "GET /sitemap.xml HTTP/1.1" 200 4803 "-" "Mozilla/5.0 (compatible; Baiduspider/2.0; +http://www.baidu.com/search/spider.html)" "superior-dentistry.com"
208.122.6.102 - - [15/Nov/2015:11:10:45 -0800] "GET / HTTP/1.1" 200 38156 "-" "FreeWebMonitoring SiteChecker/0.2 (+http://www.freewebmonitoring.com/bot.html)" "www.superior-dentistry.com"
180.76.15.155 - - [15/Nov/2015:11:12:04 -0800] "GET /testimonials.html HTTP/1.1" 200 24783 "-" "Mozilla/5.0 (compatible; Baiduspider/2.0; +http://www.baidu.com/search/spider.html)" "superior-dentistry.com"
208.122.6.102 - - [15/Nov/2015:12:10:51 -0800] "GET / HTTP/1.1" 200 38156 "-" "FreeWebMonitoring SiteChecker/0.2 (+http://www.freewebmonitoring.com/bot.html)" "www.superior-dentistry.com"
66.220.146.30 - - [15/Nov/2015:12:32:59 -0800] "GET /images/mainimg7.jpg HTTP/1.1" 404 89 "-" "facebookexternalhit/1.1 (+http://www.facebook.com/externalhit_uatext.php)" "www.superior-dentistry.com"
46.118.152.18 - - [15/Nov/2015:12:33:30 -0800] "GET /Bowie-Dentists/ HTTP/1.1" 200 1837 "http://fo-factory.ru/" "Mozilla/4.79 [en] (Windows NT 5.0; U)" "www.superior-dentistry.com"
46.118.152.18 - - [15/Nov/2015:12:33:31 -0800] "GET /Bowie-Dentists/ HTTP/1.1" 200 1837 "http://fo-factory.ru/" "Mozilla/4.79 [en] (Windows NT 5.0; U)" "www.superior-dentistry.com"
46.118.152.18 - - [15/Nov/2015:12:33:31 -0800] "GET /Bowie-Dentists/ HTTP/1.1" 200 1837 "http://fo-factory.ru/" "Mozilla/4.79 [en] (Windows NT 5.0; U)" "www.superior-dentistry.com"
69.30.198.178 - - [15/Nov/2015:13:02:37 -0800] "GET /robots.txt HTTP/1.1" 200 49 "-" "Mozilla/5.0 (compatible; MJ12bot/v1.4.5; http://www.majestic12.co.uk/bot.php?+)" "superior-dentistry.com"
69.30.198.178 - - [15/Nov/2015:13:02:38 -0800] "GET /Dental-Sites-We-Like.html HTTP/1.1" 200 41324 "-" "Mozilla/5.0 (compatible; MJ12bot/v1.4.5; http://www.majestic12.co.uk/bot.php?+)" "superior-dentistry.com"
69.30.198.178 - - [15/Nov/2015:13:02:40 -0800] "GET /Dentists-Bowie-MD.html HTTP/1.1" 200 38040 "-" "Mozilla/5.0 (compatible; MJ12bot/v1.4.5; http://www.majestic12.co.uk/bot.php?+)" "superior-dentistry.com"
69.30.198.178 - - [15/Nov/2015:13:02:41 -0800] "GET /robots.txt HTTP/1.1" 200 49 "-" "Mozilla/5.0 (compatible; MJ12bot/v1.4.5; http://www.majestic12.co.uk/bot.php?+)" "superior-dentistry.com"
69.30.198.178 - - [15/Nov/2015:13:02:42 -0800] "GET /Patient-Before-After-Gallery.html HTTP/1.1" 200 23787 "-" "Mozilla/5.0 (compatible; MJ12bot/v1.4.5; http://www.majestic12.co.uk/bot.php?+)" "superior-dentistry.com"
69.30.198.178 - - [15/Nov/2015:13:02:43 -0800] "GET /%E2%80%9Dhttp://www.nicedentist.com HTTP/1.1" 404 89 "-" "Mozilla/5.0 (compatible; MJ12bot/v1.4.5; http://www.majestic12.co.uk/bot.php?+)" "superior-dentistry.com"
208.122.6.102 - - [15/Nov/2015:13:11:38 -0800] "GET / HTTP/1.1" 200 38156 "-" "FreeWebMonitoring SiteChecker/0.2 (+http://www.freewebmonitoring.com/bot.html)" "www.superior-dentistry.com"
207.46.13.21 - - [15/Nov/2015:13:36:21 -0800] "GET /robots.txt HTTP/1.1" 200 49 "-" "Mozilla/5.0 (compatible; bingbot/2.0; +http://www.bing.com/bingbot.htm)" "www.superior-dentistry.com"
207.46.13.21 - - [15/Nov/2015:13:36:51 -0800] "GET /Bowie-Dentists/firstvisit.php HTTP/1.1" 200 73 "-" "Mozilla/5.0 (compatible; bingbot/2.0; +http://www.bing.com/bingbot.htm)" "www.superior-dentistry.com"
207.46.13.59 - - [15/Nov/2015:13:44:27 -0800] "GET /robots.txt HTTP/1.1" 200 49 "-" "Mozilla/5.0 (compatible; bingbot/2.0; +http://www.bing.com/bingbot.htm)" "www.superior-dentistry.com"
207.46.13.59 - - [15/Nov/2015:13:44:37 -0800] "GET /services.html HTTP/1.1" 200 34114 "-" "Mozilla/5.0 (compatible; bingbot/2.0; +http://www.bing.com/bingbot.htm)" "www.superior-dentistry.com"
37.200.127.222 - - [15/Nov/2015:14:00:23 -0800] "POST /manager/processors/login.processor.php HTTP/1.1" 404 89 "-" "Mozilla/5.0 (Windows NT 5.1; WOW64) AppleWebKit/537.36 (KHTML, like Gecko) Chrome/33.0.1827.48 Safari/537.36" "superior-dentistry.com"
37.200.127.222 - - [15/Nov/2015:14:01:58 -0800] "POST /manager/processors/login.processor.php HTTP/1.1" 404 89 "-" "Mozilla/5.0 (X11; Linux x86_64; rv:37.0) Gecko/20100101 Firefox/37.0" "superior-dentistry.com"
208.122.6.102 - - [15/Nov/2015:14:13:20 -0800] "GET / HTTP/1.1" 200 38156 "-" "FreeWebMonitoring SiteChecker/0.2 (+http://www.freewebmonitoring.com/bot.html)" "www.superior-dentistry.com"
54.187.209.40 - - [15/Nov/2015:14:43:00 -0800] "GET /robots.txt HTTP/1.1" 200 49 "-" "Thumbtack-Thunderdome/1.0" "www.superior-dentistry.com"
54.187.209.40 - - [15/Nov/2015:14:43:07 -0800] "GET /services.html HTTP/1.1" 200 34114 "-" "Thumbtack-Thunderdome/1.0" "www.superior-dentistry.com"
54.187.209.40 - - [15/Nov/2015:14:43:09 -0800] "GET /firstvisit.html HTTP/1.1" 200 24042 "-" "Thumbtack-Thunderdome/1.0" "www.superior-dentistry.com"
54.187.209.40 - - [15/Nov/2015:14:43:12 -0800] "GET /Patient-Before-After-Gallery.html HTTP/1.1" 200 23787 "-" "Thumbtack-Thunderdome/1.0" "www.superior-dentistry.com"
54.187.209.40 - - [15/Nov/2015:14:43:16 -0800] "GET /contact-us.html HTTP/1.1" 200 23726 "-" "Thumbtack-Thunderdome/1.0" "www.superior-dentistry.com"
54.187.209.40 - - [15/Nov/2015:14:43:26 -0800] "GET /testimonials.html HTTP/1.1" 200 24783 "-" "Thumbtack-Thunderdome/1.0" "www.superior-dentistry.com"
54.187.209.40 - - [15/Nov/2015:14:43:29 -0800] "GET /testimonial.html HTTP/1.1" 404 89 "-" "Thumbtack-Thunderdome/1.0" "www.superior-dentistry.com"
54.187.209.40 - - [15/Nov/2015:14:43:30 -0800] "GET / HTTP/1.1" 200 38156 "-" "Thumbtack-Thunderdome/1.0" "www.superior-dentistry.com"
54.187.209.40 - - [15/Nov/2015:14:43:34 -0800] "GET /Dentist-Bowie-MD/Dental-Implants-Maryland-MD.html HTTP/1.1" 200 33055 "-" "Thumbtack-Thunderdome/1.0" "www.superior-dentistry.com"
54.187.209.40 - - [15/Nov/2015:14:43:43 -0800] "GET /meet-staff.php HTTP/1.1" 200 73 "-" "Thumbtack-Thunderdome/1.0" "www.superior-dentistry.com"
54.187.209.40 - - [15/Nov/2015:14:43:51 -0800] "GET /extractions.html HTTP/1.1" 404 89 "-" "Thumbtack-Thunderdome/1.0" "www.superior-dentistry.com"
54.187.209.40 - - [15/Nov/2015:14:43:53 -0800] "GET /orthognathic-jaw-surgery.html HTTP/1.1" 404 89 "-" "Thumbtack-Thunderdome/1.0" "www.superior-dentistry.com"
54.187.209.40 - - [15/Nov/2015:14:43:56 -0800] "GET /oral-pathology.html HTTP/1.1" 404 89 "-" "Thumbtack-Thunderdome/1.0" "www.superior-dentistry.com"
54.187.209.40 - - [15/Nov/2015:14:43:58 -0800] "GET /tmj-disorder.html HTTP/1.1" 404 89 "-" "Thumbtack-Thunderdome/1.0" "www.superior-dentistry.com"
54.187.209.40 - - [15/Nov/2015:14:44:00 -0800] "GET /treatment.php HTTP/1.1" 200 21262 "-" "Thumbtack-Thunderdome/1.0" "www.superior-dentistry.com"
54.187.209.40 - - [15/Nov/2015:14:44:04 -0800] "GET /aboutus.html HTTP/1.1" 404 89 "-" "Thumbtack-Thunderdome/1.0" "www.superior-dentistry.com"
54.187.209.40 - - [15/Nov/2015:14:44:07 -0800] "GET /Dentist-Bowie-MD/Tooth-Extractions-Maryland-MD.html HTTP/1.1" 200 32565 "-" "Thumbtack-Thunderdome/1.0" "www.superior-dentistry.com"
54.187.209.40 - - [15/Nov/2015:14:44:12 -0800] "GET /Dentist-Bowie-MD/Periodontal-Services-Maryland-MD.html HTTP/1.1" 200 19779 "-" "Thumbtack-Thunderdome/1.0" "www.superior-dentistry.com"
207.46.13.173 - - [15/Nov/2015:14:48:26 -0800] "GET /index.html HTTP/1.1" 200 38156 "-" "Mozilla/5.0 (compatible; bingbot/2.0; +http://www.bing.com/bingbot.htm)" "www.superior-dentistry.com"
178.137.94.14 - - [15/Nov/2015:14:48:52 -0800] "GET /Bowie-Dentists/ HTTP/1.1" 200 1837 "http://detskie-zabavi.ru/" "Opera/9.0 (Windows NT 5.1; U; en)" "www.superior-dentistry.com"
178.137.94.14 - - [15/Nov/2015:14:48:52 -0800] "GET /Bowie-Dentists/ HTTP/1.1" 200 1837 "http://finstroy.net/" "Mozilla/5.0 (Windows NT 5.1; U; en) Opera 8.00" "www.superior-dentistry.com"
178.137.94.14 - - [15/Nov/2015:14:48:52 -0800] "GET /Bowie-Dentists/ HTTP/1.1" 200 1837 "http://detskie-zabavi.ru/" "Opera/9.0 (Windows NT 5.1; U; en)" "www.superior-dentistry.com"
178.137.94.14 - - [15/Nov/2015:14:48:53 -0800] "GET /Bowie-Dentists/ HTTP/1.1" 200 1837 "http://finstroy.net/" "Mozilla/5.0 (Windows NT 5.1; U; en) Opera 8.00" "www.superior-dentistry.com"
171.43.253.77 - - [15/Nov/2015:15:07:41 -0800] "GET /blog.php HTTP/1.1" 200 99736 "-" "Mozilla/5.0 (Windows NT 6.1; Trident/7.0; rv:11.0) like Gecko" "www.superior-dentistry.com"
171.43.253.77 - - [15/Nov/2015:15:07:45 -0800] "POST /blog.php/trackback/ HTTP/1.1" 200 99355 "http://www.superior-dentistry.com/blog.php" "Mozilla/5.0 (Windows NT 6.1; Trident/7.0; rv:11.0) like Gecko" "www.superior-dentistry.com"
65.36.241.48 - - [15/Nov/2015:15:12:36 -0800] "HEAD / HTTP/1.1" 200 0 "-" "InternetSeer.com" "www.superior-dentistry.com"
208.122.6.102 - - [15/Nov/2015:15:13:58 -0800] "GET / HTTP/1.1" 200 38156 "-" "FreeWebMonitoring SiteChecker/0.2 (+http://www.freewebmonitoring.com/bot.html)" "www.superior-dentistry.com"
73.173.59.64 - - [15/Nov/2015:15:25:04 -0800] "GET /Bowie-Dentists/Periodontal-Therapy-Maryland.html HTTP/1.1" 200 40166 "http://www.google.com/" "Mozilla/5.0 (iPhone; CPU iPhone OS 9_1 like Mac OS X) AppleWebKit/600.1.4 (KHTML, like Gecko) GSA/9.0.60246 Mobile/13B143 Safari/600.1.4" "www.superior-dentistry.com"
73.173.59.64 - - [15/Nov/2015:15:25:04 -0800] "GET /Bowie-Dentists/font/droidsans.css HTTP/1.1" 404 89 "http://www.superior-dentistry.com/Bowie-Dentists/Periodontal-Therapy-Maryland.html" "Mozilla/5.0 (iPhone; CPU iPhone OS 9_1 like Mac OS X) AppleWebKit/600.1.4 (KHTML, like Gecko) GSA/9.0.60246 Mobile/13B143 Safari/600.1.4" "www.superior-dentistry.com"
73.173.59.64 - - [15/Nov/2015:15:25:04 -0800] "GET /Bowie-Dentists/font/delicious-roman.css HTTP/1.1" 404 89 "http://www.superior-dentistry.com/Bowie-Dentists/Periodontal-Therapy-Maryland.html" "Mozilla/5.0 (iPhone; CPU iPhone OS 9_1 like Mac OS X) AppleWebKit/600.1.4 (KHTML, like Gecko) GSA/9.0.60246 Mobile/13B143 Safari/600.1.4" "www.superior-dentistry.com"
73.173.59.64 - - [15/Nov/2015:15:25:04 -0800] "GET /Bowie-Dentists/js/jquery.easing.1.3.js HTTP/1.1" 200 3517 "http://www.superior-dentistry.com/Bowie-Dentists/Periodontal-Therapy-Maryland.html" "Mozilla/5.0 (iPhone; CPU iPhone OS 9_1 like Mac OS X) AppleWebKit/600.1.4 (KHTML, like Gecko) GSA/9.0.60246 Mobile/13B143 Safari/600.1.4" "www.superior-dentistry.com"
73.173.59.64 - - [15/Nov/2015:15:25:04 -0800] "GET /Bowie-Dentists/js/jquery-1.6.4.min.js HTTP/1.1" 200 91669 "http://www.superior-dentistry.com/Bowie-Dentists/Periodontal-Therapy-Maryland.html" "Mozilla/5.0 (iPhone; CPU iPhone OS 9_1 like Mac OS X) AppleWebKit/600.1.4 (KHTML, like Gecko) GSA/9.0.60246 Mobile/13B143 Safari/600.1.4" "www.superior-dentistry.com"
73.173.59.64 - - [15/Nov/2015:15:25:04 -0800] "GET /Bowie-Dentists/js/tms_presets.js HTTP/1.1" 200 18651 "http://www.superior-dentistry.com/Bowie-Dentists/Periodontal-Therapy-Maryland.html" "Mozilla/5.0 (iPhone; CPU iPhone OS 9_1 like Mac OS X) AppleWebKit/600.1.4 (KHTML, like Gecko) GSA/9.0.60246 Mobile/13B143 Safari/600.1.4" "www.superior-dentistry.com"
73.173.59.64 - - [15/Nov/2015:15:25:04 -0800] "GET /Bowie-Dentists/js/jquery-1.9.1.min.js HTTP/1.1" 200 92629 "http://www.superior-dentistry.com/Bowie-Dentists/Periodontal-Therapy-Maryland.html" "Mozilla/5.0 (iPhone; CPU iPhone OS 9_1 like Mac OS X) AppleWebKit/600.1.4 (KHTML, like Gecko) GSA/9.0.60246 Mobile/13B143 Safari/600.1.4" "www.superior-dentistry.com"
73.173.59.64 - - [15/Nov/2015:15:25:04 -0800] "GET /Bowie-Dentists/images/mainimg2.jpg HTTP/1.1" 200 100452 "http://www.superior-dentistry.com/Bowie-Dentists/Periodontal-Therapy-Maryland.html" "Mozilla/5.0 (iPhone; CPU iPhone OS 9_1 like Mac OS X) AppleWebKit/600.1.4 (KHTML, like Gecko) GSA/9.0.60246 Mobile/13B143 Safari/600.1.4" "www.superior-dentistry.com"
73.173.59.64 - - [15/Nov/2015:15:25:04 -0800] "GET /Bowie-Dentists/images/mainimg3.jpg HTTP/1.1" 200 80885 "http://www.superior-dentistry.com/Bowie-Dentists/Periodontal-Therapy-Maryland.html" "Mozilla/5.0 (iPhone; CPU iPhone OS 9_1 like Mac OS X) AppleWebKit/600.1.4 (KHTML, like Gecko) GSA/9.0.60246 Mobile/13B143 Safari/600.1.4" "www.superior-dentistry.com"
73.173.59.64 - - [15/Nov/2015:15:25:05 -0800] "GET /Bowie-Dentists/images/services3.png HTTP/1.1" 200 16574 "http://www.superior-dentistry.com/Bowie-Dentists/Periodontal-Therapy-Maryland.html" "Mozilla/5.0 (iPhone; CPU iPhone OS 9_1 like Mac OS X) AppleWebKit/600.1.4 (KHTML, like Gecko) GSA/9.0.60246 Mobile/13B143 Safari/600.1.4" "www.superior-dentistry.com"
73.173.59.64 - - [15/Nov/2015:15:25:05 -0800] "GET /Bowie-Dentists/images/care2.jpg HTTP/1.1" 200 401250 "http://www.superior-dentistry.com/Bowie-Dentists/Periodontal-Therapy-Maryland.html" "Mozilla/5.0 (iPhone; CPU iPhone OS 9_1 like Mac OS X) AppleWebKit/600.1.4 (KHTML, like Gecko) GSA/9.0.60246 Mobile/13B143 Safari/600.1.4" "www.superior-dentistry.com"
73.173.59.64 - - [15/Nov/2015:15:25:05 -0800] "GET /Bowie-Dentists/images/care5.jpg HTTP/1.1" 200 330601 "http://www.superior-dentistry.com/Bowie-Dentists/Periodontal-Therapy-Maryland.html" "Mozilla/5.0 (iPhone; CPU iPhone OS 9_1 like Mac OS X) AppleWebKit/600.1.4 (KHTML, like Gecko) GSA/9.0.60246 Mobile/13B143 Safari/600.1.4" "www.superior-dentistry.com"
73.173.59.64 - - [15/Nov/2015:15:25:05 -0800] "GET /Bowie-Dentists/images/care4.jpg HTTP/1.1" 200 357042 "http://www.superior-dentistry.com/Bowie-Dentists/Periodontal-Therapy-Maryland.html" "Mozilla/5.0 (iPhone; CPU iPhone OS 9_1 like Mac OS X) AppleWebKit/600.1.4 (KHTML, like Gecko) GSA/9.0.60246 Mobile/13B143 Safari/600.1.4" "www.superior-dentistry.com"
73.173.59.64 - - [15/Nov/2015:15:25:05 -0800] "GET /Bowie-Dentists/images/care6.jpg HTTP/1.1" 200 110316 "http://www.superior-dentistry.com/Bowie-Dentists/Periodontal-Therapy-Maryland.html" "Mozilla/5.0 (iPhone; CPU iPhone OS 9_1 like Mac OS X) AppleWebKit/600.1.4 (KHTML, like Gecko) GSA/9.0.60246 Mobile/13B143 Safari/600.1.4" "www.superior-dentistry.com"
73.173.59.64 - - [15/Nov/2015:15:25:05 -0800] "GET /Bowie-Dentists/images/meetdr1.png HTTP/1.1" 200 50515 "http://www.superior-dentistry.com/Bowie-Dentists/Periodontal-Therapy-Maryland.html" "Mozilla/5.0 (iPhone; CPU iPhone OS 9_1 like Mac OS X) AppleWebKit/600.1.4 (KHTML, like Gecko) GSA/9.0.60246 Mobile/13B143 Safari/600.1.4" "www.superior-dentistry.com"
73.173.59.64 - - [15/Nov/2015:15:25:05 -0800] "GET /Bowie-Dentists/images/meetdr2.png HTTP/1.1" 200 61340 "http://www.superior-dentistry.com/Bowie-Dentists/Periodontal-Therapy-Maryland.html" "Mozilla/5.0 (iPhone; CPU iPhone OS 9_1 like Mac OS X) AppleWebKit/600.1.4 (KHTML, like Gecko) GSA/9.0.60246 Mobile/13B143 Safari/600.1.4" "www.superior-dentistry.com"
73.173.59.64 - - [15/Nov/2015:15:25:05 -0800] "GET /Bowie-Dentists/images/cut-offer.png HTTP/1.1" 200 986 "http://www.superior-dentistry.com/Bowie-Dentists/Periodontal-Therapy-Maryland.html" "Mozilla/5.0 (iPhone; CPU iPhone OS 9_1 like Mac OS X) AppleWebKit/600.1.4 (KHTML, like Gecko) GSA/9.0.60246 Mobile/13B143 Safari/600.1.4" "www.superior-dentistry.com"
73.173.59.64 - - [15/Nov/2015:15:25:05 -0800] "GET /Bowie-Dentists/images/offer-31-05-2014-sonicare-brush.jpg HTTP/1.1" 200 13165 "http://www.superior-dentistry.com/Bowie-Dentists/Periodontal-Therapy-Maryland.html" "Mozilla/5.0 (iPhone; CPU iPhone OS 9_1 like Mac OS X) AppleWebKit/600.1.4 (KHTML, like Gecko) GSA/9.0.60246 Mobile/13B143 Safari/600.1.4" "www.superior-dentistry.com"
73.173.59.64 - - [15/Nov/2015:15:25:06 -0800] "GET /Bowie-Dentists/images/offer-31-05-2014-new-patient.jpg HTTP/1.1" 200 15365 "http://www.superior-dentistry.com/Bowie-Dentists/Periodontal-Therapy-Maryland.html" "Mozilla/5.0 (iPhone; CPU iPhone OS 9_1 like Mac OS X) AppleWebKit/600.1.4 (KHTML, like Gecko) GSA/9.0.60246 Mobile/13B143 Safari/600.1.4" "www.superior-dentistry.com"
73.173.59.64 - - [15/Nov/2015:15:25:06 -0800] "GET /Bowie-Dentists/images/fb.png HTTP/1.1" 200 4397 "http://www.superior-dentistry.com/Bowie-Dentists/Periodontal-Therapy-Maryland.html" "Mozilla/5.0 (iPhone; CPU iPhone OS 9_1 like Mac OS X) AppleWebKit/600.1.4 (KHTML, like Gecko) GSA/9.0.60246 Mobile/13B143 Safari/600.1.4" "www.superior-dentistry.com"
73.173.59.64 - - [15/Nov/2015:15:25:06 -0800] "GET /Bowie-Dentists/images/twitter.png HTTP/1.1" 200 5959 "http://www.superior-dentistry.com/Bowie-Dentists/Periodontal-Therapy-Maryland.html" "Mozilla/5.0 (iPhone; CPU iPhone OS 9_1 like Mac OS X) AppleWebKit/600.1.4 (KHTML, like Gecko) GSA/9.0.60246 Mobile/13B143 Safari/600.1.4" "www.superior-dentistry.com"
73.173.59.64 - - [15/Nov/2015:15:25:06 -0800] "GET /Bowie-Dentists/images/g+.png HTTP/1.1" 200 4861 "http://www.superior-dentistry.com/Bowie-Dentists/Periodontal-Therapy-Maryland.html" "Mozilla/5.0 (iPhone; CPU iPhone OS 9_1 like Mac OS X) AppleWebKit/600.1.4 (KHTML, like Gecko) GSA/9.0.60246 Mobile/13B143 Safari/600.1.4" "www.superior-dentistry.com"
73.173.59.64 - - [15/Nov/2015:15:25:06 -0800] "GET /Bowie-Dentists/images/Pinterest.png HTTP/1.1" 404 89 "http://www.superior-dentistry.com/Bowie-Dentists/Periodontal-Therapy-Maryland.html" "Mozilla/5.0 (iPhone; CPU iPhone OS 9_1 like Mac OS X) AppleWebKit/600.1.4 (KHTML, like Gecko) GSA/9.0.60246 Mobile/13B143 Safari/600.1.4" "www.superior-dentistry.com"
73.173.59.64 - - [15/Nov/2015:15:25:06 -0800] "GET /Bowie-Dentists/carousel/jquery.carouFredSel-6.2.1.js HTTP/1.1" 200 91090 "http://www.superior-dentistry.com/Bowie-Dentists/Periodontal-Therapy-Maryland.html" "Mozilla/5.0 (iPhone; CPU iPhone OS 9_1 like Mac OS X) AppleWebKit/600.1.4 (KHTML, like Gecko) GSA/9.0.60246 Mobile/13B143 Safari/600.1.4" "www.superior-dentistry.com"
73.173.59.64 - - [15/Nov/2015:15:25:06 -0800] "GET /Bowie-Dentists/css/reset.css HTTP/1.1" 200 922 "http://www.superior-dentistry.com/Bowie-Dentists/Periodontal-Therapy-Maryland.html" "Mozilla/5.0 (iPhone; CPU iPhone OS 9_1 like Mac OS X) AppleWebKit/600.1.4 (KHTML, like Gecko) GSA/9.0.60246 Mobile/13B143 Safari/600.1.4" "www.superior-dentistry.com"
73.173.59.64 - - [15/Nov/2015:15:25:06 -0800] "GET /Bowie-Dentists/carousel/jquery-1.8.2.min.js HTTP/1.1" 200 93435 "http://www.superior-dentistry.com/Bowie-Dentists/Periodontal-Therapy-Maryland.html" "Mozilla/5.0 (iPhone; CPU iPhone OS 9_1 like Mac OS X) AppleWebKit/600.1.4 (KHTML, like Gecko) GSA/9.0.60246 Mobile/13B143 Safari/600.1.4" "www.superior-dentistry.com"
73.173.59.64 - - [15/Nov/2015:15:25:06 -0800] "GET /Bowie-Dentists/css/coin-slider.css HTTP/1.1" 200 710 "http://www.superior-dentistry.com/Bowie-Dentists/Periodontal-Therapy-Maryland.html" "Mozilla/5.0 (iPhone; CPU iPhone OS 9_1 like Mac OS X) AppleWebKit/600.1.4 (KHTML, like Gecko) GSA/9.0.60246 Mobile/13B143 Safari/600.1.4" "www.superior-dentistry.com"
73.173.59.64 - - [15/Nov/2015:15:25:06 -0800] "GET /Bowie-Dentists/css/forms.css HTTP/1.1" 200 2909 "http://www.superior-dentistry.com/Bowie-Dentists/Periodontal-Therapy-Maryland.html" "Mozilla/5.0 (iPhone; CPU iPhone OS 9_1 like Mac OS X) AppleWebKit/600.1.4 (KHTML, like Gecko) GSA/9.0.60246 Mobile/13B143 Safari/600.1.4" "www.superior-dentistry.com"
73.173.59.64 - - [15/Nov/2015:15:25:06 -0800] "GET /Bowie-Dentists/css/font/delicious-roman.woff HTTP/1.1" 404 89 "http://www.superior-dentistry.com/Bowie-Dentists/Periodontal-Therapy-Maryland.html" "Mozilla/5.0 (iPhone; CPU iPhone OS 9_1 like Mac OS X) AppleWebKit/600.1.4 (KHTML, like Gecko) GSA/9.0.60246 Mobile/13B143 Safari/600.1.4" "www.superior-dentistry.com"
73.173.59.64 - - [15/Nov/2015:15:25:06 -0800] "GET /Bowie-Dentists/images/Pinterest.png HTTP/1.1" 404 89 "http://www.superior-dentistry.com/Bowie-Dentists/Periodontal-Therapy-Maryland.html" "Mozilla/5.0 (iPhone; CPU iPhone OS 9_1 like Mac OS X) AppleWebKit/600.1.4 (KHTML, like Gecko) GSA/9.0.60246 Mobile/13B143 Safari/600.1.4" "www.superior-dentistry.com"
73.173.59.64 - - [15/Nov/2015:15:25:06 -0800] "GET /Bowie-Dentists/images/logo1.jpg HTTP/1.1" 200 37169 "http://www.superior-dentistry.com/Bowie-Dentists/Periodontal-Therapy-Maryland.html" "Mozilla/5.0 (iPhone; CPU iPhone OS 9_1 like Mac OS X) AppleWebKit/600.1.4 (KHTML, like Gecko) GSA/9.0.60246 Mobile/13B143 Safari/600.1.4" "www.superior-dentistry.com"
73.173.59.64 - - [15/Nov/2015:15:25:06 -0800] "GET /Bowie-Dentists/images/Turquoise-Blue-Waters-Beach.jpg HTTP/1.1" 200 98766 "http://www.superior-dentistry.com/Bowie-Dentists/Periodontal-Therapy-Maryland.html" "Mozilla/5.0 (iPhone; CPU iPhone OS 9_1 like Mac OS X) AppleWebKit/600.1.4 (KHTML, like Gecko) GSA/9.0.60246 Mobile/13B143 Safari/600.1.4" "www.superior-dentistry.com"
73.173.59.64 - - [15/Nov/2015:15:25:06 -0800] "GET /Bowie-Dentists/css/images/overlay.png HTTP/1.1" 404 89 "http://www.superior-dentistry.com/Bowie-Dentists/Periodontal-Therapy-Maryland.html" "Mozilla/5.0 (iPhone; CPU iPhone OS 9_1 like Mac OS X) AppleWebKit/600.1.4 (KHTML, like Gecko) GSA/9.0.60246 Mobile/13B143 Safari/600.1.4" "www.superior-dentistry.com"
73.173.59.64 - - [15/Nov/2015:15:25:06 -0800] "GET /images/Patient-apt-icon2.png HTTP/1.1" 404 89 "http://www.superior-dentistry.com/Bowie-Dentists/Periodontal-Therapy-Maryland.html" "Mozilla/5.0 (iPhone; CPU iPhone OS 9_1 like Mac OS X) AppleWebKit/600.1.4 (KHTML, like Gecko) GSA/9.0.60246 Mobile/13B143 Safari/600.1.4" "www.superior-dentistry.com"
73.173.59.64 - - [15/Nov/2015:15:25:06 -0800] "GET /Bowie-Dentists/css/font/delicious-roman.ttf HTTP/1.1" 404 89 "http://www.superior-dentistry.com/Bowie-Dentists/Periodontal-Therapy-Maryland.html" "Mozilla/5.0 (iPhone; CPU iPhone OS 9_1 like Mac OS X) AppleWebKit/600.1.4 (KHTML, like Gecko) GSA/9.0.60246 Mobile/13B143 Safari/600.1.4" "www.superior-dentistry.com"
73.173.59.64 - - [15/Nov/2015:15:25:07 -0800] "GET /Bowie-Dentists/css/font/delicious-roman.svg HTTP/1.1" 404 89 "http://www.superior-dentistry.com/Bowie-Dentists/Periodontal-Therapy-Maryland.html" "Mozilla/5.0 (iPhone; CPU iPhone OS 9_1 like Mac OS X) AppleWebKit/600.1.4 (KHTML, like Gecko) GSA/9.0.60246 Mobile/13B143 Safari/600.1.4" "www.superior-dentistry.com"
73.173.59.64 - - [15/Nov/2015:15:25:09 -0800] "GET /images/popup-offer.png HTTP/1.1" 404 89 "http://www.superior-dentistry.com/Bowie-Dentists/Periodontal-Therapy-Maryland.html" "Mozilla/5.0 (iPhone; CPU iPhone OS 9_1 like Mac OS X) AppleWebKit/600.1.4 (KHTML, like Gecko) GSA/9.0.60246 Mobile/13B143 Safari/600.1.4" "www.superior-dentistry.com"
73.173.59.64 - - [15/Nov/2015:15:26:13 -0800] "GET /images/popup-offer.png HTTP/1.1" 404 89 "http://www.superior-dentistry.com/Bowie-Dentists/Periodontal-Therapy-Maryland.html" "Mozilla/5.0 (iPhone; CPU iPhone OS 9_1 like Mac OS X) AppleWebKit/600.1.4 (KHTML, like Gecko) GSA/9.0.60246 Mobile/13B143 Safari/600.1.4" "www.superior-dentistry.com"
73.173.59.64 - - [15/Nov/2015:15:26:24 -0800] "GET /Bowie-Dentists/css/font/delicious-roman.svg HTTP/1.1" 404 89 "http://www.superior-dentistry.com/Bowie-Dentists/Periodontal-Therapy-Maryland.html" "Mozilla/5.0 (iPhone; CPU iPhone OS 9_1 like Mac OS X) AppleWebKit/600.1.4 (KHTML, like Gecko) GSA/9.0.60246 Mobile/13B143 Safari/600.1.4" "www.superior-dentistry.com"
73.173.59.64 - - [15/Nov/2015:15:26:24 -0800] "GET /images/popup-offer.png HTTP/1.1" 404 89 "http://www.superior-dentistry.com/Bowie-Dentists/Periodontal-Therapy-Maryland.html" "Mozilla/5.0 (iPhone; CPU iPhone OS 9_1 like Mac OS X) AppleWebKit/600.1.4 (KHTML, like Gecko) GSA/9.0.60246 Mobile/13B143 Safari/600.1.4" "www.superior-dentistry.com"
73.173.59.64 - - [15/Nov/2015:15:26:27 -0800] "GET /Bowie-Dentists/meet-staff.php HTTP/1.1" 200 73 "http://www.superior-dentistry.com/Bowie-Dentists/Periodontal-Therapy-Maryland.html" "Mozilla/5.0 (iPhone; CPU iPhone OS 9_1 like Mac OS X) AppleWebKit/600.1.4 (KHTML, like Gecko) GSA/9.0.60246 Mobile/13B143 Safari/600.1.4" "www.superior-dentistry.com"
73.173.59.64 - - [15/Nov/2015:15:27:59 -0800] "GET /images/popup-offer.png HTTP/1.1" 404 89 "http://www.superior-dentistry.com/Bowie-Dentists/Periodontal-Therapy-Maryland.html" "Mozilla/5.0 (iPhone; CPU iPhone OS 9_1 like Mac OS X) AppleWebKit/600.1.4 (KHTML, like Gecko) GSA/9.0.60246 Mobile/13B143 Safari/600.1.4" "www.superior-dentistry.com"
73.173.59.64 - - [15/Nov/2015:15:28:11 -0800] "GET /index.php HTTP/1.1" 200 73 "http://www.superior-dentistry.com/Bowie-Dentists/Periodontal-Therapy-Maryland.html" "Mozilla/5.0 (iPhone; CPU iPhone OS 9_1 like Mac OS X) AppleWebKit/600.1.4 (KHTML, like Gecko) GSA/9.0.60246 Mobile/13B143 Safari/600.1.4" "www.superior-dentistry.com"
73.173.59.64 - - [15/Nov/2015:15:28:19 -0800] "GET /images/popup-offer.png HTTP/1.1" 404 89 "http://www.superior-dentistry.com/Bowie-Dentists/Periodontal-Therapy-Maryland.html" "Mozilla/5.0 (iPhone; CPU iPhone OS 9_1 like Mac OS X) AppleWebKit/600.1.4 (KHTML, like Gecko) GSA/9.0.60246 Mobile/13B143 Safari/600.1.4" "www.superior-dentistry.com"
73.173.59.64 - - [15/Nov/2015:15:28:59 -0800] "GET /Dentist-Bowie-MD/Periodontal-Services-Maryland-MD.html HTTP/1.1" 200 19779 "http://www.google.com/" "Mozilla/5.0 (iPhone; CPU iPhone OS 9_1 like Mac OS X) AppleWebKit/600.1.4 (KHTML, like Gecko) GSA/9.0.60246 Mobile/13B143 Safari/600.1.4" "www.superior-dentistry.com"
73.173.59.64 - - [15/Nov/2015:15:28:59 -0800] "GET /Dentist-Bowie-MD/css/style.css HTTP/1.1" 200 19818 "http://www.superior-dentistry.com/Dentist-Bowie-MD/Periodontal-Services-Maryland-MD.html" "Mozilla/5.0 (iPhone; CPU iPhone OS 9_1 like Mac OS X) AppleWebKit/600.1.4 (KHTML, like Gecko) GSA/9.0.60246 Mobile/13B143 Safari/600.1.4" "www.superior-dentistry.com"
