40.77.167.64 - - [21/Nov/2015:02:07:14 -0800] "GET /robots.txt HTTP/1.1" 200 49 "-" "Mozilla/5.0 (compatible; bingbot/2.0; +http://www.bing.com/bingbot.htm)" "www.superior-dentistry.com"
40.77.167.64 - - [21/Nov/2015:02:07:57 -0800] "GET / HTTP/1.1" 200 38156 "-" "Mozilla/5.0 (compatible; bingbot/2.0; +http://www.bing.com/bingbot.htm)" "www.superior-dentistry.com"
123.125.71.31 - - [21/Nov/2015:02:20:50 -0800] "GET / HTTP/1.1" 200 38156 "-" "Mozilla/5.0 (compatible; Baiduspider/2.0; +http://www.baidu.com/search/spider.html)" "superior-dentistry.com"
46.118.152.18 - - [21/Nov/2015:02:44:30 -0800] "GET /Bowie-Dentists/ HTTP/1.1" 200 1837 "http://www.zakazvzloma.com/" "Mozilla/5.0 (Windows NT 5.1; U; en) Opera 8.00" "www.superior-dentistry.com"
46.118.152.18 - - [21/Nov/2015:02:44:32 -0800] "GET /Bowie-Dentists/ HTTP/1.1" 200 1837 "http://www.zakazvzloma.com/" "Mozilla/5.0 (Windows NT 5.1; U; en) Opera 8.00" "www.superior-dentistry.com"
208.122.6.102 - - [21/Nov/2015:02:47:01 -0800] "GET / HTTP/1.1" 200 38156 "-" "FreeWebMonitoring SiteChecker/0.2 (+http://www.freewebmonitoring.com/bot.html)" "www.superior-dentistry.com"
199.16.156.126 - - [21/Nov/2015:02:51:33 -0800] "GET /robots.txt HTTP/1.1" 200 49 "-" "Twitterbot/1.0" "www.superior-dentistry.com"
178.137.161.6 - - [21/Nov/2015:03:04:00 -0800] "GET /Bowie-Dentists/ HTTP/1.1" 200 1837 "http://www.hacktougroup.ru/" "Opera/9.00 (Windows NT 5.1; U; en)" "www.superior-dentistry.com"
178.137.161.6 - - [21/Nov/2015:03:04:05 -0800] "GET /Bowie-Dentists/ HTTP/1.1" 200 1837 "http://www.hacktougroup.ru/" "Opera/9.00 (Windows NT 5.1; U; en)" "www.superior-dentistry.com"
199.16.156.125 - - [21/Nov/2015:03:39:32 -0800] "GET /robots.txt HTTP/1.1" 200 49 "-" "Twitterbot/1.0" "www.superior-dentistry.com"
199.16.156.125 - - [21/Nov/2015:03:39:32 -0800] "GET /images/logo1.jpg HTTP/1.1" 404 89 "-" "Twitterbot/1.0" "www.superior-dentistry.com"
221.232.60.21 - - [21/Nov/2015:03:41:22 -0800] "GET /blog.php HTTP/1.1" 200 99736 "-" "Mozilla/5.0 (Windows NT 6.1; Trident/7.0; rv:11.0) like Gecko" "www.superior-dentistry.com"
221.232.60.21 - - [21/Nov/2015:03:41:26 -0800] "POST /blog.php/trackback/ HTTP/1.1" 200 99355 "http://www.superior-dentistry.com/blog.php" "Mozilla/5.0 (Windows NT 6.1; Trident/7.0; rv:11.0) like Gecko" "www.superior-dentistry.com"
192.30.231.231 - - [21/Nov/2015:03:47:43 -0800] "GET /Bowie-Dentists/Preventive-Dentistry-Maryland.html HTTP/1.1" 200 39411 "-" "Java Browser" "www.superior-dentistry.com"
199.16.156.126 - - [21/Nov/2015:04:07:47 -0800] "GET /robots.txt HTTP/1.1" 200 49 "-" "Twitterbot/1.0" "www.superior-dentistry.com"
199.16.156.124 - - [21/Nov/2015:04:07:47 -0800] "GET /robots.txt HTTP/1.1" 200 49 "-" "Twitterbot/1.0" "www.superior-dentistry.com"
199.16.156.126 - - [21/Nov/2015:04:07:47 -0800] "GET /robots.txt HTTP/1.1" 200 49 "-" "Twitterbot/1.0" "www.superior-dentistry.com"
199.16.156.126 - - [21/Nov/2015:04:07:47 -0800] "GET /index.php HTTP/1.1" 200 73 "-" "Twitterbot/1.0" "www.superior-dentistry.com"
46.118.119.48 - - [21/Nov/2015:04:09:33 -0800] "GET /Bowie-Dentists/ HTTP/1.1" 200 1837 "http://vekzdorov.ru/" "Opera/7.11 (Windows NT 5.1; U) [en]" "www.superior-dentistry.com"
180.76.15.142 - - [21/Nov/2015:04:11:26 -0800] "GET /theme.css HTTP/1.1" 200 1926 "-" "Mozilla/5.0 (compatible; Baiduspider/2.0; +http://www.baidu.com/search/spider.html)" "superior-dentistry.com"
78.46.50.246 - - [21/Nov/2015:05:00:54 -0800] "GET /robots.txt HTTP/1.1" 200 49 "-" "Mozilla/5.0 (compatible; MJ12bot/v1.4.5; http://www.majestic12.co.uk/bot.php?+)" "superior-dentistry.com"
78.46.50.246 - - [21/Nov/2015:05:00:55 -0800] "GET /%E2%80%9Dhttp://www.nicedentist.com HTTP/1.1" 404 89 "-" "Mozilla/5.0 (compatible; MJ12bot/v1.4.5; http://www.majestic12.co.uk/bot.php?+)" "superior-dentistry.com"
180.76.15.145 - - [21/Nov/2015:05:03:56 -0800] "GET / HTTP/1.1" 200 38156 "-" "Mozilla/5.0 (compatible; Baiduspider/2.0; +http://www.baidu.com/search/spider.html)" "www.superior-dentistry.com"
199.16.156.126 - - [21/Nov/2015:05:05:27 -0800] "GET /robots.txt HTTP/1.1" 200 49 "-" "Twitterbot/1.0" "www.superior-dentistry.com"
199.16.156.126 - - [21/Nov/2015:05:05:27 -0800] "GET /images/logo1.jpg HTTP/1.1" 404 89 "-" "Twitterbot/1.0" "www.superior-dentistry.com"
65.55.215.39 - - [21/Nov/2015:05:07:00 -0800] "GET /images/mainimg8.jpg HTTP/1.1" 404 89 "-" "msnbot-media/1.1 (+http://search.msn.com/msnbot.htm)" "www.superior-dentistry.com"
107.22.124.153 - - [21/Nov/2015:05:07:38 -0800] "GET /robots.txt HTTP/1.1" 200 49 "-" "voltron" "superior-dentistry.com"
149.202.54.5 - - [21/Nov/2015:05:09:44 -0800] "GET /Bowie-Dentists-Sitemap.html HTTP/1.1" 200 28353 "-" "Mozilla/5.0 (compatible; MJ12bot/v1.4.5; http://www.majestic12.co.uk/bot.php?+)" "superior-dentistry.com"
67.55.84.212 - - [21/Nov/2015:05:11:04 -0800] "GET / HTTP/1.1" 200 38156 "http://www.google.com" "Mozilla/5.0 (X11; Linux x86_64) AppleWebKit/537.36 (KHTML, like Gecko) Chrome/43.0.2357.124 Safari/537.36" "superior-dentistry.com"
46.118.119.48 - - [21/Nov/2015:05:17:28 -0800] "GET /Bowie-Dentists/ HTTP/1.1" 200 1837 "http://www.vzlom-na-zakaz.com/" "Mozilla/4.0 (compatible; MSIE 5.5; Windows NT 5.0; T312461)" "www.superior-dentistry.com"
46.118.119.48 - - [21/Nov/2015:05:17:29 -0800] "GET /Bowie-Dentists/ HTTP/1.1" 200 1837 "http://www.vzlom-na-zakaz.com/" "Mozilla/4.0 (compatible; MSIE 5.5; Windows NT 5.0; T312461)" "www.superior-dentistry.com"
46.118.119.48 - - [21/Nov/2015:05:17:30 -0800] "GET /Bowie-Dentists/ HTTP/1.1" 200 1837 "http://www.vzlom-na-zakaz.com/" "Mozilla/4.0 (compatible; MSIE 5.5; Windows NT 5.0; T312461)" "www.superior-dentistry.com"
208.115.113.85 - - [21/Nov/2015:05:21:47 -0800] "GET /Dentist-Bowie-MD/images/?D=D HTTP/1.1" 200 2816 "-" "Mozilla/5.0 (compatible; DotBot/1.1; http://www.opensiteexplorer.org/dotbot, help@moz.com)" "www.superior-dentistry.com"
62.210.148.233 - - [21/Nov/2015:05:43:51 -0800] "GET /robots.txt HTTP/1.1" 200 49 "-" "Mozilla/5.0 (compatible; MJ12bot/v1.4.5; http://www.majestic12.co.uk/bot.php?+)" "superior-dentistry.com"
62.210.148.233 - - [21/Nov/2015:05:43:53 -0800] "GET /Bowie-Dentists-Sitemap.html HTTP/1.1" 200 28353 "-" "Mozilla/5.0 (compatible; MJ12bot/v1.4.5; http://www.majestic12.co.uk/bot.php?+)" "superior-dentistry.com"
208.122.6.102 - - [21/Nov/2015:05:50:11 -0800] "GET / HTTP/1.1" 200 38156 "-" "FreeWebMonitoring SiteChecker/0.2 (+http://www.freewebmonitoring.com/bot.html)" "www.superior-dentistry.com"
144.76.100.237 - - [21/Nov/2015:06:10:33 -0800] "GET / HTTP/1.1" 200 38156 "-" "Mozilla/5.0 (Windows; U; Windows NT 5.1; en-US; rv:1.8.1.6) Gecko/20070725 Firefox/2.0.0.6 - James BOT - WebCrawler http://cognitiveseo.com/bot.html" "www.superior-dentistry.com"
52.0.238.61 - - [21/Nov/2015:06:11:20 -0800] "GET /robots.txt HTTP/1.1" 200 49 "-" "Mozilla/5.0 (compatible; proximic; +http://www.proximic.com/info/spider.php)" "superior-dentistry.com"
216.81.74.66 - - [21/Nov/2015:06:15:54 -0800] "GET / HTTP/1.1" 200 38156 "-" "=Mozilla/5.0 (Windows; U; Windows NT 6.1; en-US) AppleWebKit/534.16 (KHTML, like Gecko) Chrome/10.0.648.204 Safari/534.16" "superior-dentistry.com"
180.76.15.30 - - [21/Nov/2015:06:36:31 -0800] "GET /js/jquery.easing.1.3.js HTTP/1.1" 404 89 "-" "Mozilla/5.0 (compatible; Baiduspider/2.0; +http://www.baidu.com/search/spider.html)" "superior-dentistry.com"
166.137.244.48 - - [21/Nov/2015:06:42:12 -0800] "GET /css/bootstrap.css HTTP/1.1" 304 - "http://www.superior-dentistry.com/" "Mozilla/5.0 (iPhone; CPU iPhone OS 9_1 like Mac OS X) AppleWebKit/601.1.46 (KHTML, like Gecko) Version/9.0 Mobile/13B143 Safari/601.1" "www.superior-dentistry.com"
166.137.244.48 - - [21/Nov/2015:06:42:12 -0800] "GET /js/ie-emulation-modes-warning.js HTTP/1.1" 200 2132 "http://www.superior-dentistry.com/" "Mozilla/5.0 (iPhone; CPU iPhone OS 9_1 like Mac OS X) AppleWebKit/601.1.46 (KHTML, like Gecko) Version/9.0 Mobile/13B143 Safari/601.1" "www.superior-dentistry.com"
166.137.244.48 - - [21/Nov/2015:06:42:12 -0800] "GET /theme.css HTTP/1.1" 200 1926 "http://www.superior-dentistry.com/" "Mozilla/5.0 (iPhone; CPU iPhone OS 9_1 like Mac OS X) AppleWebKit/601.1.46 (KHTML, like Gecko) Version/9.0 Mobile/13B143 Safari/601.1" "www.superior-dentistry.com"
166.137.244.48 - - [21/Nov/2015:06:42:12 -0800] "GET /img/dental-implants.jpg HTTP/1.1" 200 22844 "http://www.superior-dentistry.com/" "Mozilla/5.0 (iPhone; CPU iPhone OS 9_1 like Mac OS X) AppleWebKit/601.1.46 (KHTML, like Gecko) Version/9.0 Mobile/13B143 Safari/601.1" "www.superior-dentistry.com"
166.137.244.48 - - [21/Nov/2015:06:42:12 -0800] "GET /img/wisdom-teeth-extraction.jpg HTTP/1.1" 200 23758 "http://www.superior-dentistry.com/" "Mozilla/5.0 (iPhone; CPU iPhone OS 9_1 like Mac OS X) AppleWebKit/601.1.46 (KHTML, like Gecko) Version/9.0 Mobile/13B143 Safari/601.1" "www.superior-dentistry.com"
166.137.244.48 - - [21/Nov/2015:06:42:12 -0800] "GET /img/extraction.jpg HTTP/1.1" 200 30135 "http://www.superior-dentistry.com/" "Mozilla/5.0 (iPhone; CPU iPhone OS 9_1 like Mac OS X) AppleWebKit/601.1.46 (KHTML, like Gecko) Version/9.0 Mobile/13B143 Safari/601.1" "www.superior-dentistry.com"
166.137.244.48 - - [21/Nov/2015:06:42:12 -0800] "GET /img/slider3.jpg HTTP/1.1" 200 217901 "http://www.superior-dentistry.com/" "Mozilla/5.0 (iPhone; CPU iPhone OS 9_1 like Mac OS X) AppleWebKit/601.1.46 (KHTML, like Gecko) Version/9.0 Mobile/13B143 Safari/601.1" "www.superior-dentistry.com"
166.137.244.48 - - [21/Nov/2015:06:42:12 -0800] "GET /img/offer-31-05-2014-whitening.jpg HTTP/1.1" 200 15686 "http://www.superior-dentistry.com/" "Mozilla/5.0 (iPhone; CPU iPhone OS 9_1 like Mac OS X) AppleWebKit/601.1.46 (KHTML, like Gecko) Version/9.0 Mobile/13B143 Safari/601.1" "www.superior-dentistry.com"
166.137.244.48 - - [21/Nov/2015:06:42:12 -0800] "GET /img/offer-31-05-2014-new-patient.jpg HTTP/1.1" 200 15365 "http://www.superior-dentistry.com/" "Mozilla/5.0 (iPhone; CPU iPhone OS 9_1 like Mac OS X) AppleWebKit/601.1.46 (KHTML, like Gecko) Version/9.0 Mobile/13B143 Safari/601.1" "www.superior-dentistry.com"
166.137.244.48 - - [21/Nov/2015:06:42:13 -0800] "GET /img/patients-choice-winner-2015.png HTTP/1.1" 200 9818 "http://www.superior-dentistry.com/" "Mozilla/5.0 (iPhone; CPU iPhone OS 9_1 like Mac OS X) AppleWebKit/601.1.46 (KHTML, like Gecko) Version/9.0 Mobile/13B143 Safari/601.1" "www.superior-dentistry.com"
166.137.244.48 - - [21/Nov/2015:06:42:13 -0800] "GET /img/meetdr-ali.jpg HTTP/1.1" 200 60533 "http://www.superior-dentistry.com/" "Mozilla/5.0 (iPhone; CPU iPhone OS 9_1 like Mac OS X) AppleWebKit/601.1.46 (KHTML, like Gecko) Version/9.0 Mobile/13B143 Safari/601.1" "www.superior-dentistry.com"
166.137.244.48 - - [21/Nov/2015:06:42:13 -0800] "GET /img/meetdr-melika.jpg HTTP/1.1" 200 75968 "http://www.superior-dentistry.com/" "Mozilla/5.0 (iPhone; CPU iPhone OS 9_1 like Mac OS X) AppleWebKit/601.1.46 (KHTML, like Gecko) Version/9.0 Mobile/13B143 Safari/601.1" "www.superior-dentistry.com"
166.137.244.48 - - [21/Nov/2015:06:42:13 -0800] "GET /img/offer-31-05-2014-sonicare-brush.jpg HTTP/1.1" 200 13165 "http://www.superior-dentistry.com/" "Mozilla/5.0 (iPhone; CPU iPhone OS 9_1 like Mac OS X) AppleWebKit/601.1.46 (KHTML, like Gecko) Version/9.0 Mobile/13B143 Safari/601.1" "www.superior-dentistry.com"
166.137.244.48 - - [21/Nov/2015:06:42:13 -0800] "GET /img/slider1.jpg HTTP/1.1" 200 268888 "http://www.superior-dentistry.com/" "Mozilla/5.0 (iPhone; CPU iPhone OS 9_1 like Mac OS X) AppleWebKit/601.1.46 (KHTML, like Gecko) Version/9.0 Mobile/13B143 Safari/601.1" "www.superior-dentistry.com"
166.137.244.48 - - [21/Nov/2015:06:42:13 -0800] "GET /img/jaw-surgery.jpg HTTP/1.1" 200 27058 "http://www.superior-dentistry.com/" "Mozilla/5.0 (iPhone; CPU iPhone OS 9_1 like Mac OS X) AppleWebKit/601.1.46 (KHTML, like Gecko) Version/9.0 Mobile/13B143 Safari/601.1" "www.superior-dentistry.com"
166.137.244.48 - - [21/Nov/2015:06:42:13 -0800] "GET /img/meetdr-melika.jpg HTTP/1.1" 200 75968 "http://www.superior-dentistry.com/" "Mozilla/5.0 (iPhone; CPU iPhone OS 9_1 like Mac OS X) AppleWebKit/601.1.46 (KHTML, like Gecko) Version/9.0 Mobile/13B143 Safari/601.1" "www.superior-dentistry.com"
65.36.241.48 - - [21/Nov/2015:06:50:58 -0800] "HEAD / HTTP/1.1" 200 0 "-" "InternetSeer.com" "www.superior-dentistry.com"
208.122.6.102 - - [21/Nov/2015:06:52:59 -0800] "GET / HTTP/1.1" 200 38156 "-" "FreeWebMonitoring SiteChecker/0.2 (+http://www.freewebmonitoring.com/bot.html)" "www.superior-dentistry.com"
173.252.90.244 - - [21/Nov/2015:06:59:04 -0800] "GET /images/care5.jpg HTTP/1.1" 404 89 "-" "facebookexternalhit/1.1 (+http://www.facebook.com/externalhit_uatext.php)" "www.superior-dentistry.com"
173.252.88.95 - - [21/Nov/2015:06:59:06 -0800] "GET /images/care2.jpg HTTP/1.1" 404 89 "-" "facebookexternalhit/1.1 (+http://www.facebook.com/externalhit_uatext.php)" "www.superior-dentistry.com"
173.252.88.89 - - [21/Nov/2015:06:59:10 -0800] "GET /images/care2.jpg HTTP/1.1" 404 89 "-" "facebookexternalhit/1.1 (+http://www.facebook.com/externalhit_uatext.php)" "www.superior-dentistry.com"
173.252.88.88 - - [21/Nov/2015:06:59:12 -0800] "GET /images/care2.jpg HTTP/1.1" 404 89 "-" "facebookexternalhit/1.1 (+http://www.facebook.com/externalhit_uatext.php)" "www.superior-dentistry.com"
157.55.39.91 - - [21/Nov/2015:07:15:12 -0800] "GET /services.html HTTP/1.1" 200 34114 "-" "Mozilla/5.0 (compatible; bingbot/2.0; +http://www.bing.com/bingbot.htm)" "www.superior-dentistry.com"
199.16.156.126 - - [21/Nov/2015:07:24:00 -0800] "GET /robots.txt HTTP/1.1" 200 49 "-" "Twitterbot/1.0" "www.superior-dentistry.com"
208.115.111.69 - - [21/Nov/2015:07:38:00 -0800] "GET /robots.txt HTTP/1.1" 200 49 "-" "Mozilla/5.0 (compatible; DotBot/1.1; http://www.opensiteexplorer.org/dotbot, help@moz.com)" "www.superior-dentistry.com"
208.122.6.102 - - [21/Nov/2015:07:54:07 -0800] "GET / HTTP/1.1" 200 38156 "-" "FreeWebMonitoring SiteChecker/0.2 (+http://www.freewebmonitoring.com/bot.html)" "www.superior-dentistry.com"
66.249.64.162 - - [21/Nov/2015:08:06:50 -0800] "GET /index.php HTTP/1.1" 200 73 "-" "Mozilla/5.0 (iPhone; CPU iPhone OS 8_3 like Mac OS X) AppleWebKit/600.1.4 (KHTML, like Gecko) Version/8.0 Mobile/12F70 Safari/600.1.4 (compatible; Googlebot/2.1; +http://www.google.com/bot.html)" "www.superior-dentistry.com"
208.122.6.102 - - [21/Nov/2015:08:55:56 -0800] "GET / HTTP/1.1" 200 38156 "-" "FreeWebMonitoring SiteChecker/0.2 (+http://www.freewebmonitoring.com/bot.html)" "www.superior-dentistry.com"
208.115.111.69 - - [21/Nov/2015:09:29:49 -0800] "GET /Dentist-Bowie-MD/images/?S=D HTTP/1.1" 200 2816 "-" "Mozilla/5.0 (compatible; DotBot/1.1; http://www.opensiteexplorer.org/dotbot, help@moz.com)" "www.superior-dentistry.com"
151.80.31.118 - - [21/Nov/2015:09:45:42 -0800] "GET /Bowie-Dentists/Childrens-Dentistry-Maryland.html HTTP/1.1" 200 39945 "-" "Mozilla/5.0 (compatible; AhrefsBot/5.0; +http://ahrefs.com/robot/)" "www.superior-dentistry.com"
157.55.39.167 - - [21/Nov/2015:09:48:49 -0800] "GET /Dentists-Bowie-MD.html HTTP/1.1" 200 38040 "-" "Mozilla/5.0 (compatible; bingbot/2.0; +http://www.bing.com/bingbot.htm)" "www.superior-dentistry.com"
162.119.240.70 - - [21/Nov/2015:09:51:24 -0800] "GET / HTTP/1.1" 200 38156 "http://m.yelp.com/biz_redir?url=http%3A%2F%2Fwww.superior-dentistry.com&src_bizid=Ff2QF64ZMKlRUOWckZqSMg&cachebuster=1448128205&s=26111e5dac96ee1964f7ce6a07a2c6a59ba1c8f11762c71f9c0286d7f04a3680" "Mozilla/5.0 (Linux; Android 5.1.1; SM-P607T Build/LMY47X) AppleWebKit/537.36 (KHTML, like Gecko) Chrome/46.0.2490.76 Safari/537.36" "www.superior-dentistry.com"
162.119.240.70 - - [21/Nov/2015:09:51:24 -0800] "GET /js/ie-emulation-modes-warning.js HTTP/1.1" 200 2132 "http://www.superior-dentistry.com/" "Mozilla/5.0 (Linux; Android 5.1.1; SM-P607T Build/LMY47X) AppleWebKit/537.36 (KHTML, like Gecko) Chrome/46.0.2490.76 Safari/537.36" "www.superior-dentistry.com"
162.119.240.70 - - [21/Nov/2015:09:51:24 -0800] "GET /css/bootstrap-theme.css HTTP/1.1" 200 19156 "http://www.superior-dentistry.com/" "Mozilla/5.0 (Linux; Android 5.1.1; SM-P607T Build/LMY47X) AppleWebKit/537.36 (KHTML, like Gecko) Chrome/46.0.2490.76 Safari/537.36" "www.superior-dentistry.com"
162.119.240.70 - - [21/Nov/2015:09:51:24 -0800] "GET /js/bootstrap.min.js HTTP/1.1" 200 35601 "http://www.superior-dentistry.com/" "Mozilla/5.0 (Linux; Android 5.1.1; SM-P607T Build/LMY47X) AppleWebKit/537.36 (KHTML, like Gecko) Chrome/46.0.2490.76 Safari/537.36" "www.superior-dentistry.com"
162.119.240.70 - - [21/Nov/2015:09:51:24 -0800] "GET /css/bootstrap.css HTTP/1.1" 200 138415 "http://www.superior-dentistry.com/" "Mozilla/5.0 (Linux; Android 5.1.1; SM-P607T Build/LMY47X) AppleWebKit/537.36 (KHTML, like Gecko) Chrome/46.0.2490.76 Safari/537.36" "www.superior-dentistry.com"
162.119.240.70 - - [21/Nov/2015:09:51:24 -0800] "GET /js/docs.min.js HTTP/1.1" 200 43299 "http://www.superior-dentistry.com/" "Mozilla/5.0 (Linux; Android 5.1.1; SM-P607T Build/LMY47X) AppleWebKit/537.36 (KHTML, like Gecko) Chrome/46.0.2490.76 Safari/537.36" "www.superior-dentistry.com"
162.119.240.70 - - [21/Nov/2015:09:51:24 -0800] "GET /js/ie10-viewport-bug-workaround.js HTTP/1.1" 200 694 "http://www.superior-dentistry.com/" "Mozilla/5.0 (Linux; Android 5.1.1; SM-P607T Build/LMY47X) AppleWebKit/537.36 (KHTML, like Gecko) Chrome/46.0.2490.76 Safari/537.36" "www.superior-dentistry.com"
162.119.240.70 - - [21/Nov/2015:09:51:24 -0800] "GET /img/wisdom-teeth-extraction.jpg HTTP/1.1" 200 23758 "http://www.superior-dentistry.com/" "Mozilla/5.0 (Linux; Android 5.1.1; SM-P607T Build/LMY47X) AppleWebKit/537.36 (KHTML, like Gecko) Chrome/46.0.2490.76 Safari/537.36" "www.superior-dentistry.com"
162.119.240.70 - - [21/Nov/2015:09:51:24 -0800] "GET /img/oral-pathology.jpg HTTP/1.1" 200 33395 "http://www.superior-dentistry.com/" "Mozilla/5.0 (Linux; Android 5.1.1; SM-P607T Build/LMY47X) AppleWebKit/537.36 (KHTML, like Gecko) Chrome/46.0.2490.76 Safari/537.36" "www.superior-dentistry.com"
162.119.240.70 - - [21/Nov/2015:09:51:24 -0800] "GET /img/dental-implants.jpg HTTP/1.1" 200 22844 "http://www.superior-dentistry.com/" "Mozilla/5.0 (Linux; Android 5.1.1; SM-P607T Build/LMY47X) AppleWebKit/537.36 (KHTML, like Gecko) Chrome/46.0.2490.76 Safari/537.36" "www.superior-dentistry.com"
162.119.240.70 - - [21/Nov/2015:09:51:24 -0800] "GET /img/logo.jpg HTTP/1.1" 200 139628 "http://www.superior-dentistry.com/" "Mozilla/5.0 (Linux; Android 5.1.1; SM-P607T Build/LMY47X) AppleWebKit/537.36 (KHTML, like Gecko) Chrome/46.0.2490.76 Safari/537.36" "www.superior-dentistry.com"
162.119.240.70 - - [21/Nov/2015:09:51:24 -0800] "GET /img/extraction.jpg HTTP/1.1" 200 30135 "http://www.superior-dentistry.com/" "Mozilla/5.0 (Linux; Android 5.1.1; SM-P607T Build/LMY47X) AppleWebKit/537.36 (KHTML, like Gecko) Chrome/46.0.2490.76 Safari/537.36" "www.superior-dentistry.com"
162.119.240.70 - - [21/Nov/2015:09:51:24 -0800] "GET /img/tmj-trauma.jpg HTTP/1.1" 200 22488 "http://www.superior-dentistry.com/" "Mozilla/5.0 (Linux; Android 5.1.1; SM-P607T Build/LMY47X) AppleWebKit/537.36 (KHTML, like Gecko) Chrome/46.0.2490.76 Safari/537.36" "www.superior-dentistry.com"
162.119.240.70 - - [21/Nov/2015:09:51:24 -0800] "GET /fonts/fontawesome-webfont.woff2?v=4.3.0 HTTP/1.1" 200 56780 "http://www.superior-dentistry.com/css/font-awesome.css" "Mozilla/5.0 (Linux; Android 5.1.1; SM-P607T Build/LMY47X) AppleWebKit/537.36 (KHTML, like Gecko) Chrome/46.0.2490.76 Safari/537.36" "www.superior-dentistry.com"
162.119.240.70 - - [21/Nov/2015:09:51:24 -0800] "GET /img/slider2.jpg HTTP/1.1" 200 345766 "http://www.superior-dentistry.com/" "Mozilla/5.0 (Linux; Android 5.1.1; SM-P607T Build/LMY47X) AppleWebKit/537.36 (KHTML, like Gecko) Chrome/46.0.2490.76 Safari/537.36" "www.superior-dentistry.com"
162.119.240.70 - - [21/Nov/2015:09:51:25 -0800] "GET /img/meetdr-melika.jpg HTTP/1.1" 200 75968 "http://www.superior-dentistry.com/" "Mozilla/5.0 (Linux; Android 5.1.1; SM-P607T Build/LMY47X) AppleWebKit/537.36 (KHTML, like Gecko) Chrome/46.0.2490.76 Safari/537.36" "www.superior-dentistry.com"
162.119.240.70 - - [21/Nov/2015:09:51:25 -0800] "GET /img/meetdr-ali.jpg HTTP/1.1" 200 60533 "http://www.superior-dentistry.com/" "Mozilla/5.0 (Linux; Android 5.1.1; SM-P607T Build/LMY47X) AppleWebKit/537.36 (KHTML, like Gecko) Chrome/46.0.2490.76 Safari/537.36" "www.superior-dentistry.com"
162.119.240.70 - - [21/Nov/2015:09:51:25 -0800] "GET /img/slider3.jpg HTTP/1.1" 200 217901 "http://www.superior-dentistry.com/" "Mozilla/5.0 (Linux; Android 5.1.1; SM-P607T Build/LMY47X) AppleWebKit/537.36 (KHTML, like Gecko) Chrome/46.0.2490.76 Safari/537.36" "www.superior-dentistry.com"
162.119.240.70 - - [21/Nov/2015:09:51:25 -0800] "GET /img/offer-31-05-2014-sonicare-brush.jpg HTTP/1.1" 200 13165 "http://www.superior-dentistry.com/" "Mozilla/5.0 (Linux; Android 5.1.1; SM-P607T Build/LMY47X) AppleWebKit/537.36 (KHTML, like Gecko) Chrome/46.0.2490.76 Safari/537.36" "www.superior-dentistry.com"
162.119.240.70 - - [21/Nov/2015:09:51:25 -0800] "GET /img/offer-31-05-2014-new-patient.jpg HTTP/1.1" 200 15365 "http://www.superior-dentistry.com/" "Mozilla/5.0 (Linux; Android 5.1.1; SM-P607T Build/LMY47X) AppleWebKit/537.36 (KHTML, like Gecko) Chrome/46.0.2490.76 Safari/537.36" "www.superior-dentistry.com"
162.119.240.70 - - [21/Nov/2015:09:51:25 -0800] "GET /img/patients-choice-winner-2015.png HTTP/1.1" 200 9818 "http://www.superior-dentistry.com/" "Mozilla/5.0 (Linux; Android 5.1.1; SM-P607T Build/LMY47X) AppleWebKit/537.36 (KHTML, like Gecko) Chrome/46.0.2490.76 Safari/537.36" "www.superior-dentistry.com"
162.119.240.70 - - [21/Nov/2015:09:51:26 -0800] "GET /img/zocdoc-apt.jpg HTTP/1.1" 200 79396 "http://www.superior-dentistry.com/" "Mozilla/5.0 (Linux; Android 5.1.1; SM-P607T Build/LMY47X) AppleWebKit/537.36 (KHTML, like Gecko) Chrome/46.0.2490.76 Safari/537.36" "www.superior-dentistry.com"
162.119.240.70 - - [21/Nov/2015:09:51:29 -0800] "GET /favicon.ico HTTP/1.1" 200 688 "http://www.superior-dentistry.com/" "Mozilla/5.0 (Linux; Android 5.1.1; SM-P607T Build/LMY47X) AppleWebKit/537.36 (KHTML, like Gecko) Chrome/46.0.2490.76 Safari/537.36" "www.superior-dentistry.com"
162.119.240.70 - - [21/Nov/2015:09:52:40 -0800] "GET /services.html HTTP/1.1" 200 34114 "http://www.superior-dentistry.com/" "Mozilla/5.0 (Linux; Android 5.1.1; SM-P607T Build/LMY47X) AppleWebKit/537.36 (KHTML, like Gecko) Chrome/46.0.2490.76 Safari/537.36" "www.superior-dentistry.com"
162.119.240.70 - - [21/Nov/2015:09:52:40 -0800] "GET /img/doctor-achievement.jpg HTTP/1.1" 200 200838 "http://www.superior-dentistry.com/services.html" "Mozilla/5.0 (Linux; Android 5.1.1; SM-P607T Build/LMY47X) AppleWebKit/537.36 (KHTML, like Gecko) Chrome/46.0.2490.76 Safari/537.36" "www.superior-dentistry.com"
162.119.240.70 - - [21/Nov/2015:09:52:40 -0800] "GET /img/invisalign.jpg HTTP/1.1" 200 142640 "http://www.superior-dentistry.com/services.html" "Mozilla/5.0 (Linux; Android 5.1.1; SM-P607T Build/LMY47X) AppleWebKit/537.36 (KHTML, like Gecko) Chrome/46.0.2490.76 Safari/537.36" "www.superior-dentistry.com"
162.119.240.70 - - [21/Nov/2015:09:52:40 -0800] "GET /img/dentures.jpg HTTP/1.1" 200 126240 "http://www.superior-dentistry.com/services.html" "Mozilla/5.0 (Linux; Android 5.1.1; SM-P607T Build/LMY47X) AppleWebKit/537.36 (KHTML, like Gecko) Chrome/46.0.2490.76 Safari/537.36" "www.superior-dentistry.com"
162.119.240.70 - - [21/Nov/2015:09:52:40 -0800] "GET /img/dental-extractions.jpg HTTP/1.1" 200 165246 "http://www.superior-dentistry.com/services.html" "Mozilla/5.0 (Linux; Android 5.1.1; SM-P607T Build/LMY47X) AppleWebKit/537.36 (KHTML, like Gecko) Chrome/46.0.2490.76 Safari/537.36" "www.superior-dentistry.com"
162.119.240.70 - - [21/Nov/2015:09:52:40 -0800] "GET /img/periodontalsurgery.jpg HTTP/1.1" 200 56963 "http://www.superior-dentistry.com/services.html" "Mozilla/5.0 (Linux; Android 5.1.1; SM-P607T Build/LMY47X) AppleWebKit/537.36 (KHTML, like Gecko) Chrome/46.0.2490.76 Safari/537.36" "www.superior-dentistry.com"
162.119.240.70 - - [21/Nov/2015:09:52:40 -0800] "GET /img/endodontia-root-canal-treatment.jpg HTTP/1.1" 200 126762 "http://www.superior-dentistry.com/services.html" "Mozilla/5.0 (Linux; Android 5.1.1; SM-P607T Build/LMY47X) AppleWebKit/537.36 (KHTML, like Gecko) Chrome/46.0.2490.76 Safari/537.36" "www.superior-dentistry.com"
162.119.240.70 - - [21/Nov/2015:09:52:41 -0800] "GET /img/Teeth-Whitening1.jpg HTTP/1.1" 200 150063 "http://www.superior-dentistry.com/services.html" "Mozilla/5.0 (Linux; Android 5.1.1; SM-P607T Build/LMY47X) AppleWebKit/537.36 (KHTML, like Gecko) Chrome/46.0.2490.76 Safari/537.36" "www.superior-dentistry.com"
162.119.240.70 - - [21/Nov/2015:09:52:41 -0800] "GET /img/care3.jpg HTTP/1.1" 200 62411 "http://www.superior-dentistry.com/services.html" "Mozilla/5.0 (Linux; Android 5.1.1; SM-P607T Build/LMY47X) AppleWebKit/537.36 (KHTML, like Gecko) Chrome/46.0.2490.76 Safari/537.36" "www.superior-dentistry.com"
162.119.240.70 - - [21/Nov/2015:09:52:41 -0800] "GET /img/bridges-dentist-md.jpg HTTP/1.1" 200 67242 "http://www.superior-dentistry.com/services.html" "Mozilla/5.0 (Linux; Android 5.1.1; SM-P607T Build/LMY47X) AppleWebKit/537.36 (KHTML, like Gecko) Chrome/46.0.2490.76 Safari/537.36" "www.superior-dentistry.com"
162.119.240.70 - - [21/Nov/2015:09:52:41 -0800] "GET /img/SnapOnSmile.jpg HTTP/1.1" 200 71471 "http://www.superior-dentistry.com/services.html" "Mozilla/5.0 (Linux; Android 5.1.1; SM-P607T Build/LMY47X) AppleWebKit/537.36 (KHTML, like Gecko) Chrome/46.0.2490.76 Safari/537.36" "www.superior-dentistry.com"
162.119.240.70 - - [21/Nov/2015:09:52:41 -0800] "GET /img/night-guard.jpg HTTP/1.1" 200 106940 "http://www.superior-dentistry.com/services.html" "Mozilla/5.0 (Linux; Android 5.1.1; SM-P607T Build/LMY47X) AppleWebKit/537.36 (KHTML, like Gecko) Chrome/46.0.2490.76 Safari/537.36" "www.superior-dentistry.com"
162.119.240.70 - - [21/Nov/2015:09:52:41 -0800] "GET /img/Lumineers.jpg HTTP/1.1" 200 70250 "http://www.superior-dentistry.com/services.html" "Mozilla/5.0 (Linux; Android 5.1.1; SM-P607T Build/LMY47X) AppleWebKit/537.36 (KHTML, like Gecko) Chrome/46.0.2490.76 Safari/537.36" "www.superior-dentistry.com"
162.119.240.70 - - [21/Nov/2015:09:52:41 -0800] "GET /img/white_composite_filling.jpg HTTP/1.1" 200 105229 "http://www.superior-dentistry.com/services.html" "Mozilla/5.0 (Linux; Android 5.1.1; SM-P607T Build/LMY47X) AppleWebKit/537.36 (KHTML, like Gecko) Chrome/46.0.2490.76 Safari/537.36" "www.superior-dentistry.com"
162.119.240.70 - - [21/Nov/2015:09:52:41 -0800] "GET /img/implant-before-and-after.jpg HTTP/1.1" 200 122702 "http://www.superior-dentistry.com/services.html" "Mozilla/5.0 (Linux; Android 5.1.1; SM-P607T Build/LMY47X) AppleWebKit/537.36 (KHTML, like Gecko) Chrome/46.0.2490.76 Safari/537.36" "www.superior-dentistry.com"
162.119.240.70 - - [21/Nov/2015:09:52:41 -0800] "GET /img/porcelain-veneers.jpg HTTP/1.1" 200 151567 "http://www.superior-dentistry.com/services.html" "Mozilla/5.0 (Linux; Android 5.1.1; SM-P607T Build/LMY47X) AppleWebKit/537.36 (KHTML, like Gecko) Chrome/46.0.2490.76 Safari/537.36" "www.superior-dentistry.com"
199.16.156.126 - - [21/Nov/2015:09:52:44 -0800] "GET /robots.txt HTTP/1.1" 200 49 "-" "Twitterbot/1.0" "www.superior-dentistry.com"
199.16.156.126 - - [21/Nov/2015:09:52:44 -0800] "GET /images/logo1.jpg HTTP/1.1" 404 89 "-" "Twitterbot/1.0" "www.superior-dentistry.com"
199.59.148.209 - - [21/Nov/2015:09:53:00 -0800] "GET /robots.txt HTTP/1.1" 200 49 "-" "Twitterbot/1.0" "www.superior-dentistry.com"
199.59.148.209 - - [21/Nov/2015:09:53:00 -0800] "GET /images/logo1.jpg HTTP/1.1" 404 89 "-" "Twitterbot/1.0" "www.superior-dentistry.com"
208.122.6.102 - - [21/Nov/2015:09:57:28 -0800] "GET / HTTP/1.1" 200 38156 "-" "FreeWebMonitoring SiteChecker/0.2 (+http://www.freewebmonitoring.com/bot.html)" "www.superior-dentistry.com"
157.55.39.35 - - [21/Nov/2015:10:56:52 -0800] "GET /robots.txt HTTP/1.1" 200 49 "-" "Mozilla/5.0 (compatible; bingbot/2.0; +http://www.bing.com/bingbot.htm)" "www.superior-dentistry.com"
208.122.6.102 - - [21/Nov/2015:10:59:24 -0800] "GET / HTTP/1.1" 200 38156 "-" "FreeWebMonitoring SiteChecker/0.2 (+http://www.freewebmonitoring.com/bot.html)" "www.superior-dentistry.com"
27.159.225.19 - - [21/Nov/2015:11:21:26 -0800] "GET /blog.php HTTP/1.1" 200 99736 "-" "Mozilla/5.0 (Windows NT 6.1; Trident/7.0; rv:11.0) like Gecko" "www.superior-dentistry.com"
208.122.6.102 - - [21/Nov/2015:12:01:34 -0800] "GET / HTTP/1.1" 200 38156 "-" "FreeWebMonitoring SiteChecker/0.2 (+http://www.freewebmonitoring.com/bot.html)" "www.superior-dentistry.com"
180.76.15.158 - - [21/Nov/2015:12:09:45 -0800] "GET /Dentist-Bowie-MD/js/PIE.htc HTTP/1.1" 200 40673 "-" "Mozilla/5.0 (compatible; Baiduspider/2.0; +http://www.baidu.com/search/spider.html)" "www.superior-dentistry.com"
66.249.64.162 - - [21/Nov/2015:12:15:20 -0800] "GET /index.php HTTP/1.1" 200 73 "-" "Mozilla/5.0 (compatible; Googlebot/2.1; +http://www.google.com/bot.html)" "www.superior-dentistry.com"
50.248.12.210 - - [21/Nov/2015:12:21:04 -0800] "GET /firstvisit.html HTTP/1.1" 200 24042 "http://www.superior-dentistry.com" "Mozilla/5.0 (Windows NT 6.3; WOW64) AppleWebKit/537.36 (KHTML, like Gecko) Chrome/34.0.1847.137 Safari/537.36" "www.superior-dentistry.com"
199.16.156.126 - - [21/Nov/2015:12:56:59 -0800] "GET /robots.txt HTTP/1.1" 200 49 "-" "Twitterbot/1.0" "www.superior-dentistry.com"
199.16.156.126 - - [21/Nov/2015:12:56:59 -0800] "GET /images/logo1.jpg HTTP/1.1" 404 89 "-" "Twitterbot/1.0" "www.superior-dentistry.com"
208.122.6.102 - - [21/Nov/2015:13:02:29 -0800] "GET / HTTP/1.1" 200 38156 "-" "FreeWebMonitoring SiteChecker/0.2 (+http://www.freewebmonitoring.com/bot.html)" "www.superior-dentistry.com"
37.115.191.181 - - [21/Nov/2015:13:11:25 -0800] "GET /Bowie-Dentists/ HTTP/1.1" 200 1837 "http://gk-atlant.info/" "Mozilla/2.0 (compatible; MSIE 3.02; Windows CE; 240x320)" "www.superior-dentistry.com"
37.115.191.181 - - [21/Nov/2015:13:11:29 -0800] "GET /Bowie-Dentists/ HTTP/1.1" 200 1837 "http://gk-atlant.info/" "Mozilla/2.0 (compatible; MSIE 3.02; Windows CE; 240x320)" "www.superior-dentistry.com"
208.115.113.85 - - [21/Nov/2015:13:25:05 -0800] "GET /robots.txt HTTP/1.1" 200 49 "-" "Mozilla/5.0 (compatible; DotBot/1.1; http://www.opensiteexplorer.org/dotbot, help@moz.com)" "www.superior-dentistry.com"
157.55.39.35 - - [21/Nov/2015:13:41:45 -0800] "GET /robots.txt HTTP/1.1" 200 49 "-" "Mozilla/5.0 (compatible; bingbot/2.0; +http://www.bing.com/bingbot.htm)" "www.superior-dentistry.com"
180.76.15.162 - - [21/Nov/2015:14:00:45 -0800] "GET /Dentistry-Maryland-MD.html HTTP/1.1" 200 31039 "-" "Mozilla/5.0 (compatible; Baiduspider/2.0; +http://www.baidu.com/search/spider.html)" "www.superior-dentistry.com"
208.122.6.102 - - [21/Nov/2015:14:03:46 -0800] "GET / HTTP/1.1" 200 38156 "-" "FreeWebMonitoring SiteChecker/0.2 (+http://www.freewebmonitoring.com/bot.html)" "www.superior-dentistry.com"
54.187.209.40 - - [21/Nov/2015:14:04:18 -0800] "GET /robots.txt HTTP/1.1" 200 49 "-" "Thumbtack-Thunderdome/1.0" "www.superior-dentistry.com"
54.187.209.40 - - [21/Nov/2015:14:04:19 -0800] "GET / HTTP/1.1" 200 38156 "-" "Thumbtack-Thunderdome/1.0" "www.superior-dentistry.com"
54.187.209.40 - - [21/Nov/2015:14:04:21 -0800] "GET /index.html HTTP/1.1" 200 38156 "-" "Thumbtack-Thunderdome/1.0" "www.superior-dentistry.com"
54.187.209.40 - - [21/Nov/2015:14:04:23 -0800] "GET /meet-staff.html HTTP/1.1" 200 22166 "-" "Thumbtack-Thunderdome/1.0" "www.superior-dentistry.com"
54.187.209.40 - - [21/Nov/2015:14:04:24 -0800] "GET /services.html HTTP/1.1" 200 34114 "-" "Thumbtack-Thunderdome/1.0" "www.superior-dentistry.com"
54.187.209.40 - - [21/Nov/2015:14:04:26 -0800] "GET /firstvisit.html HTTP/1.1" 200 24042 "-" "Thumbtack-Thunderdome/1.0" "www.superior-dentistry.com"
54.187.209.40 - - [21/Nov/2015:14:04:28 -0800] "GET /Patient-Before-After-Gallery.html HTTP/1.1" 200 23787 "-" "Thumbtack-Thunderdome/1.0" "www.superior-dentistry.com"
54.187.209.40 - - [21/Nov/2015:14:04:31 -0800] "GET /blog.php HTTP/1.1" 200 99736 "-" "Thumbtack-Thunderdome/1.0" "www.superior-dentistry.com"
54.187.209.40 - - [21/Nov/2015:14:04:38 -0800] "GET /contact-us.php HTTP/1.1" 200 73 "-" "Thumbtack-Thunderdome/1.0" "www.superior-dentistry.com"
54.187.209.40 - - [21/Nov/2015:14:04:40 -0800] "GET /firstvisit.php HTTP/1.1" 200 73 "-" "Thumbtack-Thunderdome/1.0" "www.superior-dentistry.com"
54.187.209.40 - - [21/Nov/2015:14:04:42 -0800] "GET /testimonials.html HTTP/1.1" 200 24783 "-" "Thumbtack-Thunderdome/1.0" "www.superior-dentistry.com"
54.187.209.40 - - [21/Nov/2015:14:04:44 -0800] "GET /testimonial.html HTTP/1.1" 404 89 "-" "Thumbtack-Thunderdome/1.0" "www.superior-dentistry.com"
54.187.209.40 - - [21/Nov/2015:14:04:46 -0800] "GET / HTTP/1.1" 200 38156 "-" "Thumbtack-Thunderdome/1.0" "www.superior-dentistry.com"
54.187.209.40 - - [21/Nov/2015:14:04:49 -0800] "GET /services.php HTTP/1.1" 200 73 "-" "Thumbtack-Thunderdome/1.0" "www.superior-dentistry.com"
54.187.209.40 - - [21/Nov/2015:14:04:51 -0800] "GET /Dentist-Bowie-MD/Dental-Implants-Maryland-MD.html HTTP/1.1" 200 33055 "-" "Thumbtack-Thunderdome/1.0" "www.superior-dentistry.com"
54.187.209.40 - - [21/Nov/2015:14:04:53 -0800] "GET /Dentists-Bowie-MD.html HTTP/1.1" 200 38040 "-" "Thumbtack-Thunderdome/1.0" "www.superior-dentistry.com"
54.187.209.40 - - [21/Nov/2015:14:04:55 -0800] "GET /index.php HTTP/1.1" 200 73 "-" "Thumbtack-Thunderdome/1.0" "www.superior-dentistry.com"
54.187.209.40 - - [21/Nov/2015:14:04:57 -0800] "GET /Dental-Links.html HTTP/1.1" 200 27636 "-" "Thumbtack-Thunderdome/1.0" "www.superior-dentistry.com"
54.187.209.40 - - [21/Nov/2015:14:05:01 -0800] "GET /dental-implants.html HTTP/1.1" 404 89 "-" "Thumbtack-Thunderdome/1.0" "www.superior-dentistry.com"
54.187.209.40 - - [21/Nov/2015:14:05:05 -0800] "GET /wisdom-teeth.html HTTP/1.1" 404 89 "-" "Thumbtack-Thunderdome/1.0" "www.superior-dentistry.com"
54.187.209.40 - - [21/Nov/2015:14:05:07 -0800] "GET /extractions.html HTTP/1.1" 404 89 "-" "Thumbtack-Thunderdome/1.0" "www.superior-dentistry.com"
54.187.209.40 - - [21/Nov/2015:14:05:09 -0800] "GET /orthognathic-jaw-surgery.html HTTP/1.1" 404 89 "-" "Thumbtack-Thunderdome/1.0" "www.superior-dentistry.com"
54.187.209.40 - - [21/Nov/2015:14:05:11 -0800] "GET /oral-pathology.html HTTP/1.1" 404 89 "-" "Thumbtack-Thunderdome/1.0" "www.superior-dentistry.com"
54.187.209.40 - - [21/Nov/2015:14:05:12 -0800] "GET /tmj-disorder.html HTTP/1.1" 404 89 "-" "Thumbtack-Thunderdome/1.0" "www.superior-dentistry.com"
54.187.209.40 - - [21/Nov/2015:14:05:14 -0800] "GET /treatment.php HTTP/1.1" 200 21262 "-" "Thumbtack-Thunderdome/1.0" "www.superior-dentistry.com"
54.187.209.40 - - [21/Nov/2015:14:05:16 -0800] "GET /patient.html HTTP/1.1" 404 89 "-" "Thumbtack-Thunderdome/1.0" "www.superior-dentistry.com"
54.187.209.40 - - [21/Nov/2015:14:05:20 -0800] "GET /Dentist-Bowie-MD/Tooth-Extractions-Maryland-MD.html HTTP/1.1" 200 32565 "-" "Thumbtack-Thunderdome/1.0" "www.superior-dentistry.com"
54.187.209.40 - - [21/Nov/2015:14:05:23 -0800] "GET /Dentist.html HTTP/1.1" 404 89 "-" "Thumbtack-Thunderdome/1.0" "www.superior-dentistry.com"
54.187.209.40 - - [21/Nov/2015:14:05:24 -0800] "GET /Dentist-Bowie-MD/Periodontal-Services-Maryland-MD.html HTTP/1.1" 200 19779 "-" "Thumbtack-Thunderdome/1.0" "www.superior-dentistry.com"
52.0.238.61 - - [21/Nov/2015:14:11:37 -0800] "GET /robots.txt HTTP/1.1" 200 49 "-" "Mozilla/5.0 (compatible; proximic; +http://www.proximic.com/info/spider.php)" "superior-dentistry.com"
54.88.133.137 - - [21/Nov/2015:14:11:52 -0800] "GET / HTTP/1.1" 200 38156 "-" "Mozilla/5.0 (compatible; proximic; +http://www.proximic.com/info/spider.php)" "superior-dentistry.com"
157.55.39.167 - - [21/Nov/2015:14:21:52 -0800] "GET /index.php HTTP/1.1" 200 73 "-" "Mozilla/5.0 (compatible; bingbot/2.0; +http://www.bing.com/bingbot.htm)" "superior-dentistry.com"
178.137.89.181 - - [21/Nov/2015:14:44:44 -0800] "GET /Bowie-Dentists/ HTTP/1.1" 200 1837 "http://dimkino.ru/tureckie-seriali" "Mozilla/4.0 (compatible; MSIE 5.5; Windows NT 4.0)" "www.superior-dentistry.com"
178.137.89.181 - - [21/Nov/2015:14:44:45 -0800] "GET /Bowie-Dentists/ HTTP/1.1" 200 1837 "http://dimkino.ru/tureckie-seriali" "Mozilla/4.0 (compatible; MSIE 5.5; Windows NT 4.0)" "www.superior-dentistry.com"
158.69.214.103 - - [21/Nov/2015:14:47:08 -0800] "GET /robots.txt HTTP/1.1" 200 49 "-" "Mozilla/5.0 (compatible; MJ12bot/v1.4.5; http://www.majestic12.co.uk/bot.php?+)" "www.superior-dentistry.com"
158.69.214.103 - - [21/Nov/2015:14:47:13 -0800] "GET /Bowie-Dentists/Childrens-Dentistry-Maryland.html HTTP/1.1" 200 39945 "-" "Mozilla/5.0 (compatible; MJ12bot/v1.4.5; http://www.majestic12.co.uk/bot.php?+)" "www.superior-dentistry.com"
158.69.214.103 - - [21/Nov/2015:14:47:21 -0800] "GET /Dental-Links.html HTTP/1.1" 200 27636 "-" "Mozilla/5.0 (compatible; MJ12bot/v1.4.5; http://www.majestic12.co.uk/bot.php?+)" "www.superior-dentistry.com"
158.69.214.103 - - [21/Nov/2015:14:47:26 -0800] "GET /Dental-Sites-We-Like.html HTTP/1.1" 200 41324 "-" "Mozilla/5.0 (compatible; MJ12bot/v1.4.5; http://www.majestic12.co.uk/bot.php?+)" "www.superior-dentistry.com"
158.69.214.103 - - [21/Nov/2015:14:47:30 -0800] "GET /Dentist-Bowie-MD/Periodontal-Services-Maryland-MD.html HTTP/1.1" 200 19779 "-" "Mozilla/5.0 (compatible; MJ12bot/v1.4.5; http://www.majestic12.co.uk/bot.php?+)" "www.superior-dentistry.com"
158.69.214.103 - - [21/Nov/2015:14:47:38 -0800] "GET /Dentists-Bowie-MD.html HTTP/1.1" 200 38040 "-" "Mozilla/5.0 (compatible; MJ12bot/v1.4.5; http://www.majestic12.co.uk/bot.php?+)" "www.superior-dentistry.com"
158.69.214.103 - - [21/Nov/2015:14:47:41 -0800] "GET /Patient-Before-After-Gallery.html HTTP/1.1" 200 23787 "-" "Mozilla/5.0 (compatible; MJ12bot/v1.4.5; http://www.majestic12.co.uk/bot.php?+)" "www.superior-dentistry.com"
158.69.214.103 - - [21/Nov/2015:14:47:49 -0800] "GET /contact-us.html HTTP/1.1" 200 23726 "-" "Mozilla/5.0 (compatible; MJ12bot/v1.4.5; http://www.majestic12.co.uk/bot.php?+)" "www.superior-dentistry.com"
158.69.214.103 - - [21/Nov/2015:14:47:53 -0800] "GET /firstvisit.html HTTP/1.1" 200 24042 "-" "Mozilla/5.0 (compatible; MJ12bot/v1.4.5; http://www.majestic12.co.uk/bot.php?+)" "www.superior-dentistry.com"
17.142.156.171 - - [21/Nov/2015:14:59:29 -0800] "GET /images/logo1.jpg HTTP/1.1" 404 89 "-" "Mozilla/5.0 (Macintosh; Intel Mac OS X 10_10_1) AppleWebKit/600.2.5 (KHTML, like Gecko) Version/8.0.2 Safari/600.2.5 (Applebot/0.1; +http://www.apple.com/go/applebot)" "www.superior-dentistry.com"
17.142.156.171 - - [21/Nov/2015:14:59:29 -0800] "GET /images/logo1.jpg HTTP/1.1" 404 89 "-" "Mozilla/5.0 (iPhone; CPU iPhone OS 8_1 like Mac OS X) AppleWebKit/600.1.4 (KHTML, like Gecko) Version/8.0 Mobile/12B410 Safari/600.1.4 (Applebot/0.1; +http://www.apple.com/go/applebot)" "www.superior-dentistry.com"
208.122.6.102 - - [21/Nov/2015:15:04:40 -0800] "GET / HTTP/1.1" 200 38156 "-" "FreeWebMonitoring SiteChecker/0.2 (+http://www.freewebmonitoring.com/bot.html)" "www.superior-dentistry.com"
40.77.167.64 - - [21/Nov/2015:15:17:59 -0800] "GET /robots.txt HTTP/1.1" 200 49 "-" "Mozilla/5.0 (compatible; bingbot/2.0; +http://www.bing.com/bingbot.htm)" "www.superior-dentistry.com"
221.232.60.21 - - [21/Nov/2015:15:30:36 -0800] "GET /blog.php HTTP/1.1" 200 99736 "-" "Mozilla/5.0 (Windows NT 6.1; Trident/7.0; rv:11.0) like Gecko" "www.superior-dentistry.com"
66.249.64.174 - - [21/Nov/2015:15:38:40 -0800] "GET /images/dental-crown.jpg HTTP/1.1" 404 89 "-" "Googlebot-Image/1.0" "www.superior-dentistry.com"
208.115.113.85 - - [21/Nov/2015:15:48:53 -0800] "GET /Dentist-Bowie-MD/js/?M=A HTTP/1.1" 200 6862 "-" "Mozilla/5.0 (compatible; DotBot/1.1; http://www.opensiteexplorer.org/dotbot, help@moz.com)" "www.superior-dentistry.com"
78.46.174.197 - - [21/Nov/2015:15:55:14 -0800] "GET /robots.txt HTTP/1.1" 200 49 "-" "Mozilla/5.0 (compatible; MJ12bot/v1.4.5; http://www.majestic12.co.uk/bot.php?+)" "www.superior-dentistry.com"
78.46.174.197 - - [21/Nov/2015:15:55:22 -0800] "GET /Bowie-Dentists/firstvisit.php HTTP/1.1" 200 73 "-" "Mozilla/5.0 (compatible; MJ12bot/v1.4.5; http://www.majestic12.co.uk/bot.php?+)" "www.superior-dentistry.com"
78.46.174.197 - - [21/Nov/2015:15:55:34 -0800] "GET /Bowie-Dentists/meet-staff.php HTTP/1.1" 200 73 "-" "Mozilla/5.0 (compatible; MJ12bot/v1.4.5; http://www.majestic12.co.uk/bot.php?+)" "www.superior-dentistry.com"
78.46.174.197 - - [21/Nov/2015:15:55:44 -0800] "GET /Bowie-Dentists/testimonials.html HTTP/1.1" 404 89 "-" "Mozilla/5.0 (compatible; MJ12bot/v1.4.5; http://www.majestic12.co.uk/bot.php?+)" "www.superior-dentistry.com"
78.46.174.197 - - [21/Nov/2015:15:55:49 -0800] "GET /Bowie-Dentists/www.superior-dentistry.com HTTP/1.1" 404 89 "-" "Mozilla/5.0 (compatible; MJ12bot/v1.4.5; http://www.majestic12.co.uk/bot.php?+)" "www.superior-dentistry.com"
