73.129.47.211 - - [26/Mar/2016:17:20:10 -0700] "GET /Dentistry-Maryland-MD.html HTTP/1.1" 200 30866 "https://www.google.com/" "Mozilla/5.0 (iPhone; CPU iPhone OS 9_2_1 like Mac OS X) AppleWebKit/601.1.46 (KHTML, like Gecko) Version/9.0 Mobile/13D15 Safari/601.1" "www.superior-dentistry.com"
73.129.47.211 - - [26/Mar/2016:17:20:10 -0700] "GET /img/doctor-achievement.jpg HTTP/1.1" 200 200838 "http://www.superior-dentistry.com/Dentistry-Maryland-MD.html" "Mozilla/5.0 (iPhone; CPU iPhone OS 9_2_1 like Mac OS X) AppleWebKit/601.1.46 (KHTML, like Gecko) Version/9.0 Mobile/13D15 Safari/601.1" "www.superior-dentistry.com"
73.129.47.211 - - [26/Mar/2016:17:20:10 -0700] "GET /theme.css HTTP/1.1" 200 1926 "http://www.superior-dentistry.com/Dentistry-Maryland-MD.html" "Mozilla/5.0 (iPhone; CPU iPhone OS 9_2_1 like Mac OS X) AppleWebKit/601.1.46 (KHTML, like Gecko) Version/9.0 Mobile/13D15 Safari/601.1" "www.superior-dentistry.com"
73.129.47.211 - - [26/Mar/2016:17:20:10 -0700] "GET /css/bootstrap-theme.css HTTP/1.1" 200 19156 "http://www.superior-dentistry.com/Dentistry-Maryland-MD.html" "Mozilla/5.0 (iPhone; CPU iPhone OS 9_2_1 like Mac OS X) AppleWebKit/601.1.46 (KHTML, like Gecko) Version/9.0 Mobile/13D15 Safari/601.1" "www.superior-dentistry.com"[0]
73.129.47.211 - - [26/Mar/2016:17:20:10 -0700] "GET /css/font-awesome.css HTTP/1.1" 200 28747 "http://www.superior-dentistry.com/Dentistry-Maryland-MD.html" "Mozilla/5.0 (iPhone; CPU iPhone OS 9_2_1 like Mac OS X) AppleWebKit/601.1.46 (KHTML, like Gecko) Version/9.0 Mobile/13D15 Safari/601.1" "www.superior-dentistry.com"
73.129.47.211 - - [26/Mar/2016:17:20:10 -0700] "GET /js/ie-emulation-modes-warning.js HTTP/1.1" 200 2132 "http://www.superior-dentistry.com/Dentistry-Maryland-MD.html" "Mozilla/5.0 (iPhone; CPU iPhone OS 9_2_1 like Mac OS X) AppleWebKit/601.1.46 (KHTML, like Gecko) Version/9.0 Mobile/13D15 Safari/601.1" "www.superior-dentistry.com"
73.129.47.211 - - [26/Mar/2016:17:20:10 -0700] "GET /js/ie10-viewport-bug-workaround.js HTTP/1.1" 200 694 "http://www.superior-dentistry.com/Dentistry-Maryland-MD.html" "Mozilla/5.0 (iPhone; CPU iPhone OS 9_2_1 like Mac OS X) AppleWebKit/601.1.46 (KHTML, like Gecko) Version/9.0 Mobile/13D15 Safari/601.1" "www.superior-dentistry.com"
73.129.47.211 - - [26/Mar/2016:17:20:10 -0700] "GET /js/bootstrap.min.js HTTP/1.1" 200 35601 "http://www.superior-dentistry.com/Dentistry-Maryland-MD.html" "Mozilla/5.0 (iPhone; CPU iPhone OS 9_2_1 like Mac OS X) AppleWebKit/601.1.46 (KHTML, like Gecko) Version/9.0 Mobile/13D15 Safari/601.1" "www.superior-dentistry.com"
73.129.47.211 - - [26/Mar/2016:17:20:10 -0700] "GET /css/bootstrap.css HTTP/1.1" 200 138415 "http://www.superior-dentistry.com/Dentistry-Maryland-MD.html" "Mozilla/5.0 (iPhone; CPU iPhone OS 9_2_1 like Mac OS X) AppleWebKit/601.1.46 (KHTML, like Gecko) Version/9.0 Mobile/13D15 Safari/601.1" "www.superior-dentistry.com"
73.129.47.211 - - [26/Mar/2016:17:20:10 -0700] "GET /js/docs.min.js HTTP/1.1" 200 43299 "http://www.superior-dentistry.com/Dentistry-Maryland-MD.html" "Mozilla/5.0 (iPhone; CPU iPhone OS 9_2_1 like Mac OS X) AppleWebKit/601.1.46 (KHTML, like Gecko) Version/9.0 Mobile/13D15 Safari/601.1" "www.superior-dentistry.com"
73.129.47.211 - - [26/Mar/2016:17:20:12 -0700] "GET /fonts/fontawesome-webfont.woff?v=4.3.0 HTTP/1.1" 200 71508 "http://www.superior-dentistry.com/Dentistry-Maryland-MD.html" "Mozilla/5.0 (iPhone; CPU iPhone OS 9_2_1 like Mac OS X) AppleWebKit/601.1.46 (KHTML, like Gecko) Version/9.0 Mobile/13D15 Safari/601.1" "www.superior-dentistry.com"[0]
73.129.47.211 - - [26/Mar/2016:17:20:47 -0700] "GET /services.php HTTP/1.1" 200 73 "http://www.superior-dentistry.com/Dentistry-Maryland-MD.html" "Mozilla/5.0 (iPhone; CPU iPhone OS 9_2_1 like Mac OS X) AppleWebKit/601.1.46 (KHTML, like Gecko) Version/9.0 Mobile/13D15 Safari/601.1" "www.superior-dentistry.com"
65.36.241.48 - - [26/Mar/2016:17:23:54 -0700] "HEAD / HTTP/1.1" 200 0 "-" "InternetSeer.com" "www.superior-dentistry.com"
46.73.130.107 - - [26/Mar/2016:17:28:11 -0700] "GET / HTTP/1.1" 200 38156 "http://yandex.ru/clck/jsredir?from=yandex.ru%3Bsearch%3Bweb%3B%3B&text=&etext=1005.7LEcDgvyjx0Y8diwajIPi7Zdm5LMsLxDQQVSJ0xHBkvFogllVIQk6qairLdI6Ipt.34da86376704c7759f8fe1168acd79c76db5e920&uuid=&state=AiuY0DBWFJ4ePaEse6rgeAjgs2pI3DW9J0KiE5XNXd0dp0ZMwFHoviUoYa6nzP7MFsomsouu4qeHTa_CfDlasTBTlfEyAtNjXWbCzJTLMmbLnY3meFrZQTwUQIQ__rCzFTEsFE7jKXB8t5qfA1CW4lCYzGjiHA-kcFhnodEdJekkIYgzZh3aQEAxDrZM7fiy5O5czWqAM4-gd1nYBKVwrA&data=UlNrNmk5WktYejR0eWJFYk1LdmtxbERZZ19Cci1SeXBpeDNxamdHeDlBNEszWTVVZVpLWENiRWZBbzNwTmJmSEw5NGdoVTZwZWZpaGtITVJNWFNzbzNGQmZCZHY5bUdGYUVsQTBGZDh3UnlpalN0bUNRakdEUQ&b64e=2&sign=cc4299356ebd66687a9607cb254642c9&keyno=0&l10n=ru&cts=1459038345703&mc=5.45289286352" "Mozilla/5.0 (compatible; MSIE 10.0; Windows NT 6.1; WOW64; Trident/7.0)" "www.superior-dentistry.com"
46.73.130.107 - - [26/Mar/2016:17:28:11 -0700] "GET /img/jaw-surgery.jpg HTTP/1.1" 200 27058 "http://www.superior-dentistry.com/" "Mozilla/5.0 (compatible; MSIE 10.0; Windows NT 6.1; WOW64; Trident/7.0)" "www.superior-dentistry.com"
46.73.130.107 - - [26/Mar/2016:17:28:11 -0700] "GET /img/extraction.jpg HTTP/1.1" 200 30135 "http://www.superior-dentistry.com/" "Mozilla/5.0 (compatible; MSIE 10.0; Windows NT 6.1; WOW64; Trident/7.0)" "www.superior-dentistry.com"
46.73.130.107 - - [26/Mar/2016:17:28:11 -0700] "GET /img/wisdom-teeth-extraction.jpg HTTP/1.1" 200 23758 "http://www.superior-dentistry.com/" "Mozilla/5.0 (compatible; MSIE 10.0; Windows NT 6.1; WOW64; Trident/7.0)" "www.superior-dentistry.com"
46.73.130.107 - - [26/Mar/2016:17:28:11 -0700] "GET /img/logo.jpg HTTP/1.1" 200 139628 "http://www.superior-dentistry.com/" "Mozilla/5.0 (compatible; MSIE 10.0; Windows NT 6.1; WOW64; Trident/7.0)" "www.superior-dentistry.com"
46.73.130.107 - - [26/Mar/2016:17:28:11 -0700] "GET /img/offer-31-05-2014-new-patient.jpg HTTP/1.1" 200 15365 "http://www.superior-dentistry.com/" "Mozilla/5.0 (compatible; MSIE 10.0; Windows NT 6.1; WOW64; Trident/7.0)" "www.superior-dentistry.com"
46.73.130.107 - - [26/Mar/2016:17:28:11 -0700] "GET /img/offer-31-05-2014-sonicare-brush.jpg HTTP/1.1" 200 13165 "http://www.superior-dentistry.com/" "Mozilla/5.0 (compatible; MSIE 10.0; Windows NT 6.1; WOW64; Trident/7.0)" "www.superior-dentistry.com"
46.73.130.107 - - [26/Mar/2016:17:28:11 -0700] "GET /img/meetdr-ali.jpg HTTP/1.1" 200 60533 "http://www.superior-dentistry.com/" "Mozilla/5.0 (compatible; MSIE 10.0; Windows NT 6.1; WOW64; Trident/7.0)" "www.superior-dentistry.com"
46.73.130.107 - - [26/Mar/2016:17:28:11 -0700] "GET /img/meetdr-melika.jpg HTTP/1.1" 200 75968 "http://www.superior-dentistry.com/" "Mozilla/5.0 (compatible; MSIE 10.0; Windows NT 6.1; WOW64; Trident/7.0)" "www.superior-dentistry.com"
46.73.130.107 - - [26/Mar/2016:17:28:11 -0700] "GET /js/bootstrap.min.js HTTP/1.1" 200 35601 "http://www.superior-dentistry.com/" "Mozilla/5.0 (compatible; MSIE 10.0; Windows NT 6.1; WOW64; Trident/7.0)" "www.superior-dentistry.com"
46.73.130.107 - - [26/Mar/2016:17:28:11 -0700] "GET /js/docs.min.js HTTP/1.1" 200 43299 "http://www.superior-dentistry.com/" "Mozilla/5.0 (compatible; MSIE 10.0; Windows NT 6.1; WOW64; Trident/7.0)" "www.superior-dentistry.com"
198.16.7.150 - - [26/Mar/2016:18:15:27 -0700] "GET / HTTP/1.1" 200 38156 "-" "FreeWebMonitoring SiteChecker/0.2 (+http://www.freewebmonitoring.com/bot.html)" "www.superior-dentistry.com"
141.8.143.149 - - [26/Mar/2016:18:23:02 -0700] "GET /img/care3.jpg HTTP/1.1" 200 62411 "-" "Mozilla/5.0 (compatible; YandexImages/3.0; +http://yandex.com/bots)" "www.superior-dentistry.com"
180.153.236.132 - - [26/Mar/2016:18:54:35 -0700] "GET / HTTP/1.1" 200 38156 "http://www.superior-dentistry.com/" "Mozilla/5.0 (compatible; MSIE 9.0; Windows NT 6.1; Trident/5.0); 360Spider(compatible; HaosouSpider; http://www.haosou.com/help/help_3_2.html)" "www.superior-dentistry.com"
199.59.148.209 - - [26/Mar/2016:18:59:26 -0700] "GET /robots.txt HTTP/1.1" 200 49 "-" "Twitterbot/1.0" "www.superior-dentistry.com"
199.59.148.210 - - [26/Mar/2016:18:59:26 -0700] "GET /robots.txt HTTP/1.1" 200 49 "-" "Twitterbot/1.0" "www.superior-dentistry.com"[0]
199.59.148.209 - - [26/Mar/2016:18:59:26 -0700] "GET /robots.txt HTTP/1.1" 200 49 "-" "Twitterbot/1.0" "www.superior-dentistry.com"
199.59.148.211 - - [26/Mar/2016:18:59:26 -0700] "GET /Bowie-Dentists/Childrens-Dentistry-Maryland.html HTTP/1.1" 200 39945 "-" "Twitterbot/1.0" "www.superior-dentistry.com"
199.59.148.209 - - [26/Mar/2016:18:59:27 -0700] "GET /Bowie-Dentists/Periodontal-Therapy-Maryland.html HTTP/1.1" 200 40166 "-" "Twitterbot/1.0" "www.superior-dentistry.com"
199.59.148.210 - - [26/Mar/2016:18:59:27 -0700] "GET /Bowie-Dentists/Childrens-Dentistry-Maryland.html HTTP/1.1" 200 39945 "-" "Twitterbot/1.0" "www.superior-dentistry.com"
199.59.148.211 - - [26/Mar/2016:18:59:33 -0700] "GET /Bowie-Dentists/Childrens-Dentistry-Maryland.html HTTP/1.1" 200 39945 "-" "Twitterbot/1.0" "www.superior-dentistry.com"
212.113.47.89 - - [26/Mar/2016:19:00:00 -0700] "GET /Dental-Sites-We-Like.html HTTP/1.1" 200 41845 "-" "Mozilla/5.0 (compatible; MJ12bot/v1.4.5; http://www.majestic12.co.uk/bot.php?+)" "superior-dentistry.com"
212.113.47.89 - - [26/Mar/2016:19:00:02 -0700] "GET /%E2%80%9Dhttp://www.nicedentist.com HTTP/1.1" 404 89 "-" "Mozilla/5.0 (compatible; MJ12bot/v1.4.5; http://www.majestic12.co.uk/bot.php?+)" "superior-dentistry.com"
32.209.30.74 - - [26/Mar/2016:19:10:44 -0700] "GET /img/periodontalsurgery.jpg HTTP/1.1" 200 56963 "-" "Mozilla/5.0 (Linux; Android 4.4.2; LG-D415 Build/KOT49I.D41510c) AppleWebKit/537.36 (KHTML, like Gecko) Version/4.0 Chrome/30.0.0.0 Mobile Safari/537.36 GSA/3.1.24.941712.arm" "www.superior-dentistry.com"
180.76.15.147 - - [26/Mar/2016:19:33:52 -0700] "GET /Dentist-Bowie-MD/css/?N=D HTTP/1.1" 200 1932 "-" "Mozilla/5.0 (compatible; Baiduspider/2.0; +http://www.baidu.com/search/spider.html)" "www.superior-dentistry.com"
77.37.140.143 - - [26/Mar/2016:19:34:00 -0700] "GET / HTTP/1.1" 200 38156 "http://yandex.ru/clck/jsredir?from=yandex.ru%3Bsearch%3Bweb%3B%3B&text=&etext=1006.AiJNRclGOlBjqkwA2pl-GWcA8WHO5fOfwkYtR6X3GD-xpBUpa4tr4NAE1QZONOPJ.654cd48e506fffc042282d6d4515b8395f52821c&uuid=&state=AiuY0DBWFJ4ePaEse6rgeAjgs2pI3DW9J0KiE5XNXd0dp0ZMwFHoviUoYa6nzP7MSi3gOS8hVmLxrob5JrCTbXR9uk_8eoFN9BtQzgE4B0DGegLl45QUUF2N-7gCBtpI5FKvlVvhYcfczv3VM1vnOc02uRHEtQbyX1kFF4RTrKzEvRPRbvZyFUuWMGsy9HxrfclwTOOsrLMsexftPfWIuA&data=UlNrNmk5WktYejR0eWJFYk1LdmtxbERZZ19Cci1SeXBpeDNxamdHeDlBNEszWTVVZVpLWENiRWZBbzNwTmJmSHBxcFE3dThpTlZCdlotekc2YU5ZM2NXa1JucDJVX1pnWmQxLVdtemF6bXcxLXA1WWNLa0hkUQ&b64e=2&sign=922e8f3cfdfc287768b70447ba144d7d&keyno=0&l10n=ru&cts=1459045255481&mc=3.61796497486" "Mozilla/5.0 (compatible; MSIE 10.0; Windows NT 6.1; WOW64; Trident/6.0; Touch; MASMJS)" "www.superior-dentistry.com"
77.37.140.143 - - [26/Mar/2016:19:34:01 -0700] "GET /css/font-awesome.css HTTP/1.1" 200 28747 "http://www.superior-dentistry.com/" "Mozilla/5.0 (compatible; MSIE 10.0; Windows NT 6.1; WOW64; Trident/6.0; Touch; MASMJS)" "www.superior-dentistry.com"
77.37.140.143 - - [26/Mar/2016:19:34:01 -0700] "GET /theme.css HTTP/1.1" 200 1926 "http://www.superior-dentistry.com/" "Mozilla/5.0 (compatible; MSIE 10.0; Windows NT 6.1; WOW64; Trident/6.0; Touch; MASMJS)" "www.superior-dentistry.com"
77.37.140.143 - - [26/Mar/2016:19:34:02 -0700] "GET /js/bootstrap.min.js HTTP/1.1" 200 35601 "http://www.superior-dentistry.com/" "Mozilla/5.0 (compatible; MSIE 10.0; Windows NT 6.1; WOW64; Trident/6.0; Touch; MASMJS)" "www.superior-dentistry.com"[0]
77.37.140.143 - - [26/Mar/2016:19:34:03 -0700] "GET /js/ie10-viewport-bug-workaround.js HTTP/1.1" 200 694 "http://www.superior-dentistry.com/" "Mozilla/5.0 (compatible; MSIE 10.0; Windows NT 6.1; WOW64; Trident/6.0; Touch; MASMJS)" "www.superior-dentistry.com"
77.37.140.143 - - [26/Mar/2016:19:34:32 -0700] "GET /fonts/fontawesome-webfont.eot HTTP/1.1" 200 60767 "http://www.superior-dentistry.com/" "Mozilla/5.0 (compatible; MSIE 10.0; Windows NT 6.1; WOW64; Trident/6.0; Touch; MASMJS)" "www.superior-dentistry.com"
77.37.140.143 - - [26/Mar/2016:19:34:35 -0700] "GET /assets/flash/ZeroClipboard.swf?noCache=1459046074618 HTTP/1.1" 404 89 "http://www.superior-dentistry.com/" "Mozilla/5.0 (compatible; MSIE 10.0; Windows NT 6.1; WOW64; Trident/6.0; Touch; MASMJS)" "www.superior-dentistry.com"
77.37.140.143 - - [26/Mar/2016:19:36:52 -0700] "GET /css/bootstrap-theme.css HTTP/1.0" 200 19156 "http://www.superior-dentistry.com/" "Mozilla/5.0 (compatible; MSIE 10.0; Windows NT 6.1; WOW64; Trident/6.0; Touch; MASMJS)" "www.superior-dentistry.com"
66.102.6.83 - - [26/Mar/2016:19:44:17 -0700] "GET /images/mainimg1.jpg HTTP/1.1" 404 89 "-" "Mozilla/5.0 (Windows NT 5.1; rv:11.0) Gecko Firefox/11.0 (via ggpht.com GoogleImageProxy)" "www.superior-dentistry.com"
164.132.161.46 - - [26/Mar/2016:19:59:17 -0700] "GET /Dentist-Bowie-MD/Dental-Implants-Maryland-MD HTTP/1.1" 200 33055 "-" "Mozilla/5.0 (compatible; AhrefsBot/5.1; +http://ahrefs.com/robot/)" "www.superior-dentistry.com"
40.77.167.43 - - [26/Mar/2016:20:03:53 -0700] "GET /img/extraction.jpg HTTP/1.1" 200 30135 "-" "Mozilla/5.0 (compatible; bingbot/2.0; +http://www.bing.com/bingbot.htm)" "www.superior-dentistry.com"
207.46.13.134 - - [26/Mar/2016:20:04:25 -0700] "GET /img/dentures.jpg HTTP/1.1" 200 126240 "-" "Mozilla/5.0 (compatible; bingbot/2.0; +http://www.bing.com/bingbot.htm)" "www.superior-dentistry.com"
85.14.245.175 - - [26/Mar/2016:20:04:47 -0700] "GET /robots.txt HTTP/1.1" 200 49 "-" "Mozilla/5.0 (compatible; MJ12bot/v1.4.5; http://www.majestic12.co.uk/bot.php?+)" "www.superior-dentistry.com"
207.46.13.179 - - [26/Mar/2016:20:21:47 -0700] "GET /Dentist-Bowie-MD/Periodontal-Services-Maryland-MD.html HTTP/1.1" 200 19779 "-" "msnbot-media/1.1 (+http://search.msn.com/msnbot.htm)" "www.superior-dentistry.com"
198.16.7.150 - - [26/Mar/2016:20:25:21 -0700] "GET / HTTP/1.1" 200 38156 "-" "FreeWebMonitoring SiteChecker/0.2 (+http://www.freewebmonitoring.com/bot.html)" "www.superior-dentistry.com"
207.46.13.179 - - [26/Mar/2016:21:20:29 -0700] "GET /Bowie-Dentists/meet-staff.php HTTP/1.1" 200 73 "-" "Mozilla/5.0 (compatible; bingbot/2.0; +http://www.bing.com/bingbot.htm)" "superior-dentistry.com"
144.76.29.66 - - [26/Mar/2016:21:21:54 -0700] "GET /robots.txt HTTP/1.1" 200 49 "-" "Mozilla/5.0 (compatible; MJ12bot/v1.4.5; http://www.majestic12.co.uk/bot.php?+)" "superior-dentistry.com"
198.16.7.150 - - [26/Mar/2016:21:30:51 -0700] "GET / HTTP/1.1" 200 38156 "-" "FreeWebMonitoring SiteChecker/0.2 (+http://www.freewebmonitoring.com/bot.html)" "www.superior-dentistry.com"
40.77.167.43 - - [26/Mar/2016:22:05:42 -0700] "GET /meet-staff.php HTTP/1.1" 200 73 "-" "Mozilla/5.0 (iPhone; CPU iPhone OS 7_0 like Mac OS X) AppleWebKit/537.51.1 (KHTML, like Gecko) Version/7.0 Mobile/11A465 Safari/9537.53 (compatible; bingbot/2.0; +http://www.bing.com/bingbot.htm)" "www.superior-dentistry.com"
40.77.167.91 - - [26/Mar/2016:22:12:40 -0700] "GET /images/care1.jpg HTTP/1.1" 404 89 "-" "Mozilla/5.0 (compatible; bingbot/2.0; +http://www.bing.com/bingbot.htm)" "www.superior-dentistry.com"
157.55.39.88 - - [26/Mar/2016:22:12:57 -0700] "GET /Dentist-Bowie-MD/js/js-image-slider.js HTTP/1.1" 200 15260 "-" "Mozilla/5.0 (compatible; bingbot/2.0; +http://www.bing.com/bingbot.htm)" "www.superior-dentistry.com"
157.55.39.88 - - [26/Mar/2016:22:12:57 -0700] "GET /images/care6.jpg HTTP/1.1" 404 89 "-" "Mozilla/5.0 (compatible; bingbot/2.0; +http://www.bing.com/bingbot.htm)" "www.superior-dentistry.com"
180.76.15.14 - - [26/Mar/2016:22:14:58 -0700] "GET /theme.css HTTP/1.1" 200 1926 "-" "Mozilla/5.0 (compatible; Baiduspider/2.0; +http://www.baidu.com/search/spider.html)" "www.superior-dentistry.com"[0]
51.254.131.243 - - [26/Mar/2016:22:16:38 -0700] "GET /robots.txt HTTP/1.1" 200 49 "-" "Mozilla/5.0 (compatible; MJ12bot/v1.4.5; http://www.majestic12.co.uk/bot.php?+)" "www.superior-dentistry.com"
51.254.131.243 - - [26/Mar/2016:22:16:40 -0700] "GET /Dental-LinkExchange.html HTTP/1.1" 200 24659 "-" "Mozilla/5.0 (compatible; MJ12bot/v1.4.5; http://www.majestic12.co.uk/bot.php?+)" "www.superior-dentistry.com"
51.254.131.243 - - [26/Mar/2016:22:16:43 -0700] "GET /blog.php HTTP/1.1" 200 103129 "-" "Mozilla/5.0 (compatible; MJ12bot/v1.4.5; http://www.majestic12.co.uk/bot.php?+)" "www.superior-dentistry.com"
51.254.131.243 - - [26/Mar/2016:22:16:44 -0700] "GET /firstvisit.html HTTP/1.1" 200 24042 "-" "Mozilla/5.0 (compatible; MJ12bot/v1.4.5; http://www.majestic12.co.uk/bot.php?+)" "www.superior-dentistry.com"
51.254.131.243 - - [26/Mar/2016:22:16:45 -0700] "GET /meet-staff.html HTTP/1.1" 200 22166 "-" "Mozilla/5.0 (compatible; MJ12bot/v1.4.5; http://www.majestic12.co.uk/bot.php?+)" "www.superior-dentistry.com"[0]
51.254.131.243 - - [26/Mar/2016:22:16:47 -0700] "GET /services.html HTTP/1.1" 200 34114 "-" "Mozilla/5.0 (compatible; MJ12bot/v1.4.5; http://www.majestic12.co.uk/bot.php?+)" "www.superior-dentistry.com"
207.46.13.134 - - [26/Mar/2016:22:31:46 -0700] "GET /?_escaped_fragment_=home/mainPage HTTP/1.1" 200 38156 "-" "Mozilla/5.0 (compatible; bingbot/2.0; +http://www.bing.com/bingbot.htm)" "www.superior-dentistry.com"
207.46.13.134 - - [26/Mar/2016:22:31:46 -0700] "GET /?_escaped_fragment_=contact/c24vq HTTP/1.1" 200 38156 "-" "Mozilla/5.0 (compatible; bingbot/2.0; +http://www.bing.com/bingbot.htm)" "www.superior-dentistry.com"
207.46.13.134 - - [26/Mar/2016:22:31:46 -0700] "GET /?_escaped_fragment_=treatments/cee5 HTTP/1.1" 200 38156 "-" "Mozilla/5.0 (compatible; bingbot/2.0; +http://www.bing.com/bingbot.htm)" "www.superior-dentistry.com"
207.46.13.134 - - [26/Mar/2016:22:31:46 -0700] "GET /Dentist-Bowie-MD/Dental-Implants-Maryland-MD.html HTTP/1.1" 200 33055 "-" "Mozilla/5.0 (compatible; bingbot/2.0; +http://www.bing.com/bingbot.htm)" "www.superior-dentistry.com"
207.46.13.134 - - [26/Mar/2016:22:31:46 -0700] "GET /Dentistry-Maryland-MD.html HTTP/1.1" 200 30866 "-" "Mozilla/5.0 (compatible; bingbot/2.0; +http://www.bing.com/bingbot.htm)" "www.superior-dentistry.com"
157.55.39.88 - - [26/Mar/2016:22:31:48 -0700] "GET /robots.txt HTTP/1.1" 200 49 "-" "Mozilla/5.0 (compatible; bingbot/2.0; +http://www.bing.com/bingbot.htm)" "www.superior-dentistry.com"
157.55.39.88 - - [26/Mar/2016:22:32:05 -0700] "GET /sitemap.html HTTP/1.1" 200 9525 "-" "Mozilla/5.0 (compatible; bingbot/2.0; +http://www.bing.com/bingbot.htm)" "www.superior-dentistry.com"
157.55.39.88 - - [26/Mar/2016:22:32:07 -0700] "GET /services.html HTTP/1.1" 200 34114 "-" "Mozilla/5.0 (compatible; bingbot/2.0; +http://www.bing.com/bingbot.htm)" "www.superior-dentistry.com"
198.16.7.150 - - [26/Mar/2016:22:35:59 -0700] "GET / HTTP/1.1" 200 38156 "-" "FreeWebMonitoring SiteChecker/0.2 (+http://www.freewebmonitoring.com/bot.html)" "www.superior-dentistry.com"
131.253.25.252 - - [26/Mar/2016:23:12:51 -0700] "GET /Dentist-Bowie-MD/css/style.css HTTP/1.1" 200 19818 "http://www.superior-dentistry.com/Dentist-Bowie-MD/Dental-Implants-Maryland-MD.html" "Mozilla/5.0 (Windows NT 6.1; WOW64) AppleWebKit/534+ (KHTML, like Gecko) BingPreview/1.0b" "www.superior-dentistry.com"
131.253.25.252 - - [26/Mar/2016:23:12:51 -0700] "GET /Dentist-Bowie-MD/js/jquery-1.6.4.min.js HTTP/1.1" 200 91669 "http://www.superior-dentistry.com/Dentist-Bowie-MD/Dental-Implants-Maryland-MD.html" "Mozilla/5.0 (Windows NT 6.1; WOW64) AppleWebKit/534+ (KHTML, like Gecko) BingPreview/1.0b" "www.superior-dentistry.com"
131.253.25.252 - - [26/Mar/2016:23:12:51 -0700] "GET /Dentist-Bowie-MD/css/coin-slider.css HTTP/1.1" 200 710 "http://www.superior-dentistry.com/Dentist-Bowie-MD/Dental-Implants-Maryland-MD.html" "Mozilla/5.0 (Windows NT 6.1; WOW64) AppleWebKit/534+ (KHTML, like Gecko) BingPreview/1.0b" "www.superior-dentistry.com"
131.253.25.252 - - [26/Mar/2016:23:12:51 -0700] "GET /Dentist-Bowie-MD/css/grid.css HTTP/1.1" 200 5182 "http://www.superior-dentistry.com/Dentist-Bowie-MD/Dental-Implants-Maryland-MD.html" "Mozilla/5.0 (Windows NT 6.1; WOW64) AppleWebKit/534+ (KHTML, like Gecko) BingPreview/1.0b" "www.superior-dentistry.com"
131.253.25.252 - - [26/Mar/2016:23:12:51 -0700] "GET /Dentist-Bowie-MD/css/forms.css HTTP/1.1" 200 2909 "http://www.superior-dentistry.com/Dentist-Bowie-MD/Dental-Implants-Maryland-MD.html" "Mozilla/5.0 (Windows NT 6.1; WOW64) AppleWebKit/534+ (KHTML, like Gecko) BingPreview/1.0b" "www.superior-dentistry.com"
131.253.25.252 - - [26/Mar/2016:23:12:51 -0700] "GET /Dentist-Bowie-MD/js/jquery.easing.1.3.js HTTP/1.1" 200 3517 "http://www.superior-dentistry.com/Dentist-Bowie-MD/Dental-Implants-Maryland-MD.html" "Mozilla/5.0 (Windows NT 6.1; WOW64) AppleWebKit/534+ (KHTML, like Gecko) BingPreview/1.0b" "www.superior-dentistry.com"
131.253.25.252 - - [26/Mar/2016:23:12:52 -0700] "GET /images/care4.jpg HTTP/1.1" 404 89 "http://www.superior-dentistry.com/Dentist-Bowie-MD/Dental-Implants-Maryland-MD.html" "Mozilla/5.0 (Windows NT 6.1; WOW64) AppleWebKit/534+ (KHTML, like Gecko) BingPreview/1.0b" "www.superior-dentistry.com"
131.253.25.252 - - [26/Mar/2016:23:12:52 -0700] "GET /images/care5.jpg HTTP/1.1" 404 89 "http://www.superior-dentistry.com/Dentist-Bowie-MD/Dental-Implants-Maryland-MD.html" "Mozilla/5.0 (Windows NT 6.1; WOW64) AppleWebKit/534+ (KHTML, like Gecko) BingPreview/1.0b" "www.superior-dentistry.com"
131.253.25.252 - - [26/Mar/2016:23:12:52 -0700] "GET /Dentist-Bowie-MD/css/font/delicious-roman.svg HTTP/1.1" 404 89 "http://www.superior-dentistry.com/Dentist-Bowie-MD/Dental-Implants-Maryland-MD.html" "Mozilla/5.0 (Windows NT 6.1; WOW64) AppleWebKit/534+ (KHTML, like Gecko) BingPreview/1.0b" "www.superior-dentistry.com"
95.25.17.8 - - [26/Mar/2016:23:16:50 -0700] "GET /css/bootstrap-theme.css HTTP/1.1" 304 - "http://www.superior-dentistry.com/" "Mozilla/5.0 (compatible; MSIE 10.0; Windows NT 6.1; WOW64; Trident/7.0)" "www.superior-dentistry.com"[0]
95.25.17.8 - - [26/Mar/2016:23:16:50 -0700] "GET /css/bootstrap.css HTTP/1.1" 304 - "http://www.superior-dentistry.com/" "Mozilla/5.0 (compatible; MSIE 10.0; Windows NT 6.1; WOW64; Trident/7.0)" "www.superior-dentistry.com"
95.25.17.8 - - [26/Mar/2016:23:16:50 -0700] "GET /theme.css HTTP/1.1" 304 - "http://www.superior-dentistry.com/" "Mozilla/5.0 (compatible; MSIE 10.0; Windows NT 6.1; WOW64; Trident/7.0)" "www.superior-dentistry.com"
95.25.17.8 - - [26/Mar/2016:23:16:50 -0700] "GET /img/patients-choice-winner-2015.png HTTP/1.1" 200 9818 "http://www.superior-dentistry.com/" "Mozilla/5.0 (compatible; MSIE 10.0; Windows NT 6.1; WOW64; Trident/7.0)" "www.superior-dentistry.com"
95.25.17.8 - - [26/Mar/2016:23:16:50 -0700] "GET /img/wisdom-teeth-extraction.jpg HTTP/1.1" 200 23758 "http://www.superior-dentistry.com/" "Mozilla/5.0 (compatible; MSIE 10.0; Windows NT 6.1; WOW64; Trident/7.0)" "www.superior-dentistry.com"
95.25.17.8 - - [26/Mar/2016:23:16:50 -0700] "GET /img/offer-31-05-2014-new-patient.jpg HTTP/1.1" 200 15365 "http://www.superior-dentistry.com/" "Mozilla/5.0 (compatible; MSIE 10.0; Windows NT 6.1; WOW64; Trident/7.0)" "www.superior-dentistry.com"
95.25.17.8 - - [26/Mar/2016:23:16:50 -0700] "GET /img/offer-31-05-2014-sonicare-brush.jpg HTTP/1.1" 200 13165 "http://www.superior-dentistry.com/" "Mozilla/5.0 (compatible; MSIE 10.0; Windows NT 6.1; WOW64; Trident/7.0)" "www.superior-dentistry.com"
95.25.17.8 - - [26/Mar/2016:23:16:50 -0700] "GET /img/logo.jpg HTTP/1.1" 200 139628 "http://www.superior-dentistry.com/" "Mozilla/5.0 (compatible; MSIE 10.0; Windows NT 6.1; WOW64; Trident/7.0)" "www.superior-dentistry.com"
95.25.17.8 - - [26/Mar/2016:23:16:50 -0700] "GET /img/slider2.jpg HTTP/1.1" 200 345766 "http://www.superior-dentistry.com/" "Mozilla/5.0 (compatible; MSIE 10.0; Windows NT 6.1; WOW64; Trident/7.0)" "www.superior-dentistry.com"
95.25.17.8 - - [26/Mar/2016:23:16:50 -0700] "GET /js/docs.min.js HTTP/1.1" 200 43299 "http://www.superior-dentistry.com/" "Mozilla/5.0 (compatible; MSIE 10.0; Windows NT 6.1; WOW64; Trident/7.0)" "www.superior-dentistry.com"
95.25.17.8 - - [26/Mar/2016:23:16:50 -0700] "GET /js/ie10-viewport-bug-workaround.js HTTP/1.1" 200 694 "http://www.superior-dentistry.com/" "Mozilla/5.0 (compatible; MSIE 10.0; Windows NT 6.1; WOW64; Trident/7.0)" "www.superior-dentistry.com"[0]
95.25.17.8 - - [26/Mar/2016:23:16:50 -0700] "GET /js/bootstrap.min.js HTTP/1.1" 200 35601 "http://www.superior-dentistry.com/" "Mozilla/5.0 (compatible; MSIE 10.0; Windows NT 6.1; WOW64; Trident/7.0)" "www.superior-dentistry.com"
95.25.17.8 - - [26/Mar/2016:23:16:51 -0700] "GET /img/zocdoc-apt.jpg HTTP/1.1" 200 79396 "http://www.superior-dentistry.com/" "Mozilla/5.0 (compatible; MSIE 10.0; Windows NT 6.1; WOW64; Trident/7.0)" "www.superior-dentistry.com"
198.16.7.150 - - [26/Mar/2016:23:38:54 -0700] "GET / HTTP/1.1" 200 38156 "-" "FreeWebMonitoring SiteChecker/0.2 (+http://www.freewebmonitoring.com/bot.html)" "www.superior-dentistry.com"
54.157.223.134 - - [27/Mar/2016:01:19:17 -0700] "GET / HTTP/1.1" 200 38156 "-" "Ruby" "www.superior-dentistry.com"
54.157.223.134 - - [27/Mar/2016:01:20:15 -0700] "GET / HTTP/1.1" 200 38156 "-" "Ruby" "www.superior-dentistry.com"
198.16.7.150 - - [27/Mar/2016:01:47:13 -0700] "GET / HTTP/1.0" 200 38156 "-" "FreeWebMonitoring SiteChecker/0.2 (+http://www.freewebmonitoring.com/bot.html)" "www.superior-dentistry.com"
198.16.7.150 - - [27/Mar/2016:01:56:00 -0700] "GET / HTTP/1.1" 200 38156 "-" "FreeWebMonitoring SiteChecker/0.2 (+http://www.freewebmonitoring.com/bot.html)" "www.superior-dentistry.com"
65.36.241.48 - - [27/Mar/2016:01:56:59 -0700] "HEAD / HTTP/1.1" 200 0 "-" "InternetSeer.com" "www.superior-dentistry.com"
207.46.13.134 - - [27/Mar/2016:02:17:19 -0700] "GET /?_escaped_fragment_=home/mainPage HTTP/1.1" 200 38156 "-" "Mozilla/5.0 (compatible; bingbot/2.0; +http://www.bing.com/bingbot.htm)" "www.superior-dentistry.com"
180.76.15.23 - - [27/Mar/2016:02:45:11 -0700] "GET /sitemap.xml HTTP/1.1" 200 4803 "-" "Mozilla/5.0 (compatible; Baiduspider/2.0; +http://www.baidu.com/search/spider.html)" "superior-dentistry.com"
40.77.167.2 - - [27/Mar/2016:02:45:49 -0700] "GET /contact-us.php HTTP/1.1" 200 73 "-" "Mozilla/5.0 (iPhone; CPU iPhone OS 7_0 like Mac OS X) AppleWebKit/537.51.1 (KHTML, like Gecko) Version/7.0 Mobile/11A465 Safari/9537.53 (compatible; bingbot/2.0; +http://www.bing.com/bingbot.htm)" "www.superior-dentistry.com"
45.55.229.134 - - [27/Mar/2016:02:48:14 -0700] "GET / HTTP/1.1" 200 38156 "-" "Mozilla/5.0 (Windows NT 6.1; WOW64; rv:21.0) Gecko/20100101 Firefox/21.0" "superior-dentistry.com"
45.55.229.134 - - [27/Mar/2016:02:48:16 -0700] "GET / HTTP/1.1" 200 38156 "-" "Mozilla/5.0 (Windows NT 6.1; WOW64; rv:21.0) Gecko/20100101 Firefox/21.0" "superior-dentistry.com"
45.55.229.134 - - [27/Mar/2016:02:48:17 -0700] "GET /robots.txt HTTP/1.1" 200 49 "-" "Mozilla/5.0 (Windows NT 6.1; WOW64) AppleWebKit/537.36 (KHTML, like Gecko) Chrome/34.0.1847.137 Safari/537.36" "superior-dentistry.com"
45.55.229.134 - - [27/Mar/2016:02:48:18 -0700] "GET /index.html HTTP/1.1" 200 38156 "http://superior-dentistry.com" "Mozilla/5.0 (Windows NT 6.1; WOW64; rv:29.0) Gecko/20100101 Firefox/29.0" "superior-dentistry.com"
45.55.229.134 - - [27/Mar/2016:02:48:18 -0700] "GET /firstvisit.html HTTP/1.1" 200 24042 "http://superior-dentistry.com" "Mozilla/5.0 (Windows NT 6.1; WOW64) AppleWebKit/537.36 (KHTML, like Gecko) Chrome/34.0.1847.131 Safari/537.36" "superior-dentistry.com"
45.55.229.134 - - [27/Mar/2016:02:48:18 -0700] "GET /meet-staff.html HTTP/1.1" 200 22166 "http://superior-dentistry.com" "Mozilla/5.0 (Windows NT 6.3; WOW64) AppleWebKit/537.36 (KHTML, like Gecko) Chrome/34.0.1847.131 Safari/537.36" "superior-dentistry.com"
45.55.229.134 - - [27/Mar/2016:02:48:18 -0700] "GET /testimonials.html HTTP/1.1" 200 24783 "http://superior-dentistry.com" "Mozilla/5.0 (Windows NT 6.1; WOW64) AppleWebKit/537.36 (KHTML, like Gecko) Chrome/34.0.1847.131 Safari/537.36" "superior-dentistry.com"
45.55.229.134 - - [27/Mar/2016:02:48:18 -0700] "GET /Patient-Before-After-Gallery.html HTTP/1.1" 200 23787 "http://superior-dentistry.com" "Mozilla/5.0 (Macintosh; Intel Mac OS X 10_9_2) AppleWebKit/537.75.14 (KHTML, like Gecko) Version/7.0.3 Safari/537.75.14" "superior-dentistry.com"
45.55.229.134 - - [27/Mar/2016:02:48:18 -0700] "GET /Dentistry-Maryland-MD.html HTTP/1.1" 200 30866 "http://superior-dentistry.com" "Mozilla/5.0 (Windows NT 6.1; WOW64) AppleWebKit/537.36 (KHTML, like Gecko) Chrome/34.0.1847.131 Safari/537.36" "superior-dentistry.com"
45.55.229.134 - - [27/Mar/2016:02:48:18 -0700] "GET /index.php HTTP/1.1" 200 73 "http://superior-dentistry.com" "Mozilla/5.0 (Windows NT 6.1; WOW64; rv:21.0) Gecko/20100101 Firefox/21.0" "superior-dentistry.com"
45.55.229.134 - - [27/Mar/2016:02:48:18 -0700] "GET /services.html HTTP/1.1" 200 34114 "http://superior-dentistry.com" "Mozilla/5.0 (Windows NT 6.1; WOW64) AppleWebKit/537.36 (KHTML, like Gecko) Chrome/34.0.1847.131 Safari/537.36" "superior-dentistry.com"
45.55.229.134 - - [27/Mar/2016:02:48:18 -0700] "GET /Dental-Links.html HTTP/1.1" 200 27798 "http://superior-dentistry.com" "Mozilla/5.0 (Macintosh; Intel Mac OS X 10_9_2) AppleWebKit/537.36 (KHTML, like Gecko) Chrome/34.0.1847.131 Safari/537.36" "superior-dentistry.com"
45.55.229.134 - - [27/Mar/2016:02:48:18 -0700] "GET /Dental-Sites-We-Like.html HTTP/1.1" 200 41845 "http://superior-dentistry.com" "Mozilla/5.0 (Windows NT 6.1; WOW64) AppleWebKit/537.36 (KHTML, like Gecko) Chrome/34.0.1847.137 Safari/537.36" "superior-dentistry.com"
45.55.229.134 - - [27/Mar/2016:02:48:18 -0700] "GET /Dental-LinkExchange.html HTTP/1.1" 200 24659 "http://superior-dentistry.com" "Mozilla/5.0 (Macintosh; Intel Mac OS X 10_9_3) AppleWebKit/537.36 (KHTML, like Gecko) Chrome/35.0.1916.114 Safari/537.36" "superior-dentistry.com"
45.55.229.134 - - [27/Mar/2016:02:48:19 -0700] "GET /blog.php HTTP/1.1" 200 103129 "http://superior-dentistry.com" "Mozilla/5.0 (Macintosh; Intel Mac OS X 10_9_3) AppleWebKit/537.36 (KHTML, like Gecko) Chrome/35.0.1916.114 Safari/537.36" "superior-dentistry.com"
45.55.229.134 - - [27/Mar/2016:02:48:19 -0700] "GET /contact-us.html HTTP/1.1" 200 23726 "http://superior-dentistry.com" "Mozilla/5.0 (Macintosh; Intel Mac OS X 10_9_2) AppleWebKit/537.75.14 (KHTML, like Gecko) Version/7.0.3 Safari/537.75.14" "superior-dentistry.com"
45.55.229.134 - - [27/Mar/2016:02:50:48 -0700] "GET /Dentists-Bowie-MD.html HTTP/1.0" 200 27332 "http://superior-dentistry.com" "Mozilla/5.0 (Windows NT 6.1; WOW64) AppleWebKit/537.36 (KHTML, like Gecko) Chrome/34.0.1847.131 Safari/537.36" "superior-dentistry.com"
198.16.7.150 - - [27/Mar/2016:02:56:57 -0700] "GET / HTTP/1.1" 200 38156 "-" "FreeWebMonitoring SiteChecker/0.2 (+http://www.freewebmonitoring.com/bot.html)" "www.superior-dentistry.com"
94.242.195.186 - - [27/Mar/2016:03:48:06 -0700] "GET / HTTP/1.1" 200 38156 "http://burger-imperia.com/" "Mozilla/5.0 (X11; Linux x86_64) AppleWebKit/537.36 (KHTML, like Gecko) Chrome/37.0.2062.120 Safari/537.36" "superior-dentistry.com"
198.16.7.150 - - [27/Mar/2016:03:57:26 -0700] "GET / HTTP/1.1" 200 38156 "-" "FreeWebMonitoring SiteChecker/0.2 (+http://www.freewebmonitoring.com/bot.html)" "www.superior-dentistry.com"
180.76.15.9 - - [27/Mar/2016:04:22:26 -0700] "GET /firstvisit.html HTTP/1.1" 200 24042 "-" "Mozilla/5.0 (compatible; Baiduspider/2.0; +http://www.baidu.com/search/spider.html)" "superior-dentistry.com"
66.249.69.174 - - [27/Mar/2016:04:30:48 -0700] "GET /assets/flash/ZeroClipboard.swf?noCache=1458777600033&trustedOrigins=www.superior-dentistry.com%2C%2F%2Fwww.superior-dentistry.com%2Chttp%3A%2F%2Fwww.superior-dentistry.com HTTP/1.1" 404 89 "-" "Googlebot-Video/1.0" "www.superior-dentistry.com"
198.16.7.150 - - [27/Mar/2016:04:58:21 -0700] "GET / HTTP/1.1" 200 38156 "-" "FreeWebMonitoring SiteChecker/0.2 (+http://www.freewebmonitoring.com/bot.html)" "www.superior-dentistry.com"
180.76.15.25 - - [27/Mar/2016:05:05:18 -0700] "GET /Dentist-Bowie-MD/css/skin.css HTTP/1.1" 200 2073 "-" "Mozilla/5.0 (compatible; Baiduspider/2.0; +http://www.baidu.com/search/spider.html)" "www.superior-dentistry.com"
198.16.7.150 - - [27/Mar/2016:05:59:23 -0700] "GET / HTTP/1.1" 200 38156 "-" "FreeWebMonitoring SiteChecker/0.2 (+http://www.freewebmonitoring.com/bot.html)" "www.superior-dentistry.com"
5.149.254.109 - - [27/Mar/2016:06:16:53 -0700] "GET /wordpress/ HTTP/1.0" 404 73 "-" "Mozilla/4.0 (compatible  MSIE 8.0  Windows NT 6.1  Trident/4.0  MRSPUTNIK 2, 4, 0, 136  SLCC2  .NET CLR 2.0.50727  .NET CLR 3.5.30729  .NET CLR 3.0.30729  Media Center PC 6.0  InfoPath.2)" "superior-dentistry.com"
95.25.17.8 - - [27/Mar/2016:06:38:55 -0700] "GET / HTTP/1.1" 200 38156 "http://yandex.ru/clck/jsredir?from=yandex.ru%3Bsearch%3Bweb%3B%3B&text=&etext=1006.iPD3Xo_hZK__RsfeZmkflV3b5iXLJdrY-UNzHxzaSOusYQZsBDcuLwWYvAR3QTKQ.3b3778dabeffaa80acf55aa1ac764e28666a4957&uuid=&state=AiuY0DBWFJ4ePaEse6rgeAjgs2pI3DW9J0KiE5XNXd0dp0ZMwFHoviUoYa6nzP7MSi3gOS8hVmLpUIKYb0tXCWdJY1B75ZrDYAMV9UMAp7Ebsqqd523qBi6IxU9KRCMfNmTQrpM_eiNeQLdgUpEvBkNlpGhV6n24Lqnhqk1biHrsWFuCtFaVUnyhT8dSdC4NLyRUFCmdJEaHvL0gvDmfXA&data=UlNrNmk5WktYejR0eWJFYk1LdmtxbERZZ19Cci1SeXBpeDNxamdHeDlBNEszWTVVZVpLWENiRWZBbzNwTmJmSGVQbEJ0T3dYdGFkdlp3ZVFjUWtzR19nSmp3blVfcG90VlhzdWpoX3EwNUlPX2RxQ2NCSHlPdw&b64e=2&sign=22c3df0f527425d5fd0fc63521551baa&keyno=0&l10n=ru&cts=1459085625590&mc=4.85726733762" "Mozilla/5.0 (compatible; MSIE 10.0; Windows NT 6.1; WOW64; Trident/7.0)" "www.superior-dentistry.com"
95.25.17.8 - - [27/Mar/2016:06:38:58 -0700] "GET /css/bootstrap-theme.css HTTP/1.1" 200 19156 "http://www.superior-dentistry.com/" "Mozilla/5.0 (compatible; MSIE 10.0; Windows NT 6.1; WOW64; Trident/7.0)" "www.superior-dentistry.com"
95.25.17.8 - - [27/Mar/2016:06:38:58 -0700] "GET /theme.css HTTP/1.1" 200 1926 "http://www.superior-dentistry.com/" "Mozilla/5.0 (compatible; MSIE 10.0; Windows NT 6.1; WOW64; Trident/7.0)" "www.superior-dentistry.com"
95.25.17.8 - - [27/Mar/2016:06:38:58 -0700] "GET /css/font-awesome.css HTTP/1.1" 200 28747 "http://www.superior-dentistry.com/" "Mozilla/5.0 (compatible; MSIE 10.0; Windows NT 6.1; WOW64; Trident/7.0)" "www.superior-dentistry.com"
95.25.17.8 - - [27/Mar/2016:06:38:58 -0700] "GET /css/bootstrap.css HTTP/1.1" 200 138415 "http://www.superior-dentistry.com/" "Mozilla/5.0 (compatible; MSIE 10.0; Windows NT 6.1; WOW64; Trident/7.0)" "www.superior-dentistry.com"[0]
95.25.17.8 - - [27/Mar/2016:06:38:58 -0700] "GET /js/ie-emulation-modes-warning.js HTTP/1.1" 200 2132 "http://www.superior-dentistry.com/" "Mozilla/5.0 (compatible; MSIE 10.0; Windows NT 6.1; WOW64; Trident/7.0)" "www.superior-dentistry.com"
95.25.17.8 - - [27/Mar/2016:06:38:58 -0700] "GET /img/meetdr-ali.jpg HTTP/1.1" 200 60533 "http://www.superior-dentistry.com/" "Mozilla/5.0 (compatible; MSIE 10.0; Windows NT 6.1; WOW64; Trident/7.0)" "www.superior-dentistry.com"
95.25.17.8 - - [27/Mar/2016:06:38:58 -0700] "GET /img/patients-choice-winner-2015.png HTTP/1.1" 200 9818 "http://www.superior-dentistry.com/" "Mozilla/5.0 (compatible; MSIE 10.0; Windows NT 6.1; WOW64; Trident/7.0)" "www.superior-dentistry.com"
95.25.17.8 - - [27/Mar/2016:06:38:58 -0700] "GET /img/slider2.jpg HTTP/1.1" 200 345766 "http://www.superior-dentistry.com/" "Mozilla/5.0 (compatible; MSIE 10.0; Windows NT 6.1; WOW64; Trident/7.0)" "www.superior-dentistry.com"
95.25.17.8 - - [27/Mar/2016:06:38:58 -0700] "GET /img/slider1.jpg HTTP/1.1" 200 268888 "http://www.superior-dentistry.com/" "Mozilla/5.0 (compatible; MSIE 10.0; Windows NT 6.1; WOW64; Trident/7.0)" "www.superior-dentistry.com"
95.25.17.8 - - [27/Mar/2016:06:38:58 -0700] "GET /js/bootstrap.min.js HTTP/1.1" 200 35601 "http://www.superior-dentistry.com/" "Mozilla/5.0 (compatible; MSIE 10.0; Windows NT 6.1; WOW64; Trident/7.0)" "www.superior-dentistry.com"
95.25.17.8 - - [27/Mar/2016:06:38:58 -0700] "GET /js/docs.min.js HTTP/1.1" 200 43299 "http://www.superior-dentistry.com/" "Mozilla/5.0 (compatible; MSIE 10.0; Windows NT 6.1; WOW64; Trident/7.0)" "www.superior-dentistry.com"
95.25.17.8 - - [27/Mar/2016:06:38:58 -0700] "GET /img/oral-pathology.jpg HTTP/1.1" 200 33395 "http://www.superior-dentistry.com/" "Mozilla/5.0 (compatible; MSIE 10.0; Windows NT 6.1; WOW64; Trident/7.0)" "www.superior-dentistry.com"
95.25.17.8 - - [27/Mar/2016:06:39:04 -0700] "GET /img/zocdoc-apt.jpg HTTP/1.1" 200 79396 "http://www.superior-dentistry.com/" "Mozilla/5.0 (compatible; MSIE 10.0; Windows NT 6.1; WOW64; Trident/7.0)" "www.superior-dentistry.com"
71.77.156.221 - - [27/Mar/2016:06:42:03 -0700] "GET /null/InterYield/getSnoozing.do?callback=null.getSnoozing&affiliate=null&subid=null&adCountIntervalHours=12&maxAdCountsPerInterval=3&protocol=http&fulldomain=www.superior-dentistry.com&domain=superior-dentistry.com&title=Tag&fullcleantitle=Tag&secUntilMidnight=51465&metakeywords=&pop=over&check=&attributionDisabled=false&adultdisabled=undefined&iyd=false HTTP/1.1" 404 89 "http://superior-dentistry.com" "Mozilla/5.0 (Windows NT 6.1; WOW64; rv:12.0) Gecko/20100101 Firefox/12.0" "www.superior-dentistry.com"
52.3.146.92 - - [27/Mar/2016:06:52:15 -0700] "GET / HTTP/1.1" 200 38156 "-" "Thumbtack-Thunderdome/1.0" "www.superior-dentistry.com"
52.3.146.92 - - [27/Mar/2016:06:52:17 -0700] "GET /meet-staff.html HTTP/1.1" 200 22166 "-" "Thumbtack-Thunderdome/1.0" "www.superior-dentistry.com"
52.3.146.92 - - [27/Mar/2016:06:52:18 -0700] "GET /services.html HTTP/1.1" 200 34114 "-" "Thumbtack-Thunderdome/1.0" "www.superior-dentistry.com"
52.3.146.92 - - [27/Mar/2016:06:52:25 -0700] "GET /Dentistry-Maryland-MD.html HTTP/1.1" 200 30866 "-" "Thumbtack-Thunderdome/1.0" "www.superior-dentistry.com"
52.3.146.92 - - [27/Mar/2016:06:52:26 -0700] "GET /contact-us.php HTTP/1.1" 200 73 "-" "Thumbtack-Thunderdome/1.0" "www.superior-dentistry.com"
52.3.146.92 - - [27/Mar/2016:06:52:27 -0700] "GET /firstvisit.php HTTP/1.1" 200 73 "-" "Thumbtack-Thunderdome/1.0" "www.superior-dentistry.com"
52.3.146.92 - - [27/Mar/2016:06:52:29 -0700] "GET /testimonials.html HTTP/1.1" 200 24783 "-" "Thumbtack-Thunderdome/1.0" "www.superior-dentistry.com"
52.3.146.92 - - [27/Mar/2016:06:52:30 -0700] "GET /testimonial.html HTTP/1.1" 404 89 "-" "Thumbtack-Thunderdome/1.0" "www.superior-dentistry.com"
52.3.146.92 - - [27/Mar/2016:06:52:31 -0700] "GET / HTTP/1.1" 200 38156 "-" "Thumbtack-Thunderdome/1.0" "www.superior-dentistry.com"
52.3.146.92 - - [27/Mar/2016:06:52:32 -0700] "GET /services.php HTTP/1.1" 200 73 "-" "Thumbtack-Thunderdome/1.0" "www.superior-dentistry.com"
52.3.146.92 - - [27/Mar/2016:06:52:33 -0700] "GET /Dentist-Bowie-MD/Dental-Implants-Maryland-MD.html HTTP/1.1" 200 33055 "-" "Thumbtack-Thunderdome/1.0" "www.superior-dentistry.com"
52.3.146.92 - - [27/Mar/2016:06:52:34 -0700] "GET /Dentists-Bowie-MD.html HTTP/1.1" 200 27332 "-" "Thumbtack-Thunderdome/1.0" "www.superior-dentistry.com"
52.3.146.92 - - [27/Mar/2016:06:52:35 -0700] "GET /index.php HTTP/1.1" 200 73 "-" "Thumbtack-Thunderdome/1.0" "www.superior-dentistry.com"
52.3.146.92 - - [27/Mar/2016:06:52:38 -0700] "GET /dental-implants.html HTTP/1.1" 404 89 "-" "Thumbtack-Thunderdome/1.0" "www.superior-dentistry.com"
52.3.146.92 - - [27/Mar/2016:06:52:39 -0700] "GET /wisdom-teeth.html HTTP/1.1" 404 89 "-" "Thumbtack-Thunderdome/1.0" "www.superior-dentistry.com"
52.3.146.92 - - [27/Mar/2016:06:52:40 -0700] "GET /extractions.html HTTP/1.1" 404 89 "-" "Thumbtack-Thunderdome/1.0" "www.superior-dentistry.com"
52.3.146.92 - - [27/Mar/2016:06:52:41 -0700] "GET /orthognathic-jaw-surgery.html HTTP/1.1" 404 89 "-" "Thumbtack-Thunderdome/1.0" "www.superior-dentistry.com"
52.3.146.92 - - [27/Mar/2016:06:52:43 -0700] "GET /oral-pathology.html HTTP/1.1" 404 89 "-" "Thumbtack-Thunderdome/1.0" "www.superior-dentistry.com"
52.3.146.92 - - [27/Mar/2016:06:52:45 -0700] "GET /Dentist-Bowie-MD/Tooth-Extractions-Maryland-MD.html HTTP/1.1" 200 32565 "-" "Thumbtack-Thunderdome/1.0" "www.superior-dentistry.com"[0]
198.16.7.150 - - [27/Mar/2016:07:00:56 -0700] "GET / HTTP/1.1" 200 38156 "-" "FreeWebMonitoring SiteChecker/0.2 (+http://www.freewebmonitoring.com/bot.html)" "www.superior-dentistry.com"
180.76.15.142 - - [27/Mar/2016:07:15:41 -0700] "GET /Dentist-Bowie-MD/js/PIE.php HTTP/1.1" 200 40673 "-" "Mozilla/5.0 (compatible; Baiduspider/2.0; +http://www.baidu.com/search/spider.html)" "www.superior-dentistry.com"
54.236.1.74 - - [27/Mar/2016:07:41:07 -0700] "GET /Dentist-Bowie-MD/Periodontal-Services-Maryland-MD.html HTTP/1.1" 200 19779 "-" "Pinterest/0.2 (+http://www.pinterest.com/)" "www.superior-dentistry.com"
207.46.13.113 - - [27/Mar/2016:07:58:28 -0700] "GET /Dentist-Bowie-MD/ HTTP/1.1" 200 1706 "-" "Mozilla/5.0 (compatible; bingbot/2.0; +http://www.bing.com/bingbot.htm)" "www.superior-dentistry.com"
198.16.7.150 - - [27/Mar/2016:08:02:12 -0700] "GET / HTTP/1.1" 200 38156 "-" "FreeWebMonitoring SiteChecker/0.2 (+http://www.freewebmonitoring.com/bot.html)" "www.superior-dentistry.com"
180.76.15.151 - - [27/Mar/2016:08:22:12 -0700] "GET /Bowie-Dentists-Sitemap.html HTTP/1.1" 200 28353 "-" "Mozilla/5.0 (compatible; Baiduspider/2.0; +http://www.baidu.com/search/spider.html)" "superior-dentistry.com"
52.3.146.92 - - [27/Mar/2016:08:46:54 -0700] "GET /robots.txt HTTP/1.1" 200 49 "-" "Thumbtack-Thunderdome/1.0" "www.superior-dentistry.com"
52.3.146.92 - - [27/Mar/2016:08:46:54 -0700] "GET / HTTP/1.1" 200 38156 "-" "Thumbtack-Thunderdome/1.0" "www.superior-dentistry.com"
52.3.146.92 - - [27/Mar/2016:08:46:56 -0700] "GET / HTTP/1.1" 200 38156 "-" "Thumbtack-Thunderdome/1.0" "www.superior-dentistry.com"
52.3.146.92 - - [27/Mar/2016:08:46:58 -0700] "GET /services.html HTTP/1.1" 200 34114 "-" "Thumbtack-Thunderdome/1.0" "www.superior-dentistry.com"
52.3.146.92 - - [27/Mar/2016:08:47:01 -0700] "GET /Patient-Before-After-Gallery.html HTTP/1.1" 200 23787 "-" "Thumbtack-Thunderdome/1.0" "www.superior-dentistry.com"[0]
52.3.146.92 - - [27/Mar/2016:08:47:04 -0700] "GET /contact-us.html HTTP/1.1" 200 23726 "-" "Thumbtack-Thunderdome/1.0" "www.superior-dentistry.com"
52.3.146.92 - - [27/Mar/2016:08:47:05 -0700] "GET /Dentistry-Maryland-MD.html HTTP/1.1" 200 30866 "-" "Thumbtack-Thunderdome/1.0" "www.superior-dentistry.com"
52.3.146.92 - - [27/Mar/2016:08:47:07 -0700] "GET /contact-us.php HTTP/1.1" 200 73 "-" "Thumbtack-Thunderdome/1.0" "www.superior-dentistry.com"
52.3.146.92 - - [27/Mar/2016:08:47:08 -0700] "GET /firstvisit.php HTTP/1.1" 200 73 "-" "Thumbtack-Thunderdome/1.0" "www.superior-dentistry.com"
52.3.146.92 - - [27/Mar/2016:08:47:09 -0700] "GET /testimonials.html HTTP/1.1" 200 24783 "-" "Thumbtack-Thunderdome/1.0" "www.superior-dentistry.com"
52.3.146.92 - - [27/Mar/2016:08:47:10 -0700] "GET /testimonial.html HTTP/1.1" 404 89 "-" "Thumbtack-Thunderdome/1.0" "www.superior-dentistry.com"
52.3.146.92 - - [27/Mar/2016:08:47:12 -0700] "GET /Dentist-Bowie-MD/Dental-Implants-Maryland-MD.html HTTP/1.1" 200 33055 "-" "Thumbtack-Thunderdome/1.0" "www.superior-dentistry.com"
52.3.146.92 - - [27/Mar/2016:08:47:13 -0700] "GET /Dentists-Bowie-MD.html HTTP/1.1" 200 27332 "-" "Thumbtack-Thunderdome/1.0" "www.superior-dentistry.com"
52.3.146.92 - - [27/Mar/2016:08:47:15 -0700] "GET /Dental-Links.html HTTP/1.1" 200 27798 "-" "Thumbtack-Thunderdome/1.0" "www.superior-dentistry.com"
52.3.146.92 - - [27/Mar/2016:08:47:17 -0700] "GET /meet-staff.php HTTP/1.1" 200 73 "-" "Thumbtack-Thunderdome/1.0" "www.superior-dentistry.com"
52.3.146.92 - - [27/Mar/2016:08:47:18 -0700] "GET /dental-implants.html HTTP/1.1" 404 89 "-" "Thumbtack-Thunderdome/1.0" "www.superior-dentistry.com"
52.3.146.92 - - [27/Mar/2016:08:47:19 -0700] "GET /wisdom-teeth.html HTTP/1.1" 404 89 "-" "Thumbtack-Thunderdome/1.0" "www.superior-dentistry.com"
52.3.146.92 - - [27/Mar/2016:08:47:24 -0700] "GET /Dentist-Bowie-MD/Tooth-Extractions-Maryland-MD.html HTTP/1.1" 200 32565 "-" "Thumbtack-Thunderdome/1.0" "www.superior-dentistry.com"
182.186.175.232 - - [27/Mar/2016:08:54:18 -0700] "GET /Dental-Sites-We-Like.html HTTP/1.1" 200 41845 "-" "Mozilla/4.0 (compatible; MSIE 7.0; Windows NT 6.1; Trident/4.0; SLCC2; .NET CLR 2.0.50727; .NET CLR 3.5.30729; .NET CLR 3.0.30729; Media Center PC 6.0; .NET4.0C; .NET4.0E)" "www.superior-dentistry.com"
182.186.175.232 - - [27/Mar/2016:08:54:20 -0700] "GET /css/bootstrap-theme.css HTTP/1.1" 200 19156 "http://www.superior-dentistry.com/Dental-Sites-We-Like.html" "Mozilla/4.0 (compatible; MSIE 7.0; Windows NT 6.1; Trident/4.0; SLCC2; .NET CLR 2.0.50727; .NET CLR 3.5.30729; .NET CLR 3.0.30729; Media Center PC 6.0; .NET4.0C; .NET4.0E)" "www.superior-dentistry.com"
182.186.175.232 - - [27/Mar/2016:08:54:24 -0700] "GET /fonts/glyphicons-halflings-regular.eot HTTP/1.1" 404 89 "http://www.superior-dentistry.com/Dental-Sites-We-Like.html" "Mozilla/4.0 (compatible; MSIE 7.0; Windows NT 6.1; Trident/4.0; SLCC2; .NET CLR 2.0.50727; .NET CLR 3.5.30729; .NET CLR 3.0.30729; Media Center PC 6.0; .NET4.0C; .NET4.0E)" "www.superior-dentistry.com"
198.16.7.150 - - [27/Mar/2016:09:02:50 -0700] "GET / HTTP/1.1" 200 38156 "-" "FreeWebMonitoring SiteChecker/0.2 (+http://www.freewebmonitoring.com/bot.html)" "www.superior-dentistry.com"
111.13.102.7 - - [27/Mar/2016:09:12:13 -0700] "GET /robots.txt HTTP/1.1" 200 49 "-" "Mozilla/5.0 (compatible; Baiduspider/2.0; +http://www.baidu.com/search/spider.html)" "www.superior-dentistry.com"
141.8.143.134 - - [27/Mar/2016:09:25:21 -0700] "GET /robots.txt HTTP/1.1" 200 49 "-" "Mozilla/5.0 (compatible; YandexBot/3.0; +http://yandex.com/bots)" "www.superior-dentistry.com"
198.148.27.3 - - [27/Mar/2016:09:31:49 -0700] "GET / HTTP/1.1" 200 38156 "-" "Pulsepoint XT3 web scraper" "superior-dentistry.com"
198.148.27.19 - - [27/Mar/2016:09:31:49 -0700] "GET /css/bootstrap-theme.css HTTP/1.1" 200 19156 "http://superior-dentistry.com/" "Pulsepoint XT3 web scraper" "superior-dentistry.com"
198.148.27.20 - - [27/Mar/2016:09:31:49 -0700] "GET /theme.css HTTP/1.1" 200 1926 "http://superior-dentistry.com/" "Pulsepoint XT3 web scraper" "superior-dentistry.com"
198.148.27.19 - - [27/Mar/2016:09:31:49 -0700] "GET /js/ie10-viewport-bug-workaround.js HTTP/1.1" 200 694 "http://superior-dentistry.com/" "Pulsepoint XT3 web scraper" "superior-dentistry.com"
198.148.27.5 - - [27/Mar/2016:09:31:49 -0700] "GET /js/bootstrap.min.js HTTP/1.1" 200 35601 "http://superior-dentistry.com/" "Pulsepoint XT3 web scraper" "superior-dentistry.com"
198.148.27.3 - - [27/Mar/2016:09:31:49 -0700] "GET /fonts/fontawesome-webfont.ttf?v=4.3.0 HTTP/1.1" 200 122092 "http://superior-dentistry.com/" "Pulsepoint XT3 web scraper" "superior-dentistry.com"
52.0.238.61 - - [27/Mar/2016:10:03:45 -0700] "GET /robots.txt HTTP/1.1" 200 49 "-" "Mozilla/5.0 (compatible; proximic; +http://www.proximic.com/info/spider.php)" "superior-dentistry.com"
198.16.7.150 - - [27/Mar/2016:10:14:10 -0700] "GET / HTTP/1.1" 200 38156 "-" "FreeWebMonitoring SiteChecker/0.2 (+http://www.freewebmonitoring.com/bot.html)" "www.superior-dentistry.com"
65.36.241.48 - - [27/Mar/2016:11:08:42 -0700] "HEAD / HTTP/1.1" 200 0 "-" "InternetSeer.com" "www.superior-dentistry.com"
180.76.15.8 - - [27/Mar/2016:11:11:45 -0700] "GET /Dentist-Bowie-MD/Periodontal-Services-Maryland-MD.html HTTP/1.1" 200 19779 "-" "Mozilla/5.0 (compatible; Baiduspider/2.0; +http://www.baidu.com/search/spider.html)" "www.superior-dentistry.com"
198.16.7.150 - - [27/Mar/2016:11:15:22 -0700] "GET / HTTP/1.1" 200 38156 "-" "FreeWebMonitoring SiteChecker/0.2 (+http://www.freewebmonitoring.com/bot.html)" "www.superior-dentistry.com"
54.91.16.247 - - [27/Mar/2016:11:52:35 -0700] "HEAD / HTTP/1.1" 200 0 "-" "Mozilla/5.0 (Macintosh; Intel Mac OS X 10_7_4) AppleWebKit/537.11 (KHTML, like Gecko)(compatible; http://url-validation.citygrid.com/) Chrome/23.0.1271.95 Safari/537.11" "superior-dentistry.com"
198.16.7.150 - - [27/Mar/2016:12:16:11 -0700] "GET / HTTP/1.1" 200 38156 "-" "FreeWebMonitoring SiteChecker/0.2 (+http://www.freewebmonitoring.com/bot.html)" "www.superior-dentistry.com"
66.249.88.82 - - [27/Mar/2016:12:19:36 -0700] "GET /Bowie-Dentists/images/care4.jpg HTTP/1.1" 200 357042 "https://www.google.com/" "Mozilla/5.0 (Linux; Android 5.1.1; LG-H343 Build/LMY47V) AppleWebKit/537.36 (KHTML, like Gecko) Chrome/49.0.2623.91 Mobile Safari/537.36" "www.superior-dentistry.com"
178.255.215.79 - - [27/Mar/2016:13:10:01 -0700] "GET /robots.txt HTTP/1.1" 200 49 "-" "Mozilla/5.0 (compatible; Exabot/3.0; +http://www.exabot.com/go/robot)" "www.superior-dentistry.com"
178.255.215.79 - - [27/Mar/2016:13:10:01 -0700] "GET / HTTP/1.1" 200 38156 "-" "Mozilla/5.0 (compatible; Exabot/3.0; +http://www.exabot.com/go/robot)" "www.superior-dentistry.com"
131.253.38.67 - - [27/Mar/2016:13:13:40 -0700] "GET /BingSiteAuth.xml HTTP/1.1" 200 85 "-" "Mozilla/5.0 (compatible; MSIE 9.0; Windows NT 7.1; Trident/5.0)" "www.superior-dentistry.com"[0]
198.16.7.150 - - [27/Mar/2016:13:17:38 -0700] "GET / HTTP/1.1" 200 38156 "-" "FreeWebMonitoring SiteChecker/0.2 (+http://www.freewebmonitoring.com/bot.html)" "www.superior-dentistry.com"
180.76.15.160 - - [27/Mar/2016:13:23:33 -0700] "GET /theme.css HTTP/1.1" 200 1926 "-" "Mozilla/5.0 (compatible; Baiduspider/2.0; +http://www.baidu.com/search/spider.html)" "superior-dentistry.com"
199.16.156.125 - - [27/Mar/2016:13:29:10 -0700] "GET /robots.txt HTTP/1.1" 200 49 "-" "Twitterbot/1.0" "www.superior-dentistry.com"
199.16.156.125 - - [27/Mar/2016:13:29:11 -0700] "GET /Dentist-Bowie-MD/Dental-Implants-Maryland-MD HTTP/1.1" 200 33055 "-" "Twitterbot/1.0" "www.superior-dentistry.com"
141.8.143.149 - - [27/Mar/2016:13:51:29 -0700] "GET /Bowie-Dentists/images/offer-31-05-2014-sonicare-brush.jpg HTTP/1.1" 200 13165 "-" "Mozilla/5.0 (compatible; YandexImages/3.0; +http://yandex.com/bots)" "www.superior-dentistry.com"[0]
69.138.254.35 - - [27/Mar/2016:14:12:42 -0700] "GET / HTTP/1.1" 200 38156 "https://www.google.com/" "Mozilla/5.0 (X11; CrOS x86_64 7647.73.0) AppleWebKit/537.36 (KHTML, like Gecko) Chrome/48.0.2564.92 Safari/537.36" "www.superior-dentistry.com"
