198.16.7.150 - - [21/Oct/2016:17:28:32 -0700] "GET / HTTP/1.1" 200 38900 "-" "FreeWebMonitoring SiteChecker/0.2 (+http://www.freewebmonitoring.com/bot.html)" "www.superior-dentistry.com"
207.46.13.200 - - [21/Oct/2016:17:30:30 -0700] "GET /robots.txt HTTP/1.1" 200 49 "-" "Mozilla/5.0 (compatible; bingbot/2.0; +http://www.bing.com/bingbot.htm)" "www.superior-dentistry.com"
40.77.167.35 - - [21/Oct/2016:17:37:17 -0700] "GET /meet-staff.html HTTP/1.1" 200 22168 "-" "Mozilla/5.0 (compatible; bingbot/2.0; +http://www.bing.com/bingbot.htm)" "www.superior-dentistry.com"
198.16.7.150 - - [21/Oct/2016:19:30:07 -0700] "GET / HTTP/1.1" 200 38900 "-" "FreeWebMonitoring SiteChecker/0.2 (+http://www.freewebmonitoring.com/bot.html)" "www.superior-dentistry.com"
54.236.1.11 - - [21/Oct/2016:19:47:59 -0700] "GET /favicon.ico HTTP/1.1" 200 688 "-" "Pinterest/0.2 (+http://www.pinterest.com/)" "www.superior-dentistry.com"
157.55.39.220 - - [21/Oct/2016:20:32:21 -0700] "GET /Dentist-Bowie-MD/images/?S=D HTTP/1.1" 404 89 "-" "Mozilla/5.0 (compatible; bingbot/2.0; +http://www.bing.com/bingbot.htm)" "www.superior-dentistry.com"
157.55.39.220 - - [21/Oct/2016:20:32:21 -0700] "GET /Bowie-Dentists/Dental-Links.html HTTP/1.1" 404 89 "-" "Mozilla/5.0 (compatible; bingbot/2.0; +http://www.bing.com/bingbot.htm)" "www.superior-dentistry.com"
141.8.143.176 - - [21/Oct/2016:20:44:49 -0700] "GET /robots.txt HTTP/1.1" 200 49 "-" "Mozilla/5.0 (compatible; YandexBot/3.0; +http://yandex.com/bots)" "www.superior-dentistry.com"
141.8.143.182 - - [21/Oct/2016:20:44:53 -0700] "GET /meet-staff.html HTTP/1.1" 200 22168 "-" "Mozilla/5.0 (compatible; YandexBot/3.0; +http://yandex.com/bots)" "www.superior-dentistry.com"
54.242.164.91 - - [21/Oct/2016:20:55:29 -0700] "GET / HTTP/1.1" 200 38900 "-" "Mozilla/5.0 (X11; Linux x86_64) AppleWebKit/537.36 (KHTML, like Gecko) Chrome/43.0.2357.134 Safari/537.36 http://notifyninja.com/monitoring" "superior-dentistry.com"
166.216.165.25 - - [21/Oct/2016:21:08:45 -0700] "GET / HTTP/1.1" 200 38900 "-" "Mozilla/5.0 (iPhone; CPU iPhone OS 10_0_2 like Mac OS X) AppleWebKit/602.1.50 (KHTML, like Gecko) Version/10.0 Mobile/14A456 Safari/602.1" "www.superior-dentistry.com"
23.81.233.243 - - [21/Oct/2016:22:04:19 -0700] "GET /contact-us.php HTTP/1.1" 200 73 "-" "Mozilla/5.0 (Macintosh; Intel Mac OS X 10.10; rv:40.0) Gecko/20100101 Firefox/40.0" "www.superior-dentistry.com"
162.158.65.22 - - [21/Oct/2016:22:30:20 -0700] "GET /img/invisalign.jpg HTTP/1.1" 200 142640 "-" "Mozilla/5.0 (compatible; CloudFlare-AlwaysOnline/1.0; +http://www.cloudflare.com/always-online) AppleWebKit/534.34" "www.superior-dentistry.com"[0]
103.21.246.42 - - [21/Oct/2016:22:30:36 -0700] "GET /img/invisalign.jpg HTTP/1.1" 200 142640 "http://rostinformation6t.ga/free-teeth-extraction-in-maryland.html" "Mozilla/5.0 (compatible; CloudFlare-AlwaysOnline/1.0; +http://www.cloudflare.com/always-online) AppleWebKit/534.34" "www.superior-dentistry.com"
141.8.143.176 - - [21/Oct/2016:22:32:27 -0700] "GET /img/SnapOnSmile.jpg HTTP/1.1" 200 71471 "-" "Mozilla/5.0 (compatible; YandexImages/3.0; +http://yandex.com/bots)" "www.superior-dentistry.com"
217.69.133.234 - - [21/Oct/2016:22:52:56 -0700] "GET /robots.txt HTTP/1.1" 200 49 "-" "Mozilla/5.0 (compatible; Linux x86_64; Mail.RU_Bot/2.0; +http://go.mail.ru/help/robots)" "superior-dentistry.com"
180.76.15.136 - - [21/Oct/2016:23:12:20 -0700] "GET /Bowie-Dentists/js/jquery.easing.1.3.js HTTP/1.1" 404 89 "-" "Mozilla/5.0 (compatible; Baiduspider/2.0; +http://www.baidu.com/search/spider.html)" "www.superior-dentistry.com"
141.8.143.194 - - [21/Oct/2016:23:29:19 -0700] "GET /sitemap.xml HTTP/1.1" 200 4530 "-" "Mozilla/5.0 (compatible; YandexBot/3.0; +http://yandex.com/bots)" "superior-dentistry.com"
198.16.7.150 - - [21/Oct/2016:23:35:13 -0700] "GET / HTTP/1.1" 200 38900 "-" "FreeWebMonitoring SiteChecker/0.2 (+http://www.freewebmonitoring.com/bot.html)" "www.superior-dentistry.com"
217.69.133.240 - - [21/Oct/2016:23:43:20 -0700] "GET /index.php HTTP/1.1" 200 73 "-" "Mozilla/5.0 (compatible; Linux x86_64; Mail.RU_Bot/2.0; +http://go.mail.ru/help/robots)" "superior-dentistry.com"
199.16.156.124 - - [22/Oct/2016:00:21:38 -0700] "GET /robots.txt HTTP/1.1" 200 49 "-" "Twitterbot/1.0" "www.superior-dentistry.com"
199.16.156.124 - - [22/Oct/2016:00:21:38 -0700] "GET /images/endodontia-root-canal-treatment.jpg HTTP/1.1" 404 89 "-" "Twitterbot/1.0" "www.superior-dentistry.com"
199.16.156.125 - - [22/Oct/2016:00:21:38 -0700] "GET /robots.txt HTTP/1.1" 200 49 "-" "Twitterbot/1.0" "www.superior-dentistry.com"
199.16.156.125 - - [22/Oct/2016:00:21:38 -0700] "GET /images/logo1.jpg HTTP/1.1" 404 89 "-" "Twitterbot/1.0" "www.superior-dentistry.com"
198.16.7.150 - - [22/Oct/2016:00:36:55 -0700] "GET / HTTP/1.1" 200 38900 "-" "FreeWebMonitoring SiteChecker/0.2 (+http://www.freewebmonitoring.com/bot.html)" "www.superior-dentistry.com"
54.242.164.91 - - [22/Oct/2016:00:55:27 -0700] "GET / HTTP/1.1" 200 38900 "-" "Mozilla/5.0 (X11; Linux x86_64) AppleWebKit/537.36 (KHTML, like Gecko) Chrome/43.0.2357.134 Safari/537.36 http://notifyninja.com/monitoring" "superior-dentistry.com"
157.55.39.165 - - [22/Oct/2016:01:02:43 -0700] "GET /robots.txt HTTP/1.1" 200 49 "-" "Mozilla/5.0 (compatible; bingbot/2.0; +http://www.bing.com/bingbot.htm)" "www.superior-dentistry.com"
207.46.13.199 - - [22/Oct/2016:01:30:34 -0700] "GET /robots.txt HTTP/1.1" 200 49 "-" "Mozilla/5.0 (compatible; bingbot/2.0; +http://www.bing.com/bingbot.htm)" "www.superior-dentistry.com"
198.16.7.150 - - [22/Oct/2016:01:37:35 -0700] "GET / HTTP/1.1" 200 38900 "-" "FreeWebMonitoring SiteChecker/0.2 (+http://www.freewebmonitoring.com/bot.html)" "www.superior-dentistry.com"
35.160.154.27 - - [22/Oct/2016:01:41:10 -0700] "GET /img/offer-31-05-2014-sonicare-brush.jpg HTTP/1.1" 200 13165 "-" "Python-urllib/2.7" "superior-dentistry.com"
207.46.13.199 - - [22/Oct/2016:01:58:50 -0700] "GET /robots.txt HTTP/1.1" 200 49 "-" "Mozilla/5.0 (compatible; bingbot/2.0; +http://www.bing.com/bingbot.htm)" "superior-dentistry.com"[0]
62.212.73.49 - - [22/Oct/2016:02:01:06 -0700] "GET / HTTP/1.1" 200 38900 "http://superior-dentistry.com/" "Mozilla/5.0 (Windows NT 6.1; WOW64) AppleWebKit/537.36 (KHTML, like Gecko) Chrome/44.0.2403.125 Safari/537.36" "superior-dentistry.com"
198.16.7.150 - - [22/Oct/2016:02:39:13 -0700] "GET / HTTP/1.1" 200 38900 "-" "FreeWebMonitoring SiteChecker/0.2 (+http://www.freewebmonitoring.com/bot.html)" "www.superior-dentistry.com"
180.76.15.160 - - [22/Oct/2016:02:43:40 -0700] "GET /Dentistry-Maryland-MD.html HTTP/1.1" 200 30875 "-" "Mozilla/5.0 (compatible; Baiduspider/2.0; +http://www.baidu.com/search/spider.html)" "www.superior-dentistry.com"
198.16.7.150 - - [22/Oct/2016:03:40:53 -0700] "GET / HTTP/1.1" 200 38900 "-" "FreeWebMonitoring SiteChecker/0.2 (+http://www.freewebmonitoring.com/bot.html)" "www.superior-dentistry.com"
180.76.15.162 - - [22/Oct/2016:03:50:39 -0700] "GET /Dentist-Bowie-MD/less/?D=A HTTP/1.1" 200 2563 "-" "Mozilla/5.0 (compatible; Baiduspider/2.0; +http://www.baidu.com/search/spider.html)" "www.superior-dentistry.com"
5.255.250.62 - - [22/Oct/2016:04:01:10 -0700] "GET /robots.txt HTTP/1.1" 200 49 "-" "Mozilla/5.0 (compatible; YandexBot/3.0; +http://yandex.com/bots)" "www.superior-dentistry.com"
5.255.250.70 - - [22/Oct/2016:04:01:14 -0700] "GET /images/endodontia-root-canal-treatment.jpg HTTP/1.1" 404 89 "-" "Mozilla/5.0 (compatible; YandexImages/3.0; +http://yandex.com/bots)" "www.superior-dentistry.com"
157.55.39.165 - - [22/Oct/2016:04:31:38 -0700] "GET /Dentists-Bowie-MD.html HTTP/1.1" 200 27344 "-" "Mozilla/5.0 (compatible; bingbot/2.0; +http://www.bing.com/bingbot.htm)" "www.superior-dentistry.com"[0]
200.185.200.157 - - [22/Oct/2016:04:36:04 -0700] "GET / HTTP/1.1" 200 38900 "http://1-99seo.com/try.php?u=http://superior-dentistry.com" "Mozilla/5.0 (Windows NT 6.1; WOW64) AppleWebKit/537.36 (KHTML, like Gecko) Chrome/36.0.1985.143 Safari/537.36" "superior-dentistry.com"
200.185.200.157 - - [22/Oct/2016:04:36:05 -0700] "GET /css/bootstrap.css HTTP/1.1" 200 138415 "http://superior-dentistry.com/" "Mozilla/5.0 (Windows NT 6.1; WOW64) AppleWebKit/537.36 (KHTML, like Gecko) Chrome/36.0.1985.143 Safari/537.36" "superior-dentistry.com"
200.185.200.157 - - [22/Oct/2016:04:36:05 -0700] "GET /css/bootstrap-theme.css HTTP/1.1" 200 19156 "http://superior-dentistry.com/" "Mozilla/5.0 (Windows NT 6.1; WOW64) AppleWebKit/537.36 (KHTML, like Gecko) Chrome/36.0.1985.143 Safari/537.36" "superior-dentistry.com"
200.185.200.157 - - [22/Oct/2016:04:36:05 -0700] "GET /theme.css HTTP/1.1" 200 1926 "http://superior-dentistry.com/" "Mozilla/5.0 (Windows NT 6.1; WOW64) AppleWebKit/537.36 (KHTML, like Gecko) Chrome/36.0.1985.143 Safari/537.36" "superior-dentistry.com"
200.185.200.157 - - [22/Oct/2016:04:36:05 -0700] "GET /js/ie-emulation-modes-warning.js HTTP/1.1" 200 2132 "http://superior-dentistry.com/" "Mozilla/5.0 (Windows NT 6.1; WOW64) AppleWebKit/537.36 (KHTML, like Gecko) Chrome/36.0.1985.143 Safari/537.36" "superior-dentistry.com"
200.185.200.157 - - [22/Oct/2016:04:36:05 -0700] "GET /js/bootstrap.min.js HTTP/1.1" 200 35601 "http://superior-dentistry.com/" "Mozilla/5.0 (Windows NT 6.1; WOW64) AppleWebKit/537.36 (KHTML, like Gecko) Chrome/36.0.1985.143 Safari/537.36" "superior-dentistry.com"[0]
200.185.200.157 - - [22/Oct/2016:04:36:05 -0700] "GET /js/docs.min.js HTTP/1.1" 200 43299 "http://superior-dentistry.com/" "Mozilla/5.0 (Windows NT 6.1; WOW64) AppleWebKit/537.36 (KHTML, like Gecko) Chrome/36.0.1985.143 Safari/537.36" "superior-dentistry.com"
200.185.200.157 - - [22/Oct/2016:04:36:05 -0700] "GET /js/ie10-viewport-bug-workaround.js HTTP/1.1" 200 694 "http://superior-dentistry.com/" "Mozilla/5.0 (Windows NT 6.1; WOW64) AppleWebKit/537.36 (KHTML, like Gecko) Chrome/36.0.1985.143 Safari/537.36" "superior-dentistry.com"
200.185.200.157 - - [22/Oct/2016:04:36:18 -0700] "GET /css/font-awesome.css HTTP/1.1" 200 28747 "http://superior-dentistry.com/" "Mozilla/5.0 (Windows NT 6.1; WOW64) AppleWebKit/537.36 (KHTML, like Gecko) Chrome/36.0.1985.143 Safari/537.36" "superior-dentistry.com"
200.185.200.157 - - [22/Oct/2016:04:36:22 -0700] "GET /img/logo.jpg HTTP/1.1" 200 139628 "http://superior-dentistry.com/" "Mozilla/5.0 (Windows NT 6.1; WOW64) AppleWebKit/537.36 (KHTML, like Gecko) Chrome/36.0.1985.143 Safari/537.36" "superior-dentistry.com"
200.185.200.157 - - [22/Oct/2016:04:36:22 -0700] "GET /img/dental-implants.jpg HTTP/1.1" 200 22844 "http://superior-dentistry.com/" "Mozilla/5.0 (Windows NT 6.1; WOW64) AppleWebKit/537.36 (KHTML, like Gecko) Chrome/36.0.1985.143 Safari/537.36" "superior-dentistry.com"
200.185.200.157 - - [22/Oct/2016:04:36:22 -0700] "GET /img/jaw-surgery.jpg HTTP/1.1" 200 27058 "http://superior-dentistry.com/" "Mozilla/5.0 (Windows NT 6.1; WOW64) AppleWebKit/537.36 (KHTML, like Gecko) Chrome/36.0.1985.143 Safari/537.36" "superior-dentistry.com"
200.185.200.157 - - [22/Oct/2016:04:36:22 -0700] "GET /img/wisdom-teeth-extraction.jpg HTTP/1.1" 200 23758 "http://superior-dentistry.com/" "Mozilla/5.0 (Windows NT 6.1; WOW64) AppleWebKit/537.36 (KHTML, like Gecko) Chrome/36.0.1985.143 Safari/537.36" "superior-dentistry.com"
200.185.200.157 - - [22/Oct/2016:04:36:22 -0700] "GET /img/extraction.jpg HTTP/1.1" 200 30135 "http://superior-dentistry.com/" "Mozilla/5.0 (Windows NT 6.1; WOW64) AppleWebKit/537.36 (KHTML, like Gecko) Chrome/36.0.1985.143 Safari/537.36" "superior-dentistry.com"
200.185.200.157 - - [22/Oct/2016:04:36:23 -0700] "GET /img/tmj-trauma.jpg HTTP/1.1" 200 22488 "http://superior-dentistry.com/" "Mozilla/5.0 (Windows NT 6.1; WOW64) AppleWebKit/537.36 (KHTML, like Gecko) Chrome/36.0.1985.143 Safari/537.36" "superior-dentistry.com"
200.185.200.157 - - [22/Oct/2016:04:36:23 -0700] "GET /img/slider2.jpg HTTP/1.1" 200 345766 "http://superior-dentistry.com/" "Mozilla/5.0 (Windows NT 6.1; WOW64) AppleWebKit/537.36 (KHTML, like Gecko) Chrome/36.0.1985.143 Safari/537.36" "superior-dentistry.com"
200.185.200.157 - - [22/Oct/2016:04:36:23 -0700] "GET /img/slider1.jpg HTTP/1.1" 200 268888 "http://superior-dentistry.com/" "Mozilla/5.0 (Windows NT 6.1; WOW64) AppleWebKit/537.36 (KHTML, like Gecko) Chrome/36.0.1985.143 Safari/537.36" "superior-dentistry.com"
200.185.200.157 - - [22/Oct/2016:04:36:23 -0700] "GET /img/meetdr-ali.jpg HTTP/1.1" 200 60533 "http://superior-dentistry.com/" "Mozilla/5.0 (Windows NT 6.1; WOW64) AppleWebKit/537.36 (KHTML, like Gecko) Chrome/36.0.1985.143 Safari/537.36" "superior-dentistry.com"
200.185.200.157 - - [22/Oct/2016:04:36:23 -0700] "GET /img/slider3.jpg HTTP/1.1" 200 217901 "http://superior-dentistry.com/" "Mozilla/5.0 (Windows NT 6.1; WOW64) AppleWebKit/537.36 (KHTML, like Gecko) Chrome/36.0.1985.143 Safari/537.36" "superior-dentistry.com"
198.16.7.150 - - [22/Oct/2016:04:42:48 -0700] "GET / HTTP/1.1" 200 38900 "-" "FreeWebMonitoring SiteChecker/0.2 (+http://www.freewebmonitoring.com/bot.html)" "www.superior-dentistry.com"
54.242.164.91 - - [22/Oct/2016:04:55:25 -0700] "GET / HTTP/1.1" 200 38900 "-" "Mozilla/5.0 (X11; Linux x86_64) AppleWebKit/537.36 (KHTML, like Gecko) Chrome/43.0.2357.134 Safari/537.36 http://notifyninja.com/monitoring" "superior-dentistry.com"
199.16.156.124 - - [22/Oct/2016:05:24:48 -0700] "GET /robots.txt HTTP/1.1" 200 49 "-" "Twitterbot/1.0" "www.superior-dentistry.com"
199.16.156.124 - - [22/Oct/2016:05:24:48 -0700] "GET /images/endodontia-root-canal-treatment.jpg HTTP/1.1" 404 89 "-" "Twitterbot/1.0" "www.superior-dentistry.com"
199.16.156.125 - - [22/Oct/2016:05:24:48 -0700] "GET /robots.txt HTTP/1.1" 200 49 "-" "Twitterbot/1.0" "www.superior-dentistry.com"
199.16.156.125 - - [22/Oct/2016:05:24:48 -0700] "GET /images/logo1.jpg HTTP/1.1" 404 89 "-" "Twitterbot/1.0" "www.superior-dentistry.com"
198.16.7.150 - - [22/Oct/2016:05:44:28 -0700] "GET / HTTP/1.1" 200 38900 "-" "FreeWebMonitoring SiteChecker/0.2 (+http://www.freewebmonitoring.com/bot.html)" "www.superior-dentistry.com"
172.58.185.192 - - [22/Oct/2016:06:46:51 -0700] "GET / HTTP/1.1" 200 38900 "-" "Mozilla/5.0 (Linux; Android 6.0.1; SAMSUNG SM-J700T Build/MMB29K) AppleWebKit/537.36 (KHTML, like Gecko) SamsungBrowser/4.0 Chrome/44.0.2403.133 Mobile Safari/537.36" "www.superior-dentistry.com"
172.58.185.192 - - [22/Oct/2016:06:46:51 -0700] "GET /css/bootstrap.css HTTP/1.1" 200 138415 "http://www.superior-dentistry.com/" "Mozilla/5.0 (Linux; Android 6.0.1; SAMSUNG SM-J700T Build/MMB29K) AppleWebKit/537.36 (KHTML, like Gecko) SamsungBrowser/4.0 Chrome/44.0.2403.133 Mobile Safari/537.36" "www.superior-dentistry.com"
172.58.185.192 - - [22/Oct/2016:06:46:51 -0700] "GET /css/bootstrap-theme.css HTTP/1.1" 200 19156 "http://www.superior-dentistry.com/" "Mozilla/5.0 (Linux; Android 6.0.1; SAMSUNG SM-J700T Build/MMB29K) AppleWebKit/537.36 (KHTML, like Gecko) SamsungBrowser/4.0 Chrome/44.0.2403.133 Mobile Safari/537.36" "www.superior-dentistry.com"
172.58.185.192 - - [22/Oct/2016:06:46:51 -0700] "GET /theme.css HTTP/1.1" 200 1926 "http://www.superior-dentistry.com/" "Mozilla/5.0 (Linux; Android 6.0.1; SAMSUNG SM-J700T Build/MMB29K) AppleWebKit/537.36 (KHTML, like Gecko) SamsungBrowser/4.0 Chrome/44.0.2403.133 Mobile Safari/537.36" "www.superior-dentistry.com"
172.58.185.192 - - [22/Oct/2016:06:46:51 -0700] "GET /css/font-awesome.css HTTP/1.1" 200 28747 "http://www.superior-dentistry.com/" "Mozilla/5.0 (Linux; Android 6.0.1; SAMSUNG SM-J700T Build/MMB29K) AppleWebKit/537.36 (KHTML, like Gecko) SamsungBrowser/4.0 Chrome/44.0.2403.133 Mobile Safari/537.36" "www.superior-dentistry.com"
172.58.185.192 - - [22/Oct/2016:06:46:51 -0700] "GET /js/ie-emulation-modes-warning.js HTTP/1.1" 200 2132 "http://www.superior-dentistry.com/" "Mozilla/5.0 (Linux; Android 6.0.1; SAMSUNG SM-J700T Build/MMB29K) AppleWebKit/537.36 (KHTML, like Gecko) SamsungBrowser/4.0 Chrome/44.0.2403.133 Mobile Safari/537.36" "www.superior-dentistry.com"
172.58.185.192 - - [22/Oct/2016:06:46:52 -0700] "GET /js/bootstrap.min.js HTTP/1.1" 200 35601 "http://www.superior-dentistry.com/" "Mozilla/5.0 (Linux; Android 6.0.1; SAMSUNG SM-J700T Build/MMB29K) AppleWebKit/537.36 (KHTML, like Gecko) SamsungBrowser/4.0 Chrome/44.0.2403.133 Mobile Safari/537.36" "www.superior-dentistry.com"
172.58.185.192 - - [22/Oct/2016:06:46:52 -0700] "GET /js/docs.min.js HTTP/1.1" 200 43299 "http://www.superior-dentistry.com/" "Mozilla/5.0 (Linux; Android 6.0.1; SAMSUNG SM-J700T Build/MMB29K) AppleWebKit/537.36 (KHTML, like Gecko) SamsungBrowser/4.0 Chrome/44.0.2403.133 Mobile Safari/537.36" "www.superior-dentistry.com"
172.58.185.192 - - [22/Oct/2016:06:46:52 -0700] "GET /js/ie10-viewport-bug-workaround.js HTTP/1.1" 200 694 "http://www.superior-dentistry.com/" "Mozilla/5.0 (Linux; Android 6.0.1; SAMSUNG SM-J700T Build/MMB29K) AppleWebKit/537.36 (KHTML, like Gecko) SamsungBrowser/4.0 Chrome/44.0.2403.133 Mobile Safari/537.36" "www.superior-dentistry.com"
172.58.185.192 - - [22/Oct/2016:06:46:52 -0700] "GET /img/jaw-surgery.jpg HTTP/1.1" 200 27058 "http://www.superior-dentistry.com/" "Mozilla/5.0 (Linux; Android 6.0.1; SAMSUNG SM-J700T Build/MMB29K) AppleWebKit/537.36 (KHTML, like Gecko) SamsungBrowser/4.0 Chrome/44.0.2403.133 Mobile Safari/537.36" "www.superior-dentistry.com"
172.58.185.192 - - [22/Oct/2016:06:46:52 -0700] "GET /img/extraction.jpg HTTP/1.1" 200 30135 "http://www.superior-dentistry.com/" "Mozilla/5.0 (Linux; Android 6.0.1; SAMSUNG SM-J700T Build/MMB29K) AppleWebKit/537.36 (KHTML, like Gecko) SamsungBrowser/4.0 Chrome/44.0.2403.133 Mobile Safari/537.36" "www.superior-dentistry.com"
172.58.185.192 - - [22/Oct/2016:06:46:52 -0700] "GET /img/tmj-trauma.jpg HTTP/1.1" 200 22488 "http://www.superior-dentistry.com/" "Mozilla/5.0 (Linux; Android 6.0.1; SAMSUNG SM-J700T Build/MMB29K) AppleWebKit/537.36 (KHTML, like Gecko) SamsungBrowser/4.0 Chrome/44.0.2403.133 Mobile Safari/537.36" "www.superior-dentistry.com"
172.58.185.192 - - [22/Oct/2016:06:46:52 -0700] "GET /img/logo.jpg HTTP/1.1" 200 139628 "http://www.superior-dentistry.com/" "Mozilla/5.0 (Linux; Android 6.0.1; SAMSUNG SM-J700T Build/MMB29K) AppleWebKit/537.36 (KHTML, like Gecko) SamsungBrowser/4.0 Chrome/44.0.2403.133 Mobile Safari/537.36" "www.superior-dentistry.com"
172.58.185.192 - - [22/Oct/2016:06:46:52 -0700] "GET /img/offer-31-05-2014-whitening.jpg HTTP/1.1" 200 15686 "http://www.superior-dentistry.com/" "Mozilla/5.0 (Linux; Android 6.0.1; SAMSUNG SM-J700T Build/MMB29K) AppleWebKit/537.36 (KHTML, like Gecko) SamsungBrowser/4.0 Chrome/44.0.2403.133 Mobile Safari/537.36" "www.superior-dentistry.com"
172.58.185.192 - - [22/Oct/2016:06:46:52 -0700] "GET /img/slider2.jpg HTTP/1.1" 200 345766 "http://www.superior-dentistry.com/" "Mozilla/5.0 (Linux; Android 6.0.1; SAMSUNG SM-J700T Build/MMB29K) AppleWebKit/537.36 (KHTML, like Gecko) SamsungBrowser/4.0 Chrome/44.0.2403.133 Mobile Safari/537.36" "www.superior-dentistry.com"
172.58.185.192 - - [22/Oct/2016:06:46:52 -0700] "GET /img/dental-implants.jpg HTTP/1.1" 200 22844 "http://www.superior-dentistry.com/" "Mozilla/5.0 (Linux; Android 6.0.1; SAMSUNG SM-J700T Build/MMB29K) AppleWebKit/537.36 (KHTML, like Gecko) SamsungBrowser/4.0 Chrome/44.0.2403.133 Mobile Safari/537.36" "www.superior-dentistry.com"
172.58.185.192 - - [22/Oct/2016:06:46:52 -0700] "GET /img/meetdr-melika.jpg HTTP/1.1" 200 75968 "http://www.superior-dentistry.com/" "Mozilla/5.0 (Linux; Android 6.0.1; SAMSUNG SM-J700T Build/MMB29K) AppleWebKit/537.36 (KHTML, like Gecko) SamsungBrowser/4.0 Chrome/44.0.2403.133 Mobile Safari/537.36" "www.superior-dentistry.com"
172.58.185.192 - - [22/Oct/2016:06:46:52 -0700] "GET /fonts/fontawesome-webfont.woff2?v=4.3.0 HTTP/1.1" 200 56780 "http://www.superior-dentistry.com/css/font-awesome.css" "Mozilla/5.0 (Linux; Android 6.0.1; SAMSUNG SM-J700T Build/MMB29K) AppleWebKit/537.36 (KHTML, like Gecko) SamsungBrowser/4.0 Chrome/44.0.2403.133 Mobile Safari/537.36" "www.superior-dentistry.com"[0]
172.58.185.192 - - [22/Oct/2016:06:46:52 -0700] "GET /img/patients-choice-winner-2015.png HTTP/1.1" 200 9818 "http://www.superior-dentistry.com/" "Mozilla/5.0 (Linux; Android 6.0.1; SAMSUNG SM-J700T Build/MMB29K) AppleWebKit/537.36 (KHTML, like Gecko) SamsungBrowser/4.0 Chrome/44.0.2403.133 Mobile Safari/537.36" "www.superior-dentistry.com"
172.58.185.192 - - [22/Oct/2016:06:46:53 -0700] "GET /img/zocdoc-apt.jpg HTTP/1.1" 200 79396 "http://www.superior-dentistry.com/" "Mozilla/5.0 (Linux; Android 6.0.1; SAMSUNG SM-J700T Build/MMB29K) AppleWebKit/537.36 (KHTML, like Gecko) SamsungBrowser/4.0 Chrome/44.0.2403.133 Mobile Safari/537.36" "www.superior-dentistry.com"
35.160.251.154 - - [22/Oct/2016:06:47:21 -0700] "GET /img/slider3.jpg HTTP/1.1" 200 217901 "-" "Python-urllib/2.7" "superior-dentistry.com"
65.36.241.48 - - [22/Oct/2016:06:49:48 -0700] "HEAD / HTTP/1.1" 200 0 "-" "InternetSeer.com" "www.superior-dentistry.com"
163.172.68.122 - - [22/Oct/2016:06:59:19 -0700] "GET /robots.txt HTTP/1.1" 200 49 "-" "Mozilla/5.0 (compatible; MJ12bot/v1.4.6; http://mj12bot.com/)" "superior-dentistry.com"
163.172.68.122 - - [22/Oct/2016:06:59:21 -0700] "GET /%E2%80%9Dhttp://www.nicedentist.com HTTP/1.1" 404 89 "-" "Mozilla/5.0 (compatible; MJ12bot/v1.4.6; http://mj12bot.com/)" "superior-dentistry.com"
163.172.68.122 - - [22/Oct/2016:06:59:44 -0700] "GET /robots.txt HTTP/1.1" 200 49 "-" "Mozilla/5.0 (compatible; MJ12bot/v1.4.6; http://mj12bot.com/)" "www.superior-dentistry.com"
163.172.68.122 - - [22/Oct/2016:06:59:50 -0700] "GET /%E2%80%9Dhttp://www.nicedentist.com HTTP/1.1" 404 89 "-" "Mozilla/5.0 (compatible; MJ12bot/v1.4.6; http://mj12bot.com/)" "www.superior-dentistry.com"
178.255.215.79 - - [22/Oct/2016:07:03:00 -0700] "GET /robots.txt HTTP/1.1" 200 49 "-" "Mozilla/5.0 (compatible; Exabot/3.0; +http://www.exabot.com/go/robot)" "www.superior-dentistry.com"
178.255.215.79 - - [22/Oct/2016:07:03:00 -0700] "GET /Dentist-Bowie-MD/meet-staff.html HTTP/1.1" 404 89 "-" "Mozilla/5.0 (compatible; Exabot/3.0; +http://www.exabot.com/go/robot)" "www.superior-dentistry.com"
96.255.194.107 - - [22/Oct/2016:07:38:53 -0700] "GET / HTTP/1.1" 200 38900 "https://www.google.com/" "Mozilla/5.0 (iPad; CPU OS 10_0_2 like Mac OS X) AppleWebKit/600.1.4 (KHTML, like Gecko) GSA/19.0.133715217 Mobile/14A456 Safari/600.1.4" "www.superior-dentistry.com"
96.255.194.107 - - [22/Oct/2016:07:38:53 -0700] "GET /theme.css HTTP/1.1" 200 1926 "http://www.superior-dentistry.com/" "Mozilla/5.0 (iPad; CPU OS 10_0_2 like Mac OS X) AppleWebKit/600.1.4 (KHTML, like Gecko) GSA/19.0.133715217 Mobile/14A456 Safari/600.1.4" "www.superior-dentistry.com"
96.255.194.107 - - [22/Oct/2016:07:38:53 -0700] "GET /css/bootstrap-theme.css HTTP/1.1" 200 19156 "http://www.superior-dentistry.com/" "Mozilla/5.0 (iPad; CPU OS 10_0_2 like Mac OS X) AppleWebKit/600.1.4 (KHTML, like Gecko) GSA/19.0.133715217 Mobile/14A456 Safari/600.1.4" "www.superior-dentistry.com"
96.255.194.107 - - [22/Oct/2016:07:38:53 -0700] "GET /css/font-awesome.css HTTP/1.1" 200 28747 "http://www.superior-dentistry.com/" "Mozilla/5.0 (iPad; CPU OS 10_0_2 like Mac OS X) AppleWebKit/600.1.4 (KHTML, like Gecko) GSA/19.0.133715217 Mobile/14A456 Safari/600.1.4" "www.superior-dentistry.com"
96.255.194.107 - - [22/Oct/2016:07:38:53 -0700] "GET /js/ie-emulation-modes-warning.js HTTP/1.1" 200 2132 "http://www.superior-dentistry.com/" "Mozilla/5.0 (iPad; CPU OS 10_0_2 like Mac OS X) AppleWebKit/600.1.4 (KHTML, like Gecko) GSA/19.0.133715217 Mobile/14A456 Safari/600.1.4" "www.superior-dentistry.com"
96.255.194.107 - - [22/Oct/2016:07:38:53 -0700] "GET /js/ie10-viewport-bug-workaround.js HTTP/1.1" 200 694 "http://www.superior-dentistry.com/" "Mozilla/5.0 (iPad; CPU OS 10_0_2 like Mac OS X) AppleWebKit/600.1.4 (KHTML, like Gecko) GSA/19.0.133715217 Mobile/14A456 Safari/600.1.4" "www.superior-dentistry.com"
96.255.194.107 - - [22/Oct/2016:07:38:53 -0700] "GET /css/bootstrap.css HTTP/1.1" 200 138415 "http://www.superior-dentistry.com/" "Mozilla/5.0 (iPad; CPU OS 10_0_2 like Mac OS X) AppleWebKit/600.1.4 (KHTML, like Gecko) GSA/19.0.133715217 Mobile/14A456 Safari/600.1.4" "www.superior-dentistry.com"
96.255.194.107 - - [22/Oct/2016:07:38:53 -0700] "GET /js/docs.min.js HTTP/1.1" 200 43299 "http://www.superior-dentistry.com/" "Mozilla/5.0 (iPad; CPU OS 10_0_2 like Mac OS X) AppleWebKit/600.1.4 (KHTML, like Gecko) GSA/19.0.133715217 Mobile/14A456 Safari/600.1.4" "www.superior-dentistry.com"[0]
96.255.194.107 - - [22/Oct/2016:07:38:53 -0700] "GET /js/bootstrap.min.js HTTP/1.1" 200 35601 "http://www.superior-dentistry.com/" "Mozilla/5.0 (iPad; CPU OS 10_0_2 like Mac OS X) AppleWebKit/600.1.4 (KHTML, like Gecko) GSA/19.0.133715217 Mobile/14A456 Safari/600.1.4" "www.superior-dentistry.com"[0]
96.255.194.107 - - [22/Oct/2016:07:38:53 -0700] "GET /img/dental-implants.jpg HTTP/1.1" 200 22844 "http://www.superior-dentistry.com/" "Mozilla/5.0 (iPad; CPU OS 10_0_2 like Mac OS X) AppleWebKit/600.1.4 (KHTML, like Gecko) GSA/19.0.133715217 Mobile/14A456 Safari/600.1.4" "www.superior-dentistry.com"
96.255.194.107 - - [22/Oct/2016:07:38:53 -0700] "GET /img/logo.jpg HTTP/1.1" 200 139628 "http://www.superior-dentistry.com/" "Mozilla/5.0 (iPad; CPU OS 10_0_2 like Mac OS X) AppleWebKit/600.1.4 (KHTML, like Gecko) GSA/19.0.133715217 Mobile/14A456 Safari/600.1.4" "www.superior-dentistry.com"
96.255.194.107 - - [22/Oct/2016:07:38:53 -0700] "GET /img/jaw-surgery.jpg HTTP/1.1" 200 27058 "http://www.superior-dentistry.com/" "Mozilla/5.0 (iPad; CPU OS 10_0_2 like Mac OS X) AppleWebKit/600.1.4 (KHTML, like Gecko) GSA/19.0.133715217 Mobile/14A456 Safari/600.1.4" "www.superior-dentistry.com"
96.255.194.107 - - [22/Oct/2016:07:38:53 -0700] "GET /img/wisdom-teeth-extraction.jpg HTTP/1.1" 200 23758 "http://www.superior-dentistry.com/" "Mozilla/5.0 (iPad; CPU OS 10_0_2 like Mac OS X) AppleWebKit/600.1.4 (KHTML, like Gecko) GSA/19.0.133715217 Mobile/14A456 Safari/600.1.4" "www.superior-dentistry.com"
96.255.194.107 - - [22/Oct/2016:07:38:53 -0700] "GET /img/oral-pathology.jpg HTTP/1.1" 200 33395 "http://www.superior-dentistry.com/" "Mozilla/5.0 (iPad; CPU OS 10_0_2 like Mac OS X) AppleWebKit/600.1.4 (KHTML, like Gecko) GSA/19.0.133715217 Mobile/14A456 Safari/600.1.4" "www.superior-dentistry.com"
96.255.194.107 - - [22/Oct/2016:07:38:53 -0700] "GET /img/tmj-trauma.jpg HTTP/1.1" 200 22488 "http://www.superior-dentistry.com/" "Mozilla/5.0 (iPad; CPU OS 10_0_2 like Mac OS X) AppleWebKit/600.1.4 (KHTML, like Gecko) GSA/19.0.133715217 Mobile/14A456 Safari/600.1.4" "www.superior-dentistry.com"
96.255.194.107 - - [22/Oct/2016:07:38:53 -0700] "GET /img/slider1.jpg HTTP/1.1" 200 268888 "http://www.superior-dentistry.com/" "Mozilla/5.0 (iPad; CPU OS 10_0_2 like Mac OS X) AppleWebKit/600.1.4 (KHTML, like Gecko) GSA/19.0.133715217 Mobile/14A456 Safari/600.1.4" "www.superior-dentistry.com"
96.255.194.107 - - [22/Oct/2016:07:38:53 -0700] "GET /img/slider3.jpg HTTP/1.1" 200 217901 "http://www.superior-dentistry.com/" "Mozilla/5.0 (iPad; CPU OS 10_0_2 like Mac OS X) AppleWebKit/600.1.4 (KHTML, like Gecko) GSA/19.0.133715217 Mobile/14A456 Safari/600.1.4" "www.superior-dentistry.com"
96.255.194.107 - - [22/Oct/2016:07:38:53 -0700] "GET /img/meetdr-melika.jpg HTTP/1.1" 200 75968 "http://www.superior-dentistry.com/" "Mozilla/5.0 (iPad; CPU OS 10_0_2 like Mac OS X) AppleWebKit/600.1.4 (KHTML, like Gecko) GSA/19.0.133715217 Mobile/14A456 Safari/600.1.4" "www.superior-dentistry.com"
96.255.194.107 - - [22/Oct/2016:07:38:53 -0700] "GET /img/slider2.jpg HTTP/1.1" 200 345766 "http://www.superior-dentistry.com/" "Mozilla/5.0 (iPad; CPU OS 10_0_2 like Mac OS X) AppleWebKit/600.1.4 (KHTML, like Gecko) GSA/19.0.133715217 Mobile/14A456 Safari/600.1.4" "www.superior-dentistry.com"
96.255.194.107 - - [22/Oct/2016:07:38:53 -0700] "GET /fonts/fontawesome-webfont.woff2?v=4.3.0 HTTP/1.1" 200 56780 "http://www.superior-dentistry.com/" "Mozilla/5.0 (iPad; CPU OS 10_0_2 like Mac OS X) AppleWebKit/600.1.4 (KHTML, like Gecko) GSA/19.0.133715217 Mobile/14A456 Safari/600.1.4" "www.superior-dentistry.com"
96.255.194.107 - - [22/Oct/2016:07:38:53 -0700] "GET /img/meetdr-ali.jpg HTTP/1.1" 200 60533 "http://www.superior-dentistry.com/" "Mozilla/5.0 (iPad; CPU OS 10_0_2 like Mac OS X) AppleWebKit/600.1.4 (KHTML, like Gecko) GSA/19.0.133715217 Mobile/14A456 Safari/600.1.4" "www.superior-dentistry.com"
96.255.194.107 - - [22/Oct/2016:07:38:53 -0700] "GET /img/offer-31-05-2014-new-patient.jpg HTTP/1.1" 200 15365 "http://www.superior-dentistry.com/" "Mozilla/5.0 (iPad; CPU OS 10_0_2 like Mac OS X) AppleWebKit/600.1.4 (KHTML, like Gecko) GSA/19.0.133715217 Mobile/14A456 Safari/600.1.4" "www.superior-dentistry.com"
96.255.194.107 - - [22/Oct/2016:07:38:53 -0700] "GET /img/offer-31-05-2014-sonicare-brush.jpg HTTP/1.1" 200 13165 "http://www.superior-dentistry.com/" "Mozilla/5.0 (iPad; CPU OS 10_0_2 like Mac OS X) AppleWebKit/600.1.4 (KHTML, like Gecko) GSA/19.0.133715217 Mobile/14A456 Safari/600.1.4" "www.superior-dentistry.com"
96.255.194.107 - - [22/Oct/2016:07:38:53 -0700] "GET /img/offer-31-05-2014-whitening.jpg HTTP/1.1" 200 15686 "http://www.superior-dentistry.com/" "Mozilla/5.0 (iPad; CPU OS 10_0_2 like Mac OS X) AppleWebKit/600.1.4 (KHTML, like Gecko) GSA/19.0.133715217 Mobile/14A456 Safari/600.1.4" "www.superior-dentistry.com"
96.255.194.107 - - [22/Oct/2016:07:38:53 -0700] "GET /img/patients-choice-winner-2015.png HTTP/1.1" 200 9818 "http://www.superior-dentistry.com/" "Mozilla/5.0 (iPad; CPU OS 10_0_2 like Mac OS X) AppleWebKit/600.1.4 (KHTML, like Gecko) GSA/19.0.133715217 Mobile/14A456 Safari/600.1.4" "www.superior-dentistry.com"
96.255.194.107 - - [22/Oct/2016:07:38:53 -0700] "GET /img/zocdoc-apt.jpg HTTP/1.1" 200 79396 "http://www.superior-dentistry.com/" "Mozilla/5.0 (iPad; CPU OS 10_0_2 like Mac OS X) AppleWebKit/600.1.4 (KHTML, like Gecko) GSA/19.0.133715217 Mobile/14A456 Safari/600.1.4" "www.superior-dentistry.com"
198.16.7.150 - - [22/Oct/2016:07:47:38 -0700] "GET / HTTP/1.1" 200 38900 "-" "FreeWebMonitoring SiteChecker/0.2 (+http://www.freewebmonitoring.com/bot.html)" "www.superior-dentistry.com"
54.225.17.70 - - [22/Oct/2016:07:52:28 -0700] "GET / HTTP/1.1" 200 38900 "-" "Mozilla/5.0 (Macintosh; Intel Mac OS X 10_9_4) AppleWebKit/537.36 (KHTML, like Gecko) Chrome/37.0.2062.124 Safari/537.36" "www.superior-dentistry.com"
54.242.164.91 - - [22/Oct/2016:08:55:29 -0700] "GET / HTTP/1.1" 200 38900 "-" "Mozilla/5.0 (X11; Linux x86_64) AppleWebKit/537.36 (KHTML, like Gecko) Chrome/43.0.2357.134 Safari/537.36 http://notifyninja.com/monitoring" "superior-dentistry.com"
157.55.39.165 - - [22/Oct/2016:09:07:48 -0700] "GET /robots.txt HTTP/1.1" 200 49 "-" "Mozilla/5.0 (compatible; bingbot/2.0; +http://www.bing.com/bingbot.htm)" "www.superior-dentistry.com"
198.16.7.150 - - [22/Oct/2016:09:49:36 -0700] "GET / HTTP/1.1" 200 38900 "-" "FreeWebMonitoring SiteChecker/0.2 (+http://www.freewebmonitoring.com/bot.html)" "www.superior-dentistry.com"
100.43.81.142 - - [22/Oct/2016:10:12:54 -0700] "GET /firstvisit.php HTTP/1.1" 200 73 "-" "Mozilla/5.0 (compatible; YandexBot/3.0; +http://yandex.com/bots)" "www.superior-dentistry.com"
96.86.14.214 - - [22/Oct/2016:10:30:46 -0700] "GET /img/dental-implants.jpg HTTP/1.1" 200 22844 "http://www.superior-dentistry.com/" "Mozilla/5.0 (iPhone; CPU iPhone OS 10_0_1 like Mac OS X) AppleWebKit/602.1.50 (KHTML, like Gecko) Version/10.0 Mobile/14A403 Safari/602.1" "www.superior-dentistry.com"
96.86.14.214 - - [22/Oct/2016:10:30:46 -0700] "GET /img/extraction.jpg HTTP/1.1" 200 30135 "http://www.superior-dentistry.com/" "Mozilla/5.0 (iPhone; CPU iPhone OS 10_0_1 like Mac OS X) AppleWebKit/602.1.50 (KHTML, like Gecko) Version/10.0 Mobile/14A403 Safari/602.1" "www.superior-dentistry.com"
96.86.14.214 - - [22/Oct/2016:10:30:46 -0700] "GET /img/tmj-trauma.jpg HTTP/1.1" 200 22488 "http://www.superior-dentistry.com/" "Mozilla/5.0 (iPhone; CPU iPhone OS 10_0_1 like Mac OS X) AppleWebKit/602.1.50 (KHTML, like Gecko) Version/10.0 Mobile/14A403 Safari/602.1" "www.superior-dentistry.com"
96.86.14.214 - - [22/Oct/2016:10:30:46 -0700] "GET /img/slider1.jpg HTTP/1.1" 200 268888 "http://www.superior-dentistry.com/" "Mozilla/5.0 (iPhone; CPU iPhone OS 10_0_1 like Mac OS X) AppleWebKit/602.1.50 (KHTML, like Gecko) Version/10.0 Mobile/14A403 Safari/602.1" "www.superior-dentistry.com"
96.86.14.214 - - [22/Oct/2016:10:30:46 -0700] "GET /img/slider2.jpg HTTP/1.1" 200 345766 "http://www.superior-dentistry.com/" "Mozilla/5.0 (iPhone; CPU iPhone OS 10_0_1 like Mac OS X) AppleWebKit/602.1.50 (KHTML, like Gecko) Version/10.0 Mobile/14A403 Safari/602.1" "www.superior-dentistry.com"
96.86.14.214 - - [22/Oct/2016:10:30:46 -0700] "GET /img/slider3.jpg HTTP/1.1" 200 217901 "http://www.superior-dentistry.com/" "Mozilla/5.0 (iPhone; CPU iPhone OS 10_0_1 like Mac OS X) AppleWebKit/602.1.50 (KHTML, like Gecko) Version/10.0 Mobile/14A403 Safari/602.1" "www.superior-dentistry.com"
96.86.14.214 - - [22/Oct/2016:10:30:46 -0700] "GET /img/offer-31-05-2014-new-patient.jpg HTTP/1.1" 200 15365 "http://www.superior-dentistry.com/" "Mozilla/5.0 (iPhone; CPU iPhone OS 10_0_1 like Mac OS X) AppleWebKit/602.1.50 (KHTML, like Gecko) Version/10.0 Mobile/14A403 Safari/602.1" "www.superior-dentistry.com"
96.86.14.214 - - [22/Oct/2016:10:30:46 -0700] "GET /img/patients-choice-winner-2015.png HTTP/1.1" 200 9818 "http://www.superior-dentistry.com/" "Mozilla/5.0 (iPhone; CPU iPhone OS 10_0_1 like Mac OS X) AppleWebKit/602.1.50 (KHTML, like Gecko) Version/10.0 Mobile/14A403 Safari/602.1" "www.superior-dentistry.com"
198.16.7.150 - - [22/Oct/2016:11:11:27 -0700] "GET / HTTP/1.1" 200 38900 "-" "FreeWebMonitoring SiteChecker/0.2 (+http://www.freewebmonitoring.com/bot.html)" "www.superior-dentistry.com"
192.126.135.163 - - [22/Oct/2016:11:13:56 -0700] "GET /dental-linkexchange.html HTTP/1.1" 404 89 "-" "Mozilla/5.0 (X11; Ubuntu; Linux x86_64; rv:26.0) Gecko/20100101 Firefox/26.0" "www.superior-dentistry.com"
192.126.155.150 - - [22/Oct/2016:11:14:24 -0700] "GET /dental-linkexchange.html HTTP/1.1" 404 89 "-" "Mozilla/5.0 (X11; Ubuntu; Linux x86_64; rv:26.0) Gecko/20100101 Firefox/26.0" "www.superior-dentistry.com"
54.242.164.91 - - [22/Oct/2016:12:55:29 -0700] "GET / HTTP/1.1" 200 38900 "-" "Mozilla/5.0 (X11; Linux x86_64) AppleWebKit/537.36 (KHTML, like Gecko) Chrome/43.0.2357.134 Safari/537.36 http://notifyninja.com/monitoring" "superior-dentistry.com"
68.33.90.199 - - [22/Oct/2016:12:55:33 -0700] "GET /contact-us.html HTTP/1.1" 200 23728 "-" "Mozilla/5.0 (Macintosh; Intel Mac OS X 10_12) AppleWebKit/602.1.50 (KHTML, like Gecko)" "www.superior-dentistry.com"
68.33.90.199 - - [22/Oct/2016:12:55:33 -0700] "GET /apple-touch-icon-precomposed.png HTTP/1.1" 404 89 "-" "Safari/12602.1.50.0.10 CFNetwork/807.0.4 Darwin/16.0.0 (x86_64)" "www.superior-dentistry.com"
68.33.90.199 - - [22/Oct/2016:12:55:33 -0700] "GET /apple-touch-icon.png HTTP/1.1" 404 89 "-" "Safari/12602.1.50.0.10 CFNetwork/807.0.4 Darwin/16.0.0 (x86_64)" "www.superior-dentistry.com"
68.33.90.199 - - [22/Oct/2016:12:55:33 -0700] "GET /favicon.ico HTTP/1.1" 200 688 "-" "Safari/12602.1.50.0.10 CFNetwork/807.0.4 Darwin/16.0.0 (x86_64)" "www.superior-dentistry.com"
68.33.90.199 - - [22/Oct/2016:12:55:33 -0700] "GET /apple-touch-icon-precomposed.png HTTP/1.1" 404 89 "-" "Safari/12602.1.50.0.10 CFNetwork/807.0.4 Darwin/16.0.0 (x86_64)" "www.superior-dentistry.com"
68.33.90.199 - - [22/Oct/2016:12:55:33 -0700] "GET /apple-touch-icon.png HTTP/1.1" 404 89 "-" "Safari/12602.1.50.0.10 CFNetwork/807.0.4 Darwin/16.0.0 (x86_64)" "www.superior-dentistry.com"
180.76.15.135 - - [22/Oct/2016:13:00:28 -0700] "GET /Dentist-Bowie-MD/index.html HTTP/1.1" 404 89 "-" "Mozilla/5.0 (compatible; Baiduspider/2.0; +http://www.baidu.com/search/spider.html)" "www.superior-dentistry.com"
157.55.39.165 - - [22/Oct/2016:14:11:01 -0700] "GET /Bowie-Dentists/firstvisit.html HTTP/1.1" 404 89 "-" "Mozilla/5.0 (compatible; bingbot/2.0; +http://www.bing.com/bingbot.htm)" "superior-dentistry.com"
198.16.7.150 - - [22/Oct/2016:14:13:38 -0700] "GET / HTTP/1.1" 200 38900 "-" "FreeWebMonitoring SiteChecker/0.2 (+http://www.freewebmonitoring.com/bot.html)" "www.superior-dentistry.com"
180.76.15.25 - - [22/Oct/2016:14:15:37 -0700] "GET /robots.txt HTTP/1.1" 200 49 "-" "Mozilla/5.0 (Windows NT 5.1; rv:6.0.2) Gecko/20100101 Firefox/6.0.2" "www.superior-dentistry.com"
179.192.141.159 - - [22/Oct/2016:14:24:33 -0700] "GET / HTTP/1.1" 200 38900 "http://1-99seo.com/try.php?u=http://superior-dentistry.com" "Mozilla/5.0 (Windows NT 6.1; WOW64) AppleWebKit/537.36 (KHTML, like Gecko) Chrome/47.0.2526.111 Safari/537.36" "superior-dentistry.com"
179.192.141.159 - - [22/Oct/2016:14:24:36 -0700] "GET /css/bootstrap.css HTTP/1.1" 200 138415 "http://superior-dentistry.com/" "Mozilla/5.0 (Windows NT 6.1; WOW64) AppleWebKit/537.36 (KHTML, like Gecko) Chrome/47.0.2526.111 Safari/537.36" "superior-dentistry.com"
179.192.141.159 - - [22/Oct/2016:14:24:36 -0700] "GET /css/font-awesome.css HTTP/1.1" 200 28747 "http://superior-dentistry.com/" "Mozilla/5.0 (Windows NT 6.1; WOW64) AppleWebKit/537.36 (KHTML, like Gecko) Chrome/47.0.2526.111 Safari/537.36" "superior-dentistry.com"
179.192.141.159 - - [22/Oct/2016:14:24:37 -0700] "GET /css/bootstrap-theme.css HTTP/1.1" 200 19156 "http://superior-dentistry.com/" "Mozilla/5.0 (Windows NT 6.1; WOW64) AppleWebKit/537.36 (KHTML, like Gecko) Chrome/47.0.2526.111 Safari/537.36" "superior-dentistry.com"[0]
179.192.141.159 - - [22/Oct/2016:14:24:37 -0700] "GET /theme.css HTTP/1.1" 200 1926 "http://superior-dentistry.com/" "Mozilla/5.0 (Windows NT 6.1; WOW64) AppleWebKit/537.36 (KHTML, like Gecko) Chrome/47.0.2526.111 Safari/537.36" "superior-dentistry.com"[0]
179.192.141.159 - - [22/Oct/2016:14:24:37 -0700] "GET /js/ie-emulation-modes-warning.js HTTP/1.1" 200 2132 "http://superior-dentistry.com/" "Mozilla/5.0 (Windows NT 6.1; WOW64) AppleWebKit/537.36 (KHTML, like Gecko) Chrome/47.0.2526.111 Safari/537.36" "superior-dentistry.com"
179.192.141.159 - - [22/Oct/2016:14:24:38 -0700] "GET /js/ie10-viewport-bug-workaround.js HTTP/1.1" 200 694 "http://superior-dentistry.com/" "Mozilla/5.0 (Windows NT 6.1; WOW64) AppleWebKit/537.36 (KHTML, like Gecko) Chrome/47.0.2526.111 Safari/537.36" "superior-dentistry.com"
179.192.141.159 - - [22/Oct/2016:14:24:38 -0700] "GET /js/docs.min.js HTTP/1.1" 200 43299 "http://superior-dentistry.com/" "Mozilla/5.0 (Windows NT 6.1; WOW64) AppleWebKit/537.36 (KHTML, like Gecko) Chrome/47.0.2526.111 Safari/537.36" "superior-dentistry.com"
179.192.141.159 - - [22/Oct/2016:14:24:38 -0700] "GET /js/bootstrap.min.js HTTP/1.1" 200 35601 "http://superior-dentistry.com/" "Mozilla/5.0 (Windows NT 6.1; WOW64) AppleWebKit/537.36 (KHTML, like Gecko) Chrome/47.0.2526.111 Safari/537.36" "superior-dentistry.com"
179.192.141.159 - - [22/Oct/2016:14:24:48 -0700] "GET /img/jaw-surgery.jpg HTTP/1.1" 200 27058 "http://superior-dentistry.com/" "Mozilla/5.0 (Windows NT 6.1; WOW64) AppleWebKit/537.36 (KHTML, like Gecko) Chrome/47.0.2526.111 Safari/537.36" "superior-dentistry.com"
179.192.141.159 - - [22/Oct/2016:14:24:48 -0700] "GET /img/oral-pathology.jpg HTTP/1.1" 200 33395 "http://superior-dentistry.com/" "Mozilla/5.0 (Windows NT 6.1; WOW64) AppleWebKit/537.36 (KHTML, like Gecko) Chrome/47.0.2526.111 Safari/537.36" "superior-dentistry.com"
179.192.141.159 - - [22/Oct/2016:14:24:48 -0700] "GET /img/logo.jpg HTTP/1.1" 200 139628 "http://superior-dentistry.com/" "Mozilla/5.0 (Windows NT 6.1; WOW64) AppleWebKit/537.36 (KHTML, like Gecko) Chrome/47.0.2526.111 Safari/537.36" "superior-dentistry.com"
179.192.141.159 - - [22/Oct/2016:14:24:48 -0700] "GET /img/dental-implants.jpg HTTP/1.1" 200 22844 "http://superior-dentistry.com/" "Mozilla/5.0 (Windows NT 6.1; WOW64) AppleWebKit/537.36 (KHTML, like Gecko) Chrome/47.0.2526.111 Safari/537.36" "superior-dentistry.com"
179.192.141.159 - - [22/Oct/2016:14:24:49 -0700] "GET /img/wisdom-teeth-extraction.jpg HTTP/1.1" 200 23758 "http://superior-dentistry.com/" "Mozilla/5.0 (Windows NT 6.1; WOW64) AppleWebKit/537.36 (KHTML, like Gecko) Chrome/47.0.2526.111 Safari/537.36" "superior-dentistry.com"[0]
179.192.141.159 - - [22/Oct/2016:14:24:49 -0700] "GET /img/extraction.jpg HTTP/1.1" 200 30135 "http://superior-dentistry.com/" "Mozilla/5.0 (Windows NT 6.1; WOW64) AppleWebKit/537.36 (KHTML, like Gecko) Chrome/47.0.2526.111 Safari/537.36" "superior-dentistry.com"
207.46.13.196 - - [22/Oct/2016:14:50:05 -0700] "GET /robots.txt HTTP/1.1" 200 49 "-" "Mozilla/5.0 (compatible; bingbot/2.0; +http://www.bing.com/bingbot.htm)" "www.superior-dentistry.com"
40.77.167.35 - - [22/Oct/2016:14:52:28 -0700] "GET / HTTP/1.1" 200 38900 "-" "Mozilla/5.0 (compatible; bingbot/2.0; +http://www.bing.com/bingbot.htm)" "www.superior-dentistry.com"
83.166.243.66 - - [22/Oct/2016:14:55:53 -0700] "GET /wp-login.php HTTP/1.1" 200 73 "-" "Mozilla/5.0 (Windows NT 6.1) AppleWebKit/537.1 (KHTML, like Gecko) Chrome/23.0.1271.6 Safari/537.11" "superior-dentistry.com"
83.166.243.66 - - [22/Oct/2016:14:55:53 -0700] "GET /administrator/ HTTP/1.1" 404 89 "-" "Mozilla/5.0 (Windows NT 6.1) AppleWebKit/537.1 (KHTML, like Gecko) Chrome/23.0.1271.6 Safari/537.11" "superior-dentistry.com"
83.166.243.66 - - [22/Oct/2016:14:55:54 -0700] "GET /admin.php HTTP/1.1" 200 73 "-" "Mozilla/5.0 (Windows NT 6.1) AppleWebKit/537.1 (KHTML, like Gecko) Chrome/23.0.1271.6 Safari/537.11" "superior-dentistry.com"
198.16.7.150 - - [22/Oct/2016:15:13:56 -0700] "GET / HTTP/1.1" 200 38900 "-" "FreeWebMonitoring SiteChecker/0.2 (+http://www.freewebmonitoring.com/bot.html)" "www.superior-dentistry.com"
54.165.24.101 - - [22/Oct/2016:15:28:46 -0700] "HEAD / HTTP/1.1" 200 0 "-" "Mozilla/4.0 (compatible; MSIE 8.0; Windows NT 5.1; Trident/4.0; .NET         CLR 2.0.50727; .NET CLR 1.1.4322; .NET CLR 3.0.04506.30; .NET CLR         3.0.04506.648)" "www.superior-dentistry.com"
180.76.15.9 - - [22/Oct/2016:15:34:38 -0700] "GET /Dentist-Bowie-MD/Patient-Before-After-Gallery.html HTTP/1.1" 404 89 "-" "Mozilla/5.0 (compatible; Baiduspider/2.0; +http://www.baidu.com/search/spider.html)" "www.superior-dentistry.com"
54.242.164.91 - - [22/Oct/2016:16:55:48 -0700] "GET / HTTP/1.1" 200 38900 "-" "Mozilla/5.0 (X11; Linux x86_64) AppleWebKit/537.36 (KHTML, like Gecko) Chrome/43.0.2357.134 Safari/537.36 http://notifyninja.com/monitoring" "superior-dentistry.com"
141.8.143.216 - - [22/Oct/2016:16:57:42 -0700] "GET /robots.txt HTTP/1.1" 200 49 "-" "Mozilla/5.0 (compatible; YandexBot/3.0; +http://yandex.com/bots)" "www.superior-dentistry.com"
