164.132.161.66 - - [13/Aug/2016:17:23:00 -0700] "GET / HTTP/1.1" 200 38900 "-" "Mozilla/5.0 (compatible; AhrefsBot/5.1; +http://ahrefs.com/robot/)" "superior-dentistry.com"
73.132.158.13 - - [13/Aug/2016:17:52:18 -0700] "GET / HTTP/1.1" 200 38900 "https://www.bing.com/" "Mozilla/5.0 (Linux; Android 5.1.1; KFASWI Build/LVY48F) AppleWebKit/537.36 (KHTML, like Gecko) Silk/51.3.4 like Chrome/51.0.2704.81 Safari/537.36" "www.superior-dentistry.com"
73.132.158.13 - - [13/Aug/2016:17:52:20 -0700] "GET /fonts/fontawesome-webfont.woff2?v=4.3.0 HTTP/1.1" 200 56780 "http://www.superior-dentistry.com/css/font-awesome.css" "Mozilla/5.0 (Linux; Android 5.1.1; KFASWI Build/LVY48F) AppleWebKit/537.36 (KHTML, like Gecko) Silk/51.3.4 like Chrome/51.0.2704.81 Safari/537.36" "www.superior-dentistry.com"
73.132.158.13 - - [13/Aug/2016:17:52:20 -0700] "GET /img/extraction.jpg HTTP/1.1" 200 30135 "http://www.superior-dentistry.com/" "Mozilla/5.0 (Linux; Android 5.1.1; KFASWI Build/LVY48F) AppleWebKit/537.36 (KHTML, like Gecko) Silk/51.3.4 like Chrome/51.0.2704.81 Safari/537.36" "www.superior-dentistry.com"[0]
73.132.158.13 - - [13/Aug/2016:17:52:20 -0700] "GET /img/oral-pathology.jpg HTTP/1.1" 200 33395 "http://www.superior-dentistry.com/" "Mozilla/5.0 (Linux; Android 5.1.1; KFASWI Build/LVY48F) AppleWebKit/537.36 (KHTML, like Gecko) Silk/51.3.4 like Chrome/51.0.2704.81 Safari/537.36" "www.superior-dentistry.com"
73.132.158.13 - - [13/Aug/2016:17:52:20 -0700] "GET /img/tmj-trauma.jpg HTTP/1.1" 200 22488 "http://www.superior-dentistry.com/" "Mozilla/5.0 (Linux; Android 5.1.1; KFASWI Build/LVY48F) AppleWebKit/537.36 (KHTML, like Gecko) Silk/51.3.4 like Chrome/51.0.2704.81 Safari/537.36" "www.superior-dentistry.com"
73.132.158.13 - - [13/Aug/2016:17:52:20 -0700] "GET /img/slider2.jpg HTTP/1.1" 200 345766 "http://www.superior-dentistry.com/" "Mozilla/5.0 (Linux; Android 5.1.1; KFASWI Build/LVY48F) AppleWebKit/537.36 (KHTML, like Gecko) Silk/51.3.4 like Chrome/51.0.2704.81 Safari/537.36" "www.superior-dentistry.com"
73.132.158.13 - - [13/Aug/2016:17:52:21 -0700] "GET /img/patients-choice-winner-2015.png HTTP/1.1" 200 9818 "http://www.superior-dentistry.com/" "Mozilla/5.0 (Linux; Android 5.1.1; KFASWI Build/LVY48F) AppleWebKit/537.36 (KHTML, like Gecko) Silk/51.3.4 like Chrome/51.0.2704.81 Safari/537.36" "www.superior-dentistry.com"
73.132.158.13 - - [13/Aug/2016:17:52:21 -0700] "GET /img/zocdoc-apt.jpg HTTP/1.1" 200 79396 "http://www.superior-dentistry.com/" "Mozilla/5.0 (Linux; Android 5.1.1; KFASWI Build/LVY48F) AppleWebKit/537.36 (KHTML, like Gecko) Silk/51.3.4 like Chrome/51.0.2704.81 Safari/537.36" "www.superior-dentistry.com"
199.16.156.126 - - [13/Aug/2016:17:54:40 -0700] "GET /images/endodontia-root-canal-treatment.jpg HTTP/1.1" 404 89 "-" "Twitterbot/1.0" "www.superior-dentistry.com"
199.16.156.124 - - [13/Aug/2016:17:54:40 -0700] "GET /images/logo1.jpg HTTP/1.1" 404 89 "-" "Twitterbot/1.0" "www.superior-dentistry.com"
73.132.158.13 - - [13/Aug/2016:17:55:34 -0700] "GET /services.html HTTP/1.1" 200 34139 "http://www.superior-dentistry.com/" "Mozilla/5.0 (Linux; Android 5.1.1; KFASWI Build/LVY48F) AppleWebKit/537.36 (KHTML, like Gecko) Silk/51.3.4 like Chrome/51.0.2704.81 Safari/537.36" "www.superior-dentistry.com"
73.132.158.13 - - [13/Aug/2016:17:55:35 -0700] "GET /img/invisalign.jpg HTTP/1.1" 200 142640 "http://www.superior-dentistry.com/services.html" "Mozilla/5.0 (Linux; Android 5.1.1; KFASWI Build/LVY48F) AppleWebKit/537.36 (KHTML, like Gecko) Silk/51.3.4 like Chrome/51.0.2704.81 Safari/537.36" "www.superior-dentistry.com"
73.132.158.13 - - [13/Aug/2016:17:55:35 -0700] "GET /img/dentures.jpg HTTP/1.1" 200 126240 "http://www.superior-dentistry.com/services.html" "Mozilla/5.0 (Linux; Android 5.1.1; KFASWI Build/LVY48F) AppleWebKit/537.36 (KHTML, like Gecko) Silk/51.3.4 like Chrome/51.0.2704.81 Safari/537.36" "www.superior-dentistry.com"
73.132.158.13 - - [13/Aug/2016:17:55:35 -0700] "GET /img/bridges-dentist-md.jpg HTTP/1.1" 200 67242 "http://www.superior-dentistry.com/services.html" "Mozilla/5.0 (Linux; Android 5.1.1; KFASWI Build/LVY48F) AppleWebKit/537.36 (KHTML, like Gecko) Silk/51.3.4 like Chrome/51.0.2704.81 Safari/537.36" "www.superior-dentistry.com"
73.132.158.13 - - [13/Aug/2016:17:55:36 -0700] "GET /img/porcelain-veneers.jpg HTTP/1.1" 200 151567 "http://www.superior-dentistry.com/services.html" "Mozilla/5.0 (Linux; Android 5.1.1; KFASWI Build/LVY48F) AppleWebKit/537.36 (KHTML, like Gecko) Silk/51.3.4 like Chrome/51.0.2704.81 Safari/537.36" "www.superior-dentistry.com"[0]
73.132.158.13 - - [13/Aug/2016:17:55:38 -0700] "GET /img/implant-before-and-after.jpg HTTP/1.1" 200 122702 "http://www.superior-dentistry.com/services.html" "Mozilla/5.0 (Linux; Android 5.1.1; KFASWI Build/LVY48F) AppleWebKit/537.36 (KHTML, like Gecko) Silk/51.3.4 like Chrome/51.0.2704.81 Safari/537.36" "www.superior-dentistry.com"
54.242.164.91 - - [13/Aug/2016:18:43:43 -0700] "GET / HTTP/1.1" 200 38900 "-" "Mozilla/5.0 (X11; Linux x86_64)AppleWebKit/537.36 (KHTML, like Gecko)Chrome/43.0.2357.134 Safari/537.36http://notifyninja.com/monitoring" "superior-dentistry.com"
142.91.118.103 - - [13/Aug/2016:19:35:31 -0700] "GET /contact-us.php HTTP/1.1" 200 73 "-" "Mozilla/5.0 (Windows NT 6.2; rv:36.0) Gecko/20100101 Firefox/36.0" "www.superior-dentistry.com"
54.242.164.91 - - [13/Aug/2016:19:44:57 -0700] "GET / HTTP/1.1" 200 38900 "-" "Mozilla/5.0 (X11; Linux x86_64)AppleWebKit/537.36 (KHTML, like Gecko)Chrome/43.0.2357.134 Safari/537.36http://notifyninja.com/monitoring" "superior-dentistry.com"
207.46.13.2 - - [13/Aug/2016:19:52:35 -0700] "GET /robots.txt HTTP/1.1" 200 49 "-" "Mozilla/5.0 (compatible; bingbot/2.0; +http://www.bing.com/bingbot.htm)" "superior-dentistry.com"
198.16.7.150 - - [13/Aug/2016:20:01:38 -0700] "GET / HTTP/1.1" 200 38900 "-" "FreeWebMonitoring SiteChecker/0.2 (+http://www.freewebmonitoring.com/bot.html)" "www.superior-dentistry.com"
199.30.24.231 - - [13/Aug/2016:20:53:13 -0700] "GET /js/jquery-1.6.4.min.js HTTP/1.1" 404 89 "http://www.superior-dentistry.com/special-offers.html" "Mozilla/5.0 (Windows NT 6.1; WOW64) AppleWebKit/534+ (KHTML, like Gecko) BingPreview/1.0b" "www.superior-dentistry.com"
199.30.24.231 - - [13/Aug/2016:20:53:13 -0700] "GET /css/style.css HTTP/1.1" 404 89 "http://www.superior-dentistry.com/special-offers.html" "Mozilla/5.0 (Windows NT 6.1; WOW64) AppleWebKit/534+ (KHTML, like Gecko) BingPreview/1.0b" "www.superior-dentistry.com"
199.30.24.231 - - [13/Aug/2016:20:53:16 -0700] "GET /js/js-image-slider.js HTTP/1.1" 404 89 "http://www.superior-dentistry.com/special-offers.html" "Mozilla/5.0 (Windows NT 6.1; WOW64) AppleWebKit/534+ (KHTML, like Gecko) BingPreview/1.0b" "www.superior-dentistry.com"
199.30.24.231 - - [13/Aug/2016:20:53:22 -0700] "GET /images/offer-31-05-2015-sonicare-brush.jpg HTTP/1.1" 404 89 "http://www.superior-dentistry.com/special-offers.html" "Mozilla/5.0 (Windows NT 6.1; WOW64) AppleWebKit/534+ (KHTML, like Gecko) BingPreview/1.0b" "www.superior-dentistry.com"
199.30.24.231 - - [13/Aug/2016:20:53:22 -0700] "GET /images/cut-offer.png HTTP/1.1" 404 89 "http://www.superior-dentistry.com/special-offers.html" "Mozilla/5.0 (Windows NT 6.1; WOW64) AppleWebKit/534+ (KHTML, like Gecko) BingPreview/1.0b" "www.superior-dentistry.com"
199.30.24.231 - - [13/Aug/2016:20:53:22 -0700] "GET /images/offer-31-05-2015-whitening.jpg HTTP/1.1" 404 89 "http://www.superior-dentistry.com/special-offers.html" "Mozilla/5.0 (Windows NT 6.1; WOW64) AppleWebKit/534+ (KHTML, like Gecko) BingPreview/1.0b" "www.superior-dentistry.com"
199.30.24.231 - - [13/Aug/2016:20:53:22 -0700] "GET /images/offer-31-05-2015-new-patient.jpg HTTP/1.1" 404 89 "http://www.superior-dentistry.com/special-offers.html" "Mozilla/5.0 (Windows NT 6.1; WOW64) AppleWebKit/534+ (KHTML, like Gecko) BingPreview/1.0b" "www.superior-dentistry.com"
199.30.24.231 - - [13/Aug/2016:20:53:26 -0700] "GET /images/Patient-apt-icon2.png HTTP/1.1" 404 89 "http://www.superior-dentistry.com/special-offers.html" "Mozilla/5.0 (Windows NT 6.1; WOW64) AppleWebKit/534+ (KHTML, like Gecko) BingPreview/1.0b" "www.superior-dentistry.com"
198.16.7.150 - - [13/Aug/2016:21:03:28 -0700] "GET / HTTP/1.1" 200 38900 "-" "FreeWebMonitoring SiteChecker/0.2 (+http://www.freewebmonitoring.com/bot.html)" "www.superior-dentistry.com"
50.252.212.14 - - [13/Aug/2016:21:15:47 -0700] "GET / HTTP/1.1" 200 38900 "http://superior-dentistry.com" "Mozilla/5.0 (Windows NT 6.1; WOW64; rv:41.0) Gecko/20100101 Firefox/43.0" "superior-dentistry.com"
109.230.214.222 - - [13/Aug/2016:21:27:10 -0700] "GET /Dentist-Bowie-MD/Dental-Implants-Maryland-MD.html HTTP/1.1" 200 32074 "-" "Mozilla/5.0 (Windows NT 10.0; Win64; x64) AppleWebKit/537.36 (KHTML, like Gecko) Chrome/43.0.2351.3 Safari/537.36 Edge/12.0" "www.superior-dentistry.com"
166.137.240.20 - - [13/Aug/2016:21:28:03 -0700] "GET /Dentist-Bowie-MD/Tooth-Extractions-Maryland-MD.html HTTP/1.1" 200 31634 "https://www.google.com/" "Mozilla/5.0 (Linux; Android 6.0.1; SAMSUNG-SM-N920A Build/MMB29K) AppleWebKit/537.36 (KHTML, like Gecko) Chrome/52.0.2743.98 Mobile Safari/537.36" "www.superior-dentistry.com"
166.137.240.20 - - [13/Aug/2016:21:28:03 -0700] "GET /Dentist-Bowie-MD/theme.css HTTP/1.1" 200 1926 "http://www.superior-dentistry.com/Dentist-Bowie-MD/Tooth-Extractions-Maryland-MD.html" "Mozilla/5.0 (Linux; Android 6.0.1; SAMSUNG-SM-N920A Build/MMB29K) AppleWebKit/537.36 (KHTML, like Gecko) Chrome/52.0.2743.98 Mobile Safari/537.36" "www.superior-dentistry.com"
166.137.240.20 - - [13/Aug/2016:21:28:03 -0700] "GET /Dentist-Bowie-MD/css/font-awesome.css HTTP/1.1" 200 28747 "http://www.superior-dentistry.com/Dentist-Bowie-MD/Tooth-Extractions-Maryland-MD.html" "Mozilla/5.0 (Linux; Android 6.0.1; SAMSUNG-SM-N920A Build/MMB29K) AppleWebKit/537.36 (KHTML, like Gecko) Chrome/52.0.2743.98 Mobile Safari/537.36" "www.superior-dentistry.com"
166.137.240.20 - - [13/Aug/2016:21:28:03 -0700] "GET /Dentist-Bowie-MD/css/bootstrap-theme.css HTTP/1.1" 200 19156 "http://www.superior-dentistry.com/Dentist-Bowie-MD/Tooth-Extractions-Maryland-MD.html" "Mozilla/5.0 (Linux; Android 6.0.1; SAMSUNG-SM-N920A Build/MMB29K) AppleWebKit/537.36 (KHTML, like Gecko) Chrome/52.0.2743.98 Mobile Safari/537.36" "www.superior-dentistry.com"
166.137.240.20 - - [13/Aug/2016:21:28:03 -0700] "GET /Dentist-Bowie-MD/css/bootstrap.css HTTP/1.1" 200 138415 "http://www.superior-dentistry.com/Dentist-Bowie-MD/Tooth-Extractions-Maryland-MD.html" "Mozilla/5.0 (Linux; Android 6.0.1; SAMSUNG-SM-N920A Build/MMB29K) AppleWebKit/537.36 (KHTML, like Gecko) Chrome/52.0.2743.98 Mobile Safari/537.36" "www.superior-dentistry.com"
166.137.240.20 - - [13/Aug/2016:21:28:03 -0700] "GET /Dentist-Bowie-MD/js/ie-emulation-modes-warning.js HTTP/1.1" 200 2132 "http://www.superior-dentistry.com/Dentist-Bowie-MD/Tooth-Extractions-Maryland-MD.html" "Mozilla/5.0 (Linux; Android 6.0.1; SAMSUNG-SM-N920A Build/MMB29K) AppleWebKit/537.36 (KHTML, like Gecko) Chrome/52.0.2743.98 Mobile Safari/537.36" "www.superior-dentistry.com"
166.137.240.20 - - [13/Aug/2016:21:28:04 -0700] "GET /Dentist-Bowie-MD/js/bootstrap.min.js HTTP/1.1" 200 35601 "http://www.superior-dentistry.com/Dentist-Bowie-MD/Tooth-Extractions-Maryland-MD.html" "Mozilla/5.0 (Linux; Android 6.0.1; SAMSUNG-SM-N920A Build/MMB29K) AppleWebKit/537.36 (KHTML, like Gecko) Chrome/52.0.2743.98 Mobile Safari/537.36" "www.superior-dentistry.com"
166.137.240.20 - - [13/Aug/2016:21:28:04 -0700] "GET /Dentist-Bowie-MD/js/ie10-viewport-bug-workaround.js HTTP/1.1" 200 694 "http://www.superior-dentistry.com/Dentist-Bowie-MD/Tooth-Extractions-Maryland-MD.html" "Mozilla/5.0 (Linux; Android 6.0.1; SAMSUNG-SM-N920A Build/MMB29K) AppleWebKit/537.36 (KHTML, like Gecko) Chrome/52.0.2743.98 Mobile Safari/537.36" "www.superior-dentistry.com"
166.137.240.20 - - [13/Aug/2016:21:28:04 -0700] "GET /Dentist-Bowie-MD/fonts/fontawesome-webfont.woff2?v=4.3.0 HTTP/1.1" 200 56780 "http://www.superior-dentistry.com/Dentist-Bowie-MD/css/font-awesome.css" "Mozilla/5.0 (Linux; Android 6.0.1; SAMSUNG-SM-N920A Build/MMB29K) AppleWebKit/537.36 (KHTML, like Gecko) Chrome/52.0.2743.98 Mobile Safari/537.36" "www.superior-dentistry.com"
166.137.240.20 - - [13/Aug/2016:21:28:07 -0700] "GET /favicon.ico HTTP/1.1" 200 688 "http://www.superior-dentistry.com/Dentist-Bowie-MD/Tooth-Extractions-Maryland-MD.html" "Mozilla/5.0 (Linux; Android 6.0.1; SAMSUNG-SM-N920A Build/MMB29K) AppleWebKit/537.36 (KHTML, like Gecko) Chrome/52.0.2743.98 Mobile Safari/537.36" "www.superior-dentistry.com"
178.137.86.253 - - [13/Aug/2016:21:33:34 -0700] "GET / HTTP/1.1" 200 38900 "http://shariki-zuma-lines.ru/" "Mozilla/4.0 (compatible; MSIE 4.01; Digital AlphaServer 1000A 4/233; Windows NT; Powered By 64-Bit Alpha Processor)" "www.superior-dentistry.com"
178.137.86.253 - - [13/Aug/2016:21:33:35 -0700] "GET / HTTP/1.1" 200 38900 "http://shariki-zuma-lines.ru/" "Mozilla/4.0 (compatible; MSIE 4.01; Digital AlphaServer 1000A 4/233; Windows NT; Powered By 64-Bit Alpha Processor)" "www.superior-dentistry.com"
166.137.240.20 - - [13/Aug/2016:21:33:42 -0700] "GET /contact-us.php HTTP/1.1" 200 73 "http://www.superior-dentistry.com/Dentist-Bowie-MD/Tooth-Extractions-Maryland-MD.html" "Mozilla/5.0 (Linux; Android 6.0.1; SAMSUNG-SM-N920A Build/MMB29K) AppleWebKit/537.36 (KHTML, like Gecko) Chrome/52.0.2743.98 Mobile Safari/537.36" "www.superior-dentistry.com"
109.230.214.176 - - [13/Aug/2016:21:36:19 -0700] "GET /special-offers.html HTTP/1.1" 200 23685 "-" "Mozilla/5.0 (Windows NT 10.0; Win64; x64) AppleWebKit/537.36 (KHTML, like Gecko) Chrome/43.0.2351.3 Safari/537.36 Edge/12.0" "www.superior-dentistry.com"
54.242.164.91 - - [13/Aug/2016:21:47:40 -0700] "GET / HTTP/1.1" 200 38900 "-" "Mozilla/5.0 (X11; Linux x86_64)AppleWebKit/537.36 (KHTML, like Gecko)Chrome/43.0.2357.134 Safari/537.36http://notifyninja.com/monitoring" "superior-dentistry.com"
209.126.127.49 - - [13/Aug/2016:21:53:20 -0700] "GET /robots.txt HTTP/1.1" 200 49 "-" "Mozilla/5.0 (compatible; MJ12bot/v1.4.5; http://www.majestic12.co.uk/bot.php?+)" "superior-dentistry.com"
192.187.101.170 - - [13/Aug/2016:22:00:53 -0700] "GET /webroot/plugins/elfinder/elfinder.html HTTP/1.1" 404 89 "-" "-" "www.superior-dentistry.com"
192.187.101.170 - - [13/Aug/2016:22:00:53 -0700] "GET /ext/elFinder/elfinder.html HTTP/1.1" 404 89 "-" "-" "www.superior-dentistry.com"
192.187.101.170 - - [13/Aug/2016:22:00:53 -0700] "GET /vendor/elfinder/elfinder.html HTTP/1.1" 404 89 "-" "-" "www.superior-dentistry.com"
192.187.101.170 - - [13/Aug/2016:22:00:53 -0700] "GET /js/lib/elfinder/elfinder.html HTTP/1.1" 404 89 "-" "-" "www.superior-dentistry.com"
192.187.101.170 - - [13/Aug/2016:22:00:53 -0700] "GET /Public/static/elfinder/elfinder.html HTTP/1.1" 404 89 "-" "-" "www.superior-dentistry.com"
192.187.101.170 - - [13/Aug/2016:22:00:53 -0700] "GET /webszerk/elfinder/elfinder.html HTTP/1.1" 404 89 "-" "-" "www.superior-dentistry.com"
198.16.7.150 - - [13/Aug/2016:22:05:22 -0700] "GET / HTTP/1.1" 200 38900 "-" "FreeWebMonitoring SiteChecker/0.2 (+http://www.freewebmonitoring.com/bot.html)" "www.superior-dentistry.com"
96.244.19.250 - - [13/Aug/2016:22:06:18 -0700] "GET /testimonials.html HTTP/1.1" 200 24785 "http://www.superior-dentistry.com/" "Mozilla/5.0 (Linux; Android 6.0.1; SAMSUNG SM-N920V 4G Build/MMB29K) AppleWebKit/537.36 (KHTML, like Gecko) SamsungBrowser/4.0 Chrome/44.0.2403.133 Mobile Safari/537.36" "www.superior-dentistry.com"
180.76.15.7 - - [13/Aug/2016:23:06:13 -0700] "GET /Financial-And-Privacy-Policy.pdf HTTP/1.1" 200 617984 "-" "Mozilla/5.0 (compatible; Baiduspider/2.0; +http://www.baidu.com/search/spider.html)" "superior-dentistry.com"
52.23.248.19 - - [13/Aug/2016:23:08:50 -0700] "GET /Dentistry-Maryland-MD.html HTTP/1.1" 200 30875 "-" "Mozilla/5.0 (compatible; linkdexbot/2.0; +http://www.linkdex.com/bots/)" "www.superior-dentistry.com"
52.23.248.19 - - [13/Aug/2016:23:58:51 -0700] "GET /Dentists-Bowie-MD.html HTTP/1.1" 200 27344 "-" "Mozilla/5.0 (compatible; linkdexbot/2.0; +http://www.linkdex.com/bots/)" "www.superior-dentistry.com"
52.23.248.19 - - [14/Aug/2016:00:16:42 -0700] "GET /firstvisit.html HTTP/1.1" 200 24044 "-" "Mozilla/5.0 (compatible; linkdexbot/2.0; +http://www.linkdex.com/bots/)" "www.superior-dentistry.com"
52.23.248.19 - - [14/Aug/2016:00:22:10 -0700] "GET /Patient-Before-After-Gallery.html HTTP/1.1" 200 23825 "-" "Mozilla/5.0 (compatible; linkdexbot/2.0; +http://www.linkdex.com/bots/)" "superior-dentistry.com"
52.23.248.19 - - [14/Aug/2016:00:24:10 -0700] "GET / HTTP/1.1" 200 38900 "-" "Mozilla/5.0 (compatible; linkdexbot/2.0; +http://www.linkdex.com/bots/)" "superior-dentistry.com"
52.23.248.19 - - [14/Aug/2016:00:37:12 -0700] "GET /Dental-Links.html HTTP/1.1" 200 27799 "-" "Mozilla/5.0 (compatible; linkdexbot/2.0; +http://www.linkdex.com/bots/)" "superior-dentistry.com"[1]
207.46.13.170 - - [14/Aug/2016:00:58:07 -0700] "GET /robots.txt HTTP/1.1" 200 49 "-" "Mozilla/5.0 (compatible; bingbot/2.0; +http://www.bing.com/bingbot.htm)" "www.superior-dentistry.com"
134.249.65.218 - - [14/Aug/2016:01:00:17 -0700] "GET / HTTP/1.1" 200 38900 "http://film-one.ru/" "Mozilla/4.7 (compatible; OffByOne; Windows 2000) Webster Pro V3.4" "www.superior-dentistry.com"
198.16.7.150 - - [14/Aug/2016:01:09:10 -0700] "GET / HTTP/1.1" 200 38900 "-" "FreeWebMonitoring SiteChecker/0.2 (+http://www.freewebmonitoring.com/bot.html)" "www.superior-dentistry.com"
54.86.165.7 - - [14/Aug/2016:01:23:26 -0700] "GET / HTTP/1.1" 200 38900 "-" "Mozilla/5.0 (compatible; linkdexbot/2.0; +http://www.linkdex.com/bots/)" "superior-dentistry.com"
180.76.15.145 - - [14/Aug/2016:01:52:31 -0700] "GET /Dentist-Bowie-MD/css/?S=A HTTP/1.1" 200 1872 "-" "Mozilla/5.0 (compatible; Baiduspider/2.0; +http://www.baidu.com/search/spider.html)" "www.superior-dentistry.com"
54.242.164.91 - - [14/Aug/2016:01:52:42 -0700] "GET / HTTP/1.1" 200 38900 "-" "Mozilla/5.0 (X11; Linux x86_64)AppleWebKit/537.36 (KHTML, like Gecko)Chrome/43.0.2357.134 Safari/537.36http://notifyninja.com/monitoring" "superior-dentistry.com"
198.16.7.150 - - [14/Aug/2016:02:09:47 -0700] "GET / HTTP/1.1" 200 38900 "-" "FreeWebMonitoring SiteChecker/0.2 (+http://www.freewebmonitoring.com/bot.html)" "www.superior-dentistry.com"
180.76.15.13 - - [14/Aug/2016:02:26:00 -0700] "GET /services.html HTTP/1.1" 200 34139 "-" "Mozilla/5.0 (compatible; Baiduspider/2.0; +http://www.baidu.com/search/spider.html)" "www.superior-dentistry.com"
100.43.85.25 - - [14/Aug/2016:02:44:15 -0700] "GET /robots.txt HTTP/1.1" 200 49 "-" "Mozilla/5.0 (compatible; YandexBot/3.0; +http://yandex.com/bots)" "superior-dentistry.com"
5.255.250.70 - - [14/Aug/2016:02:44:19 -0700] "GET /sitemap.xml HTTP/1.1" 200 4530 "-" "Mozilla/5.0 (compatible; YandexBot/3.0; +http://yandex.com/bots)" "superior-dentistry.com"
52.0.135.187 - - [14/Aug/2016:03:22:46 -0700] "GET / HTTP/1.1" 200 38900 "-" "Mozilla/4.0 (compatible; MSIE 8.0; Windows NT 6.0)" "www.superior-dentistry.com"
52.0.135.187 - - [14/Aug/2016:03:22:46 -0700] "GET /contact-us.html HTTP/1.1" 200 23728 "-" "Mozilla/4.0 (compatible; MSIE 8.0; Windows NT 6.0)" "www.superior-dentistry.com"
180.76.15.30 - - [14/Aug/2016:03:33:00 -0700] "GET /Patient-Information-Form.pdf HTTP/1.1" 200 983040 "-" "Mozilla/5.0 (compatible; Baiduspider/2.0; +http://www.baidu.com/search/spider.html)" "www.superior-dentistry.com"
54.242.164.91 - - [14/Aug/2016:03:54:40 -0700] "GET / HTTP/1.1" 200 38900 "-" "Mozilla/5.0 (X11; Linux x86_64)AppleWebKit/537.36 (KHTML, like Gecko)Chrome/43.0.2357.134 Safari/537.36http://notifyninja.com/monitoring" "superior-dentistry.com"
198.16.7.150 - - [14/Aug/2016:04:12:37 -0700] "GET / HTTP/1.1" 200 38900 "-" "FreeWebMonitoring SiteChecker/0.2 (+http://www.freewebmonitoring.com/bot.html)" "www.superior-dentistry.com"
54.242.164.91 - - [14/Aug/2016:04:55:56 -0700] "GET / HTTP/1.1" 200 38900 "-" "Mozilla/5.0 (X11; Linux x86_64)AppleWebKit/537.36 (KHTML, like Gecko)Chrome/43.0.2357.134 Safari/537.36http://notifyninja.com/monitoring" "superior-dentistry.com"
198.16.7.150 - - [14/Aug/2016:05:14:17 -0700] "GET / HTTP/1.1" 200 38900 "-" "FreeWebMonitoring SiteChecker/0.2 (+http://www.freewebmonitoring.com/bot.html)" "www.superior-dentistry.com"
40.77.167.89 - - [14/Aug/2016:05:25:58 -0700] "GET /img/doctor-achievement.jpg HTTP/1.1" 200 200838 "-" "Mozilla/5.0 (compatible; bingbot/2.0; +http://www.bing.com/bingbot.htm)" "www.superior-dentistry.com"
69.58.178.58 - - [14/Aug/2016:05:49:06 -0700] "GET /robots.txt HTTP/1.1" 200 49 "-" "Mozilla/5.0 (X11; Ubuntu; Linux i686; rv:14.0; ips-agent) Gecko/20100101 Firefox/14.0.1" "www.superior-dentistry.com"
69.58.178.58 - - [14/Aug/2016:05:49:08 -0700] "GET / HTTP/1.1" 200 38900 "-" "Mozilla/5.0 (X11; Ubuntu; Linux i686; rv:14.0; ips-agent) Gecko/20100101 Firefox/14.0.1" "www.superior-dentistry.com"
69.58.178.58 - - [14/Aug/2016:05:49:21 -0700] "GET /blog.php HTTP/1.1" 200 107037 "-" "Mozilla/5.0 (X11; Ubuntu; Linux i686; rv:14.0; ips-agent) Gecko/20100101 Firefox/14.0.1" "www.superior-dentistry.com"
69.58.178.58 - - [14/Aug/2016:05:49:23 -0700] "GET /contact-us.html HTTP/1.1" 200 23728 "-" "Mozilla/5.0 (X11; Ubuntu; Linux i686; rv:14.0; ips-agent) Gecko/20100101 Firefox/14.0.1" "www.superior-dentistry.com"
69.58.178.58 - - [14/Aug/2016:05:49:24 -0700] "GET /index.html HTTP/1.1" 200 38900 "-" "Mozilla/5.0 (X11; Ubuntu; Linux i686; rv:14.0; ips-agent) Gecko/20100101 Firefox/14.0.1" "www.superior-dentistry.com"
69.58.178.58 - - [14/Aug/2016:05:49:27 -0700] "GET /firstvisit.html HTTP/1.1" 200 24044 "-" "Mozilla/5.0 (X11; Ubuntu; Linux i686; rv:14.0; ips-agent) Gecko/20100101 Firefox/14.0.1" "www.superior-dentistry.com"
69.58.178.58 - - [14/Aug/2016:05:49:28 -0700] "GET /Patient-Before-After-Gallery.html HTTP/1.1" 200 23825 "-" "Mozilla/5.0 (X11; Ubuntu; Linux i686; rv:14.0; ips-agent) Gecko/20100101 Firefox/14.0.1" "www.superior-dentistry.com"
69.58.178.58 - - [14/Aug/2016:05:49:29 -0700] "GET /Dentistry-Maryland-MD.html HTTP/1.1" 200 30875 "-" "Mozilla/5.0 (X11; Ubuntu; Linux i686; rv:14.0; ips-agent) Gecko/20100101 Firefox/14.0.1" "www.superior-dentistry.com"
54.242.164.91 - - [14/Aug/2016:05:57:20 -0700] "GET / HTTP/1.1" 200 38900 "-" "Mozilla/5.0 (X11; Linux x86_64)AppleWebKit/537.36 (KHTML, like Gecko)Chrome/43.0.2357.134 Safari/537.36http://notifyninja.com/monitoring" "superior-dentistry.com"
198.16.7.150 - - [14/Aug/2016:06:14:59 -0700] "GET / HTTP/1.1" 200 38900 "-" "FreeWebMonitoring SiteChecker/0.2 (+http://www.freewebmonitoring.com/bot.html)" "www.superior-dentistry.com"
54.242.164.91 - - [14/Aug/2016:06:58:40 -0700] "GET / HTTP/1.1" 200 38900 "-" "Mozilla/5.0 (X11; Linux x86_64)AppleWebKit/537.36 (KHTML, like Gecko)Chrome/43.0.2357.134 Safari/537.36http://notifyninja.com/monitoring" "superior-dentistry.com"
50.72.104.148 - - [14/Aug/2016:07:02:18 -0700] "GET /blog.php HTTP/1.1" 200 107037 "http://www.pinterest.com/pin/AwENQAAQAIsHSyF4wzwAAAA" "Mozilla/5.0 (iPhone; CPU iPhone OS 9_3_4 like Mac OS X) AppleWebKit/601.1.46 (KHTML, like Gecko) Mobile/13G35 [Pinterest/iOS]" "www.superior-dentistry.com"
54.236.1.76 - - [14/Aug/2016:07:02:19 -0700] "GET /blog.php HTTP/1.1" 200 107037 "-" "Pinterest/0.2 (+http://www.pinterest.com/)" "www.superior-dentistry.com"
50.72.104.148 - - [14/Aug/2016:07:02:19 -0700] "GET /css/style.css HTTP/1.1" 404 89 "http://www.superior-dentistry.com/blog.php" "Mozilla/5.0 (iPhone; CPU iPhone OS 9_3_4 like Mac OS X) AppleWebKit/601.1.46 (KHTML, like Gecko) Mobile/13G35 [Pinterest/iOS]" "www.superior-dentistry.com"
50.72.104.148 - - [14/Aug/2016:07:02:19 -0700] "GET /js/jquery-1.6.4.min.js HTTP/1.1" 404 89 "http://www.superior-dentistry.com/blog.php" "Mozilla/5.0 (iPhone; CPU iPhone OS 9_3_4 like Mac OS X) AppleWebKit/601.1.46 (KHTML, like Gecko) Mobile/13G35 [Pinterest/iOS]" "www.superior-dentistry.com"
50.72.104.148 - - [14/Aug/2016:07:02:19 -0700] "GET /js/jquery.easing.1.3.js HTTP/1.1" 404 89 "http://www.superior-dentistry.com/blog.php" "Mozilla/5.0 (iPhone; CPU iPhone OS 9_3_4 like Mac OS X) AppleWebKit/601.1.46 (KHTML, like Gecko) Mobile/13G35 [Pinterest/iOS]" "www.superior-dentistry.com"
50.72.104.148 - - [14/Aug/2016:07:02:19 -0700] "GET /css/font-awesome.css HTTP/1.1" 200 28747 "http://www.superior-dentistry.com/blog.php" "Mozilla/5.0 (iPhone; CPU iPhone OS 9_3_4 like Mac OS X) AppleWebKit/601.1.46 (KHTML, like Gecko) Mobile/13G35 [Pinterest/iOS]" "www.superior-dentistry.com"
50.72.104.148 - - [14/Aug/2016:07:02:19 -0700] "GET /css/bootstrap-theme.css HTTP/1.1" 200 19156 "http://www.superior-dentistry.com/blog.php" "Mozilla/5.0 (iPhone; CPU iPhone OS 9_3_4 like Mac OS X) AppleWebKit/601.1.46 (KHTML, like Gecko) Mobile/13G35 [Pinterest/iOS]" "www.superior-dentistry.com"
50.72.104.148 - - [14/Aug/2016:07:02:19 -0700] "GET /theme.css HTTP/1.1" 200 1926 "http://www.superior-dentistry.com/blog.php" "Mozilla/5.0 (iPhone; CPU iPhone OS 9_3_4 like Mac OS X) AppleWebKit/601.1.46 (KHTML, like Gecko) Mobile/13G35 [Pinterest/iOS]" "www.superior-dentistry.com"
50.72.104.148 - - [14/Aug/2016:07:02:19 -0700] "GET /js/ie-emulation-modes-warning.js HTTP/1.1" 200 2132 "http://www.superior-dentistry.com/blog.php" "Mozilla/5.0 (iPhone; CPU iPhone OS 9_3_4 like Mac OS X) AppleWebKit/601.1.46 (KHTML, like Gecko) Mobile/13G35 [Pinterest/iOS]" "www.superior-dentistry.com"
50.72.104.148 - - [14/Aug/2016:07:02:19 -0700] "GET /css/bootstrap.css HTTP/1.1" 200 138415 "http://www.superior-dentistry.com/blog.php" "Mozilla/5.0 (iPhone; CPU iPhone OS 9_3_4 like Mac OS X) AppleWebKit/601.1.46 (KHTML, like Gecko) Mobile/13G35 [Pinterest/iOS]" "www.superior-dentistry.com"
50.72.104.148 - - [14/Aug/2016:07:02:19 -0700] "GET /js/bootstrap.min.js HTTP/1.1" 200 35601 "http://www.superior-dentistry.com/blog.php" "Mozilla/5.0 (iPhone; CPU iPhone OS 9_3_4 like Mac OS X) AppleWebKit/601.1.46 (KHTML, like Gecko) Mobile/13G35 [Pinterest/iOS]" "www.superior-dentistry.com"
50.72.104.148 - - [14/Aug/2016:07:02:19 -0700] "GET /img/logo.jpg HTTP/1.1" 200 139628 "http://www.superior-dentistry.com/blog.php" "Mozilla/5.0 (iPhone; CPU iPhone OS 9_3_4 like Mac OS X) AppleWebKit/601.1.46 (KHTML, like Gecko) Mobile/13G35 [Pinterest/iOS]" "www.superior-dentistry.com"
50.72.104.148 - - [14/Aug/2016:07:02:19 -0700] "GET /js/docs.min.js HTTP/1.1" 200 43299 "http://www.superior-dentistry.com/blog.php" "Mozilla/5.0 (iPhone; CPU iPhone OS 9_3_4 like Mac OS X) AppleWebKit/601.1.46 (KHTML, like Gecko) Mobile/13G35 [Pinterest/iOS]" "www.superior-dentistry.com"
50.72.104.148 - - [14/Aug/2016:07:02:19 -0700] "GET /js/ie10-viewport-bug-workaround.js HTTP/1.1" 200 694 "http://www.superior-dentistry.com/blog.php" "Mozilla/5.0 (iPhone; CPU iPhone OS 9_3_4 like Mac OS X) AppleWebKit/601.1.46 (KHTML, like Gecko) Mobile/13G35 [Pinterest/iOS]" "www.superior-dentistry.com"
50.72.104.148 - - [14/Aug/2016:07:02:19 -0700] "GET /img/contact-img.jpg HTTP/1.1" 200 83148 "http://www.superior-dentistry.com/blog.php" "Mozilla/5.0 (iPhone; CPU iPhone OS 9_3_4 like Mac OS X) AppleWebKit/601.1.46 (KHTML, like Gecko) Mobile/13G35 [Pinterest/iOS]" "www.superior-dentistry.com"
50.72.104.148 - - [14/Aug/2016:07:02:19 -0700] "GET /images/Pattern.jpg HTTP/1.1" 404 89 "http://www.superior-dentistry.com/blog.php" "Mozilla/5.0 (iPhone; CPU iPhone OS 9_3_4 like Mac OS X) AppleWebKit/601.1.46 (KHTML, like Gecko) Mobile/13G35 [Pinterest/iOS]" "www.superior-dentistry.com"
50.72.104.148 - - [14/Aug/2016:07:02:20 -0700] "GET /img/zocdoc-apt.jpg HTTP/1.1" 200 79396 "http://www.superior-dentistry.com/blog.php" "Mozilla/5.0 (iPhone; CPU iPhone OS 9_3_4 like Mac OS X) AppleWebKit/601.1.46 (KHTML, like Gecko) Mobile/13G35 [Pinterest/iOS]" "www.superior-dentistry.com"
50.72.104.148 - - [14/Aug/2016:07:02:21 -0700] "GET /fonts/fontawesome-webfont.woff?v=4.3.0 HTTP/1.1" 200 71508 "http://www.superior-dentistry.com/blog.php" "Mozilla/5.0 (iPhone; CPU iPhone OS 9_3_4 like Mac OS X) AppleWebKit/601.1.46 (KHTML, like Gecko) Mobile/13G35 [Pinterest/iOS]" "www.superior-dentistry.com"
199.16.156.124 - - [14/Aug/2016:07:02:22 -0700] "GET /images/endodontia-root-canal-treatment.jpg HTTP/1.1" 404 89 "-" "Twitterbot/1.0" "www.superior-dentistry.com"
199.16.156.124 - - [14/Aug/2016:07:02:23 -0700] "GET /images/logo1.jpg HTTP/1.1" 404 89 "-" "Twitterbot/1.0" "www.superior-dentistry.com"
199.16.156.124 - - [14/Aug/2016:07:02:24 -0700] "GET /images/logo1.jpg HTTP/1.1" 404 89 "-" "Twitterbot/1.0" "www.superior-dentistry.com"
180.76.15.26 - - [14/Aug/2016:07:02:44 -0700] "GET / HTTP/1.1" 200 38900 "-" "Mozilla/5.0 (compatible; Baiduspider/2.0; +http://www.baidu.com/search/spider.html)" "www.superior-dentistry.com"
96.241.176.245 - - [14/Aug/2016:07:14:38 -0700] "GET / HTTP/1.1" 200 38900 "https://www.google.com/" "Mozilla/5.0 (Linux; Android 6.0.1; SAMSUNG SM-G920T Build/MMB29K) AppleWebKit/537.36 (KHTML, like Gecko) SamsungBrowser/4.0 Chrome/44.0.2403.133 Mobile Safari/537.36" "www.superior-dentistry.com"
96.241.176.245 - - [14/Aug/2016:07:14:38 -0700] "GET /css/bootstrap-theme.css HTTP/1.1" 200 19156 "http://www.superior-dentistry.com/" "Mozilla/5.0 (Linux; Android 6.0.1; SAMSUNG SM-G920T Build/MMB29K) AppleWebKit/537.36 (KHTML, like Gecko) SamsungBrowser/4.0 Chrome/44.0.2403.133 Mobile Safari/537.36" "www.superior-dentistry.com"
96.241.176.245 - - [14/Aug/2016:07:14:38 -0700] "GET /js/ie-emulation-modes-warning.js HTTP/1.1" 200 2132 "http://www.superior-dentistry.com/" "Mozilla/5.0 (Linux; Android 6.0.1; SAMSUNG SM-G920T Build/MMB29K) AppleWebKit/537.36 (KHTML, like Gecko) SamsungBrowser/4.0 Chrome/44.0.2403.133 Mobile Safari/537.36" "www.superior-dentistry.com"
96.241.176.245 - - [14/Aug/2016:07:14:38 -0700] "GET /css/font-awesome.css HTTP/1.1" 200 28747 "http://www.superior-dentistry.com/" "Mozilla/5.0 (Linux; Android 6.0.1; SAMSUNG SM-G920T Build/MMB29K) AppleWebKit/537.36 (KHTML, like Gecko) SamsungBrowser/4.0 Chrome/44.0.2403.133 Mobile Safari/537.36" "www.superior-dentistry.com"
96.241.176.245 - - [14/Aug/2016:07:14:38 -0700] "GET /css/bootstrap.css HTTP/1.1" 200 138415 "http://www.superior-dentistry.com/" "Mozilla/5.0 (Linux; Android 6.0.1; SAMSUNG SM-G920T Build/MMB29K) AppleWebKit/537.36 (KHTML, like Gecko) SamsungBrowser/4.0 Chrome/44.0.2403.133 Mobile Safari/537.36" "www.superior-dentistry.com"
96.241.176.245 - - [14/Aug/2016:07:14:38 -0700] "GET /js/bootstrap.min.js HTTP/1.1" 200 35601 "http://www.superior-dentistry.com/" "Mozilla/5.0 (Linux; Android 6.0.1; SAMSUNG SM-G920T Build/MMB29K) AppleWebKit/537.36 (KHTML, like Gecko) SamsungBrowser/4.0 Chrome/44.0.2403.133 Mobile Safari/537.36" "www.superior-dentistry.com"
96.241.176.245 - - [14/Aug/2016:07:14:38 -0700] "GET /img/wisdom-teeth-extraction.jpg HTTP/1.1" 200 23758 "http://www.superior-dentistry.com/" "Mozilla/5.0 (Linux; Android 6.0.1; SAMSUNG SM-G920T Build/MMB29K) AppleWebKit/537.36 (KHTML, like Gecko) SamsungBrowser/4.0 Chrome/44.0.2403.133 Mobile Safari/537.36" "www.superior-dentistry.com"
96.241.176.245 - - [14/Aug/2016:07:14:38 -0700] "GET /img/dental-implants.jpg HTTP/1.1" 200 22844 "http://www.superior-dentistry.com/" "Mozilla/5.0 (Linux; Android 6.0.1; SAMSUNG SM-G920T Build/MMB29K) AppleWebKit/537.36 (KHTML, like Gecko) SamsungBrowser/4.0 Chrome/44.0.2403.133 Mobile Safari/537.36" "www.superior-dentistry.com"
96.241.176.245 - - [14/Aug/2016:07:14:38 -0700] "GET /img/tmj-trauma.jpg HTTP/1.1" 200 22488 "http://www.superior-dentistry.com/" "Mozilla/5.0 (Linux; Android 6.0.1; SAMSUNG SM-G920T Build/MMB29K) AppleWebKit/537.36 (KHTML, like Gecko) SamsungBrowser/4.0 Chrome/44.0.2403.133 Mobile Safari/537.36" "www.superior-dentistry.com"
96.241.176.245 - - [14/Aug/2016:07:14:38 -0700] "GET /img/oral-pathology.jpg HTTP/1.1" 200 33395 "http://www.superior-dentistry.com/" "Mozilla/5.0 (Linux; Android 6.0.1; SAMSUNG SM-G920T Build/MMB29K) AppleWebKit/537.36 (KHTML, like Gecko) SamsungBrowser/4.0 Chrome/44.0.2403.133 Mobile Safari/537.36" "www.superior-dentistry.com"
96.241.176.245 - - [14/Aug/2016:07:14:38 -0700] "GET /img/jaw-surgery.jpg HTTP/1.1" 200 27058 "http://www.superior-dentistry.com/" "Mozilla/5.0 (Linux; Android 6.0.1; SAMSUNG SM-G920T Build/MMB29K) AppleWebKit/537.36 (KHTML, like Gecko) SamsungBrowser/4.0 Chrome/44.0.2403.133 Mobile Safari/537.36" "www.superior-dentistry.com"
96.241.176.245 - - [14/Aug/2016:07:14:38 -0700] "GET /img/extraction.jpg HTTP/1.1" 200 30135 "http://www.superior-dentistry.com/" "Mozilla/5.0 (Linux; Android 6.0.1; SAMSUNG SM-G920T Build/MMB29K) AppleWebKit/537.36 (KHTML, like Gecko) SamsungBrowser/4.0 Chrome/44.0.2403.133 Mobile Safari/537.36" "www.superior-dentistry.com"
96.241.176.245 - - [14/Aug/2016:07:14:38 -0700] "GET /img/slider3.jpg HTTP/1.1" 200 217901 "http://www.superior-dentistry.com/" "Mozilla/5.0 (Linux; Android 6.0.1; SAMSUNG SM-G920T Build/MMB29K) AppleWebKit/537.36 (KHTML, like Gecko) SamsungBrowser/4.0 Chrome/44.0.2403.133 Mobile Safari/537.36" "www.superior-dentistry.com"
96.241.176.245 - - [14/Aug/2016:07:14:38 -0700] "GET /img/meetdr-melika.jpg HTTP/1.1" 200 75968 "http://www.superior-dentistry.com/" "Mozilla/5.0 (Linux; Android 6.0.1; SAMSUNG SM-G920T Build/MMB29K) AppleWebKit/537.36 (KHTML, like Gecko) SamsungBrowser/4.0 Chrome/44.0.2403.133 Mobile Safari/537.36" "www.superior-dentistry.com"
96.241.176.245 - - [14/Aug/2016:07:14:38 -0700] "GET /fonts/fontawesome-webfont.woff2?v=4.3.0 HTTP/1.1" 200 56780 "http://www.superior-dentistry.com/css/font-awesome.css" "Mozilla/5.0 (Linux; Android 6.0.1; SAMSUNG SM-G920T Build/MMB29K) AppleWebKit/537.36 (KHTML, like Gecko) SamsungBrowser/4.0 Chrome/44.0.2403.133 Mobile Safari/537.36" "www.superior-dentistry.com"
96.241.176.245 - - [14/Aug/2016:07:14:38 -0700] "GET /img/slider2.jpg HTTP/1.1" 200 345766 "http://www.superior-dentistry.com/" "Mozilla/5.0 (Linux; Android 6.0.1; SAMSUNG SM-G920T Build/MMB29K) AppleWebKit/537.36 (KHTML, like Gecko) SamsungBrowser/4.0 Chrome/44.0.2403.133 Mobile Safari/537.36" "www.superior-dentistry.com"
96.241.176.245 - - [14/Aug/2016:07:14:39 -0700] "GET /img/zocdoc-apt.jpg HTTP/1.1" 200 79396 "http://www.superior-dentistry.com/" "Mozilla/5.0 (Linux; Android 6.0.1; SAMSUNG SM-G920T Build/MMB29K) AppleWebKit/537.36 (KHTML, like Gecko) SamsungBrowser/4.0 Chrome/44.0.2403.133 Mobile Safari/537.36" "www.superior-dentistry.com"
96.241.176.245 - - [14/Aug/2016:07:14:42 -0700] "GET /favicon.ico HTTP/1.1" 200 688 "http://www.superior-dentistry.com/" "Mozilla/5.0 (Linux; Android 6.0.1; SAMSUNG SM-G920T Build/MMB29K) AppleWebKit/537.36 (KHTML, like Gecko) SamsungBrowser/4.0 Chrome/44.0.2403.133 Mobile Safari/537.36" "www.superior-dentistry.com"
69.30.198.186 - - [14/Aug/2016:07:53:30 -0700] "GET /robots.txt HTTP/1.1" 200 49 "-" "Mozilla/5.0 (compatible; MJ12bot/v1.4.5; http://www.majestic12.co.uk/bot.php?+)" "www.superior-dentistry.com"
69.30.198.186 - - [14/Aug/2016:07:53:32 -0700] "GET /Dentist-Bowie-MD/services.html HTTP/1.1" 404 89 "-" "Mozilla/5.0 (compatible; MJ12bot/v1.4.5; http://www.majestic12.co.uk/bot.php?+)" "www.superior-dentistry.com"
199.59.148.210 - - [14/Aug/2016:08:00:10 -0700] "GET /images/endodontia-root-canal-treatment.jpg HTTP/1.1" 404 89 "-" "Twitterbot/1.0" "www.superior-dentistry.com"
199.59.148.210 - - [14/Aug/2016:08:00:10 -0700] "GET /images/logo1.jpg HTTP/1.1" 404 89 "-" "Twitterbot/1.0" "www.superior-dentistry.com"
199.59.148.211 - - [14/Aug/2016:08:00:15 -0700] "GET /Dentists-Bowie-MD.html HTTP/1.1" 200 27344 "-" "Twitterbot/1.0" "www.superior-dentistry.com"
199.59.148.211 - - [14/Aug/2016:08:00:15 -0700] "GET /index.php HTTP/1.1" 200 73 "-" "Twitterbot/1.0" "www.superior-dentistry.com"
199.59.148.210 - - [14/Aug/2016:08:00:15 -0700] "GET / HTTP/1.1" 200 38900 "-" "Twitterbot/1.0" "www.superior-dentistry.com"
199.59.148.210 - - [14/Aug/2016:08:00:17 -0700] "GET /Bowie-Dentists/Periodontal-Therapy-Maryland.html HTTP/1.1" 404 89 "-" "Twitterbot/1.0" "www.superior-dentistry.com"
54.242.164.91 - - [14/Aug/2016:08:00:27 -0700] "GET / HTTP/1.1" 200 38900 "-" "Mozilla/5.0 (X11; Linux x86_64)AppleWebKit/537.36 (KHTML, like Gecko)Chrome/43.0.2357.134 Safari/537.36http://notifyninja.com/monitoring" "superior-dentistry.com"
141.8.143.176 - - [14/Aug/2016:08:52:56 -0700] "GET /index.html HTTP/1.1" 200 38900 "-" "Mozilla/5.0 (compatible; YandexBot/3.0; +http://yandex.com/bots)" "www.superior-dentistry.com"
207.46.13.170 - - [14/Aug/2016:09:04:37 -0700] "GET /robots.txt HTTP/1.1" 200 49 "-" "Mozilla/5.0 (compatible; bingbot/2.0; +http://www.bing.com/bingbot.htm)" "www.superior-dentistry.com"
198.16.7.150 - - [14/Aug/2016:09:18:50 -0700] "GET / HTTP/1.1" 200 38900 "-" "FreeWebMonitoring SiteChecker/0.2 (+http://www.freewebmonitoring.com/bot.html)" "www.superior-dentistry.com"
96.231.164.13 - - [14/Aug/2016:09:34:18 -0700] "GET /css/bootstrap-theme.css HTTP/1.1" 200 19156 "http://www.superior-dentistry.com/" "Mozilla/5.0 (Windows NT 10.0; WOW64; Trident/7.0; rv:11.0) like Gecko" "www.superior-dentistry.com"
96.231.164.13 - - [14/Aug/2016:09:34:18 -0700] "GET /theme.css HTTP/1.1" 200 1926 "http://www.superior-dentistry.com/" "Mozilla/5.0 (Windows NT 10.0; WOW64; Trident/7.0; rv:11.0) like Gecko" "www.superior-dentistry.com"
96.231.164.13 - - [14/Aug/2016:09:34:18 -0700] "GET /css/font-awesome.css HTTP/1.1" 200 28747 "http://www.superior-dentistry.com/" "Mozilla/5.0 (Windows NT 10.0; WOW64; Trident/7.0; rv:11.0) like Gecko" "www.superior-dentistry.com"
96.231.164.13 - - [14/Aug/2016:09:34:18 -0700] "GET /js/ie-emulation-modes-warning.js HTTP/1.1" 200 2132 "http://www.superior-dentistry.com/" "Mozilla/5.0 (Windows NT 10.0; WOW64; Trident/7.0; rv:11.0) like Gecko" "www.superior-dentistry.com"
96.231.164.13 - - [14/Aug/2016:09:34:18 -0700] "GET /img/logo.jpg HTTP/1.1" 200 139628 "http://www.superior-dentistry.com/" "Mozilla/5.0 (Windows NT 10.0; WOW64; Trident/7.0; rv:11.0) like Gecko" "www.superior-dentistry.com"[0]
96.231.164.13 - - [14/Aug/2016:09:34:18 -0700] "GET /js/bootstrap.min.js HTTP/1.1" 200 35601 "http://www.superior-dentistry.com/" "Mozilla/5.0 (Windows NT 10.0; WOW64; Trident/7.0; rv:11.0) like Gecko" "www.superior-dentistry.com"
96.231.164.13 - - [14/Aug/2016:09:34:18 -0700] "GET /js/docs.min.js HTTP/1.1" 200 43299 "http://www.superior-dentistry.com/" "Mozilla/5.0 (Windows NT 10.0; WOW64; Trident/7.0; rv:11.0) like Gecko" "www.superior-dentistry.com"[0]
96.231.164.13 - - [14/Aug/2016:09:34:18 -0700] "GET /img/jaw-surgery.jpg HTTP/1.1" 200 27058 "http://www.superior-dentistry.com/" "Mozilla/5.0 (Windows NT 10.0; WOW64; Trident/7.0; rv:11.0) like Gecko" "www.superior-dentistry.com"[0]
96.231.164.13 - - [14/Aug/2016:09:34:18 -0700] "GET /img/slider1.jpg HTTP/1.1" 200 268888 "http://www.superior-dentistry.com/" "Mozilla/5.0 (Windows NT 10.0; WOW64; Trident/7.0; rv:11.0) like Gecko" "www.superior-dentistry.com"
96.231.164.13 - - [14/Aug/2016:09:34:18 -0700] "GET /img/slider2.jpg HTTP/1.1" 200 345766 "http://www.superior-dentistry.com/" "Mozilla/5.0 (Windows NT 10.0; WOW64; Trident/7.0; rv:11.0) like Gecko" "www.superior-dentistry.com"
96.231.164.13 - - [14/Aug/2016:09:34:18 -0700] "GET /img/slider3.jpg HTTP/1.1" 200 217901 "http://www.superior-dentistry.com/" "Mozilla/5.0 (Windows NT 10.0; WOW64; Trident/7.0; rv:11.0) like Gecko" "www.superior-dentistry.com"
96.231.164.13 - - [14/Aug/2016:09:34:18 -0700] "GET /img/offer-31-05-2014-sonicare-brush.jpg HTTP/1.1" 200 13165 "http://www.superior-dentistry.com/" "Mozilla/5.0 (Windows NT 10.0; WOW64; Trident/7.0; rv:11.0) like Gecko" "www.superior-dentistry.com"
96.231.164.13 - - [14/Aug/2016:09:34:18 -0700] "GET /assets/flash/ZeroClipboard.swf?noCache=1471192459695 HTTP/1.1" 404 89 "http://www.superior-dentistry.com/" "Mozilla/5.0 (Windows NT 10.0; WOW64; Trident/7.0; rv:11.0) like Gecko" "www.superior-dentistry.com"
181.47.215.56 - - [14/Aug/2016:10:01:54 -0700] "GET /img/implant-before-and-after.jpg HTTP/1.1" 200 122702 "https://www.google.com.ar" "Mozilla/5.0 (Windows NT 6.1; WOW64; rv:47.0) Gecko/20100101 Firefox/47.0" "www.superior-dentistry.com"
54.242.164.91 - - [14/Aug/2016:10:03:24 -0700] "GET / HTTP/1.1" 200 38900 "-" "Mozilla/5.0 (X11; Linux x86_64)AppleWebKit/537.36 (KHTML, like Gecko)Chrome/43.0.2357.134 Safari/537.36http://notifyninja.com/monitoring" "superior-dentistry.com"
198.16.7.150 - - [14/Aug/2016:10:20:30 -0700] "GET / HTTP/1.1" 200 38900 "-" "FreeWebMonitoring SiteChecker/0.2 (+http://www.freewebmonitoring.com/bot.html)" "www.superior-dentistry.com"
172.58.185.125 - - [14/Aug/2016:10:26:01 -0700] "GET / HTTP/1.1" 200 38900 "https://www.google.com/" "Mozilla/5.0 (Linux; Android 6.0.1; SAMSUNG SM-N910T Build/MMB29M) AppleWebKit/537.36 (KHTML, like Gecko) SamsungBrowser/4.0 Chrome/44.0.2403.133 Mobile Safari/537.36" "www.superior-dentistry.com"
172.58.185.125 - - [14/Aug/2016:10:26:02 -0700] "GET /img/wisdom-teeth-extraction.jpg HTTP/1.1" 200 23758 "http://www.superior-dentistry.com/" "Mozilla/5.0 (Linux; Android 6.0.1; SAMSUNG SM-N910T Build/MMB29M) AppleWebKit/537.36 (KHTML, like Gecko) SamsungBrowser/4.0 Chrome/44.0.2403.133 Mobile Safari/537.36" "www.superior-dentistry.com"
172.58.185.125 - - [14/Aug/2016:10:26:02 -0700] "GET /img/extraction.jpg HTTP/1.1" 200 30135 "http://www.superior-dentistry.com/" "Mozilla/5.0 (Linux; Android 6.0.1; SAMSUNG SM-N910T Build/MMB29M) AppleWebKit/537.36 (KHTML, like Gecko) SamsungBrowser/4.0 Chrome/44.0.2403.133 Mobile Safari/537.36" "www.superior-dentistry.com"
172.58.185.125 - - [14/Aug/2016:10:26:02 -0700] "GET /img/tmj-trauma.jpg HTTP/1.1" 200 22488 "http://www.superior-dentistry.com/" "Mozilla/5.0 (Linux; Android 6.0.1; SAMSUNG SM-N910T Build/MMB29M) AppleWebKit/537.36 (KHTML, like Gecko) SamsungBrowser/4.0 Chrome/44.0.2403.133 Mobile Safari/537.36" "www.superior-dentistry.com"
172.58.185.125 - - [14/Aug/2016:10:26:08 -0700] "GET /favicon.ico HTTP/1.1" 200 688 "http://www.superior-dentistry.com/" "Mozilla/5.0 (Linux; Android 6.0.1; SAMSUNG SM-N910T Build/MMB29M) AppleWebKit/537.36 (KHTML, like Gecko) SamsungBrowser/4.0 Chrome/44.0.2403.133 Mobile Safari/537.36" "www.superior-dentistry.com"
54.242.164.91 - - [14/Aug/2016:11:04:36 -0700] "GET / HTTP/1.1" 200 38900 "-" "Mozilla/5.0 (X11; Linux x86_64)AppleWebKit/537.36 (KHTML, like Gecko)Chrome/43.0.2357.134 Safari/537.36http://notifyninja.com/monitoring" "superior-dentistry.com"
198.16.7.150 - - [14/Aug/2016:12:23:05 -0700] "GET / HTTP/1.1" 200 38900 "-" "FreeWebMonitoring SiteChecker/0.2 (+http://www.freewebmonitoring.com/bot.html)" "www.superior-dentistry.com"
5.9.62.130 - - [14/Aug/2016:12:46:27 -0700] "GET /robots.txt HTTP/1.1" 200 49 "-" "Mozilla/5.0 (compatible; MJ12bot/v1.4.5; http://www.majestic12.co.uk/bot.php?+)" "superior-dentistry.com"
5.9.62.130 - - [14/Aug/2016:12:46:29 -0700] "GET /Dental-LinkExchange.html HTTP/1.1" 200 24959 "-" "Mozilla/5.0 (compatible; MJ12bot/v1.4.5; http://www.majestic12.co.uk/bot.php?+)" "superior-dentistry.com"
5.9.62.130 - - [14/Aug/2016:12:46:32 -0700] "GET /index.html HTTP/1.1" 200 38900 "-" "Mozilla/5.0 (compatible; MJ12bot/v1.4.5; http://www.majestic12.co.uk/bot.php?+)" "www.superior-dentistry.com"
180.76.15.14 - - [14/Aug/2016:12:54:20 -0700] "GET /js/jquery.beforeafter-1.4.min.js HTTP/1.1" 404 89 "-" "Mozilla/5.0 (compatible; Baiduspider/2.0; +http://www.baidu.com/search/spider.html)" "superior-dentistry.com"
54.242.164.91 - - [14/Aug/2016:13:07:30 -0700] "GET / HTTP/1.1" 200 38900 "-" "Mozilla/5.0 (X11; Linux x86_64)AppleWebKit/537.36 (KHTML, like Gecko)Chrome/43.0.2357.134 Safari/537.36http://notifyninja.com/monitoring" "superior-dentistry.com"
54.175.100.106 - - [14/Aug/2016:13:55:47 -0700] "HEAD / HTTP/1.1" 200 0 "-" "Mozilla/5.0 (Windows NT 6.0; WOW64) AppleWebKit/535.19 (KHTML,         like Gecko) Chrome/18.0.1025.45 Safari/535.19" "www.superior-dentistry.com"
96.88.249.155 - - [14/Aug/2016:13:59:08 -0700] "GET /css/bootstrap-theme.css HTTP/1.1" 200 19156 "http://www.superior-dentistry.com/" "Mozilla/5.0 (Windows NT 5.1) AppleWebKit/537.36 (KHTML, like Gecko) Chrome/49.0.2623.112 Safari/537.36" "www.superior-dentistry.com"
96.88.249.155 - - [14/Aug/2016:13:59:08 -0700] "GET /img/extraction.jpg HTTP/1.1" 200 30135 "http://www.superior-dentistry.com/" "Mozilla/5.0 (Windows NT 5.1) AppleWebKit/537.36 (KHTML, like Gecko) Chrome/49.0.2623.112 Safari/537.36" "www.superior-dentistry.com"
96.88.249.155 - - [14/Aug/2016:13:59:10 -0700] "GET /img/tmj-trauma.jpg HTTP/1.1" 200 22488 "http://www.superior-dentistry.com/" "Mozilla/5.0 (Windows NT 5.1) AppleWebKit/537.36 (KHTML, like Gecko) Chrome/49.0.2623.112 Safari/537.36" "www.superior-dentistry.com"
96.88.249.155 - - [14/Aug/2016:13:59:10 -0700] "GET /img/slider2.jpg HTTP/1.1" 200 345766 "http://www.superior-dentistry.com/" "Mozilla/5.0 (Windows NT 5.1) AppleWebKit/537.36 (KHTML, like Gecko) Chrome/49.0.2623.112 Safari/537.36" "www.superior-dentistry.com"[0]
96.88.249.155 - - [14/Aug/2016:13:59:11 -0700] "GET /img/slider1.jpg HTTP/1.1" 200 268888 "http://www.superior-dentistry.com/" "Mozilla/5.0 (Windows NT 5.1) AppleWebKit/537.36 (KHTML, like Gecko) Chrome/49.0.2623.112 Safari/537.36" "www.superior-dentistry.com"
96.88.249.155 - - [14/Aug/2016:13:59:11 -0700] "GET /js/bootstrap.min.js HTTP/1.1" 200 35601 "http://www.superior-dentistry.com/" "Mozilla/5.0 (Windows NT 5.1) AppleWebKit/537.36 (KHTML, like Gecko) Chrome/49.0.2623.112 Safari/537.36" "www.superior-dentistry.com"
96.88.249.155 - - [14/Aug/2016:13:59:11 -0700] "GET /js/docs.min.js HTTP/1.1" 200 43299 "http://www.superior-dentistry.com/" "Mozilla/5.0 (Windows NT 5.1) AppleWebKit/537.36 (KHTML, like Gecko) Chrome/49.0.2623.112 Safari/537.36" "www.superior-dentistry.com"
96.88.249.155 - - [14/Aug/2016:13:59:14 -0700] "GET /fonts/fontawesome-webfont.woff2?v=4.3.0 HTTP/1.1" 200 56780 "http://www.superior-dentistry.com/css/font-awesome.css" "Mozilla/5.0 (Windows NT 5.1) AppleWebKit/537.36 (KHTML, like Gecko) Chrome/49.0.2623.112 Safari/537.36" "www.superior-dentistry.com"
54.242.164.91 - - [14/Aug/2016:14:09:30 -0700] "GET / HTTP/1.1" 200 38900 "-" "Mozilla/5.0 (X11; Linux x86_64)AppleWebKit/537.36 (KHTML, like Gecko)Chrome/43.0.2357.134 Safari/537.36http://notifyninja.com/monitoring" "superior-dentistry.com"
38.100.21.64 - - [14/Aug/2016:14:38:23 -0700] "GET /css/bootstrap.css HTTP/1.1" 200 138415 "-" "Mozilla/4.0 (compatible; MSIE 7.0; Windows NT 5.2)" "www.superior-dentistry.com"[0]
178.203.120.68 - - [14/Aug/2016:14:46:34 -0700] "GET /robots.txt HTTP/1.1" 200 49 "-" "Mozilla/5.0 (compatible; MJ12bot/v1.4.5; http://www.majestic12.co.uk/bot.php?+)" "superior-dentistry.com"
178.203.120.68 - - [14/Aug/2016:14:46:35 -0700] "GET /%E2%80%9Dhttp://www.nicedentist.com HTTP/1.1" 404 89 "-" "Mozilla/5.0 (compatible; MJ12bot/v1.4.5; http://www.majestic12.co.uk/bot.php?+)" "superior-dentistry.com"
166.216.165.48 - - [14/Aug/2016:14:50:51 -0700] "GET / HTTP/1.1" 200 38900 "-" "Mozilla/5.0 (iPhone; CPU iPhone OS 9_3_3 like Mac OS X) AppleWebKit/601.1.46 (KHTML, like Gecko) Version/9.0 Mobile/13G34 Safari/601.1" "www.superior-dentistry.com"
180.76.15.9 - - [14/Aug/2016:15:30:55 -0700] "GET /blog.php HTTP/1.1" 200 107037 "-" "Mozilla/5.0 (compatible; Baiduspider/2.0; +http://www.baidu.com/search/spider.html)" "www.superior-dentistry.com"
54.242.164.91 - - [14/Aug/2016:16:11:55 -0700] "GET / HTTP/1.1" 200 38900 "-" "Mozilla/5.0 (X11; Linux x86_64)AppleWebKit/537.36 (KHTML, like Gecko)Chrome/43.0.2357.134 Safari/537.36http://notifyninja.com/monitoring" "superior-dentistry.com"
80.91.162.98 - - [14/Aug/2016:16:19:58 -0700] "GET /robots.txt HTTP/1.1" 200 49 "-" "Mozilla/5.0 (compatible; MJ12bot/v1.4.5; http://www.majestic12.co.uk/bot.php?+)" "www.superior-dentistry.com"
80.91.162.98 - - [14/Aug/2016:16:20:00 -0700] "GET /%E2%80%9Dhttp://www.nicedentist.com HTTP/1.1" 404 89 "-" "Mozilla/5.0 (compatible; MJ12bot/v1.4.5; http://www.majestic12.co.uk/bot.php?+)" "www.superior-dentistry.com"
17.142.159.177 - - [14/Aug/2016:16:23:44 -0700] "GET /images/logo1.jpg HTTP/1.1" 404 89 "-" "Mozilla/5.0 (iPhone; CPU iPhone OS 8_1 like Mac OS X) AppleWebKit/600.1.4 (KHTML, like Gecko) Version/8.0 Mobile/12B410 Safari/600.1.4 (Applebot/0.1; +http://www.apple.com/go/applebot)" "www.superior-dentistry.com"
17.142.159.177 - - [14/Aug/2016:16:23:49 -0700] "GET /images/logo1.jpg HTTP/1.1" 404 89 "-" "Mozilla/5.0 (Macintosh; Intel Mac OS X 10_10_1) AppleWebKit/600.2.5 (KHTML, like Gecko) Version/8.0.2 Safari/600.2.5 (Applebot/0.1; +http://www.apple.com/go/applebot)" "www.superior-dentistry.com"
