73.213.5.199 - - [29/Aug/2016:18:17:52 -0700] "GET /img/logo.jpg HTTP/1.1" 200 139628 "http://www.superior-dentistry.com/" "Mozilla/5.0 (iPhone; CPU iPhone OS 9_3_5 like Mac OS X) AppleWebKit/601.1.46 (KHTML, like Gecko) Version/9.0 Mobile/13G36 Safari/601.1" "www.superior-dentistry.com"
73.213.5.199 - - [29/Aug/2016:18:17:53 -0700] "GET /img/jaw-surgery.jpg HTTP/1.1" 200 27058 "http://www.superior-dentistry.com/" "Mozilla/5.0 (iPhone; CPU iPhone OS 9_3_5 like Mac OS X) AppleWebKit/601.1.46 (KHTML, like Gecko) Version/9.0 Mobile/13G36 Safari/601.1" "www.superior-dentistry.com"
73.213.5.199 - - [29/Aug/2016:18:17:53 -0700] "GET /fonts/fontawesome-webfont.woff?v=4.3.0 HTTP/1.1" 200 71508 "http://www.superior-dentistry.com/" "Mozilla/5.0 (iPhone; CPU iPhone OS 9_3_5 like Mac OS X) AppleWebKit/601.1.46 (KHTML, like Gecko) Version/9.0 Mobile/13G36 Safari/601.1" "www.superior-dentistry.com"
73.213.5.199 - - [29/Aug/2016:18:18:00 -0700] "GET /img/Teeth-Whitening1.jpg HTTP/1.1" 200 150063 "http://www.superior-dentistry.com/services.html" "Mozilla/5.0 (iPhone; CPU iPhone OS 9_3_5 like Mac OS X) AppleWebKit/601.1.46 (KHTML, like Gecko) Version/9.0 Mobile/13G36 Safari/601.1" "www.superior-dentistry.com"
73.213.5.199 - - [29/Aug/2016:18:18:17 -0700] "GET /img/contact-img.jpg HTTP/1.1" 200 83148 "http://www.superior-dentistry.com/contact-us.html" "Mozilla/5.0 (iPhone; CPU iPhone OS 9_3_5 like Mac OS X) AppleWebKit/601.1.46 (KHTML, like Gecko) Version/9.0 Mobile/13G36 Safari/601.1" "www.superior-dentistry.com"[1]
54.242.164.91 - - [29/Aug/2016:19:53:57 -0700] "GET / HTTP/1.1" 200 38900 "-" "Mozilla/5.0 (X11; Linux x86_64)AppleWebKit/537.36 (KHTML, like Gecko)Chrome/43.0.2357.134 Safari/537.36http://notifyninja.com/monitoring" "superior-dentistry.com"
109.230.214.37 - - [29/Aug/2016:20:11:11 -0700] "GET /special-offers.html HTTP/1.1" 200 23685 "-" "Mozilla/5.0 (Windows NT 10.0; Win64; x64) AppleWebKit/537.36 (KHTML, like Gecko) Chrome/43.0.2351.3 Safari/537.36 Edge/12.0" "www.superior-dentistry.com"
157.55.39.164 - - [29/Aug/2016:20:13:21 -0700] "GET /robots.txt HTTP/1.1" 200 49 "-" "Mozilla/5.0 (compatible; bingbot/2.0; +http://www.bing.com/bingbot.htm)" "superior-dentistry.com"
192.154.111.58 - - [29/Aug/2016:20:31:28 -0700] "GET / HTTP/1.1" 200 38900 "-" "Mozilla/5.0 (Windows NT 10.0; WOW64) AppleWebKit/537.36 (KHTML, like Gecko) Chrome/49.0.2623.87 Safari/537.36" "superior-dentistry.com"
192.154.111.58 - - [29/Aug/2016:20:31:36 -0700] "GET /css/bootstrap-theme.css HTTP/1.1" 200 19156 "http://superior-dentistry.com/" "Mozilla/5.0 (Windows NT 10.0; WOW64) AppleWebKit/537.36 (KHTML, like Gecko) Chrome/49.0.2623.87 Safari/537.36" "superior-dentistry.com"[0]
192.154.111.58 - - [29/Aug/2016:20:31:36 -0700] "GET /css/bootstrap.css HTTP/1.1" 200 138415 "http://superior-dentistry.com/" "Mozilla/5.0 (Windows NT 10.0; WOW64) AppleWebKit/537.36 (KHTML, like Gecko) Chrome/49.0.2623.87 Safari/537.36" "superior-dentistry.com"
17.142.155.60 - - [29/Aug/2016:20:56:08 -0700] "GET / HTTP/1.1" 200 38900 "-" "Mozilla/5.0 (Macintosh; Intel Mac OS X 10_10_1) AppleWebKit/600.2.5 (KHTML, like Gecko) Version/8.0.2 Safari/600.2.5 (Applebot/0.1; +http://www.apple.com/go/applebot)" "www.superior-dentistry.com"
17.142.159.177 - - [29/Aug/2016:20:56:09 -0700] "GET /apple-app-site-association HTTP/1.1" 403 255 "-" "Mozilla/5.0 (Macintosh; Intel Mac OS X 10_10_1) AppleWebKit/600.2.5 (KHTML, like Gecko) Version/8.0.2 Safari/600.2.5 (Applebot/0.1; +http://www.apple.com/go/applebot)" "www.superior-dentistry.com"
17.142.159.177 - - [29/Aug/2016:20:56:23 -0700] "GET /images/logo1.jpg HTTP/1.1" 404 89 "-" "Mozilla/5.0 (Macintosh; Intel Mac OS X 10_10_1) AppleWebKit/600.2.5 (KHTML, like Gecko) Version/8.0.2 Safari/600.2.5 (Applebot/0.1; +http://www.apple.com/go/applebot)" "www.superior-dentistry.com"
17.142.159.177 - - [29/Aug/2016:20:56:23 -0700] "GET /images/logo1.jpg HTTP/1.1" 404 89 "-" "Mozilla/5.0 (Macintosh; Intel Mac OS X 10_10_1) AppleWebKit/600.2.5 (KHTML, like Gecko) Version/8.0.2 Safari/600.2.5 (Applebot/0.1; +http://www.apple.com/go/applebot)" "www.superior-dentistry.com"
17.142.159.177 - - [29/Aug/2016:20:56:23 -0700] "GET /images/logo1.jpg HTTP/1.1" 404 89 "-" "Mozilla/5.0 (iPhone; CPU iPhone OS 8_1 like Mac OS X) AppleWebKit/600.1.4 (KHTML, like Gecko) Version/8.0 Mobile/12B410 Safari/600.1.4 (Applebot/0.1; +http://www.apple.com/go/applebot)" "www.superior-dentistry.com"[0]
17.142.159.177 - - [29/Aug/2016:20:56:23 -0700] "GET /images/logo1.jpg HTTP/1.1" 404 89 "-" "Mozilla/5.0 (iPhone; CPU iPhone OS 8_1 like Mac OS X) AppleWebKit/600.1.4 (KHTML, like Gecko) Version/8.0 Mobile/12B410 Safari/600.1.4 (Applebot/0.1; +http://www.apple.com/go/applebot)" "www.superior-dentistry.com"
17.142.159.177 - - [29/Aug/2016:20:56:23 -0700] "GET /images/logo1.jpg HTTP/1.1" 404 89 "-" "Mozilla/5.0 (iPhone; CPU iPhone OS 8_1 like Mac OS X) AppleWebKit/600.1.4 (KHTML, like Gecko) Version/8.0 Mobile/12B410 Safari/600.1.4 (Applebot/0.1; +http://www.apple.com/go/applebot)" "www.superior-dentistry.com"
17.142.159.177 - - [29/Aug/2016:20:56:26 -0700] "GET /images/logo1.jpg HTTP/1.1" 404 89 "-" "Mozilla/5.0 (Macintosh; Intel Mac OS X 10_10_1) AppleWebKit/600.2.5 (KHTML, like Gecko) Version/8.0.2 Safari/600.2.5 (Applebot/0.1; +http://www.apple.com/go/applebot)" "www.superior-dentistry.com"
17.142.159.177 - - [29/Aug/2016:20:56:28 -0700] "GET /images/logo1.jpg HTTP/1.1" 404 89 "-" "Mozilla/5.0 (Macintosh; Intel Mac OS X 10_10_1) AppleWebKit/600.2.5 (KHTML, like Gecko) Version/8.0.2 Safari/600.2.5 (Applebot/0.1; +http://www.apple.com/go/applebot)" "www.superior-dentistry.com"
17.142.159.177 - - [29/Aug/2016:20:56:28 -0700] "GET /images/logo1.jpg HTTP/1.1" 404 89 "-" "Mozilla/5.0 (Macintosh; Intel Mac OS X 10_10_1) AppleWebKit/600.2.5 (KHTML, like Gecko) Version/8.0.2 Safari/600.2.5 (Applebot/0.1; +http://www.apple.com/go/applebot)" "www.superior-dentistry.com"
17.142.159.177 - - [29/Aug/2016:20:56:28 -0700] "GET /images/logo1.jpg HTTP/1.1" 404 89 "-" "Mozilla/5.0 (Macintosh; Intel Mac OS X 10_10_1) AppleWebKit/600.2.5 (KHTML, like Gecko) Version/8.0.2 Safari/600.2.5 (Applebot/0.1; +http://www.apple.com/go/applebot)" "www.superior-dentistry.com"
17.142.159.177 - - [29/Aug/2016:20:56:28 -0700] "GET /images/logo1.jpg HTTP/1.1" 404 89 "-" "Mozilla/5.0 (iPhone; CPU iPhone OS 8_1 like Mac OS X) AppleWebKit/600.1.4 (KHTML, like Gecko) Version/8.0 Mobile/12B410 Safari/600.1.4 (Applebot/0.1; +http://www.apple.com/go/applebot)" "www.superior-dentistry.com"
17.142.159.177 - - [29/Aug/2016:20:56:28 -0700] "GET /images/logo1.jpg HTTP/1.1" 404 89 "-" "Mozilla/5.0 (iPhone; CPU iPhone OS 8_1 like Mac OS X) AppleWebKit/600.1.4 (KHTML, like Gecko) Version/8.0 Mobile/12B410 Safari/600.1.4 (Applebot/0.1; +http://www.apple.com/go/applebot)" "www.superior-dentistry.com"
17.142.159.177 - - [29/Aug/2016:20:56:28 -0700] "GET /images/logo1.jpg HTTP/1.1" 404 89 "-" "Mozilla/5.0 (iPhone; CPU iPhone OS 8_1 like Mac OS X) AppleWebKit/600.1.4 (KHTML, like Gecko) Version/8.0 Mobile/12B410 Safari/600.1.4 (Applebot/0.1; +http://www.apple.com/go/applebot)" "www.superior-dentistry.com"
198.16.7.150 - - [29/Aug/2016:21:30:41 -0700] "GET / HTTP/1.1" 200 38900 "-" "FreeWebMonitoring SiteChecker/0.2 (+http://www.freewebmonitoring.com/bot.html)" "www.superior-dentistry.com"
54.242.164.91 - - [29/Aug/2016:21:55:29 -0700] "GET / HTTP/1.1" 200 38900 "-" "Mozilla/5.0 (X11; Linux x86_64)AppleWebKit/537.36 (KHTML, like Gecko)Chrome/43.0.2357.134 Safari/537.36http://notifyninja.com/monitoring" "superior-dentistry.com"
65.36.241.48 - - [29/Aug/2016:22:31:37 -0700] "HEAD / HTTP/1.1" 200 0 "-" "InternetSeer.com" "www.superior-dentistry.com"
54.242.164.91 - - [29/Aug/2016:22:56:04 -0700] "GET / HTTP/1.1" 200 38900 "-" "Mozilla/5.0 (X11; Linux x86_64)AppleWebKit/537.36 (KHTML, like Gecko)Chrome/43.0.2357.134 Safari/537.36http://notifyninja.com/monitoring" "superior-dentistry.com"
198.16.7.150 - - [29/Aug/2016:23:33:27 -0700] "GET / HTTP/1.1" 200 38900 "-" "FreeWebMonitoring SiteChecker/0.2 (+http://www.freewebmonitoring.com/bot.html)" "www.superior-dentistry.com"
198.16.7.150 - - [30/Aug/2016:00:34:12 -0700] "GET / HTTP/1.1" 200 38900 "-" "FreeWebMonitoring SiteChecker/0.2 (+http://www.freewebmonitoring.com/bot.html)" "www.superior-dentistry.com"
46.118.122.167 - - [30/Aug/2016:00:34:41 -0700] "GET / HTTP/1.1" 200 38900 "http://ryazan.xrus.org/" "Mozilla/4.0 (compatible; MSIE 5.5; Windows 98)" "www.superior-dentistry.com"
46.118.122.167 - - [30/Aug/2016:00:34:42 -0700] "GET / HTTP/1.1" 200 38900 "http://ryazan.xrus.org/" "Mozilla/4.0 (compatible; MSIE 5.5; Windows 98)" "www.superior-dentistry.com"
66.249.75.124 - - [30/Aug/2016:00:56:05 -0700] "GET /meet-staff.php HTTP/1.1" 200 73 "-" "Mozilla/5.0 (compatible; Googlebot/2.1; +http://www.google.com/bot.html)" "superior-dentistry.com"
198.16.7.150 - - [30/Aug/2016:01:34:48 -0700] "GET / HTTP/1.1" 200 38900 "-" "FreeWebMonitoring SiteChecker/0.2 (+http://www.freewebmonitoring.com/bot.html)" "www.superior-dentistry.com"
54.242.164.91 - - [30/Aug/2016:03:01:11 -0700] "GET / HTTP/1.1" 200 38900 "-" "Mozilla/5.0 (X11; Linux x86_64)AppleWebKit/537.36 (KHTML, like Gecko)Chrome/43.0.2357.134 Safari/537.36http://notifyninja.com/monitoring" "superior-dentistry.com"
198.16.7.150 - - [30/Aug/2016:03:38:21 -0700] "GET / HTTP/1.1" 200 38900 "-" "FreeWebMonitoring SiteChecker/0.2 (+http://www.freewebmonitoring.com/bot.html)" "www.superior-dentistry.com"
54.242.164.91 - - [30/Aug/2016:04:01:42 -0700] "GET / HTTP/1.1" 200 38900 "-" "Mozilla/5.0 (X11; Linux x86_64)AppleWebKit/537.36 (KHTML, like Gecko)Chrome/43.0.2357.134 Safari/537.36http://notifyninja.com/monitoring" "superior-dentistry.com"
46.118.122.167 - - [30/Aug/2016:04:32:17 -0700] "GET / HTTP/1.1" 200 38900 "http://nizhnevartovsk.xrus.org/" "Mozilla/3.0 (compatible; WebCapture 2.0; Auto; Windows)" "www.superior-dentistry.com"
46.118.122.167 - - [30/Aug/2016:04:32:18 -0700] "GET / HTTP/1.1" 200 38900 "http://nizhnevartovsk.xrus.org/" "Mozilla/3.0 (compatible; WebCapture 2.0; Auto; Windows)" "www.superior-dentistry.com"
198.16.7.150 - - [30/Aug/2016:04:39:50 -0700] "GET / HTTP/1.1" 200 38900 "-" "FreeWebMonitoring SiteChecker/0.2 (+http://www.freewebmonitoring.com/bot.html)" "www.superior-dentistry.com"
54.242.164.91 - - [30/Aug/2016:05:02:35 -0700] "GET / HTTP/1.1" 200 38900 "-" "Mozilla/5.0 (X11; Linux x86_64)AppleWebKit/537.36 (KHTML, like Gecko)Chrome/43.0.2357.134 Safari/537.36http://notifyninja.com/monitoring" "superior-dentistry.com"
178.137.94.36 - - [30/Aug/2016:05:05:01 -0700] "GET / HTTP/1.1" 200 38900 "http://www.privatefx-in.ru/" "Mozilla/0.6 Beta (Windows)" "www.superior-dentistry.com"
178.137.94.36 - - [30/Aug/2016:05:05:02 -0700] "GET / HTTP/1.1" 200 38900 "http://www.privatefx-in.ru/" "Mozilla/0.6 Beta (Windows)" "www.superior-dentistry.com"
178.137.94.36 - - [30/Aug/2016:05:05:03 -0700] "GET / HTTP/1.1" 200 38900 "http://www.privatefx-in.ru/" "Mozilla/0.6 Beta (Windows)" "www.superior-dentistry.com"
96.255.185.51 - - [30/Aug/2016:05:31:35 -0700] "GET /css/bootstrap-theme.css HTTP/1.1" 200 19156 "http://www.superior-dentistry.com/" "Mozilla/5.0 (iPhone; CPU iPhone OS 9_3_4 like Mac OS X) AppleWebKit/601.1.46 (KHTML, like Gecko) Version/9.0 Mobile/13G35 Safari/601.1" "www.superior-dentistry.com"
96.255.185.51 - - [30/Aug/2016:05:31:35 -0700] "GET /js/ie-emulation-modes-warning.js HTTP/1.1" 200 2132 "http://www.superior-dentistry.com/" "Mozilla/5.0 (iPhone; CPU iPhone OS 9_3_4 like Mac OS X) AppleWebKit/601.1.46 (KHTML, like Gecko) Version/9.0 Mobile/13G35 Safari/601.1" "www.superior-dentistry.com"
96.255.185.51 - - [30/Aug/2016:05:31:35 -0700] "GET /img/patients-choice-winner-2015.png HTTP/1.1" 200 9818 "http://www.superior-dentistry.com/" "Mozilla/5.0 (iPhone; CPU iPhone OS 9_3_4 like Mac OS X) AppleWebKit/601.1.46 (KHTML, like Gecko) Version/9.0 Mobile/13G35 Safari/601.1" "www.superior-dentistry.com"
96.255.185.51 - - [30/Aug/2016:05:31:35 -0700] "GET /img/offer-31-05-2014-sonicare-brush.jpg HTTP/1.1" 200 13165 "http://www.superior-dentistry.com/" "Mozilla/5.0 (iPhone; CPU iPhone OS 9_3_4 like Mac OS X) AppleWebKit/601.1.46 (KHTML, like Gecko) Version/9.0 Mobile/13G35 Safari/601.1" "www.superior-dentistry.com"
96.255.185.51 - - [30/Aug/2016:05:31:35 -0700] "GET /img/slider2.jpg HTTP/1.1" 200 345766 "http://www.superior-dentistry.com/" "Mozilla/5.0 (iPhone; CPU iPhone OS 9_3_4 like Mac OS X) AppleWebKit/601.1.46 (KHTML, like Gecko) Version/9.0 Mobile/13G35 Safari/601.1" "www.superior-dentistry.com"
96.255.185.51 - - [30/Aug/2016:05:31:35 -0700] "GET /img/slider3.jpg HTTP/1.1" 200 217901 "http://www.superior-dentistry.com/" "Mozilla/5.0 (iPhone; CPU iPhone OS 9_3_4 like Mac OS X) AppleWebKit/601.1.46 (KHTML, like Gecko) Version/9.0 Mobile/13G35 Safari/601.1" "www.superior-dentistry.com"
96.255.185.51 - - [30/Aug/2016:05:31:35 -0700] "GET /fonts/fontawesome-webfont.woff?v=4.3.0 HTTP/1.1" 200 71508 "http://www.superior-dentistry.com/" "Mozilla/5.0 (iPhone; CPU iPhone OS 9_3_4 like Mac OS X) AppleWebKit/601.1.46 (KHTML, like Gecko) Version/9.0 Mobile/13G35 Safari/601.1" "www.superior-dentistry.com"
198.16.7.150 - - [30/Aug/2016:05:40:34 -0700] "GET / HTTP/1.1" 200 38900 "-" "FreeWebMonitoring SiteChecker/0.2 (+http://www.freewebmonitoring.com/bot.html)" "www.superior-dentistry.com"
100.43.90.11 - - [30/Aug/2016:06:05:33 -0700] "GET /robots.txt HTTP/1.1" 200 49 "-" "Mozilla/5.0 (compatible; YandexBot/3.0; +http://yandex.com/bots)" "www.superior-dentistry.com"
70.108.240.81 - - [30/Aug/2016:06:20:04 -0700] "GET / HTTP/1.1" 200 38900 "https://www.google.com/" "Mozilla/5.0 (Windows NT 6.1; WOW64) AppleWebKit/537.36 (KHTML, like Gecko) Chrome/52.0.2743.116 Safari/537.36" "www.superior-dentistry.com"
70.108.240.81 - - [30/Aug/2016:06:20:05 -0700] "GET /css/bootstrap.css HTTP/1.1" 200 138415 "http://www.superior-dentistry.com/" "Mozilla/5.0 (Windows NT 6.1; WOW64) AppleWebKit/537.36 (KHTML, like Gecko) Chrome/52.0.2743.116 Safari/537.36" "www.superior-dentistry.com"
70.108.240.81 - - [30/Aug/2016:06:20:06 -0700] "GET /css/font-awesome.css HTTP/1.1" 200 28747 "http://www.superior-dentistry.com/" "Mozilla/5.0 (Windows NT 6.1; WOW64) AppleWebKit/537.36 (KHTML, like Gecko) Chrome/52.0.2743.116 Safari/537.36" "www.superior-dentistry.com"
70.108.240.81 - - [30/Aug/2016:06:20:07 -0700] "GET /img/logo.jpg HTTP/1.1" 200 139628 "http://www.superior-dentistry.com/" "Mozilla/5.0 (Windows NT 6.1; WOW64) AppleWebKit/537.36 (KHTML, like Gecko) Chrome/52.0.2743.116 Safari/537.36" "www.superior-dentistry.com"
70.108.240.81 - - [30/Aug/2016:06:20:08 -0700] "GET /img/wisdom-teeth-extraction.jpg HTTP/1.1" 200 23758 "http://www.superior-dentistry.com/" "Mozilla/5.0 (Windows NT 6.1; WOW64) AppleWebKit/537.36 (KHTML, like Gecko) Chrome/52.0.2743.116 Safari/537.36" "www.superior-dentistry.com"
70.108.240.81 - - [30/Aug/2016:06:20:08 -0700] "GET /img/extraction.jpg HTTP/1.1" 200 30135 "http://www.superior-dentistry.com/" "Mozilla/5.0 (Windows NT 6.1; WOW64) AppleWebKit/537.36 (KHTML, like Gecko) Chrome/52.0.2743.116 Safari/537.36" "www.superior-dentistry.com"
70.108.240.81 - - [30/Aug/2016:06:20:08 -0700] "GET /img/jaw-surgery.jpg HTTP/1.1" 200 27058 "http://www.superior-dentistry.com/" "Mozilla/5.0 (Windows NT 6.1; WOW64) AppleWebKit/537.36 (KHTML, like Gecko) Chrome/52.0.2743.116 Safari/537.36" "www.superior-dentistry.com"
70.108.240.81 - - [30/Aug/2016:06:20:08 -0700] "GET /img/oral-pathology.jpg HTTP/1.1" 200 33395 "http://www.superior-dentistry.com/" "Mozilla/5.0 (Windows NT 6.1; WOW64) AppleWebKit/537.36 (KHTML, like Gecko) Chrome/52.0.2743.116 Safari/537.36" "www.superior-dentistry.com"
70.108.240.81 - - [30/Aug/2016:06:20:08 -0700] "GET /img/tmj-trauma.jpg HTTP/1.1" 200 22488 "http://www.superior-dentistry.com/" "Mozilla/5.0 (Windows NT 6.1; WOW64) AppleWebKit/537.36 (KHTML, like Gecko) Chrome/52.0.2743.116 Safari/537.36" "www.superior-dentistry.com"
70.108.240.81 - - [30/Aug/2016:06:20:11 -0700] "GET /img/meetdr-ali.jpg HTTP/1.1" 200 60533 "http://www.superior-dentistry.com/" "Mozilla/5.0 (Windows NT 6.1; WOW64) AppleWebKit/537.36 (KHTML, like Gecko) Chrome/52.0.2743.116 Safari/537.36" "www.superior-dentistry.com"[0]
70.108.240.81 - - [30/Aug/2016:06:20:11 -0700] "GET /img/meetdr-melika.jpg HTTP/1.1" 200 75968 "http://www.superior-dentistry.com/" "Mozilla/5.0 (Windows NT 6.1; WOW64) AppleWebKit/537.36 (KHTML, like Gecko) Chrome/52.0.2743.116 Safari/537.36" "www.superior-dentistry.com"
70.108.240.81 - - [30/Aug/2016:06:20:12 -0700] "GET /img/offer-31-05-2014-sonicare-brush.jpg HTTP/1.1" 200 13165 "http://www.superior-dentistry.com/" "Mozilla/5.0 (Windows NT 6.1; WOW64) AppleWebKit/537.36 (KHTML, like Gecko) Chrome/52.0.2743.116 Safari/537.36" "www.superior-dentistry.com"
70.108.240.81 - - [30/Aug/2016:06:20:12 -0700] "GET /img/offer-31-05-2014-whitening.jpg HTTP/1.1" 200 15686 "http://www.superior-dentistry.com/" "Mozilla/5.0 (Windows NT 6.1; WOW64) AppleWebKit/537.36 (KHTML, like Gecko) Chrome/52.0.2743.116 Safari/537.36" "www.superior-dentistry.com"
70.108.240.81 - - [30/Aug/2016:06:20:12 -0700] "GET /img/offer-31-05-2014-new-patient.jpg HTTP/1.1" 200 15365 "http://www.superior-dentistry.com/" "Mozilla/5.0 (Windows NT 6.1; WOW64) AppleWebKit/537.36 (KHTML, like Gecko) Chrome/52.0.2743.116 Safari/537.36" "www.superior-dentistry.com"
70.108.240.81 - - [30/Aug/2016:06:20:18 -0700] "GET /js/bootstrap.min.js HTTP/1.1" 200 35601 "http://www.superior-dentistry.com/" "Mozilla/5.0 (Windows NT 6.1; WOW64) AppleWebKit/537.36 (KHTML, like Gecko) Chrome/52.0.2743.116 Safari/537.36" "www.superior-dentistry.com"
70.108.240.81 - - [30/Aug/2016:06:20:18 -0700] "GET /js/docs.min.js HTTP/1.1" 200 43299 "http://www.superior-dentistry.com/" "Mozilla/5.0 (Windows NT 6.1; WOW64) AppleWebKit/537.36 (KHTML, like Gecko) Chrome/52.0.2743.116 Safari/537.36" "www.superior-dentistry.com"
70.108.240.81 - - [30/Aug/2016:06:20:19 -0700] "GET /js/ie10-viewport-bug-workaround.js HTTP/1.1" 200 694 "http://www.superior-dentistry.com/" "Mozilla/5.0 (Windows NT 6.1; WOW64) AppleWebKit/537.36 (KHTML, like Gecko) Chrome/52.0.2743.116 Safari/537.36" "www.superior-dentistry.com"
100.16.104.252 - - [30/Aug/2016:06:21:17 -0700] "GET /css/bootstrap.css HTTP/1.1" 200 138415 "http://www.superior-dentistry.com/" "Mozilla/5.0 (Windows NT 6.1; WOW64; rv:48.0) Gecko/20100101 Firefox/48.0" "www.superior-dentistry.com"
100.16.104.252 - - [30/Aug/2016:06:21:17 -0700] "GET /js/ie-emulation-modes-warning.js HTTP/1.1" 200 2132 "http://www.superior-dentistry.com/" "Mozilla/5.0 (Windows NT 6.1; WOW64; rv:48.0) Gecko/20100101 Firefox/48.0" "www.superior-dentistry.com"
100.16.104.252 - - [30/Aug/2016:06:21:17 -0700] "GET /js/bootstrap.min.js HTTP/1.1" 200 35601 "http://www.superior-dentistry.com/" "Mozilla/5.0 (Windows NT 6.1; WOW64; rv:48.0) Gecko/20100101 Firefox/48.0" "www.superior-dentistry.com"
100.16.104.252 - - [30/Aug/2016:06:21:17 -0700] "GET /theme.css HTTP/1.1" 200 1926 "http://www.superior-dentistry.com/" "Mozilla/5.0 (Windows NT 6.1; WOW64; rv:48.0) Gecko/20100101 Firefox/48.0" "www.superior-dentistry.com"[0]
100.16.104.252 - - [30/Aug/2016:06:21:17 -0700] "GET /css/bootstrap-theme.css HTTP/1.1" 200 19156 "http://www.superior-dentistry.com/" "Mozilla/5.0 (Windows NT 6.1; WOW64; rv:48.0) Gecko/20100101 Firefox/48.0" "www.superior-dentistry.com"
100.16.104.252 - - [30/Aug/2016:06:21:17 -0700] "GET /js/docs.min.js HTTP/1.1" 200 43299 "http://www.superior-dentistry.com/" "Mozilla/5.0 (Windows NT 6.1; WOW64; rv:48.0) Gecko/20100101 Firefox/48.0" "www.superior-dentistry.com"
100.16.104.252 - - [30/Aug/2016:06:21:18 -0700] "GET /img/slider2.jpg HTTP/1.1" 200 345766 "http://www.superior-dentistry.com/" "Mozilla/5.0 (Windows NT 6.1; WOW64; rv:48.0) Gecko/20100101 Firefox/48.0" "www.superior-dentistry.com"
100.16.104.252 - - [30/Aug/2016:06:21:18 -0700] "GET /assets/flash/ZeroClipboard.swf?noCache=1472563278409 HTTP/1.1" 404 89 "http://www.superior-dentistry.com/" "Mozilla/5.0 (Windows NT 6.1; WOW64; rv:48.0) Gecko/20100101 Firefox/48.0" "www.superior-dentistry.com"
100.16.104.252 - - [30/Aug/2016:06:21:34 -0700] "GET /img/Dr-Melika.jpg HTTP/1.1" 200 28557 "http://www.superior-dentistry.com/meet-staff.html" "Mozilla/5.0 (Windows NT 6.1; WOW64; rv:48.0) Gecko/20100101 Firefox/48.0" "www.superior-dentistry.com"
100.16.104.252 - - [30/Aug/2016:06:21:34 -0700] "GET /img/Dr-Ali-shatergholi.jpg HTTP/1.1" 200 17298 "http://www.superior-dentistry.com/meet-staff.html" "Mozilla/5.0 (Windows NT 6.1; WOW64; rv:48.0) Gecko/20100101 Firefox/48.0" "www.superior-dentistry.com"[0]
199.16.156.124 - - [30/Aug/2016:06:21:35 -0700] "GET /images/logo1.jpg HTTP/1.1" 404 89 "-" "Twitterbot/1.0" "www.superior-dentistry.com"
100.16.104.252 - - [30/Aug/2016:06:29:53 -0700] "GET /assets/flash/ZeroClipboard.swf?noCache=1472563793617 HTTP/1.1" 404 89 "http://www.superior-dentistry.com/testimonials.html" "Mozilla/5.0 (Windows NT 6.1; WOW64; rv:48.0) Gecko/20100101 Firefox/48.0" "www.superior-dentistry.com"
100.16.104.252 - - [30/Aug/2016:06:30:25 -0700] "GET /assets/flash/ZeroClipboard.swf?noCache=1472563825710 HTTP/1.1" 404 89 "http://www.superior-dentistry.com/index.html" "Mozilla/5.0 (Windows NT 6.1; WOW64; rv:48.0) Gecko/20100101 Firefox/48.0" "www.superior-dentistry.com"
100.16.104.252 - - [30/Aug/2016:06:30:42 -0700] "GET /assets/flash/ZeroClipboard.swf?noCache=1472563843236 HTTP/1.1" 404 89 "http://www.superior-dentistry.com/meet-staff.html" "Mozilla/5.0 (Windows NT 6.1; WOW64; rv:48.0) Gecko/20100101 Firefox/48.0" "www.superior-dentistry.com"
172.10.130.157 - - [30/Aug/2016:06:38:36 -0700] "GET /wp-login.php HTTP/1.1" 200 73 "-" "Mozilla/5.0 (Windows NT 6.1; WOW64; rv:40.0) Gecko/20100101 Firefox/40.1" "www.superior-dentistry.com"
172.10.130.157 - - [30/Aug/2016:06:38:36 -0700] "GET / HTTP/1.1" 200 38900 "-" "Mozilla/5.0 (Windows NT 6.1; WOW64; rv:40.0) Gecko/20100101 Firefox/40.1" "www.superior-dentistry.com"
198.16.7.150 - - [30/Aug/2016:06:41:54 -0700] "GET / HTTP/1.1" 200 38900 "-" "FreeWebMonitoring SiteChecker/0.2 (+http://www.freewebmonitoring.com/bot.html)" "www.superior-dentistry.com"
157.55.39.54 - - [30/Aug/2016:06:43:39 -0700] "GET /robots.txt HTTP/1.1" 200 49 "-" "Mozilla/5.0 (compatible; bingbot/2.0; +http://www.bing.com/bingbot.htm)" "www.superior-dentistry.com"
54.242.164.91 - - [30/Aug/2016:07:05:14 -0700] "GET / HTTP/1.1" 200 38900 "-" "Mozilla/5.0 (X11; Linux x86_64)AppleWebKit/537.36 (KHTML, like Gecko)Chrome/43.0.2357.134 Safari/537.36http://notifyninja.com/monitoring" "superior-dentistry.com"
50.190.83.158 - - [30/Aug/2016:07:15:42 -0700] "GET /css/bootstrap.css HTTP/1.1" 200 138415 "http://www.superior-dentistry.com/" "Mozilla/5.0 (Windows NT 10.0; WOW64) AppleWebKit/537.36 (KHTML, like Gecko) Chrome/52.0.2743.116 Safari/537.36" "www.superior-dentistry.com"
50.190.83.158 - - [30/Aug/2016:07:15:42 -0700] "GET /js/ie-emulation-modes-warning.js HTTP/1.1" 200 2132 "http://www.superior-dentistry.com/" "Mozilla/5.0 (Windows NT 10.0; WOW64) AppleWebKit/537.36 (KHTML, like Gecko) Chrome/52.0.2743.116 Safari/537.36" "www.superior-dentistry.com"
50.190.83.158 - - [30/Aug/2016:07:15:42 -0700] "GET /img/oral-pathology.jpg HTTP/1.1" 200 33395 "http://www.superior-dentistry.com/" "Mozilla/5.0 (Windows NT 10.0; WOW64) AppleWebKit/537.36 (KHTML, like Gecko) Chrome/52.0.2743.116 Safari/537.36" "www.superior-dentistry.com"
50.190.83.158 - - [30/Aug/2016:07:15:42 -0700] "GET /img/slider1.jpg HTTP/1.1" 200 268888 "http://www.superior-dentistry.com/" "Mozilla/5.0 (Windows NT 10.0; WOW64) AppleWebKit/537.36 (KHTML, like Gecko) Chrome/52.0.2743.116 Safari/537.36" "www.superior-dentistry.com"
50.190.83.158 - - [30/Aug/2016:07:15:42 -0700] "GET /img/slider3.jpg HTTP/1.1" 200 217901 "http://www.superior-dentistry.com/" "Mozilla/5.0 (Windows NT 10.0; WOW64) AppleWebKit/537.36 (KHTML, like Gecko) Chrome/52.0.2743.116 Safari/537.36" "www.superior-dentistry.com"[0]
50.190.83.158 - - [30/Aug/2016:07:15:42 -0700] "GET /img/meetdr-ali.jpg HTTP/1.1" 200 60533 "http://www.superior-dentistry.com/" "Mozilla/5.0 (Windows NT 10.0; WOW64) AppleWebKit/537.36 (KHTML, like Gecko) Chrome/52.0.2743.116 Safari/537.36" "www.superior-dentistry.com"
50.190.83.158 - - [30/Aug/2016:07:15:42 -0700] "GET /img/patients-choice-winner-2015.png HTTP/1.1" 200 9818 "http://www.superior-dentistry.com/" "Mozilla/5.0 (Windows NT 10.0; WOW64) AppleWebKit/537.36 (KHTML, like Gecko) Chrome/52.0.2743.116 Safari/537.36" "www.superior-dentistry.com"
50.190.83.158 - - [30/Aug/2016:07:15:42 -0700] "GET /js/docs.min.js HTTP/1.1" 200 43299 "http://www.superior-dentistry.com/" "Mozilla/5.0 (Windows NT 10.0; WOW64) AppleWebKit/537.36 (KHTML, like Gecko) Chrome/52.0.2743.116 Safari/537.36" "www.superior-dentistry.com"
50.190.83.158 - - [30/Aug/2016:07:15:42 -0700] "GET /js/ie10-viewport-bug-workaround.js HTTP/1.1" 200 694 "http://www.superior-dentistry.com/" "Mozilla/5.0 (Windows NT 10.0; WOW64) AppleWebKit/537.36 (KHTML, like Gecko) Chrome/52.0.2743.116 Safari/537.36" "www.superior-dentistry.com"
198.16.7.150 - - [30/Aug/2016:07:43:30 -0700] "GET / HTTP/1.1" 200 38900 "-" "FreeWebMonitoring SiteChecker/0.2 (+http://www.freewebmonitoring.com/bot.html)" "www.superior-dentistry.com"
207.46.13.184 - - [30/Aug/2016:07:48:21 -0700] "GET /css/bootstrap.css HTTP/1.1" 200 138415 "-" "Mozilla/5.0 (compatible; bingbot/2.0; +http://www.bing.com/bingbot.htm)" "www.superior-dentistry.com"
207.46.13.184 - - [30/Aug/2016:07:48:22 -0700] "GET /js/ie-emulation-modes-warning.js HTTP/1.1" 200 2132 "-" "Mozilla/5.0 (compatible; bingbot/2.0; +http://www.bing.com/bingbot.htm)" "www.superior-dentistry.com"
71.178.167.19 - - [30/Aug/2016:07:50:25 -0700] "GET / HTTP/1.1" 200 38900 "https://www.google.com/" "Mozilla/5.0 (Windows NT 6.3; WOW64) AppleWebKit/537.36 (KHTML, like Gecko) Chrome/52.0.2743.116 Safari/537.36" "www.superior-dentistry.com"
71.178.167.19 - - [30/Aug/2016:07:50:26 -0700] "GET /img/dental-implants.jpg HTTP/1.1" 200 22844 "http://www.superior-dentistry.com/" "Mozilla/5.0 (Windows NT 6.3; WOW64) AppleWebKit/537.36 (KHTML, like Gecko) Chrome/52.0.2743.116 Safari/537.36" "www.superior-dentistry.com"
71.178.167.19 - - [30/Aug/2016:07:50:26 -0700] "GET /img/wisdom-teeth-extraction.jpg HTTP/1.1" 200 23758 "http://www.superior-dentistry.com/" "Mozilla/5.0 (Windows NT 6.3; WOW64) AppleWebKit/537.36 (KHTML, like Gecko) Chrome/52.0.2743.116 Safari/537.36" "www.superior-dentistry.com"
71.178.167.19 - - [30/Aug/2016:07:50:27 -0700] "GET /img/slider1.jpg HTTP/1.1" 200 268888 "http://www.superior-dentistry.com/" "Mozilla/5.0 (Windows NT 6.3; WOW64) AppleWebKit/537.36 (KHTML, like Gecko) Chrome/52.0.2743.116 Safari/537.36" "www.superior-dentistry.com"
71.178.167.19 - - [30/Aug/2016:07:50:27 -0700] "GET /img/meetdr-ali.jpg HTTP/1.1" 200 60533 "http://www.superior-dentistry.com/" "Mozilla/5.0 (Windows NT 6.3; WOW64) AppleWebKit/537.36 (KHTML, like Gecko) Chrome/52.0.2743.116 Safari/537.36" "www.superior-dentistry.com"
71.178.167.19 - - [30/Aug/2016:07:50:27 -0700] "GET /img/meetdr-melika.jpg HTTP/1.1" 200 75968 "http://www.superior-dentistry.com/" "Mozilla/5.0 (Windows NT 6.3; WOW64) AppleWebKit/537.36 (KHTML, like Gecko) Chrome/52.0.2743.116 Safari/537.36" "www.superior-dentistry.com"
71.178.167.19 - - [30/Aug/2016:07:50:27 -0700] "GET /img/offer-31-05-2014-sonicare-brush.jpg HTTP/1.1" 200 13165 "http://www.superior-dentistry.com/" "Mozilla/5.0 (Windows NT 6.3; WOW64) AppleWebKit/537.36 (KHTML, like Gecko) Chrome/52.0.2743.116 Safari/537.36" "www.superior-dentistry.com"
71.178.167.19 - - [30/Aug/2016:07:50:27 -0700] "GET /img/offer-31-05-2014-whitening.jpg HTTP/1.1" 200 15686 "http://www.superior-dentistry.com/" "Mozilla/5.0 (Windows NT 6.3; WOW64) AppleWebKit/537.36 (KHTML, like Gecko) Chrome/52.0.2743.116 Safari/537.36" "www.superior-dentistry.com"
71.178.167.19 - - [30/Aug/2016:07:50:27 -0700] "GET /img/offer-31-05-2014-new-patient.jpg HTTP/1.1" 200 15365 "http://www.superior-dentistry.com/" "Mozilla/5.0 (Windows NT 6.3; WOW64) AppleWebKit/537.36 (KHTML, like Gecko) Chrome/52.0.2743.116 Safari/537.36" "www.superior-dentistry.com"
71.178.167.19 - - [30/Aug/2016:07:50:27 -0700] "GET /img/patients-choice-winner-2015.png HTTP/1.1" 200 9818 "http://www.superior-dentistry.com/" "Mozilla/5.0 (Windows NT 6.3; WOW64) AppleWebKit/537.36 (KHTML, like Gecko) Chrome/52.0.2743.116 Safari/537.36" "www.superior-dentistry.com"
71.178.167.19 - - [30/Aug/2016:07:50:27 -0700] "GET /js/bootstrap.min.js HTTP/1.1" 200 35601 "http://www.superior-dentistry.com/" "Mozilla/5.0 (Windows NT 6.3; WOW64) AppleWebKit/537.36 (KHTML, like Gecko) Chrome/52.0.2743.116 Safari/537.36" "www.superior-dentistry.com"[0]
71.178.167.19 - - [30/Aug/2016:07:50:27 -0700] "GET /fonts/fontawesome-webfont.woff2?v=4.3.0 HTTP/1.1" 200 56780 "http://www.superior-dentistry.com/css/font-awesome.css" "Mozilla/5.0 (Windows NT 6.3; WOW64) AppleWebKit/537.36 (KHTML, like Gecko) Chrome/52.0.2743.116 Safari/537.36" "www.superior-dentistry.com"
132.200.132.34 - - [30/Aug/2016:08:40:10 -0700] "GET /favicon.ico HTTP/1.1" 200 688 "-" "Mozilla/5.0 (Windows NT 6.3; WOW64; rv:48.0) Gecko/20100101 Firefox/48.0" "www.superior-dentistry.com"
132.200.132.34 - - [30/Aug/2016:08:40:10 -0700] "GET /img/wisdom-teeth-extraction.jpg HTTP/1.1" 200 23758 "-" "Mozilla/4.0 (compatible;)" "www.superior-dentistry.com"
132.200.132.34 - - [30/Aug/2016:08:40:10 -0700] "GET /js/docs.min.js HTTP/1.1" 200 43299 "-" "Mozilla/4.0 (compatible;)" "www.superior-dentistry.com"
132.200.132.34 - - [30/Aug/2016:08:40:10 -0700] "GET /fonts/fontawesome-webfont.woff2?v=4.3.0 HTTP/1.1" 200 56780 "http://www.superior-dentistry.com/css/font-awesome.css" "Mozilla/5.0 (Windows NT 6.3; WOW64; rv:48.0) Gecko/20100101 Firefox/48.0" "www.superior-dentistry.com"
172.56.2.119 - - [30/Aug/2016:08:45:39 -0700] "GET /img/slider2.jpg HTTP/1.1" 200 345766 "http://www.superior-dentistry.com/" "Mozilla/5.0 (Macintosh; Intel Mac OS X 10_10_5) AppleWebKit/537.36 (KHTML, like Gecko) Chrome/52.0.2743.116 Safari/537.36" "www.superior-dentistry.com"
172.56.2.119 - - [30/Aug/2016:08:45:40 -0700] "GET /img/zocdoc-apt.jpg HTTP/1.1" 200 79396 "http://www.superior-dentistry.com/" "Mozilla/5.0 (Macintosh; Intel Mac OS X 10_10_5) AppleWebKit/537.36 (KHTML, like Gecko) Chrome/52.0.2743.116 Safari/537.36" "www.superior-dentistry.com"
98.188.213.114 - - [30/Aug/2016:08:48:58 -0700] "GET / HTTP/1.1" 200 38900 "http://www.google.com/url?sa=t&rct=j&q=&esrc=s&source=web&cd=1&ved=0ahUKEwi486HXvunOAhVFLSYKHXHcAXYQFggdMAA&url=http%3A%2F%2Fwww.superior-dentistry.com%2F&usg=AFQjCNGF-nEQNHBsad_bRxtFplrZJb5AWQ&bvm=bv.131286987,d.eWE" "Mozilla/5.0 (Windows NT 10.0; WOW64; Trident/7.0; rv:11.0) like Gecko" "www.superior-dentistry.com"
98.188.213.114 - - [30/Aug/2016:08:48:58 -0700] "GET /theme.css HTTP/1.1" 200 1926 "http://www.superior-dentistry.com/" "Mozilla/5.0 (Windows NT 10.0; WOW64; Trident/7.0; rv:11.0) like Gecko" "www.superior-dentistry.com"
98.188.213.114 - - [30/Aug/2016:08:48:59 -0700] "GET /js/docs.min.js HTTP/1.1" 200 43299 "http://www.superior-dentistry.com/" "Mozilla/5.0 (Windows NT 10.0; WOW64; Trident/7.0; rv:11.0) like Gecko" "www.superior-dentistry.com"
98.188.213.114 - - [30/Aug/2016:08:48:59 -0700] "GET /js/ie10-viewport-bug-workaround.js HTTP/1.1" 200 694 "http://www.superior-dentistry.com/" "Mozilla/5.0 (Windows NT 10.0; WOW64; Trident/7.0; rv:11.0) like Gecko" "www.superior-dentistry.com"
98.188.213.114 - - [30/Aug/2016:08:48:59 -0700] "GET /img/slider1.jpg HTTP/1.1" 200 268888 "http://www.superior-dentistry.com/" "Mozilla/5.0 (Windows NT 10.0; WOW64; Trident/7.0; rv:11.0) like Gecko" "www.superior-dentistry.com"
98.188.213.114 - - [30/Aug/2016:08:48:59 -0700] "GET /fonts/fontawesome-webfont.eot HTTP/1.1" 200 60767 "http://www.superior-dentistry.com/" "Mozilla/5.0 (Windows NT 10.0; WOW64; Trident/7.0; rv:11.0) like Gecko" "www.superior-dentistry.com"
54.242.164.91 - - [30/Aug/2016:09:06:37 -0700] "GET / HTTP/1.1" 200 38900 "-" "Mozilla/5.0 (X11; Linux x86_64)AppleWebKit/537.36 (KHTML, like Gecko)Chrome/43.0.2357.134 Safari/537.36http://notifyninja.com/monitoring" "superior-dentistry.com"
46.118.238.134 - - [30/Aug/2016:09:12:22 -0700] "GET / HTTP/1.1" 200 38900 "http://mylida.org/" "Mozilla/4.79 [en] (Windows NT 5.0; U)" "www.superior-dentistry.com"
178.137.94.36 - - [30/Aug/2016:09:19:10 -0700] "GET / HTTP/1.1" 200 38900 "http://segol.tv/" "Mozilla/4.0 (compatible; Powermarks/3.5; Windows 95/98/2000/NT)" "www.superior-dentistry.com"
214.3.138.230 - - [30/Aug/2016:09:35:05 -0700] "GET / HTTP/1.1" 200 38900 "https://www.google.com" "Mozilla/5.0 (Windows NT 6.1; WOW64; rv:45.0) Gecko/20100101 Firefox/45.0" "www.superior-dentistry.com"
214.3.138.230 - - [30/Aug/2016:09:35:05 -0700] "GET /css/bootstrap.css HTTP/1.1" 200 138415 "http://www.superior-dentistry.com/" "Mozilla/5.0 (Windows NT 6.1; WOW64; rv:45.0) Gecko/20100101 Firefox/45.0" "www.superior-dentistry.com"
214.3.138.230 - - [30/Aug/2016:09:35:06 -0700] "GET /css/font-awesome.css HTTP/1.1" 200 28747 "http://www.superior-dentistry.com/" "Mozilla/5.0 (Windows NT 6.1; WOW64; rv:45.0) Gecko/20100101 Firefox/45.0" "www.superior-dentistry.com"[0]
214.3.138.230 - - [30/Aug/2016:09:35:06 -0700] "GET /css/bootstrap-theme.css HTTP/1.1" 200 19156 "http://www.superior-dentistry.com/" "Mozilla/5.0 (Windows NT 6.1; WOW64; rv:45.0) Gecko/20100101 Firefox/45.0" "www.superior-dentistry.com"
214.3.138.230 - - [30/Aug/2016:09:35:06 -0700] "GET /theme.css HTTP/1.1" 200 1926 "http://www.superior-dentistry.com/" "Mozilla/5.0 (Windows NT 6.1; WOW64; rv:45.0) Gecko/20100101 Firefox/45.0" "www.superior-dentistry.com"
214.3.138.230 - - [30/Aug/2016:09:35:06 -0700] "GET /js/ie-emulation-modes-warning.js HTTP/1.1" 200 2132 "http://www.superior-dentistry.com/" "Mozilla/5.0 (Windows NT 6.1; WOW64; rv:45.0) Gecko/20100101 Firefox/45.0" "www.superior-dentistry.com"
214.3.138.230 - - [30/Aug/2016:09:35:06 -0700] "GET /js/bootstrap.min.js HTTP/1.1" 200 35601 "http://www.superior-dentistry.com/" "Mozilla/5.0 (Windows NT 6.1; WOW64; rv:45.0) Gecko/20100101 Firefox/45.0" "www.superior-dentistry.com"
214.3.138.230 - - [30/Aug/2016:09:35:06 -0700] "GET /fonts/fontawesome-webfont.woff2?v=4.3.0 HTTP/1.1" 200 56780 "http://www.superior-dentistry.com/css/font-awesome.css" "Mozilla/5.0 (Windows NT 6.1; WOW64; rv:45.0) Gecko/20100101 Firefox/45.0" "www.superior-dentistry.com"[0]
214.3.138.230 - - [30/Aug/2016:09:35:07 -0700] "GET /js/docs.min.js HTTP/1.1" 200 43299 "http://www.superior-dentistry.com/" "Mozilla/5.0 (Windows NT 6.1; WOW64; rv:45.0) Gecko/20100101 Firefox/45.0" "www.superior-dentistry.com"
214.3.138.230 - - [30/Aug/2016:09:35:07 -0700] "GET /js/ie10-viewport-bug-workaround.js HTTP/1.1" 200 694 "http://www.superior-dentistry.com/" "Mozilla/5.0 (Windows NT 6.1; WOW64; rv:45.0) Gecko/20100101 Firefox/45.0" "www.superior-dentistry.com"
214.3.138.230 - - [30/Aug/2016:09:35:08 -0700] "GET /img/dental-implants.jpg HTTP/1.1" 200 22844 "http://www.superior-dentistry.com/" "Mozilla/5.0 (Windows NT 6.1; WOW64; rv:45.0) Gecko/20100101 Firefox/45.0" "www.superior-dentistry.com"
214.3.138.230 - - [30/Aug/2016:09:35:08 -0700] "GET /img/extraction.jpg HTTP/1.1" 200 30135 "http://www.superior-dentistry.com/" "Mozilla/5.0 (Windows NT 6.1; WOW64; rv:45.0) Gecko/20100101 Firefox/45.0" "www.superior-dentistry.com"
214.3.138.230 - - [30/Aug/2016:09:35:08 -0700] "GET /img/jaw-surgery.jpg HTTP/1.1" 200 27058 "http://www.superior-dentistry.com/" "Mozilla/5.0 (Windows NT 6.1; WOW64; rv:45.0) Gecko/20100101 Firefox/45.0" "www.superior-dentistry.com"
214.3.138.230 - - [30/Aug/2016:09:35:08 -0700] "GET /img/oral-pathology.jpg HTTP/1.1" 200 33395 "http://www.superior-dentistry.com/" "Mozilla/5.0 (Windows NT 6.1; WOW64; rv:45.0) Gecko/20100101 Firefox/45.0" "www.superior-dentistry.com"
214.3.138.230 - - [30/Aug/2016:09:35:08 -0700] "GET /img/tmj-trauma.jpg HTTP/1.1" 200 22488 "http://www.superior-dentistry.com/" "Mozilla/5.0 (Windows NT 6.1; WOW64; rv:45.0) Gecko/20100101 Firefox/45.0" "www.superior-dentistry.com"[0]
214.3.138.230 - - [30/Aug/2016:09:35:09 -0700] "GET /img/slider3.jpg HTTP/1.1" 200 217901 "http://www.superior-dentistry.com/" "Mozilla/5.0 (Windows NT 6.1; WOW64; rv:45.0) Gecko/20100101 Firefox/45.0" "www.superior-dentistry.com"
214.3.138.230 - - [30/Aug/2016:09:35:10 -0700] "GET /img/meetdr-ali.jpg HTTP/1.1" 200 60533 "http://www.superior-dentistry.com/" "Mozilla/5.0 (Windows NT 6.1; WOW64; rv:45.0) Gecko/20100101 Firefox/45.0" "www.superior-dentistry.com"
214.3.138.230 - - [30/Aug/2016:09:35:10 -0700] "GET /img/meetdr-melika.jpg HTTP/1.1" 200 75968 "http://www.superior-dentistry.com/" "Mozilla/5.0 (Windows NT 6.1; WOW64; rv:45.0) Gecko/20100101 Firefox/45.0" "www.superior-dentistry.com"
214.3.138.230 - - [30/Aug/2016:09:35:10 -0700] "GET /img/offer-31-05-2014-whitening.jpg HTTP/1.1" 200 15686 "http://www.superior-dentistry.com/" "Mozilla/5.0 (Windows NT 6.1; WOW64; rv:45.0) Gecko/20100101 Firefox/45.0" "www.superior-dentistry.com"
214.3.138.230 - - [30/Aug/2016:09:35:10 -0700] "GET /img/patients-choice-winner-2015.png HTTP/1.1" 200 9818 "http://www.superior-dentistry.com/" "Mozilla/5.0 (Windows NT 6.1; WOW64; rv:45.0) Gecko/20100101 Firefox/45.0" "www.superior-dentistry.com"
214.3.138.230 - - [30/Aug/2016:09:35:10 -0700] "GET /img/slider1.jpg HTTP/1.1" 200 268888 "http://www.superior-dentistry.com/" "Mozilla/5.0 (Windows NT 6.1; WOW64; rv:45.0) Gecko/20100101 Firefox/45.0" "www.superior-dentistry.com"
46.119.112.23 - - [30/Aug/2016:09:40:52 -0700] "GET /robots.txt HTTP/1.1" 200 49 "-" "Mozilla/5.0 (Windows NT 10.0; WOW64) AppleWebKit/537.36 (KHTML, like Gecko) Chrome/49.0.2623.75 Safari/537.36 OPR/36.0.2130.32" "www.superior-dentistry.com"
46.119.112.23 - - [30/Aug/2016:09:40:52 -0700] "GET / HTTP/1.1" 200 38900 "-" "Mozilla/5.0 (Windows NT 10.0; WOW64) AppleWebKit/537.36 (KHTML, like Gecko) Chrome/49.0.2623.75 Safari/537.36 OPR/36.0.2130.32" "www.superior-dentistry.com"
46.119.112.23 - - [30/Aug/2016:09:40:54 -0700] "GET /xmlrpc.php?rsd HTTP/1.1" 200 73 "-" "Mozilla/5.0 (Windows NT 10.0; WOW64) AppleWebKit/537.36 (KHTML, like Gecko) Chrome/49.0.2623.75 Safari/537.36 OPR/36.0.2130.32" "www.superior-dentistry.com"
46.119.112.23 - - [30/Aug/2016:09:40:54 -0700] "GET /blog/robots.txt HTTP/1.1" 200 73 "-" "Mozilla/5.0 (Windows NT 10.0; WOW64) AppleWebKit/537.36 (KHTML, like Gecko) Chrome/49.0.2623.75 Safari/537.36 OPR/36.0.2130.32" "www.superior-dentistry.com"
46.119.112.23 - - [30/Aug/2016:09:40:54 -0700] "GET /blog/ HTTP/1.1" 200 73 "-" "Mozilla/5.0 (Windows NT 10.0; WOW64) AppleWebKit/537.36 (KHTML, like Gecko) Chrome/49.0.2623.75 Safari/537.36 OPR/36.0.2130.32" "www.superior-dentistry.com"
198.16.7.150 - - [30/Aug/2016:09:47:00 -0700] "GET / HTTP/1.1" 200 38900 "-" "FreeWebMonitoring SiteChecker/0.2 (+http://www.freewebmonitoring.com/bot.html)" "www.superior-dentistry.com"
54.242.164.91 - - [30/Aug/2016:10:07:29 -0700] "GET / HTTP/1.1" 200 38900 "-" "Mozilla/5.0 (X11; Linux x86_64)AppleWebKit/537.36 (KHTML, like Gecko)Chrome/43.0.2357.134 Safari/537.36http://notifyninja.com/monitoring" "superior-dentistry.com"
178.137.163.253 - - [30/Aug/2016:10:09:38 -0700] "GET / HTTP/1.1" 200 38900 "http://www.avtolombard-krasnodar.com/" "Mozilla/3.0 (compatible; WebCapture 2.0; Auto; Windows)" "www.superior-dentistry.com"
178.137.163.253 - - [30/Aug/2016:10:09:38 -0700] "GET / HTTP/1.1" 200 38900 "http://www.avtolombard-krasnodar.com/" "Mozilla/3.0 (compatible; WebCapture 2.0; Auto; Windows)" "www.superior-dentistry.com"
198.16.7.150 - - [30/Aug/2016:10:48:51 -0700] "GET / HTTP/1.1" 200 38900 "-" "FreeWebMonitoring SiteChecker/0.2 (+http://www.freewebmonitoring.com/bot.html)" "www.superior-dentistry.com"
54.242.164.91 - - [30/Aug/2016:11:08:18 -0700] "GET / HTTP/1.1" 200 38900 "-" "Mozilla/5.0 (X11; Linux x86_64)AppleWebKit/537.36 (KHTML, like Gecko)Chrome/43.0.2357.134 Safari/537.36http://notifyninja.com/monitoring" "superior-dentistry.com"
214.3.138.230 - - [30/Aug/2016:11:14:41 -0700] "GET /services.html HTTP/1.1" 200 34139 "http://www.superior-dentistry.com/" "Mozilla/5.0 (Windows NT 6.1; WOW64; rv:45.0) Gecko/20100101 Firefox/45.0" "www.superior-dentistry.com"
214.3.138.230 - - [30/Aug/2016:11:14:42 -0700] "GET /img/periodontalsurgery.jpg HTTP/1.1" 200 56963 "http://www.superior-dentistry.com/services.html" "Mozilla/5.0 (Windows NT 6.1; WOW64; rv:45.0) Gecko/20100101 Firefox/45.0" "www.superior-dentistry.com"
214.3.138.230 - - [30/Aug/2016:11:14:42 -0700] "GET /img/invisalign.jpg HTTP/1.1" 200 142640 "http://www.superior-dentistry.com/services.html" "Mozilla/5.0 (Windows NT 6.1; WOW64; rv:45.0) Gecko/20100101 Firefox/45.0" "www.superior-dentistry.com"
214.3.138.230 - - [30/Aug/2016:11:14:42 -0700] "GET /img/dentures.jpg HTTP/1.1" 200 126240 "http://www.superior-dentistry.com/services.html" "Mozilla/5.0 (Windows NT 6.1; WOW64; rv:45.0) Gecko/20100101 Firefox/45.0" "www.superior-dentistry.com"
214.3.138.230 - - [30/Aug/2016:11:14:42 -0700] "GET /img/Teeth-Whitening1.jpg HTTP/1.1" 200 150063 "http://www.superior-dentistry.com/services.html" "Mozilla/5.0 (Windows NT 6.1; WOW64; rv:45.0) Gecko/20100101 Firefox/45.0" "www.superior-dentistry.com"[0]
214.3.138.230 - - [30/Aug/2016:11:14:42 -0700] "GET /img/bridges-dentist-md.jpg HTTP/1.1" 200 67242 "http://www.superior-dentistry.com/services.html" "Mozilla/5.0 (Windows NT 6.1; WOW64; rv:45.0) Gecko/20100101 Firefox/45.0" "www.superior-dentistry.com"
214.3.138.230 - - [30/Aug/2016:11:14:42 -0700] "GET /img/white_composite_filling.jpg HTTP/1.1" 200 105229 "http://www.superior-dentistry.com/services.html" "Mozilla/5.0 (Windows NT 6.1; WOW64; rv:45.0) Gecko/20100101 Firefox/45.0" "www.superior-dentistry.com"
214.3.138.230 - - [30/Aug/2016:11:14:42 -0700] "GET /img/SnapOnSmile.jpg HTTP/1.1" 200 71471 "http://www.superior-dentistry.com/services.html" "Mozilla/5.0 (Windows NT 6.1; WOW64; rv:45.0) Gecko/20100101 Firefox/45.0" "www.superior-dentistry.com"
214.3.138.230 - - [30/Aug/2016:11:14:42 -0700] "GET /img/Lumineers.jpg HTTP/1.1" 200 70250 "http://www.superior-dentistry.com/services.html" "Mozilla/5.0 (Windows NT 6.1; WOW64; rv:45.0) Gecko/20100101 Firefox/45.0" "www.superior-dentistry.com"
214.3.138.230 - - [30/Aug/2016:11:14:42 -0700] "GET /img/implant-before-and-after.jpg HTTP/1.1" 200 122702 "http://www.superior-dentistry.com/services.html" "Mozilla/5.0 (Windows NT 6.1; WOW64; rv:45.0) Gecko/20100101 Firefox/45.0" "www.superior-dentistry.com"
214.3.138.230 - - [30/Aug/2016:11:14:58 -0700] "GET /assets/flash/ZeroClipboard.swf?noCache=1472580882412 HTTP/1.1" 404 89 "http://www.superior-dentistry.com/services.html" "Mozilla/5.0 (Windows NT 6.1; WOW64; rv:45.0) Gecko/20100101 Firefox/45.0" "www.superior-dentistry.com"
199.16.156.126 - - [30/Aug/2016:11:15:00 -0700] "GET /images/logo1.jpg HTTP/1.1" 404 89 "-" "Twitterbot/1.0" "www.superior-dentistry.com"
199.16.156.126 - - [30/Aug/2016:11:15:00 -0700] "GET /Dentists-Bowie-MD.html HTTP/1.1" 200 27344 "-" "Twitterbot/1.0" "www.superior-dentistry.com"[0]
199.16.156.126 - - [30/Aug/2016:11:15:00 -0700] "GET /images/endodontia-root-canal-treatment.jpg HTTP/1.1" 404 89 "-" "Twitterbot/1.0" "www.superior-dentistry.com"
214.3.138.230 - - [30/Aug/2016:11:15:09 -0700] "GET /firstvisit.html HTTP/1.1" 200 24044 "http://www.superior-dentistry.com/services.html" "Mozilla/5.0 (Windows NT 6.1; WOW64; rv:45.0) Gecko/20100101 Firefox/45.0" "www.superior-dentistry.com"
214.3.138.230 - - [30/Aug/2016:11:15:10 -0700] "GET /css/procedure-thumb.css HTTP/1.1" 200 2005 "http://www.superior-dentistry.com/firstvisit.html" "Mozilla/5.0 (Windows NT 6.1; WOW64; rv:45.0) Gecko/20100101 Firefox/45.0" "www.superior-dentistry.com"
214.3.138.230 - - [30/Aug/2016:11:15:10 -0700] "GET /img/office-slider1.jpg HTTP/1.1" 200 134555 "http://www.superior-dentistry.com/firstvisit.html" "Mozilla/5.0 (Windows NT 6.1; WOW64; rv:45.0) Gecko/20100101 Firefox/45.0" "www.superior-dentistry.com"
214.3.138.230 - - [30/Aug/2016:11:15:10 -0700] "GET /img/office-slider2.jpg HTTP/1.1" 200 148450 "http://www.superior-dentistry.com/firstvisit.html" "Mozilla/5.0 (Windows NT 6.1; WOW64; rv:45.0) Gecko/20100101 Firefox/45.0" "www.superior-dentistry.com"
214.3.138.230 - - [30/Aug/2016:11:15:10 -0700] "GET /img/doc.png HTTP/1.1" 200 26918 "http://www.superior-dentistry.com/firstvisit.html" "Mozilla/5.0 (Windows NT 6.1; WOW64; rv:45.0) Gecko/20100101 Firefox/45.0" "www.superior-dentistry.com"
214.3.138.230 - - [30/Aug/2016:11:15:10 -0700] "GET /img/office-slider4.jpg HTTP/1.1" 200 85815 "http://www.superior-dentistry.com/firstvisit.html" "Mozilla/5.0 (Windows NT 6.1; WOW64; rv:45.0) Gecko/20100101 Firefox/45.0" "www.superior-dentistry.com"
214.3.138.230 - - [30/Aug/2016:11:15:26 -0700] "GET /assets/flash/ZeroClipboard.swf?noCache=1472580910283 HTTP/1.1" 404 89 "http://www.superior-dentistry.com/firstvisit.html" "Mozilla/5.0 (Windows NT 6.1; WOW64; rv:45.0) Gecko/20100101 Firefox/45.0" "www.superior-dentistry.com"
214.3.138.230 - - [30/Aug/2016:11:15:54 -0700] "GET /blog.php HTTP/1.1" 200 107037 "http://www.superior-dentistry.com/firstvisit.html" "Mozilla/5.0 (Windows NT 6.1; WOW64; rv:45.0) Gecko/20100101 Firefox/45.0" "www.superior-dentistry.com"
214.3.138.230 - - [30/Aug/2016:11:15:54 -0700] "GET /js/jquery-1.6.4.min.js HTTP/1.1" 404 89 "http://www.superior-dentistry.com/blog.php" "Mozilla/5.0 (Windows NT 6.1; WOW64; rv:45.0) Gecko/20100101 Firefox/45.0" "www.superior-dentistry.com"
214.3.138.230 - - [30/Aug/2016:11:16:26 -0700] "GET /assets/flash/ZeroClipboard.swf?noCache=1472580972525 HTTP/1.1" 404 89 "http://www.superior-dentistry.com/blog.php" "Mozilla/5.0 (Windows NT 6.1; WOW64; rv:45.0) Gecko/20100101 Firefox/45.0" "www.superior-dentistry.com"
157.55.39.54 - - [30/Aug/2016:11:45:55 -0700] "GET /Dentist-Bowie-MD/less/ HTTP/1.1" 200 2563 "-" "Mozilla/5.0 (compatible; bingbot/2.0; +http://www.bing.com/bingbot.htm)" "www.superior-dentistry.com"
198.16.7.150 - - [30/Aug/2016:11:50:27 -0700] "GET / HTTP/1.1" 200 38900 "-" "FreeWebMonitoring SiteChecker/0.2 (+http://www.freewebmonitoring.com/bot.html)" "www.superior-dentistry.com"
50.193.156.241 - - [30/Aug/2016:11:55:44 -0700] "GET /theme.css HTTP/1.1" 200 1926 "http://www.superior-dentistry.com/" "Mozilla/5.0 (Windows NT 6.1; Win64; x64) AppleWebKit/537.36 (KHTML, like Gecko) Chrome/52.0.2743.116 Safari/537.36" "www.superior-dentistry.com"
50.193.156.241 - - [30/Aug/2016:11:55:44 -0700] "GET /css/font-awesome.css HTTP/1.1" 200 28747 "http://www.superior-dentistry.com/" "Mozilla/5.0 (Windows NT 6.1; Win64; x64) AppleWebKit/537.36 (KHTML, like Gecko) Chrome/52.0.2743.116 Safari/537.36" "www.superior-dentistry.com"[0]
50.193.156.241 - - [30/Aug/2016:11:55:44 -0700] "GET /img/extraction.jpg HTTP/1.1" 200 30135 "http://www.superior-dentistry.com/" "Mozilla/5.0 (Windows NT 6.1; Win64; x64) AppleWebKit/537.36 (KHTML, like Gecko) Chrome/52.0.2743.116 Safari/537.36" "www.superior-dentistry.com"
50.193.156.241 - - [30/Aug/2016:11:55:44 -0700] "GET /css/bootstrap.css HTTP/1.1" 200 138415 "http://www.superior-dentistry.com/" "Mozilla/5.0 (Windows NT 6.1; Win64; x64) AppleWebKit/537.36 (KHTML, like Gecko) Chrome/52.0.2743.116 Safari/537.36" "www.superior-dentistry.com"
50.193.156.241 - - [30/Aug/2016:11:55:44 -0700] "GET /img/oral-pathology.jpg HTTP/1.1" 200 33395 "http://www.superior-dentistry.com/" "Mozilla/5.0 (Windows NT 6.1; Win64; x64) AppleWebKit/537.36 (KHTML, like Gecko) Chrome/52.0.2743.116 Safari/537.36" "www.superior-dentistry.com"
50.193.156.241 - - [30/Aug/2016:11:55:45 -0700] "GET /img/meetdr-ali.jpg HTTP/1.1" 200 60533 "http://www.superior-dentistry.com/" "Mozilla/5.0 (Windows NT 6.1; Win64; x64) AppleWebKit/537.36 (KHTML, like Gecko) Chrome/52.0.2743.116 Safari/537.36" "www.superior-dentistry.com"
50.193.156.241 - - [30/Aug/2016:11:55:45 -0700] "GET /img/slider3.jpg HTTP/1.1" 200 217901 "http://www.superior-dentistry.com/" "Mozilla/5.0 (Windows NT 6.1; Win64; x64) AppleWebKit/537.36 (KHTML, like Gecko) Chrome/52.0.2743.116 Safari/537.36" "www.superior-dentistry.com"
50.193.156.241 - - [30/Aug/2016:11:55:45 -0700] "GET /img/slider1.jpg HTTP/1.1" 200 268888 "http://www.superior-dentistry.com/" "Mozilla/5.0 (Windows NT 6.1; Win64; x64) AppleWebKit/537.36 (KHTML, like Gecko) Chrome/52.0.2743.116 Safari/537.36" "www.superior-dentistry.com"
50.193.156.241 - - [30/Aug/2016:11:56:27 -0700] "GET /assets/flash/ZeroClipboard.swf?noCache=1472583386990 HTTP/1.1" 404 89 "http://www.superior-dentistry.com/" "Mozilla/5.0 (Windows NT 6.1; Win64; x64) AppleWebKit/537.36 (KHTML, like Gecko) Chrome/52.0.2743.116 Safari/537.36" "www.superior-dentistry.com"
50.193.156.241 - - [30/Aug/2016:11:56:39 -0700] "GET /meet-staff.html HTTP/1.1" 200 22168 "http://www.superior-dentistry.com/" "Mozilla/5.0 (Windows NT 6.1; Win64; x64) AppleWebKit/537.36 (KHTML, like Gecko) Chrome/52.0.2743.116 Safari/537.36" "www.superior-dentistry.com"
50.193.156.241 - - [30/Aug/2016:11:56:40 -0700] "GET /img/doctor-achievement.jpg HTTP/1.1" 200 200838 "http://www.superior-dentistry.com/meet-staff.html" "Mozilla/5.0 (Windows NT 6.1; Win64; x64) AppleWebKit/537.36 (KHTML, like Gecko) Chrome/52.0.2743.116 Safari/537.36" "www.superior-dentistry.com"
50.193.156.241 - - [30/Aug/2016:11:56:40 -0700] "GET /img/Dr-Melika.jpg HTTP/1.1" 200 28557 "http://www.superior-dentistry.com/meet-staff.html" "Mozilla/5.0 (Windows NT 6.1; Win64; x64) AppleWebKit/537.36 (KHTML, like Gecko) Chrome/52.0.2743.116 Safari/537.36" "www.superior-dentistry.com"
50.193.156.241 - - [30/Aug/2016:11:56:40 -0700] "GET /img/Dr-Ali-shatergholi.jpg HTTP/1.1" 200 17298 "http://www.superior-dentistry.com/meet-staff.html" "Mozilla/5.0 (Windows NT 6.1; Win64; x64) AppleWebKit/537.36 (KHTML, like Gecko) Chrome/52.0.2743.116 Safari/537.36" "www.superior-dentistry.com"
