66.249.69.147 - - [22/Aug/2016:17:09:39 -0700] "GET /assets/flash/ZeroClipboard.swf?noCache=1463184000033&trustedOrigins=www.superior-dentistry.com%2C%2F%2Fwww.superior-dentistry.com%2Chttp%3A%2F%2Fwww.superior-dentistry.com HTTP/1.1" 404 89 "-" "Googlebot-Video/1.0" "www.superior-dentistry.com"
54.242.164.91 - - [22/Aug/2016:17:30:34 -0700] "GET / HTTP/1.1" 200 38900 "-" "Mozilla/5.0 (X11; Linux x86_64)AppleWebKit/537.36 (KHTML, like Gecko)Chrome/43.0.2357.134 Safari/537.36http://notifyninja.com/monitoring" "superior-dentistry.com"
207.46.13.170 - - [22/Aug/2016:17:32:19 -0700] "GET /robots.txt HTTP/1.1" 200 49 "-" "Mozilla/5.0 (compatible; bingbot/2.0; +http://www.bing.com/bingbot.htm)" "www.superior-dentistry.com"
66.249.69.201 - - [22/Aug/2016:17:38:56 -0700] "GET /assets/flash/ZeroClipboard.swf HTTP/1.1" 404 89 "-" "Mozilla/5.0 (compatible; Googlebot/2.1; +http://www.google.com/bot.html)" "superior-dentistry.com"
108.18.33.222 - - [22/Aug/2016:18:01:13 -0700] "GET /css/bootstrap-theme.css HTTP/1.1" 200 19156 "http://www.superior-dentistry.com/" "Mozilla/5.0 (Windows NT 10.0; WOW64) AppleWebKit/537.36 (KHTML, like Gecko) Chrome/52.0.2743.116 Safari/537.36" "www.superior-dentistry.com"
108.18.33.222 - - [22/Aug/2016:18:01:13 -0700] "GET /css/font-awesome.css HTTP/1.1" 200 28747 "http://www.superior-dentistry.com/" "Mozilla/5.0 (Windows NT 10.0; WOW64) AppleWebKit/537.36 (KHTML, like Gecko) Chrome/52.0.2743.116 Safari/537.36" "www.superior-dentistry.com"
108.18.33.222 - - [22/Aug/2016:18:01:13 -0700] "GET /css/bootstrap.css HTTP/1.1" 200 138415 "http://www.superior-dentistry.com/" "Mozilla/5.0 (Windows NT 10.0; WOW64) AppleWebKit/537.36 (KHTML, like Gecko) Chrome/52.0.2743.116 Safari/537.36" "www.superior-dentistry.com"
108.18.33.222 - - [22/Aug/2016:18:01:14 -0700] "GET /img/slider3.jpg HTTP/1.1" 200 217901 "http://www.superior-dentistry.com/" "Mozilla/5.0 (Windows NT 10.0; WOW64) AppleWebKit/537.36 (KHTML, like Gecko) Chrome/52.0.2743.116 Safari/537.36" "www.superior-dentistry.com"
108.18.33.222 - - [22/Aug/2016:18:01:14 -0700] "GET /img/offer-31-05-2014-sonicare-brush.jpg HTTP/1.1" 200 13165 "http://www.superior-dentistry.com/" "Mozilla/5.0 (Windows NT 10.0; WOW64) AppleWebKit/537.36 (KHTML, like Gecko) Chrome/52.0.2743.116 Safari/537.36" "www.superior-dentistry.com"
108.18.33.222 - - [22/Aug/2016:18:01:14 -0700] "GET /js/docs.min.js HTTP/1.1" 200 43299 "http://www.superior-dentistry.com/" "Mozilla/5.0 (Windows NT 10.0; WOW64) AppleWebKit/537.36 (KHTML, like Gecko) Chrome/52.0.2743.116 Safari/537.36" "www.superior-dentistry.com"
108.18.33.222 - - [22/Aug/2016:18:01:15 -0700] "GET /favicon.ico HTTP/1.1" 200 688 "http://www.superior-dentistry.com/" "Mozilla/5.0 (Windows NT 10.0; WOW64) AppleWebKit/537.36 (KHTML, like Gecko) Chrome/52.0.2743.116 Safari/537.36" "www.superior-dentistry.com"
180.76.15.160 - - [22/Aug/2016:19:22:14 -0700] "GET / HTTP/1.1" 200 38900 "-" "Mozilla/5.0 (compatible; Baiduspider/2.0; +http://www.baidu.com/search/spider.html)" "www.superior-dentistry.com"
66.102.7.132 - - [22/Aug/2016:19:28:18 -0700] "GET /img/bridges-dentist-md.jpg HTTP/1.1" 200 67242 "-" "Mozilla/5.0 (Windows NT 5.1; rv:11.0) Gecko Firefox/11.0 (via ggpht.com GoogleImageProxy)" "www.superior-dentistry.com"
192.240.106.138 - - [22/Aug/2016:19:44:56 -0700] "GET /contact-us.html HTTP/1.1" 200 23728 "-" "Mozilla/5.0 (Windows NT 6.1; WOW64; rv:37.0) Gecko/20100101 Firefox/37.0" "www.superior-dentistry.com"
109.230.211.246 - - [22/Aug/2016:19:46:44 -0700] "GET /Dentist-Bowie-MD/Dental-Implants-Maryland-MD.html HTTP/1.1" 200 32074 "-" "Mozilla/5.0 (Windows NT 10.0; Win64; x64) AppleWebKit/537.36 (KHTML, like Gecko) Chrome/43.0.2351.3 Safari/537.36 Edge/12.0" "www.superior-dentistry.com"
198.16.7.150 - - [22/Aug/2016:20:26:07 -0700] "GET / HTTP/1.1" 200 38900 "-" "FreeWebMonitoring SiteChecker/0.2 (+http://www.freewebmonitoring.com/bot.html)" "www.superior-dentistry.com"
109.230.214.74 - - [22/Aug/2016:20:50:14 -0700] "GET /special-offers.html HTTP/1.1" 200 23685 "-" "Mozilla/5.0 (Windows NT 10.0; Win64; x64) AppleWebKit/537.36 (KHTML, like Gecko) Chrome/43.0.2351.3 Safari/537.36 Edge/12.0" "www.superior-dentistry.com"
54.242.164.91 - - [22/Aug/2016:21:33:36 -0700] "GET / HTTP/1.1" 200 38900 "-" "Mozilla/5.0 (X11; Linux x86_64)AppleWebKit/537.36 (KHTML, like Gecko)Chrome/43.0.2357.134 Safari/537.36http://notifyninja.com/monitoring" "superior-dentistry.com"
198.16.7.150 - - [22/Aug/2016:22:27:48 -0700] "GET / HTTP/1.1" 200 38900 "-" "FreeWebMonitoring SiteChecker/0.2 (+http://www.freewebmonitoring.com/bot.html)" "www.superior-dentistry.com"
123.30.175.209 - - [22/Aug/2016:22:42:59 -0700] "GET / HTTP/1.1" 200 38900 "-" "Mozilla/5.0 (compatible; coccoc/1.0; +http://help.coccoc.com/searchengine)" "www.superior-dentistry.com"
151.80.31.103 - - [22/Aug/2016:23:23:20 -0700] "GET /robots.txt HTTP/1.1" 200 49 "-" "Mozilla/5.0 (compatible; AhrefsBot/5.1; +http://ahrefs.com/robot/)" "www.superior-dentistry.com"
54.242.164.91 - - [22/Aug/2016:23:36:09 -0700] "GET / HTTP/1.1" 200 38900 "-" "Mozilla/5.0 (X11; Linux x86_64)AppleWebKit/537.36 (KHTML, like Gecko)Chrome/43.0.2357.134 Safari/537.36http://notifyninja.com/monitoring" "superior-dentistry.com"
144.214.31.44 - - [22/Aug/2016:23:39:48 -0700] "GET / HTTP/1.1" 200 38900 "https://www.google.com.hk/" "Mozilla/5.0 (Windows NT 6.1; WOW64) AppleWebKit/537.36 (KHTML, like Gecko) Chrome/52.0.2743.116 Safari/537.36" "www.superior-dentistry.com"
144.214.31.44 - - [22/Aug/2016:23:39:49 -0700] "GET /js/ie-emulation-modes-warning.js HTTP/1.1" 200 2132 "http://www.superior-dentistry.com/" "Mozilla/5.0 (Windows NT 6.1; WOW64) AppleWebKit/537.36 (KHTML, like Gecko) Chrome/52.0.2743.116 Safari/537.36" "www.superior-dentistry.com"
144.214.31.44 - - [22/Aug/2016:23:39:49 -0700] "GET /css/bootstrap.css HTTP/1.1" 200 138415 "http://www.superior-dentistry.com/" "Mozilla/5.0 (Windows NT 6.1; WOW64) AppleWebKit/537.36 (KHTML, like Gecko) Chrome/52.0.2743.116 Safari/537.36" "www.superior-dentistry.com"
144.214.31.44 - - [22/Aug/2016:23:39:51 -0700] "GET /css/font-awesome.css HTTP/1.1" 200 28747 "http://www.superior-dentistry.com/" "Mozilla/5.0 (Windows NT 6.1; WOW64) AppleWebKit/537.36 (KHTML, like Gecko) Chrome/52.0.2743.116 Safari/537.36" "www.superior-dentistry.com"
144.214.31.44 - - [22/Aug/2016:23:39:51 -0700] "GET /css/bootstrap-theme.css HTTP/1.1" 200 19156 "http://www.superior-dentistry.com/" "Mozilla/5.0 (Windows NT 6.1; WOW64) AppleWebKit/537.36 (KHTML, like Gecko) Chrome/52.0.2743.116 Safari/537.36" "www.superior-dentistry.com"
144.214.31.44 - - [22/Aug/2016:23:39:51 -0700] "GET /theme.css HTTP/1.1" 200 1926 "http://www.superior-dentistry.com/" "Mozilla/5.0 (Windows NT 6.1; WOW64) AppleWebKit/537.36 (KHTML, like Gecko) Chrome/52.0.2743.116 Safari/537.36" "www.superior-dentistry.com"
46.229.164.101 - - [22/Aug/2016:23:47:34 -0700] "GET /robots.txt HTTP/1.1" 200 49 "-" "Mozilla/5.0 (compatible; SemrushBot/1.1~bl; +http://www.semrush.com/bot.html)" "superior-dentistry.com"
198.16.7.150 - - [23/Aug/2016:00:30:52 -0700] "GET / HTTP/1.1" 200 38900 "-" "FreeWebMonitoring SiteChecker/0.2 (+http://www.freewebmonitoring.com/bot.html)" "www.superior-dentistry.com"
68.180.230.91 - - [23/Aug/2016:00:35:53 -0700] "GET /Bowie-Dentists/Patient-Before-After-Gallery.html HTTP/1.1" 404 89 "-" "Mozilla/5.0 (compatible; Yahoo! Slurp; http://help.yahoo.com/help/us/ysearch/slurp)" "www.superior-dentistry.com"
54.242.164.91 - - [23/Aug/2016:00:37:00 -0700] "GET / HTTP/1.1" 200 38900 "-" "Mozilla/5.0 (X11; Linux x86_64)AppleWebKit/537.36 (KHTML, like Gecko)Chrome/43.0.2357.134 Safari/537.36http://notifyninja.com/monitoring" "superior-dentistry.com"
46.118.238.134 - - [23/Aug/2016:00:48:10 -0700] "GET / HTTP/1.1" 200 38900 "http://mylida.org/" "Opera/7.54 (Windows NT 5.1; U)  [pl]" "www.superior-dentistry.com"
46.118.238.134 - - [23/Aug/2016:00:48:11 -0700] "GET / HTTP/1.1" 200 38900 "http://mylida.org/" "Opera/7.54 (Windows NT 5.1; U)  [pl]" "www.superior-dentistry.com"
207.46.13.170 - - [23/Aug/2016:01:07:28 -0700] "GET /meet-staff.html HTTP/1.1" 200 22168 "-" "Mozilla/5.0 (compatible; bingbot/2.0; +http://www.bing.com/bingbot.htm)" "www.superior-dentistry.com"
141.8.143.176 - - [23/Aug/2016:01:29:41 -0700] "GET /robots.txt HTTP/1.1" 200 49 "-" "Mozilla/5.0 (compatible; YandexBot/3.0; +http://yandex.com/bots)" "www.superior-dentistry.com"
141.8.143.182 - - [23/Aug/2016:01:29:45 -0700] "GET /img/extraction.jpg HTTP/1.1" 200 30135 "-" "Mozilla/5.0 (compatible; YandexImages/3.0; +http://yandex.com/bots)" "www.superior-dentistry.com"
198.16.7.150 - - [23/Aug/2016:01:31:59 -0700] "GET / HTTP/1.1" 200 38900 "-" "FreeWebMonitoring SiteChecker/0.2 (+http://www.freewebmonitoring.com/bot.html)" "www.superior-dentistry.com"
151.80.31.104 - - [23/Aug/2016:01:33:10 -0700] "GET /Patient-Before-After-Gallery.html HTTP/1.1" 200 23825 "-" "Mozilla/5.0 (compatible; AhrefsBot/5.1; +http://ahrefs.com/robot/)" "superior-dentistry.com"
157.55.39.251 - - [23/Aug/2016:01:37:27 -0700] "GET /js/docs.min.js HTTP/1.1" 200 43299 "-" "Mozilla/5.0 (compatible; bingbot/2.0; +http://www.bing.com/bingbot.htm)" "www.superior-dentistry.com"
54.242.164.91 - - [23/Aug/2016:01:38:19 -0700] "GET / HTTP/1.1" 200 38900 "-" "Mozilla/5.0 (X11; Linux x86_64)AppleWebKit/537.36 (KHTML, like Gecko)Chrome/43.0.2357.134 Safari/537.36http://notifyninja.com/monitoring" "superior-dentistry.com"
40.77.167.89 - - [23/Aug/2016:01:40:05 -0700] "GET /robots.txt HTTP/1.1" 200 49 "-" "Mozilla/5.0 (compatible; bingbot/2.0; +http://www.bing.com/bingbot.htm)" "www.superior-dentistry.com"[0]
46.119.116.73 - - [23/Aug/2016:02:06:25 -0700] "GET / HTTP/1.1" 200 38900 "http://www.privatefx-in.ru/" "Mozilla/0.6 Beta (Windows)" "www.superior-dentistry.com"
46.119.116.73 - - [23/Aug/2016:02:06:26 -0700] "GET / HTTP/1.1" 200 38900 "http://www.privatefx-in.ru/" "Mozilla/0.6 Beta (Windows)" "www.superior-dentistry.com"
46.119.116.73 - - [23/Aug/2016:02:06:26 -0700] "GET / HTTP/1.1" 200 38900 "http://www.privatefx-in.ru/" "Mozilla/0.6 Beta (Windows)" "www.superior-dentistry.com"
180.76.15.10 - - [23/Aug/2016:02:19:08 -0700] "GET /Dentists-Bowie-MD.html HTTP/1.1" 200 27344 "-" "Mozilla/5.0 (compatible; Baiduspider/2.0; +http://www.baidu.com/search/spider.html)" "www.superior-dentistry.com"
198.16.7.150 - - [23/Aug/2016:02:33:25 -0700] "GET / HTTP/1.1" 200 38900 "-" "FreeWebMonitoring SiteChecker/0.2 (+http://www.freewebmonitoring.com/bot.html)" "www.superior-dentistry.com"
51.255.65.46 - - [23/Aug/2016:03:09:04 -0700] "GET /Bowie-Dentists/Periodontal-Therapy-Maryland.html HTTP/1.1" 404 89 "-" "Mozilla/5.0 (compatible; AhrefsBot/5.1; +http://ahrefs.com/robot/)" "www.superior-dentistry.com"
123.30.175.207 - - [23/Aug/2016:03:32:54 -0700] "GET / HTTP/1.1" 200 38900 "-" "Mozilla/5.0 (compatible; coccoc/1.0; +http://help.coccoc.com/searchengine)" "www.superior-dentistry.com"
54.242.164.91 - - [23/Aug/2016:03:40:59 -0700] "GET / HTTP/1.1" 200 38900 "-" "Mozilla/5.0 (X11; Linux x86_64)AppleWebKit/537.36 (KHTML, like Gecko)Chrome/43.0.2357.134 Safari/537.36http://notifyninja.com/monitoring" "superior-dentistry.com"
207.46.13.170 - - [23/Aug/2016:04:14:21 -0700] "GET /img/dental-implants.jpg HTTP/1.1" 200 22844 "-" "Mozilla/5.0 (compatible; bingbot/2.0; +http://www.bing.com/bingbot.htm)" "www.superior-dentistry.com"
207.46.13.170 - - [23/Aug/2016:04:14:22 -0700] "GET /img/logo.jpg HTTP/1.1" 200 139628 "-" "Mozilla/5.0 (compatible; bingbot/2.0; +http://www.bing.com/bingbot.htm)" "www.superior-dentistry.com"
207.46.13.170 - - [23/Aug/2016:04:27:41 -0700] "GET /img/slider1.jpg HTTP/1.1" 200 268888 "-" "Mozilla/5.0 (compatible; bingbot/2.0; +http://www.bing.com/bingbot.htm)" "www.superior-dentistry.com"
207.46.13.170 - - [23/Aug/2016:04:27:43 -0700] "GET /js/bootstrap.min.js HTTP/1.1" 200 35601 "-" "Mozilla/5.0 (compatible; bingbot/2.0; +http://www.bing.com/bingbot.htm)" "www.superior-dentistry.com"
207.46.13.170 - - [23/Aug/2016:04:27:43 -0700] "GET /js/ie10-viewport-bug-workaround.js HTTP/1.1" 200 694 "-" "Mozilla/5.0 (compatible; bingbot/2.0; +http://www.bing.com/bingbot.htm)" "www.superior-dentistry.com"
207.46.13.2 - - [23/Aug/2016:04:28:42 -0700] "GET /img/jaw-surgery.jpg HTTP/1.1" 200 27058 "-" "Mozilla/5.0 (compatible; bingbot/2.0; +http://www.bing.com/bingbot.htm)" "www.superior-dentistry.com"
207.46.13.2 - - [23/Aug/2016:04:28:43 -0700] "GET /js/ie-emulation-modes-warning.js HTTP/1.1" 200 2132 "-" "Mozilla/5.0 (compatible; bingbot/2.0; +http://www.bing.com/bingbot.htm)" "www.superior-dentistry.com"
198.16.7.150 - - [23/Aug/2016:04:36:02 -0700] "GET / HTTP/1.1" 200 38900 "-" "FreeWebMonitoring SiteChecker/0.2 (+http://www.freewebmonitoring.com/bot.html)" "www.superior-dentistry.com"
54.242.164.91 - - [23/Aug/2016:04:41:37 -0700] "GET / HTTP/1.1" 200 38900 "-" "Mozilla/5.0 (X11; Linux x86_64)AppleWebKit/537.36 (KHTML, like Gecko)Chrome/43.0.2357.134 Safari/537.36http://notifyninja.com/monitoring" "superior-dentistry.com"
51.254.131.242 - - [23/Aug/2016:04:46:30 -0700] "GET /%E2%80%9Dhttp://www.nicedentist.com HTTP/1.1" 404 89 "-" "Mozilla/5.0 (compatible; MJ12bot/v1.4.5; http://www.majestic12.co.uk/bot.php?+)" "www.superior-dentistry.com"
157.55.39.254 - - [23/Aug/2016:04:57:13 -0700] "GET /css/bootstrap-theme.css HTTP/1.1" 200 19156 "-" "Mozilla/5.0 (compatible; bingbot/2.0; +http://www.bing.com/bingbot.htm)" "www.superior-dentistry.com"
157.55.39.254 - - [23/Aug/2016:04:57:13 -0700] "GET /img/extraction.jpg HTTP/1.1" 200 30135 "-" "Mozilla/5.0 (compatible; bingbot/2.0; +http://www.bing.com/bingbot.htm)" "www.superior-dentistry.com"
157.55.39.254 - - [23/Aug/2016:04:57:14 -0700] "GET /img/meetdr-ali.jpg HTTP/1.1" 200 60533 "-" "Mozilla/5.0 (compatible; bingbot/2.0; +http://www.bing.com/bingbot.htm)" "www.superior-dentistry.com"
157.55.39.254 - - [23/Aug/2016:04:57:14 -0700] "GET /img/slider2.jpg HTTP/1.1" 200 345766 "-" "Mozilla/5.0 (compatible; bingbot/2.0; +http://www.bing.com/bingbot.htm)" "www.superior-dentistry.com"
157.55.39.254 - - [23/Aug/2016:04:57:16 -0700] "GET /img/zocdoc-apt.jpg HTTP/1.1" 200 79396 "-" "Mozilla/5.0 (compatible; bingbot/2.0; +http://www.bing.com/bingbot.htm)" "www.superior-dentistry.com"
157.55.39.254 - - [23/Aug/2016:04:57:16 -0700] "GET /theme.css HTTP/1.1" 200 1926 "-" "Mozilla/5.0 (compatible; bingbot/2.0; +http://www.bing.com/bingbot.htm)" "www.superior-dentistry.com"
198.16.7.150 - - [23/Aug/2016:05:37:35 -0700] "GET / HTTP/1.1" 200 38900 "-" "FreeWebMonitoring SiteChecker/0.2 (+http://www.freewebmonitoring.com/bot.html)" "www.superior-dentistry.com"
192.187.108.34 - - [23/Aug/2016:05:46:20 -0700] "GET /Dentists-Bowie-MD.html HTTP/1.1" 200 27344 "-" "Mozilla/5.0 (compatible; MJ12bot/v1.4.5; http://www.majestic12.co.uk/bot.php?+)" "superior-dentistry.com"
207.46.13.170 - - [23/Aug/2016:06:36:54 -0700] "GET /Dental-LinkExchange.html HTTP/1.1" 200 24959 "-" "Mozilla/5.0 (compatible; bingbot/2.0; +http://www.bing.com/bingbot.htm)" "www.superior-dentistry.com"
198.16.7.150 - - [23/Aug/2016:06:38:52 -0700] "GET / HTTP/1.1" 200 38900 "-" "FreeWebMonitoring SiteChecker/0.2 (+http://www.freewebmonitoring.com/bot.html)" "www.superior-dentistry.com"
54.242.164.91 - - [23/Aug/2016:06:44:25 -0700] "GET / HTTP/1.1" 200 38900 "-" "Mozilla/5.0 (X11; Linux x86_64)AppleWebKit/537.36 (KHTML, like Gecko)Chrome/43.0.2357.134 Safari/537.36http://notifyninja.com/monitoring" "superior-dentistry.com"
43.228.141.19 - - [23/Aug/2016:06:49:49 -0700] "GET /wp-login.php HTTP/1.1" 200 73 "-" "Mozilla/5.0 (Windows NT 6.1; WOW64; rv:40.0) Gecko/20100101 Firefox/40.1" "www.superior-dentistry.com"
43.228.141.19 - - [23/Aug/2016:06:49:49 -0700] "GET / HTTP/1.1" 200 38900 "-" "Mozilla/5.0 (Windows NT 6.1; WOW64; rv:40.0) Gecko/20100101 Firefox/40.1" "www.superior-dentistry.com"
46.119.117.90 - - [23/Aug/2016:06:54:25 -0700] "GET / HTTP/1.1" 200 38900 "http://www.voda.lv/" "Mozilla/3.0 (compatible; WebCapture 2.0; Auto; Windows)" "www.superior-dentistry.com"
46.119.117.90 - - [23/Aug/2016:06:54:29 -0700] "GET / HTTP/1.1" 200 38900 "http://www.voda.lv/" "Mozilla/3.0 (compatible; WebCapture 2.0; Auto; Windows)" "www.superior-dentistry.com"
144.76.80.151 - - [23/Aug/2016:07:01:24 -0700] "GET /meet-staff.html HTTP/1.1" 200 22168 "-" "Mozilla/5.0 (compatible; MSIE 9.0; Windows NT 6.1; WOW64; Trident/5.0; SLCC2; .NET CLR 2.0.50727; .NET CLR 3.5.30729; .NET CLR 3.0.30729; Media Center PC 6.0; .NET4.0E; MS-RTC EA 2; .NET4.0C)" "www.superior-dentistry.com"
144.76.80.151 - - [23/Aug/2016:07:01:30 -0700] "GET /firstvisit.html HTTP/1.1" 200 24044 "-" "Mozilla/5.0 (compatible; MSIE 9.0; Windows NT 6.1; WOW64; Trident/5.0; SLCC2; .NET CLR 2.0.50727; .NET CLR 3.5.30729; .NET CLR 3.0.30729; Media Center PC 6.0; .NET4.0E; MS-RTC EA 2; .NET4.0C)" "www.superior-dentistry.com"
144.76.80.151 - - [23/Aug/2016:07:01:31 -0700] "GET /contact-us.html HTTP/1.1" 200 23728 "-" "Mozilla/5.0 (compatible; MSIE 9.0; Windows NT 6.1; WOW64; Trident/5.0; SLCC2; .NET CLR 2.0.50727; .NET CLR 3.5.30729; .NET CLR 3.0.30729; Media Center PC 6.0; .NET4.0E; MS-RTC EA 2; .NET4.0C)" "www.superior-dentistry.com"
144.76.80.151 - - [23/Aug/2016:07:01:32 -0700] "GET /Dental-LinkExchange.html HTTP/1.1" 200 24959 "-" "Mozilla/5.0 (compatible; MSIE 9.0; Windows NT 6.1; WOW64; Trident/5.0; SLCC2; .NET CLR 2.0.50727; .NET CLR 3.5.30729; .NET CLR 3.0.30729; Media Center PC 6.0; .NET4.0E; MS-RTC EA 2; .NET4.0C)" "www.superior-dentistry.com"
88.198.22.8 - - [23/Aug/2016:07:05:35 -0700] "GET /meet-staff.html HTTP/1.1" 200 22168 "-" "Mozilla/5.0 (compatible; MSIE 10.0; Windows NT 6.1; WOW64; Trident/6.0; SLCC2; .NET CLR 2.0.50727; .NET CLR 3.5.30729; .NET CLR 3.0.30729; Media Center PC 6.0; .NET4.0C; BRI/2; MAPB; EIE10;NLNLMSN)" "www.superior-dentistry.com"
88.198.22.8 - - [23/Aug/2016:07:05:37 -0700] "GET /Dental-LinkExchange.html HTTP/1.1" 200 24959 "-" "Mozilla/5.0 (compatible; MSIE 10.0; Windows NT 6.1; WOW64; Trident/6.0; SLCC2; .NET CLR 2.0.50727; .NET CLR 3.5.30729; .NET CLR 3.0.30729; Media Center PC 6.0; .NET4.0C; BRI/2; MAPB; EIE10;NLNLMSN)" "www.superior-dentistry.com"
208.70.228.137 - - [23/Aug/2016:07:11:41 -0700] "GET / HTTP/1.1" 200 38900 "https://www.google.com/" "Mozilla/5.0 (Windows NT 6.1; WOW64) AppleWebKit/537.36 (KHTML, like Gecko) Chrome/52.0.2743.116 Safari/537.36" "www.superior-dentistry.com"
208.70.228.137 - - [23/Aug/2016:07:11:41 -0700] "GET /css/bootstrap.css HTTP/1.1" 304 - "http://www.superior-dentistry.com/" "Mozilla/5.0 (Windows NT 6.1; WOW64) AppleWebKit/537.36 (KHTML, like Gecko) Chrome/52.0.2743.116 Safari/537.36" "www.superior-dentistry.com"
208.70.228.137 - - [23/Aug/2016:07:11:41 -0700] "GET /img/jaw-surgery.jpg HTTP/1.1" 200 27058 "http://www.superior-dentistry.com/" "Mozilla/5.0 (Windows NT 6.1; WOW64) AppleWebKit/537.36 (KHTML, like Gecko) Chrome/52.0.2743.116 Safari/537.36" "www.superior-dentistry.com"
208.70.228.137 - - [23/Aug/2016:07:11:41 -0700] "GET /fonts/fontawesome-webfont.woff2?v=4.3.0 HTTP/1.1" 200 56780 "http://www.superior-dentistry.com/css/font-awesome.css" "Mozilla/5.0 (Windows NT 6.1; WOW64) AppleWebKit/537.36 (KHTML, like Gecko) Chrome/52.0.2743.116 Safari/537.36" "www.superior-dentistry.com"
208.70.228.137 - - [23/Aug/2016:07:11:41 -0700] "GET /img/tmj-trauma.jpg HTTP/1.1" 200 22488 "http://www.superior-dentistry.com/" "Mozilla/5.0 (Windows NT 6.1; WOW64) AppleWebKit/537.36 (KHTML, like Gecko) Chrome/52.0.2743.116 Safari/537.36" "www.superior-dentistry.com"
208.70.228.137 - - [23/Aug/2016:07:11:41 -0700] "GET /img/slider1.jpg HTTP/1.1" 200 268888 "http://www.superior-dentistry.com/" "Mozilla/5.0 (Windows NT 6.1; WOW64) AppleWebKit/537.36 (KHTML, like Gecko) Chrome/52.0.2743.116 Safari/537.36" "www.superior-dentistry.com"
208.70.228.137 - - [23/Aug/2016:07:11:42 -0700] "GET /img/patients-choice-winner-2015.png HTTP/1.1" 200 9818 "http://www.superior-dentistry.com/" "Mozilla/5.0 (Windows NT 6.1; WOW64) AppleWebKit/537.36 (KHTML, like Gecko) Chrome/52.0.2743.116 Safari/537.36" "www.superior-dentistry.com"
208.70.228.137 - - [23/Aug/2016:07:11:42 -0700] "GET /assets/flash/ZeroClipboard.swf?noCache=1471961502135 HTTP/1.1" 404 89 "http://www.superior-dentistry.com/" "Mozilla/5.0 (Windows NT 6.1; WOW64) AppleWebKit/537.36 (KHTML, like Gecko) Chrome/52.0.2743.116 Safari/537.36" "www.superior-dentistry.com"
208.70.228.137 - - [23/Aug/2016:07:11:42 -0700] "GET /favicon.ico HTTP/1.1" 200 688 "http://www.superior-dentistry.com/" "Mozilla/5.0 (Windows NT 6.1; WOW64) AppleWebKit/537.36 (KHTML, like Gecko) Chrome/52.0.2743.116 Safari/537.36" "www.superior-dentistry.com"
208.70.228.137 - - [23/Aug/2016:07:12:01 -0700] "GET /services.html HTTP/1.1" 200 34139 "http://www.superior-dentistry.com/" "Mozilla/5.0 (Windows NT 6.1; WOW64) AppleWebKit/537.36 (KHTML, like Gecko) Chrome/52.0.2743.116 Safari/537.36" "www.superior-dentistry.com"
208.70.228.137 - - [23/Aug/2016:07:12:01 -0700] "GET /img/doctor-achievement.jpg HTTP/1.1" 200 200838 "http://www.superior-dentistry.com/services.html" "Mozilla/5.0 (Windows NT 6.1; WOW64) AppleWebKit/537.36 (KHTML, like Gecko) Chrome/52.0.2743.116 Safari/537.36" "www.superior-dentistry.com"
208.70.228.137 - - [23/Aug/2016:07:12:01 -0700] "GET /img/endodontia-root-canal-treatment.jpg HTTP/1.1" 200 126762 "http://www.superior-dentistry.com/services.html" "Mozilla/5.0 (Windows NT 6.1; WOW64) AppleWebKit/537.36 (KHTML, like Gecko) Chrome/52.0.2743.116 Safari/537.36" "www.superior-dentistry.com"
208.70.228.137 - - [23/Aug/2016:07:12:01 -0700] "GET /img/dentures.jpg HTTP/1.1" 200 126240 "http://www.superior-dentistry.com/services.html" "Mozilla/5.0 (Windows NT 6.1; WOW64) AppleWebKit/537.36 (KHTML, like Gecko) Chrome/52.0.2743.116 Safari/537.36" "www.superior-dentistry.com"
208.70.228.137 - - [23/Aug/2016:07:12:01 -0700] "GET /img/dental-extractions.jpg HTTP/1.1" 200 165246 "http://www.superior-dentistry.com/services.html" "Mozilla/5.0 (Windows NT 6.1; WOW64) AppleWebKit/537.36 (KHTML, like Gecko) Chrome/52.0.2743.116 Safari/537.36" "www.superior-dentistry.com"
208.70.228.137 - - [23/Aug/2016:07:12:01 -0700] "GET /img/invisalign.jpg HTTP/1.1" 200 142640 "http://www.superior-dentistry.com/services.html" "Mozilla/5.0 (Windows NT 6.1; WOW64) AppleWebKit/537.36 (KHTML, like Gecko) Chrome/52.0.2743.116 Safari/537.36" "www.superior-dentistry.com"
208.70.228.137 - - [23/Aug/2016:07:12:01 -0700] "GET /img/care3.jpg HTTP/1.1" 200 62411 "http://www.superior-dentistry.com/services.html" "Mozilla/5.0 (Windows NT 6.1; WOW64) AppleWebKit/537.36 (KHTML, like Gecko) Chrome/52.0.2743.116 Safari/537.36" "www.superior-dentistry.com"
208.70.228.137 - - [23/Aug/2016:07:12:01 -0700] "GET /img/bridges-dentist-md.jpg HTTP/1.1" 200 67242 "http://www.superior-dentistry.com/services.html" "Mozilla/5.0 (Windows NT 6.1; WOW64) AppleWebKit/537.36 (KHTML, like Gecko) Chrome/52.0.2743.116 Safari/537.36" "www.superior-dentistry.com"
208.70.228.137 - - [23/Aug/2016:07:12:02 -0700] "GET /img/night-guard.jpg HTTP/1.1" 200 106940 "http://www.superior-dentistry.com/services.html" "Mozilla/5.0 (Windows NT 6.1; WOW64) AppleWebKit/537.36 (KHTML, like Gecko) Chrome/52.0.2743.116 Safari/537.36" "www.superior-dentistry.com"
208.70.228.137 - - [23/Aug/2016:07:12:02 -0700] "GET /img/SnapOnSmile.jpg HTTP/1.1" 200 71471 "http://www.superior-dentistry.com/services.html" "Mozilla/5.0 (Windows NT 6.1; WOW64) AppleWebKit/537.36 (KHTML, like Gecko) Chrome/52.0.2743.116 Safari/537.36" "www.superior-dentistry.com"
208.70.228.137 - - [23/Aug/2016:07:12:02 -0700] "GET /img/Lumineers.jpg HTTP/1.1" 200 70250 "http://www.superior-dentistry.com/services.html" "Mozilla/5.0 (Windows NT 6.1; WOW64) AppleWebKit/537.36 (KHTML, like Gecko) Chrome/52.0.2743.116 Safari/537.36" "www.superior-dentistry.com"
199.16.156.125 - - [23/Aug/2016:07:12:02 -0700] "GET /images/logo1.jpg HTTP/1.1" 404 89 "-" "Twitterbot/1.0" "www.superior-dentistry.com"
206.253.226.7 - - [23/Aug/2016:07:25:16 -0700] "GET /robots.txt HTTP/1.1" 200 49 "-" "Mozilla/5.0 (compatible; oBot/2.3.1; http://filterdb.iss.net/crawler/)" "www.superior-dentistry.com"
206.253.226.7 - - [23/Aug/2016:07:25:16 -0700] "GET /robots.txt HTTP/1.1" 200 49 "-" "Mozilla/5.0 (compatible; oBot/2.3.1; http://filterdb.iss.net/crawler/)" "superior-dentistry.com"
206.253.226.7 - - [23/Aug/2016:07:25:16 -0700] "HEAD /Financial-And-Privacy-Policy.pdf HTTP/1.1" 200 0 "-" "Mozilla/5.0 (compatible; oBot/2.3.1; http://filterdb.iss.net/crawler/)" "superior-dentistry.com"
46.119.116.73 - - [23/Aug/2016:07:32:45 -0700] "GET / HTTP/1.1" 200 38900 "http://na-telefon.biz/rozygrysh-po-telefonu.html" "Mozilla/0.91 Beta (Windows)" "www.superior-dentistry.com"
46.119.116.73 - - [23/Aug/2016:07:32:46 -0700] "GET / HTTP/1.1" 200 38900 "http://na-telefon.biz/rozygrysh-po-telefonu.html" "Mozilla/0.91 Beta (Windows)" "www.superior-dentistry.com"
206.219.255.152 - - [23/Aug/2016:07:41:03 -0700] "GET /css/bootstrap.css HTTP/1.1" 200 138415 "http://www.superior-dentistry.com/" "Mozilla/5.0 (Windows NT 6.1; WOW64) AppleWebKit/537.36 (KHTML, like Gecko) Chrome/52.0.2743.116 Safari/537.36" "www.superior-dentistry.com"
206.219.255.152 - - [23/Aug/2016:07:41:05 -0700] "GET /theme.css HTTP/1.1" 304 - "http://www.superior-dentistry.com/" "Mozilla/5.0 (Windows NT 6.1; WOW64) AppleWebKit/537.36 (KHTML, like Gecko) Chrome/52.0.2743.116 Safari/537.36" "www.superior-dentistry.com"
206.219.255.152 - - [23/Aug/2016:07:41:06 -0700] "GET /img/slider1.jpg HTTP/1.1" 200 268888 "http://www.superior-dentistry.com/" "Mozilla/5.0 (Windows NT 6.1; WOW64) AppleWebKit/537.36 (KHTML, like Gecko) Chrome/52.0.2743.116 Safari/537.36" "www.superior-dentistry.com"
206.219.255.152 - - [23/Aug/2016:07:41:06 -0700] "GET /img/slider2.jpg HTTP/1.1" 200 345766 "http://www.superior-dentistry.com/" "Mozilla/5.0 (Windows NT 6.1; WOW64) AppleWebKit/537.36 (KHTML, like Gecko) Chrome/52.0.2743.116 Safari/537.36" "www.superior-dentistry.com"
206.219.255.152 - - [23/Aug/2016:07:41:06 -0700] "GET /img/slider3.jpg HTTP/1.1" 200 217901 "http://www.superior-dentistry.com/" "Mozilla/5.0 (Windows NT 6.1; WOW64) AppleWebKit/537.36 (KHTML, like Gecko) Chrome/52.0.2743.116 Safari/537.36" "www.superior-dentistry.com"
206.219.255.152 - - [23/Aug/2016:07:41:11 -0700] "GET /img/patients-choice-winner-2015.png HTTP/1.1" 200 9818 "http://www.superior-dentistry.com/" "Mozilla/5.0 (Windows NT 6.1; WOW64) AppleWebKit/537.36 (KHTML, like Gecko) Chrome/52.0.2743.116 Safari/537.36" "www.superior-dentistry.com"
206.219.255.152 - - [23/Aug/2016:07:41:14 -0700] "GET /img/zocdoc-apt.jpg HTTP/1.1" 200 79396 "http://www.superior-dentistry.com/" "Mozilla/5.0 (Windows NT 6.1; WOW64) AppleWebKit/537.36 (KHTML, like Gecko) Chrome/52.0.2743.116 Safari/537.36" "www.superior-dentistry.com"
206.219.255.152 - - [23/Aug/2016:07:41:18 -0700] "GET /contact-us.html HTTP/1.1" 200 23728 "http://www.superior-dentistry.com/" "Mozilla/5.0 (Windows NT 6.1; WOW64) AppleWebKit/537.36 (KHTML, like Gecko) Chrome/52.0.2743.116 Safari/537.36" "www.superior-dentistry.com"
206.219.255.152 - - [23/Aug/2016:07:41:21 -0700] "GET /img/contact-img.jpg HTTP/1.1" 200 83148 "http://www.superior-dentistry.com/contact-us.html" "Mozilla/5.0 (Windows NT 6.1; WOW64) AppleWebKit/537.36 (KHTML, like Gecko) Chrome/52.0.2743.116 Safari/537.36" "www.superior-dentistry.com"
206.219.255.152 - - [23/Aug/2016:07:47:20 -0700] "GET /services.html HTTP/1.1" 200 34139 "http://www.superior-dentistry.com/meet-staff.html" "Mozilla/5.0 (Windows NT 6.1; WOW64) AppleWebKit/537.36 (KHTML, like Gecko) Chrome/52.0.2743.116 Safari/537.36" "www.superior-dentistry.com"
206.219.255.152 - - [23/Aug/2016:07:47:21 -0700] "GET /img/invisalign.jpg HTTP/1.1" 200 142640 "http://www.superior-dentistry.com/services.html" "Mozilla/5.0 (Windows NT 6.1; WOW64) AppleWebKit/537.36 (KHTML, like Gecko) Chrome/52.0.2743.116 Safari/537.36" "www.superior-dentistry.com"
206.219.255.152 - - [23/Aug/2016:07:47:21 -0700] "GET /img/dental-extractions.jpg HTTP/1.1" 200 165246 "http://www.superior-dentistry.com/services.html" "Mozilla/5.0 (Windows NT 6.1; WOW64) AppleWebKit/537.36 (KHTML, like Gecko) Chrome/52.0.2743.116 Safari/537.36" "www.superior-dentistry.com"
206.219.255.152 - - [23/Aug/2016:07:47:25 -0700] "GET /img/bridges-dentist-md.jpg HTTP/1.1" 200 67242 "http://www.superior-dentistry.com/services.html" "Mozilla/5.0 (Windows NT 6.1; WOW64) AppleWebKit/537.36 (KHTML, like Gecko) Chrome/52.0.2743.116 Safari/537.36" "www.superior-dentistry.com"
206.219.255.152 - - [23/Aug/2016:07:47:25 -0700] "GET /img/white_composite_filling.jpg HTTP/1.1" 200 105229 "http://www.superior-dentistry.com/services.html" "Mozilla/5.0 (Windows NT 6.1; WOW64) AppleWebKit/537.36 (KHTML, like Gecko) Chrome/52.0.2743.116 Safari/537.36" "www.superior-dentistry.com"
206.219.255.152 - - [23/Aug/2016:07:47:26 -0700] "GET /img/porcelain-veneers.jpg HTTP/1.1" 200 151567 "http://www.superior-dentistry.com/services.html" "Mozilla/5.0 (Windows NT 6.1; WOW64) AppleWebKit/537.36 (KHTML, like Gecko) Chrome/52.0.2743.116 Safari/537.36" "www.superior-dentistry.com"[0]
199.59.148.210 - - [23/Aug/2016:07:47:29 -0700] "GET /robots.txt HTTP/1.1" 200 49 "-" "Twitterbot/1.0" "www.superior-dentistry.com"
199.59.148.210 - - [23/Aug/2016:07:47:29 -0700] "GET /images/endodontia-root-canal-treatment.jpg HTTP/1.1" 404 89 "-" "Twitterbot/1.0" "www.superior-dentistry.com"
199.59.148.210 - - [23/Aug/2016:07:47:29 -0700] "GET /robots.txt HTTP/1.1" 200 49 "-" "Twitterbot/1.0" "www.superior-dentistry.com"
206.219.255.152 - - [23/Aug/2016:07:47:33 -0700] "GET /Patient-Before-After-Gallery.html HTTP/1.1" 200 23825 "http://www.superior-dentistry.com/services.html" "Mozilla/5.0 (Windows NT 6.1; WOW64) AppleWebKit/537.36 (KHTML, like Gecko) Chrome/52.0.2743.116 Safari/537.36" "www.superior-dentistry.com"
206.219.255.152 - - [23/Aug/2016:07:47:34 -0700] "GET /css/procedure-thumb.css HTTP/1.1" 200 2005 "http://www.superior-dentistry.com/Patient-Before-After-Gallery.html" "Mozilla/5.0 (Windows NT 6.1; WOW64) AppleWebKit/537.36 (KHTML, like Gecko) Chrome/52.0.2743.116 Safari/537.36" "www.superior-dentistry.com"
206.219.255.152 - - [23/Aug/2016:07:47:34 -0700] "GET /img/after2.jpg HTTP/1.1" 200 13168 "http://www.superior-dentistry.com/Patient-Before-After-Gallery.html" "Mozilla/5.0 (Windows NT 6.1; WOW64) AppleWebKit/537.36 (KHTML, like Gecko) Chrome/52.0.2743.116 Safari/537.36" "www.superior-dentistry.com"
206.219.255.152 - - [23/Aug/2016:07:47:34 -0700] "GET /img/after1.jpg HTTP/1.1" 200 9920 "http://www.superior-dentistry.com/Patient-Before-After-Gallery.html" "Mozilla/5.0 (Windows NT 6.1; WOW64) AppleWebKit/537.36 (KHTML, like Gecko) Chrome/52.0.2743.116 Safari/537.36" "www.superior-dentistry.com"[0]
206.219.255.152 - - [23/Aug/2016:07:47:35 -0700] "GET /assets/flash/ZeroClipboard.swf?noCache=1471963654563 HTTP/1.1" 404 89 "http://www.superior-dentistry.com/Patient-Before-After-Gallery.html" "Mozilla/5.0 (Windows NT 6.1; WOW64) AppleWebKit/537.36 (KHTML, like Gecko) Chrome/52.0.2743.116 Safari/537.36" "www.superior-dentistry.com"
206.219.255.152 - - [23/Aug/2016:07:47:50 -0700] "GET /assets/flash/ZeroClipboard.swf?noCache=1471963670125 HTTP/1.1" 404 89 "http://www.superior-dentistry.com/meet-staff.html" "Mozilla/5.0 (Windows NT 6.1; WOW64) AppleWebKit/537.36 (KHTML, like Gecko) Chrome/52.0.2743.116 Safari/537.36" "www.superior-dentistry.com"
206.219.255.152 - - [23/Aug/2016:07:48:23 -0700] "GET /index.html HTTP/1.1" 200 38900 "http://www.superior-dentistry.com/blog.php" "Mozilla/5.0 (Windows NT 6.1; WOW64) AppleWebKit/537.36 (KHTML, like Gecko) Chrome/52.0.2743.116 Safari/537.36" "www.superior-dentistry.com"
206.219.255.152 - - [23/Aug/2016:07:48:24 -0700] "GET /assets/flash/ZeroClipboard.swf?noCache=1471963704116 HTTP/1.1" 404 89 "http://www.superior-dentistry.com/index.html" "Mozilla/5.0 (Windows NT 6.1; WOW64) AppleWebKit/537.36 (KHTML, like Gecko) Chrome/52.0.2743.116 Safari/537.36" "www.superior-dentistry.com"
173.10.5.201 - - [23/Aug/2016:08:17:25 -0700] "GET / HTTP/1.1" 200 38900 "https://www.google.com" "Mozilla/5.0 (Windows NT 6.1; WOW64; rv:47.0) Gecko/20100101 Firefox/47.0" "www.superior-dentistry.com"
173.10.5.201 - - [23/Aug/2016:08:17:25 -0700] "GET /assets/flash/ZeroClipboard.swf?noCache=1471965445619 HTTP/1.1" 404 89 "http://www.superior-dentistry.com/" "Mozilla/5.0 (Windows NT 6.1; WOW64; rv:47.0) Gecko/20100101 Firefox/47.0" "www.superior-dentistry.com"
173.10.5.201 - - [23/Aug/2016:08:17:25 -0700] "GET /img/slider2.jpg HTTP/1.1" 200 345766 "http://www.superior-dentistry.com/" "Mozilla/5.0 (Windows NT 6.1; WOW64; rv:47.0) Gecko/20100101 Firefox/47.0" "www.superior-dentistry.com"
73.173.133.191 - - [23/Aug/2016:08:40:38 -0700] "GET / HTTP/1.1" 200 38900 "https://www.google.com/" "Mozilla/5.0 (Windows NT 10.0; WOW64) AppleWebKit/537.36 (KHTML, like Gecko) Chrome/52.0.2743.116 Safari/537.36" "www.superior-dentistry.com"
73.173.133.191 - - [23/Aug/2016:08:40:39 -0700] "GET /img/logo.jpg HTTP/1.1" 200 139628 "http://www.superior-dentistry.com/" "Mozilla/5.0 (Windows NT 10.0; WOW64) AppleWebKit/537.36 (KHTML, like Gecko) Chrome/52.0.2743.116 Safari/537.36" "www.superior-dentistry.com"
72.66.96.67 - - [23/Aug/2016:08:41:16 -0700] "GET /img/offer-31-05-2014-new-patient.jpg HTTP/1.1" 200 15365 "http://www.superior-dentistry.com/" "Mozilla/5.0 (Macintosh; Intel Mac OS X 10.10; rv:47.0) Gecko/20100101 Firefox/47.0" "www.superior-dentistry.com"
72.66.81.84 - - [23/Aug/2016:09:20:32 -0700] "GET /img/dental-implants.jpg HTTP/1.1" 200 22844 "http://www.superior-dentistry.com/" "Mozilla/5.0 (iPhone; CPU iPhone OS 9_3_4 like Mac OS X) AppleWebKit/600.1.4 (KHTML, like Gecko) GSA/17.1.129017588 Mobile/13G35 Safari/600.1.4" "www.superior-dentistry.com"
72.66.81.84 - - [23/Aug/2016:09:20:32 -0700] "GET /img/jaw-surgery.jpg HTTP/1.1" 200 27058 "http://www.superior-dentistry.com/" "Mozilla/5.0 (iPhone; CPU iPhone OS 9_3_4 like Mac OS X) AppleWebKit/600.1.4 (KHTML, like Gecko) GSA/17.1.129017588 Mobile/13G35 Safari/600.1.4" "www.superior-dentistry.com"
72.66.81.84 - - [23/Aug/2016:09:20:33 -0700] "GET /img/slider1.jpg HTTP/1.1" 200 268888 "http://www.superior-dentistry.com/" "Mozilla/5.0 (iPhone; CPU iPhone OS 9_3_4 like Mac OS X) AppleWebKit/600.1.4 (KHTML, like Gecko) GSA/17.1.129017588 Mobile/13G35 Safari/600.1.4" "www.superior-dentistry.com"
72.66.81.84 - - [23/Aug/2016:09:20:33 -0700] "GET /img/patients-choice-winner-2015.png HTTP/1.1" 200 9818 "http://www.superior-dentistry.com/" "Mozilla/5.0 (iPhone; CPU iPhone OS 9_3_4 like Mac OS X) AppleWebKit/600.1.4 (KHTML, like Gecko) GSA/17.1.129017588 Mobile/13G35 Safari/600.1.4" "www.superior-dentistry.com"
96.241.176.175 - - [23/Aug/2016:09:35:54 -0700] "GET / HTTP/1.1" 200 38900 "https://www.google.com/" "Mozilla/5.0 (Windows NT 10.0; Win64; x64) AppleWebKit/537.36 (KHTML, like Gecko) Chrome/52.0.2743.116 Safari/537.36" "www.superior-dentistry.com"
96.241.176.175 - - [23/Aug/2016:09:35:54 -0700] "GET /js/ie-emulation-modes-warning.js HTTP/1.1" 200 2132 "http://www.superior-dentistry.com/" "Mozilla/5.0 (Windows NT 10.0; Win64; x64) AppleWebKit/537.36 (KHTML, like Gecko) Chrome/52.0.2743.116 Safari/537.36" "www.superior-dentistry.com"
96.241.176.175 - - [23/Aug/2016:09:35:55 -0700] "GET /css/bootstrap-theme.css HTTP/1.1" 200 19156 "http://www.superior-dentistry.com/" "Mozilla/5.0 (Windows NT 10.0; Win64; x64) AppleWebKit/537.36 (KHTML, like Gecko) Chrome/52.0.2743.116 Safari/537.36" "www.superior-dentistry.com"
96.241.176.175 - - [23/Aug/2016:09:35:57 -0700] "GET /img/patients-choice-winner-2015.png HTTP/1.1" 200 9818 "http://www.superior-dentistry.com/" "Mozilla/5.0 (Windows NT 10.0; Win64; x64) AppleWebKit/537.36 (KHTML, like Gecko) Chrome/52.0.2743.116 Safari/537.36" "www.superior-dentistry.com"
50.242.215.66 - - [23/Aug/2016:09:38:02 -0700] "GET /css/bootstrap.css HTTP/1.1" 200 138415 "http://www.superior-dentistry.com/" "Mozilla/5.0 (Linux; Android 6.0.1; SM-N910V Build/MMB29M) AppleWebKit/537.36 (KHTML, like Gecko) Chrome/52.0.2743.98 Mobile Safari/537.36" "www.superior-dentistry.com"
50.242.215.66 - - [23/Aug/2016:09:38:02 -0700] "GET /js/ie-emulation-modes-warning.js HTTP/1.1" 200 2132 "http://www.superior-dentistry.com/" "Mozilla/5.0 (Linux; Android 6.0.1; SM-N910V Build/MMB29M) AppleWebKit/537.36 (KHTML, like Gecko) Chrome/52.0.2743.98 Mobile Safari/537.36" "www.superior-dentistry.com"
50.242.215.66 - - [23/Aug/2016:09:38:02 -0700] "GET /js/ie10-viewport-bug-workaround.js HTTP/1.1" 200 694 "http://www.superior-dentistry.com/" "Mozilla/5.0 (Linux; Android 6.0.1; SM-N910V Build/MMB29M) AppleWebKit/537.36 (KHTML, like Gecko) Chrome/52.0.2743.98 Mobile Safari/537.36" "www.superior-dentistry.com"
50.242.215.66 - - [23/Aug/2016:09:38:02 -0700] "GET /img/meetdr-melika.jpg HTTP/1.1" 200 75968 "http://www.superior-dentistry.com/" "Mozilla/5.0 (Linux; Android 6.0.1; SM-N910V Build/MMB29M) AppleWebKit/537.36 (KHTML, like Gecko) Chrome/52.0.2743.98 Mobile Safari/537.36" "www.superior-dentistry.com"
96.241.162.133 - - [23/Aug/2016:09:43:13 -0700] "GET /js/ie-emulation-modes-warning.js HTTP/1.1" 200 2132 "http://www.superior-dentistry.com/" "Mozilla/5.0 (Windows NT 10.0; WOW64) AppleWebKit/537.36 (KHTML, like Gecko) Chrome/52.0.2743.116 Safari/537.36" "www.superior-dentistry.com"
96.241.162.133 - - [23/Aug/2016:09:43:13 -0700] "GET /css/bootstrap-theme.css HTTP/1.1" 200 19156 "http://www.superior-dentistry.com/" "Mozilla/5.0 (Windows NT 10.0; WOW64) AppleWebKit/537.36 (KHTML, like Gecko) Chrome/52.0.2743.116 Safari/537.36" "www.superior-dentistry.com"
96.241.162.133 - - [23/Aug/2016:09:43:13 -0700] "GET /theme.css HTTP/1.1" 200 1926 "http://www.superior-dentistry.com/" "Mozilla/5.0 (Windows NT 10.0; WOW64) AppleWebKit/537.36 (KHTML, like Gecko) Chrome/52.0.2743.116 Safari/537.36" "www.superior-dentistry.com"
96.241.162.133 - - [23/Aug/2016:09:43:14 -0700] "GET /img/wisdom-teeth-extraction.jpg HTTP/1.1" 200 23758 "http://www.superior-dentistry.com/" "Mozilla/5.0 (Windows NT 10.0; WOW64) AppleWebKit/537.36 (KHTML, like Gecko) Chrome/52.0.2743.116 Safari/537.36" "www.superior-dentistry.com"
96.241.162.133 - - [23/Aug/2016:09:43:14 -0700] "GET /img/meetdr-ali.jpg HTTP/1.1" 200 60533 "http://www.superior-dentistry.com/" "Mozilla/5.0 (Windows NT 10.0; WOW64) AppleWebKit/537.36 (KHTML, like Gecko) Chrome/52.0.2743.116 Safari/537.36" "www.superior-dentistry.com"
96.241.176.175 - - [23/Aug/2016:09:56:44 -0700] "GET /img/mainimg8.jpg HTTP/1.1" 200 246879 "https://www.google.com/" "Mozilla/5.0 (Windows NT 10.0; Win64; x64) AppleWebKit/537.36 (KHTML, like Gecko) Chrome/52.0.2743.116 Safari/537.36" "www.superior-dentistry.com"[0]
177.97.158.125 - - [23/Aug/2016:09:57:25 -0700] "GET / HTTP/1.1" 200 38900 "http://1-99seo.com/try.php?u=http://superior-dentistry.com" "Mozilla/5.0 (Windows NT 6.1; WOW64) AppleWebKit/537.36 (KHTML, like Gecko) Chrome/32.0.1700.107 Safari/537.36" "superior-dentistry.com"
177.97.158.125 - - [23/Aug/2016:09:57:26 -0700] "GET /theme.css HTTP/1.1" 200 1926 "http://superior-dentistry.com/" "Mozilla/5.0 (Windows NT 6.1; WOW64) AppleWebKit/537.36 (KHTML, like Gecko) Chrome/32.0.1700.107 Safari/537.36" "superior-dentistry.com"
177.97.158.125 - - [23/Aug/2016:09:57:26 -0700] "GET /js/ie-emulation-modes-warning.js HTTP/1.1" 200 2132 "http://superior-dentistry.com/" "Mozilla/5.0 (Windows NT 6.1; WOW64) AppleWebKit/537.36 (KHTML, like Gecko) Chrome/32.0.1700.107 Safari/537.36" "superior-dentistry.com"
177.97.158.125 - - [23/Aug/2016:09:57:27 -0700] "GET /img/dental-implants.jpg HTTP/1.1" 200 22844 "http://superior-dentistry.com/" "Mozilla/5.0 (Windows NT 6.1; WOW64) AppleWebKit/537.36 (KHTML, like Gecko) Chrome/32.0.1700.107 Safari/537.36" "superior-dentistry.com"
177.97.158.125 - - [23/Aug/2016:09:57:27 -0700] "GET /img/logo.jpg HTTP/1.1" 200 139628 "http://superior-dentistry.com/" "Mozilla/5.0 (Windows NT 6.1; WOW64) AppleWebKit/537.36 (KHTML, like Gecko) Chrome/32.0.1700.107 Safari/537.36" "superior-dentistry.com"
177.97.158.125 - - [23/Aug/2016:09:57:27 -0700] "GET /img/extraction.jpg HTTP/1.1" 200 30135 "http://superior-dentistry.com/" "Mozilla/5.0 (Windows NT 6.1; WOW64) AppleWebKit/537.36 (KHTML, like Gecko) Chrome/32.0.1700.107 Safari/537.36" "superior-dentistry.com"
177.97.158.125 - - [23/Aug/2016:09:57:27 -0700] "GET /img/wisdom-teeth-extraction.jpg HTTP/1.1" 200 23758 "http://superior-dentistry.com/" "Mozilla/5.0 (Windows NT 6.1; WOW64) AppleWebKit/537.36 (KHTML, like Gecko) Chrome/32.0.1700.107 Safari/537.36" "superior-dentistry.com"
177.97.158.125 - - [23/Aug/2016:09:57:28 -0700] "GET /img/jaw-surgery.jpg HTTP/1.1" 200 27058 "http://superior-dentistry.com/" "Mozilla/5.0 (Windows NT 6.1; WOW64) AppleWebKit/537.36 (KHTML, like Gecko) Chrome/32.0.1700.107 Safari/537.36" "superior-dentistry.com"
177.97.158.125 - - [23/Aug/2016:09:57:28 -0700] "GET /img/oral-pathology.jpg HTTP/1.1" 200 33395 "http://superior-dentistry.com/" "Mozilla/5.0 (Windows NT 6.1; WOW64) AppleWebKit/537.36 (KHTML, like Gecko) Chrome/32.0.1700.107 Safari/537.36" "superior-dentistry.com"
177.97.158.125 - - [23/Aug/2016:09:57:28 -0700] "GET /img/slider1.jpg HTTP/1.1" 200 268888 "http://superior-dentistry.com/" "Mozilla/5.0 (Windows NT 6.1; WOW64) AppleWebKit/537.36 (KHTML, like Gecko) Chrome/32.0.1700.107 Safari/537.36" "superior-dentistry.com"
177.97.158.125 - - [23/Aug/2016:09:57:29 -0700] "GET /img/offer-31-05-2014-sonicare-brush.jpg HTTP/1.1" 200 13165 "http://superior-dentistry.com/" "Mozilla/5.0 (Windows NT 6.1; WOW64) AppleWebKit/537.36 (KHTML, like Gecko) Chrome/32.0.1700.107 Safari/537.36" "superior-dentistry.com"
177.97.158.125 - - [23/Aug/2016:09:57:30 -0700] "GET /img/offer-31-05-2014-new-patient.jpg HTTP/1.1" 200 15365 "http://superior-dentistry.com/" "Mozilla/5.0 (Windows NT 6.1; WOW64) AppleWebKit/537.36 (KHTML, like Gecko) Chrome/32.0.1700.107 Safari/537.36" "superior-dentistry.com"
177.97.158.125 - - [23/Aug/2016:09:57:30 -0700] "GET /fonts/fontawesome-webfont.ttf?v=4.3.0 HTTP/1.1" 200 122092 "http://superior-dentistry.com/" "Mozilla/5.0 (Windows NT 6.1; WOW64) AppleWebKit/537.36 (KHTML, like Gecko) Chrome/32.0.1700.107 Safari/537.36" "superior-dentistry.com"
96.241.176.175 - - [23/Aug/2016:10:02:26 -0700] "GET /assets/flash/ZeroClipboard.swf?noCache=1471971763375 HTTP/1.1" 404 89 "http://www.superior-dentistry.com/" "Mozilla/5.0 (Windows NT 10.0; Win64; x64) AppleWebKit/537.36 (KHTML, like Gecko) Chrome/52.0.2743.116 Safari/537.36" "www.superior-dentistry.com"
96.241.176.175 - - [23/Aug/2016:10:03:07 -0700] "GET /img/Dr-Ali-shatergholi.jpg HTTP/1.1" 200 17298 "http://www.superior-dentistry.com/meet-staff.html" "Mozilla/5.0 (Windows NT 10.0; Win64; x64) AppleWebKit/537.36 (KHTML, like Gecko) Chrome/52.0.2743.116 Safari/537.36" "www.superior-dentistry.com"
96.241.176.175 - - [23/Aug/2016:10:03:07 -0700] "GET /assets/flash/ZeroClipboard.swf?noCache=1471971804225 HTTP/1.1" 404 89 "http://www.superior-dentistry.com/meet-staff.html" "Mozilla/5.0 (Windows NT 10.0; Win64; x64) AppleWebKit/537.36 (KHTML, like Gecko) Chrome/52.0.2743.116 Safari/537.36" "www.superior-dentistry.com"
199.16.156.125 - - [23/Aug/2016:10:03:08 -0700] "GET /images/endodontia-root-canal-treatment.jpg HTTP/1.1" 404 89 "-" "Twitterbot/1.0" "www.superior-dentistry.com"
96.241.176.175 - - [23/Aug/2016:10:03:31 -0700] "GET /services.html HTTP/1.1" 200 34139 "http://www.superior-dentistry.com/meet-staff.html" "Mozilla/5.0 (Windows NT 10.0; Win64; x64) AppleWebKit/537.36 (KHTML, like Gecko) Chrome/52.0.2743.116 Safari/537.36" "www.superior-dentistry.com"
96.241.176.175 - - [23/Aug/2016:10:03:31 -0700] "GET /img/dental-extractions.jpg HTTP/1.1" 200 165246 "http://www.superior-dentistry.com/services.html" "Mozilla/5.0 (Windows NT 10.0; Win64; x64) AppleWebKit/537.36 (KHTML, like Gecko) Chrome/52.0.2743.116 Safari/537.36" "www.superior-dentistry.com"
96.241.176.175 - - [23/Aug/2016:10:03:32 -0700] "GET /img/SnapOnSmile.jpg HTTP/1.1" 200 71471 "http://www.superior-dentistry.com/services.html" "Mozilla/5.0 (Windows NT 10.0; Win64; x64) AppleWebKit/537.36 (KHTML, like Gecko) Chrome/52.0.2743.116 Safari/537.36" "www.superior-dentistry.com"
96.241.176.175 - - [23/Aug/2016:10:03:32 -0700] "GET /img/porcelain-veneers.jpg HTTP/1.1" 200 151567 "http://www.superior-dentistry.com/services.html" "Mozilla/5.0 (Windows NT 10.0; Win64; x64) AppleWebKit/537.36 (KHTML, like Gecko) Chrome/52.0.2743.116 Safari/537.36" "www.superior-dentistry.com"
96.241.176.175 - - [23/Aug/2016:10:03:32 -0700] "GET /assets/flash/ZeroClipboard.swf?noCache=1471971828812 HTTP/1.1" 404 89 "http://www.superior-dentistry.com/services.html" "Mozilla/5.0 (Windows NT 10.0; Win64; x64) AppleWebKit/537.36 (KHTML, like Gecko) Chrome/52.0.2743.116 Safari/537.36" "www.superior-dentistry.com"
73.250.229.79 - - [23/Aug/2016:10:27:52 -0700] "GET /css/bootstrap-theme.css HTTP/1.1" 200 19156 "http://www.superior-dentistry.com/" "Mozilla/5.0 (iPhone; CPU iPhone OS 9_3_2 like Mac OS X) AppleWebKit/601.1.46 (KHTML, like Gecko) Version/9.0 Mobile/13F69 Safari/601.1" "www.superior-dentistry.com"
73.250.229.79 - - [23/Aug/2016:10:27:52 -0700] "GET /js/ie-emulation-modes-warning.js HTTP/1.1" 200 2132 "http://www.superior-dentistry.com/" "Mozilla/5.0 (iPhone; CPU iPhone OS 9_3_2 like Mac OS X) AppleWebKit/601.1.46 (KHTML, like Gecko) Version/9.0 Mobile/13F69 Safari/601.1" "www.superior-dentistry.com"
73.250.229.79 - - [23/Aug/2016:10:27:52 -0700] "GET /css/bootstrap.css HTTP/1.1" 200 138415 "http://www.superior-dentistry.com/" "Mozilla/5.0 (iPhone; CPU iPhone OS 9_3_2 like Mac OS X) AppleWebKit/601.1.46 (KHTML, like Gecko) Version/9.0 Mobile/13F69 Safari/601.1" "www.superior-dentistry.com"
73.250.229.79 - - [23/Aug/2016:10:27:53 -0700] "GET /img/dental-implants.jpg HTTP/1.1" 200 22844 "http://www.superior-dentistry.com/" "Mozilla/5.0 (iPhone; CPU iPhone OS 9_3_2 like Mac OS X) AppleWebKit/601.1.46 (KHTML, like Gecko) Version/9.0 Mobile/13F69 Safari/601.1" "www.superior-dentistry.com"
73.250.229.79 - - [23/Aug/2016:10:27:53 -0700] "GET /fonts/fontawesome-webfont.woff?v=4.3.0 HTTP/1.1" 200 71508 "http://www.superior-dentistry.com/" "Mozilla/5.0 (iPhone; CPU iPhone OS 9_3_2 like Mac OS X) AppleWebKit/601.1.46 (KHTML, like Gecko) Version/9.0 Mobile/13F69 Safari/601.1" "www.superior-dentistry.com"
73.250.229.79 - - [23/Aug/2016:10:30:28 -0700] "GET /theme.css HTTP/1.1" 200 1926 "http://www.superior-dentistry.com/" "Mozilla/5.0 (Windows NT 10.0; WOW64) AppleWebKit/537.36 (KHTML, like Gecko) Chrome/52.0.2743.116 Safari/537.36" "www.superior-dentistry.com"
73.250.229.79 - - [23/Aug/2016:10:30:28 -0700] "GET /js/ie-emulation-modes-warning.js HTTP/1.1" 200 2132 "http://www.superior-dentistry.com/" "Mozilla/5.0 (Windows NT 10.0; WOW64) AppleWebKit/537.36 (KHTML, like Gecko) Chrome/52.0.2743.116 Safari/537.36" "www.superior-dentistry.com"
73.250.229.79 - - [23/Aug/2016:10:30:28 -0700] "GET /css/font-awesome.css HTTP/1.1" 200 28747 "http://www.superior-dentistry.com/" "Mozilla/5.0 (Windows NT 10.0; WOW64) AppleWebKit/537.36 (KHTML, like Gecko) Chrome/52.0.2743.116 Safari/537.36" "www.superior-dentistry.com"[0]
73.250.229.79 - - [23/Aug/2016:10:30:28 -0700] "GET /img/wisdom-teeth-extraction.jpg HTTP/1.1" 200 23758 "http://www.superior-dentistry.com/" "Mozilla/5.0 (Windows NT 10.0; WOW64) AppleWebKit/537.36 (KHTML, like Gecko) Chrome/52.0.2743.116 Safari/537.36" "www.superior-dentistry.com"
73.250.229.79 - - [23/Aug/2016:10:30:28 -0700] "GET /fonts/fontawesome-webfont.woff2?v=4.3.0 HTTP/1.1" 200 56780 "http://www.superior-dentistry.com/css/font-awesome.css" "Mozilla/5.0 (Windows NT 10.0; WOW64) AppleWebKit/537.36 (KHTML, like Gecko) Chrome/52.0.2743.116 Safari/537.36" "www.superior-dentistry.com"
73.250.229.79 - - [23/Aug/2016:10:30:28 -0700] "GET /img/jaw-surgery.jpg HTTP/1.1" 200 27058 "http://www.superior-dentistry.com/" "Mozilla/5.0 (Windows NT 10.0; WOW64) AppleWebKit/537.36 (KHTML, like Gecko) Chrome/52.0.2743.116 Safari/537.36" "www.superior-dentistry.com"[0]
73.250.229.79 - - [23/Aug/2016:10:30:29 -0700] "GET /img/tmj-trauma.jpg HTTP/1.1" 200 22488 "http://www.superior-dentistry.com/" "Mozilla/5.0 (Windows NT 10.0; WOW64) AppleWebKit/537.36 (KHTML, like Gecko) Chrome/52.0.2743.116 Safari/537.36" "www.superior-dentistry.com"
73.250.229.79 - - [23/Aug/2016:10:30:29 -0700] "GET /img/slider2.jpg HTTP/1.1" 200 345766 "http://www.superior-dentistry.com/" "Mozilla/5.0 (Windows NT 10.0; WOW64) AppleWebKit/537.36 (KHTML, like Gecko) Chrome/52.0.2743.116 Safari/537.36" "www.superior-dentistry.com"
73.250.229.79 - - [23/Aug/2016:10:30:29 -0700] "GET /img/offer-31-05-2014-sonicare-brush.jpg HTTP/1.1" 200 13165 "http://www.superior-dentistry.com/" "Mozilla/5.0 (Windows NT 10.0; WOW64) AppleWebKit/537.36 (KHTML, like Gecko) Chrome/52.0.2743.116 Safari/537.36" "www.superior-dentistry.com"
73.250.229.79 - - [23/Aug/2016:10:30:29 -0700] "GET /img/offer-31-05-2014-new-patient.jpg HTTP/1.1" 200 15365 "http://www.superior-dentistry.com/" "Mozilla/5.0 (Windows NT 10.0; WOW64) AppleWebKit/537.36 (KHTML, like Gecko) Chrome/52.0.2743.116 Safari/537.36" "www.superior-dentistry.com"
73.250.229.79 - - [23/Aug/2016:10:30:29 -0700] "GET /assets/flash/ZeroClipboard.swf?noCache=1471973429303 HTTP/1.1" 404 89 "http://www.superior-dentistry.com/" "Mozilla/5.0 (Windows NT 10.0; WOW64) AppleWebKit/537.36 (KHTML, like Gecko) Chrome/52.0.2743.116 Safari/537.36" "www.superior-dentistry.com"
73.250.229.79 - - [23/Aug/2016:10:30:30 -0700] "GET /css/bootstrap.css HTTP/1.1" 200 138415 "http://www.superior-dentistry.com/" "Mozilla/5.0 (Windows NT 10.0; WOW64) AppleWebKit/537.36 (KHTML, like Gecko) Chrome/52.0.2743.116 Safari/537.36" "www.superior-dentistry.com"
73.250.229.79 - - [23/Aug/2016:10:30:31 -0700] "GET /img/periodontalsurgery.jpg HTTP/1.1" 200 56963 "http://www.superior-dentistry.com/services.html" "Mozilla/5.0 (Windows NT 10.0; WOW64) AppleWebKit/537.36 (KHTML, like Gecko) Chrome/52.0.2743.116 Safari/537.36" "www.superior-dentistry.com"
