66.249.69.144 - - [09/Sep/2016:17:21:48 -0700] "GET /img/offer-31-05-2014-sonicare-brush.jpg HTTP/1.1" 200 13165 "-" "Googlebot-Image/1.0" "www.superior-dentistry.com"
5.9.123.116 - - [09/Sep/2016:17:46:29 -0700] "GET /firstvisit.html HTTP/1.1" 200 24044 "-" "Mozilla/5.0 (compatible; MJ12bot/v1.4.5; http://www.majestic12.co.uk/bot.php?+)" "superior-dentistry.com"
198.16.7.150 - - [09/Sep/2016:17:49:47 -0700] "GET / HTTP/1.1" 200 38900 "-" "FreeWebMonitoring SiteChecker/0.2 (+http://www.freewebmonitoring.com/bot.html)" "www.superior-dentistry.com"
54.242.164.91 - - [09/Sep/2016:18:36:54 -0700] "GET / HTTP/1.1" 200 38900 "-" "Mozilla/5.0 (X11; Linux x86_64)AppleWebKit/537.36 (KHTML, like Gecko)Chrome/43.0.2357.134 Safari/537.36http://notifyninja.com/monitoring" "superior-dentistry.com"
68.33.93.46 - - [09/Sep/2016:19:13:40 -0700] "GET /apple-touch-icon-precomposed.png HTTP/1.1" 404 89 "-" "Safari/11601.6.17 CFNetwork/760.5.1 Darwin/15.5.0 (x86_64)" "www.superior-dentistry.com"
46.119.127.129 - - [09/Sep/2016:19:31:23 -0700] "GET /blog/robots.txt HTTP/1.1" 200 73 "-" "Mozilla/5.0 (Windows NT 10.0; WOW64) AppleWebKit/537.36 (KHTML, like Gecko) Chrome/49.0.2623.75 Safari/537.36 OPR/36.0.2130.32" "www.superior-dentistry.com"
62.210.97.48 - - [09/Sep/2016:19:32:40 -0700] "GET /robots.txt HTTP/1.1" 200 49 "-" "Mozilla/5.0 (compatible; MJ12bot/v1.4.5; http://www.majestic12.co.uk/bot.php?+)" "www.superior-dentistry.com"[0]
62.210.97.48 - - [09/Sep/2016:19:32:43 -0700] "GET /index.html HTTP/1.1" 200 38900 "-" "Mozilla/5.0 (compatible; MJ12bot/v1.4.5; http://www.majestic12.co.uk/bot.php?+)" "www.superior-dentistry.com"
54.242.164.91 - - [09/Sep/2016:19:37:20 -0700] "GET / HTTP/1.1" 200 38900 "-" "Mozilla/5.0 (X11; Linux x86_64)AppleWebKit/537.36 (KHTML, like Gecko)Chrome/43.0.2357.134 Safari/537.36http://notifyninja.com/monitoring" "superior-dentistry.com"
198.16.7.150 - - [09/Sep/2016:19:52:08 -0700] "GET / HTTP/1.1" 200 38900 "-" "FreeWebMonitoring SiteChecker/0.2 (+http://www.freewebmonitoring.com/bot.html)" "www.superior-dentistry.com"
180.76.15.33 - - [09/Sep/2016:21:37:25 -0700] "GET /theme.css HTTP/1.1" 200 1926 "-" "Mozilla/5.0 (compatible; Baiduspider/2.0; +http://www.baidu.com/search/spider.html)" "www.superior-dentistry.com"
199.58.86.206 - - [09/Sep/2016:22:04:34 -0700] "GET /robots.txt HTTP/1.1" 200 49 "-" "Mozilla/5.0 (compatible; MJ12bot/v1.4.5; http://www.majestic12.co.uk/bot.php?+)" "www.superior-dentistry.com"
199.58.86.206 - - [09/Sep/2016:22:04:36 -0700] "GET / HTTP/1.1" 200 38900 "-" "Mozilla/5.0 (compatible; MJ12bot/v1.4.5; http://www.majestic12.co.uk/bot.php?+)" "www.superior-dentistry.com"
66.249.69.147 - - [09/Sep/2016:22:20:59 -0700] "GET /img/slider3.jpg HTTP/1.1" 200 217901 "-" "Googlebot-Image/1.0" "www.superior-dentistry.com"
66.249.69.144 - - [09/Sep/2016:22:21:01 -0700] "GET /img/offer-31-05-2014-whitening.jpg HTTP/1.1" 200 15686 "-" "Googlebot-Image/1.0" "www.superior-dentistry.com"
66.249.69.144 - - [09/Sep/2016:22:21:01 -0700] "GET /img/wisdom-teeth-extraction.jpg HTTP/1.1" 200 23758 "-" "Googlebot-Image/1.0" "www.superior-dentistry.com"
138.201.127.112 - - [09/Sep/2016:22:21:24 -0700] "GET /Bowie-Dentists/www.superior-dentistry.com HTTP/1.1" 404 89 "-" "Mozilla/5.0 (compatible; MJ12bot/v1.4.5; http://www.majestic12.co.uk/bot.php?+)" "www.superior-dentistry.com"
180.76.15.26 - - [09/Sep/2016:22:41:41 -0700] "GET /Dentist-Bowie-MD/popup/fancybox/jquery.fancybox.css HTTP/1.1" 200 3882 "-" "Mozilla/5.0 (compatible; Baiduspider/2.0; +http://www.baidu.com/search/spider.html)" "www.superior-dentistry.com"[0]
123.125.71.98 - - [09/Sep/2016:23:59:03 -0700] "GET /images/bridges-dentist-md.jpg HTTP/1.1" 404 89 "http://image.baidu.com/i?ct=503316480&z=0&tn=baiduimagedetail" "Baiduspider-image+(+http://www.baidu.com/search/spider.htm)" "www.superior-dentistry.com"
54.242.164.91 - - [10/Sep/2016:00:01:03 -0700] "GET / HTTP/1.1" 200 38900 "-" "Mozilla/5.0 (X11; Linux x86_64)AppleWebKit/537.36 (KHTML, like Gecko)Chrome/43.0.2357.134 Safari/537.36http://notifyninja.com/monitoring" "superior-dentistry.com"
31.31.73.93 - - [10/Sep/2016:00:03:25 -0700] "GET /robots.txt HTTP/1.1" 200 49 "-" "Mozilla/5.0 (compatible; MJ12bot/v1.4.5; http://www.majestic12.co.uk/bot.php?+)" "superior-dentistry.com"
31.31.73.93 - - [10/Sep/2016:00:03:33 -0700] "GET /Bowie-Dentists-Sitemap.html HTTP/1.1" 200 28379 "-" "Mozilla/5.0 (compatible; MJ12bot/v1.4.5; http://www.majestic12.co.uk/bot.php?+)" "superior-dentistry.com"
31.31.73.93 - - [10/Sep/2016:00:03:38 -0700] "GET /%E2%80%9Dhttp://www.nicedentist.com HTTP/1.1" 404 89 "-" "Mozilla/5.0 (compatible; MJ12bot/v1.4.5; http://www.majestic12.co.uk/bot.php?+)" "superior-dentistry.com"
31.31.73.93 - - [10/Sep/2016:00:03:42 -0700] "GET /robots.txt HTTP/1.1" 200 49 "-" "Mozilla/5.0 (compatible; MJ12bot/v1.4.5; http://www.majestic12.co.uk/bot.php?+)" "www.superior-dentistry.com"
198.16.7.150 - - [10/Sep/2016:00:18:43 -0700] "GET / HTTP/1.1" 200 38900 "-" "FreeWebMonitoring SiteChecker/0.2 (+http://www.freewebmonitoring.com/bot.html)" "www.superior-dentistry.com"
207.46.13.135 - - [10/Sep/2016:00:22:21 -0700] "GET /blog.php HTTP/1.1" 200 107037 "-" "Mozilla/5.0 (compatible; bingbot/2.0; +http://www.bing.com/bingbot.htm)" "www.superior-dentistry.com"
37.59.184.182 - - [10/Sep/2016:00:22:55 -0700] "GET / HTTP/1.1" 200 38900 "-" "Mozilla/5.0 (Windows NT 6.3; WOW64) AppleWebKit/537.36 (KHTML, like Gecko) Chrome/34.0.1847.137 Safari/537.36" "superior-dentistry.com"
5.102.173.71 - - [10/Sep/2016:01:15:13 -0700] "GET /robots.txt HTTP/1.1" 200 49 "-" "Mozilla/5.0 (compatible; MojeekBot/0.6; +https://www.mojeek.com/bot.html)" "www.superior-dentistry.com"
5.102.173.71 - - [10/Sep/2016:01:15:13 -0700] "GET / HTTP/1.1" 200 38900 "-" "Mozilla/5.0 (compatible; MojeekBot/0.6; +https://www.mojeek.com/bot.html)" "www.superior-dentistry.com"
198.16.7.150 - - [10/Sep/2016:01:20:10 -0700] "GET / HTTP/1.1" 200 38900 "-" "FreeWebMonitoring SiteChecker/0.2 (+http://www.freewebmonitoring.com/bot.html)" "www.superior-dentistry.com"
198.16.7.150 - - [10/Sep/2016:02:21:47 -0700] "GET / HTTP/1.1" 200 38900 "-" "FreeWebMonitoring SiteChecker/0.2 (+http://www.freewebmonitoring.com/bot.html)" "www.superior-dentistry.com"
166.137.244.114 - - [10/Sep/2016:02:33:28 -0700] "GET /js/bootstrap.min.js HTTP/1.1" 304 - "http://www.superior-dentistry.com/" "Mozilla/5.0 (iPhone; CPU iPhone OS 9_3_3 like Mac OS X) AppleWebKit/601.1.46 (KHTML, like Gecko) Version/9.0 Mobile/13G34 Safari/601.1" "www.superior-dentistry.com"
166.137.244.114 - - [10/Sep/2016:02:33:28 -0700] "GET /js/ie10-viewport-bug-workaround.js HTTP/1.1" 200 694 "http://www.superior-dentistry.com/" "Mozilla/5.0 (iPhone; CPU iPhone OS 9_3_3 like Mac OS X) AppleWebKit/601.1.46 (KHTML, like Gecko) Version/9.0 Mobile/13G34 Safari/601.1" "www.superior-dentistry.com"
166.137.244.114 - - [10/Sep/2016:02:33:29 -0700] "GET /js/docs.min.js HTTP/1.1" 200 43299 "http://www.superior-dentistry.com/" "Mozilla/5.0 (iPhone; CPU iPhone OS 9_3_3 like Mac OS X) AppleWebKit/601.1.46 (KHTML, like Gecko) Version/9.0 Mobile/13G34 Safari/601.1" "www.superior-dentistry.com"
166.137.244.114 - - [10/Sep/2016:02:33:29 -0700] "GET /img/dental-implants.jpg HTTP/1.1" 200 22844 "http://www.superior-dentistry.com/" "Mozilla/5.0 (iPhone; CPU iPhone OS 9_3_3 like Mac OS X) AppleWebKit/601.1.46 (KHTML, like Gecko) Version/9.0 Mobile/13G34 Safari/601.1" "www.superior-dentistry.com"
166.137.244.114 - - [10/Sep/2016:02:33:29 -0700] "GET /img/logo.jpg HTTP/1.1" 200 139628 "http://www.superior-dentistry.com/" "Mozilla/5.0 (iPhone; CPU iPhone OS 9_3_3 like Mac OS X) AppleWebKit/601.1.46 (KHTML, like Gecko) Version/9.0 Mobile/13G34 Safari/601.1" "www.superior-dentistry.com"
166.137.244.114 - - [10/Sep/2016:02:33:29 -0700] "GET /css/bootstrap.css HTTP/1.1" 200 138415 "http://www.superior-dentistry.com/" "Mozilla/5.0 (iPhone; CPU iPhone OS 9_3_3 like Mac OS X) AppleWebKit/601.1.46 (KHTML, like Gecko) Version/9.0 Mobile/13G34 Safari/601.1" "www.superior-dentistry.com"
52.28.2.207 - - [10/Sep/2016:02:41:30 -0700] "GET /robots.txt HTTP/1.1" 200 49 "-" "Mozilla/5.0 (compatible; Cliqzbot/1.0 +http://cliqz.com/company/cliqzbot)" "www.superior-dentistry.com"
52.28.2.207 - - [10/Sep/2016:02:41:33 -0700] "GET /Dental-Sites-We-Like.html HTTP/1.1" 200 41846 "-" "Mozilla/5.0 (compatible; Cliqzbot/1.0 +http://cliqz.com/company/cliqzbot)" "www.superior-dentistry.com"
176.9.10.227 - - [10/Sep/2016:03:05:57 -0700] "GET /%E2%80%9Dhttp://www.nicedentist.com HTTP/1.1" 404 89 "-" "Mozilla/5.0 (compatible; MJ12bot/v1.4.5; http://www.majestic12.co.uk/bot.php?+)" "superior-dentistry.com"
47.90.41.84 - - [10/Sep/2016:03:58:38 -0700] "GET / HTTP/1.1" 200 38900 "https://www.google.com.hk/" "Mozilla/5.0 (Windows NT 6.1; WOW64) AppleWebKit/537.36 (KHTML, like Gecko) Chrome/45.0.2454.101 Safari/537.36" "www.superior-dentistry.com"
47.90.41.84 - - [10/Sep/2016:03:58:38 -0700] "GET /theme.css HTTP/1.1" 200 1926 "http://www.superior-dentistry.com/" "Mozilla/5.0 (Windows NT 6.1; WOW64) AppleWebKit/537.36 (KHTML, like Gecko) Chrome/45.0.2454.101 Safari/537.36" "www.superior-dentistry.com"
47.90.41.84 - - [10/Sep/2016:03:58:38 -0700] "GET /css/bootstrap-theme.css HTTP/1.1" 200 19156 "http://www.superior-dentistry.com/" "Mozilla/5.0 (Windows NT 6.1; WOW64) AppleWebKit/537.36 (KHTML, like Gecko) Chrome/45.0.2454.101 Safari/537.36" "www.superior-dentistry.com"
47.90.41.84 - - [10/Sep/2016:03:58:38 -0700] "GET /js/ie-emulation-modes-warning.js HTTP/1.1" 200 2132 "http://www.superior-dentistry.com/" "Mozilla/5.0 (Windows NT 6.1; WOW64) AppleWebKit/537.36 (KHTML, like Gecko) Chrome/45.0.2454.101 Safari/537.36" "www.superior-dentistry.com"
47.90.41.84 - - [10/Sep/2016:03:58:38 -0700] "GET /css/bootstrap.css HTTP/1.1" 200 138415 "http://www.superior-dentistry.com/" "Mozilla/5.0 (Windows NT 6.1; WOW64) AppleWebKit/537.36 (KHTML, like Gecko) Chrome/45.0.2454.101 Safari/537.36" "www.superior-dentistry.com"
47.90.41.84 - - [10/Sep/2016:03:58:38 -0700] "GET /css/font-awesome.css HTTP/1.1" 200 28747 "http://www.superior-dentistry.com/" "Mozilla/5.0 (Windows NT 6.1; WOW64) AppleWebKit/537.36 (KHTML, like Gecko) Chrome/45.0.2454.101 Safari/537.36" "www.superior-dentistry.com"[0]
47.90.41.84 - - [10/Sep/2016:03:58:39 -0700] "GET /js/ie10-viewport-bug-workaround.js HTTP/1.1" 200 694 "http://www.superior-dentistry.com/" "Mozilla/5.0 (Windows NT 6.1; WOW64) AppleWebKit/537.36 (KHTML, like Gecko) Chrome/45.0.2454.101 Safari/537.36" "www.superior-dentistry.com"
47.90.41.84 - - [10/Sep/2016:03:58:39 -0700] "GET /js/bootstrap.min.js HTTP/1.1" 200 35601 "http://www.superior-dentistry.com/" "Mozilla/5.0 (Windows NT 6.1; WOW64) AppleWebKit/537.36 (KHTML, like Gecko) Chrome/45.0.2454.101 Safari/537.36" "www.superior-dentistry.com"
47.90.41.84 - - [10/Sep/2016:03:58:41 -0700] "GET /img/oral-pathology.jpg HTTP/1.1" 200 33395 "http://www.superior-dentistry.com/" "Mozilla/5.0 (Windows NT 6.1; WOW64) AppleWebKit/537.36 (KHTML, like Gecko) Chrome/45.0.2454.101 Safari/537.36" "www.superior-dentistry.com"
47.90.41.84 - - [10/Sep/2016:03:58:41 -0700] "GET /img/jaw-surgery.jpg HTTP/1.1" 200 27058 "http://www.superior-dentistry.com/" "Mozilla/5.0 (Windows NT 6.1; WOW64) AppleWebKit/537.36 (KHTML, like Gecko) Chrome/45.0.2454.101 Safari/537.36" "www.superior-dentistry.com"
47.90.41.84 - - [10/Sep/2016:03:58:41 -0700] "GET /img/dental-implants.jpg HTTP/1.1" 200 22844 "http://www.superior-dentistry.com/" "Mozilla/5.0 (Windows NT 6.1; WOW64) AppleWebKit/537.36 (KHTML, like Gecko) Chrome/45.0.2454.101 Safari/537.36" "www.superior-dentistry.com"
47.90.41.84 - - [10/Sep/2016:03:58:41 -0700] "GET /img/extraction.jpg HTTP/1.1" 200 30135 "http://www.superior-dentistry.com/" "Mozilla/5.0 (Windows NT 6.1; WOW64) AppleWebKit/537.36 (KHTML, like Gecko) Chrome/45.0.2454.101 Safari/537.36" "www.superior-dentistry.com"
47.90.41.84 - - [10/Sep/2016:03:58:41 -0700] "GET /fonts/fontawesome-webfont.woff2?v=4.3.0 HTTP/1.1" 200 56780 "http://www.superior-dentistry.com/css/font-awesome.css" "Mozilla/5.0 (Windows NT 6.1; WOW64) AppleWebKit/537.36 (KHTML, like Gecko) Chrome/45.0.2454.101 Safari/537.36" "www.superior-dentistry.com"
47.90.41.84 - - [10/Sep/2016:03:58:42 -0700] "GET /img/patients-choice-winner-2015.png HTTP/1.1" 200 9818 "http://www.superior-dentistry.com/" "Mozilla/5.0 (Windows NT 6.1; WOW64) AppleWebKit/537.36 (KHTML, like Gecko) Chrome/45.0.2454.101 Safari/537.36" "www.superior-dentistry.com"
47.90.41.84 - - [10/Sep/2016:03:58:42 -0700] "GET /img/meetdr-melika.jpg HTTP/1.1" 200 75968 "http://www.superior-dentistry.com/" "Mozilla/5.0 (Windows NT 6.1; WOW64) AppleWebKit/537.36 (KHTML, like Gecko) Chrome/45.0.2454.101 Safari/537.36" "www.superior-dentistry.com"
47.90.41.84 - - [10/Sep/2016:03:58:42 -0700] "GET /img/meetdr-ali.jpg HTTP/1.1" 200 60533 "http://www.superior-dentistry.com/" "Mozilla/5.0 (Windows NT 6.1; WOW64) AppleWebKit/537.36 (KHTML, like Gecko) Chrome/45.0.2454.101 Safari/537.36" "www.superior-dentistry.com"
47.90.41.84 - - [10/Sep/2016:03:58:45 -0700] "GET /img/offer-31-05-2014-new-patient.jpg HTTP/1.1" 200 15365 "http://www.superior-dentistry.com/" "Mozilla/5.0 (Windows NT 6.1; WOW64) AppleWebKit/537.36 (KHTML, like Gecko) Chrome/45.0.2454.101 Safari/537.36" "www.superior-dentistry.com"
101.199.112.51 - - [10/Sep/2016:04:01:55 -0700] "GET /css/bootstrap.css HTTP/1.1" 304 - "http://www.superior-dentistry.com/" "Mozilla/5.0 (Linux; U; Android 5.0.2; zh-CN; Redmi Note 3 Build/LRX22G) AppleWebKit/537.36 (KHTML, like Gecko) Version/4.0 OPR/11.2.3.102637 Mobile Safari/537.36" "www.superior-dentistry.com"
101.199.112.51 - - [10/Sep/2016:04:01:55 -0700] "GET /css/bootstrap-theme.css HTTP/1.1" 200 19156 "http://www.superior-dentistry.com/" "Mozilla/5.0 (Linux; U; Android 5.0.2; zh-CN; Redmi Note 3 Build/LRX22G) AppleWebKit/537.36 (KHTML, like Gecko) Version/4.0 OPR/11.2.3.102637 Mobile Safari/537.36" "www.superior-dentistry.com"
101.199.112.51 - - [10/Sep/2016:04:01:55 -0700] "GET /css/font-awesome.css HTTP/1.1" 304 - "http://www.superior-dentistry.com/" "Mozilla/5.0 (Linux; U; Android 5.0.2; zh-CN; Redmi Note 3 Build/LRX22G) AppleWebKit/537.36 (KHTML, like Gecko) Version/4.0 OPR/11.2.3.102637 Mobile Safari/537.36" "www.superior-dentistry.com"
101.199.112.51 - - [10/Sep/2016:04:01:56 -0700] "GET /js/ie10-viewport-bug-workaround.js HTTP/1.1" 200 694 "http://www.superior-dentistry.com/" "Mozilla/5.0 (Linux; U; Android 5.0.2; zh-CN; Redmi Note 3 Build/LRX22G) AppleWebKit/537.36 (KHTML, like Gecko) Version/4.0 OPR/11.2.3.102637 Mobile Safari/537.36" "www.superior-dentistry.com"
199.59.148.210 - - [10/Sep/2016:04:10:34 -0700] "GET /images/logo1.jpg HTTP/1.1" 404 89 "-" "Twitterbot/1.0" "www.superior-dentistry.com"
199.59.148.210 - - [10/Sep/2016:04:10:34 -0700] "GET /images/logo1.jpg HTTP/1.1" 404 89 "-" "Twitterbot/1.0" "www.superior-dentistry.com"
101.199.108.57 - - [10/Sep/2016:04:12:59 -0700] "GET / HTTP/1.1" 200 38900 "-" "Mozilla/5.0 (Linux; U; Android 5.0.2; zh-CN; Redmi Note 3 Build/LRX22G) AppleWebKit/537.36 (KHTML, like Gecko) Version/4.0 OPR/11.2.3.102637 Mobile Safari/537.36" "www.superior-dentistry.com"
101.199.108.57 - - [10/Sep/2016:04:13:00 -0700] "GET /js/ie-emulation-modes-warning.js HTTP/1.1" 200 2132 "http://www.superior-dentistry.com/" "Mozilla/5.0 (Linux; U; Android 5.0.2; zh-CN; Redmi Note 3 Build/LRX22G) AppleWebKit/537.36 (KHTML, like Gecko) Version/4.0 OPR/11.2.3.102637 Mobile Safari/537.36" "www.superior-dentistry.com"
101.199.108.57 - - [10/Sep/2016:04:13:00 -0700] "GET /css/font-awesome.css HTTP/1.1" 200 28747 "http://www.superior-dentistry.com/" "Mozilla/5.0 (Linux; U; Android 5.0.2; zh-CN; Redmi Note 3 Build/LRX22G) AppleWebKit/537.36 (KHTML, like Gecko) Version/4.0 OPR/11.2.3.102637 Mobile Safari/537.36" "www.superior-dentistry.com"
101.199.108.57 - - [10/Sep/2016:04:13:02 -0700] "GET /js/ie10-viewport-bug-workaround.js HTTP/1.1" 200 694 "http://www.superior-dentistry.com/" "Mozilla/5.0 (Linux; U; Android 5.0.2; zh-CN; Redmi Note 3 Build/LRX22G) AppleWebKit/537.36 (KHTML, like Gecko) Version/4.0 OPR/11.2.3.102637 Mobile Safari/537.36" "www.superior-dentistry.com"
101.199.108.57 - - [10/Sep/2016:04:13:02 -0700] "GET /js/docs.min.js HTTP/1.1" 200 43299 "http://www.superior-dentistry.com/" "Mozilla/5.0 (Linux; U; Android 5.0.2; zh-CN; Redmi Note 3 Build/LRX22G) AppleWebKit/537.36 (KHTML, like Gecko) Version/4.0 OPR/11.2.3.102637 Mobile Safari/537.36" "www.superior-dentistry.com"
101.199.108.57 - - [10/Sep/2016:04:13:02 -0700] "GET /js/bootstrap.min.js HTTP/1.1" 200 35601 "http://www.superior-dentistry.com/" "Mozilla/5.0 (Linux; U; Android 5.0.2; zh-CN; Redmi Note 3 Build/LRX22G) AppleWebKit/537.36 (KHTML, like Gecko) Version/4.0 OPR/11.2.3.102637 Mobile Safari/537.36" "www.superior-dentistry.com"
220.181.132.199 - - [10/Sep/2016:04:13:33 -0700] "GET /contact-us.html HTTP/1.1" 200 23728 "-" "Mozilla/5.0 (Linux; U; Android 5.0.2; zh-CN; Redmi Note 3 Build/LRX22G) AppleWebKit/537.36 (KHTML, like Gecko) Version/4.0 OPR/11.2.3.102637 Mobile Safari/537.36" "www.superior-dentistry.com"
220.181.132.199 - - [10/Sep/2016:04:13:34 -0700] "GET /css/bootstrap.css HTTP/1.1" 304 - "http://www.superior-dentistry.com/contact-us.html" "Mozilla/5.0 (Linux; U; Android 5.0.2; zh-CN; Redmi Note 3 Build/LRX22G) AppleWebKit/537.36 (KHTML, like Gecko) Version/4.0 OPR/11.2.3.102637 Mobile Safari/537.36" "www.superior-dentistry.com"
220.181.132.199 - - [10/Sep/2016:04:13:34 -0700] "GET /theme.css HTTP/1.1" 200 1926 "http://www.superior-dentistry.com/contact-us.html" "Mozilla/5.0 (Linux; U; Android 5.0.2; zh-CN; Redmi Note 3 Build/LRX22G) AppleWebKit/537.36 (KHTML, like Gecko) Version/4.0 OPR/11.2.3.102637 Mobile Safari/537.36" "www.superior-dentistry.com"
220.181.132.199 - - [10/Sep/2016:04:13:34 -0700] "GET /css/bootstrap-theme.css HTTP/1.1" 200 19156 "http://www.superior-dentistry.com/contact-us.html" "Mozilla/5.0 (Linux; U; Android 5.0.2; zh-CN; Redmi Note 3 Build/LRX22G) AppleWebKit/537.36 (KHTML, like Gecko) Version/4.0 OPR/11.2.3.102637 Mobile Safari/537.36" "www.superior-dentistry.com"
220.181.132.199 - - [10/Sep/2016:04:13:34 -0700] "GET /js/ie-emulation-modes-warning.js HTTP/1.1" 200 2132 "http://www.superior-dentistry.com/contact-us.html" "Mozilla/5.0 (Linux; U; Android 5.0.2; zh-CN; Redmi Note 3 Build/LRX22G) AppleWebKit/537.36 (KHTML, like Gecko) Version/4.0 OPR/11.2.3.102637 Mobile Safari/537.36" "www.superior-dentistry.com"
220.181.132.199 - - [10/Sep/2016:04:13:34 -0700] "GET /js/bootstrap.min.js HTTP/1.1" 200 35601 "http://www.superior-dentistry.com/contact-us.html" "Mozilla/5.0 (Linux; U; Android 5.0.2; zh-CN; Redmi Note 3 Build/LRX22G) AppleWebKit/537.36 (KHTML, like Gecko) Version/4.0 OPR/11.2.3.102637 Mobile Safari/537.36" "www.superior-dentistry.com"
220.181.132.199 - - [10/Sep/2016:04:13:35 -0700] "GET /js/ie10-viewport-bug-workaround.js HTTP/1.1" 200 694 "http://www.superior-dentistry.com/contact-us.html" "Mozilla/5.0 (Linux; U; Android 5.0.2; zh-CN; Redmi Note 3 Build/LRX22G) AppleWebKit/537.36 (KHTML, like Gecko) Version/4.0 OPR/11.2.3.102637 Mobile Safari/537.36" "www.superior-dentistry.com"
220.181.132.199 - - [10/Sep/2016:04:13:35 -0700] "GET /fonts/fontawesome-webfont.woff?v=4.3.0 HTTP/1.1" 200 71508 "http://www.superior-dentistry.com/contact-us.html" "Mozilla/5.0 (Linux; U; Android 5.0.2; zh-CN; Redmi Note 3 Build/LRX22G) AppleWebKit/537.36 (KHTML, like Gecko) Version/4.0 OPR/11.2.3.102637 Mobile Safari/537.36" "www.superior-dentistry.com"
171.8.167.70 - - [10/Sep/2016:04:14:12 -0700] "GET /fonts/fontawesome-webfont.woff?v=4.3.0 HTTP/1.1" 200 71508 "http://www.superior-dentistry.com/contact-us.html" "Mozilla/5.0 (Linux; U; Android 5.0.2; zh-CN; Redmi Note 3 Build/LRX22G) AppleWebKit/537.36 (KHTML, like Gecko) Version/4.0 OPR/11.2.3.102637 Mobile Safari/537.36" "www.superior-dentistry.com"
198.16.7.150 - - [10/Sep/2016:04:23:48 -0700] "GET / HTTP/1.1" 200 38900 "-" "FreeWebMonitoring SiteChecker/0.2 (+http://www.freewebmonitoring.com/bot.html)" "www.superior-dentistry.com"
54.242.164.91 - - [10/Sep/2016:04:24:28 -0700] "GET / HTTP/1.1" 200 38900 "-" "Mozilla/5.0 (X11; Linux x86_64)AppleWebKit/537.36 (KHTML, like Gecko)Chrome/43.0.2357.134 Safari/537.36http://notifyninja.com/monitoring" "superior-dentistry.com"
68.33.88.254 - - [10/Sep/2016:05:18:24 -0700] "GET /contact-us.html HTTP/1.1" 200 23728 "-" "Mozilla/5.0 (Macintosh; Intel Mac OS X 10_11_5) AppleWebKit/601.6.17 (KHTML, like Gecko)" "www.superior-dentistry.com"
68.33.88.254 - - [10/Sep/2016:05:18:24 -0700] "GET /apple-touch-icon-precomposed.png HTTP/1.1" 404 89 "-" "Safari/11601.6.17 CFNetwork/760.5.1 Darwin/15.5.0 (x86_64)" "www.superior-dentistry.com"
68.33.88.254 - - [10/Sep/2016:05:18:24 -0700] "GET /apple-touch-icon.png HTTP/1.1" 404 89 "-" "Safari/11601.6.17 CFNetwork/760.5.1 Darwin/15.5.0 (x86_64)" "www.superior-dentistry.com"
68.33.88.254 - - [10/Sep/2016:05:18:24 -0700] "GET /apple-touch-icon-precomposed.png HTTP/1.1" 404 89 "-" "Safari/11601.6.17 CFNetwork/760.5.1 Darwin/15.5.0 (x86_64)" "www.superior-dentistry.com"
68.33.88.254 - - [10/Sep/2016:05:18:24 -0700] "GET /apple-touch-icon.png HTTP/1.1" 404 89 "-" "Safari/11601.6.17 CFNetwork/760.5.1 Darwin/15.5.0 (x86_64)" "www.superior-dentistry.com"[0]
54.242.164.91 - - [10/Sep/2016:05:29:58 -0700] "GET / HTTP/1.1" 200 38900 "-" "Mozilla/5.0 (X11; Linux x86_64)AppleWebKit/537.36 (KHTML, like Gecko)Chrome/43.0.2357.134 Safari/537.36http://notifyninja.com/monitoring" "superior-dentistry.com"
108.31.92.67 - - [10/Sep/2016:05:37:41 -0700] "GET /theme.css HTTP/1.1" 200 1926 "http://www.superior-dentistry.com/" "Mozilla/5.0 (Macintosh; Intel Mac OS X 10_10_5) AppleWebKit/601.7.8 (KHTML, like Gecko) Version/9.1.3 Safari/601.7.8" "www.superior-dentistry.com"
108.31.92.67 - - [10/Sep/2016:05:37:41 -0700] "GET /js/bootstrap.min.js HTTP/1.1" 200 35601 "http://www.superior-dentistry.com/" "Mozilla/5.0 (Macintosh; Intel Mac OS X 10_10_5) AppleWebKit/601.7.8 (KHTML, like Gecko) Version/9.1.3 Safari/601.7.8" "www.superior-dentistry.com"[0]
108.31.92.67 - - [10/Sep/2016:05:37:41 -0700] "GET /css/bootstrap.css HTTP/1.1" 200 138415 "http://www.superior-dentistry.com/" "Mozilla/5.0 (Macintosh; Intel Mac OS X 10_10_5) AppleWebKit/601.7.8 (KHTML, like Gecko) Version/9.1.3 Safari/601.7.8" "www.superior-dentistry.com"
108.31.92.67 - - [10/Sep/2016:05:37:41 -0700] "GET /css/font-awesome.css HTTP/1.1" 304 - "http://www.superior-dentistry.com/" "Mozilla/5.0 (Macintosh; Intel Mac OS X 10_10_5) AppleWebKit/601.7.8 (KHTML, like Gecko) Version/9.1.3 Safari/601.7.8" "www.superior-dentistry.com"
108.31.92.67 - - [10/Sep/2016:05:37:41 -0700] "GET /js/ie-emulation-modes-warning.js HTTP/1.1" 200 2132 "http://www.superior-dentistry.com/" "Mozilla/5.0 (Macintosh; Intel Mac OS X 10_10_5) AppleWebKit/601.7.8 (KHTML, like Gecko) Version/9.1.3 Safari/601.7.8" "www.superior-dentistry.com"
108.31.92.67 - - [10/Sep/2016:05:37:41 -0700] "GET /js/docs.min.js HTTP/1.1" 200 43299 "http://www.superior-dentistry.com/" "Mozilla/5.0 (Macintosh; Intel Mac OS X 10_10_5) AppleWebKit/601.7.8 (KHTML, like Gecko) Version/9.1.3 Safari/601.7.8" "www.superior-dentistry.com"
108.31.92.67 - - [10/Sep/2016:05:37:42 -0700] "GET /fonts/fontawesome-webfont.woff?v=4.3.0 HTTP/1.1" 200 71508 "http://www.superior-dentistry.com/" "Mozilla/5.0 (Macintosh; Intel Mac OS X 10_10_5) AppleWebKit/601.7.8 (KHTML, like Gecko) Version/9.1.3 Safari/601.7.8" "www.superior-dentistry.com"
108.31.92.67 - - [10/Sep/2016:05:37:42 -0700] "GET /img/slider3.jpg HTTP/1.1" 200 217901 "http://www.superior-dentistry.com/" "Mozilla/5.0 (Macintosh; Intel Mac OS X 10_10_5) AppleWebKit/601.7.8 (KHTML, like Gecko) Version/9.1.3 Safari/601.7.8" "www.superior-dentistry.com"
108.31.92.67 - - [10/Sep/2016:05:37:42 -0700] "GET /img/slider2.jpg HTTP/1.1" 200 345766 "http://www.superior-dentistry.com/" "Mozilla/5.0 (Macintosh; Intel Mac OS X 10_10_5) AppleWebKit/601.7.8 (KHTML, like Gecko) Version/9.1.3 Safari/601.7.8" "www.superior-dentistry.com"
108.31.92.67 - - [10/Sep/2016:05:37:42 -0700] "GET /img/offer-31-05-2014-whitening.jpg HTTP/1.1" 200 15686 "http://www.superior-dentistry.com/" "Mozilla/5.0 (Macintosh; Intel Mac OS X 10_10_5) AppleWebKit/601.7.8 (KHTML, like Gecko) Version/9.1.3 Safari/601.7.8" "www.superior-dentistry.com"
108.31.92.67 - - [10/Sep/2016:05:37:42 -0700] "GET /img/meetdr-melika.jpg HTTP/1.1" 200 75968 "http://www.superior-dentistry.com/" "Mozilla/5.0 (Macintosh; Intel Mac OS X 10_10_5) AppleWebKit/601.7.8 (KHTML, like Gecko) Version/9.1.3 Safari/601.7.8" "www.superior-dentistry.com"
108.31.92.67 - - [10/Sep/2016:05:38:29 -0700] "GET /assets/flash/ZeroClipboard.swf?noCache=1473511111212 HTTP/1.1" 404 89 "http://www.superior-dentistry.com/contact-us.html" "Mozilla/5.0 (Macintosh; Intel Mac OS X 10_10_5) AppleWebKit/601.7.8 (KHTML, like Gecko) Version/9.1.3 Safari/601.7.8" "www.superior-dentistry.com"
209.95.185.134 - - [10/Sep/2016:06:03:11 -0700] "GET / HTTP/1.1" 200 38900 "-" "=Mozilla/5.0 (Windows; U; Windows NT 6.1; en-US) AppleWebKit/534.16 (KHTML, like Gecko) Chrome/10.0.648.204 Safari/534.16" "superior-dentistry.com"
180.76.15.139 - - [10/Sep/2016:06:06:57 -0700] "GET / HTTP/1.1" 200 38900 "-" "Mozilla/5.0 (Windows NT 10.0; WOW64) AppleWebKit/537.36 (KHTML, like Gecko) Chrome/45.0.2454.93 Safari/537.36" "superior-dentistry.com"
180.76.15.138 - - [10/Sep/2016:06:06:57 -0700] "GET /js/ie-emulation-modes-warning.js HTTP/1.1" 200 2132 "http://superior-dentistry.com/" "Mozilla/5.0 (Windows NT 10.0; WOW64) AppleWebKit/537.36 (KHTML, like Gecko) Chrome/45.0.2454.93 Safari/537.36" "superior-dentistry.com"
198.16.7.150 - - [10/Sep/2016:06:27:07 -0700] "GET / HTTP/1.1" 200 38900 "-" "FreeWebMonitoring SiteChecker/0.2 (+http://www.freewebmonitoring.com/bot.html)" "www.superior-dentistry.com"
54.242.164.91 - - [10/Sep/2016:06:35:52 -0700] "GET / HTTP/1.1" 200 38900 "-" "Mozilla/5.0 (X11; Linux x86_64)AppleWebKit/537.36 (KHTML, like Gecko)Chrome/43.0.2357.134 Safari/537.36http://notifyninja.com/monitoring" "superior-dentistry.com"
72.66.100.73 - - [10/Sep/2016:06:51:02 -0700] "GET /Dentist-Bowie-MD/Dental-Implants-Maryland-MD.html HTTP/1.1" 200 32074 "https://www.google.com/" "Mozilla/5.0 (Macintosh; Intel Mac OS X 10_10_5) AppleWebKit/601.7.8 (KHTML, like Gecko) Version/9.1.3 Safari/601.7.8" "www.superior-dentistry.com"
72.66.100.73 - - [10/Sep/2016:06:51:02 -0700] "GET /Dentist-Bowie-MD/js/bootstrap.min.js HTTP/1.1" 200 35601 "http://www.superior-dentistry.com/Dentist-Bowie-MD/Dental-Implants-Maryland-MD.html" "Mozilla/5.0 (Macintosh; Intel Mac OS X 10_10_5) AppleWebKit/601.7.8 (KHTML, like Gecko) Version/9.1.3 Safari/601.7.8" "www.superior-dentistry.com"
72.66.100.73 - - [10/Sep/2016:06:51:02 -0700] "GET /Dentist-Bowie-MD/theme.css HTTP/1.1" 200 1926 "http://www.superior-dentistry.com/Dentist-Bowie-MD/Dental-Implants-Maryland-MD.html" "Mozilla/5.0 (Macintosh; Intel Mac OS X 10_10_5) AppleWebKit/601.7.8 (KHTML, like Gecko) Version/9.1.3 Safari/601.7.8" "www.superior-dentistry.com"
72.66.100.73 - - [10/Sep/2016:06:51:02 -0700] "GET /Dentist-Bowie-MD/js/ie-emulation-modes-warning.js HTTP/1.1" 200 2132 "http://www.superior-dentistry.com/Dentist-Bowie-MD/Dental-Implants-Maryland-MD.html" "Mozilla/5.0 (Macintosh; Intel Mac OS X 10_10_5) AppleWebKit/601.7.8 (KHTML, like Gecko) Version/9.1.3 Safari/601.7.8" "www.superior-dentistry.com"
72.66.100.73 - - [10/Sep/2016:06:51:02 -0700] "GET /Dentist-Bowie-MD/css/bootstrap-theme.css HTTP/1.1" 200 19156 "http://www.superior-dentistry.com/Dentist-Bowie-MD/Dental-Implants-Maryland-MD.html" "Mozilla/5.0 (Macintosh; Intel Mac OS X 10_10_5) AppleWebKit/601.7.8 (KHTML, like Gecko) Version/9.1.3 Safari/601.7.8" "www.superior-dentistry.com"
72.66.100.73 - - [10/Sep/2016:06:51:02 -0700] "GET /Dentist-Bowie-MD/js/ie10-viewport-bug-workaround.js HTTP/1.1" 200 694 "http://www.superior-dentistry.com/Dentist-Bowie-MD/Dental-Implants-Maryland-MD.html" "Mozilla/5.0 (Macintosh; Intel Mac OS X 10_10_5) AppleWebKit/601.7.8 (KHTML, like Gecko) Version/9.1.3 Safari/601.7.8" "www.superior-dentistry.com"
72.66.100.73 - - [10/Sep/2016:06:51:02 -0700] "GET /Dentist-Bowie-MD/js/docs.min.js HTTP/1.1" 200 43299 "http://www.superior-dentistry.com/Dentist-Bowie-MD/Dental-Implants-Maryland-MD.html" "Mozilla/5.0 (Macintosh; Intel Mac OS X 10_10_5) AppleWebKit/601.7.8 (KHTML, like Gecko) Version/9.1.3 Safari/601.7.8" "www.superior-dentistry.com"[0]
72.66.100.73 - - [10/Sep/2016:06:51:02 -0700] "GET /Dentist-Bowie-MD/img/logo.jpg HTTP/1.1" 200 139628 "http://www.superior-dentistry.com/Dentist-Bowie-MD/Dental-Implants-Maryland-MD.html" "Mozilla/5.0 (Macintosh; Intel Mac OS X 10_10_5) AppleWebKit/601.7.8 (KHTML, like Gecko) Version/9.1.3 Safari/601.7.8" "www.superior-dentistry.com"
72.66.100.73 - - [10/Sep/2016:06:51:02 -0700] "GET /Dentist-Bowie-MD/fonts/fontawesome-webfont.woff?v=4.3.0 HTTP/1.1" 200 71508 "http://www.superior-dentistry.com/Dentist-Bowie-MD/Dental-Implants-Maryland-MD.html" "Mozilla/5.0 (Macintosh; Intel Mac OS X 10_10_5) AppleWebKit/601.7.8 (KHTML, like Gecko) Version/9.1.3 Safari/601.7.8" "www.superior-dentistry.com"
72.66.100.73 - - [10/Sep/2016:06:51:02 -0700] "GET /Dentist-Bowie-MD/img/doctor-achievement.jpg HTTP/1.1" 200 200838 "http://www.superior-dentistry.com/Dentist-Bowie-MD/Dental-Implants-Maryland-MD.html" "Mozilla/5.0 (Macintosh; Intel Mac OS X 10_10_5) AppleWebKit/601.7.8 (KHTML, like Gecko) Version/9.1.3 Safari/601.7.8" "www.superior-dentistry.com"
72.66.100.73 - - [10/Sep/2016:06:51:03 -0700] "GET /img/zocdoc-apt.jpg HTTP/1.1" 200 79396 "http://www.superior-dentistry.com/Dentist-Bowie-MD/Dental-Implants-Maryland-MD.html" "Mozilla/5.0 (Macintosh; Intel Mac OS X 10_10_5) AppleWebKit/601.7.8 (KHTML, like Gecko) Version/9.1.3 Safari/601.7.8" "www.superior-dentistry.com"
72.66.100.73 - - [10/Sep/2016:06:51:03 -0700] "GET /assets/flash/ZeroClipboard.swf?noCache=1473515463004 HTTP/1.1" 404 89 "http://www.superior-dentistry.com/Dentist-Bowie-MD/Dental-Implants-Maryland-MD.html" "Mozilla/5.0 (Macintosh; Intel Mac OS X 10_10_5) AppleWebKit/601.7.8 (KHTML, like Gecko) Version/9.1.3 Safari/601.7.8" "www.superior-dentistry.com"
199.16.156.125 - - [10/Sep/2016:06:51:04 -0700] "GET /images/endodontia-root-canal-treatment.jpg HTTP/1.1" 404 89 "-" "Twitterbot/1.0" "www.superior-dentistry.com"
72.66.100.73 - - [10/Sep/2016:06:51:05 -0700] "GET /favicon.ico HTTP/1.1" 200 688 "http://www.superior-dentistry.com/Dentist-Bowie-MD/Dental-Implants-Maryland-MD.html" "Mozilla/5.0 (Macintosh; Intel Mac OS X 10_10_5) AppleWebKit/601.7.8 (KHTML, like Gecko) Version/9.1.3 Safari/601.7.8" "www.superior-dentistry.com"
72.66.100.73 - - [10/Sep/2016:06:52:08 -0700] "GET /services.php HTTP/1.1" 200 73 "http://www.superior-dentistry.com/Dentist-Bowie-MD/Dental-Implants-Maryland-MD.html" "Mozilla/5.0 (Macintosh; Intel Mac OS X 10_10_5) AppleWebKit/601.7.8 (KHTML, like Gecko) Version/9.1.3 Safari/601.7.8" "www.superior-dentistry.com"
72.66.100.73 - - [10/Sep/2016:06:52:14 -0700] "GET /assets/flash/ZeroClipboard.swf?noCache=1473515463004 HTTP/1.1" 404 89 "http://www.superior-dentistry.com/Dentist-Bowie-MD/Dental-Implants-Maryland-MD.html" "Mozilla/5.0 (Macintosh; Intel Mac OS X 10_10_5) AppleWebKit/601.7.8 (KHTML, like Gecko) Version/9.1.3 Safari/601.7.8" "www.superior-dentistry.com"
178.255.215.79 - - [10/Sep/2016:07:01:20 -0700] "GET /robots.txt HTTP/1.1" 200 49 "-" "Mozilla/5.0 (compatible; Exabot/3.0; +http://www.exabot.com/go/robot)" "www.superior-dentistry.com"
178.255.215.79 - - [10/Sep/2016:07:01:21 -0700] "GET /Bowie-Dentists/meet-staff.html HTTP/1.1" 404 89 "-" "Mozilla/5.0 (compatible; Exabot/3.0; +http://www.exabot.com/go/robot)" "www.superior-dentistry.com"
178.255.215.79 - - [10/Sep/2016:07:01:36 -0700] "GET /Bowie-Dentists/Dental-Links.html HTTP/1.1" 404 89 "-" "Mozilla/5.0 (compatible; Exabot/3.0; +http://www.exabot.com/go/robot)" "www.superior-dentistry.com"
178.255.215.79 - - [10/Sep/2016:07:03:30 -0700] "GET /robots.txt HTTP/1.1" 200 49 "-" "Mozilla/5.0 (compatible; Exabot/3.0; +http://www.exabot.com/go/robot)" "superior-dentistry.com"
178.255.215.79 - - [10/Sep/2016:07:03:30 -0700] "GET /sitemap.xml HTTP/1.1" 200 4530 "-" "Mozilla/5.0 (compatible; Exabot/3.0; +http://www.exabot.com/go/robot)" "superior-dentistry.com"
96.231.56.50 - - [10/Sep/2016:07:13:44 -0700] "GET / HTTP/1.1" 200 38900 "https://www.yelp.com/" "Mozilla/5.0 (Windows NT 6.1; WOW64) AppleWebKit/537.36 (KHTML, like Gecko) Chrome/52.0.2743.116 Safari/537.36" "www.superior-dentistry.com"
96.231.56.50 - - [10/Sep/2016:07:13:44 -0700] "GET /css/bootstrap-theme.css HTTP/1.1" 200 19156 "http://www.superior-dentistry.com/" "Mozilla/5.0 (Windows NT 6.1; WOW64) AppleWebKit/537.36 (KHTML, like Gecko) Chrome/52.0.2743.116 Safari/537.36" "www.superior-dentistry.com"
96.231.56.50 - - [10/Sep/2016:07:13:44 -0700] "GET /js/bootstrap.min.js HTTP/1.1" 200 35601 "http://www.superior-dentistry.com/" "Mozilla/5.0 (Windows NT 6.1; WOW64) AppleWebKit/537.36 (KHTML, like Gecko) Chrome/52.0.2743.116 Safari/537.36" "www.superior-dentistry.com"
96.231.56.50 - - [10/Sep/2016:07:13:44 -0700] "GET /js/docs.min.js HTTP/1.1" 200 43299 "http://www.superior-dentistry.com/" "Mozilla/5.0 (Windows NT 6.1; WOW64) AppleWebKit/537.36 (KHTML, like Gecko) Chrome/52.0.2743.116 Safari/537.36" "www.superior-dentistry.com"
96.231.56.50 - - [10/Sep/2016:07:13:44 -0700] "GET /img/oral-pathology.jpg HTTP/1.1" 200 33395 "http://www.superior-dentistry.com/" "Mozilla/5.0 (Windows NT 6.1; WOW64) AppleWebKit/537.36 (KHTML, like Gecko) Chrome/52.0.2743.116 Safari/537.36" "www.superior-dentistry.com"
96.231.56.50 - - [10/Sep/2016:07:13:44 -0700] "GET /img/meetdr-melika.jpg HTTP/1.1" 200 75968 "http://www.superior-dentistry.com/" "Mozilla/5.0 (Windows NT 6.1; WOW64) AppleWebKit/537.36 (KHTML, like Gecko) Chrome/52.0.2743.116 Safari/537.36" "www.superior-dentistry.com"
96.231.56.50 - - [10/Sep/2016:07:13:44 -0700] "GET /img/meetdr-ali.jpg HTTP/1.1" 200 60533 "http://www.superior-dentistry.com/" "Mozilla/5.0 (Windows NT 6.1; WOW64) AppleWebKit/537.36 (KHTML, like Gecko) Chrome/52.0.2743.116 Safari/537.36" "www.superior-dentistry.com"
96.231.56.50 - - [10/Sep/2016:07:13:45 -0700] "GET /img/zocdoc-apt.jpg HTTP/1.1" 200 79396 "http://www.superior-dentistry.com/" "Mozilla/5.0 (Windows NT 6.1; WOW64) AppleWebKit/537.36 (KHTML, like Gecko) Chrome/52.0.2743.116 Safari/537.36" "www.superior-dentistry.com"
96.231.56.50 - - [10/Sep/2016:07:13:45 -0700] "GET /assets/flash/ZeroClipboard.swf?noCache=1473516809584 HTTP/1.1" 404 89 "http://www.superior-dentistry.com/" "Mozilla/5.0 (Windows NT 6.1; WOW64) AppleWebKit/537.36 (KHTML, like Gecko) Chrome/52.0.2743.116 Safari/537.36" "www.superior-dentistry.com"
96.231.56.50 - - [10/Sep/2016:07:14:22 -0700] "GET /meet-staff.html HTTP/1.1" 200 22168 "http://www.superior-dentistry.com/" "Mozilla/5.0 (Windows NT 6.1; WOW64) AppleWebKit/537.36 (KHTML, like Gecko) Chrome/52.0.2743.116 Safari/537.36" "www.superior-dentistry.com"
96.231.56.50 - - [10/Sep/2016:07:14:23 -0700] "GET /img/Dr-Ali-shatergholi.jpg HTTP/1.1" 200 17298 "http://www.superior-dentistry.com/meet-staff.html" "Mozilla/5.0 (Windows NT 6.1; WOW64) AppleWebKit/537.36 (KHTML, like Gecko) Chrome/52.0.2743.116 Safari/537.36" "www.superior-dentistry.com"
96.231.56.50 - - [10/Sep/2016:07:14:23 -0700] "GET /img/Dr-Melika.jpg HTTP/1.1" 200 28557 "http://www.superior-dentistry.com/meet-staff.html" "Mozilla/5.0 (Windows NT 6.1; WOW64) AppleWebKit/537.36 (KHTML, like Gecko) Chrome/52.0.2743.116 Safari/537.36" "www.superior-dentistry.com"
96.231.56.50 - - [10/Sep/2016:07:14:23 -0700] "GET /img/doctor-achievement.jpg HTTP/1.1" 200 200838 "http://www.superior-dentistry.com/meet-staff.html" "Mozilla/5.0 (Windows NT 6.1; WOW64) AppleWebKit/537.36 (KHTML, like Gecko) Chrome/52.0.2743.116 Safari/537.36" "www.superior-dentistry.com"
96.231.56.50 - - [10/Sep/2016:07:14:23 -0700] "GET /assets/flash/ZeroClipboard.swf?noCache=1473516847685 HTTP/1.1" 404 89 "http://www.superior-dentistry.com/meet-staff.html" "Mozilla/5.0 (Windows NT 6.1; WOW64) AppleWebKit/537.36 (KHTML, like Gecko) Chrome/52.0.2743.116 Safari/537.36" "www.superior-dentistry.com"
96.231.56.50 - - [10/Sep/2016:07:14:44 -0700] "GET /assets/flash/ZeroClipboard.swf?noCache=1473516868467 HTTP/1.1" 404 89 "http://www.superior-dentistry.com/" "Mozilla/5.0 (Windows NT 6.1; WOW64) AppleWebKit/537.36 (KHTML, like Gecko) Chrome/52.0.2743.116 Safari/537.36" "www.superior-dentistry.com"
96.231.56.50 - - [10/Sep/2016:07:28:08 -0700] "GET /assets/flash/ZeroClipboard.swf?noCache=1473517672280 HTTP/1.1" 404 89 "http://www.superior-dentistry.com/" "Mozilla/5.0 (Windows NT 6.1; WOW64) AppleWebKit/537.36 (KHTML, like Gecko) Chrome/52.0.2743.116 Safari/537.36" "www.superior-dentistry.com"
199.16.156.124 - - [10/Sep/2016:07:28:19 -0700] "GET /images/endodontia-root-canal-treatment.jpg HTTP/1.1" 404 89 "-" "Twitterbot/1.0" "www.superior-dentistry.com"
198.16.7.150 - - [10/Sep/2016:07:28:28 -0700] "GET / HTTP/1.1" 200 38900 "-" "FreeWebMonitoring SiteChecker/0.2 (+http://www.freewebmonitoring.com/bot.html)" "www.superior-dentistry.com"
96.231.56.50 - - [10/Sep/2016:07:31:04 -0700] "GET /assets/flash/ZeroClipboard.swf?noCache=1473517848341 HTTP/1.1" 404 89 "http://www.superior-dentistry.com/" "Mozilla/5.0 (Windows NT 6.1; WOW64) AppleWebKit/537.36 (KHTML, like Gecko) Chrome/52.0.2743.116 Safari/537.36" "www.superior-dentistry.com"
96.231.56.50 - - [10/Sep/2016:07:34:17 -0700] "GET /assets/flash/ZeroClipboard.swf?noCache=1473518041344 HTTP/1.1" 404 89 "http://www.superior-dentistry.com/" "Mozilla/5.0 (Windows NT 6.1; WOW64) AppleWebKit/537.36 (KHTML, like Gecko) Chrome/52.0.2743.116 Safari/537.36" "www.superior-dentistry.com"
96.231.56.50 - - [10/Sep/2016:07:35:14 -0700] "GET /firstvisit.html HTTP/1.1" 200 24044 "http://www.superior-dentistry.com/" "Mozilla/5.0 (Windows NT 6.1; WOW64) AppleWebKit/537.36 (KHTML, like Gecko) Chrome/52.0.2743.116 Safari/537.36" "www.superior-dentistry.com"[0]
96.231.56.50 - - [10/Sep/2016:07:35:14 -0700] "GET /css/procedure-thumb.css HTTP/1.1" 200 2005 "http://www.superior-dentistry.com/firstvisit.html" "Mozilla/5.0 (Windows NT 6.1; WOW64) AppleWebKit/537.36 (KHTML, like Gecko) Chrome/52.0.2743.116 Safari/537.36" "www.superior-dentistry.com"
96.231.56.50 - - [10/Sep/2016:07:35:14 -0700] "GET /img/office-slider1.jpg HTTP/1.1" 200 134555 "http://www.superior-dentistry.com/firstvisit.html" "Mozilla/5.0 (Windows NT 6.1; WOW64) AppleWebKit/537.36 (KHTML, like Gecko) Chrome/52.0.2743.116 Safari/537.36" "www.superior-dentistry.com"[0]
96.231.56.50 - - [10/Sep/2016:07:35:14 -0700] "GET /img/doc.png HTTP/1.1" 200 26918 "http://www.superior-dentistry.com/firstvisit.html" "Mozilla/5.0 (Windows NT 6.1; WOW64) AppleWebKit/537.36 (KHTML, like Gecko) Chrome/52.0.2743.116 Safari/537.36" "www.superior-dentistry.com"
96.231.56.50 - - [10/Sep/2016:07:35:14 -0700] "GET /img/office-slider4.jpg HTTP/1.1" 200 85815 "http://www.superior-dentistry.com/firstvisit.html" "Mozilla/5.0 (Windows NT 6.1; WOW64) AppleWebKit/537.36 (KHTML, like Gecko) Chrome/52.0.2743.116 Safari/537.36" "www.superior-dentistry.com"
96.231.56.50 - - [10/Sep/2016:07:35:14 -0700] "GET /img/office-slider2.jpg HTTP/1.1" 200 148450 "http://www.superior-dentistry.com/firstvisit.html" "Mozilla/5.0 (Windows NT 6.1; WOW64) AppleWebKit/537.36 (KHTML, like Gecko) Chrome/52.0.2743.116 Safari/537.36" "www.superior-dentistry.com"
96.231.56.50 - - [10/Sep/2016:07:35:14 -0700] "GET /img/office-slider3.jpg HTTP/1.1" 200 116344 "http://www.superior-dentistry.com/firstvisit.html" "Mozilla/5.0 (Windows NT 6.1; WOW64) AppleWebKit/537.36 (KHTML, like Gecko) Chrome/52.0.2743.116 Safari/537.36" "www.superior-dentistry.com"
96.231.56.50 - - [10/Sep/2016:07:35:15 -0700] "GET /assets/flash/ZeroClipboard.swf?noCache=1473518099409 HTTP/1.1" 404 89 "http://www.superior-dentistry.com/firstvisit.html" "Mozilla/5.0 (Windows NT 6.1; WOW64) AppleWebKit/537.36 (KHTML, like Gecko) Chrome/52.0.2743.116 Safari/537.36" "www.superior-dentistry.com"
96.231.56.50 - - [10/Sep/2016:07:35:43 -0700] "GET /assets/flash/ZeroClipboard.swf?noCache=1473518127499 HTTP/1.1" 404 89 "http://www.superior-dentistry.com/meet-staff.html" "Mozilla/5.0 (Windows NT 6.1; WOW64) AppleWebKit/537.36 (KHTML, like Gecko) Chrome/52.0.2743.116 Safari/537.36" "www.superior-dentistry.com"
85.14.244.98 - - [10/Sep/2016:07:58:27 -0700] "GET /index.html HTTP/1.1" 200 38900 "-" "Mozilla/5.0 (compatible; MJ12bot/v1.4.5; http://www.majestic12.co.uk/bot.php?+)" "www.superior-dentistry.com"
96.231.56.50 - - [10/Sep/2016:08:28:42 -0700] "GET /services.html HTTP/1.1" 200 34139 "http://www.superior-dentistry.com/meet-staff.html" "Mozilla/5.0 (Windows NT 6.1; WOW64) AppleWebKit/537.36 (KHTML, like Gecko) Chrome/52.0.2743.116 Safari/537.36" "www.superior-dentistry.com"
96.231.56.50 - - [10/Sep/2016:08:28:42 -0700] "GET /img/Teeth-Whitening1.jpg HTTP/1.1" 200 150063 "http://www.superior-dentistry.com/services.html" "Mozilla/5.0 (Windows NT 6.1; WOW64) AppleWebKit/537.36 (KHTML, like Gecko) Chrome/52.0.2743.116 Safari/537.36" "www.superior-dentistry.com"
96.231.56.50 - - [10/Sep/2016:08:28:42 -0700] "GET /img/invisalign.jpg HTTP/1.1" 200 142640 "http://www.superior-dentistry.com/services.html" "Mozilla/5.0 (Windows NT 6.1; WOW64) AppleWebKit/537.36 (KHTML, like Gecko) Chrome/52.0.2743.116 Safari/537.36" "www.superior-dentistry.com"
96.231.56.50 - - [10/Sep/2016:08:28:42 -0700] "GET /img/dental-extractions.jpg HTTP/1.1" 200 165246 "http://www.superior-dentistry.com/services.html" "Mozilla/5.0 (Windows NT 6.1; WOW64) AppleWebKit/537.36 (KHTML, like Gecko) Chrome/52.0.2743.116 Safari/537.36" "www.superior-dentistry.com"
96.231.56.50 - - [10/Sep/2016:08:28:42 -0700] "GET /img/endodontia-root-canal-treatment.jpg HTTP/1.1" 200 126762 "http://www.superior-dentistry.com/services.html" "Mozilla/5.0 (Windows NT 6.1; WOW64) AppleWebKit/537.36 (KHTML, like Gecko) Chrome/52.0.2743.116 Safari/537.36" "www.superior-dentistry.com"
96.231.56.50 - - [10/Sep/2016:08:28:42 -0700] "GET /img/bridges-dentist-md.jpg HTTP/1.1" 200 67242 "http://www.superior-dentistry.com/services.html" "Mozilla/5.0 (Windows NT 6.1; WOW64) AppleWebKit/537.36 (KHTML, like Gecko) Chrome/52.0.2743.116 Safari/537.36" "www.superior-dentistry.com"
96.231.56.50 - - [10/Sep/2016:08:28:42 -0700] "GET /img/Lumineers.jpg HTTP/1.1" 200 70250 "http://www.superior-dentistry.com/services.html" "Mozilla/5.0 (Windows NT 6.1; WOW64) AppleWebKit/537.36 (KHTML, like Gecko) Chrome/52.0.2743.116 Safari/537.36" "www.superior-dentistry.com"
96.231.56.50 - - [10/Sep/2016:08:28:42 -0700] "GET /img/porcelain-veneers.jpg HTTP/1.1" 200 151567 "http://www.superior-dentistry.com/services.html" "Mozilla/5.0 (Windows NT 6.1; WOW64) AppleWebKit/537.36 (KHTML, like Gecko) Chrome/52.0.2743.116 Safari/537.36" "www.superior-dentistry.com"
199.16.156.124 - - [10/Sep/2016:08:28:43 -0700] "GET /images/endodontia-root-canal-treatment.jpg HTTP/1.1" 404 89 "-" "Twitterbot/1.0" "www.superior-dentistry.com"
199.16.156.124 - - [10/Sep/2016:08:28:43 -0700] "GET /images/logo1.jpg HTTP/1.1" 404 89 "-" "Twitterbot/1.0" "www.superior-dentistry.com"
199.16.156.126 - - [10/Sep/2016:08:28:44 -0700] "GET /images/logo1.jpg HTTP/1.1" 404 89 "-" "Twitterbot/1.0" "www.superior-dentistry.com"
96.231.56.50 - - [10/Sep/2016:08:29:33 -0700] "GET /js/jquery-1.6.4.min.js HTTP/1.1" 404 89 "http://www.superior-dentistry.com/blog.php" "Mozilla/5.0 (Windows NT 6.1; WOW64) AppleWebKit/537.36 (KHTML, like Gecko) Chrome/52.0.2743.116 Safari/537.36" "www.superior-dentistry.com"
96.231.56.50 - - [10/Sep/2016:08:29:33 -0700] "GET /js/jquery.easing.1.3.js HTTP/1.1" 404 89 "http://www.superior-dentistry.com/blog.php" "Mozilla/5.0 (Windows NT 6.1; WOW64) AppleWebKit/537.36 (KHTML, like Gecko) Chrome/52.0.2743.116 Safari/537.36" "www.superior-dentistry.com"
96.231.56.50 - - [10/Sep/2016:08:29:34 -0700] "GET /img/contact-img.jpg HTTP/1.1" 200 83148 "http://www.superior-dentistry.com/blog.php" "Mozilla/5.0 (Windows NT 6.1; WOW64) AppleWebKit/537.36 (KHTML, like Gecko) Chrome/52.0.2743.116 Safari/537.36" "www.superior-dentistry.com"
96.231.56.50 - - [10/Sep/2016:08:30:39 -0700] "GET /blog.php HTTP/1.1" 200 107037 "http://www.superior-dentistry.com/Patient-Before-After-Gallery.html" "Mozilla/5.0 (Windows NT 6.1; WOW64) AppleWebKit/537.36 (KHTML, like Gecko) Chrome/52.0.2743.116 Safari/537.36" "www.superior-dentistry.com"
96.231.56.50 - - [10/Sep/2016:08:30:39 -0700] "GET /images/Pattern.jpg HTTP/1.1" 404 89 "http://www.superior-dentistry.com/blog.php" "Mozilla/5.0 (Windows NT 6.1; WOW64) AppleWebKit/537.36 (KHTML, like Gecko) Chrome/52.0.2743.116 Safari/537.36" "www.superior-dentistry.com"
96.231.56.50 - - [10/Sep/2016:08:32:04 -0700] "GET /contact-us.html HTTP/1.1" 200 23728 "http://www.superior-dentistry.com/blog.php" "Mozilla/5.0 (Windows NT 6.1; WOW64) AppleWebKit/537.36 (KHTML, like Gecko) Chrome/52.0.2743.116 Safari/537.36" "www.superior-dentistry.com"
96.231.56.50 - - [10/Sep/2016:08:36:44 -0700] "GET /index.html HTTP/1.1" 200 38900 "http://www.superior-dentistry.com/meet-staff.html" "Mozilla/5.0 (Windows NT 6.1; WOW64) AppleWebKit/537.36 (KHTML, like Gecko) Chrome/52.0.2743.116 Safari/537.36" "www.superior-dentistry.com"
96.231.56.50 - - [10/Sep/2016:08:47:45 -0700] "POST /sendemail.php HTTP/1.1" 302 5 "http://www.superior-dentistry.com/contact-us.html" "Mozilla/5.0 (Windows NT 6.1; WOW64) AppleWebKit/537.36 (KHTML, like Gecko) Chrome/52.0.2743.116 Safari/537.36" "www.superior-dentistry.com"
96.231.56.50 - - [10/Sep/2016:08:47:46 -0700] "GET /assets/flash/ZeroClipboard.swf?noCache=1473522450154 HTTP/1.1" 404 89 "http://www.superior-dentistry.com/thanks.html" "Mozilla/5.0 (Windows NT 6.1; WOW64) AppleWebKit/537.36 (KHTML, like Gecko) Chrome/52.0.2743.116 Safari/537.36" "www.superior-dentistry.com"
220.181.51.82 - - [10/Sep/2016:09:20:21 -0700] "GET /robots.txt HTTP/1.1" 200 49 "-" "Mozilla/5.0 (Windows NT 10.0; WOW64) AppleWebKit/537.36 (KHTML, like Gecko) Chrome/45.0.2454.93 Safari/537.36" "www.superior-dentistry.com"
198.16.7.150 - - [10/Sep/2016:09:31:45 -0700] "GET / HTTP/1.1" 200 38900 "-" "FreeWebMonitoring SiteChecker/0.2 (+http://www.freewebmonitoring.com/bot.html)" "www.superior-dentistry.com"
192.154.105.122 - - [10/Sep/2016:09:36:12 -0700] "GET / HTTP/1.1" 200 38900 "-" "Mozilla/5.0 (Windows NT 10.0; WOW64) AppleWebKit/537.36 (KHTML, like Gecko) Chrome/49.0.2623.87 Safari/537.36" "superior-dentistry.com"
192.154.105.122 - - [10/Sep/2016:09:36:13 -0700] "GET /fonts/fontawesome-webfont.woff?v=4.3.0 HTTP/1.1" 200 71508 "http://superior-dentistry.com/" "Mozilla/5.0 (Windows NT 10.0; WOW64) AppleWebKit/537.36 (KHTML, like Gecko) Chrome/49.0.2623.87 Safari/537.36" "superior-dentistry.com"
54.242.164.91 - - [10/Sep/2016:09:46:17 -0700] "GET / HTTP/1.1" 200 38900 "-" "Mozilla/5.0 (X11; Linux x86_64)AppleWebKit/537.36 (KHTML, like Gecko)Chrome/43.0.2357.134 Safari/537.36http://notifyninja.com/monitoring" "superior-dentistry.com"
108.48.147.157 - - [10/Sep/2016:10:19:18 -0700] "GET / HTTP/1.1" 200 38900 "https://www.google.com/" "Mozilla/5.0 (Windows NT 6.1; WOW64) AppleWebKit/537.36 (KHTML, like Gecko) Chrome/52.0.2743.116 Safari/537.36" "www.superior-dentistry.com"
108.48.147.157 - - [10/Sep/2016:10:19:18 -0700] "GET /css/bootstrap-theme.css HTTP/1.1" 200 19156 "http://www.superior-dentistry.com/" "Mozilla/5.0 (Windows NT 6.1; WOW64) AppleWebKit/537.36 (KHTML, like Gecko) Chrome/52.0.2743.116 Safari/537.36" "www.superior-dentistry.com"
108.48.147.157 - - [10/Sep/2016:10:19:18 -0700] "GET /css/font-awesome.css HTTP/1.1" 200 28747 "http://www.superior-dentistry.com/" "Mozilla/5.0 (Windows NT 6.1; WOW64) AppleWebKit/537.36 (KHTML, like Gecko) Chrome/52.0.2743.116 Safari/537.36" "www.superior-dentistry.com"
108.48.147.157 - - [10/Sep/2016:10:19:19 -0700] "GET /js/docs.min.js HTTP/1.1" 200 43299 "http://www.superior-dentistry.com/" "Mozilla/5.0 (Windows NT 6.1; WOW64) AppleWebKit/537.36 (KHTML, like Gecko) Chrome/52.0.2743.116 Safari/537.36" "www.superior-dentistry.com"
108.48.147.157 - - [10/Sep/2016:10:19:19 -0700] "GET /fonts/fontawesome-webfont.woff2?v=4.3.0 HTTP/1.1" 200 56780 "http://www.superior-dentistry.com/css/font-awesome.css" "Mozilla/5.0 (Windows NT 6.1; WOW64) AppleWebKit/537.36 (KHTML, like Gecko) Chrome/52.0.2743.116 Safari/537.36" "www.superior-dentistry.com"
108.48.147.157 - - [10/Sep/2016:10:19:20 -0700] "GET /favicon.ico HTTP/1.1" 200 688 "http://www.superior-dentistry.com/" "Mozilla/5.0 (Windows NT 6.1; WOW64) AppleWebKit/537.36 (KHTML, like Gecko) Chrome/52.0.2743.116 Safari/537.36" "www.superior-dentistry.com"
108.48.147.157 - - [10/Sep/2016:10:20:45 -0700] "GET /img/SnapOnSmile.jpg HTTP/1.1" 200 71471 "http://www.superior-dentistry.com/services.html" "Mozilla/5.0 (Windows NT 6.1; WOW64) AppleWebKit/537.36 (KHTML, like Gecko) Chrome/52.0.2743.116 Safari/537.36" "www.superior-dentistry.com"
108.48.147.157 - - [10/Sep/2016:10:20:45 -0700] "GET /img/night-guard.jpg HTTP/1.1" 200 106940 "http://www.superior-dentistry.com/services.html" "Mozilla/5.0 (Windows NT 6.1; WOW64) AppleWebKit/537.36 (KHTML, like Gecko) Chrome/52.0.2743.116 Safari/537.36" "www.superior-dentistry.com"
108.48.147.157 - - [10/Sep/2016:10:20:45 -0700] "GET /img/care3.jpg HTTP/1.1" 200 62411 "http://www.superior-dentistry.com/services.html" "Mozilla/5.0 (Windows NT 6.1; WOW64) AppleWebKit/537.36 (KHTML, like Gecko) Chrome/52.0.2743.116 Safari/537.36" "www.superior-dentistry.com"
198.16.7.150 - - [10/Sep/2016:10:32:39 -0700] "GET / HTTP/1.1" 200 38900 "-" "FreeWebMonitoring SiteChecker/0.2 (+http://www.freewebmonitoring.com/bot.html)" "www.superior-dentistry.com"
108.48.147.157 - - [10/Sep/2016:10:35:19 -0700] "GET /assets/flash/ZeroClipboard.swf?noCache=1473528918675 HTTP/1.1" 404 89 "http://www.superior-dentistry.com/services.html" "Mozilla/5.0 (Windows NT 6.1; WOW64) AppleWebKit/537.36 (KHTML, like Gecko) Chrome/52.0.2743.116 Safari/537.36" "www.superior-dentistry.com"
