180.76.15.33 - - [16/Nov/2016:16:02:28 -0800] "GET /robots.txt HTTP/1.1" 200 49 "-" "Mozilla/5.0 (Windows NT 5.1; rv:6.0.2) Gecko/20100101 Firefox/6.0.2" "superior-dentistry.com"
207.46.13.35 - - [16/Nov/2016:18:18:43 -0800] "GET /robots.txt HTTP/1.1" 200 49 "-" "Mozilla/5.0 (compatible; bingbot/2.0; +http://www.bing.com/bingbot.htm)" "www.superior-dentistry.com"
180.76.15.10 - - [16/Nov/2016:18:35:33 -0800] "GET /Dentist-Bowie-MD/Patient-Before-After-Gallery.html HTTP/1.1" 404 89 "-" "Mozilla/5.0 (compatible; Baiduspider/2.0; +http://www.baidu.com/search/spider.html)" "www.superior-dentistry.com"
23.106.27.50 - - [16/Nov/2016:18:38:51 -0800] "GET /contact-us.php HTTP/1.1" 200 73 "-" "Mozilla/5.0 (Windows NT 5.1; WOW64; rv:40.0) Gecko/20100101 Firefox/40.0" "www.superior-dentistry.com"
119.188.66.184 - - [16/Nov/2016:18:51:20 -0800] "GET / HTTP/1.1" 200 38900 "http://superior-dentistry.com/" "Mozilla/5.0 (compatible; MSIE 9.0; Windows NT 6.1; Trident/5.0)" "superior-dentistry.com"
71.126.155.121 - - [16/Nov/2016:18:52:44 -0800] "GET / HTTP/1.1" 200 38900 "https://www.google.com/" "Mozilla/5.0 (Macintosh; Intel Mac OS X 10_11_6) AppleWebKit/537.36 (KHTML, like Gecko) Chrome/54.0.2840.98 Safari/537.36" "www.superior-dentistry.com"
71.126.155.121 - - [16/Nov/2016:18:52:44 -0800] "GET /theme.css HTTP/1.1" 200 1926 "http://www.superior-dentistry.com/" "Mozilla/5.0 (Macintosh; Intel Mac OS X 10_11_6) AppleWebKit/537.36 (KHTML, like Gecko) Chrome/54.0.2840.98 Safari/537.36" "www.superior-dentistry.com"
71.126.155.121 - - [16/Nov/2016:18:52:44 -0800] "GET /js/ie-emulation-modes-warning.js HTTP/1.1" 200 2132 "http://www.superior-dentistry.com/" "Mozilla/5.0 (Macintosh; Intel Mac OS X 10_11_6) AppleWebKit/537.36 (KHTML, like Gecko) Chrome/54.0.2840.98 Safari/537.36" "www.superior-dentistry.com"[0]
71.126.155.121 - - [16/Nov/2016:18:52:44 -0800] "GET /css/font-awesome.css HTTP/1.1" 200 28747 "http://www.superior-dentistry.com/" "Mozilla/5.0 (Macintosh; Intel Mac OS X 10_11_6) AppleWebKit/537.36 (KHTML, like Gecko) Chrome/54.0.2840.98 Safari/537.36" "www.superior-dentistry.com"
71.126.155.121 - - [16/Nov/2016:18:52:45 -0800] "GET /js/docs.min.js HTTP/1.1" 200 43299 "http://www.superior-dentistry.com/" "Mozilla/5.0 (Macintosh; Intel Mac OS X 10_11_6) AppleWebKit/537.36 (KHTML, like Gecko) Chrome/54.0.2840.98 Safari/537.36" "www.superior-dentistry.com"
71.126.155.121 - - [16/Nov/2016:18:52:45 -0800] "GET /js/ie10-viewport-bug-workaround.js HTTP/1.1" 200 694 "http://www.superior-dentistry.com/" "Mozilla/5.0 (Macintosh; Intel Mac OS X 10_11_6) AppleWebKit/537.36 (KHTML, like Gecko) Chrome/54.0.2840.98 Safari/537.36" "www.superior-dentistry.com"
71.126.155.121 - - [16/Nov/2016:18:52:45 -0800] "GET /fonts/fontawesome-webfont.woff2?v=4.3.0 HTTP/1.1" 200 56780 "http://www.superior-dentistry.com/css/font-awesome.css" "Mozilla/5.0 (Macintosh; Intel Mac OS X 10_11_6) AppleWebKit/537.36 (KHTML, like Gecko) Chrome/54.0.2840.98 Safari/537.36" "www.superior-dentistry.com"
71.126.155.121 - - [16/Nov/2016:18:52:45 -0800] "GET /img/slider1.jpg HTTP/1.1" 200 268888 "http://www.superior-dentistry.com/" "Mozilla/5.0 (Macintosh; Intel Mac OS X 10_11_6) AppleWebKit/537.36 (KHTML, like Gecko) Chrome/54.0.2840.98 Safari/537.36" "www.superior-dentistry.com"
71.126.155.121 - - [16/Nov/2016:18:52:46 -0800] "GET /img/meetdr-ali.jpg HTTP/1.1" 200 60533 "http://www.superior-dentistry.com/" "Mozilla/5.0 (Macintosh; Intel Mac OS X 10_11_6) AppleWebKit/537.36 (KHTML, like Gecko) Chrome/54.0.2840.98 Safari/537.36" "www.superior-dentistry.com"[0]
71.126.155.121 - - [16/Nov/2016:18:52:46 -0800] "GET /img/patients-choice-winner-2015.png HTTP/1.1" 200 9818 "http://www.superior-dentistry.com/" "Mozilla/5.0 (Macintosh; Intel Mac OS X 10_11_6) AppleWebKit/537.36 (KHTML, like Gecko) Chrome/54.0.2840.98 Safari/537.36" "www.superior-dentistry.com"
71.126.155.121 - - [16/Nov/2016:18:52:46 -0800] "GET /img/zocdoc-apt.jpg HTTP/1.1" 200 79396 "http://www.superior-dentistry.com/" "Mozilla/5.0 (Macintosh; Intel Mac OS X 10_11_6) AppleWebKit/537.36 (KHTML, like Gecko) Chrome/54.0.2840.98 Safari/537.36" "www.superior-dentistry.com"
71.126.155.121 - - [16/Nov/2016:18:52:46 -0800] "GET /assets/flash/ZeroClipboard.swf?noCache=1479351165686 HTTP/1.1" 404 89 "http://www.superior-dentistry.com/" "Mozilla/5.0 (Macintosh; Intel Mac OS X 10_11_6) AppleWebKit/537.36 (KHTML, like Gecko) Chrome/54.0.2840.98 Safari/537.36" "www.superior-dentistry.com"
71.126.155.121 - - [16/Nov/2016:18:52:46 -0800] "GET /img/offer-31-05-2014-sonicare-brush.jpg HTTP/1.1" 200 13165 "http://www.superior-dentistry.com/" "Mozilla/5.0 (Macintosh; Intel Mac OS X 10_11_6) AppleWebKit/537.36 (KHTML, like Gecko) Chrome/54.0.2840.98 Safari/537.36" "www.superior-dentistry.com"
71.126.155.121 - - [16/Nov/2016:18:52:46 -0800] "GET /img/offer-31-05-2014-whitening.jpg HTTP/1.1" 200 15686 "http://www.superior-dentistry.com/" "Mozilla/5.0 (Macintosh; Intel Mac OS X 10_11_6) AppleWebKit/537.36 (KHTML, like Gecko) Chrome/54.0.2840.98 Safari/537.36" "www.superior-dentistry.com"
71.126.155.121 - - [16/Nov/2016:18:52:46 -0800] "GET /img/offer-31-05-2014-new-patient.jpg HTTP/1.1" 200 15365 "http://www.superior-dentistry.com/" "Mozilla/5.0 (Macintosh; Intel Mac OS X 10_11_6) AppleWebKit/537.36 (KHTML, like Gecko) Chrome/54.0.2840.98 Safari/537.36" "www.superior-dentistry.com"
198.16.7.150 - - [16/Nov/2016:18:52:53 -0800] "GET / HTTP/1.1" 200 38900 "-" "FreeWebMonitoring SiteChecker/0.2 (+http://www.freewebmonitoring.com/bot.html)" "www.superior-dentistry.com"
71.126.155.121 - - [16/Nov/2016:18:53:08 -0800] "GET /meet-staff.html HTTP/1.1" 200 22168 "http://www.superior-dentistry.com/" "Mozilla/5.0 (Macintosh; Intel Mac OS X 10_11_6) AppleWebKit/537.36 (KHTML, like Gecko) Chrome/54.0.2840.98 Safari/537.36" "www.superior-dentistry.com"
71.126.155.121 - - [16/Nov/2016:18:53:08 -0800] "GET /img/doctor-achievement.jpg HTTP/1.1" 200 200838 "http://www.superior-dentistry.com/meet-staff.html" "Mozilla/5.0 (Macintosh; Intel Mac OS X 10_11_6) AppleWebKit/537.36 (KHTML, like Gecko) Chrome/54.0.2840.98 Safari/537.36" "www.superior-dentistry.com"
71.126.155.121 - - [16/Nov/2016:18:53:08 -0800] "GET /img/Dr-Melika.jpg HTTP/1.1" 200 28557 "http://www.superior-dentistry.com/meet-staff.html" "Mozilla/5.0 (Macintosh; Intel Mac OS X 10_11_6) AppleWebKit/537.36 (KHTML, like Gecko) Chrome/54.0.2840.98 Safari/537.36" "www.superior-dentistry.com"
71.126.155.121 - - [16/Nov/2016:18:53:09 -0800] "GET /assets/flash/ZeroClipboard.swf?noCache=1479351189218 HTTP/1.1" 404 89 "http://www.superior-dentistry.com/meet-staff.html" "Mozilla/5.0 (Macintosh; Intel Mac OS X 10_11_6) AppleWebKit/537.36 (KHTML, like Gecko) Chrome/54.0.2840.98 Safari/537.36" "www.superior-dentistry.com"[0]
199.59.148.210 - - [16/Nov/2016:18:53:09 -0800] "GET /robots.txt HTTP/1.1" 200 49 "-" "Twitterbot/1.0" "www.superior-dentistry.com"
199.59.148.210 - - [16/Nov/2016:18:53:09 -0800] "GET /images/logo1.jpg HTTP/1.1" 404 89 "-" "Twitterbot/1.0" "www.superior-dentistry.com"
54.198.223.208 - - [16/Nov/2016:19:16:29 -0800] "GET / HTTP/1.1" 200 38900 "-" "Mozilla/5.0 (X11; Linux x86_64) AppleWebKit/534.34 (KHTML, like Gecko) Qt/4.8.2" "superior-dentistry.com"
54.198.223.208 - - [16/Nov/2016:19:16:29 -0800] "GET /js/ie10-viewport-bug-workaround.js HTTP/1.1" 200 694 "http://superior-dentistry.com/" "Mozilla/5.0 (X11; Linux x86_64) AppleWebKit/534.34 (KHTML, like Gecko) Qt/4.8.2" "superior-dentistry.com"
54.198.223.208 - - [16/Nov/2016:19:16:29 -0800] "GET /js/bootstrap.min.js HTTP/1.1" 200 35601 "http://superior-dentistry.com/" "Mozilla/5.0 (X11; Linux x86_64) AppleWebKit/534.34 (KHTML, like Gecko) Qt/4.8.2" "superior-dentistry.com"
54.198.223.208 - - [16/Nov/2016:19:16:42 -0800] "GET /js/ie-emulation-modes-warning.js HTTP/1.1" 200 2132 "http://superior-dentistry.com/" "Mozilla/5.0 (X11; Linux x86_64) AppleWebKit/534.34 (KHTML, like Gecko) Qt/4.8.2" "superior-dentistry.com"
54.198.223.208 - - [16/Nov/2016:19:16:42 -0800] "GET /fonts/fontawesome-webfont.ttf?v=4.3.0 HTTP/1.1" 200 122092 "http://superior-dentistry.com/" "Mozilla/5.0 (X11; Linux x86_64) AppleWebKit/534.34 (KHTML, like Gecko) Qt/4.8.2" "superior-dentistry.com"
54.198.223.208 - - [16/Nov/2016:19:16:44 -0800] "GET /robots.txt HTTP/1.1" 200 49 "-" "Python-urllib/1.17" "superior-dentistry.com"
54.198.223.208 - - [16/Nov/2016:19:16:44 -0800] "GET /js/ie10-viewport-bug-workaround.js HTTP/1.1" 200 694 "http://superior-dentistry.com/contact-us.html" "Mozilla/5.0 (X11; Linux x86_64) AppleWebKit/534.34 (KHTML, like Gecko) Qt/4.8.2" "superior-dentistry.com"
54.198.223.208 - - [16/Nov/2016:19:16:45 -0800] "GET /robots.txt HTTP/1.1" 200 49 "-" "Python-urllib/1.17" "www.superior-dentistry.com"
54.198.223.208 - - [16/Nov/2016:19:16:46 -0800] "GET /theme.css HTTP/1.1" 200 1926 "http://www.superior-dentistry.com/contact-us.html" "Mozilla/5.0 (X11; Linux x86_64) AppleWebKit/534.34 (KHTML, like Gecko) Qt/4.8.2" "www.superior-dentistry.com"
54.198.223.208 - - [16/Nov/2016:19:16:46 -0800] "GET /contact-us.html HTTP/1.1" 200 23728 "-" "Mozilla/5.0 (X11; Linux x86_64) AppleWebKit/534.34 (KHTML, like Gecko) Qt/4.8.2" "www.superior-dentistry.com"
54.198.223.208 - - [16/Nov/2016:19:16:46 -0800] "GET /js/docs.min.js HTTP/1.1" 200 43299 "http://www.superior-dentistry.com/contact-us.html" "Mozilla/5.0 (X11; Linux x86_64) AppleWebKit/534.34 (KHTML, like Gecko) Qt/4.8.2" "www.superior-dentistry.com"
54.198.223.208 - - [16/Nov/2016:19:16:46 -0800] "GET /js/ie10-viewport-bug-workaround.js HTTP/1.1" 304 - "http://www.superior-dentistry.com/contact-us.html" "Mozilla/5.0 (X11; Linux x86_64) AppleWebKit/534.34 (KHTML, like Gecko) Qt/4.8.2" "www.superior-dentistry.com"
54.198.223.208 - - [16/Nov/2016:19:16:46 -0800] "GET /fonts/fontawesome-webfont.ttf?v=4.3.0 HTTP/1.1" 200 122092 "http://www.superior-dentistry.com/contact-us.html" "Mozilla/5.0 (X11; Linux x86_64) AppleWebKit/534.34 (KHTML, like Gecko) Qt/4.8.2" "www.superior-dentistry.com"[0]
207.46.13.13 - - [16/Nov/2016:19:16:58 -0800] "GET /robots.txt HTTP/1.1" 200 49 "-" "Mozilla/5.0 (compatible; bingbot/2.0; +http://www.bing.com/bingbot.htm)" "superior-dentistry.com"
54.198.223.208 - - [16/Nov/2016:19:16:59 -0800] "GET /index.html HTTP/1.1" 200 38900 "-" "Mozilla/5.0 (X11; Linux x86_64) AppleWebKit/534.34 (KHTML, like Gecko) Qt/4.8.2" "superior-dentistry.com"[0]
54.198.223.208 - - [16/Nov/2016:19:16:59 -0800] "GET /js/ie-emulation-modes-warning.js HTTP/1.1" 200 2132 "http://superior-dentistry.com/index.html" "Mozilla/5.0 (X11; Linux x86_64) AppleWebKit/534.34 (KHTML, like Gecko) Qt/4.8.2" "superior-dentistry.com"
54.198.223.208 - - [16/Nov/2016:19:16:59 -0800] "GET /js/ie10-viewport-bug-workaround.js HTTP/1.1" 200 694 "http://superior-dentistry.com/index.html" "Mozilla/5.0 (X11; Linux x86_64) AppleWebKit/534.34 (KHTML, like Gecko) Qt/4.8.2" "superior-dentistry.com"
54.243.143.219 - - [16/Nov/2016:19:17:04 -0800] "HEAD /Dental-LinkExchange.html HTTP/1.1" 200 0 "-" "Mozilla/5.0 (Windows; U; Windows NT 5.1; en-US; rv:1.7.5) Gecko/20041107 Firefox/1.0" "www.superior-dentistry.com"
54.243.143.219 - - [16/Nov/2016:19:17:04 -0800] "GET /Dental-LinkExchange.html HTTP/1.1" 200 24959 "-" "Mozilla/5.0 (Windows; U; Windows NT 5.1; en-US; rv:1.7.5) Gecko/20041107 Firefox/1.0" "www.superior-dentistry.com"
54.242.164.91 - - [16/Nov/2016:19:22:43 -0800] "GET / HTTP/1.1" 200 38900 "-" "Mozilla/5.0 (X11; Linux x86_64) AppleWebKit/537.36 (KHTML, like Gecko) Chrome/43.0.2357.134 Safari/537.36 http://notifyninja.com/monitoring" "superior-dentistry.com"
98.233.11.167 - - [16/Nov/2016:20:17:49 -0800] "GET /Dentist-Bowie-MD/Dental-Implants-Maryland-MD.html HTTP/1.1" 200 32074 "https://www.google.com/" "Mozilla/5.0 (Macintosh; Intel Mac OS X 10_10_5) AppleWebKit/537.36 (KHTML, like Gecko) Chrome/54.0.2840.98 Safari/537.36" "www.superior-dentistry.com"
98.233.11.167 - - [16/Nov/2016:20:17:49 -0800] "GET /Dentist-Bowie-MD/js/ie10-viewport-bug-workaround.js HTTP/1.1" 200 694 "http://www.superior-dentistry.com/Dentist-Bowie-MD/Dental-Implants-Maryland-MD.html" "Mozilla/5.0 (Macintosh; Intel Mac OS X 10_10_5) AppleWebKit/537.36 (KHTML, like Gecko) Chrome/54.0.2840.98 Safari/537.36" "www.superior-dentistry.com"
98.233.11.167 - - [16/Nov/2016:20:17:49 -0800] "GET /Dentist-Bowie-MD/js/docs.min.js HTTP/1.1" 200 43299 "http://www.superior-dentistry.com/Dentist-Bowie-MD/Dental-Implants-Maryland-MD.html" "Mozilla/5.0 (Macintosh; Intel Mac OS X 10_10_5) AppleWebKit/537.36 (KHTML, like Gecko) Chrome/54.0.2840.98 Safari/537.36" "www.superior-dentistry.com"
98.233.11.167 - - [16/Nov/2016:20:17:49 -0800] "GET /Dentist-Bowie-MD/img/logo.jpg HTTP/1.1" 200 139628 "http://www.superior-dentistry.com/Dentist-Bowie-MD/Dental-Implants-Maryland-MD.html" "Mozilla/5.0 (Macintosh; Intel Mac OS X 10_10_5) AppleWebKit/537.36 (KHTML, like Gecko) Chrome/54.0.2840.98 Safari/537.36" "www.superior-dentistry.com"[0]
98.233.11.167 - - [16/Nov/2016:20:17:49 -0800] "GET /Dentist-Bowie-MD/fonts/fontawesome-webfont.woff2?v=4.3.0 HTTP/1.1" 200 56780 "http://www.superior-dentistry.com/Dentist-Bowie-MD/css/font-awesome.css" "Mozilla/5.0 (Macintosh; Intel Mac OS X 10_10_5) AppleWebKit/537.36 (KHTML, like Gecko) Chrome/54.0.2840.98 Safari/537.36" "www.superior-dentistry.com"
98.233.11.167 - - [16/Nov/2016:20:17:49 -0800] "GET /img/implant-before-and-after.jpg HTTP/1.1" 200 122702 "http://www.superior-dentistry.com/Dentist-Bowie-MD/Dental-Implants-Maryland-MD.html" "Mozilla/5.0 (Macintosh; Intel Mac OS X 10_10_5) AppleWebKit/537.36 (KHTML, like Gecko) Chrome/54.0.2840.98 Safari/537.36" "www.superior-dentistry.com"
98.233.11.167 - - [16/Nov/2016:20:17:50 -0800] "GET /img/zocdoc-apt.jpg HTTP/1.1" 200 79396 "http://www.superior-dentistry.com/Dentist-Bowie-MD/Dental-Implants-Maryland-MD.html" "Mozilla/5.0 (Macintosh; Intel Mac OS X 10_10_5) AppleWebKit/537.36 (KHTML, like Gecko) Chrome/54.0.2840.98 Safari/537.36" "www.superior-dentistry.com"
98.233.11.167 - - [16/Nov/2016:20:17:50 -0800] "GET /assets/flash/ZeroClipboard.swf?noCache=1479356270358 HTTP/1.1" 404 89 "http://www.superior-dentistry.com/Dentist-Bowie-MD/Dental-Implants-Maryland-MD.html" "Mozilla/5.0 (Macintosh; Intel Mac OS X 10_10_5) AppleWebKit/537.36 (KHTML, like Gecko) Chrome/54.0.2840.98 Safari/537.36" "www.superior-dentistry.com"
199.59.148.209 - - [16/Nov/2016:20:17:51 -0800] "GET /robots.txt HTTP/1.1" 200 49 "-" "Twitterbot/1.0" "www.superior-dentistry.com"
199.59.148.209 - - [16/Nov/2016:20:17:51 -0800] "GET /images/endodontia-root-canal-treatment.jpg HTTP/1.1" 404 89 "-" "Twitterbot/1.0" "www.superior-dentistry.com"
199.59.148.209 - - [16/Nov/2016:20:17:56 -0800] "GET /images/logo1.jpg HTTP/1.1" 404 89 "-" "Twitterbot/1.0" "www.superior-dentistry.com"
199.59.148.209 - - [16/Nov/2016:20:18:03 -0800] "GET /robots.txt HTTP/1.1" 200 49 "-" "Twitterbot/1.0" "www.superior-dentistry.com"
98.233.11.167 - - [16/Nov/2016:20:18:20 -0800] "GET /Dentist-Bowie-MD/meet-staff.html HTTP/1.1" 404 89 "http://www.superior-dentistry.com/Dentist-Bowie-MD/Dental-Implants-Maryland-MD.html" "Mozilla/5.0 (Macintosh; Intel Mac OS X 10_10_5) AppleWebKit/537.36 (KHTML, like Gecko) Chrome/54.0.2840.98 Safari/537.36" "www.superior-dentistry.com"
98.233.11.167 - - [16/Nov/2016:20:18:23 -0800] "GET /assets/flash/ZeroClipboard.swf?noCache=1479356303321 HTTP/1.1" 404 89 "http://www.superior-dentistry.com/Dentist-Bowie-MD/Dental-Implants-Maryland-MD.html" "Mozilla/5.0 (Macintosh; Intel Mac OS X 10_10_5) AppleWebKit/537.36 (KHTML, like Gecko) Chrome/54.0.2840.98 Safari/537.36" "www.superior-dentistry.com"
98.233.11.167 - - [16/Nov/2016:20:18:27 -0800] "GET /Dentist-Bowie-MD/contact-us.html HTTP/1.1" 404 89 "http://www.superior-dentistry.com/Dentist-Bowie-MD/Dental-Implants-Maryland-MD.html" "Mozilla/5.0 (Macintosh; Intel Mac OS X 10_10_5) AppleWebKit/537.36 (KHTML, like Gecko) Chrome/54.0.2840.98 Safari/537.36" "www.superior-dentistry.com"
98.233.11.167 - - [16/Nov/2016:20:18:29 -0800] "GET /assets/flash/ZeroClipboard.swf?noCache=1479356309263 HTTP/1.1" 404 89 "http://www.superior-dentistry.com/Dentist-Bowie-MD/Dental-Implants-Maryland-MD.html" "Mozilla/5.0 (Macintosh; Intel Mac OS X 10_10_5) AppleWebKit/537.36 (KHTML, like Gecko) Chrome/54.0.2840.98 Safari/537.36" "www.superior-dentistry.com"
98.233.11.167 - - [16/Nov/2016:20:18:31 -0800] "GET /Dentist-Bowie-MD/firstvisit.html HTTP/1.1" 404 89 "http://www.superior-dentistry.com/Dentist-Bowie-MD/Dental-Implants-Maryland-MD.html" "Mozilla/5.0 (Macintosh; Intel Mac OS X 10_10_5) AppleWebKit/537.36 (KHTML, like Gecko) Chrome/54.0.2840.98 Safari/537.36" "www.superior-dentistry.com"
98.233.11.167 - - [16/Nov/2016:20:18:33 -0800] "GET /assets/flash/ZeroClipboard.swf?noCache=1479356313704 HTTP/1.1" 404 89 "http://www.superior-dentistry.com/Dentist-Bowie-MD/Dental-Implants-Maryland-MD.html" "Mozilla/5.0 (Macintosh; Intel Mac OS X 10_10_5) AppleWebKit/537.36 (KHTML, like Gecko) Chrome/54.0.2840.98 Safari/537.36" "www.superior-dentistry.com"
178.255.87.242 - - [16/Nov/2016:21:24:02 -0800] "HEAD /robots.txt HTTP/1.1" 200 0 "-" "COMODO SSL Checker" "superior-dentistry.com"
8.21.198.45 - - [16/Nov/2016:21:55:31 -0800] "GET /robots.txt HTTP/1.1" 200 49 "-" "AddThis.com (http://support.addthis.com/)" "www.superior-dentistry.com"
8.21.198.45 - - [16/Nov/2016:21:55:31 -0800] "GET /Dentist-Bowie-MD/Dental-Implants-Maryland-MD.html HTTP/1.1" 200 32074 "-" "AddThis.com (http://support.addthis.com/)" "www.superior-dentistry.com"
180.76.15.156 - - [16/Nov/2016:22:04:22 -0800] "GET /Dentist-Bowie-MD/less/?S=D HTTP/1.1" 200 2563 "-" "Mozilla/5.0 (compatible; Baiduspider/2.0; +http://www.baidu.com/search/spider.html)" "www.superior-dentistry.com"
198.16.7.150 - - [16/Nov/2016:22:06:52 -0800] "GET / HTTP/1.1" 200 38900 "-" "FreeWebMonitoring SiteChecker/0.2 (+http://www.freewebmonitoring.com/bot.html)" "www.superior-dentistry.com"
174.129.237.157 - - [16/Nov/2016:22:40:37 -0800] "GET /robots.txt HTTP/1.1" 200 49 "-" "ia_archiver" "www.superior-dentistry.com"
174.129.237.157 - - [16/Nov/2016:22:40:37 -0800] "GET /firstvisit.html HTTP/1.1" 200 24044 "-" "ia_archiver" "www.superior-dentistry.com"
180.76.15.25 - - [16/Nov/2016:23:06:34 -0800] "GET /testimonials.html HTTP/1.1" 200 24785 "-" "Mozilla/5.0 (compatible; Baiduspider/2.0; +http://www.baidu.com/search/spider.html)" "superior-dentistry.com"
198.16.7.150 - - [16/Nov/2016:23:07:21 -0800] "GET / HTTP/1.1" 200 38900 "-" "FreeWebMonitoring SiteChecker/0.2 (+http://www.freewebmonitoring.com/bot.html)" "www.superior-dentistry.com"
54.242.164.91 - - [16/Nov/2016:23:24:44 -0800] "GET / HTTP/1.1" 200 38900 "-" "Mozilla/5.0 (X11; Linux x86_64) AppleWebKit/537.36 (KHTML, like Gecko) Chrome/43.0.2357.134 Safari/537.36 http://notifyninja.com/monitoring" "superior-dentistry.com"
52.49.173.2 - - [16/Nov/2016:23:41:29 -0800] "GET / HTTP/1.1" 200 38900 "-" "-" "superior-dentistry.com"
188.240.139.29 - - [16/Nov/2016:23:54:17 -0800] "GET /img/wisdom-teeth-extraction.jpg HTTP/1.1" 200 23758 "-" "Mozilla/5.0 (Windows NT 6.1; WOW64) AppleWebKit/537.36 (KHTML, like Gecko) Chrome/29.0.1547.62 Safari/537.36" "www.superior-dentistry.com"
207.46.13.35 - - [17/Nov/2016:00:07:26 -0800] "GET /Dentist-Bowie-MD/less/animated.less HTTP/1.1" 200 713 "-" "Mozilla/5.0 (compatible; bingbot/2.0; +http://www.bing.com/bingbot.htm)" "www.superior-dentistry.com"
198.16.7.150 - - [17/Nov/2016:00:07:50 -0800] "GET / HTTP/1.1" 200 38900 "-" "FreeWebMonitoring SiteChecker/0.2 (+http://www.freewebmonitoring.com/bot.html)" "www.superior-dentistry.com"
51.255.66.172 - - [17/Nov/2016:00:43:08 -0800] "GET / HTTP/1.1" 200 38900 "-" "Mozilla/5.0 (compatible; AhrefsBot/5.1; +http://ahrefs.com/robot/)" "www.superior-dentistry.com"
51.255.66.172 - - [17/Nov/2016:00:43:18 -0800] "GET /index.html HTTP/1.1" 200 38900 "-" "Mozilla/5.0 (compatible; AhrefsBot/5.1; +http://ahrefs.com/robot/)" "www.superior-dentistry.com"
51.255.66.172 - - [17/Nov/2016:00:47:08 -0800] "GET /Dentist-Bowie-MD/Tooth-Extractions-Maryland-MD.html HTTP/1.1" 200 31634 "-" "Mozilla/5.0 (compatible; AhrefsBot/5.1; +http://ahrefs.com/robot/)" "www.superior-dentistry.com"
51.255.66.172 - - [17/Nov/2016:00:48:25 -0800] "GET /Dental-LinkExchange.html HTTP/1.1" 200 24959 "-" "Mozilla/5.0 (compatible; AhrefsBot/5.1; +http://ahrefs.com/robot/)" "www.superior-dentistry.com"
51.255.66.172 - - [17/Nov/2016:01:00:00 -0800] "GET /services.php HTTP/1.1" 200 73 "-" "Mozilla/5.0 (compatible; AhrefsBot/5.1; +http://ahrefs.com/robot/)" "www.superior-dentistry.com"
51.255.66.172 - - [17/Nov/2016:01:00:11 -0800] "GET /meet-staff.php HTTP/1.1" 200 73 "-" "Mozilla/5.0 (compatible; AhrefsBot/5.1; +http://ahrefs.com/robot/)" "www.superior-dentistry.com"
115.28.28.62 - - [17/Nov/2016:01:00:28 -0800] "GET / HTTP/1.1" 200 38900 "-" "-" "www.superior-dentistry.com"
115.28.28.62 - - [17/Nov/2016:01:00:29 -0800] "GET /xmlrpc.php HTTP/1.1" 200 73 "-" "-" "www.superior-dentistry.com"
115.28.28.62 - - [17/Nov/2016:01:00:29 -0800] "HEAD /wp-login.php HTTP/1.1" 404 0 "-" "-" "www.superior-dentistry.com"
51.255.66.172 - - [17/Nov/2016:01:00:44 -0800] "GET /firstvisit.php HTTP/1.1" 200 73 "-" "Mozilla/5.0 (compatible; AhrefsBot/5.1; +http://ahrefs.com/robot/)" "www.superior-dentistry.com"
198.16.7.150 - - [17/Nov/2016:01:09:30 -0800] "GET / HTTP/1.1" 200 38900 "-" "FreeWebMonitoring SiteChecker/0.2 (+http://www.freewebmonitoring.com/bot.html)" "www.superior-dentistry.com"
120.147.200.182 - - [17/Nov/2016:01:57:42 -0800] "GET /img/dentures.jpg HTTP/1.1" 200 126240 "https://www.google.com.au/" "Mozilla/5.0 (Macintosh; Intel Mac OS X 10_6_8) AppleWebKit/537.36 (KHTML, like Gecko) Chrome/49.0.2623.112 Safari/537.36" "www.superior-dentistry.com"
207.46.13.35 - - [17/Nov/2016:02:20:30 -0800] "GET /robots.txt HTTP/1.1" 200 49 "-" "Mozilla/5.0 (compatible; bingbot/2.0; +http://www.bing.com/bingbot.htm)" "www.superior-dentistry.com"
198.16.7.150 - - [17/Nov/2016:02:22:23 -0800] "GET / HTTP/1.1" 200 38900 "-" "FreeWebMonitoring SiteChecker/0.2 (+http://www.freewebmonitoring.com/bot.html)" "www.superior-dentistry.com"
212.83.166.113 - - [17/Nov/2016:02:32:12 -0800] "GET /services.html HTTP/1.1" 200 34139 "-" "Mozilla/5.0 (Windows NT 6.1) AppleWebKit/537.36 (KHTML, like Gecko) Chrome/41.0.2228.0 Safari/537.36" "www.superior-dentistry.com"
163.172.66.70 - - [17/Nov/2016:02:32:40 -0800] "GET /Bowie-Dentists/firstvisit.php HTTP/1.1" 200 73 "-" "Mozilla/5.0 (compatible; AhrefsBot/5.1; +http://ahrefs.com/robot/)" "www.superior-dentistry.com"
207.46.13.82 - - [17/Nov/2016:02:39:05 -0800] "GET /robots.txt HTTP/1.1" 200 49 "-" "Mozilla/5.0 (compatible; bingbot/2.0; +http://www.bing.com/bingbot.htm)" "www.superior-dentistry.com"[0]
198.16.7.150 - - [17/Nov/2016:03:23:50 -0800] "GET / HTTP/1.1" 200 38900 "-" "FreeWebMonitoring SiteChecker/0.2 (+http://www.freewebmonitoring.com/bot.html)" "www.superior-dentistry.com"
54.242.164.91 - - [17/Nov/2016:03:25:21 -0800] "GET / HTTP/1.1" 200 38900 "-" "Mozilla/5.0 (X11; Linux x86_64) AppleWebKit/537.36 (KHTML, like Gecko) Chrome/43.0.2357.134 Safari/537.36 http://notifyninja.com/monitoring" "superior-dentistry.com"
136.243.67.234 - - [17/Nov/2016:03:54:59 -0800] "HEAD / HTTP/1.1" 200 0 "-" "Mozilla/5.0 (Windows NT 6.1) AppleWebKit/537.36 (KHTML, like Gecko) Chrome/41.0.2228.0 Safari/537.36Mozilla/5.0 (Macintosh; Intel Mac OS X 10.8; rv:24.0) Gecko/20100101 Firefox/24.0" "superior-dentistry.com"
136.243.67.234 - - [17/Nov/2016:03:55:00 -0800] "HEAD / HTTP/1.1" 200 0 "-" "Mozilla/5.0 (Windows NT 6.1) AppleWebKit/537.36 (KHTML, like Gecko) Chrome/41.0.2228.0 Safari/537.36Mozilla/5.0 (Macintosh; Intel Mac OS X 10.8; rv:24.0) Gecko/20100101 Firefox/24.0" "www.superior-dentistry.com"
51.255.66.147 - - [17/Nov/2016:04:26:00 -0800] "GET / HTTP/1.1" 200 38900 "-" "Mozilla/5.0 (compatible; AhrefsBot/5.1; +http://ahrefs.com/robot/)" "www.superior-dentistry.com"
51.255.66.147 - - [17/Nov/2016:04:26:11 -0800] "GET /index.html HTTP/1.1" 200 38900 "-" "Mozilla/5.0 (compatible; AhrefsBot/5.1; +http://ahrefs.com/robot/)" "www.superior-dentistry.com"
51.255.66.147 - - [17/Nov/2016:04:26:32 -0800] "GET /services.html HTTP/1.1" 200 34139 "-" "Mozilla/5.0 (compatible; AhrefsBot/5.1; +http://ahrefs.com/robot/)" "www.superior-dentistry.com"
198.16.7.150 - - [17/Nov/2016:04:26:40 -0800] "GET / HTTP/1.1" 200 38900 "-" "FreeWebMonitoring SiteChecker/0.2 (+http://www.freewebmonitoring.com/bot.html)" "www.superior-dentistry.com"
51.255.66.147 - - [17/Nov/2016:04:27:05 -0800] "GET /firstvisit.html HTTP/1.1" 200 24044 "-" "Mozilla/5.0 (compatible; AhrefsBot/5.1; +http://ahrefs.com/robot/)" "www.superior-dentistry.com"
51.255.66.147 - - [17/Nov/2016:04:27:16 -0800] "GET /contact-us.html HTTP/1.1" 200 23728 "-" "Mozilla/5.0 (compatible; AhrefsBot/5.1; +http://ahrefs.com/robot/)" "www.superior-dentistry.com"
51.255.66.147 - - [17/Nov/2016:04:27:38 -0800] "GET /Patient-Before-After-Gallery.html HTTP/1.1" 200 23825 "-" "Mozilla/5.0 (compatible; AhrefsBot/5.1; +http://ahrefs.com/robot/)" "www.superior-dentistry.com"
51.255.66.147 - - [17/Nov/2016:04:28:20 -0800] "GET /Dentist-Bowie-MD/Periodontal-Services-Maryland-MD.html HTTP/1.1" 200 25411 "-" "Mozilla/5.0 (compatible; AhrefsBot/5.1; +http://ahrefs.com/robot/)" "www.superior-dentistry.com"
51.255.66.147 - - [17/Nov/2016:04:28:52 -0800] "GET /Dental-Links.html HTTP/1.1" 200 27799 "-" "Mozilla/5.0 (compatible; AhrefsBot/5.1; +http://ahrefs.com/robot/)" "www.superior-dentistry.com"[0]
51.255.66.147 - - [17/Nov/2016:04:29:02 -0800] "GET /Dental-LinkExchange.html HTTP/1.1" 200 24959 "-" "Mozilla/5.0 (compatible; AhrefsBot/5.1; +http://ahrefs.com/robot/)" "www.superior-dentistry.com"
51.255.66.147 - - [17/Nov/2016:04:29:13 -0800] "GET /Bowie-Dentists/Preventive-Dentistry-Maryland.html HTTP/1.1" 200 39411 "-" "Mozilla/5.0 (compatible; AhrefsBot/5.1; +http://ahrefs.com/robot/)" "www.superior-dentistry.com"
51.255.66.147 - - [17/Nov/2016:04:29:34 -0800] "GET /Bowie-Dentists/Childrens-Dentistry-Maryland.html HTTP/1.1" 200 28854 "-" "Mozilla/5.0 (compatible; AhrefsBot/5.1; +http://ahrefs.com/robot/)" "www.superior-dentistry.com"[0]
51.255.66.147 - - [17/Nov/2016:04:31:42 -0800] "GET /Bowie-Dentists/firstvisit.html HTTP/1.1" 404 89 "-" "Mozilla/5.0 (compatible; AhrefsBot/5.1; +http://ahrefs.com/robot/)" "www.superior-dentistry.com"
51.255.66.147 - - [17/Nov/2016:04:31:52 -0800] "GET /Bowie-Dentists/contact-us.html HTTP/1.1" 404 89 "-" "Mozilla/5.0 (compatible; AhrefsBot/5.1; +http://ahrefs.com/robot/)" "www.superior-dentistry.com"
51.255.66.147 - - [17/Nov/2016:04:32:13 -0800] "GET /Bowie-Dentists/Patient-Before-After-Gallery.html HTTP/1.1" 404 89 "-" "Mozilla/5.0 (compatible; AhrefsBot/5.1; +http://ahrefs.com/robot/)" "www.superior-dentistry.com"
51.255.66.147 - - [17/Nov/2016:04:32:34 -0800] "GET /services.php HTTP/1.1" 200 73 "-" "Mozilla/5.0 (compatible; AhrefsBot/5.1; +http://ahrefs.com/robot/)" "www.superior-dentistry.com"
51.255.66.147 - - [17/Nov/2016:04:32:54 -0800] "GET /firstvisit.php HTTP/1.1" 200 73 "-" "Mozilla/5.0 (compatible; AhrefsBot/5.1; +http://ahrefs.com/robot/)" "www.superior-dentistry.com"
51.255.66.147 - - [17/Nov/2016:04:33:04 -0800] "GET /Bowie-Dentists/www.superior-dentistry.com HTTP/1.1" 404 89 "-" "Mozilla/5.0 (compatible; AhrefsBot/5.1; +http://ahrefs.com/robot/)" "www.superior-dentistry.com"
51.255.66.147 - - [17/Nov/2016:04:33:14 -0800] "GET /Bowie-Dentists/testimonials.html HTTP/1.1" 404 89 "-" "Mozilla/5.0 (compatible; AhrefsBot/5.1; +http://ahrefs.com/robot/)" "www.superior-dentistry.com"
51.255.66.147 - - [17/Nov/2016:04:33:25 -0800] "GET /Bowie-Dentists/meet-staff.php HTTP/1.1" 200 73 "-" "Mozilla/5.0 (compatible; AhrefsBot/5.1; +http://ahrefs.com/robot/)" "www.superior-dentistry.com"
51.255.66.147 - - [17/Nov/2016:04:33:35 -0800] "GET /Bowie-Dentists/firstvisit.php HTTP/1.1" 200 73 "-" "Mozilla/5.0 (compatible; AhrefsBot/5.1; +http://ahrefs.com/robot/)" "www.superior-dentistry.com"
51.255.66.147 - - [17/Nov/2016:04:33:45 -0800] "GET /Dentist-Bowie-MD/Dental-Implants-Maryland-MD HTTP/1.1" 200 32074 "-" "Mozilla/5.0 (compatible; AhrefsBot/5.1; +http://ahrefs.com/robot/)" "www.superior-dentistry.com"
51.255.66.147 - - [17/Nov/2016:04:33:56 -0800] "GET /index.php HTTP/1.1" 200 73 "-" "Mozilla/5.0 (compatible; AhrefsBot/5.1; +http://ahrefs.com/robot/)" "www.superior-dentistry.com"
51.255.66.147 - - [17/Nov/2016:04:34:06 -0800] "GET /contact-us.php HTTP/1.1" 200 73 "-" "Mozilla/5.0 (compatible; AhrefsBot/5.1; +http://ahrefs.com/robot/)" "www.superior-dentistry.com"
51.255.66.147 - - [17/Nov/2016:04:34:26 -0800] "GET /Dentist-Bowie-MD/meet-staff.html HTTP/1.1" 404 89 "-" "Mozilla/5.0 (compatible; AhrefsBot/5.1; +http://ahrefs.com/robot/)" "www.superior-dentistry.com"
51.255.66.147 - - [17/Nov/2016:04:34:37 -0800] "GET /Dentist-Bowie-MD/index.html HTTP/1.1" 404 89 "-" "Mozilla/5.0 (compatible; AhrefsBot/5.1; +http://ahrefs.com/robot/)" "www.superior-dentistry.com"
73.134.241.51 - - [17/Nov/2016:04:34:46 -0800] "GET /css/bootstrap-theme.css HTTP/1.1" 200 19156 "http://www.superior-dentistry.com/firstvisit.html" "Mozilla/5.0 (iPhone; CPU iPhone OS 10_1_1 like Mac OS X) AppleWebKit/602.2.14 (KHTML, like Gecko) Version/10.0 Mobile/14B100 Safari/602.1" "www.superior-dentistry.com"
73.134.241.51 - - [17/Nov/2016:04:34:46 -0800] "GET /css/procedure-thumb.css HTTP/1.1" 200 2005 "http://www.superior-dentistry.com/firstvisit.html" "Mozilla/5.0 (iPhone; CPU iPhone OS 10_1_1 like Mac OS X) AppleWebKit/602.2.14 (KHTML, like Gecko) Version/10.0 Mobile/14B100 Safari/602.1" "www.superior-dentistry.com"
73.134.241.51 - - [17/Nov/2016:04:34:46 -0800] "GET /js/ie-emulation-modes-warning.js HTTP/1.1" 200 2132 "http://www.superior-dentistry.com/firstvisit.html" "Mozilla/5.0 (iPhone; CPU iPhone OS 10_1_1 like Mac OS X) AppleWebKit/602.2.14 (KHTML, like Gecko) Version/10.0 Mobile/14B100 Safari/602.1" "www.superior-dentistry.com"[0]
73.134.241.51 - - [17/Nov/2016:04:34:46 -0800] "GET /js/docs.min.js HTTP/1.1" 200 43299 "http://www.superior-dentistry.com/firstvisit.html" "Mozilla/5.0 (iPhone; CPU iPhone OS 10_1_1 like Mac OS X) AppleWebKit/602.2.14 (KHTML, like Gecko) Version/10.0 Mobile/14B100 Safari/602.1" "www.superior-dentistry.com"
73.134.241.51 - - [17/Nov/2016:04:34:47 -0800] "GET /img/office-slider4.jpg HTTP/1.1" 200 85815 "http://www.superior-dentistry.com/firstvisit.html" "Mozilla/5.0 (iPhone; CPU iPhone OS 10_1_1 like Mac OS X) AppleWebKit/602.2.14 (KHTML, like Gecko) Version/10.0 Mobile/14B100 Safari/602.1" "www.superior-dentistry.com"
51.255.66.147 - - [17/Nov/2016:04:34:47 -0800] "GET /Dentist-Bowie-MD/firstvisit.html HTTP/1.1" 404 89 "-" "Mozilla/5.0 (compatible; AhrefsBot/5.1; +http://ahrefs.com/robot/)" "www.superior-dentistry.com"
73.134.241.51 - - [17/Nov/2016:04:34:47 -0800] "GET /img/doc.png HTTP/1.1" 200 26918 "http://www.superior-dentistry.com/firstvisit.html" "Mozilla/5.0 (iPhone; CPU iPhone OS 10_1_1 like Mac OS X) AppleWebKit/602.2.14 (KHTML, like Gecko) Version/10.0 Mobile/14B100 Safari/602.1" "www.superior-dentistry.com"
73.134.241.51 - - [17/Nov/2016:04:34:48 -0800] "GET /img/doctor-achievement.jpg HTTP/1.1" 200 200838 "http://www.superior-dentistry.com/firstvisit.html" "Mozilla/5.0 (iPhone; CPU iPhone OS 10_1_1 like Mac OS X) AppleWebKit/602.2.14 (KHTML, like Gecko) Version/10.0 Mobile/14B100 Safari/602.1" "www.superior-dentistry.com"
73.134.241.51 - - [17/Nov/2016:04:34:48 -0800] "GET /img/office-slider1.jpg HTTP/1.1" 200 134555 "http://www.superior-dentistry.com/firstvisit.html" "Mozilla/5.0 (iPhone; CPU iPhone OS 10_1_1 like Mac OS X) AppleWebKit/602.2.14 (KHTML, like Gecko) Version/10.0 Mobile/14B100 Safari/602.1" "www.superior-dentistry.com"
199.16.157.181 - - [17/Nov/2016:04:34:49 -0800] "GET /robots.txt HTTP/1.1" 200 49 "-" "Twitterbot/1.0" "www.superior-dentistry.com"
199.16.157.181 - - [17/Nov/2016:04:34:49 -0800] "GET /images/logo1.jpg HTTP/1.1" 404 89 "-" "Twitterbot/1.0" "www.superior-dentistry.com"
199.16.157.182 - - [17/Nov/2016:04:34:49 -0800] "GET /robots.txt HTTP/1.1" 200 49 "-" "Twitterbot/1.0" "www.superior-dentistry.com"
199.16.157.183 - - [17/Nov/2016:04:34:49 -0800] "GET /robots.txt HTTP/1.1" 200 49 "-" "Twitterbot/1.0" "www.superior-dentistry.com"
199.16.157.182 - - [17/Nov/2016:04:34:49 -0800] "GET / HTTP/1.1" 200 38900 "-" "Twitterbot/1.0" "www.superior-dentistry.com"
199.16.157.183 - - [17/Nov/2016:04:34:49 -0800] "GET /images/endodontia-root-canal-treatment.jpg HTTP/1.1" 404 89 "-" "Twitterbot/1.0" "www.superior-dentistry.com"
51.255.66.147 - - [17/Nov/2016:04:34:57 -0800] "GET /Dentist-Bowie-MD/contact-us.html HTTP/1.1" 404 89 "-" "Mozilla/5.0 (compatible; AhrefsBot/5.1; +http://ahrefs.com/robot/)" "www.superior-dentistry.com"
51.255.66.147 - - [17/Nov/2016:04:35:18 -0800] "GET /Dentist-Bowie-MD/Patient-Before-After-Gallery.html HTTP/1.1" 404 89 "-" "Mozilla/5.0 (compatible; AhrefsBot/5.1; +http://ahrefs.com/robot/)" "www.superior-dentistry.com"
51.255.66.147 - - [17/Nov/2016:04:35:39 -0800] "GET /Dentist-Bowie-MD/Tooth-Extractions-Maryland-MD HTTP/1.1" 200 31634 "-" "Mozilla/5.0 (compatible; AhrefsBot/5.1; +http://ahrefs.com/robot/)" "www.superior-dentistry.com"
65.36.241.48 - - [17/Nov/2016:04:40:08 -0800] "HEAD / HTTP/1.1" 200 0 "-" "InternetSeer.com" "www.superior-dentistry.com"
197.231.221.211 - - [17/Nov/2016:04:42:04 -0800] "GET / HTTP/1.1" 200 38900 "-" "Mozilla/5.0 (Windows NT 10.0; WOW64) AppleWebKit/537.36 (KHTML, like Gecko) Chrome/52.0.2743.116 Safari/537.36" "superior-dentistry.com"
104.132.20.78 - - [17/Nov/2016:04:56:52 -0800] "GET / HTTP/1.1" 200 38900 "-" "Mozilla/5.0 (X11; Linux x86_64) AppleWebKit/537.36 (KHTML, like Gecko) Chrome/54.0.2840.100 Safari/537.36" "www.superior-dentistry.com"
104.132.20.78 - - [17/Nov/2016:04:56:54 -0800] "GET /css/bootstrap-theme.css HTTP/1.1" 200 19156 "-" "Mozilla/5.0 (X11; Linux x86_64) AppleWebKit/537.36 (KHTML, like Gecko) Chrome/54.0.2840.100 Safari/537.36" "www.superior-dentistry.com"
104.132.20.78 - - [17/Nov/2016:04:56:54 -0800] "GET /theme.css HTTP/1.1" 200 1926 "-" "Mozilla/5.0 (X11; Linux x86_64) AppleWebKit/537.36 (KHTML, like Gecko) Chrome/54.0.2840.100 Safari/537.36" "www.superior-dentistry.com"
104.132.20.78 - - [17/Nov/2016:04:56:54 -0800] "GET /js/ie-emulation-modes-warning.js HTTP/1.1" 200 2132 "-" "Mozilla/5.0 (X11; Linux x86_64) AppleWebKit/537.36 (KHTML, like Gecko) Chrome/54.0.2840.100 Safari/537.36" "www.superior-dentistry.com"
104.132.20.78 - - [17/Nov/2016:04:56:54 -0800] "GET /img/logo.jpg HTTP/1.1" 200 139628 "-" "Mozilla/5.0 (X11; Linux x86_64) AppleWebKit/537.36 (KHTML, like Gecko) Chrome/54.0.2840.100 Safari/537.36" "www.superior-dentistry.com"
104.132.20.78 - - [17/Nov/2016:04:56:54 -0800] "GET /img/dental-implants.jpg HTTP/1.1" 200 22844 "-" "Mozilla/5.0 (X11; Linux x86_64) AppleWebKit/537.36 (KHTML, like Gecko) Chrome/54.0.2840.100 Safari/537.36" "www.superior-dentistry.com"
104.132.20.78 - - [17/Nov/2016:04:56:55 -0800] "GET /js/bootstrap.min.js HTTP/1.1" 200 35601 "-" "Mozilla/5.0 (X11; Linux x86_64) AppleWebKit/537.36 (KHTML, like Gecko) Chrome/54.0.2840.100 Safari/537.36" "www.superior-dentistry.com"
104.132.20.78 - - [17/Nov/2016:04:56:55 -0800] "GET /js/docs.min.js HTTP/1.1" 200 43299 "-" "Mozilla/5.0 (X11; Linux x86_64) AppleWebKit/537.36 (KHTML, like Gecko) Chrome/54.0.2840.100 Safari/537.36" "www.superior-dentistry.com"
104.132.20.78 - - [17/Nov/2016:04:56:55 -0800] "GET /js/ie10-viewport-bug-workaround.js HTTP/1.1" 200 694 "-" "Mozilla/5.0 (X11; Linux x86_64) AppleWebKit/537.36 (KHTML, like Gecko) Chrome/54.0.2840.100 Safari/537.36" "www.superior-dentistry.com"
104.132.20.78 - - [17/Nov/2016:04:56:56 -0800] "GET /img/extraction.jpg HTTP/1.1" 200 30135 "-" "Mozilla/5.0 (X11; Linux x86_64) AppleWebKit/537.36 (KHTML, like Gecko) Chrome/54.0.2840.100 Safari/537.36" "www.superior-dentistry.com"
104.132.20.78 - - [17/Nov/2016:04:56:56 -0800] "GET /img/jaw-surgery.jpg HTTP/1.1" 200 27058 "-" "Mozilla/5.0 (X11; Linux x86_64) AppleWebKit/537.36 (KHTML, like Gecko) Chrome/54.0.2840.100 Safari/537.36" "www.superior-dentistry.com"
104.132.20.78 - - [17/Nov/2016:04:56:56 -0800] "GET /img/oral-pathology.jpg HTTP/1.1" 200 33395 "-" "Mozilla/5.0 (X11; Linux x86_64) AppleWebKit/537.36 (KHTML, like Gecko) Chrome/54.0.2840.100 Safari/537.36" "www.superior-dentistry.com"
104.132.20.78 - - [17/Nov/2016:04:56:56 -0800] "GET /img/tmj-trauma.jpg HTTP/1.1" 200 22488 "-" "Mozilla/5.0 (X11; Linux x86_64) AppleWebKit/537.36 (KHTML, like Gecko) Chrome/54.0.2840.100 Safari/537.36" "www.superior-dentistry.com"
104.132.20.78 - - [17/Nov/2016:04:56:57 -0800] "GET /img/slider1.jpg HTTP/1.1" 200 268888 "-" "Mozilla/5.0 (X11; Linux x86_64) AppleWebKit/537.36 (KHTML, like Gecko) Chrome/54.0.2840.100 Safari/537.36" "www.superior-dentistry.com"
104.132.20.78 - - [17/Nov/2016:04:56:57 -0800] "GET /img/slider2.jpg HTTP/1.1" 200 345766 "-" "Mozilla/5.0 (X11; Linux x86_64) AppleWebKit/537.36 (KHTML, like Gecko) Chrome/54.0.2840.100 Safari/537.36" "www.superior-dentistry.com"
104.132.20.78 - - [17/Nov/2016:04:56:57 -0800] "GET /img/slider3.jpg HTTP/1.1" 200 217901 "-" "Mozilla/5.0 (X11; Linux x86_64) AppleWebKit/537.36 (KHTML, like Gecko) Chrome/54.0.2840.100 Safari/537.36" "www.superior-dentistry.com"
104.132.20.78 - - [17/Nov/2016:04:56:58 -0800] "GET /img/meetdr-melika.jpg HTTP/1.1" 200 75968 "-" "Mozilla/5.0 (X11; Linux x86_64) AppleWebKit/537.36 (KHTML, like Gecko) Chrome/54.0.2840.100 Safari/537.36" "www.superior-dentistry.com"[0]
104.132.20.78 - - [17/Nov/2016:04:56:58 -0800] "GET /img/meetdr-ali.jpg HTTP/1.1" 200 60533 "-" "Mozilla/5.0 (X11; Linux x86_64) AppleWebKit/537.36 (KHTML, like Gecko) Chrome/54.0.2840.100 Safari/537.36" "www.superior-dentistry.com"
104.132.20.78 - - [17/Nov/2016:04:56:58 -0800] "GET /fonts/fontawesome-webfont.woff2?v=4.3.0 HTTP/1.1" 200 56780 "http://www.superior-dentistry.com/css/font-awesome.css" "Mozilla/5.0 (X11; Linux x86_64) AppleWebKit/537.36 (KHTML, like Gecko) Chrome/54.0.2840.100 Safari/537.36" "www.superior-dentistry.com"
104.132.20.78 - - [17/Nov/2016:04:56:58 -0800] "GET /fonts/fontawesome-webfont.woff?v=4.3.0 HTTP/1.1" 200 71508 "http://www.superior-dentistry.com/css/font-awesome.css" "Mozilla/5.0 (X11; Linux x86_64) AppleWebKit/537.36 (KHTML, like Gecko) Chrome/54.0.2840.100 Safari/537.36" "www.superior-dentistry.com"
104.132.20.78 - - [17/Nov/2016:04:56:59 -0800] "GET /img/offer-31-05-2014-sonicare-brush.jpg HTTP/1.1" 200 13165 "-" "Mozilla/5.0 (X11; Linux x86_64) AppleWebKit/537.36 (KHTML, like Gecko) Chrome/54.0.2840.100 Safari/537.36" "www.superior-dentistry.com"
104.132.20.78 - - [17/Nov/2016:04:56:59 -0800] "GET /img/offer-31-05-2014-whitening.jpg HTTP/1.1" 200 15686 "-" "Mozilla/5.0 (X11; Linux x86_64) AppleWebKit/537.36 (KHTML, like Gecko) Chrome/54.0.2840.100 Safari/537.36" "www.superior-dentistry.com"
104.132.20.78 - - [17/Nov/2016:04:56:59 -0800] "GET /img/patients-choice-winner-2015.png HTTP/1.1" 200 9818 "-" "Mozilla/5.0 (X11; Linux x86_64) AppleWebKit/537.36 (KHTML, like Gecko) Chrome/54.0.2840.100 Safari/537.36" "www.superior-dentistry.com"[0]
104.132.20.78 - - [17/Nov/2016:04:56:59 -0800] "GET /img/zocdoc-apt.jpg HTTP/1.1" 200 79396 "-" "Mozilla/5.0 (X11; Linux x86_64) AppleWebKit/537.36 (KHTML, like Gecko) Chrome/54.0.2840.100 Safari/537.36" "www.superior-dentistry.com"
199.59.148.210 - - [17/Nov/2016:05:11:25 -0800] "GET /robots.txt HTTP/1.1" 200 49 "-" "Twitterbot/1.0" "www.superior-dentistry.com"
199.59.148.210 - - [17/Nov/2016:05:11:25 -0800] "GET /robots.txt HTTP/1.1" 200 49 "-" "Twitterbot/1.0" "www.superior-dentistry.com"
199.59.148.210 - - [17/Nov/2016:05:11:25 -0800] "GET /images/logo1.jpg HTTP/1.1" 404 89 "-" "Twitterbot/1.0" "www.superior-dentistry.com"
199.59.148.211 - - [17/Nov/2016:05:11:37 -0800] "GET /robots.txt HTTP/1.1" 200 49 "-" "Twitterbot/1.0" "www.superior-dentistry.com"
199.16.157.182 - - [17/Nov/2016:05:13:17 -0800] "GET /robots.txt HTTP/1.1" 200 49 "-" "Twitterbot/1.0" "www.superior-dentistry.com"
199.16.157.182 - - [17/Nov/2016:05:13:17 -0800] "GET /images/endodontia-root-canal-treatment.jpg HTTP/1.1" 404 89 "-" "Twitterbot/1.0" "www.superior-dentistry.com"
180.76.15.10 - - [17/Nov/2016:05:26:42 -0800] "GET /js/jquery-1.6.1.min.js HTTP/1.1" 404 89 "-" "Mozilla/5.0 (compatible; Baiduspider/2.0; +http://www.baidu.com/search/spider.html)" "superior-dentistry.com"
207.46.13.82 - - [17/Nov/2016:05:33:26 -0800] "GET /Dentist-Bowie-MD/blog.php HTTP/1.1" 200 416 "-" "Mozilla/5.0 (compatible; bingbot/2.0; +http://www.bing.com/bingbot.htm)" "www.superior-dentistry.com"
207.46.13.82 - - [17/Nov/2016:05:33:26 -0800] "GET /Dentist-Bowie-MD/css/?M=A HTTP/1.1" 200 1872 "-" "Mozilla/5.0 (compatible; bingbot/2.0; +http://www.bing.com/bingbot.htm)" "www.superior-dentistry.com"
207.46.13.82 - - [17/Nov/2016:05:33:26 -0800] "GET /Dentist-Bowie-MD/css/?D=A HTTP/1.1" 200 1872 "-" "Mozilla/5.0 (compatible; bingbot/2.0; +http://www.bing.com/bingbot.htm)" "www.superior-dentistry.com"
69.140.180.38 - - [17/Nov/2016:05:45:32 -0800] "GET / HTTP/1.1" 200 38900 "https://www.google.com/" "Mozilla/5.0 (Windows NT 10.0; Win64; x64) AppleWebKit/537.36 (KHTML, like Gecko) Chrome/54.0.2840.99 Safari/537.36" "www.superior-dentistry.com"
69.140.180.38 - - [17/Nov/2016:05:45:32 -0800] "GET /css/bootstrap.css HTTP/1.1" 200 138415 "http://www.superior-dentistry.com/" "Mozilla/5.0 (Windows NT 10.0; Win64; x64) AppleWebKit/537.36 (KHTML, like Gecko) Chrome/54.0.2840.99 Safari/537.36" "www.superior-dentistry.com"
69.140.180.38 - - [17/Nov/2016:05:45:32 -0800] "GET /css/font-awesome.css HTTP/1.1" 200 28747 "http://www.superior-dentistry.com/" "Mozilla/5.0 (Windows NT 10.0; Win64; x64) AppleWebKit/537.36 (KHTML, like Gecko) Chrome/54.0.2840.99 Safari/537.36" "www.superior-dentistry.com"[0]
69.140.180.38 - - [17/Nov/2016:05:45:32 -0800] "GET /css/bootstrap-theme.css HTTP/1.1" 200 19156 "http://www.superior-dentistry.com/" "Mozilla/5.0 (Windows NT 10.0; Win64; x64) AppleWebKit/537.36 (KHTML, like Gecko) Chrome/54.0.2840.99 Safari/537.36" "www.superior-dentistry.com"
69.140.180.38 - - [17/Nov/2016:05:45:32 -0800] "GET /js/ie-emulation-modes-warning.js HTTP/1.1" 200 2132 "http://www.superior-dentistry.com/" "Mozilla/5.0 (Windows NT 10.0; Win64; x64) AppleWebKit/537.36 (KHTML, like Gecko) Chrome/54.0.2840.99 Safari/537.36" "www.superior-dentistry.com"
69.140.180.38 - - [17/Nov/2016:05:45:33 -0800] "GET /img/wisdom-teeth-extraction.jpg HTTP/1.1" 200 23758 "http://www.superior-dentistry.com/" "Mozilla/5.0 (Windows NT 10.0; Win64; x64) AppleWebKit/537.36 (KHTML, like Gecko) Chrome/54.0.2840.99 Safari/537.36" "www.superior-dentistry.com"
69.140.180.38 - - [17/Nov/2016:05:45:33 -0800] "GET /img/extraction.jpg HTTP/1.1" 200 30135 "http://www.superior-dentistry.com/" "Mozilla/5.0 (Windows NT 10.0; Win64; x64) AppleWebKit/537.36 (KHTML, like Gecko) Chrome/54.0.2840.99 Safari/537.36" "www.superior-dentistry.com"
69.140.180.38 - - [17/Nov/2016:05:45:33 -0800] "GET /img/oral-pathology.jpg HTTP/1.1" 200 33395 "http://www.superior-dentistry.com/" "Mozilla/5.0 (Windows NT 10.0; Win64; x64) AppleWebKit/537.36 (KHTML, like Gecko) Chrome/54.0.2840.99 Safari/537.36" "www.superior-dentistry.com"
69.140.180.38 - - [17/Nov/2016:05:45:33 -0800] "GET /img/tmj-trauma.jpg HTTP/1.1" 200 22488 "http://www.superior-dentistry.com/" "Mozilla/5.0 (Windows NT 10.0; Win64; x64) AppleWebKit/537.36 (KHTML, like Gecko) Chrome/54.0.2840.99 Safari/537.36" "www.superior-dentistry.com"
69.140.180.38 - - [17/Nov/2016:05:45:33 -0800] "GET /img/slider1.jpg HTTP/1.1" 200 268888 "http://www.superior-dentistry.com/" "Mozilla/5.0 (Windows NT 10.0; Win64; x64) AppleWebKit/537.36 (KHTML, like Gecko) Chrome/54.0.2840.99 Safari/537.36" "www.superior-dentistry.com"[0]
69.140.180.38 - - [17/Nov/2016:05:45:34 -0800] "GET /img/slider2.jpg HTTP/1.1" 200 345766 "http://www.superior-dentistry.com/" "Mozilla/5.0 (Windows NT 10.0; Win64; x64) AppleWebKit/537.36 (KHTML, like Gecko) Chrome/54.0.2840.99 Safari/537.36" "www.superior-dentistry.com"
69.140.180.38 - - [17/Nov/2016:05:45:34 -0800] "GET /img/meetdr-melika.jpg HTTP/1.1" 200 75968 "http://www.superior-dentistry.com/" "Mozilla/5.0 (Windows NT 10.0; Win64; x64) AppleWebKit/537.36 (KHTML, like Gecko) Chrome/54.0.2840.99 Safari/537.36" "www.superior-dentistry.com"
69.140.180.38 - - [17/Nov/2016:05:45:35 -0800] "GET /img/offer-31-05-2014-sonicare-brush.jpg HTTP/1.1" 200 13165 "http://www.superior-dentistry.com/" "Mozilla/5.0 (Windows NT 10.0; Win64; x64) AppleWebKit/537.36 (KHTML, like Gecko) Chrome/54.0.2840.99 Safari/537.36" "www.superior-dentistry.com"
69.140.180.38 - - [17/Nov/2016:05:45:36 -0800] "GET /js/bootstrap.min.js HTTP/1.1" 200 35601 "http://www.superior-dentistry.com/" "Mozilla/5.0 (Windows NT 10.0; Win64; x64) AppleWebKit/537.36 (KHTML, like Gecko) Chrome/54.0.2840.99 Safari/537.36" "www.superior-dentistry.com"
69.140.180.38 - - [17/Nov/2016:05:45:37 -0800] "GET /js/docs.min.js HTTP/1.1" 200 43299 "http://www.superior-dentistry.com/" "Mozilla/5.0 (Windows NT 10.0; Win64; x64) AppleWebKit/537.36 (KHTML, like Gecko) Chrome/54.0.2840.99 Safari/537.36" "www.superior-dentistry.com"[0]
69.140.180.38 - - [17/Nov/2016:05:45:37 -0800] "GET /js/ie10-viewport-bug-workaround.js HTTP/1.1" 200 694 "http://www.superior-dentistry.com/" "Mozilla/5.0 (Windows NT 10.0; Win64; x64) AppleWebKit/537.36 (KHTML, like Gecko) Chrome/54.0.2840.99 Safari/537.36" "www.superior-dentistry.com"
69.140.180.38 - - [17/Nov/2016:05:45:37 -0800] "GET /fonts/fontawesome-webfont.woff2?v=4.3.0 HTTP/1.1" 200 56780 "http://www.superior-dentistry.com/css/font-awesome.css" "Mozilla/5.0 (Windows NT 10.0; Win64; x64) AppleWebKit/537.36 (KHTML, like Gecko) Chrome/54.0.2840.99 Safari/537.36" "www.superior-dentistry.com"
69.140.180.38 - - [17/Nov/2016:05:45:37 -0800] "GET /img/zocdoc-apt.jpg HTTP/1.1" 200 79396 "http://www.superior-dentistry.com/" "Mozilla/5.0 (Windows NT 10.0; Win64; x64) AppleWebKit/537.36 (KHTML, like Gecko) Chrome/54.0.2840.99 Safari/537.36" "www.superior-dentistry.com"
69.140.180.38 - - [17/Nov/2016:05:45:38 -0800] "GET /favicon.ico HTTP/1.1" 200 688 "http://www.superior-dentistry.com/" "Mozilla/5.0 (Windows NT 10.0; Win64; x64) AppleWebKit/537.36 (KHTML, like Gecko) Chrome/54.0.2840.99 Safari/537.36" "www.superior-dentistry.com"
207.46.13.13 - - [17/Nov/2016:06:10:05 -0800] "GET /Dentist-Bowie-MD/Patient-Before-After-Gallery.html HTTP/1.1" 404 89 "-" "Mozilla/5.0 (compatible; bingbot/2.0; +http://www.bing.com/bingbot.htm)" "www.superior-dentistry.com"
207.46.13.13 - - [17/Nov/2016:06:10:05 -0800] "GET /Dentist-Bowie-MD/firstvisit.html HTTP/1.1" 404 89 "-" "Mozilla/5.0 (compatible; bingbot/2.0; +http://www.bing.com/bingbot.htm)" "www.superior-dentistry.com"
207.46.13.13 - - [17/Nov/2016:06:10:05 -0800] "GET /Dentist-Bowie-MD/images/?D=D HTTP/1.1" 404 89 "-" "Mozilla/5.0 (compatible; bingbot/2.0; +http://www.bing.com/bingbot.htm)" "www.superior-dentistry.com"
207.46.13.13 - - [17/Nov/2016:06:10:06 -0800] "GET /Dentist-Bowie-MD/js/?D=A HTTP/1.1" 200 1319 "-" "Mozilla/5.0 (compatible; bingbot/2.0; +http://www.bing.com/bingbot.htm)" "www.superior-dentistry.com"
198.16.7.150 - - [17/Nov/2016:06:29:17 -0800] "GET / HTTP/1.1" 200 38900 "-" "FreeWebMonitoring SiteChecker/0.2 (+http://www.freewebmonitoring.com/bot.html)" "www.superior-dentistry.com"
180.76.15.135 - - [17/Nov/2016:06:33:40 -0800] "GET /js/js-image-slider.js HTTP/1.1" 404 89 "-" "Mozilla/5.0 (compatible; Baiduspider/2.0; +http://www.baidu.com/search/spider.html)" "superior-dentistry.com"
180.76.15.16 - - [17/Nov/2016:06:39:54 -0800] "GET /Patient-Information-Form.pdf HTTP/1.1" 200 1114112 "-" "Mozilla/5.0 (compatible; Baiduspider/2.0; +http://www.baidu.com/search/spider.html)" "www.superior-dentistry.com"
54.242.164.91 - - [17/Nov/2016:07:25:58 -0800] "GET / HTTP/1.1" 200 38900 "-" "Mozilla/5.0 (X11; Linux x86_64) AppleWebKit/537.36 (KHTML, like Gecko) Chrome/43.0.2357.134 Safari/537.36 http://notifyninja.com/monitoring" "superior-dentistry.com"
198.16.7.150 - - [17/Nov/2016:07:30:00 -0800] "GET / HTTP/1.1" 200 38900 "-" "FreeWebMonitoring SiteChecker/0.2 (+http://www.freewebmonitoring.com/bot.html)" "www.superior-dentistry.com"
66.249.64.23 - - [17/Nov/2016:07:56:02 -0800] "GET /mobile/ HTTP/1.1" 404 89 "-" "Mozilla/5.0 (Linux; Android 6.0.1; Nexus 5X Build/MMB29P) AppleWebKit/537.36 (KHTML, like Gecko) Chrome/41.0.2272.96 Mobile Safari/537.36 (compatible; Googlebot/2.1; +http://www.google.com/bot.html)" "www.superior-dentistry.com"
198.16.7.150 - - [17/Nov/2016:08:31:12 -0800] "GET / HTTP/1.1" 200 38900 "-" "FreeWebMonitoring SiteChecker/0.2 (+http://www.freewebmonitoring.com/bot.html)" "www.superior-dentistry.com"
207.46.13.35 - - [17/Nov/2016:09:04:34 -0800] "GET /Dentist-Bowie-MD/Dental-Links.html HTTP/1.1" 404 89 "-" "Mozilla/5.0 (compatible; bingbot/2.0; +http://www.bing.com/bingbot.htm)" "www.superior-dentistry.com"
207.46.13.35 - - [17/Nov/2016:09:04:34 -0800] "GET /Dentist-Bowie-MD/services.html HTTP/1.1" 404 89 "-" "Mozilla/5.0 (compatible; bingbot/2.0; +http://www.bing.com/bingbot.htm)" "www.superior-dentistry.com"
192.99.147.201 - - [17/Nov/2016:09:16:20 -0800] "GET /Dentistry-Maryland-MD.html HTTP/1.1" 200 30875 "-" "Mozilla/5.0 (Windows NT 6.3; WOW64) AppleWebKit/537.36 (KHTML, like Gecko) Chrome/34.0.1847.137 Safari/537.36" "www.superior-dentistry.com"
100.36.207.111 - - [17/Nov/2016:09:23:40 -0800] "GET /img/mainimg8.jpg HTTP/1.1" 200 246879 "https://www.google.com/" "Mozilla/5.0 (Windows NT 6.1; WOW64) AppleWebKit/537.36 (KHTML, like Gecko) Chrome/54.0.2840.99 Safari/537.36" "www.superior-dentistry.com"
69.140.180.38 - - [17/Nov/2016:09:35:58 -0800] "GET / HTTP/1.1" 200 38900 "https://www.google.com/" "Mozilla/5.0 (Macintosh; Intel Mac OS X 10_11_6) AppleWebKit/601.7.7 (KHTML, like Gecko) Version/9.1.2 Safari/601.7.7" "www.superior-dentistry.com"
