173.69.157.224 - - [05/Aug/2016:17:26:49 -0700] "GET / HTTP/1.1" 200 38900 "https://www.google.com/" "Mozilla/5.0 (Macintosh; Intel Mac OS X 10_7_5) AppleWebKit/537.36 (KHTML, like Gecko) Chrome/49.0.2623.112 Safari/537.36" "www.superior-dentistry.com"
173.69.157.224 - - [05/Aug/2016:17:26:49 -0700] "GET /js/ie-emulation-modes-warning.js HTTP/1.1" 200 2132 "http://www.superior-dentistry.com/" "Mozilla/5.0 (Macintosh; Intel Mac OS X 10_7_5) AppleWebKit/537.36 (KHTML, like Gecko) Chrome/49.0.2623.112 Safari/537.36" "www.superior-dentistry.com"[0]
173.69.157.224 - - [05/Aug/2016:17:26:50 -0700] "GET /img/slider2.jpg HTTP/1.1" 200 345766 "http://www.superior-dentistry.com/" "Mozilla/5.0 (Macintosh; Intel Mac OS X 10_7_5) AppleWebKit/537.36 (KHTML, like Gecko) Chrome/49.0.2623.112 Safari/537.36" "www.superior-dentistry.com"[0]
173.69.157.224 - - [05/Aug/2016:17:26:50 -0700] "GET /img/slider3.jpg HTTP/1.1" 200 217901 "http://www.superior-dentistry.com/" "Mozilla/5.0 (Macintosh; Intel Mac OS X 10_7_5) AppleWebKit/537.36 (KHTML, like Gecko) Chrome/49.0.2623.112 Safari/537.36" "www.superior-dentistry.com"
173.69.157.224 - - [05/Aug/2016:17:26:50 -0700] "GET /img/meetdr-ali.jpg HTTP/1.1" 200 60533 "http://www.superior-dentistry.com/" "Mozilla/5.0 (Macintosh; Intel Mac OS X 10_7_5) AppleWebKit/537.36 (KHTML, like Gecko) Chrome/49.0.2623.112 Safari/537.36" "www.superior-dentistry.com"
173.69.157.224 - - [05/Aug/2016:17:26:50 -0700] "GET /fonts/fontawesome-webfont.woff2?v=4.3.0 HTTP/1.1" 200 56780 "http://www.superior-dentistry.com/css/font-awesome.css" "Mozilla/5.0 (Macintosh; Intel Mac OS X 10_7_5) AppleWebKit/537.36 (KHTML, like Gecko) Chrome/49.0.2623.112 Safari/537.36" "www.superior-dentistry.com"
173.69.157.224 - - [05/Aug/2016:17:26:53 -0700] "GET /favicon.ico HTTP/1.1" 200 688 "http://www.superior-dentistry.com/" "Mozilla/5.0 (Macintosh; Intel Mac OS X 10_7_5) AppleWebKit/537.36 (KHTML, like Gecko) Chrome/49.0.2623.112 Safari/537.36" "www.superior-dentistry.com"
173.69.157.224 - - [05/Aug/2016:17:28:54 -0700] "GET /assets/flash/ZeroClipboard.swf?noCache=1470443334246 HTTP/1.1" 404 89 "http://www.superior-dentistry.com/" "Mozilla/5.0 (Macintosh; Intel Mac OS X 10_7_5) AppleWebKit/537.36 (KHTML, like Gecko) Chrome/49.0.2623.112 Safari/537.36" "www.superior-dentistry.com"
173.69.157.224 - - [05/Aug/2016:17:30:09 -0700] "GET /img/Dr-Melika.jpg HTTP/1.1" 200 28557 "http://www.superior-dentistry.com/meet-staff.html" "Mozilla/5.0 (Macintosh; Intel Mac OS X 10_7_5) AppleWebKit/537.36 (KHTML, like Gecko) Chrome/49.0.2623.112 Safari/537.36" "www.superior-dentistry.com"[0]
173.69.157.224 - - [05/Aug/2016:17:30:09 -0700] "GET /assets/flash/ZeroClipboard.swf?noCache=1470443409791 HTTP/1.1" 404 89 "http://www.superior-dentistry.com/meet-staff.html" "Mozilla/5.0 (Macintosh; Intel Mac OS X 10_7_5) AppleWebKit/537.36 (KHTML, like Gecko) Chrome/49.0.2623.112 Safari/537.36" "www.superior-dentistry.com"
199.16.156.126 - - [05/Aug/2016:17:30:10 -0700] "GET /robots.txt HTTP/1.1" 200 49 "-" "Twitterbot/1.0" "www.superior-dentistry.com"
173.69.157.224 - - [05/Aug/2016:17:30:35 -0700] "GET /services.html HTTP/1.1" 200 34139 "http://www.superior-dentistry.com/meet-staff.html" "Mozilla/5.0 (Macintosh; Intel Mac OS X 10_7_5) AppleWebKit/537.36 (KHTML, like Gecko) Chrome/49.0.2623.112 Safari/537.36" "www.superior-dentistry.com"
173.69.157.224 - - [05/Aug/2016:17:30:36 -0700] "GET /img/dental-extractions.jpg HTTP/1.1" 200 165246 "http://www.superior-dentistry.com/services.html" "Mozilla/5.0 (Macintosh; Intel Mac OS X 10_7_5) AppleWebKit/537.36 (KHTML, like Gecko) Chrome/49.0.2623.112 Safari/537.36" "www.superior-dentistry.com"
173.69.157.224 - - [05/Aug/2016:17:30:36 -0700] "GET /img/invisalign.jpg HTTP/1.1" 200 142640 "http://www.superior-dentistry.com/services.html" "Mozilla/5.0 (Macintosh; Intel Mac OS X 10_7_5) AppleWebKit/537.36 (KHTML, like Gecko) Chrome/49.0.2623.112 Safari/537.36" "www.superior-dentistry.com"
173.69.157.224 - - [05/Aug/2016:17:30:36 -0700] "GET /img/dentures.jpg HTTP/1.1" 200 126240 "http://www.superior-dentistry.com/services.html" "Mozilla/5.0 (Macintosh; Intel Mac OS X 10_7_5) AppleWebKit/537.36 (KHTML, like Gecko) Chrome/49.0.2623.112 Safari/537.36" "www.superior-dentistry.com"
173.69.157.224 - - [05/Aug/2016:17:30:36 -0700] "GET /img/endodontia-root-canal-treatment.jpg HTTP/1.1" 200 126762 "http://www.superior-dentistry.com/services.html" "Mozilla/5.0 (Macintosh; Intel Mac OS X 10_7_5) AppleWebKit/537.36 (KHTML, like Gecko) Chrome/49.0.2623.112 Safari/537.36" "www.superior-dentistry.com"
173.69.157.224 - - [05/Aug/2016:17:30:36 -0700] "GET /img/bridges-dentist-md.jpg HTTP/1.1" 200 67242 "http://www.superior-dentistry.com/services.html" "Mozilla/5.0 (Macintosh; Intel Mac OS X 10_7_5) AppleWebKit/537.36 (KHTML, like Gecko) Chrome/49.0.2623.112 Safari/537.36" "www.superior-dentistry.com"
173.69.157.224 - - [05/Aug/2016:17:30:36 -0700] "GET /img/night-guard.jpg HTTP/1.1" 200 106940 "http://www.superior-dentistry.com/services.html" "Mozilla/5.0 (Macintosh; Intel Mac OS X 10_7_5) AppleWebKit/537.36 (KHTML, like Gecko) Chrome/49.0.2623.112 Safari/537.36" "www.superior-dentistry.com"
173.69.157.224 - - [05/Aug/2016:17:30:36 -0700] "GET /img/SnapOnSmile.jpg HTTP/1.1" 200 71471 "http://www.superior-dentistry.com/services.html" "Mozilla/5.0 (Macintosh; Intel Mac OS X 10_7_5) AppleWebKit/537.36 (KHTML, like Gecko) Chrome/49.0.2623.112 Safari/537.36" "www.superior-dentistry.com"
173.69.157.224 - - [05/Aug/2016:17:30:36 -0700] "GET /img/Lumineers.jpg HTTP/1.1" 200 70250 "http://www.superior-dentistry.com/services.html" "Mozilla/5.0 (Macintosh; Intel Mac OS X 10_7_5) AppleWebKit/537.36 (KHTML, like Gecko) Chrome/49.0.2623.112 Safari/537.36" "www.superior-dentistry.com"
173.69.157.224 - - [05/Aug/2016:17:30:37 -0700] "GET /assets/flash/ZeroClipboard.swf?noCache=1470443436900 HTTP/1.1" 404 89 "http://www.superior-dentistry.com/services.html" "Mozilla/5.0 (Macintosh; Intel Mac OS X 10_7_5) AppleWebKit/537.36 (KHTML, like Gecko) Chrome/49.0.2623.112 Safari/537.36" "www.superior-dentistry.com"
173.69.157.224 - - [05/Aug/2016:17:31:35 -0700] "GET /js/jquery-1.6.4.min.js HTTP/1.1" 404 89 "http://www.superior-dentistry.com/blog.php" "Mozilla/5.0 (Macintosh; Intel Mac OS X 10_7_5) AppleWebKit/537.36 (KHTML, like Gecko) Chrome/49.0.2623.112 Safari/537.36" "www.superior-dentistry.com"
54.242.164.91 - - [05/Aug/2016:17:32:54 -0700] "GET / HTTP/1.1" 200 38900 "-" "Mozilla/5.0 (X11; Linux x86_64)AppleWebKit/537.36 (KHTML, like Gecko)Chrome/43.0.2357.134 Safari/537.36http://notifyninja.com/monitoring" "superior-dentistry.com"
173.69.157.224 - - [05/Aug/2016:17:34:12 -0700] "GET /firstvisit.html HTTP/1.1" 200 24044 "http://www.superior-dentistry.com/index.html" "Mozilla/5.0 (Macintosh; Intel Mac OS X 10_7_5) AppleWebKit/537.36 (KHTML, like Gecko) Chrome/49.0.2623.112 Safari/537.36" "www.superior-dentistry.com"
173.69.157.224 - - [05/Aug/2016:17:34:13 -0700] "GET /css/procedure-thumb.css HTTP/1.1" 200 2005 "http://www.superior-dentistry.com/firstvisit.html" "Mozilla/5.0 (Macintosh; Intel Mac OS X 10_7_5) AppleWebKit/537.36 (KHTML, like Gecko) Chrome/49.0.2623.112 Safari/537.36" "www.superior-dentistry.com"
173.69.157.224 - - [05/Aug/2016:17:34:23 -0700] "GET /contact-us.html HTTP/1.1" 200 23728 "http://www.superior-dentistry.com/firstvisit.html" "Mozilla/5.0 (Macintosh; Intel Mac OS X 10_7_5) AppleWebKit/537.36 (KHTML, like Gecko) Chrome/49.0.2623.112 Safari/537.36" "www.superior-dentistry.com"
173.69.157.224 - - [05/Aug/2016:17:36:01 -0700] "GET /assets/flash/ZeroClipboard.swf?noCache=1470443761135 HTTP/1.1" 404 89 "http://www.superior-dentistry.com/index.html" "Mozilla/5.0 (Macintosh; Intel Mac OS X 10_7_5) AppleWebKit/537.36 (KHTML, like Gecko) Chrome/49.0.2623.112 Safari/537.36" "www.superior-dentistry.com"
173.69.157.224 - - [05/Aug/2016:17:36:06 -0700] "GET /Dentistry-Maryland-MD.html HTTP/1.1" 200 30875 "http://www.superior-dentistry.com/index.html" "Mozilla/5.0 (Macintosh; Intel Mac OS X 10_7_5) AppleWebKit/537.36 (KHTML, like Gecko) Chrome/49.0.2623.112 Safari/537.36" "www.superior-dentistry.com"
173.69.157.224 - - [05/Aug/2016:17:38:24 -0700] "GET /assets/flash/ZeroClipboard.swf?noCache=1470443903820 HTTP/1.1" 404 89 "http://www.superior-dentistry.com/index.html" "Mozilla/5.0 (Macintosh; Intel Mac OS X 10_7_5) AppleWebKit/537.36 (KHTML, like Gecko) Chrome/49.0.2623.112 Safari/537.36" "www.superior-dentistry.com"
5.9.62.130 - - [05/Aug/2016:17:39:14 -0700] "GET /Dentist-Bowie-MD/Tooth-Extractions-Maryland-MD.html HTTP/1.1" 200 31634 "-" "Mozilla/5.0 (compatible; MJ12bot/v1.4.5; http://www.majestic12.co.uk/bot.php?+)" "www.superior-dentistry.com"
157.55.39.25 - - [05/Aug/2016:17:40:30 -0700] "GET /blog.php HTTP/1.1" 200 107037 "-" "Mozilla/5.0 (compatible; bingbot/2.0; +http://www.bing.com/bingbot.htm)" "superior-dentistry.com"
157.55.39.42 - - [05/Aug/2016:17:47:47 -0700] "GET /Bowie-Dentists-Sitemap.html HTTP/1.1" 200 28379 "-" "Mozilla/5.0 (compatible; bingbot/2.0; +http://www.bing.com/bingbot.htm)" "superior-dentistry.com"
54.242.164.91 - - [05/Aug/2016:18:34:23 -0700] "GET / HTTP/1.1" 200 38900 "-" "Mozilla/5.0 (X11; Linux x86_64)AppleWebKit/537.36 (KHTML, like Gecko)Chrome/43.0.2357.134 Safari/537.36http://notifyninja.com/monitoring" "superior-dentistry.com"
77.75.78.172 - - [05/Aug/2016:18:44:22 -0700] "GET /robots.txt HTTP/1.1" 200 49 "-" "Mozilla/5.0 (compatible; SeznamBot/3.2; +http://napoveda.seznam.cz/en/seznambot-intro/)" "www.superior-dentistry.com"
77.75.78.172 - - [05/Aug/2016:18:44:24 -0700] "GET /Bowie-Dentists/Preventive-Dentistry-Maryland.html HTTP/1.1" 200 39411 "-" "Mozilla/5.0 (compatible; SeznamBot/3.2; +http://napoveda.seznam.cz/en/seznambot-intro/)" "www.superior-dentistry.com"
198.16.7.150 - - [05/Aug/2016:18:59:25 -0700] "GET / HTTP/1.1" 200 38900 "-" "FreeWebMonitoring SiteChecker/0.2 (+http://www.freewebmonitoring.com/bot.html)" "www.superior-dentistry.com"
108.45.171.97 - - [05/Aug/2016:19:00:04 -0700] "GET /js/bootstrap.min.js HTTP/1.1" 200 35601 "http://www.superior-dentistry.com/" "Mozilla/5.0 (Macintosh; Intel Mac OS X 10_10_5) AppleWebKit/601.7.7 (KHTML, like Gecko) Version/9.1.2 Safari/601.7.7" "www.superior-dentistry.com"
108.45.171.97 - - [05/Aug/2016:19:00:04 -0700] "GET /css/bootstrap.css HTTP/1.1" 200 138415 "http://www.superior-dentistry.com/" "Mozilla/5.0 (Macintosh; Intel Mac OS X 10_10_5) AppleWebKit/601.7.7 (KHTML, like Gecko) Version/9.1.2 Safari/601.7.7" "www.superior-dentistry.com"
108.45.171.97 - - [05/Aug/2016:19:00:04 -0700] "GET /img/extraction.jpg HTTP/1.1" 200 30135 "http://www.superior-dentistry.com/" "Mozilla/5.0 (Macintosh; Intel Mac OS X 10_10_5) AppleWebKit/601.7.7 (KHTML, like Gecko) Version/9.1.2 Safari/601.7.7" "www.superior-dentistry.com"
108.45.171.97 - - [05/Aug/2016:19:00:04 -0700] "GET /fonts/fontawesome-webfont.woff?v=4.3.0 HTTP/1.1" 200 71508 "http://www.superior-dentistry.com/" "Mozilla/5.0 (Macintosh; Intel Mac OS X 10_10_5) AppleWebKit/601.7.7 (KHTML, like Gecko) Version/9.1.2 Safari/601.7.7" "www.superior-dentistry.com"
108.45.171.97 - - [05/Aug/2016:19:00:04 -0700] "GET /img/slider3.jpg HTTP/1.1" 200 217901 "http://www.superior-dentistry.com/" "Mozilla/5.0 (Macintosh; Intel Mac OS X 10_10_5) AppleWebKit/601.7.7 (KHTML, like Gecko) Version/9.1.2 Safari/601.7.7" "www.superior-dentistry.com"
108.45.171.97 - - [05/Aug/2016:19:00:04 -0700] "GET /img/slider2.jpg HTTP/1.1" 200 345766 "http://www.superior-dentistry.com/" "Mozilla/5.0 (Macintosh; Intel Mac OS X 10_10_5) AppleWebKit/601.7.7 (KHTML, like Gecko) Version/9.1.2 Safari/601.7.7" "www.superior-dentistry.com"
108.45.171.97 - - [05/Aug/2016:19:00:04 -0700] "GET /img/slider1.jpg HTTP/1.1" 200 268888 "http://www.superior-dentistry.com/" "Mozilla/5.0 (Macintosh; Intel Mac OS X 10_10_5) AppleWebKit/601.7.7 (KHTML, like Gecko) Version/9.1.2 Safari/601.7.7" "www.superior-dentistry.com"
108.45.171.97 - - [05/Aug/2016:19:00:04 -0700] "GET /img/offer-31-05-2014-sonicare-brush.jpg HTTP/1.1" 200 13165 "http://www.superior-dentistry.com/" "Mozilla/5.0 (Macintosh; Intel Mac OS X 10_10_5) AppleWebKit/601.7.7 (KHTML, like Gecko) Version/9.1.2 Safari/601.7.7" "www.superior-dentistry.com"
199.16.156.125 - - [05/Aug/2016:19:00:10 -0700] "GET /images/logo1.jpg HTTP/1.1" 404 89 "-" "Twitterbot/1.0" "www.superior-dentistry.com"
108.45.171.97 - - [05/Aug/2016:19:02:14 -0700] "GET /services.html HTTP/1.1" 200 34139 "http://www.superior-dentistry.com/" "Mozilla/5.0 (Macintosh; Intel Mac OS X 10_10_5) AppleWebKit/601.7.7 (KHTML, like Gecko) Version/9.1.2 Safari/601.7.7" "www.superior-dentistry.com"
108.45.171.97 - - [05/Aug/2016:19:02:14 -0700] "GET /assets/flash/ZeroClipboard.swf?noCache=1470448934307 HTTP/1.1" 404 89 "http://www.superior-dentistry.com/services.html" "Mozilla/5.0 (Macintosh; Intel Mac OS X 10_10_5) AppleWebKit/601.7.7 (KHTML, like Gecko) Version/9.1.2 Safari/601.7.7" "www.superior-dentistry.com"
180.76.15.23 - - [05/Aug/2016:19:08:26 -0700] "GET /js/ie-emulation-modes-warning.js HTTP/1.1" 200 2132 "-" "Mozilla/5.0 (compatible; Baiduspider/2.0; +http://www.baidu.com/search/spider.html)" "superior-dentistry.com"
207.46.13.125 - - [05/Aug/2016:19:19:59 -0700] "GET /robots.txt HTTP/1.1" 200 49 "-" "Mozilla/5.0 (compatible; bingbot/2.0; +http://www.bing.com/bingbot.htm)" "www.superior-dentistry.com"
68.33.89.90 - - [05/Aug/2016:19:43:51 -0700] "GET /contact-us.html HTTP/1.1" 200 23728 "-" "Mozilla/5.0 (Macintosh; Intel Mac OS X 10_11_5) AppleWebKit/601.6.17 (KHTML, like Gecko)" "www.superior-dentistry.com"
68.33.89.90 - - [05/Aug/2016:19:43:52 -0700] "GET /apple-touch-icon.png HTTP/1.1" 404 89 "-" "Safari/11601.6.17 CFNetwork/760.5.1 Darwin/15.5.0 (x86_64)" "www.superior-dentistry.com"
68.33.89.90 - - [05/Aug/2016:19:43:52 -0700] "GET /apple-touch-icon-precomposed.png HTTP/1.1" 404 89 "-" "Safari/11601.6.17 CFNetwork/760.5.1 Darwin/15.5.0 (x86_64)" "www.superior-dentistry.com"
151.80.31.159 - - [05/Aug/2016:19:45:44 -0700] "GET /robots.txt HTTP/1.1" 200 49 "-" "Mozilla/5.0 (compatible; AhrefsBot/5.1; +http://ahrefs.com/robot/)" "superior-dentistry.com"
151.80.31.162 - - [05/Aug/2016:19:45:53 -0700] "GET / HTTP/1.1" 200 38900 "-" "Mozilla/5.0 (compatible; AhrefsBot/5.1; +http://ahrefs.com/robot/)" "superior-dentistry.com"
199.16.156.124 - - [05/Aug/2016:19:46:01 -0700] "GET /robots.txt HTTP/1.1" 200 49 "-" "Twitterbot/1.0" "www.superior-dentistry.com"
199.16.156.126 - - [05/Aug/2016:19:46:01 -0700] "GET /robots.txt HTTP/1.1" 200 49 "-" "Twitterbot/1.0" "www.superior-dentistry.com"
199.16.156.124 - - [05/Aug/2016:19:46:01 -0700] "GET /robots.txt HTTP/1.1" 200 49 "-" "Twitterbot/1.0" "www.superior-dentistry.com"
108.18.144.88 - - [05/Aug/2016:19:46:01 -0700] "GET /meet-staff.html HTTP/1.1" 200 22168 "-" "Dalvik/2.1.0 (Linux; U; Android 5.1.1; SM-P905V Build/LMY47X)" "www.superior-dentistry.com"
199.16.156.124 - - [05/Aug/2016:19:46:02 -0700] "GET /images/logo1.jpg HTTP/1.1" 404 89 "-" "Twitterbot/1.0" "www.superior-dentistry.com"
199.16.156.126 - - [05/Aug/2016:19:46:02 -0700] "GET /images/endodontia-root-canal-treatment.jpg HTTP/1.1" 404 89 "-" "Twitterbot/1.0" "www.superior-dentistry.com"
73.180.159.87 - - [05/Aug/2016:19:58:40 -0700] "GET /Dentist-Bowie-MD/Tooth-Extractions-Maryland-MD.html HTTP/1.1" 200 31634 "https://www.google.com/" "Mozilla/5.0 (iPhone; CPU iPhone OS 9_3_3 like Mac OS X) AppleWebKit/601.1.46 (KHTML, like Gecko) Version/9.0 Mobile/13G34 Safari/601.1" "www.superior-dentistry.com"
73.180.159.87 - - [05/Aug/2016:19:58:40 -0700] "GET /Dentist-Bowie-MD/theme.css HTTP/1.1" 200 1926 "http://www.superior-dentistry.com/Dentist-Bowie-MD/Tooth-Extractions-Maryland-MD.html" "Mozilla/5.0 (iPhone; CPU iPhone OS 9_3_3 like Mac OS X) AppleWebKit/601.1.46 (KHTML, like Gecko) Version/9.0 Mobile/13G34 Safari/601.1" "www.superior-dentistry.com"
73.180.159.87 - - [05/Aug/2016:19:58:40 -0700] "GET /Dentist-Bowie-MD/js/ie-emulation-modes-warning.js HTTP/1.1" 200 2132 "http://www.superior-dentistry.com/Dentist-Bowie-MD/Tooth-Extractions-Maryland-MD.html" "Mozilla/5.0 (iPhone; CPU iPhone OS 9_3_3 like Mac OS X) AppleWebKit/601.1.46 (KHTML, like Gecko) Version/9.0 Mobile/13G34 Safari/601.1" "www.superior-dentistry.com"
73.180.159.87 - - [05/Aug/2016:19:58:41 -0700] "GET /Dentist-Bowie-MD/js/bootstrap.min.js HTTP/1.1" 200 35601 "http://www.superior-dentistry.com/Dentist-Bowie-MD/Tooth-Extractions-Maryland-MD.html" "Mozilla/5.0 (iPhone; CPU iPhone OS 9_3_3 like Mac OS X) AppleWebKit/601.1.46 (KHTML, like Gecko) Version/9.0 Mobile/13G34 Safari/601.1" "www.superior-dentistry.com"
73.180.159.87 - - [05/Aug/2016:19:58:41 -0700] "GET /Dentist-Bowie-MD/css/bootstrap.css HTTP/1.1" 200 138415 "http://www.superior-dentistry.com/Dentist-Bowie-MD/Tooth-Extractions-Maryland-MD.html" "Mozilla/5.0 (iPhone; CPU iPhone OS 9_3_3 like Mac OS X) AppleWebKit/601.1.46 (KHTML, like Gecko) Version/9.0 Mobile/13G34 Safari/601.1" "www.superior-dentistry.com"
73.180.159.87 - - [05/Aug/2016:19:58:41 -0700] "GET /Dentist-Bowie-MD/img/logo.jpg HTTP/1.1" 200 139628 "http://www.superior-dentistry.com/Dentist-Bowie-MD/Tooth-Extractions-Maryland-MD.html" "Mozilla/5.0 (iPhone; CPU iPhone OS 9_3_3 like Mac OS X) AppleWebKit/601.1.46 (KHTML, like Gecko) Version/9.0 Mobile/13G34 Safari/601.1" "www.superior-dentistry.com"
73.180.159.87 - - [05/Aug/2016:19:58:41 -0700] "GET /Dentist-Bowie-MD/js/docs.min.js HTTP/1.1" 200 43299 "http://www.superior-dentistry.com/Dentist-Bowie-MD/Tooth-Extractions-Maryland-MD.html" "Mozilla/5.0 (iPhone; CPU iPhone OS 9_3_3 like Mac OS X) AppleWebKit/601.1.46 (KHTML, like Gecko) Version/9.0 Mobile/13G34 Safari/601.1" "www.superior-dentistry.com"
73.180.159.87 - - [05/Aug/2016:19:58:41 -0700] "GET /Dentist-Bowie-MD/js/ie10-viewport-bug-workaround.js HTTP/1.1" 200 694 "http://www.superior-dentistry.com/Dentist-Bowie-MD/Tooth-Extractions-Maryland-MD.html" "Mozilla/5.0 (iPhone; CPU iPhone OS 9_3_3 like Mac OS X) AppleWebKit/601.1.46 (KHTML, like Gecko) Version/9.0 Mobile/13G34 Safari/601.1" "www.superior-dentistry.com"
73.180.159.87 - - [05/Aug/2016:19:58:41 -0700] "GET /Dentist-Bowie-MD/img/doctor-achievement.jpg HTTP/1.1" 200 200838 "http://www.superior-dentistry.com/Dentist-Bowie-MD/Tooth-Extractions-Maryland-MD.html" "Mozilla/5.0 (iPhone; CPU iPhone OS 9_3_3 like Mac OS X) AppleWebKit/601.1.46 (KHTML, like Gecko) Version/9.0 Mobile/13G34 Safari/601.1" "www.superior-dentistry.com"
73.180.159.87 - - [05/Aug/2016:19:58:41 -0700] "GET /Dentist-Bowie-MD/fonts/fontawesome-webfont.woff?v=4.3.0 HTTP/1.1" 200 71508 "http://www.superior-dentistry.com/Dentist-Bowie-MD/Tooth-Extractions-Maryland-MD.html" "Mozilla/5.0 (iPhone; CPU iPhone OS 9_3_3 like Mac OS X) AppleWebKit/601.1.46 (KHTML, like Gecko) Version/9.0 Mobile/13G34 Safari/601.1" "www.superior-dentistry.com"
73.180.159.87 - - [05/Aug/2016:19:58:41 -0700] "GET /img/zocdoc-apt.jpg HTTP/1.1" 200 79396 "http://www.superior-dentistry.com/Dentist-Bowie-MD/Tooth-Extractions-Maryland-MD.html" "Mozilla/5.0 (iPhone; CPU iPhone OS 9_3_3 like Mac OS X) AppleWebKit/601.1.46 (KHTML, like Gecko) Version/9.0 Mobile/13G34 Safari/601.1" "www.superior-dentistry.com"
198.16.7.150 - - [05/Aug/2016:21:02:49 -0700] "GET / HTTP/1.1" 200 38900 "-" "FreeWebMonitoring SiteChecker/0.2 (+http://www.freewebmonitoring.com/bot.html)" "www.superior-dentistry.com"
180.76.15.17 - - [05/Aug/2016:21:36:06 -0700] "GET / HTTP/1.1" 200 38900 "-" "Mozilla/5.0 (compatible; Baiduspider/2.0; +http://www.baidu.com/search/spider.html)" "www.superior-dentistry.com"
54.242.164.91 - - [05/Aug/2016:21:38:17 -0700] "GET / HTTP/1.1" 200 38900 "-" "Mozilla/5.0 (X11; Linux x86_64)AppleWebKit/537.36 (KHTML, like Gecko)Chrome/43.0.2357.134 Safari/537.36http://notifyninja.com/monitoring" "superior-dentistry.com"
77.75.77.72 - - [05/Aug/2016:21:53:31 -0700] "GET /robots.txt HTTP/1.1" 200 49 "-" "Mozilla/5.0 (compatible; SeznamBot/3.2; +http://napoveda.seznam.cz/en/seznambot-intro/)" "www.superior-dentistry.com"
193.248.153.69 - - [05/Aug/2016:22:07:33 -0700] "GET / HTTP/1.1" 200 38900 "-" "Mozilla/5.0 (Windows NT 6.0) AppleWebKit/535.1 (KHTML, like Gecko) Chrome/13.0.782.220 Safari/535.1" "superior-dentistry.com"
139.162.205.216 - - [05/Aug/2016:22:40:17 -0700] "GET / HTTP/1.1" 200 38900 "-" "Mozilla/5.0 (compatible; TeeRaidBot; +https://teeraid.com/bot/)" "www.superior-dentistry.com"
139.162.205.216 - - [05/Aug/2016:22:40:21 -0700] "GET / HTTP/1.1" 200 38900 "-" "Mozilla/5.0 (compatible; TeeRaidBot; +https://teeraid.com/bot/)" "www.superior-dentistry.com"
5.9.62.130 - - [05/Aug/2016:23:05:37 -0700] "GET /robots.txt HTTP/1.1" 200 49 "-" "Mozilla/5.0 (compatible; MJ12bot/v1.4.5; http://www.majestic12.co.uk/bot.php?+)" "superior-dentistry.com"
73.132.169.203 - - [05/Aug/2016:23:09:10 -0700] "GET /js/ie-emulation-modes-warning.js HTTP/1.1" 200 2132 "http://www.superior-dentistry.com/" "Mozilla/5.0 (iPhone; CPU iPhone OS 9_3_3 like Mac OS X) AppleWebKit/601.1.46 (KHTML, like Gecko) Mobile/13G34" "www.superior-dentistry.com"
73.132.169.203 - - [05/Aug/2016:23:09:10 -0700] "GET /js/bootstrap.min.js HTTP/1.1" 200 35601 "http://www.superior-dentistry.com/" "Mozilla/5.0 (iPhone; CPU iPhone OS 9_3_3 like Mac OS X) AppleWebKit/601.1.46 (KHTML, like Gecko) Mobile/13G34" "www.superior-dentistry.com"
73.132.169.203 - - [05/Aug/2016:23:09:10 -0700] "GET /img/meetdr-melika.jpg HTTP/1.1" 200 75968 "http://www.superior-dentistry.com/" "Mozilla/5.0 (iPhone; CPU iPhone OS 9_3_3 like Mac OS X) AppleWebKit/601.1.46 (KHTML, like Gecko) Mobile/13G34" "www.superior-dentistry.com"[0]
73.132.169.203 - - [05/Aug/2016:23:09:10 -0700] "GET /img/offer-31-05-2014-sonicare-brush.jpg HTTP/1.1" 200 13165 "http://www.superior-dentistry.com/" "Mozilla/5.0 (iPhone; CPU iPhone OS 9_3_3 like Mac OS X) AppleWebKit/601.1.46 (KHTML, like Gecko) Mobile/13G34" "www.superior-dentistry.com"
73.132.169.203 - - [05/Aug/2016:23:09:10 -0700] "GET /img/slider2.jpg HTTP/1.1" 200 345766 "http://www.superior-dentistry.com/" "Mozilla/5.0 (iPhone; CPU iPhone OS 9_3_3 like Mac OS X) AppleWebKit/601.1.46 (KHTML, like Gecko) Mobile/13G34" "www.superior-dentistry.com"
73.132.169.203 - - [05/Aug/2016:23:09:11 -0700] "GET /img/wisdom-teeth-extraction.jpg HTTP/1.1" 200 23758 "http://www.superior-dentistry.com/" "Mozilla/5.0 (iPhone; CPU iPhone OS 9_3_3 like Mac OS X) AppleWebKit/601.1.46 (KHTML, like Gecko) Mobile/13G34" "www.superior-dentistry.com"
73.132.169.203 - - [05/Aug/2016:23:09:11 -0700] "GET /img/slider3.jpg HTTP/1.1" 200 217901 "http://www.superior-dentistry.com/" "Mozilla/5.0 (iPhone; CPU iPhone OS 9_3_3 like Mac OS X) AppleWebKit/601.1.46 (KHTML, like Gecko) Mobile/13G34" "www.superior-dentistry.com"
73.132.169.203 - - [05/Aug/2016:23:09:11 -0700] "GET /img/extraction.jpg HTTP/1.1" 200 30135 "http://www.superior-dentistry.com/" "Mozilla/5.0 (iPhone; CPU iPhone OS 9_3_3 like Mac OS X) AppleWebKit/601.1.46 (KHTML, like Gecko) Mobile/13G34" "www.superior-dentistry.com"
73.132.169.203 - - [05/Aug/2016:23:09:11 -0700] "GET /img/jaw-surgery.jpg HTTP/1.1" 200 27058 "http://www.superior-dentistry.com/" "Mozilla/5.0 (iPhone; CPU iPhone OS 9_3_3 like Mac OS X) AppleWebKit/601.1.46 (KHTML, like Gecko) Mobile/13G34" "www.superior-dentistry.com"
73.132.169.203 - - [05/Aug/2016:23:09:11 -0700] "GET /img/patients-choice-winner-2015.png HTTP/1.1" 200 9818 "http://www.superior-dentistry.com/" "Mozilla/5.0 (iPhone; CPU iPhone OS 9_3_3 like Mac OS X) AppleWebKit/601.1.46 (KHTML, like Gecko) Mobile/13G34" "www.superior-dentistry.com"
73.132.169.203 - - [05/Aug/2016:23:09:11 -0700] "GET /img/offer-31-05-2014-whitening.jpg HTTP/1.1" 200 15686 "http://www.superior-dentistry.com/" "Mozilla/5.0 (iPhone; CPU iPhone OS 9_3_3 like Mac OS X) AppleWebKit/601.1.46 (KHTML, like Gecko) Mobile/13G34" "www.superior-dentistry.com"
73.132.169.203 - - [05/Aug/2016:23:09:11 -0700] "GET /img/zocdoc-apt.jpg HTTP/1.1" 200 79396 "http://www.superior-dentistry.com/" "Mozilla/5.0 (iPhone; CPU iPhone OS 9_3_3 like Mac OS X) AppleWebKit/601.1.46 (KHTML, like Gecko) Mobile/13G34" "www.superior-dentistry.com"[0]
73.132.169.203 - - [05/Aug/2016:23:09:11 -0700] "GET /fonts/fontawesome-webfont.woff?v=4.3.0 HTTP/1.1" 200 71508 "http://www.superior-dentistry.com/" "Mozilla/5.0 (iPhone; CPU iPhone OS 9_3_3 like Mac OS X) AppleWebKit/601.1.46 (KHTML, like Gecko) Mobile/13G34" "www.superior-dentistry.com"
73.132.169.203 - - [05/Aug/2016:23:10:00 -0700] "GET /services.html HTTP/1.1" 200 34139 "http://www.superior-dentistry.com/" "Mozilla/5.0 (iPhone; CPU iPhone OS 9_3_3 like Mac OS X) AppleWebKit/601.1.46 (KHTML, like Gecko) Mobile/13G34" "www.superior-dentistry.com"
73.132.169.203 - - [05/Aug/2016:23:10:01 -0700] "GET /img/invisalign.jpg HTTP/1.1" 200 142640 "http://www.superior-dentistry.com/services.html" "Mozilla/5.0 (iPhone; CPU iPhone OS 9_3_3 like Mac OS X) AppleWebKit/601.1.46 (KHTML, like Gecko) Mobile/13G34" "www.superior-dentistry.com"
73.132.169.203 - - [05/Aug/2016:23:10:01 -0700] "GET /img/white_composite_filling.jpg HTTP/1.1" 200 105229 "http://www.superior-dentistry.com/services.html" "Mozilla/5.0 (iPhone; CPU iPhone OS 9_3_3 like Mac OS X) AppleWebKit/601.1.46 (KHTML, like Gecko) Mobile/13G34" "www.superior-dentistry.com"
73.132.169.203 - - [05/Aug/2016:23:10:01 -0700] "GET /img/SnapOnSmile.jpg HTTP/1.1" 200 71471 "http://www.superior-dentistry.com/services.html" "Mozilla/5.0 (iPhone; CPU iPhone OS 9_3_3 like Mac OS X) AppleWebKit/601.1.46 (KHTML, like Gecko) Mobile/13G34" "www.superior-dentistry.com"
73.132.169.203 - - [05/Aug/2016:23:10:01 -0700] "GET /img/bridges-dentist-md.jpg HTTP/1.1" 200 67242 "http://www.superior-dentistry.com/services.html" "Mozilla/5.0 (iPhone; CPU iPhone OS 9_3_3 like Mac OS X) AppleWebKit/601.1.46 (KHTML, like Gecko) Mobile/13G34" "www.superior-dentistry.com"
199.16.156.125 - - [05/Aug/2016:23:10:02 -0700] "GET /robots.txt HTTP/1.1" 200 49 "-" "Twitterbot/1.0" "www.superior-dentistry.com"
199.16.156.125 - - [05/Aug/2016:23:10:03 -0700] "GET /images/logo1.jpg HTTP/1.1" 404 89 "-" "Twitterbot/1.0" "www.superior-dentistry.com"
220.181.108.179 - - [05/Aug/2016:23:58:28 -0700] "GET /contact-us.html HTTP/1.1" 200 23728 "-" "Mozilla/5.0 (compatible; Baiduspider/2.0; +http://www.baidu.com/search/spider.html)" "www.superior-dentistry.com"[0]
198.16.7.150 - - [06/Aug/2016:00:07:45 -0700] "GET / HTTP/1.1" 200 38900 "-" "FreeWebMonitoring SiteChecker/0.2 (+http://www.freewebmonitoring.com/bot.html)" "www.superior-dentistry.com"
46.229.164.100 - - [06/Aug/2016:00:21:15 -0700] "GET /robots.txt HTTP/1.1" 200 49 "-" "Mozilla/5.0 (compatible; SemrushBot/1.1~bl; +http://www.semrush.com/bot.html)" "www.superior-dentistry.com"
54.242.164.91 - - [06/Aug/2016:00:42:18 -0700] "GET / HTTP/1.1" 200 38900 "-" "Mozilla/5.0 (X11; Linux x86_64)AppleWebKit/537.36 (KHTML, like Gecko)Chrome/43.0.2357.134 Safari/537.36http://notifyninja.com/monitoring" "superior-dentistry.com"
107.23.14.203 - - [06/Aug/2016:00:44:38 -0700] "GET /wp-login.php HTTP/1.1" 200 73 "-" "Mozilla/5.0 (Windows NT 6.1; WOW64; rv:40.0) Gecko/20100101 Firefox/40.1" "superior-dentistry.com"
107.23.14.203 - - [06/Aug/2016:00:44:38 -0700] "GET /administrator/ HTTP/1.1" 404 89 "-" "Mozilla/5.0 (Windows NT 6.1; rv:31.0) Gecko/20100101 Firefox/31.0" "superior-dentistry.com"
180.76.15.157 - - [06/Aug/2016:00:58:58 -0700] "GET /js/jquery-ui-1.8.13.custom.min.js HTTP/1.1" 404 89 "-" "Mozilla/5.0 (compatible; Baiduspider/2.0; +http://www.baidu.com/search/spider.html)" "www.superior-dentistry.com"
198.16.7.150 - - [06/Aug/2016:01:09:37 -0700] "GET / HTTP/1.1" 200 38900 "-" "FreeWebMonitoring SiteChecker/0.2 (+http://www.freewebmonitoring.com/bot.html)" "www.superior-dentistry.com"
157.55.39.132 - - [06/Aug/2016:01:12:51 -0700] "GET /Patient-Before-After-Gallery.html HTTP/1.1" 200 23825 "-" "Mozilla/5.0 (compatible; bingbot/2.0; +http://www.bing.com/bingbot.htm)" "superior-dentistry.com"
180.76.15.150 - - [06/Aug/2016:01:32:27 -0700] "GET /special-offers.html HTTP/1.1" 200 23685 "-" "Mozilla/5.0 (compatible; Baiduspider/2.0; +http://www.baidu.com/search/spider.html)" "www.superior-dentistry.com"
54.242.164.91 - - [06/Aug/2016:01:43:05 -0700] "GET / HTTP/1.1" 200 38900 "-" "Mozilla/5.0 (X11; Linux x86_64)AppleWebKit/537.36 (KHTML, like Gecko)Chrome/43.0.2357.134 Safari/537.36http://notifyninja.com/monitoring" "superior-dentistry.com"
198.16.7.150 - - [06/Aug/2016:02:11:22 -0700] "GET / HTTP/1.1" 200 38900 "-" "FreeWebMonitoring SiteChecker/0.2 (+http://www.freewebmonitoring.com/bot.html)" "www.superior-dentistry.com"
180.76.15.143 - - [06/Aug/2016:02:39:26 -0700] "GET /css/style.css HTTP/1.1" 404 89 "-" "Mozilla/5.0 (compatible; Baiduspider/2.0; +http://www.baidu.com/search/spider.html)" "www.superior-dentistry.com"
54.242.164.91 - - [06/Aug/2016:02:44:30 -0700] "GET / HTTP/1.1" 200 38900 "-" "Mozilla/5.0 (X11; Linux x86_64)AppleWebKit/537.36 (KHTML, like Gecko)Chrome/43.0.2357.134 Safari/537.36http://notifyninja.com/monitoring" "superior-dentistry.com"
17.142.159.177 - - [06/Aug/2016:02:53:09 -0700] "GET /images/logo1.jpg HTTP/1.1" 404 89 "-" "Mozilla/5.0 (Macintosh; Intel Mac OS X 10_10_1) AppleWebKit/600.2.5 (KHTML, like Gecko) Version/8.0.2 Safari/600.2.5 (Applebot/0.1; +http://www.apple.com/go/applebot)" "www.superior-dentistry.com"
17.142.159.177 - - [06/Aug/2016:02:53:09 -0700] "GET /images/logo1.jpg HTTP/1.1" 404 89 "-" "Mozilla/5.0 (iPhone; CPU iPhone OS 8_1 like Mac OS X) AppleWebKit/600.1.4 (KHTML, like Gecko) Version/8.0 Mobile/12B410 Safari/600.1.4 (Applebot/0.1; +http://www.apple.com/go/applebot)" "www.superior-dentistry.com"
17.142.159.177 - - [06/Aug/2016:02:53:09 -0700] "GET /images/logo1.jpg HTTP/1.1" 404 89 "-" "Mozilla/5.0 (iPhone; CPU iPhone OS 8_1 like Mac OS X) AppleWebKit/600.1.4 (KHTML, like Gecko) Version/8.0 Mobile/12B410 Safari/600.1.4 (Applebot/0.1; +http://www.apple.com/go/applebot)" "www.superior-dentistry.com"
17.142.159.177 - - [06/Aug/2016:02:53:09 -0700] "GET /images/logo1.jpg HTTP/1.1" 404 89 "-" "Mozilla/5.0 (iPhone; CPU iPhone OS 8_1 like Mac OS X) AppleWebKit/600.1.4 (KHTML, like Gecko) Version/8.0 Mobile/12B410 Safari/600.1.4 (Applebot/0.1; +http://www.apple.com/go/applebot)" "www.superior-dentistry.com"
157.55.39.25 - - [06/Aug/2016:03:01:28 -0700] "GET /js/bootstrap.min.js HTTP/1.1" 200 35601 "-" "Mozilla/5.0 (compatible; bingbot/2.0; +http://www.bing.com/bingbot.htm)" "www.superior-dentistry.com"
157.55.39.25 - - [06/Aug/2016:03:01:28 -0700] "GET /js/ie10-viewport-bug-workaround.js HTTP/1.1" 200 694 "-" "Mozilla/5.0 (compatible; bingbot/2.0; +http://www.bing.com/bingbot.htm)" "www.superior-dentistry.com"
207.46.13.125 - - [06/Aug/2016:03:02:33 -0700] "GET /js/docs.min.js HTTP/1.1" 200 43299 "-" "Mozilla/5.0 (compatible; bingbot/2.0; +http://www.bing.com/bingbot.htm)" "www.superior-dentistry.com"
198.16.7.150 - - [06/Aug/2016:03:12:03 -0700] "GET / HTTP/1.1" 200 38900 "-" "FreeWebMonitoring SiteChecker/0.2 (+http://www.freewebmonitoring.com/bot.html)" "www.superior-dentistry.com"
157.55.39.42 - - [06/Aug/2016:03:27:20 -0700] "GET /robots.txt HTTP/1.1" 200 49 "-" "Mozilla/5.0 (compatible; bingbot/2.0; +http://www.bing.com/bingbot.htm)" "www.superior-dentistry.com"
51.255.207.26 - - [06/Aug/2016:03:39:04 -0700] "GET /robots.txt HTTP/1.1" 200 49 "-" "Mozilla/5.0 (compatible; MJ12bot/v1.4.5; http://www.majestic12.co.uk/bot.php?+)" "www.superior-dentistry.com"
51.255.207.26 - - [06/Aug/2016:03:39:07 -0700] "GET /%E2%80%9Dhttp://www.nicedentist.com HTTP/1.1" 404 89 "-" "Mozilla/5.0 (compatible; MJ12bot/v1.4.5; http://www.majestic12.co.uk/bot.php?+)" "www.superior-dentistry.com"
220.181.108.101 - - [06/Aug/2016:03:46:28 -0700] "GET /favicon.ico HTTP/1.1" 200 688 "-" "Mozilla/5.0 (compatible; Baiduspider/2.0; +http://www.baidu.com/search/spider.html)" "superior-dentistry.com"
54.242.164.91 - - [06/Aug/2016:04:47:06 -0700] "GET / HTTP/1.1" 200 38900 "-" "Mozilla/5.0 (X11; Linux x86_64)AppleWebKit/537.36 (KHTML, like Gecko)Chrome/43.0.2357.134 Safari/537.36http://notifyninja.com/monitoring" "superior-dentistry.com"
157.55.39.42 - - [06/Aug/2016:04:47:11 -0700] "GET /robots.txt HTTP/1.1" 200 49 "-" "Mozilla/5.0 (compatible; bingbot/2.0; +http://www.bing.com/bingbot.htm)" "www.superior-dentistry.com"
180.76.15.17 - - [06/Aug/2016:04:53:23 -0700] "GET /js/jquery.beforeafter-1.4.min.js HTTP/1.1" 404 89 "-" "Mozilla/5.0 (compatible; Baiduspider/2.0; +http://www.baidu.com/search/spider.html)" "www.superior-dentistry.com"
77.75.78.167 - - [06/Aug/2016:05:25:16 -0700] "GET /Dental-Links.html HTTP/1.1" 200 27799 "-" "Mozilla/5.0 (compatible; SeznamBot/3.2; +http://napoveda.seznam.cz/en/seznambot-intro/)" "www.superior-dentistry.com"[0]
180.76.15.17 - - [06/Aug/2016:05:26:53 -0700] "GET /css/js-image-slider.css HTTP/1.1" 404 89 "-" "Mozilla/5.0 (compatible; Baiduspider/2.0; +http://www.baidu.com/search/spider.html)" "www.superior-dentistry.com"
54.242.164.91 - - [06/Aug/2016:05:48:42 -0700] "GET / HTTP/1.1" 200 38900 "-" "Mozilla/5.0 (X11; Linux x86_64)AppleWebKit/537.36 (KHTML, like Gecko)Chrome/43.0.2357.134 Safari/537.36http://notifyninja.com/monitoring" "superior-dentistry.com"
46.242.56.188 - - [06/Aug/2016:05:50:23 -0700] "POST /assets/modules/evogallery/js/uploadify/uploadify.php HTTP/1.1" 404 89 "-" "Mozilla/5.0 (Macintosh; Intel Mac OS X 10.10; rv:39.0) Gecko/20100101 Firefox/39.0" "superior-dentistry.com"
46.242.56.188 - - [06/Aug/2016:05:50:25 -0700] "POST /assets/modules/evogallery/js/uploadify/uploadify.php HTTP/1.1" 404 89 "http://superior-dentistry.com/assets/modules/evogallery/js/uploadify/uploadify.php" "Mozilla/5.0 (Macintosh; Intel Mac OS X 10.10; rv:39.0) Gecko/20100101 Firefox/39.0" "superior-dentistry.com"
46.242.56.188 - - [06/Aug/2016:05:50:27 -0700] "POST /assets/modules/evogallery/js/uploadify/uploadify.php HTTP/1.1" 404 89 "http://superior-dentistry.com/assets/modules/evogallery/js/uploadify/uploadify.php" "Mozilla/5.0 (Macintosh; Intel Mac OS X 10.10; rv:39.0) Gecko/20100101 Firefox/39.0" "superior-dentistry.com"
46.242.56.188 - - [06/Aug/2016:05:50:27 -0700] "GET /search.php HTTP/1.1" 200 73 "http://superior-dentistry.com/assets/modules/evogallery/js/uploadify/uploadify.php" "Mozilla/5.0 (Macintosh; Intel Mac OS X 10.10; rv:39.0) Gecko/20100101 Firefox/39.0" "superior-dentistry.com"
62.210.75.243 - - [06/Aug/2016:06:46:50 -0700] "GET /js/docs.min.js HTTP/1.1" 200 43299 "http://www.superior-dentistry.com/" "Mozilla/5.0 (X11; Linux x86_64) AppleWebKit/537.36 (KHTML, like Gecko) Chrome/28.0.1500.71 Safari/537.36" "www.superior-dentistry.com"
54.242.164.91 - - [06/Aug/2016:06:50:10 -0700] "GET / HTTP/1.1" 200 38900 "-" "Mozilla/5.0 (X11; Linux x86_64)AppleWebKit/537.36 (KHTML, like Gecko)Chrome/43.0.2357.134 Safari/537.36http://notifyninja.com/monitoring" "superior-dentistry.com"
198.16.7.150 - - [06/Aug/2016:07:15:59 -0700] "GET / HTTP/1.1" 200 38900 "-" "FreeWebMonitoring SiteChecker/0.2 (+http://www.freewebmonitoring.com/bot.html)" "www.superior-dentistry.com"
66.249.69.150 - - [06/Aug/2016:08:49:41 -0700] "GET /Bowie-Dentists/js/jquery-1.6.4.min.js HTTP/1.1" 404 89 "http://www.superior-dentistry.com/Bowie-Dentists/Preventive-Dentistry-Maryland.html" "Mozilla/5.0 (compatible; Googlebot/2.1; +http://www.google.com/bot.html)" "www.superior-dentistry.com"
66.249.69.144 - - [06/Aug/2016:08:49:41 -0700] "GET /Bowie-Dentists/js/jquery-1.9.1.min.js HTTP/1.1" 404 89 "http://www.superior-dentistry.com/Bowie-Dentists/Preventive-Dentistry-Maryland.html" "Mozilla/5.0 (compatible; Googlebot/2.1; +http://www.google.com/bot.html)" "www.superior-dentistry.com"
198.16.7.150 - - [06/Aug/2016:09:17:28 -0700] "GET / HTTP/1.1" 200 38900 "-" "FreeWebMonitoring SiteChecker/0.2 (+http://www.freewebmonitoring.com/bot.html)" "www.superior-dentistry.com"
54.242.164.91 - - [06/Aug/2016:09:54:12 -0700] "GET / HTTP/1.1" 200 38900 "-" "Mozilla/5.0 (X11; Linux x86_64)AppleWebKit/537.36 (KHTML, like Gecko)Chrome/43.0.2357.134 Safari/537.36http://notifyninja.com/monitoring" "superior-dentistry.com"
198.16.7.150 - - [06/Aug/2016:10:18:22 -0700] "GET / HTTP/1.1" 200 38900 "-" "FreeWebMonitoring SiteChecker/0.2 (+http://www.freewebmonitoring.com/bot.html)" "www.superior-dentistry.com"
77.75.78.165 - - [06/Aug/2016:10:38:25 -0700] "GET /robots.txt HTTP/1.1" 200 49 "-" "Mozilla/5.0 (compatible; SeznamBot/3.2; +http://napoveda.seznam.cz/en/seznambot-intro/)" "www.superior-dentistry.com"
134.249.53.72 - - [06/Aug/2016:10:46:32 -0700] "GET / HTTP/1.1" 200 38900 "http://zakon-ob-obrazovanii.ru/" "Mozilla/4.79 [en] (Windows NT 5.0; U)" "www.superior-dentistry.com"
134.249.53.72 - - [06/Aug/2016:10:46:32 -0700] "GET / HTTP/1.1" 200 38900 "http://xn--80aebbcbcdemfkhba4byaehoejh8dza3v.xn--p1ai/" "Mozilla/4.79 [en] (Windows NT 5.0; U)" "www.superior-dentistry.com"
134.249.53.72 - - [06/Aug/2016:10:46:32 -0700] "GET / HTTP/1.1" 200 38900 "http://xn--80aebbcbcdemfkhba4byaehoejh8dza3v.xn--p1ai/" "Mozilla/4.79 [en] (Windows NT 5.0; U)" "www.superior-dentistry.com"
65.36.241.48 - - [06/Aug/2016:11:11:26 -0700] "HEAD / HTTP/1.1" 200 0 "-" "InternetSeer.com" "www.superior-dentistry.com"
198.16.7.150 - - [06/Aug/2016:11:19:31 -0700] "GET / HTTP/1.1" 200 38900 "-" "FreeWebMonitoring SiteChecker/0.2 (+http://www.freewebmonitoring.com/bot.html)" "www.superior-dentistry.com"
54.242.164.91 - - [06/Aug/2016:11:56:48 -0700] "GET / HTTP/1.1" 200 38900 "-" "Mozilla/5.0 (X11; Linux x86_64)AppleWebKit/537.36 (KHTML, like Gecko)Chrome/43.0.2357.134 Safari/537.36http://notifyninja.com/monitoring" "superior-dentistry.com"
180.76.15.7 - - [06/Aug/2016:12:15:53 -0700] "GET /Dentist-Bowie-MD/fonts/fontawesome-webfont.woff HTTP/1.1" 200 71508 "-" "Mozilla/5.0 (compatible; Baiduspider/2.0; +http://www.baidu.com/search/spider.html)" "www.superior-dentistry.com"
198.16.7.150 - - [06/Aug/2016:12:20:35 -0700] "GET / HTTP/1.1" 200 38900 "-" "FreeWebMonitoring SiteChecker/0.2 (+http://www.freewebmonitoring.com/bot.html)" "www.superior-dentistry.com"
109.76.63.242 - - [06/Aug/2016:12:33:43 -0700] "GET /img/night-guard.jpg HTTP/1.1" 200 106940 "https://www.google.ie/" "Mozilla/5.0 (Linux; Android 5.1.1; SM-G361F Build/LMY48B) AppleWebKit/537.36 (KHTML, like Gecko) Chrome/51.0.2704.81 Mobile Safari/537.36" "www.superior-dentistry.com"
157.55.39.25 - - [06/Aug/2016:12:50:56 -0700] "GET /robots.txt HTTP/1.1" 200 49 "-" "Mozilla/5.0 (compatible; bingbot/2.0; +http://www.bing.com/bingbot.htm)" "www.superior-dentistry.com"
52.87.154.150 - - [06/Aug/2016:13:05:18 -0700] "GET / HTTP/1.1" 200 38900 "-" "Sideqik +http://www.sideqik.com" "www.superior-dentistry.com"
52.87.154.150 - - [06/Aug/2016:13:05:35 -0700] "GET / HTTP/1.1" 200 38900 "-" "Sideqik +http://www.sideqik.com" "www.superior-dentistry.com"
52.87.154.150 - - [06/Aug/2016:13:05:35 -0700] "GET / HTTP/1.1" 200 38900 "-" "Sideqik +http://www.sideqik.com" "www.superior-dentistry.com"
198.16.7.150 - - [06/Aug/2016:13:22:05 -0700] "GET / HTTP/1.1" 200 38900 "-" "FreeWebMonitoring SiteChecker/0.2 (+http://www.freewebmonitoring.com/bot.html)" "www.superior-dentistry.com"
123.125.71.95 - - [06/Aug/2016:13:47:09 -0700] "GET / HTTP/1.1" 200 38900 "-" "Mozilla/5.0 (compatible; Baiduspider/2.0; +http://www.baidu.com/search/spider.html)" "superior-dentistry.com"
180.76.15.153 - - [06/Aug/2016:13:52:46 -0700] "GET /css/font-awesome.css HTTP/1.1" 200 28747 "-" "Mozilla/5.0 (compatible; Baiduspider/2.0; +http://www.baidu.com/search/spider.html)" "superior-dentistry.com"
54.242.164.91 - - [06/Aug/2016:13:58:41 -0700] "GET / HTTP/1.1" 200 38900 "-" "Mozilla/5.0 (X11; Linux x86_64)AppleWebKit/537.36 (KHTML, like Gecko)Chrome/43.0.2357.134 Safari/537.36http://notifyninja.com/monitoring" "superior-dentistry.com"
157.55.39.25 - - [06/Aug/2016:14:41:40 -0700] "GET / HTTP/1.1" 200 38900 "-" "Mozilla/5.0 (compatible; bingbot/2.0; +http://www.bing.com/bingbot.htm)" "www.superior-dentistry.com"
199.30.24.219 - - [06/Aug/2016:14:41:41 -0700] "GET /css/bootstrap-theme.css HTTP/1.1" 200 19156 "http://www.superior-dentistry.com/" "Mozilla/5.0 (Windows NT 6.1; WOW64) AppleWebKit/534+ (KHTML, like Gecko) BingPreview/1.0b" "www.superior-dentistry.com"[0]
199.30.24.219 - - [06/Aug/2016:14:41:41 -0700] "GET /js/ie-emulation-modes-warning.js HTTP/1.1" 200 2132 "http://www.superior-dentistry.com/" "Mozilla/5.0 (Windows NT 6.1; WOW64) AppleWebKit/534+ (KHTML, like Gecko) BingPreview/1.0b" "www.superior-dentistry.com"
199.30.24.219 - - [06/Aug/2016:14:41:44 -0700] "GET /fonts/fontawesome-webfont.ttf?v=4.3.0 HTTP/1.1" 200 122092 "http://www.superior-dentistry.com/" "Mozilla/5.0 (Windows NT 6.1; WOW64) AppleWebKit/534+ (KHTML, like Gecko) BingPreview/1.0b" "www.superior-dentistry.com"
199.30.24.219 - - [06/Aug/2016:14:41:44 -0700] "GET /img/jaw-surgery.jpg HTTP/1.1" 200 27058 "http://www.superior-dentistry.com/" "Mozilla/5.0 (Windows NT 6.1; WOW64) AppleWebKit/534+ (KHTML, like Gecko) BingPreview/1.0b" "www.superior-dentistry.com"
199.30.24.219 - - [06/Aug/2016:14:41:45 -0700] "GET /img/oral-pathology.jpg HTTP/1.1" 200 33395 "http://www.superior-dentistry.com/" "Mozilla/5.0 (Windows NT 6.1; WOW64) AppleWebKit/534+ (KHTML, like Gecko) BingPreview/1.0b" "www.superior-dentistry.com"
199.30.24.219 - - [06/Aug/2016:14:41:45 -0700] "GET /img/slider1.jpg HTTP/1.1" 200 268888 "http://www.superior-dentistry.com/" "Mozilla/5.0 (Windows NT 6.1; WOW64) AppleWebKit/534+ (KHTML, like Gecko) BingPreview/1.0b" "www.superior-dentistry.com"
199.30.24.219 - - [06/Aug/2016:14:41:46 -0700] "GET /img/patients-choice-winner-2015.png HTTP/1.1" 200 9818 "http://www.superior-dentistry.com/" "Mozilla/5.0 (Windows NT 6.1; WOW64) AppleWebKit/534+ (KHTML, like Gecko) BingPreview/1.0b" "www.superior-dentistry.com"
40.77.167.53 - - [06/Aug/2016:14:43:16 -0700] "GET /robots.txt HTTP/1.1" 200 49 "-" "Mozilla/5.0 (compatible; bingbot/2.0; +http://www.bing.com/bingbot.htm)" "www.superior-dentistry.com"
180.76.15.21 - - [06/Aug/2016:15:07:01 -0700] "GET /?publisher=localcom_rbl&placement=octane360 HTTP/1.1" 304 - "-" "Mozilla/5.0 (compatible; Baiduspider/2.0; +http://www.baidu.com/search/spider.html)" "www.superior-dentistry.com"
198.16.7.150 - - [06/Aug/2016:15:23:46 -0700] "GET / HTTP/1.1" 200 38900 "-" "FreeWebMonitoring SiteChecker/0.2 (+http://www.freewebmonitoring.com/bot.html)" "www.superior-dentistry.com"
