198.16.7.150 - - [03/Sep/2016:18:06:05 -0700] "GET / HTTP/1.1" 200 38900 "-" "FreeWebMonitoring SiteChecker/0.2 (+http://www.freewebmonitoring.com/bot.html)" "www.superior-dentistry.com"
40.77.167.10 - - [03/Sep/2016:18:26:09 -0700] "GET /robots.txt HTTP/1.1" 200 49 "-" "Mozilla/5.0 (compatible; bingbot/2.0; +http://www.bing.com/bingbot.htm)" "www.superior-dentistry.com"
98.204.100.75 - - [03/Sep/2016:19:06:00 -0700] "GET /img/Dr-Melika.jpg HTTP/1.1" 200 28557 "https://www.google.com/" "Mozilla/5.0 (iPhone; CPU iPhone OS 9_3_5 like Mac OS X) AppleWebKit/601.1.46 (KHTML, like Gecko) Version/9.0 Mobile/13G36 Safari/601.1" "www.superior-dentistry.com"
198.16.7.150 - - [03/Sep/2016:19:07:35 -0700] "GET / HTTP/1.1" 200 38900 "-" "FreeWebMonitoring SiteChecker/0.2 (+http://www.freewebmonitoring.com/bot.html)" "www.superior-dentistry.com"
52.37.9.90 - - [03/Sep/2016:19:49:24 -0700] "GET /robots.txt HTTP/1.1" 200 49 "-" "Searchie Bot/1.0 (a Storm-based crawler; https://www.searchie.org; admin@searchie.org)" "www.superior-dentistry.com"[0]
52.37.9.90 - - [03/Sep/2016:19:49:24 -0700] "GET / HTTP/1.1" 200 38900 "-" "Searchie Bot/1.0 (a Storm-based crawler; https://www.searchie.org; admin@searchie.org)" "www.superior-dentistry.com"
207.46.13.142 - - [03/Sep/2016:20:22:04 -0700] "GET /robots.txt HTTP/1.1" 200 49 "-" "Mozilla/5.0 (compatible; bingbot/2.0; +http://www.bing.com/bingbot.htm)" "superior-dentistry.com"
109.230.211.156 - - [03/Sep/2016:20:41:53 -0700] "GET /Patient-Before-After-Gallery.html HTTP/1.1" 200 23825 "-" "Mozilla/5.0 (Windows NT 10.0; Win64; x64) AppleWebKit/537.36 (KHTML, like Gecko) Chrome/43.0.2351.3 Safari/537.36 Edge/12.0" "www.superior-dentistry.com"
109.230.214.84 - - [03/Sep/2016:20:47:54 -0700] "GET /special-offers.html HTTP/1.1" 200 23685 "-" "Mozilla/5.0 (Windows NT 10.0; Win64; x64) AppleWebKit/537.36 (KHTML, like Gecko) Chrome/43.0.2351.3 Safari/537.36 Edge/12.0" "www.superior-dentistry.com"
65.36.241.48 - - [03/Sep/2016:20:52:09 -0700] "HEAD / HTTP/1.1" 200 0 "-" "InternetSeer.com" "www.superior-dentistry.com"
45.79.71.122 - - [03/Sep/2016:21:28:13 -0700] "HEAD / HTTP/1.1" 200 0 "http://uptime.com/superior-dentistry.com" "Mozilla/5.0 (compatible; Uptimebot/1.0; +http://www.uptime.com/uptimebot)" "superior-dentistry.com"
159.203.124.118 - - [03/Sep/2016:21:35:37 -0700] "GET / HTTP/1.1" 200 38900 "-" "-" "www.superior-dentistry.com"
100.43.90.8 - - [03/Sep/2016:21:40:22 -0700] "GET /robots.txt HTTP/1.1" 200 49 "-" "Mozilla/5.0 (compatible; YandexBot/3.0; +http://yandex.com/bots)" "www.superior-dentistry.com"
100.43.90.11 - - [03/Sep/2016:21:44:19 -0700] "GET /Dentist-Bowie-MD/Dental-Implants-Maryland-MD HTTP/1.1" 200 32074 "-" "Mozilla/5.0 (compatible; YandexBot/3.0; +http://yandex.com/bots)" "www.superior-dentistry.com"
100.43.90.12 - - [03/Sep/2016:21:50:19 -0700] "GET / HTTP/1.1" 200 38900 "-" "Mozilla/5.0 (compatible; YandexBot/3.0; +http://yandex.com/bots)" "www.superior-dentistry.com"
100.43.90.8 - - [03/Sep/2016:21:50:23 -0700] "GET /index.html HTTP/1.1" 200 38900 "-" "Mozilla/5.0 (compatible; YandexBot/3.0; +http://yandex.com/bots)" "www.superior-dentistry.com"
176.9.127.50 - - [03/Sep/2016:21:58:21 -0700] "GET / HTTP/1.1" 200 38900 "http://www.timer4web.com/domain/superior-dentistry.com" "Mozilla/5.0 (Windows NT 6.1; WOW64; rv:30.0) Gecko/20100101 Firefox/30.0" "superior-dentistry.com"
176.9.127.50 - - [03/Sep/2016:21:58:22 -0700] "GET /css/bootstrap.css HTTP/1.1" 200 138415 "http://superior-dentistry.com/" "Mozilla/5.0 (Windows NT 6.1; WOW64; rv:30.0) Gecko/20100101 Firefox/30.0" "superior-dentistry.com"
176.9.127.50 - - [03/Sep/2016:21:58:22 -0700] "GET /js/docs.min.js HTTP/1.1" 200 43299 "http://superior-dentistry.com/" "Mozilla/5.0 (Windows NT 6.1; WOW64; rv:30.0) Gecko/20100101 Firefox/30.0" "superior-dentistry.com"
176.9.127.50 - - [03/Sep/2016:21:58:22 -0700] "GET /js/ie10-viewport-bug-workaround.js HTTP/1.1" 200 694 "http://superior-dentistry.com/" "Mozilla/5.0 (Windows NT 6.1; WOW64; rv:30.0) Gecko/20100101 Firefox/30.0" "superior-dentistry.com"
176.9.127.50 - - [03/Sep/2016:21:58:26 -0700] "GET /img/dental-implants.jpg HTTP/1.1" 200 22844 "http://superior-dentistry.com/" "Mozilla/5.0 (Windows NT 6.1; WOW64; rv:30.0) Gecko/20100101 Firefox/30.0" "superior-dentistry.com"
176.9.127.50 - - [03/Sep/2016:21:58:26 -0700] "GET /img/wisdom-teeth-extraction.jpg HTTP/1.1" 200 23758 "http://superior-dentistry.com/" "Mozilla/5.0 (Windows NT 6.1; WOW64; rv:30.0) Gecko/20100101 Firefox/30.0" "superior-dentistry.com"
176.9.127.50 - - [03/Sep/2016:21:58:26 -0700] "GET /img/zocdoc-apt.jpg HTTP/1.1" 200 79396 "http://superior-dentistry.com/" "Mozilla/5.0 (Windows NT 6.1; WOW64; rv:30.0) Gecko/20100101 Firefox/30.0" "www.superior-dentistry.com"
176.9.127.50 - - [03/Sep/2016:21:58:26 -0700] "GET /img/meetdr-ali.jpg HTTP/1.1" 200 60533 "http://superior-dentistry.com/" "Mozilla/5.0 (Windows NT 6.1; WOW64; rv:30.0) Gecko/20100101 Firefox/30.0" "superior-dentistry.com"
176.9.127.50 - - [03/Sep/2016:21:58:26 -0700] "GET /img/meetdr-melika.jpg HTTP/1.1" 200 75968 "http://superior-dentistry.com/" "Mozilla/5.0 (Windows NT 6.1; WOW64; rv:30.0) Gecko/20100101 Firefox/30.0" "superior-dentistry.com"
176.9.127.50 - - [03/Sep/2016:21:58:27 -0700] "GET /img/offer-31-05-2014-whitening.jpg HTTP/1.1" 200 15686 "http://superior-dentistry.com/" "Mozilla/5.0 (Windows NT 6.1; WOW64; rv:30.0) Gecko/20100101 Firefox/30.0" "superior-dentistry.com"
198.16.7.150 - - [03/Sep/2016:22:11:59 -0700] "GET / HTTP/1.1" 200 38900 "-" "FreeWebMonitoring SiteChecker/0.2 (+http://www.freewebmonitoring.com/bot.html)" "www.superior-dentistry.com"
162.210.196.130 - - [03/Sep/2016:22:16:08 -0700] "GET /firstvisit.html HTTP/1.1" 200 24044 "-" "Mozilla/5.0 (compatible; MJ12bot/v1.4.5; http://www.majestic12.co.uk/bot.php?+)" "superior-dentistry.com"
144.76.8.132 - - [03/Sep/2016:22:19:51 -0700] "GET /robots.txt HTTP/1.1" 200 49 "-" "Mozilla/5.0 (compatible; MJ12bot/v1.4.5; http://www.majestic12.co.uk/bot.php?+)" "www.superior-dentistry.com"
144.76.8.132 - - [03/Sep/2016:22:19:52 -0700] "GET /Bowie-Dentists/testimonials.html HTTP/1.1" 404 89 "-" "Mozilla/5.0 (compatible; MJ12bot/v1.4.5; http://www.majestic12.co.uk/bot.php?+)" "www.superior-dentistry.com"
144.76.8.132 - - [03/Sep/2016:22:19:54 -0700] "GET /Bowie-Dentists/www.superior-dentistry.com HTTP/1.1" 404 89 "-" "Mozilla/5.0 (compatible; MJ12bot/v1.4.5; http://www.majestic12.co.uk/bot.php?+)" "www.superior-dentistry.com"
220.181.108.105 - - [03/Sep/2016:22:38:12 -0700] "GET /Dental-Sites-We-Like.html HTTP/1.1" 200 41846 "-" "Mozilla/5.0 (compatible; Baiduspider/2.0; +http://www.baidu.com/search/spider.html)" "www.superior-dentistry.com"
198.16.7.150 - - [03/Sep/2016:23:12:59 -0700] "GET / HTTP/1.1" 200 38900 "-" "FreeWebMonitoring SiteChecker/0.2 (+http://www.freewebmonitoring.com/bot.html)" "www.superior-dentistry.com"
180.253.46.105 - - [04/Sep/2016:00:12:27 -0700] "GET /css/bootstrap.css HTTP/1.1" 200 138415 "http://www.superior-dentistry.com/Dental-Sites-We-Like.html" "Mozilla/4.0 (compatible; MSIE 7.0; Windows NT 6.1; Trident/7.0; SLCC2; .NET CLR 2.0.50727; .NET CLR 3.5.30729; .NET CLR 3.0.30729; Media Center PC 6.0; InfoPath.2; .NET4.0C; .NET4.0E; Tablet PC 2.0)" "www.superior-dentistry.com"
180.253.46.105 - - [04/Sep/2016:00:12:28 -0700] "GET /css/bootstrap-theme.css HTTP/1.1" 200 19156 "http://www.superior-dentistry.com/Dental-Sites-We-Like.html" "Mozilla/4.0 (compatible; MSIE 7.0; Windows NT 6.1; Trident/7.0; SLCC2; .NET CLR 2.0.50727; .NET CLR 3.5.30729; .NET CLR 3.0.30729; Media Center PC 6.0; InfoPath.2; .NET4.0C; .NET4.0E; Tablet PC 2.0)" "www.superior-dentistry.com"
180.253.46.105 - - [04/Sep/2016:00:12:28 -0700] "GET /css/font-awesome.css HTTP/1.1" 200 28747 "http://www.superior-dentistry.com/Dental-Sites-We-Like.html" "Mozilla/4.0 (compatible; MSIE 7.0; Windows NT 6.1; Trident/7.0; SLCC2; .NET CLR 2.0.50727; .NET CLR 3.5.30729; .NET CLR 3.0.30729; Media Center PC 6.0; InfoPath.2; .NET4.0C; .NET4.0E; Tablet PC 2.0)" "www.superior-dentistry.com"
180.253.46.105 - - [04/Sep/2016:00:12:28 -0700] "GET /theme.css HTTP/1.1" 200 1926 "http://www.superior-dentistry.com/Dental-Sites-We-Like.html" "Mozilla/4.0 (compatible; MSIE 7.0; Windows NT 6.1; Trident/7.0; SLCC2; .NET CLR 2.0.50727; .NET CLR 3.5.30729; .NET CLR 3.0.30729; Media Center PC 6.0; InfoPath.2; .NET4.0C; .NET4.0E; Tablet PC 2.0)" "www.superior-dentistry.com"
180.253.46.105 - - [04/Sep/2016:00:12:28 -0700] "GET /js/ie-emulation-modes-warning.js HTTP/1.1" 200 2132 "http://www.superior-dentistry.com/Dental-Sites-We-Like.html" "Mozilla/4.0 (compatible; MSIE 7.0; Windows NT 6.1; Trident/7.0; SLCC2; .NET CLR 2.0.50727; .NET CLR 3.5.30729; .NET CLR 3.0.30729; Media Center PC 6.0; InfoPath.2; .NET4.0C; .NET4.0E; Tablet PC 2.0)" "www.superior-dentistry.com"
180.253.46.105 - - [04/Sep/2016:00:12:28 -0700] "GET /img/logo.jpg HTTP/1.1" 200 139628 "http://www.superior-dentistry.com/Dental-Sites-We-Like.html" "Mozilla/4.0 (compatible; MSIE 7.0; Windows NT 6.1; Trident/7.0; SLCC2; .NET CLR 2.0.50727; .NET CLR 3.5.30729; .NET CLR 3.0.30729; Media Center PC 6.0; InfoPath.2; .NET4.0C; .NET4.0E; Tablet PC 2.0)" "www.superior-dentistry.com"
180.253.46.105 - - [04/Sep/2016:00:12:28 -0700] "GET /img/doctor-achievement.jpg HTTP/1.1" 200 200838 "http://www.superior-dentistry.com/Dental-Sites-We-Like.html" "Mozilla/4.0 (compatible; MSIE 7.0; Windows NT 6.1; Trident/7.0; SLCC2; .NET CLR 2.0.50727; .NET CLR 3.5.30729; .NET CLR 3.0.30729; Media Center PC 6.0; InfoPath.2; .NET4.0C; .NET4.0E; Tablet PC 2.0)" "www.superior-dentistry.com"
180.253.46.105 - - [04/Sep/2016:00:12:46 -0700] "GET /js/ie10-viewport-bug-workaround.js HTTP/1.1" 200 694 "http://www.superior-dentistry.com/Dental-Sites-We-Like.html" "Mozilla/4.0 (compatible; MSIE 7.0; Windows NT 6.1; Trident/7.0; SLCC2; .NET CLR 2.0.50727; .NET CLR 3.5.30729; .NET CLR 3.0.30729; Media Center PC 6.0; InfoPath.2; .NET4.0C; .NET4.0E; Tablet PC 2.0)" "www.superior-dentistry.com"
199.58.86.209 - - [04/Sep/2016:00:40:29 -0700] "GET /robots.txt HTTP/1.1" 200 49 "-" "Mozilla/5.0 (compatible; MJ12bot/v1.4.5; http://www.majestic12.co.uk/bot.php?+)" "superior-dentistry.com"
199.58.86.209 - - [04/Sep/2016:00:40:30 -0700] "GET /contact-us.html HTTP/1.1" 200 23728 "-" "Mozilla/5.0 (compatible; MJ12bot/v1.4.5; http://www.majestic12.co.uk/bot.php?+)" "superior-dentistry.com"
199.58.86.209 - - [04/Sep/2016:00:40:32 -0700] "GET /%E2%80%9Dhttp://www.nicedentist.com HTTP/1.1" 404 89 "-" "Mozilla/5.0 (compatible; MJ12bot/v1.4.5; http://www.majestic12.co.uk/bot.php?+)" "superior-dentistry.com"[0]
199.58.86.209 - - [04/Sep/2016:00:40:32 -0700] "GET /robots.txt HTTP/1.1" 200 49 "-" "Mozilla/5.0 (compatible; MJ12bot/v1.4.5; http://www.majestic12.co.uk/bot.php?+)" "www.superior-dentistry.com"
199.58.86.209 - - [04/Sep/2016:00:40:34 -0700] "GET /Dental-LinkExchange.html HTTP/1.1" 200 24959 "-" "Mozilla/5.0 (compatible; MJ12bot/v1.4.5; http://www.majestic12.co.uk/bot.php?+)" "www.superior-dentistry.com"
199.58.86.209 - - [04/Sep/2016:00:40:35 -0700] "GET /Dentist-Bowie-MD/Periodontal-Services-Maryland-MD.html HTTP/1.1" 200 25411 "-" "Mozilla/5.0 (compatible; MJ12bot/v1.4.5; http://www.majestic12.co.uk/bot.php?+)" "www.superior-dentistry.com"
199.58.86.209 - - [04/Sep/2016:00:40:37 -0700] "GET /Patient-Before-After-Gallery.html HTTP/1.1" 200 23825 "-" "Mozilla/5.0 (compatible; MJ12bot/v1.4.5; http://www.majestic12.co.uk/bot.php?+)" "www.superior-dentistry.com"[0]
198.16.7.150 - - [04/Sep/2016:01:14:31 -0700] "GET / HTTP/1.1" 200 38900 "-" "FreeWebMonitoring SiteChecker/0.2 (+http://www.freewebmonitoring.com/bot.html)" "www.superior-dentistry.com"
198.16.7.150 - - [04/Sep/2016:02:15:39 -0700] "GET / HTTP/1.1" 200 38900 "-" "FreeWebMonitoring SiteChecker/0.2 (+http://www.freewebmonitoring.com/bot.html)" "www.superior-dentistry.com"
178.137.17.180 - - [04/Sep/2016:02:26:33 -0700] "GET / HTTP/1.1" 200 38900 "http://freshwallpapers.info/" "Mozilla/3.0 (x86 [en] Windows NT 5.1; Sun)" "www.superior-dentistry.com"
178.137.17.180 - - [04/Sep/2016:02:26:34 -0700] "GET / HTTP/1.1" 200 38900 "http://freshwallpapers.info/" "Mozilla/3.0 (x86 [en] Windows NT 5.1; Sun)" "www.superior-dentistry.com"
207.46.13.142 - - [04/Sep/2016:02:36:13 -0700] "GET /robots.txt HTTP/1.1" 200 49 "-" "Mozilla/5.0 (compatible; bingbot/2.0; +http://www.bing.com/bingbot.htm)" "www.superior-dentistry.com"
198.16.7.150 - - [04/Sep/2016:03:16:28 -0700] "GET / HTTP/1.1" 200 38900 "-" "FreeWebMonitoring SiteChecker/0.2 (+http://www.freewebmonitoring.com/bot.html)" "www.superior-dentistry.com"
17.142.159.177 - - [04/Sep/2016:03:18:57 -0700] "GET /images/logo1.jpg HTTP/1.1" 404 89 "-" "Mozilla/5.0 (Macintosh; Intel Mac OS X 10_10_1) AppleWebKit/600.2.5 (KHTML, like Gecko) Version/8.0.2 Safari/600.2.5 (Applebot/0.1; +http://www.apple.com/go/applebot)" "www.superior-dentistry.com"
17.142.159.177 - - [04/Sep/2016:03:18:57 -0700] "GET /images/logo1.jpg HTTP/1.1" 404 89 "-" "Mozilla/5.0 (iPhone; CPU iPhone OS 8_1 like Mac OS X) AppleWebKit/600.1.4 (KHTML, like Gecko) Version/8.0 Mobile/12B410 Safari/600.1.4 (Applebot/0.1; +http://www.apple.com/go/applebot)" "www.superior-dentistry.com"
17.142.159.177 - - [04/Sep/2016:03:18:57 -0700] "GET /images/logo1.jpg HTTP/1.1" 404 89 "-" "Mozilla/5.0 (iPhone; CPU iPhone OS 8_1 like Mac OS X) AppleWebKit/600.1.4 (KHTML, like Gecko) Version/8.0 Mobile/12B410 Safari/600.1.4 (Applebot/0.1; +http://www.apple.com/go/applebot)" "www.superior-dentistry.com"
17.142.159.177 - - [04/Sep/2016:03:18:59 -0700] "GET /images/logo1.jpg HTTP/1.1" 404 89 "-" "Mozilla/5.0 (Macintosh; Intel Mac OS X 10_10_1) AppleWebKit/600.2.5 (KHTML, like Gecko) Version/8.0.2 Safari/600.2.5 (Applebot/0.1; +http://www.apple.com/go/applebot)" "www.superior-dentistry.com"
17.142.159.177 - - [04/Sep/2016:03:19:02 -0700] "GET /images/logo1.jpg HTTP/1.1" 404 89 "-" "Mozilla/5.0 (Macintosh; Intel Mac OS X 10_10_1) AppleWebKit/600.2.5 (KHTML, like Gecko) Version/8.0.2 Safari/600.2.5 (Applebot/0.1; +http://www.apple.com/go/applebot)" "www.superior-dentistry.com"
17.142.159.177 - - [04/Sep/2016:03:19:04 -0700] "GET /images/logo1.jpg HTTP/1.1" 404 89 "-" "Mozilla/5.0 (Macintosh; Intel Mac OS X 10_10_1) AppleWebKit/600.2.5 (KHTML, like Gecko) Version/8.0.2 Safari/600.2.5 (Applebot/0.1; +http://www.apple.com/go/applebot)" "www.superior-dentistry.com"
17.142.159.177 - - [04/Sep/2016:03:19:04 -0700] "GET /images/logo1.jpg HTTP/1.1" 404 89 "-" "Mozilla/5.0 (Macintosh; Intel Mac OS X 10_10_1) AppleWebKit/600.2.5 (KHTML, like Gecko) Version/8.0.2 Safari/600.2.5 (Applebot/0.1; +http://www.apple.com/go/applebot)" "www.superior-dentistry.com"
17.142.159.177 - - [04/Sep/2016:03:19:04 -0700] "GET /images/logo1.jpg HTTP/1.1" 404 89 "-" "Mozilla/5.0 (iPhone; CPU iPhone OS 8_1 like Mac OS X) AppleWebKit/600.1.4 (KHTML, like Gecko) Version/8.0 Mobile/12B410 Safari/600.1.4 (Applebot/0.1; +http://www.apple.com/go/applebot)" "www.superior-dentistry.com"
17.142.159.177 - - [04/Sep/2016:03:19:04 -0700] "GET /images/logo1.jpg HTTP/1.1" 404 89 "-" "Mozilla/5.0 (iPhone; CPU iPhone OS 8_1 like Mac OS X) AppleWebKit/600.1.4 (KHTML, like Gecko) Version/8.0 Mobile/12B410 Safari/600.1.4 (Applebot/0.1; +http://www.apple.com/go/applebot)" "www.superior-dentistry.com"
17.142.159.177 - - [04/Sep/2016:03:19:08 -0700] "GET /images/logo1.jpg HTTP/1.1" 404 89 "-" "Mozilla/5.0 (iPhone; CPU iPhone OS 8_1 like Mac OS X) AppleWebKit/600.1.4 (KHTML, like Gecko) Version/8.0 Mobile/12B410 Safari/600.1.4 (Applebot/0.1; +http://www.apple.com/go/applebot)" "www.superior-dentistry.com"
17.142.159.177 - - [04/Sep/2016:03:19:09 -0700] "GET /images/logo1.jpg HTTP/1.1" 404 89 "-" "Mozilla/5.0 (Macintosh; Intel Mac OS X 10_10_1) AppleWebKit/600.2.5 (KHTML, like Gecko) Version/8.0.2 Safari/600.2.5 (Applebot/0.1; +http://www.apple.com/go/applebot)" "www.superior-dentistry.com"
17.142.159.177 - - [04/Sep/2016:03:19:09 -0700] "GET /images/logo1.jpg HTTP/1.1" 404 89 "-" "Mozilla/5.0 (iPhone; CPU iPhone OS 8_1 like Mac OS X) AppleWebKit/600.1.4 (KHTML, like Gecko) Version/8.0 Mobile/12B410 Safari/600.1.4 (Applebot/0.1; +http://www.apple.com/go/applebot)" "www.superior-dentistry.com"
17.142.159.177 - - [04/Sep/2016:03:19:09 -0700] "GET /images/logo1.jpg HTTP/1.1" 404 89 "-" "Mozilla/5.0 (Macintosh; Intel Mac OS X 10_10_1) AppleWebKit/600.2.5 (KHTML, like Gecko) Version/8.0.2 Safari/600.2.5 (Applebot/0.1; +http://www.apple.com/go/applebot)" "www.superior-dentistry.com"
207.46.13.142 - - [04/Sep/2016:04:01:42 -0700] "GET /Dentist-Bowie-MD/js/ HTTP/1.1" 200 1319 "-" "Mozilla/5.0 (compatible; bingbot/2.0; +http://www.bing.com/bingbot.htm)" "superior-dentistry.com"
45.79.103.178 - - [04/Sep/2016:04:50:44 -0700] "GET /robots.txt HTTP/1.1" 200 49 "http://uptime.com/superior-dentistry.com" "Mozilla/5.0 (compatible; Uptimebot/1.0; +http://www.uptime.com/uptimebot)" "superior-dentistry.com"
45.79.103.178 - - [04/Sep/2016:04:50:44 -0700] "HEAD / HTTP/1.1" 200 0 "http://uptime.com/superior-dentistry.com" "Mozilla/5.0 (compatible; Uptimebot/1.0; +http://www.uptime.com/uptimebot)" "superior-dentistry.com"
45.79.95.64 - - [04/Sep/2016:05:15:35 -0700] "GET /robots.txt HTTP/1.1" 200 49 "http://uptime.com/superior-dentistry.com" "Mozilla/5.0 (compatible; Uptimebot/1.0; +http://www.uptime.com/uptimebot)" "superior-dentistry.com"
45.79.95.64 - - [04/Sep/2016:05:15:35 -0700] "HEAD / HTTP/1.1" 200 0 "http://uptime.com/superior-dentistry.com" "Mozilla/5.0 (compatible; Uptimebot/1.0; +http://www.uptime.com/uptimebot)" "superior-dentistry.com"
141.8.143.182 - - [04/Sep/2016:05:41:11 -0700] "GET /Dentists-Bowie-MD.html HTTP/1.1" 200 27344 "-" "Mozilla/5.0 (compatible; YandexBot/3.0; +http://yandex.com/bots)" "www.superior-dentistry.com"
73.132.60.225 - - [04/Sep/2016:06:05:41 -0700] "GET /img/wisdom-teeth-extraction.jpg HTTP/1.1" 200 23758 "http://www.superior-dentistry.com/" "Mozilla/5.0 (iPhone; CPU iPhone OS 9_3_5 like Mac OS X) AppleWebKit/601.1.46 (KHTML, like Gecko) Version/9.0 Mobile/13G36 Safari/601.1" "www.superior-dentistry.com"
73.132.60.225 - - [04/Sep/2016:06:05:41 -0700] "GET /theme.css HTTP/1.1" 200 1926 "http://www.superior-dentistry.com/" "Mozilla/5.0 (iPhone; CPU iPhone OS 9_3_5 like Mac OS X) AppleWebKit/601.1.46 (KHTML, like Gecko) Version/9.0 Mobile/13G36 Safari/601.1" "www.superior-dentistry.com"
73.132.60.225 - - [04/Sep/2016:06:05:41 -0700] "GET /css/bootstrap-theme.css HTTP/1.1" 200 19156 "http://www.superior-dentistry.com/" "Mozilla/5.0 (iPhone; CPU iPhone OS 9_3_5 like Mac OS X) AppleWebKit/601.1.46 (KHTML, like Gecko) Version/9.0 Mobile/13G36 Safari/601.1" "www.superior-dentistry.com"
73.132.60.225 - - [04/Sep/2016:06:05:41 -0700] "GET /img/oral-pathology.jpg HTTP/1.1" 200 33395 "http://www.superior-dentistry.com/" "Mozilla/5.0 (iPhone; CPU iPhone OS 9_3_5 like Mac OS X) AppleWebKit/601.1.46 (KHTML, like Gecko) Version/9.0 Mobile/13G36 Safari/601.1" "www.superior-dentistry.com"
73.132.60.225 - - [04/Sep/2016:06:05:41 -0700] "GET /js/bootstrap.min.js HTTP/1.1" 200 35601 "http://www.superior-dentistry.com/" "Mozilla/5.0 (iPhone; CPU iPhone OS 9_3_5 like Mac OS X) AppleWebKit/601.1.46 (KHTML, like Gecko) Version/9.0 Mobile/13G36 Safari/601.1" "www.superior-dentistry.com"
73.132.60.225 - - [04/Sep/2016:06:05:41 -0700] "GET /img/meetdr-ali.jpg HTTP/1.1" 200 60533 "http://www.superior-dentistry.com/" "Mozilla/5.0 (iPhone; CPU iPhone OS 9_3_5 like Mac OS X) AppleWebKit/601.1.46 (KHTML, like Gecko) Version/9.0 Mobile/13G36 Safari/601.1" "www.superior-dentistry.com"
73.132.60.225 - - [04/Sep/2016:06:05:41 -0700] "GET /img/jaw-surgery.jpg HTTP/1.1" 200 27058 "http://www.superior-dentistry.com/" "Mozilla/5.0 (iPhone; CPU iPhone OS 9_3_5 like Mac OS X) AppleWebKit/601.1.46 (KHTML, like Gecko) Version/9.0 Mobile/13G36 Safari/601.1" "www.superior-dentistry.com"
73.132.60.225 - - [04/Sep/2016:06:05:41 -0700] "GET /img/tmj-trauma.jpg HTTP/1.1" 200 22488 "http://www.superior-dentistry.com/" "Mozilla/5.0 (iPhone; CPU iPhone OS 9_3_5 like Mac OS X) AppleWebKit/601.1.46 (KHTML, like Gecko) Version/9.0 Mobile/13G36 Safari/601.1" "www.superior-dentistry.com"
73.132.60.225 - - [04/Sep/2016:06:05:41 -0700] "GET /img/meetdr-melika.jpg HTTP/1.1" 200 75968 "http://www.superior-dentistry.com/" "Mozilla/5.0 (iPhone; CPU iPhone OS 9_3_5 like Mac OS X) AppleWebKit/601.1.46 (KHTML, like Gecko) Version/9.0 Mobile/13G36 Safari/601.1" "www.superior-dentistry.com"
73.132.60.225 - - [04/Sep/2016:06:05:41 -0700] "GET /img/slider3.jpg HTTP/1.1" 200 217901 "http://www.superior-dentistry.com/" "Mozilla/5.0 (iPhone; CPU iPhone OS 9_3_5 like Mac OS X) AppleWebKit/601.1.46 (KHTML, like Gecko) Version/9.0 Mobile/13G36 Safari/601.1" "www.superior-dentistry.com"
73.132.60.225 - - [04/Sep/2016:06:05:41 -0700] "GET /img/slider2.jpg HTTP/1.1" 200 345766 "http://www.superior-dentistry.com/" "Mozilla/5.0 (iPhone; CPU iPhone OS 9_3_5 like Mac OS X) AppleWebKit/601.1.46 (KHTML, like Gecko) Version/9.0 Mobile/13G36 Safari/601.1" "www.superior-dentistry.com"
73.132.60.225 - - [04/Sep/2016:06:17:18 -0700] "GET /img/extraction.jpg HTTP/1.1" 200 30135 "http://www.superior-dentistry.com/" "Mozilla/5.0 (iPhone; CPU iPhone OS 9_3_5 like Mac OS X) AppleWebKit/601.1.46 (KHTML, like Gecko) Version/9.0 Mobile/13G36 Safari/601.1" "www.superior-dentistry.com"
73.132.60.225 - - [04/Sep/2016:06:17:18 -0700] "GET /img/wisdom-teeth-extraction.jpg HTTP/1.1" 200 23758 "http://www.superior-dentistry.com/" "Mozilla/5.0 (iPhone; CPU iPhone OS 9_3_5 like Mac OS X) AppleWebKit/601.1.46 (KHTML, like Gecko) Version/9.0 Mobile/13G36 Safari/601.1" "www.superior-dentistry.com"
73.132.60.225 - - [04/Sep/2016:06:17:18 -0700] "GET /css/bootstrap-theme.css HTTP/1.1" 200 19156 "http://www.superior-dentistry.com/" "Mozilla/5.0 (iPhone; CPU iPhone OS 9_3_5 like Mac OS X) AppleWebKit/601.1.46 (KHTML, like Gecko) Version/9.0 Mobile/13G36 Safari/601.1" "www.superior-dentistry.com"
73.132.60.225 - - [04/Sep/2016:06:17:18 -0700] "GET /img/logo.jpg HTTP/1.1" 200 139628 "http://www.superior-dentistry.com/" "Mozilla/5.0 (iPhone; CPU iPhone OS 9_3_5 like Mac OS X) AppleWebKit/601.1.46 (KHTML, like Gecko) Version/9.0 Mobile/13G36 Safari/601.1" "www.superior-dentistry.com"
73.132.60.225 - - [04/Sep/2016:06:17:18 -0700] "GET /img/dental-implants.jpg HTTP/1.1" 200 22844 "http://www.superior-dentistry.com/" "Mozilla/5.0 (iPhone; CPU iPhone OS 9_3_5 like Mac OS X) AppleWebKit/601.1.46 (KHTML, like Gecko) Version/9.0 Mobile/13G36 Safari/601.1" "www.superior-dentistry.com"
73.132.60.225 - - [04/Sep/2016:06:17:18 -0700] "GET /css/bootstrap.css HTTP/1.1" 200 138415 "http://www.superior-dentistry.com/" "Mozilla/5.0 (iPhone; CPU iPhone OS 9_3_5 like Mac OS X) AppleWebKit/601.1.46 (KHTML, like Gecko) Version/9.0 Mobile/13G36 Safari/601.1" "www.superior-dentistry.com"
198.16.7.150 - - [04/Sep/2016:06:20:04 -0700] "GET / HTTP/1.1" 200 38900 "-" "FreeWebMonitoring SiteChecker/0.2 (+http://www.freewebmonitoring.com/bot.html)" "www.superior-dentistry.com"
119.81.39.111 - - [04/Sep/2016:06:21:10 -0700] "GET / HTTP/1.1" 200 38900 "-" "Mozilla/5.0 (Windows NT 6.1; WOW64; rv:22.0) Gecko/20100101 Firefox/22.0" "www.superior-dentistry.com"
69.250.43.52 - - [04/Sep/2016:07:42:37 -0700] "GET / HTTP/1.1" 200 38900 "http://r.search.yahoo.com/_ylt=AwrBT9C3MsxXslAAlePBGOd_;_ylu=X3oDMTByMjB0aG5zBGNvbG8DYmYxBHBvcwMxBHZ0aWQDBHNlYwNzYw--/RV=2/RE=1473028919/RO=10/RU=http%3a%2f%2fwww.superior-dentistry.com%2f/RK=0/RS=FUWsWF81Q4xoOLWXvXNESvTHzvM-" "Mozilla/5.0 (iPad; CPU OS 8_1_2 like Mac OS X) AppleWebKit/600.1.4 (KHTML, like Gecko) Version/8.0 Mobile/12B440 Safari/600.1.4" "www.superior-dentistry.com"
69.250.43.52 - - [04/Sep/2016:07:42:37 -0700] "GET /theme.css HTTP/1.1" 200 1926 "http://www.superior-dentistry.com/" "Mozilla/5.0 (iPad; CPU OS 8_1_2 like Mac OS X) AppleWebKit/600.1.4 (KHTML, like Gecko) Version/8.0 Mobile/12B440 Safari/600.1.4" "www.superior-dentistry.com"
69.250.43.52 - - [04/Sep/2016:07:42:37 -0700] "GET /css/bootstrap-theme.css HTTP/1.1" 200 19156 "http://www.superior-dentistry.com/" "Mozilla/5.0 (iPad; CPU OS 8_1_2 like Mac OS X) AppleWebKit/600.1.4 (KHTML, like Gecko) Version/8.0 Mobile/12B440 Safari/600.1.4" "www.superior-dentistry.com"
69.250.43.52 - - [04/Sep/2016:07:42:37 -0700] "GET /css/bootstrap.css HTTP/1.1" 200 138415 "http://www.superior-dentistry.com/" "Mozilla/5.0 (iPad; CPU OS 8_1_2 like Mac OS X) AppleWebKit/600.1.4 (KHTML, like Gecko) Version/8.0 Mobile/12B440 Safari/600.1.4" "www.superior-dentistry.com"
69.250.43.52 - - [04/Sep/2016:07:42:37 -0700] "GET /css/font-awesome.css HTTP/1.1" 200 28747 "http://www.superior-dentistry.com/" "Mozilla/5.0 (iPad; CPU OS 8_1_2 like Mac OS X) AppleWebKit/600.1.4 (KHTML, like Gecko) Version/8.0 Mobile/12B440 Safari/600.1.4" "www.superior-dentistry.com"
69.250.43.52 - - [04/Sep/2016:07:42:37 -0700] "GET /js/bootstrap.min.js HTTP/1.1" 200 35601 "http://www.superior-dentistry.com/" "Mozilla/5.0 (iPad; CPU OS 8_1_2 like Mac OS X) AppleWebKit/600.1.4 (KHTML, like Gecko) Version/8.0 Mobile/12B440 Safari/600.1.4" "www.superior-dentistry.com"
69.250.43.52 - - [04/Sep/2016:07:42:37 -0700] "GET /js/docs.min.js HTTP/1.1" 200 43299 "http://www.superior-dentistry.com/" "Mozilla/5.0 (iPad; CPU OS 8_1_2 like Mac OS X) AppleWebKit/600.1.4 (KHTML, like Gecko) Version/8.0 Mobile/12B440 Safari/600.1.4" "www.superior-dentistry.com"
69.250.43.52 - - [04/Sep/2016:07:42:37 -0700] "GET /img/logo.jpg HTTP/1.1" 200 139628 "http://www.superior-dentistry.com/" "Mozilla/5.0 (iPad; CPU OS 8_1_2 like Mac OS X) AppleWebKit/600.1.4 (KHTML, like Gecko) Version/8.0 Mobile/12B440 Safari/600.1.4" "www.superior-dentistry.com"
69.250.43.52 - - [04/Sep/2016:07:42:37 -0700] "GET /js/ie-emulation-modes-warning.js HTTP/1.1" 200 2132 "http://www.superior-dentistry.com/" "Mozilla/5.0 (iPad; CPU OS 8_1_2 like Mac OS X) AppleWebKit/600.1.4 (KHTML, like Gecko) Version/8.0 Mobile/12B440 Safari/600.1.4" "www.superior-dentistry.com"
69.250.43.52 - - [04/Sep/2016:07:42:37 -0700] "GET /img/wisdom-teeth-extraction.jpg HTTP/1.1" 200 23758 "http://www.superior-dentistry.com/" "Mozilla/5.0 (iPad; CPU OS 8_1_2 like Mac OS X) AppleWebKit/600.1.4 (KHTML, like Gecko) Version/8.0 Mobile/12B440 Safari/600.1.4" "www.superior-dentistry.com"
69.250.43.52 - - [04/Sep/2016:07:42:37 -0700] "GET /img/offer-31-05-2014-new-patient.jpg HTTP/1.1" 200 15365 "http://www.superior-dentistry.com/" "Mozilla/5.0 (iPad; CPU OS 8_1_2 like Mac OS X) AppleWebKit/600.1.4 (KHTML, like Gecko) Version/8.0 Mobile/12B440 Safari/600.1.4" "www.superior-dentistry.com"
69.250.43.52 - - [04/Sep/2016:07:42:37 -0700] "GET /img/extraction.jpg HTTP/1.1" 200 30135 "http://www.superior-dentistry.com/" "Mozilla/5.0 (iPad; CPU OS 8_1_2 like Mac OS X) AppleWebKit/600.1.4 (KHTML, like Gecko) Version/8.0 Mobile/12B440 Safari/600.1.4" "www.superior-dentistry.com"
69.250.43.52 - - [04/Sep/2016:07:42:37 -0700] "GET /img/oral-pathology.jpg HTTP/1.1" 200 33395 "http://www.superior-dentistry.com/" "Mozilla/5.0 (iPad; CPU OS 8_1_2 like Mac OS X) AppleWebKit/600.1.4 (KHTML, like Gecko) Version/8.0 Mobile/12B440 Safari/600.1.4" "www.superior-dentistry.com"
69.250.43.52 - - [04/Sep/2016:07:42:37 -0700] "GET /img/patients-choice-winner-2015.png HTTP/1.1" 200 9818 "http://www.superior-dentistry.com/" "Mozilla/5.0 (iPad; CPU OS 8_1_2 like Mac OS X) AppleWebKit/600.1.4 (KHTML, like Gecko) Version/8.0 Mobile/12B440 Safari/600.1.4" "www.superior-dentistry.com"
69.250.43.52 - - [04/Sep/2016:07:42:37 -0700] "GET /img/slider2.jpg HTTP/1.1" 200 345766 "http://www.superior-dentistry.com/" "Mozilla/5.0 (iPad; CPU OS 8_1_2 like Mac OS X) AppleWebKit/600.1.4 (KHTML, like Gecko) Version/8.0 Mobile/12B440 Safari/600.1.4" "www.superior-dentistry.com"
69.250.43.52 - - [04/Sep/2016:07:42:38 -0700] "GET /img/zocdoc-apt.jpg HTTP/1.1" 200 79396 "http://www.superior-dentistry.com/" "Mozilla/5.0 (iPad; CPU OS 8_1_2 like Mac OS X) AppleWebKit/600.1.4 (KHTML, like Gecko) Version/8.0 Mobile/12B440 Safari/600.1.4" "www.superior-dentistry.com"
109.166.213.55 - - [04/Sep/2016:07:48:24 -0700] "GET / HTTP/1.1" 200 38900 "-" "Mozilla/5.0 (Windows NT 10.0; Win64; x64; rv:48.0) Gecko/20100101 Firefox/48.0" "www.superior-dentistry.com"
151.80.31.159 - - [04/Sep/2016:08:00:47 -0700] "GET /robots.txt HTTP/1.1" 200 49 "-" "Mozilla/5.0 (compatible; AhrefsBot/5.1; +http://ahrefs.com/robot/)" "superior-dentistry.com"[0]
164.132.161.51 - - [04/Sep/2016:08:00:48 -0700] "GET / HTTP/1.1" 200 38900 "-" "Mozilla/5.0 (compatible; AhrefsBot/5.1; +http://ahrefs.com/robot/)" "superior-dentistry.com"
178.137.17.180 - - [04/Sep/2016:08:13:36 -0700] "GET / HTTP/1.1" 200 38900 "http://isistaylorporn.info/" "Mozilla/0.91 Beta (Windows)" "www.superior-dentistry.com"
178.137.17.180 - - [04/Sep/2016:08:13:37 -0700] "GET / HTTP/1.1" 200 38900 "http://isistaylorporn.info/" "Mozilla/0.91 Beta (Windows)" "www.superior-dentistry.com"
178.137.17.180 - - [04/Sep/2016:08:13:37 -0700] "GET / HTTP/1.1" 200 38900 "http://zakon-ob-obrazovanii.ru/" "Mozilla/4.79 [en] (Windows NT 5.0; U)" "www.superior-dentistry.com"
178.137.17.180 - - [04/Sep/2016:08:13:38 -0700] "GET / HTTP/1.1" 200 38900 "http://isistaylorporn.info/" "Mozilla/0.91 Beta (Windows)" "www.superior-dentistry.com"
178.137.17.180 - - [04/Sep/2016:08:13:38 -0700] "GET / HTTP/1.1" 200 38900 "http://zakon-ob-obrazovanii.ru/" "Mozilla/4.79 [en] (Windows NT 5.0; U)" "www.superior-dentistry.com"
198.16.7.150 - - [04/Sep/2016:08:21:57 -0700] "GET / HTTP/1.1" 200 38900 "-" "FreeWebMonitoring SiteChecker/0.2 (+http://www.freewebmonitoring.com/bot.html)" "www.superior-dentistry.com"
93.33.166.229 - - [04/Sep/2016:08:53:57 -0700] "GET /wp-login.php HTTP/1.1" 200 73 "-" "Mozilla/5.0 (Windows NT 6.1; WOW64; rv:40.0) Gecko/20100101 Firefox/40.1" "www.superior-dentistry.com"
220.181.51.102 - - [04/Sep/2016:09:21:32 -0700] "GET /robots.txt HTTP/1.1" 200 49 "-" "Mozilla/5.0 (Windows NT 10.0; WOW64) AppleWebKit/537.36 (KHTML, like Gecko) Chrome/45.0.2454.93 Safari/537.36" "www.superior-dentistry.com"
198.16.7.150 - - [04/Sep/2016:09:23:27 -0700] "GET / HTTP/1.1" 200 38900 "-" "FreeWebMonitoring SiteChecker/0.2 (+http://www.freewebmonitoring.com/bot.html)" "www.superior-dentistry.com"
46.118.238.134 - - [04/Sep/2016:09:37:09 -0700] "GET / HTTP/1.1" 200 38900 "http://www.regionshop.biz/" "Mozilla/4.0 (compatible; MSIE 5.5; Windows NT 5.0; .NET CLR 1.1.4322)" "www.superior-dentistry.com"
46.118.238.134 - - [04/Sep/2016:09:37:10 -0700] "GET / HTTP/1.1" 200 38900 "http://www.regionshop.biz/" "Mozilla/4.0 (compatible; MSIE 5.5; Windows NT 5.0; .NET CLR 1.1.4322)" "www.superior-dentistry.com"
46.118.238.134 - - [04/Sep/2016:09:37:10 -0700] "GET / HTTP/1.1" 200 38900 "http://www.regionshop.biz/" "Mozilla/4.0 (compatible; MSIE 5.5; Windows NT 5.0; .NET CLR 1.1.4322)" "www.superior-dentistry.com"
65.36.241.48 - - [04/Sep/2016:10:04:16 -0700] "HEAD / HTTP/1.1" 200 0 "-" "InternetSeer.com" "www.superior-dentistry.com"
109.166.213.55 - - [04/Sep/2016:10:19:34 -0700] "GET / HTTP/1.1" 200 38900 "-" "Mozilla/5.0 (Windows NT 10.0; Win64; x64; rv:48.0) Gecko/20100101 Firefox/48.0" "www.superior-dentistry.com"
109.166.213.55 - - [04/Sep/2016:10:19:35 -0700] "GET / HTTP/1.1" 200 38900 "-" "Mozilla/5.0 (Windows NT 10.0; Win64; x64; rv:48.0) Gecko/20100101 Firefox/48.0" "www.superior-dentistry.com"
109.166.213.55 - - [04/Sep/2016:10:19:35 -0700] "GET /robots.txt HTTP/1.1" 200 49 "-" "Mozilla/5.0 (Windows NT 10.0; Win64; x64; rv:48.0) Gecko/20100101 Firefox/48.0" "www.superior-dentistry.com"
178.32.127.112 - - [04/Sep/2016:10:40:55 -0700] "GET / HTTP/1.1" 200 38900 "-" "Mozilla/5.0 (Windows NT 10.0; Win64; x64; rv:48.0) Gecko/20100101 Firefox/48.0" "www.superior-dentistry.com"
178.32.127.112 - - [04/Sep/2016:10:40:56 -0700] "GET /robots.txt HTTP/1.1" 200 49 "-" "Mozilla/5.0 (Windows NT 10.0; Win64; x64; rv:48.0) Gecko/20100101 Firefox/48.0" "www.superior-dentistry.com"
207.46.13.142 - - [04/Sep/2016:10:45:27 -0700] "GET /robots.txt HTTP/1.1" 200 49 "-" "Mozilla/5.0 (compatible; bingbot/2.0; +http://www.bing.com/bingbot.htm)" "www.superior-dentistry.com"
45.79.95.64 - - [04/Sep/2016:11:22:38 -0700] "GET /robots.txt HTTP/1.1" 200 49 "http://uptime.com/superior-dentistry.com" "Mozilla/5.0 (compatible; Uptimebot/1.0; +http://www.uptime.com/uptimebot)" "superior-dentistry.com"
45.79.95.64 - - [04/Sep/2016:11:22:39 -0700] "HEAD / HTTP/1.1" 200 0 "http://uptime.com/superior-dentistry.com" "Mozilla/5.0 (compatible; Uptimebot/1.0; +http://www.uptime.com/uptimebot)" "superior-dentistry.com"
198.16.7.150 - - [04/Sep/2016:11:24:51 -0700] "GET / HTTP/1.1" 200 38900 "-" "FreeWebMonitoring SiteChecker/0.2 (+http://www.freewebmonitoring.com/bot.html)" "www.superior-dentistry.com"
220.181.108.173 - - [04/Sep/2016:12:16:53 -0700] "GET /Bowie-Dentists/Childrens-Dentistry-Maryland.html HTTP/1.1" 200 28854 "-" "Mozilla/5.0 (compatible; Baiduspider/2.0; +http://www.baidu.com/search/spider.html)" "www.superior-dentistry.com"
54.243.143.134 - - [04/Sep/2016:12:18:13 -0700] "HEAD /Dental-LinkExchange.html HTTP/1.1" 200 0 "-" "Mozilla/5.0 (Windows; U; Windows NT 5.1; en-US; rv:1.7.5) Gecko/20041107 Firefox/1.0" "superior-dentistry.com"
54.243.143.134 - - [04/Sep/2016:12:18:13 -0700] "GET /robots.txt HTTP/1.1" 200 49 "-" "Mozilla/5.0 (compatible; MSIE 9.0; Windows NT 6.1; WOW64; Trident/5.0)" "superior-dentistry.com"
54.243.143.134 - - [04/Sep/2016:12:18:13 -0700] "GET /Dental-LinkExchange.html HTTP/1.1" 200 24959 "-" "Mozilla/5.0 (Windows; U; Windows NT 5.1; en-US; rv:1.7.5) Gecko/20041107 Firefox/1.0" "superior-dentistry.com"
54.242.164.91 - - [04/Sep/2016:12:44:45 -0700] "GET / HTTP/1.1" 200 38900 "-" "Mozilla/5.0 (X11; Linux x86_64)AppleWebKit/537.36 (KHTML, like Gecko)Chrome/43.0.2357.134 Safari/537.36http://notifyninja.com/monitoring" "superior-dentistry.com"
121.54.42.104 - - [04/Sep/2016:12:58:33 -0700] "GET /img/night-guard.jpg HTTP/1.1" 200 106940 "-" "Mozilla/5.0 (Windows NT 6.3; WOW64; rv:47.0) Gecko/20100101 Firefox/47.0" "www.superior-dentistry.com"
70.208.144.53 - - [04/Sep/2016:13:03:58 -0700] "GET / HTTP/1.1" 200 38900 "http://www.google.com/" "Mozilla/5.0 (Linux; Android 6.0.1; SM-G935V Build/MMB29M) AppleWebKit/537.36 (KHTML, like Gecko) Chrome/52.0.2743.98 Mobile Safari/537.36" "www.superior-dentistry.com"
70.208.144.53 - - [04/Sep/2016:13:03:58 -0700] "GET /theme.css HTTP/1.1" 200 1926 "http://www.superior-dentistry.com/" "Mozilla/5.0 (Linux; Android 6.0.1; SM-G935V Build/MMB29M) AppleWebKit/537.36 (KHTML, like Gecko) Chrome/52.0.2743.98 Mobile Safari/537.36" "www.superior-dentistry.com"
70.208.144.53 - - [04/Sep/2016:13:03:58 -0700] "GET /css/bootstrap-theme.css HTTP/1.1" 200 19156 "http://www.superior-dentistry.com/" "Mozilla/5.0 (Linux; Android 6.0.1; SM-G935V Build/MMB29M) AppleWebKit/537.36 (KHTML, like Gecko) Chrome/52.0.2743.98 Mobile Safari/537.36" "www.superior-dentistry.com"
70.208.144.53 - - [04/Sep/2016:13:03:58 -0700] "GET /js/ie-emulation-modes-warning.js HTTP/1.1" 200 2132 "http://www.superior-dentistry.com/" "Mozilla/5.0 (Linux; Android 6.0.1; SM-G935V Build/MMB29M) AppleWebKit/537.36 (KHTML, like Gecko) Chrome/52.0.2743.98 Mobile Safari/537.36" "www.superior-dentistry.com"
70.208.144.53 - - [04/Sep/2016:13:03:58 -0700] "GET /css/font-awesome.css HTTP/1.1" 200 28747 "http://www.superior-dentistry.com/" "Mozilla/5.0 (Linux; Android 6.0.1; SM-G935V Build/MMB29M) AppleWebKit/537.36 (KHTML, like Gecko) Chrome/52.0.2743.98 Mobile Safari/537.36" "www.superior-dentistry.com"
70.208.144.53 - - [04/Sep/2016:13:03:58 -0700] "GET /js/ie10-viewport-bug-workaround.js HTTP/1.1" 200 694 "http://www.superior-dentistry.com/" "Mozilla/5.0 (Linux; Android 6.0.1; SM-G935V Build/MMB29M) AppleWebKit/537.36 (KHTML, like Gecko) Chrome/52.0.2743.98 Mobile Safari/537.36" "www.superior-dentistry.com"
70.208.144.53 - - [04/Sep/2016:13:03:58 -0700] "GET /js/docs.min.js HTTP/1.1" 200 43299 "http://www.superior-dentistry.com/" "Mozilla/5.0 (Linux; Android 6.0.1; SM-G935V Build/MMB29M) AppleWebKit/537.36 (KHTML, like Gecko) Chrome/52.0.2743.98 Mobile Safari/537.36" "www.superior-dentistry.com"
70.208.144.53 - - [04/Sep/2016:13:03:58 -0700] "GET /css/bootstrap.css HTTP/1.1" 200 138415 "http://www.superior-dentistry.com/" "Mozilla/5.0 (Linux; Android 6.0.1; SM-G935V Build/MMB29M) AppleWebKit/537.36 (KHTML, like Gecko) Chrome/52.0.2743.98 Mobile Safari/537.36" "www.superior-dentistry.com"
70.208.144.53 - - [04/Sep/2016:13:03:58 -0700] "GET /js/bootstrap.min.js HTTP/1.1" 200 35601 "http://www.superior-dentistry.com/" "Mozilla/5.0 (Linux; Android 6.0.1; SM-G935V Build/MMB29M) AppleWebKit/537.36 (KHTML, like Gecko) Chrome/52.0.2743.98 Mobile Safari/537.36" "www.superior-dentistry.com"
70.208.144.53 - - [04/Sep/2016:13:03:59 -0700] "GET /img/extraction.jpg HTTP/1.1" 200 30135 "http://www.superior-dentistry.com/" "Mozilla/5.0 (Linux; Android 6.0.1; SM-G935V Build/MMB29M) AppleWebKit/537.36 (KHTML, like Gecko) Chrome/52.0.2743.98 Mobile Safari/537.36" "www.superior-dentistry.com"
70.208.144.53 - - [04/Sep/2016:13:03:59 -0700] "GET /img/wisdom-teeth-extraction.jpg HTTP/1.1" 200 23758 "http://www.superior-dentistry.com/" "Mozilla/5.0 (Linux; Android 6.0.1; SM-G935V Build/MMB29M) AppleWebKit/537.36 (KHTML, like Gecko) Chrome/52.0.2743.98 Mobile Safari/537.36" "www.superior-dentistry.com"
70.208.144.53 - - [04/Sep/2016:13:03:59 -0700] "GET /img/dental-implants.jpg HTTP/1.1" 200 22844 "http://www.superior-dentistry.com/" "Mozilla/5.0 (Linux; Android 6.0.1; SM-G935V Build/MMB29M) AppleWebKit/537.36 (KHTML, like Gecko) Chrome/52.0.2743.98 Mobile Safari/537.36" "www.superior-dentistry.com"
70.208.144.53 - - [04/Sep/2016:13:03:59 -0700] "GET /img/logo.jpg HTTP/1.1" 200 139628 "http://www.superior-dentistry.com/" "Mozilla/5.0 (Linux; Android 6.0.1; SM-G935V Build/MMB29M) AppleWebKit/537.36 (KHTML, like Gecko) Chrome/52.0.2743.98 Mobile Safari/537.36" "www.superior-dentistry.com"
70.208.144.53 - - [04/Sep/2016:13:03:59 -0700] "GET /img/oral-pathology.jpg HTTP/1.1" 200 33395 "http://www.superior-dentistry.com/" "Mozilla/5.0 (Linux; Android 6.0.1; SM-G935V Build/MMB29M) AppleWebKit/537.36 (KHTML, like Gecko) Chrome/52.0.2743.98 Mobile Safari/537.36" "www.superior-dentistry.com"
70.208.144.53 - - [04/Sep/2016:13:03:59 -0700] "GET /img/tmj-trauma.jpg HTTP/1.1" 200 22488 "http://www.superior-dentistry.com/" "Mozilla/5.0 (Linux; Android 6.0.1; SM-G935V Build/MMB29M) AppleWebKit/537.36 (KHTML, like Gecko) Chrome/52.0.2743.98 Mobile Safari/537.36" "www.superior-dentistry.com"
70.208.144.53 - - [04/Sep/2016:13:03:59 -0700] "GET /fonts/fontawesome-webfont.woff2?v=4.3.0 HTTP/1.1" 200 56780 "http://www.superior-dentistry.com/css/font-awesome.css" "Mozilla/5.0 (Linux; Android 6.0.1; SM-G935V Build/MMB29M) AppleWebKit/537.36 (KHTML, like Gecko) Chrome/52.0.2743.98 Mobile Safari/537.36" "www.superior-dentistry.com"
70.208.144.53 - - [04/Sep/2016:13:03:59 -0700] "GET /img/slider1.jpg HTTP/1.1" 200 268888 "http://www.superior-dentistry.com/" "Mozilla/5.0 (Linux; Android 6.0.1; SM-G935V Build/MMB29M) AppleWebKit/537.36 (KHTML, like Gecko) Chrome/52.0.2743.98 Mobile Safari/537.36" "www.superior-dentistry.com"
70.208.144.53 - - [04/Sep/2016:13:03:59 -0700] "GET /img/slider2.jpg HTTP/1.1" 200 345766 "http://www.superior-dentistry.com/" "Mozilla/5.0 (Linux; Android 6.0.1; SM-G935V Build/MMB29M) AppleWebKit/537.36 (KHTML, like Gecko) Chrome/52.0.2743.98 Mobile Safari/537.36" "www.superior-dentistry.com"
70.208.144.53 - - [04/Sep/2016:13:03:59 -0700] "GET /img/slider3.jpg HTTP/1.1" 200 217901 "http://www.superior-dentistry.com/" "Mozilla/5.0 (Linux; Android 6.0.1; SM-G935V Build/MMB29M) AppleWebKit/537.36 (KHTML, like Gecko) Chrome/52.0.2743.98 Mobile Safari/537.36" "www.superior-dentistry.com"
70.208.144.53 - - [04/Sep/2016:13:03:59 -0700] "GET /img/meetdr-ali.jpg HTTP/1.1" 200 60533 "http://www.superior-dentistry.com/" "Mozilla/5.0 (Linux; Android 6.0.1; SM-G935V Build/MMB29M) AppleWebKit/537.36 (KHTML, like Gecko) Chrome/52.0.2743.98 Mobile Safari/537.36" "www.superior-dentistry.com"
70.208.144.53 - - [04/Sep/2016:13:03:59 -0700] "GET /img/patients-choice-winner-2015.png HTTP/1.1" 200 9818 "http://www.superior-dentistry.com/" "Mozilla/5.0 (Linux; Android 6.0.1; SM-G935V Build/MMB29M) AppleWebKit/537.36 (KHTML, like Gecko) Chrome/52.0.2743.98 Mobile Safari/537.36" "www.superior-dentistry.com"[0]
70.208.144.53 - - [04/Sep/2016:13:03:59 -0700] "GET /img/offer-31-05-2014-sonicare-brush.jpg HTTP/1.1" 200 13165 "http://www.superior-dentistry.com/" "Mozilla/5.0 (Linux; Android 6.0.1; SM-G935V Build/MMB29M) AppleWebKit/537.36 (KHTML, like Gecko) Chrome/52.0.2743.98 Mobile Safari/537.36" "www.superior-dentistry.com"
70.208.144.53 - - [04/Sep/2016:13:03:59 -0700] "GET /img/offer-31-05-2014-new-patient.jpg HTTP/1.1" 200 15365 "http://www.superior-dentistry.com/" "Mozilla/5.0 (Linux; Android 6.0.1; SM-G935V Build/MMB29M) AppleWebKit/537.36 (KHTML, like Gecko) Chrome/52.0.2743.98 Mobile Safari/537.36" "www.superior-dentistry.com"
70.208.144.53 - - [04/Sep/2016:13:03:59 -0700] "GET /img/offer-31-05-2014-whitening.jpg HTTP/1.1" 200 15686 "http://www.superior-dentistry.com/" "Mozilla/5.0 (Linux; Android 6.0.1; SM-G935V Build/MMB29M) AppleWebKit/537.36 (KHTML, like Gecko) Chrome/52.0.2743.98 Mobile Safari/537.36" "www.superior-dentistry.com"
70.208.144.53 - - [04/Sep/2016:13:03:59 -0700] "GET /img/zocdoc-apt.jpg HTTP/1.1" 200 79396 "http://www.superior-dentistry.com/" "Mozilla/5.0 (Linux; Android 6.0.1; SM-G935V Build/MMB29M) AppleWebKit/537.36 (KHTML, like Gecko) Chrome/52.0.2743.98 Mobile Safari/537.36" "www.superior-dentistry.com"
70.208.144.53 - - [04/Sep/2016:13:03:59 -0700] "GET /img/meetdr-melika.jpg HTTP/1.1" 200 75968 "http://www.superior-dentistry.com/" "Mozilla/5.0 (Linux; Android 6.0.1; SM-G935V Build/MMB29M) AppleWebKit/537.36 (KHTML, like Gecko) Chrome/52.0.2743.98 Mobile Safari/537.36" "www.superior-dentistry.com"
198.16.7.150 - - [04/Sep/2016:13:27:30 -0700] "GET / HTTP/1.1" 200 38900 "-" "FreeWebMonitoring SiteChecker/0.2 (+http://www.freewebmonitoring.com/bot.html)" "www.superior-dentistry.com"
66.249.69.62 - - [04/Sep/2016:13:34:53 -0700] "GET /Bowie-Dentists/Periodontal-Therapy-Maryland.html HTTP/1.1" 404 89 "-" "Mozilla/5.0 (compatible; Googlebot/2.1; +http://www.google.com/bot.html)" "www.superior-dentistry.com"
54.242.164.91 - - [04/Sep/2016:13:45:29 -0700] "GET / HTTP/1.1" 200 38900 "-" "Mozilla/5.0 (X11; Linux x86_64)AppleWebKit/537.36 (KHTML, like Gecko)Chrome/43.0.2357.134 Safari/537.36http://notifyninja.com/monitoring" "superior-dentistry.com"
198.16.7.150 - - [04/Sep/2016:14:28:07 -0700] "GET / HTTP/1.1" 200 38900 "-" "FreeWebMonitoring SiteChecker/0.2 (+http://www.freewebmonitoring.com/bot.html)" "www.superior-dentistry.com"
182.118.21.207 - - [04/Sep/2016:14:39:38 -0700] "GET / HTTP/1.1" 200 38900 "http://www.superior-dentistry.com/" "Mozilla/5.0 (compatible; MSIE 9.0; Windows NT 6.1; Trident/5.0); 360Spider(compatible; HaosouSpider; http://www.haosou.com/help/help_3_2.html)" "www.superior-dentistry.com"
54.242.164.91 - - [04/Sep/2016:14:45:48 -0700] "GET / HTTP/1.1" 200 38900 "-" "Mozilla/5.0 (X11; Linux x86_64)AppleWebKit/537.36 (KHTML, like Gecko)Chrome/43.0.2357.134 Safari/537.36http://notifyninja.com/monitoring" "superior-dentistry.com"
172.242.218.63 - - [04/Sep/2016:15:32:03 -0700] "GET /img/dental-implants.jpg HTTP/1.1" 200 22844 "https://www.google.com/" "Mozilla/5.0 (Windows NT 6.0) AppleWebKit/537.36 (KHTML, like Gecko) Chrome/49.0.2623.112 Safari/537.36" "www.superior-dentistry.com"
46.119.115.59 - - [04/Sep/2016:15:46:37 -0700] "GET / HTTP/1.1" 200 38900 "http://www.absolute-s.ru/" "Mozilla/4.0 (compatible; MSIE 5.0; Windows 2000) Opera 6.0 [en]" "www.superior-dentistry.com"
62.210.97.48 - - [04/Sep/2016:15:54:05 -0700] "GET /robots.txt HTTP/1.1" 200 49 "-" "Mozilla/5.0 (compatible; MJ12bot/v1.4.5; http://www.majestic12.co.uk/bot.php?+)" "www.superior-dentistry.com"
62.210.97.48 - - [04/Sep/2016:15:54:07 -0700] "GET /%E2%80%9Dhttp://www.nicedentist.com HTTP/1.1" 404 89 "-" "Mozilla/5.0 (compatible; MJ12bot/v1.4.5; http://www.majestic12.co.uk/bot.php?+)" "www.superior-dentistry.com"
198.16.7.150 - - [04/Sep/2016:16:30:26 -0700] "GET / HTTP/1.1" 200 38900 "-" "FreeWebMonitoring SiteChecker/0.2 (+http://www.freewebmonitoring.com/bot.html)" "www.superior-dentistry.com"
83.149.126.98 - - [04/Sep/2016:16:45:38 -0700] "GET /robots.txt HTTP/1.1" 200 49 "-" "Mozilla/5.0 (compatible; MJ12bot/v1.4.5; http://www.majestic12.co.uk/bot.php?+)" "superior-dentistry.com"
